/home/nathan/cbl/src/linux-next/arch/arm/mach-omap2/omap_hwmod.c:1723:3: warning: result of comparison of constant 2000 with expression of type 'u8' (aka 'unsigned char') is always false [-Wtautological-constant-out-of-range-compare]
                udelay(oh->class->sysc->srst_udelay);
                ^~~~~~~~~~~~~~~~~~~~~~~~~~~~~~~~~~~~
/home/nathan/cbl/src/linux-next/arch/arm/include/asm/delay.h:84:9: note: expanded from macro 'udelay'
          ((n) > (MAX_UDELAY_MS * 1000) ? __bad_udelay() :              \
           ~~~ ^ ~~~~~~~~~~~~~~~~~~~~~~
1 warning generated.
/home/nathan/cbl/src/linux-next/arch/arm/mach-omap2/wd_timer.c:89:3: warning: result of comparison of constant 2000 with expression of type 'u8' (aka 'unsigned char') is always false [-Wtautological-constant-out-of-range-compare]
                udelay(oh->class->sysc->srst_udelay);
                ^~~~~~~~~~~~~~~~~~~~~~~~~~~~~~~~~~~~
/home/nathan/cbl/src/linux-next/arch/arm/include/asm/delay.h:84:9: note: expanded from macro 'udelay'
          ((n) > (MAX_UDELAY_MS * 1000) ? __bad_udelay() :              \
           ~~~ ^ ~~~~~~~~~~~~~~~~~~~~~~
1 warning generated.
/home/nathan/cbl/src/linux-next/drivers/md/dm-integrity.c:4159:12: warning: result of comparison of constant 17179869180 with expression of type 'unsigned int' is always false [-Wtautological-constant-out-of-range-compare]
                        if (val >= (uint64_t)UINT_MAX * 1000 / HZ) {
                            ~~~ ^  ~~~~~~~~~~~~~~~~~~~~~~~~~~~~~~
1 warning generated.

[01;32mQEMU location: [0m/usr/sbin[0m

[01;32mQEMU version: [0mQEMU emulator version 8.0.3[0m
[    0.000000] Booting Linux on physical CPU 0x0
[    0.000000] Linux version 6.5.0-rc5-next-20230809-ARCH-cbl (nathan@dev-arch.m3-large-x86-01) (ClangBuiltLinux clang version 12.0.1 (https://github.com/llvm/llvm-project fed41342a82f5a3a9201819a82bf7a48313e296b), ClangBuiltLinux LLD 12.0.1 (https://github.com/llvm/llvm-project fed41342a82f5a3a9201819a82bf7a48313e296b)) #1 SMP PREEMPT Sat Aug 12 12:49:47 UTC 2023
[    0.000000] CPU: ARMv7 Processor [414fc0f0] revision 0 (ARMv7), cr=10c5387d
[    0.000000] CPU: div instructions available: patching division code
[    0.000000] CPU: PIPT / VIPT nonaliasing data cache, PIPT instruction cache
[    0.000000] OF: fdt: Machine model: linux,dummy-virt
[    0.000000] random: crng init done
[    0.000000] earlycon: pl11 at MMIO 0x09000000 (options '')
[    0.000000] printk: bootconsole [pl11] enabled
[    0.000000] Memory policy: Data cache writealloc
[    0.000000] efi: UEFI not found.
[    0.000000] cma: Reserved 64 MiB at 0x5c000000 on node -1
[    0.000000] Zone ranges:
[    0.000000]   DMA      [mem 0x0000000040000000-0x000000005fffffff]
[    0.000000]   Normal   empty
[    0.000000]   HighMem  empty
[    0.000000] Movable zone start for each node
[    0.000000] Early memory node ranges
[    0.000000]   node   0: [mem 0x0000000040000000-0x000000005fffffff]
[    0.000000] Initmem setup node 0 [mem 0x0000000040000000-0x000000005fffffff]
[    0.000000] psci: probing for conduit method from DT.
[    0.000000] psci: PSCIv1.1 detected in firmware.
[    0.000000] psci: Using standard PSCI v0.2 function IDs
[    0.000000] psci: Trusted OS migration not required
[    0.000000] psci: SMC Calling Convention v1.0
[    0.000000] percpu: Embedded 14 pages/cpu s27028 r8192 d22124 u57344
[    0.000000] Kernel command line: console=ttyAMA0 earlycon
[    0.000000] Dentry cache hash table entries: 65536 (order: 6, 262144 bytes, linear)
[    0.000000] Inode-cache hash table entries: 32768 (order: 5, 131072 bytes, linear)
[    0.000000] Built 1 zonelists, mobility grouping on.  Total pages: 129920
[    0.000000] mem auto-init: stack:off, heap alloc:on, heap free:off
[    0.000000] Memory: 419544K/524288K available (17408K kernel code, 1876K rwdata, 6340K rodata, 2048K init, 614K bss, 39208K reserved, 65536K cma-reserved, 0K highmem)
[    0.000000] SLUB: HWalign=64, Order=0-3, MinObjects=0, CPUs=1, Nodes=1
[    0.000000] rcu: Preemptible hierarchical RCU implementation.
[    0.000000] rcu: 	RCU restricting CPUs from NR_CPUS=8 to nr_cpu_ids=1.
[    0.000000] 	Trampoline variant of Tasks RCU enabled.
[    0.000000] 	Tracing variant of Tasks RCU enabled.
[    0.000000] rcu: RCU calculated value of scheduler-enlistment delay is 25 jiffies.
[    0.000000] rcu: Adjusting geometry for rcu_fanout_leaf=16, nr_cpu_ids=1
[    0.000000] NR_IRQS: 16, nr_irqs: 16, preallocated irqs: 16
[    0.000000] rcu: srcu_init: Setting srcu_struct sizes based on contention.
[    0.000000] arch_timer: cp15 timer(s) running at 62.50MHz (virt).
[    0.000000] clocksource: arch_sys_counter: mask: 0x1ffffffffffffff max_cycles: 0x1cd42e208c, max_idle_ns: 881590405314 ns
[    0.000128] sched_clock: 57 bits at 63MHz, resolution 16ns, wraps every 4398046511096ns
[    0.000376] Switching to timer-based delay loop, resolution 16ns
[    0.008768] Console: colour dummy device 80x30
[    0.010627] Calibrating delay loop (skipped), value calculated using timer frequency.. 125.00 BogoMIPS (lpj=250000)
[    0.010919] CPU: Testing write buffer coherency: ok
[    0.012549] CPU0: Spectre v2: firmware did not set auxiliary control register IBE bit, system vulnerable
[    0.012791] CPU0: Spectre BHB: enabling loop workaround for all CPUs
[    0.012960] pid_max: default: 32768 minimum: 301
[    0.014746] LSM: initializing lsm=capability,smack,integrity
[    0.015690] Smack:  Initializing.
[    0.015753] Smack:  IPv6 port labeling enabled.
[    0.018880] Mount-cache hash table entries: 1024 (order: 0, 4096 bytes, linear)
[    0.019037] Mountpoint-cache hash table entries: 1024 (order: 0, 4096 bytes, linear)
[    0.043200] /cpus/cpu@0 missing clock-frequency property
[    0.043711] CPU0: thread -1, cpu 0, socket 0, mpidr 80000000
[    0.054222] RCU Tasks: Setting shift to 0 and lim to 1 rcu_task_cb_adjust=1.
[    0.054859] RCU Tasks Trace: Setting shift to 0 and lim to 1 rcu_task_cb_adjust=1.
[    0.055389] Setting up static identity map for 0x40300000 - 0x403000ac
[    0.057697] rcu: Hierarchical SRCU implementation.
[    0.057838] rcu: 	Max phase no-delay instances is 1000.
[    0.061929] EFI services will not be available.
[    0.063125] smp: Bringing up secondary CPUs ...
[    0.063993] smp: Brought up 1 node, 1 CPU
[    0.064123] SMP: Total of 1 processors activated (125.00 BogoMIPS).
[    0.064258] CPU: All CPU(s) started in SVC mode.
[    0.078176] devtmpfs: initialized
[    0.087600] VFP support v0.3: implementor 41 architecture 4 part 30 variant f rev 0
[    0.112164] clocksource: jiffies: mask: 0xffffffff max_cycles: 0xffffffff, max_idle_ns: 7645041785100000 ns
[    0.112933] futex hash table entries: 256 (order: 2, 16384 bytes, linear)
[    0.126114] pinctrl core: initialized pinctrl subsystem
[    0.156884] NET: Registered PF_NETLINK/PF_ROUTE protocol family
[    0.182799] DMA: preallocated 256 KiB pool for atomic coherent allocations
[    0.185214] audit: initializing netlink subsys (disabled)
[    0.187375] audit: type=2000 audit(0.172:1): state=initialized audit_enabled=0 res=1
[    0.192350] thermal_sys: Registered thermal governor 'fair_share'
[    0.192402] thermal_sys: Registered thermal governor 'bang_bang'
[    0.192549] thermal_sys: Registered thermal governor 'step_wise'
[    0.192638] thermal_sys: Registered thermal governor 'user_space'
[    0.193092] cpuidle: using governor menu
[    0.193770] No ATAGs?
[    0.195060] hw-breakpoint: found 5 (+1 reserved) breakpoint and 4 watchpoint registers.
[    0.195240] hw-breakpoint: maximum watchpoint size is 8 bytes.
[    0.198025] Serial: AMBA PL011 UART driver
[    0.233767] 9000000.pl011: ttyAMA0 at MMIO 0x9000000 (irq = 28, base_baud = 0) is a PL011 rev1
[    0.235378] printk: console [ttyAMA0] enabled
[    0.235378] printk: console [ttyAMA0] enabled
[    0.235754] printk: bootconsole [pl11] disabled
[    0.235754] printk: bootconsole [pl11] disabled
[    0.258869] kprobes: kprobe jump-optimization is enabled. All kprobes are optimized if possible.
[    0.339065] raid6: neonx8   gen()   732 MB/s
[    0.408218] raid6: neonx4   gen()  2052 MB/s
[    0.477462] raid6: neonx2   gen()  1630 MB/s
[    0.546768] raid6: neonx1   gen()   889 MB/s
[    0.615935] raid6: int32x8  gen()   386 MB/s
[    0.685135] raid6: int32x4  gen()   457 MB/s
[    0.754305] raid6: int32x2  gen()   615 MB/s
[    0.823875] raid6: int32x1  gen()   550 MB/s
[    0.823998] raid6: using algorithm neonx4 gen() 2052 MB/s
[    0.893661] raid6: .... xor() 725 MB/s, rmw enabled
[    0.893808] raid6: using neon recovery algorithm
[    0.902299] iommu: Default domain type: Translated
[    0.902435] iommu: DMA domain TLB invalidation policy: strict mode
[    0.905752] SCSI subsystem initialized
[    0.907879] usbcore: registered new interface driver usbfs
[    0.908135] usbcore: registered new interface driver hub
[    0.908356] usbcore: registered new device driver usb
[    0.910603] mc: Linux media interface: v0.10
[    0.910828] videodev: Linux video capture interface: v2.00
[    0.911252] pps_core: LinuxPPS API ver. 1 registered
[    0.911333] pps_core: Software ver. 5.3.6 - Copyright 2005-2007 Rodolfo Giometti <giometti@linux.it>
[    0.911522] PTP clock support registered
[    0.911792] EDAC MC: Ver: 3.0.0
[    0.913891] scmi_core: SCMI protocol bus registered
[    0.915970] Advanced Linux Sound Architecture Driver Initialized.
[    0.925575] NetLabel: Initializing
[    0.925657] NetLabel:  domain hash size = 128
[    0.925724] NetLabel:  protocols = UNLABELED CIPSOv4 CALIPSO
[    0.926660] NetLabel:  unlabeled traffic allowed by default
[    0.927561] vgaarb: loaded
[    0.931376] clocksource: Switched to clocksource arch_sys_counter
[    0.933065] VFS: Disk quotas dquot_6.6.0
[    0.933278] VFS: Dquot-cache hash table entries: 1024 (order 0, 4096 bytes)
[    0.957818] NET: Registered PF_INET protocol family
[    0.959444] IP idents hash table entries: 8192 (order: 4, 65536 bytes, linear)
[    0.966755] tcp_listen_portaddr_hash hash table entries: 512 (order: 0, 4096 bytes, linear)
[    0.967084] Table-perturb hash table entries: 65536 (order: 6, 262144 bytes, linear)
[    0.967250] TCP established hash table entries: 4096 (order: 2, 16384 bytes, linear)
[    0.967550] TCP bind hash table entries: 4096 (order: 4, 65536 bytes, linear)
[    0.967883] TCP: Hash tables configured (established 4096 bind 4096)
[    0.969852] MPTCP token hash table entries: 512 (order: 1, 8192 bytes, linear)
[    0.970212] UDP hash table entries: 256 (order: 1, 8192 bytes, linear)
[    0.970677] UDP-Lite hash table entries: 256 (order: 1, 8192 bytes, linear)
[    0.972127] NET: Registered PF_UNIX/PF_LOCAL protocol family
[    0.974877] RPC: Registered named UNIX socket transport module.
[    0.975013] RPC: Registered udp transport module.
[    0.975090] RPC: Registered tcp transport module.
[    0.975159] RPC: Registered tcp-with-tls transport module.
[    0.975234] RPC: Registered tcp NFSv4.1 backchannel transport module.
[    0.975381] NET: Registered PF_XDP protocol family
[    0.975609] PCI: CLS 0 bytes, default 64
[    0.984755] Trying to unpack rootfs image as initramfs...
[    0.987792] Initialise system trusted keyrings
[    0.989126] workingset: timestamp_bits=14 max_order=17 bucket_order=3
[    0.989411] zbud: loaded
[    0.999353] NFS: Registering the id_resolver key type
[    0.999762] Key type id_resolver registered
[    0.999852] Key type id_legacy registered
[    1.000174] nfs4filelayout_init: NFSv4 File Layout Driver Registering...
[    1.000334] nfs4flexfilelayout_init: NFSv4 Flexfile Layout Driver Registering...
[    1.141891] Freeing initrd memory: 3824K
[    1.190814] xor: measuring software checksum speed
[    1.200261]    arm4regs        :  1074 MB/sec
[    1.209599]    8regs           :  1107 MB/sec
[    1.218075]    32regs          :  1221 MB/sec
[    1.228171]    neon            :  1162 MB/sec
[    1.228305] xor: using function: 32regs (1221 MB/sec)
[    1.228763] Key type asymmetric registered
[    1.228867] Asymmetric key parser 'x509' registered
[    1.229321] Block layer SCSI generic (bsg) driver version 0.4 loaded (major 245)
[    1.230270] io scheduler mq-deadline registered
[    1.230511] io scheduler kyber registered
[    1.230788] io scheduler bfq registered
[    1.248487] pl061_gpio 9030000.pl061: PL061 GPIO chip registered
[    1.252046] pci-host-generic 4010000000.pcie: host bridge /pcie@10000000 ranges:
[    1.252821] pci-host-generic 4010000000.pcie:       IO 0x003eff0000..0x003effffff -> 0x0000000000
[    1.253479] pci-host-generic 4010000000.pcie:      MEM 0x0010000000..0x003efeffff -> 0x0010000000
[    1.253644] pci-host-generic 4010000000.pcie:      MEM 0x8000000000..0xffffffffff -> 0x8000000000
[    1.254655] pci-host-generic 4010000000.pcie: can't claim ECAM area [mem 0x10000000-0x1fffffff]: address conflict with pcie@10000000 [mem 0x10000000-0x3efeffff]
[    1.255162] pci-host-generic: probe of 4010000000.pcie failed with error -16
[    1.276025] Serial: 8250/16550 driver, 6 ports, IRQ sharing enabled
[    1.283739] Serial: AMBA driver
[    1.322956] loop: module loaded
[    1.325453] Loading iSCSI transport class v2.0-870.
[    1.326764] iscsi: registered transport (tcp)
[    1.347390] usbcore: registered new interface driver uas
[    1.347615] usbcore: registered new interface driver usb-storage
[    1.347760] usbcore: registered new interface driver ums-cypress
[    1.347903] usbcore: registered new interface driver ums_eneub6250
[    1.348045] usbcore: registered new interface driver ums-freecom
[    1.348186] usbcore: registered new interface driver ums-isd200
[    1.348336] usbcore: registered new interface driver ums-usbat
[    1.358514] rtc-pl031 9010000.pl031: registered as rtc0
[    1.359484] rtc-pl031 9010000.pl031: setting system clock to 2023-08-12T12:50:22 UTC (1691844622)
[    1.362960] i2c_dev: i2c /dev entries driver
[    1.374820] sdhci: Secure Digital Host Controller Interface driver
[    1.374924] sdhci: Copyright(c) Pierre Ossman
[    1.376330] Synopsys Designware Multimedia Card Interface Driver
[    1.377367] VUB300 Driver rom wait states = 1C irqpoll timeout = 0400
[    1.378124] usbcore: registered new interface driver vub300
[    1.378505] usbcore: registered new interface driver ushc
[    1.379752] sdhci-pltfm: SDHCI platform and OF driver helper
[    1.383869] ledtrig-cpu: registered to indicate activity on CPUs
[    1.385715] hid: raw HID events driver (C) Jiri Kosina
[    1.386573] usbcore: registered new interface driver usbhid
[    1.386681] usbhid: USB HID core driver
[    1.395618] NET: Registered PF_INET6 protocol family
[    1.490244] Segment Routing with IPv6
[    1.490852] In-situ OAM (IOAM) with IPv6
[    1.491401] mip6: Mobile IPv6
[    1.491705] NET: Registered PF_PACKET protocol family
[    1.492296] Key type dns_resolver registered
[    1.493004] ThumbEE CPU extension supported.
[    1.493134] Registering SWP/SWPB emulation handler
[    1.517870] registered taskstats version 1
[    1.519270] Loading compiled-in X.509 certificates
[    1.535793] Key type .fscrypt registered
[    1.535884] Key type fscrypt-provisioning registered
[    1.547641] Btrfs loaded, zoned=yes, fsverity=yes
[    1.560640] input: gpio-keys as /devices/platform/gpio-keys/input/input0
[    1.567527] clk: Disabling unused clocks
[    1.568112] ALSA device list:
[    1.568227]   No soundcards found.
[    1.571217] uart-pl011 9000000.pl011: no DMA platform data
[    1.662564] Freeing unused kernel image (initmem) memory: 2048K
[    1.673842] Run /init as init process
Starting syslogd: OK
Starting klogd: OK
Running sysctl: OK
Saving 256 bits of creditable seed for next boot
Starting network: OK
Linux version 6.5.0-rc5-next-20230809-ARCH-cbl (nathan@dev-arch.m3-large-x86-01) (ClangBuiltLinux clang version 12.0.1 (https://github.com/llvm/llvm-project fed41342a82f5a3a9201819a82bf7a48313e296b), ClangBuiltLinux LLD 12.0.1 (https://github.com/llvm/llvm-project fed41342a82f5a3a9201819a82bf7a48313e296b)) #1 SMP PREEMPT Sat Aug 12 12:49:47 UTC 2023
Stopping network: OK
Seeding 256 bits and crediting
Saving 256 bits of creditable seed for next boot
Stopping klogd: OK
Stopping syslogd: OK
umount: devtmpfs busy - remounted read-only
umount: can't unmount /: Invalid argument

The system is going down NOW!

Sent SIGTERM to all processes

Sent SIGKILL to all processes

Requesting system reboot
[    4.672240] reboot: Restarting system
$ timeout --foreground 3m stdbuf -eL -oL /usr/sbin/qemu-system-arm -display none -nodefaults -no-reboot -machine virt -append 'console=ttyAMA0 earlycon' -kernel /home/nathan/tmp/build/cbl_lkt/linux-next/arm/arch/arm/boot/zImage -initrd /home/nathan/cbl/llvm-kernel-testing/src/boot-utils/images/arm/rootfs.cpio -m 512m -serial mon:stdio
