/home/nathan/cbl/src/linux-next/arch/arm/boot/dts/aspeed/aspeed-bmc-ibm-bonnell.dts:238.6-19: Warning (reg_format): /ahb/apb/fsi@1e79b000/cfam@0,0/i2c@1800/i2c-bus@a/eeprom@50:reg: property has invalid length (4 bytes) (#address-cells == 2, #size-cells == 1)
/home/nathan/cbl/src/linux-next/arch/arm/boot/dts/aspeed/aspeed-bmc-ibm-bonnell.dts:247.6-19: Warning (reg_format): /ahb/apb/fsi@1e79b000/cfam@0,0/i2c@1800/i2c-bus@b/eeprom@50:reg: property has invalid length (4 bytes) (#address-cells == 2, #size-cells == 1)
/home/nathan/cbl/src/linux-next/arch/arm/boot/dts/aspeed/aspeed-bmc-ibm-bonnell.dts:256.6-19: Warning (reg_format): /ahb/apb/fsi@1e79b000/cfam@0,0/i2c@1800/i2c-bus@c/eeprom@50:reg: property has invalid length (4 bytes) (#address-cells == 2, #size-cells == 1)
/home/nathan/cbl/src/linux-next/arch/arm/boot/dts/aspeed/aspeed-bmc-ibm-bonnell.dts:265.6-19: Warning (reg_format): /ahb/apb/fsi@1e79b000/cfam@0,0/i2c@1800/i2c-bus@d/eeprom@50:reg: property has invalid length (4 bytes) (#address-cells == 2, #size-cells == 1)
arch/arm/boot/dts/aspeed/aspeed-bmc-ibm-bonnell.dtb: Warning (pci_device_reg): Failed prerequisite 'reg_format'
arch/arm/boot/dts/aspeed/aspeed-bmc-ibm-bonnell.dtb: Warning (pci_device_bus_num): Failed prerequisite 'reg_format'
/home/nathan/cbl/src/linux-next/arch/arm/boot/dts/aspeed/aspeed-bmc-ibm-bonnell.dts:233.27-240.6: Warning (i2c_bus_bridge): /ahb/apb/fsi@1e79b000/cfam@0,0/i2c@1800/i2c-bus@a: incorrect #address-cells for I2C bus
/home/nathan/cbl/src/linux-next/arch/arm/boot/dts/aspeed/aspeed-bmc-ibm-bonnell.dts:233.27-240.6: Warning (i2c_bus_bridge): /ahb/apb/fsi@1e79b000/cfam@0,0/i2c@1800/i2c-bus@a: incorrect #size-cells for I2C bus
/home/nathan/cbl/src/linux-next/arch/arm/boot/dts/aspeed/aspeed-bmc-ibm-bonnell.dts:242.27-249.6: Warning (i2c_bus_bridge): /ahb/apb/fsi@1e79b000/cfam@0,0/i2c@1800/i2c-bus@b: incorrect #address-cells for I2C bus
/home/nathan/cbl/src/linux-next/arch/arm/boot/dts/aspeed/aspeed-bmc-ibm-bonnell.dts:242.27-249.6: Warning (i2c_bus_bridge): /ahb/apb/fsi@1e79b000/cfam@0,0/i2c@1800/i2c-bus@b: incorrect #size-cells for I2C bus
/home/nathan/cbl/src/linux-next/arch/arm/boot/dts/aspeed/aspeed-bmc-ibm-bonnell.dts:251.27-258.6: Warning (i2c_bus_bridge): /ahb/apb/fsi@1e79b000/cfam@0,0/i2c@1800/i2c-bus@c: incorrect #address-cells for I2C bus
/home/nathan/cbl/src/linux-next/arch/arm/boot/dts/aspeed/aspeed-bmc-ibm-bonnell.dts:251.27-258.6: Warning (i2c_bus_bridge): /ahb/apb/fsi@1e79b000/cfam@0,0/i2c@1800/i2c-bus@c: incorrect #size-cells for I2C bus
/home/nathan/cbl/src/linux-next/arch/arm/boot/dts/aspeed/aspeed-bmc-ibm-bonnell.dts:260.27-267.6: Warning (i2c_bus_bridge): /ahb/apb/fsi@1e79b000/cfam@0,0/i2c@1800/i2c-bus@d: incorrect #address-cells for I2C bus
/home/nathan/cbl/src/linux-next/arch/arm/boot/dts/aspeed/aspeed-bmc-ibm-bonnell.dts:260.27-267.6: Warning (i2c_bus_bridge): /ahb/apb/fsi@1e79b000/cfam@0,0/i2c@1800/i2c-bus@d: incorrect #size-cells for I2C bus
arch/arm/boot/dts/aspeed/aspeed-bmc-ibm-bonnell.dtb: Warning (i2c_bus_reg): Failed prerequisite 'reg_format'
arch/arm/boot/dts/aspeed/aspeed-bmc-ibm-bonnell.dtb: Warning (i2c_bus_reg): Failed prerequisite 'i2c_bus_bridge'
arch/arm/boot/dts/aspeed/aspeed-bmc-ibm-bonnell.dtb: Warning (spi_bus_reg): Failed prerequisite 'reg_format'
/home/nathan/cbl/src/linux-next/arch/arm/boot/dts/aspeed/aspeed-bmc-ibm-bonnell.dts:236.15-239.7: Warning (avoid_default_addr_size): /ahb/apb/fsi@1e79b000/cfam@0,0/i2c@1800/i2c-bus@a/eeprom@50: Relying on default #address-cells value
/home/nathan/cbl/src/linux-next/arch/arm/boot/dts/aspeed/aspeed-bmc-ibm-bonnell.dts:236.15-239.7: Warning (avoid_default_addr_size): /ahb/apb/fsi@1e79b000/cfam@0,0/i2c@1800/i2c-bus@a/eeprom@50: Relying on default #size-cells value
/home/nathan/cbl/src/linux-next/arch/arm/boot/dts/aspeed/aspeed-bmc-ibm-bonnell.dts:245.15-248.7: Warning (avoid_default_addr_size): /ahb/apb/fsi@1e79b000/cfam@0,0/i2c@1800/i2c-bus@b/eeprom@50: Relying on default #address-cells value
/home/nathan/cbl/src/linux-next/arch/arm/boot/dts/aspeed/aspeed-bmc-ibm-bonnell.dts:245.15-248.7: Warning (avoid_default_addr_size): /ahb/apb/fsi@1e79b000/cfam@0,0/i2c@1800/i2c-bus@b/eeprom@50: Relying on default #size-cells value
/home/nathan/cbl/src/linux-next/arch/arm/boot/dts/aspeed/aspeed-bmc-ibm-bonnell.dts:254.15-257.7: Warning (avoid_default_addr_size): /ahb/apb/fsi@1e79b000/cfam@0,0/i2c@1800/i2c-bus@c/eeprom@50: Relying on default #address-cells value
/home/nathan/cbl/src/linux-next/arch/arm/boot/dts/aspeed/aspeed-bmc-ibm-bonnell.dts:254.15-257.7: Warning (avoid_default_addr_size): /ahb/apb/fsi@1e79b000/cfam@0,0/i2c@1800/i2c-bus@c/eeprom@50: Relying on default #size-cells value
/home/nathan/cbl/src/linux-next/arch/arm/boot/dts/aspeed/aspeed-bmc-ibm-bonnell.dts:263.15-266.7: Warning (avoid_default_addr_size): /ahb/apb/fsi@1e79b000/cfam@0,0/i2c@1800/i2c-bus@d/eeprom@50: Relying on default #address-cells value
/home/nathan/cbl/src/linux-next/arch/arm/boot/dts/aspeed/aspeed-bmc-ibm-bonnell.dts:263.15-266.7: Warning (avoid_default_addr_size): /ahb/apb/fsi@1e79b000/cfam@0,0/i2c@1800/i2c-bus@d/eeprom@50: Relying on default #size-cells value
/home/nathan/cbl/src/linux-next/arch/arm/mach-omap2/omap_hwmod.c:1723:3: warning: result of comparison of constant 2000 with expression of type 'u8' (aka 'unsigned char') is always false [-Wtautological-constant-out-of-range-compare]
                udelay(oh->class->sysc->srst_udelay);
                ^~~~~~~~~~~~~~~~~~~~~~~~~~~~~~~~~~~~
/home/nathan/cbl/src/linux-next/arch/arm/include/asm/delay.h:84:9: note: expanded from macro 'udelay'
          ((n) > (MAX_UDELAY_MS * 1000) ? __bad_udelay() :              \
           ~~~ ^ ~~~~~~~~~~~~~~~~~~~~~~
/home/nathan/cbl/src/linux-next/arch/arm/mach-omap2/wd_timer.c:89:3: warning: result of comparison of constant 2000 with expression of type 'u8' (aka 'unsigned char') is always false [-Wtautological-constant-out-of-range-compare]
                udelay(oh->class->sysc->srst_udelay);
                ^~~~~~~~~~~~~~~~~~~~~~~~~~~~~~~~~~~~
/home/nathan/cbl/src/linux-next/arch/arm/include/asm/delay.h:84:9: note: expanded from macro 'udelay'
          ((n) > (MAX_UDELAY_MS * 1000) ? __bad_udelay() :              \
           ~~~ ^ ~~~~~~~~~~~~~~~~~~~~~~
1 warning generated.
1 warning generated.
/home/nathan/cbl/src/linux-next/drivers/clk/actions/owl-pll.c:182:2: warning: result of comparison of constant 2000 with expression of type 'u8' (aka 'unsigned char') is always false [-Wtautological-constant-out-of-range-compare]
        udelay(pll_hw->delay);
        ^~~~~~~~~~~~~~~~~~~~~
/home/nathan/cbl/src/linux-next/arch/arm/include/asm/delay.h:84:9: note: expanded from macro 'udelay'
          ((n) > (MAX_UDELAY_MS * 1000) ? __bad_udelay() :              \
           ~~~ ^ ~~~~~~~~~~~~~~~~~~~~~~
1 warning generated.
/home/nathan/cbl/src/linux-next/drivers/md/dm-integrity.c:4159:12: warning: result of comparison of constant 14316557650 with expression of type 'unsigned int' is always false [-Wtautological-constant-out-of-range-compare]
                        if (val >= (uint64_t)UINT_MAX * 1000 / HZ) {
                            ~~~ ^  ~~~~~~~~~~~~~~~~~~~~~~~~~~~~~~
1 warning generated.
WARN: resolve_btfids: unresolved symbol vfs_truncate
WARN: resolve_btfids: unresolved symbol vfs_fallocate
WARN: resolve_btfids: unresolved symbol bpf_obj_new_impl
WARN: resolve_btfids: unresolved symbol bpf_lsm_path_notify
WARN: resolve_btfids: unresolved symbol bpf_lsm_kernel_post_load_data
WARN: resolve_btfids: unresolved symbol bpf_lookup_user_key
WARN: resolve_btfids: unresolved symbol bpf_lookup_system_key
WARN: resolve_btfids: unresolved symbol bpf_dynptr_from_xdp
WARN: resolve_btfids: unresolved symbol bpf_dynptr_from_skb
WARN: resolve_btfids: unresolved symbol bpf_cgroup_from_id

[01;32mQEMU location: [0m/usr/sbin[0m

[01;32mQEMU version: [0mQEMU emulator version 8.0.3[0m
[    0.000000][    T0] Booting Linux on physical CPU 0x0
[    0.000000][    T0] Linux version 6.5.0-rc5-next-20230809-default-cbl (nathan@dev-arch.m3-large-x86-01) (ClangBuiltLinux clang version 12.0.1 (https://github.com/llvm/llvm-project fed41342a82f5a3a9201819a82bf7a48313e296b), ClangBuiltLinux LLD 12.0.1 (https://github.com/llvm/llvm-project fed41342a82f5a3a9201819a82bf7a48313e296b)) #1 SMP Sat Aug 12 13:04:50 UTC 2023
[    0.000000][    T0] CPU: ARMv7 Processor [414fc0f0] revision 0 (ARMv7), cr=10c5387d
[    0.000000][    T0] CPU: div instructions available: patching division code
[    0.000000][    T0] CPU: PIPT / VIPT nonaliasing data cache, PIPT instruction cache
[    0.000000][    T0] OF: fdt: Machine model: linux,dummy-virt
[    0.000000][    T0] random: crng init done
[    0.000000][    T0] earlycon: pl11 at MMIO 0x09000000 (options '')
[    0.000000][    T0] printk: bootconsole [pl11] enabled
[    0.000000][    T0] Memory policy: Data cache writealloc
[    0.000000][    T0] efi: UEFI not found.
[    0.000000][    T0] cma: Reserved 64 MiB at 0x5c000000 on node -1
[    0.000000][    T0] Zone ranges:
[    0.000000][    T0]   DMA      [mem 0x0000000040000000-0x000000005fffffff]
[    0.000000][    T0]   Normal   empty
[    0.000000][    T0]   HighMem  empty
[    0.000000][    T0] Movable zone start for each node
[    0.000000][    T0] Early memory node ranges
[    0.000000][    T0]   node   0: [mem 0x0000000040000000-0x000000005fffffff]
[    0.000000][    T0] Initmem setup node 0 [mem 0x0000000040000000-0x000000005fffffff]
[    0.000000][    T0] psci: probing for conduit method from DT.
[    0.000000][    T0] psci: PSCIv1.1 detected in firmware.
[    0.000000][    T0] psci: Using standard PSCI v0.2 function IDs
[    0.000000][    T0] psci: Trusted OS migration not required
[    0.000000][    T0] psci: SMC Calling Convention v1.0
[    0.000000][    T0] percpu: Embedded 19 pages/cpu s48468 r8192 d21164 u77824
[    0.000000][    T0] Kernel command line: console=ttyAMA0 earlycon
[    0.000000][    T0] Dentry cache hash table entries: 65536 (order: 6, 262144 bytes, linear)
[    0.000000][    T0] Inode-cache hash table entries: 32768 (order: 5, 131072 bytes, linear)
[    0.000000][    T0] Built 1 zonelists, mobility grouping on.  Total pages: 129920
[    0.000000][    T0] mem auto-init: stack:off, heap alloc:off, heap free:off
[    0.000000][    T0] Memory: 414932K/524288K available (15360K kernel code, 2416K rwdata, 12504K rodata, 2048K init, 570K bss, 43820K reserved, 65536K cma-reserved, 0K highmem)
[    0.000000][    T0] SLUB: HWalign=64, Order=0-3, MinObjects=0, CPUs=1, Nodes=1
[    0.000000][    T0] ftrace: allocating 48705 entries in 143 pages
[    0.000000][    T0] ftrace: allocated 143 pages with 5 groups
[    0.000000][    T0] trace event string verifier disabled
[    0.000000][    T0] rcu: Hierarchical RCU implementation.
[    0.000000][    T0] rcu: 	RCU event tracing is enabled.
[    0.000000][    T0] rcu: 	RCU restricting CPUs from NR_CPUS=16 to nr_cpu_ids=1.
[    0.000000][    T0] 	Rude variant of Tasks RCU enabled.
[    0.000000][    T0] 	Tracing variant of Tasks RCU enabled.
[    0.000000][    T0] rcu: RCU calculated value of scheduler-enlistment delay is 30 jiffies.
[    0.000000][    T0] rcu: Adjusting geometry for rcu_fanout_leaf=16, nr_cpu_ids=1
[    0.000000][    T0] NR_IRQS: 16, nr_irqs: 16, preallocated irqs: 16
[    0.000000][    T0] GIC physical location is 0x8000000
[    0.000000][    T0] GICv2m: range[mem 0x08020000-0x08020fff], SPI[80:143]
[    0.000000][    T0] rcu: srcu_init: Setting srcu_struct sizes based on contention.
[    0.000000][    T0] arch_timer: cp15 timer(s) running at 62.50MHz (virt).
[    0.000000][    T0] clocksource: arch_sys_counter: mask: 0x1ffffffffffffff max_cycles: 0x1cd42e208c, max_idle_ns: 881590405314 ns
[    0.000139][    T0] sched_clock: 57 bits at 63MHz, resolution 16ns, wraps every 4398046511096ns
[    0.000432][    T0] Switching to timer-based delay loop, resolution 16ns
[    0.009743][    T0] Console: colour dummy device 80x30
[    0.011580][    T0] Calibrating delay loop (skipped), value calculated using timer frequency.. 125.20 BogoMIPS (lpj=208333)
[    0.011909][    T0] CPU: Testing write buffer coherency: ok
[    0.013892][    T0] CPU0: Spectre v2: firmware did not set auxiliary control register IBE bit, system vulnerable
[    0.014161][    T0] CPU0: Spectre BHB: enabling loop workaround for all CPUs
[    0.014377][    T0] pid_max: default: 32768 minimum: 301
[    0.016199][    T0] LSM: initializing lsm=lockdown,capability,landlock,yama,apparmor,tomoyo,bpf,integrity
[    0.016944][    T0] landlock: Up and running.
[    0.017041][    T0] Yama: becoming mindful.
[    0.019846][    T0] AppArmor: AppArmor initialized
[    0.019983][    T0] TOMOYO Linux initialized
[    0.020745][    T0] LSM support for eBPF active
[    0.023263][    T0] Mount-cache hash table entries: 1024 (order: 0, 4096 bytes, linear)
[    0.023416][    T0] Mountpoint-cache hash table entries: 1024 (order: 0, 4096 bytes, linear)
[    0.051164][    T1] /cpus/cpu@0 missing clock-frequency property
[    0.051634][    T1] CPU0: thread -1, cpu 0, socket 0, mpidr 80000000
[    0.059771][    T1] RCU Tasks Rude: Setting shift to 0 and lim to 1 rcu_task_cb_adjust=1.
[    0.060177][    T1] RCU Tasks Trace: Setting shift to 0 and lim to 1 rcu_task_cb_adjust=1.
[    0.061037][    T1] Setting up static identity map for 0x40300000 - 0x403000ac
[    0.063733][    T1] rcu: Hierarchical SRCU implementation.
[    0.063851][    T1] rcu: 	Max phase no-delay instances is 1000.
[    0.069637][    T1] EFI services will not be available.
[    0.070997][    T1] smp: Bringing up secondary CPUs ...
[    0.072100][    T1] smp: Brought up 1 node, 1 CPU
[    0.072248][    T1] SMP: Total of 1 processors activated (125.20 BogoMIPS).
[    0.072394][    T1] CPU: All CPU(s) started in SVC mode.
[    0.087237][    T1] devtmpfs: initialized
[    0.095885][    T1] VFP support v0.3: implementor 41 architecture 4 part 30 variant f rev 0
[    0.118452][    T1] clocksource: jiffies: mask: 0xffffffff max_cycles: 0xffffffff, max_idle_ns: 6370867519511994 ns
[    0.119345][    T1] futex hash table entries: 256 (order: 2, 16384 bytes, linear)
[    0.135035][    T1] pinctrl core: initialized pinctrl subsystem
[    0.150640][    T1] DMI not present or invalid.
[    0.174666][    T1] NET: Registered PF_NETLINK/PF_ROUTE protocol family
[    0.185939][    T1] DMA: preallocated 256 KiB pool for atomic coherent allocations
[    0.187945][    T1] audit: initializing netlink subsys (disabled)
[    0.192444][   T22] audit: type=2000 audit(0.173:1): state=initialized audit_enabled=0 res=1
[    0.196997][    T1] thermal_sys: Registered thermal governor 'fair_share'
[    0.197042][    T1] thermal_sys: Registered thermal governor 'bang_bang'
[    0.197159][    T1] thermal_sys: Registered thermal governor 'step_wise'
[    0.197258][    T1] thermal_sys: Registered thermal governor 'user_space'
[    0.197731][    T1] cpuidle: using governor ladder
[    0.198007][    T1] cpuidle: using governor menu
[    0.198678][    T1] No ATAGs?
[    0.199882][    T1] hw-breakpoint: found 5 (+1 reserved) breakpoint and 4 watchpoint registers.
[    0.200043][    T1] hw-breakpoint: maximum watchpoint size is 8 bytes.
[    0.201073][    T1] socfpga_setup_ocram_self_refresh: Unable to find mmio-sram in dtb
[    0.204917][    T1] Serial: AMBA PL011 UART driver
[    0.243636][    T1] 9000000.pl011: ttyAMA0 at MMIO 0x9000000 (irq = 28, base_baud = 0) is a PL011 rev1
[    0.245389][    T1] printk: console [ttyAMA0] enabled
[    0.245389][    T1] printk: console [ttyAMA0] enabled
[    0.245792][    T1] printk: bootconsole [pl11] disabled
[    0.245792][    T1] printk: bootconsole [pl11] disabled
[    0.261552][    T1] kprobes: kprobe jump-optimization is enabled. All kprobes are optimized if possible.
[    0.294812][    T1] cryptd: max_cpu_qlen set to 1000
[    0.302898][    T1] iommu: Default domain type: Passthrough
[    0.306449][    T1] SCSI subsystem initialized
[    0.308511][    T1] pps_core: LinuxPPS API ver. 1 registered
[    0.308607][    T1] pps_core: Software ver. 5.3.6 - Copyright 2005-2007 Rodolfo Giometti <giometti@linux.it>
[    0.308807][    T1] PTP clock support registered
[    0.309287][    T1] EDAC MC: Ver: 3.0.0
[    0.311201][    T1] scmi_core: SCMI protocol bus registered
[    0.321031][    T1] NetLabel: Initializing
[    0.321110][    T1] NetLabel:  domain hash size = 128
[    0.321190][    T1] NetLabel:  protocols = UNLABELED CIPSOv4 CALIPSO
[    0.322294][    T1] NetLabel:  unlabeled traffic allowed by default
[    0.322452][    T1] mctp: management component transport protocol core
[    0.322545][    T1] NET: Registered PF_MCTP protocol family
[    0.323837][    T1] vgaarb: loaded
[    0.331159][    T1] clocksource: Switched to clocksource arch_sys_counter
[    0.363443][    T1] VFS: Disk quotas dquot_6.6.0
[    0.366377][    T1] VFS: Dquot-cache hash table entries: 1024 (order 0, 4096 bytes)
[    0.370587][    T1] AppArmor: AppArmor Filesystem Enabled
[    0.388145][    T1] NET: Registered PF_INET protocol family
[    0.389673][    T1] IP idents hash table entries: 8192 (order: 4, 65536 bytes, linear)
[    0.396813][    T1] tcp_listen_portaddr_hash hash table entries: 512 (order: 0, 4096 bytes, linear)
[    0.397069][    T1] Table-perturb hash table entries: 65536 (order: 6, 262144 bytes, linear)
[    0.397248][    T1] TCP established hash table entries: 4096 (order: 2, 16384 bytes, linear)
[    0.397585][    T1] TCP bind hash table entries: 4096 (order: 4, 65536 bytes, linear)
[    0.397943][    T1] TCP: Hash tables configured (established 4096 bind 4096)
[    0.399771][    T1] MPTCP token hash table entries: 512 (order: 1, 8192 bytes, linear)
[    0.400167][    T1] UDP hash table entries: 256 (order: 1, 8192 bytes, linear)
[    0.400589][    T1] UDP-Lite hash table entries: 256 (order: 1, 8192 bytes, linear)
[    0.402221][    T1] NET: Registered PF_UNIX/PF_LOCAL protocol family
[    0.402757][    T1] NET: Registered PF_XDP protocol family
[    0.403035][    T1] PCI: CLS 0 bytes, default 64
[    0.413712][   T11] Trying to unpack rootfs image as initramfs...
[    0.414234][    T1] Initialise system trusted keyrings
[    0.421832][    T1] workingset: timestamp_bits=14 max_order=17 bucket_order=3
[    0.422205][    T1] zbud: loaded
[    0.597988][   T11] Freeing initrd memory: 3824K
[    0.598660][    T1] Key type asymmetric registered
[    0.598812][    T1] Asymmetric key parser 'x509' registered
[    0.625671][    T1] Block layer SCSI generic (bsg) driver version 0.4 loaded (major 246)
[    0.626767][    T1] io scheduler mq-deadline registered
[    0.626913][    T1] io scheduler kyber registered
[    0.627321][    T1] io scheduler bfq registered
[    0.652648][    T1] pl061_gpio 9030000.pl061: PL061 GPIO chip registered
[    0.654488][    T1] shpchp: Standard Hot Plug PCI Controller Driver version: 0.4
[    0.658286][    T1] pci-host-generic 4010000000.pcie: host bridge /pcie@10000000 ranges:
[    0.659098][    T1] pci-host-generic 4010000000.pcie:       IO 0x003eff0000..0x003effffff -> 0x0000000000
[    0.659686][    T1] pci-host-generic 4010000000.pcie:      MEM 0x0010000000..0x003efeffff -> 0x0010000000
[    0.659851][    T1] pci-host-generic 4010000000.pcie:      MEM 0x8000000000..0xffffffffff -> 0x8000000000
[    0.660943][    T1] pci-host-generic 4010000000.pcie: can't claim ECAM area [mem 0x10000000-0x1fffffff]: address conflict with pcie@10000000 [mem 0x10000000-0x3efeffff]
[    0.661438][    T1] pci-host-generic: probe of 4010000000.pcie failed with error -16
[    0.681396][    T1] Serial: 8250/16550 driver, 32 ports, IRQ sharing enabled
[    0.704223][    T1] Serial: AMBA driver
[    0.705526][    T1] msm_serial: driver initialized
[    0.706054][    T1] STMicroelectronics ASC driver initialized
[    0.724295][    T1] mousedev: PS/2 mouse device common for all mice
[    0.732306][    T1] rtc-pl031 9010000.pl031: registered as rtc0
[    0.733248][    T1] rtc-pl031 9010000.pl031: setting system clock to 2023-08-12T13:06:16 UTC (1691845576)
[    0.745465][    T1] ledtrig-cpu: registered to indicate activity on CPUs
[    0.747468][    T1] hid: raw HID events driver (C) Jiri Kosina
[    0.752176][   T48] watchdog: Delayed init of the lockup detector failed: -19
[    0.752284][   T48] watchdog: Hard watchdog permanently disabled
[    0.753452][    T1]  cs_system_cfg: CoreSight Configuration manager initialised
[    0.756227][    T1] drop_monitor: Initializing network drop monitor service
[    0.828672][    T1] NET: Registered PF_INET6 protocol family
[    0.842123][    T1] Segment Routing with IPv6
[    0.842264][    T1] RPL Segment Routing with IPv6
[    0.842508][    T1] In-situ OAM (IOAM) with IPv6
[    0.844061][    T1] ThumbEE CPU extension supported.
[    0.844219][    T1] Registering SWP/SWPB emulation handler
[    0.867999][    T1] registered taskstats version 1
[    0.870160][    T1] Loading compiled-in X.509 certificates
[    1.105877][    T1] Loaded X.509 cert 'Build time autogenerated kernel key: f5a84c1c3a9f82f2094d83ed6ddf8aac254d1fad'
[    1.120195][    T1] page_owner is disabled
[    1.121060][    T1] Key type .fscrypt registered
[    1.121169][    T1] Key type fscrypt-provisioning registered
[    1.122698][    T1] Key type encrypted registered
[    1.122840][    T1] AppArmor: AppArmor sha1 policy hashing enabled
[    1.123386][    T1] ima: No TPM chip found, activating TPM-bypass!
[    1.123650][    T1] Loading compiled-in module X.509 certificates
[    1.130631][    T1] Loaded X.509 cert 'Build time autogenerated kernel key: f5a84c1c3a9f82f2094d83ed6ddf8aac254d1fad'
[    1.130875][    T1] ima: Allocated hash algorithm: sha256
[    1.132694][    T1] ima: No architecture policies found
[    1.133330][    T1] evm: Initialising EVM extended attributes:
[    1.133435][    T1] evm: security.selinux
[    1.133519][    T1] evm: security.SMACK64 (disabled)
[    1.133651][    T1] evm: security.SMACK64EXEC (disabled)
[    1.133727][    T1] evm: security.SMACK64TRANSMUTE (disabled)
[    1.133800][    T1] evm: security.SMACK64MMAP (disabled)
[    1.133868][    T1] evm: security.apparmor
[    1.133923][    T1] evm: security.ima
[    1.133975][    T1] evm: security.capability
[    1.134046][    T1] evm: HMAC attrs: 0x1
[    1.212883][  T117] alg: No test for 842 (842-scomp)
[    1.213176][  T118] alg: No test for 842 (842-generic)
[    2.769980][    T1] clk: Disabling unused clocks
[    2.774342][    T1] uart-pl011 9000000.pl011: no DMA platform data
[    2.898861][    T1] Freeing unused kernel image (initmem) memory: 2048K
[    2.914473][    T1] Checked W+X mappings: passed, no W+X pages found
[    2.914850][    T1] Run /init as init process
[    2.988218][    T1] Not activating Mandatory Access Control as /sbin/tomoyo-init does not exist.
Starting syslogd: OK
Starting klogd: OK
Running sysctl: OK
Saving 256 bits of creditable seed for next boot
Starting network: OK
Linux version 6.5.0-rc5-next-20230809-default-cbl (nathan@dev-arch.m3-large-x86-01) (ClangBuiltLinux clang version 12.0.1 (https://github.com/llvm/llvm-project fed41342a82f5a3a9201819a82bf7a48313e296b), ClangBuiltLinux LLD 12.0.1 (https://github.com/llvm/llvm-project fed41342a82f5a3a9201819a82bf7a48313e296b)) #1 SMP Sat Aug 12 13:04:50 UTC 2023
Stopping network: OK
Seeding 256 bits and crediting
Saving 256 bits of creditable seed for next boot
Stopping klogd: OK
Stopping syslogd: OK
umount: devtmpfs busy - remounted read-only
umount: can't unmount /: Invalid argument

The system is going down NOW!

Sent SIGTERM to all processes

Sent SIGKILL to all processes

Requesting system reboot
[    5.522453][  T204] reboot: Restarting system
$ timeout --foreground 3m stdbuf -eL -oL /usr/sbin/qemu-system-arm -display none -nodefaults -no-reboot -machine virt -append 'console=ttyAMA0 earlycon' -kernel /home/nathan/tmp/build/cbl_lkt/linux-next/arm/arch/arm/boot/zImage -initrd /home/nathan/cbl/llvm-kernel-testing/src/boot-utils/images/arm/rootfs.cpio -m 512m -serial mon:stdio
