
[01;32mQEMU location: [0m/usr/sbin[0m

[01;32mQEMU version: [0mQEMU emulator version 8.0.3[0m
[    0.000000] Booting Linux on physical CPU 0x0000000000 [0x000f0510]
[    0.000000] Linux version 6.5.0-rc5-next-20230809-cbl-00030-g8150cbc757fd (nathan@dev-arch.m3-large-x86-01) (ClangBuiltLinux clang version 12.0.1 (https://github.com/llvm/llvm-project fed41342a82f5a3a9201819a82bf7a48313e296b), ClangBuiltLinux LLD 12.0.1 (https://github.com/llvm/llvm-project fed41342a82f5a3a9201819a82bf7a48313e296b)) #1 SMP PREEMPT Sat Aug 12 13:16:08 UTC 2023
[    0.000000] KASLR enabled
[    0.000000] random: crng init done
[    0.000000] Machine model: linux,dummy-virt
[    0.000000] efi: UEFI not found.
[    0.000000] earlycon: pl11 at MMIO 0x0000000009000000 (options '')
[    0.000000] printk: bootconsole [pl11] enabled
[    0.000000] NUMA: No NUMA configuration found
[    0.000000] NUMA: Faking a node at [mem 0x0000000040000000-0x000000005fffffff]
[    0.000000] NUMA: NODE_DATA [mem 0x5fef29c0-0x5fef4fff]
[    0.000000] Zone ranges:
[    0.000000]   DMA      [mem 0x0000000040000000-0x000000005fffffff]
[    0.000000]   DMA32    empty
[    0.000000]   Normal   empty
[    0.000000] Movable zone start for each node
[    0.000000] Early memory node ranges
[    0.000000]   node   0: [mem 0x0000000040000000-0x000000005fffffff]
[    0.000000] Initmem setup node 0 [mem 0x0000000040000000-0x000000005fffffff]
[    0.000000] cma: Reserved 32 MiB at 0x000000005d600000 on node -1
[    0.000000] psci: probing for conduit method from DT.
[    0.000000] psci: PSCIv1.1 detected in firmware.
[    0.000000] psci: Using standard PSCI v0.2 function IDs
[    0.000000] psci: Trusted OS migration not required
[    0.000000] psci: SMC Calling Convention v1.0
[    0.000000] percpu: Embedded 22 pages/cpu s50536 r8192 d31384 u90112
[    0.000000] Detected PIPT I-cache on CPU0
[    0.000000] CPU features: detected: Branch Target Identification
[    0.000000] CPU features: detected: Address authentication (IMP DEF algorithm)
[    0.000000] CPU features: detected: GIC system register CPU interface
[    0.000000] CPU features: detected: HCRX_EL2 register
[    0.000000] CPU features: detected: Virtualization Host Extensions
[    0.000000] CPU features: detected: Hardware dirty bit management
[    0.000000] CPU features: detected: Spectre-v4
[    0.000000] alternatives: applying boot alternatives
[    0.000000] Kernel command line: console=ttyAMA0 earlycon
[    0.000000] Dentry cache hash table entries: 65536 (order: 7, 524288 bytes, linear)
[    0.000000] Inode-cache hash table entries: 32768 (order: 6, 262144 bytes, linear)
[    0.000000] Fallback order for Node 0: 0 
[    0.000000] Built 1 zonelists, mobility grouping on.  Total pages: 129024
[    0.000000] Policy zone: DMA
[    0.000000] mem auto-init: stack:all(zero), heap alloc:off, heap free:off
[    0.000000] software IO TLB: area num 1.
[    0.000000] software IO TLB: mapped [mem 0x0000000059600000-0x000000005d600000] (64MB)
[    0.000000] Memory: 374564K/524288K available (17600K kernel code, 4262K rwdata, 10232K rodata, 2176K init, 599K bss, 116956K reserved, 32768K cma-reserved)
[    0.000000] SLUB: HWalign=64, Order=0-3, MinObjects=0, CPUs=1, Nodes=1
[    0.000000] rcu: Preemptible hierarchical RCU implementation.
[    0.000000] rcu: 	RCU event tracing is enabled.
[    0.000000] rcu: 	RCU restricting CPUs from NR_CPUS=256 to nr_cpu_ids=1.
[    0.000000] 	Trampoline variant of Tasks RCU enabled.
[    0.000000] 	Tracing variant of Tasks RCU enabled.
[    0.000000] rcu: RCU calculated value of scheduler-enlistment delay is 25 jiffies.
[    0.000000] rcu: Adjusting geometry for rcu_fanout_leaf=16, nr_cpu_ids=1
[    0.000000] NR_IRQS: 64, nr_irqs: 64, preallocated irqs: 0
[    0.000000] GICv3: GIC: Using split EOI/Deactivate mode
[    0.000000] GICv3: 256 SPIs implemented
[    0.000000] GICv3: 0 Extended SPIs implemented
[    0.000000] Root IRQ handler: gic_handle_irq
[    0.000000] GICv3: GICv3 features: 16 PPIs
[    0.000000] GICv3: GICv4 features: 
[    0.000000] GICv3: CPU0: found redistributor 0 region 0:0x00000000080a0000
[    0.000000] ITS [mem 0x08080000-0x0809ffff]
[    0.000000] ITS@0x0000000008080000: Single VMOVP capable
[    0.000000] ITS@0x0000000008080000: allocated 8192 Devices @42840000 (indirect, esz 8, psz 64K, shr 1)
[    0.000000] ITS@0x0000000008080000: allocated 8192 Interrupt Collections @42850000 (flat, esz 8, psz 64K, shr 1)
[    0.000000] ITS@0x0000000008080000: allocated 8192 Virtual CPUs @42860000 (indirect, esz 8, psz 64K, shr 1)
[    0.000000] GICv3: using LPI property table @0x0000000042870000
[    0.000000] ITS: Allocated DevID ffff as GICv4 proxy device (2 slots)
[    0.000000] ITS: Enabling GICv4 support
[    0.000000] GICv3: CPU0: using allocated LPI pending table @0x0000000042880000
[    0.000000] rcu: srcu_init: Setting srcu_struct sizes based on contention.
[    0.000000] arch_timer: cp15 timer(s) running at 62.50MHz (phys).
[    0.000000] clocksource: arch_sys_counter: mask: 0x1ffffffffffffff max_cycles: 0x1cd42e208c, max_idle_ns: 881590405314 ns
[    0.000065] sched_clock: 57 bits at 63MHz, resolution 16ns, wraps every 4398046511096ns
[    0.019791] Console: colour dummy device 80x25
[    0.026073] Calibrating delay loop (skipped), value calculated using timer frequency.. 125.00 BogoMIPS (lpj=250000)
[    0.027076] pid_max: default: 32768 minimum: 301
[    0.029738] LSM: initializing lsm=capability,integrity
[    0.033265] Mount-cache hash table entries: 1024 (order: 1, 8192 bytes, linear)
[    0.033432] Mountpoint-cache hash table entries: 1024 (order: 1, 8192 bytes, linear)
[    0.070176] cacheinfo: Unable to detect cache hierarchy for CPU 0
[    0.079741] RCU Tasks: Setting shift to 0 and lim to 1 rcu_task_cb_adjust=1.
[    0.080492] RCU Tasks Trace: Setting shift to 0 and lim to 1 rcu_task_cb_adjust=1.
[    0.082365] rcu: Hierarchical SRCU implementation.
[    0.082474] rcu: 	Max phase no-delay instances is 1000.
[    0.086882] Platform MSI: its@8080000 domain created
[    0.087846] PCI/MSI: /intc@8000000/its@8080000 domain created
[    0.088457] fsl-mc MSI: its@8080000 domain created
[    0.091392] EFI services will not be available.
[    0.092276] smp: Bringing up secondary CPUs ...
[    0.093321] smp: Brought up 1 node, 1 CPU
[    0.093412] SMP: Total of 1 processors activated.
[    0.093665] CPU features: detected: 32-bit EL0 Support
[    0.093769] CPU features: detected: 32-bit EL1 Support
[    0.093847] CPU features: detected: ARMv8.4 Translation Table Level
[    0.093955] CPU features: detected: Data cache clean to the PoU not required for I/D coherence
[    0.094138] CPU features: detected: Common not Private translations
[    0.094231] CPU features: detected: CRC32 instructions
[    0.094302] CPU features: detected: Data independent timing control (DIT)
[    0.094390] CPU features: detected: E0PD
[    0.094450] CPU features: detected: Enhanced Virtualization Traps
[    0.094605] CPU features: detected: Generic authentication (IMP DEF algorithm)
[    0.094704] CPU features: detected: RCpc load-acquire (LDAPR)
[    0.094781] CPU features: detected: LSE atomic instructions
[    0.094897] CPU features: detected: Privileged Access Never
[    0.094975] CPU features: detected: RAS Extension Support
[    0.095053] CPU features: detected: Random Number Generator
[    0.095127] CPU features: detected: Speculation barrier (SB)
[    0.096441] CPU features: detected: Stage-2 Force Write-Back
[    0.096532] CPU features: detected: TLB range maintenance instructions
[    0.096666] CPU features: detected: Scalable Matrix Extension
[    0.096748] CPU features: detected: FA64
[    0.096808] CPU features: detected: Speculative Store Bypassing Safe (SSBS)
[    0.096899] CPU features: detected: Scalable Vector Extension
[    0.110785] SVE: maximum available vector length 256 bytes per vector
[    0.114713] SVE: default vector length 64 bytes per vector
[    0.116790] SME: minimum available vector length 16 bytes per vector
[    0.116912] SME: maximum available vector length 256 bytes per vector
[    0.117003] SME: default vector length 32 bytes per vector
[    0.117499] CPU: All CPU(s) started at EL2
[    0.117593] alternatives: applying system-wide alternatives
[    0.165850] devtmpfs: initialized
[    0.191227] clocksource: jiffies: mask: 0xffffffff max_cycles: 0xffffffff, max_idle_ns: 7645041785100000 ns
[    0.191959] futex hash table entries: 256 (order: 2, 16384 bytes, linear)
[    0.197107] pinctrl core: initialized pinctrl subsystem
[    0.207949] DMI not present or invalid.
[    0.224830] NET: Registered PF_NETLINK/PF_ROUTE protocol family
[    0.236240] DMA: preallocated 128 KiB GFP_KERNEL pool for atomic allocations
[    0.237016] DMA: preallocated 128 KiB GFP_KERNEL|GFP_DMA pool for atomic allocations
[    0.237489] DMA: preallocated 128 KiB GFP_KERNEL|GFP_DMA32 pool for atomic allocations
[    0.237885] audit: initializing netlink subsys (disabled)
[    0.239869] audit: type=2000 audit(0.204:1): state=initialized audit_enabled=0 res=1
[    0.246921] thermal_sys: Registered thermal governor 'step_wise'
[    0.247048] thermal_sys: Registered thermal governor 'power_allocator'
[    0.247618] cpuidle: using governor menu
[    0.249514] hw-breakpoint: found 6 breakpoint and 4 watchpoint registers.
[    0.250055] ASID allocator initialised with 65536 entries
[    0.259831] Serial: AMBA PL011 UART driver
[    0.329049] 9000000.pl011: ttyAMA0 at MMIO 0x9000000 (irq = 14, base_baud = 0) is a PL011 rev1
[    0.330710] printk: console [ttyAMA0] enabled
[    0.330710] printk: console [ttyAMA0] enabled
[    0.333747] printk: bootconsole [pl11] disabled
[    0.333747] printk: bootconsole [pl11] disabled
[    0.351245] Modules: 2G module region forced by RANDOMIZE_MODULE_REGION_FULL
[    0.351410] Modules: 0 pages in range for non-PLT usage
[    0.351436] Modules: 515520 pages in range for PLT usage
[    0.356601] HugeTLB: registered 1.00 GiB page size, pre-allocated 0 pages
[    0.356784] HugeTLB: 0 KiB vmemmap can be freed for a 1.00 GiB page
[    0.356904] HugeTLB: registered 32.0 MiB page size, pre-allocated 0 pages
[    0.356996] HugeTLB: 0 KiB vmemmap can be freed for a 32.0 MiB page
[    0.357084] HugeTLB: registered 2.00 MiB page size, pre-allocated 0 pages
[    0.357170] HugeTLB: 0 KiB vmemmap can be freed for a 2.00 MiB page
[    0.357258] HugeTLB: registered 64.0 KiB page size, pre-allocated 0 pages
[    0.357346] HugeTLB: 0 KiB vmemmap can be freed for a 64.0 KiB page
[    0.368020] ACPI: Interpreter disabled.
[    0.377880] iommu: Default domain type: Translated
[    0.377991] iommu: DMA domain TLB invalidation policy: strict mode
[    0.379527] SCSI subsystem initialized
[    0.381997] usbcore: registered new interface driver usbfs
[    0.382397] usbcore: registered new interface driver hub
[    0.382658] usbcore: registered new device driver usb
[    0.386131] pps_core: LinuxPPS API ver. 1 registered
[    0.386223] pps_core: Software ver. 5.3.6 - Copyright 2005-2007 Rodolfo Giometti <giometti@linux.it>
[    0.387100] PTP clock support registered
[    0.387832] EDAC MC: Ver: 3.0.0
[    0.390680] scmi_core: SCMI protocol bus registered
[    0.394224] FPGA manager framework
[    0.395207] Advanced Linux Sound Architecture Driver Initialized.
[    0.406250] vgaarb: loaded
[    0.411312] clocksource: Switched to clocksource arch_sys_counter
[    0.414559] VFS: Disk quotas dquot_6.6.0
[    0.414848] VFS: Dquot-cache hash table entries: 512 (order 0, 4096 bytes)
[    0.416957] pnp: PnP ACPI: disabled
[    0.441065] NET: Registered PF_INET protocol family
[    0.442672] IP idents hash table entries: 8192 (order: 4, 65536 bytes, linear)
[    0.448012] tcp_listen_portaddr_hash hash table entries: 256 (order: 0, 4096 bytes, linear)
[    0.448238] Table-perturb hash table entries: 65536 (order: 6, 262144 bytes, linear)
[    0.448415] TCP established hash table entries: 4096 (order: 3, 32768 bytes, linear)
[    0.448725] TCP bind hash table entries: 4096 (order: 5, 131072 bytes, linear)
[    0.449070] TCP: Hash tables configured (established 4096 bind 4096)
[    0.450527] UDP hash table entries: 256 (order: 1, 8192 bytes, linear)
[    0.450904] UDP-Lite hash table entries: 256 (order: 1, 8192 bytes, linear)
[    0.452167] NET: Registered PF_UNIX/PF_LOCAL protocol family
[    0.455281] RPC: Registered named UNIX socket transport module.
[    0.455416] RPC: Registered udp transport module.
[    0.455499] RPC: Registered tcp transport module.
[    0.455571] RPC: Registered tcp-with-tls transport module.
[    0.455679] RPC: Registered tcp NFSv4.1 backchannel transport module.
[    0.455912] PCI: CLS 0 bytes, default 64
[    0.460165] kvm [1]: IPA Size Limit: 48 bits
[    0.460974] kvm [1]: GICv4 support disabled
[    0.461074] kvm [1]: GICv3: no GICV resource entry
[    0.461256] kvm [1]: disabling GICv2 emulation
[    0.461458] kvm [1]: GIC system register CPU interface enabled
[    0.462525] kvm [1]: vgic interrupt IRQ9
[    0.464845] Unpacking initramfs...
[    0.467471] kvm [1]: VHE mode initialized successfully
[    0.473571] Initialise system trusted keyrings
[    0.479673] workingset: timestamp_bits=42 max_order=17 bucket_order=0
[    0.481959] squashfs: version 4.0 (2009/01/31) Phillip Lougher
[    0.487897] NFS: Registering the id_resolver key type
[    0.488274] Key type id_resolver registered
[    0.488376] Key type id_legacy registered
[    0.488722] nfs4filelayout_init: NFSv4 File Layout Driver Registering...
[    0.488906] nfs4flexfilelayout_init: NFSv4 Flexfile Layout Driver Registering...
[    0.491139] 9p: Installing v9fs 9p2000 file system support
[    0.572720] Key type asymmetric registered
[    0.572868] Asymmetric key parser 'x509' registered
[    0.573266] Block layer SCSI generic (bsg) driver version 0.4 loaded (major 245)
[    0.573464] io scheduler mq-deadline registered
[    0.573598] io scheduler kyber registered
[    0.574012] io scheduler bfq registered
[    0.607092] Freeing initrd memory: 4428K
[    0.630197] pl061_gpio 9030000.pl061: PL061 GPIO chip registered
[    0.638725] pci-host-generic 4010000000.pcie: host bridge /pcie@10000000 ranges:
[    0.639735] pci-host-generic 4010000000.pcie:       IO 0x003eff0000..0x003effffff -> 0x0000000000
[    0.640434] pci-host-generic 4010000000.pcie:      MEM 0x0010000000..0x003efeffff -> 0x0010000000
[    0.640604] pci-host-generic 4010000000.pcie:      MEM 0x8000000000..0xffffffffff -> 0x8000000000
[    0.641337] pci-host-generic 4010000000.pcie: Memory resource size exceeds max for 32 bits
[    0.641947] pci-host-generic 4010000000.pcie: ECAM at [mem 0x4010000000-0x401fffffff] for [bus 00-ff]
[    0.643650] pci-host-generic 4010000000.pcie: PCI host bridge to bus 0000:00
[    0.643957] pci_bus 0000:00: root bus resource [bus 00-ff]
[    0.644127] pci_bus 0000:00: root bus resource [io  0x0000-0xffff]
[    0.644273] pci_bus 0000:00: root bus resource [mem 0x10000000-0x3efeffff]
[    0.644376] pci_bus 0000:00: root bus resource [mem 0x8000000000-0xffffffffff]
[    0.646026] pci 0000:00:00.0: [1b36:0008] type 00 class 0x060000
[    0.663861] EINJ: ACPI disabled.
[    0.754601] Serial: 8250/16550 driver, 4 ports, IRQ sharing enabled
[    0.765269] SuperH (H)SCI(F) driver initialized
[    0.767091] msm_serial: driver initialized
[    0.769019] STM32 USART driver initialized
[    0.798098] loop: module loaded
[    0.801726] megasas: 07.725.01.00-rc1
[    0.808706] physmap-flash 0.flash: physmap platform flash device: [mem 0x00000000-0x03ffffff]
[    0.810099] 0.flash: Found 2 x16 devices at 0x0 in 32-bit bank. Manufacturer ID 0x000000 Chip ID 0x000000
[    0.810714] Intel/Sharp Extended Query Table at 0x0031
[    0.811531] Using buffer write method
[    0.812206] physmap-flash 0.flash: physmap platform flash device: [mem 0x04000000-0x07ffffff]
[    0.812676] 0.flash: Found 2 x16 devices at 0x0 in 32-bit bank. Manufacturer ID 0x000000 Chip ID 0x000000
[    0.812865] Intel/Sharp Extended Query Table at 0x0031
[    0.813245] Using buffer write method
[    0.813429] Concatenating MTD devices:
[    0.813525] (0): "0.flash"
[    0.813601] (1): "0.flash"
[    0.813661] into device "0.flash"
[    0.910427] tun: Universal TUN/TAP device driver, 1.6
[    0.914083] thunder_xcv, ver 1.0
[    0.914257] thunder_bgx, ver 1.0
[    0.914418] nicpf, ver 1.0
[    0.918702] hns3: Hisilicon Ethernet Network Driver for Hip08 Family - version
[    0.918828] hns3: Copyright (c) 2017 Huawei Corporation.
[    0.919243] hclge is initializing
[    0.919479] e1000: Intel(R) PRO/1000 Network Driver
[    0.919568] e1000: Copyright (c) 1999-2006 Intel Corporation.
[    0.919809] e1000e: Intel(R) PRO/1000 Network Driver
[    0.919890] e1000e: Copyright(c) 1999 - 2015 Intel Corporation.
[    0.920081] igb: Intel(R) Gigabit Ethernet Network Driver
[    0.920167] igb: Copyright (c) 2007-2014 Intel Corporation.
[    0.920358] igbvf: Intel(R) Gigabit Virtual Function Network Driver
[    0.920452] igbvf: Copyright (c) 2009 - 2012 Intel Corporation.
[    0.921536] sky2: driver version 1.30
[    0.925953] VFIO - User Level meta-driver version: 0.3
[    0.936400] usbcore: registered new interface driver usb-storage
[    0.948313] rtc-pl031 9010000.pl031: registered as rtc0
[    0.949107] rtc-pl031 9010000.pl031: setting system clock to 2023-08-12T13:16:26 UTC (1691846186)
[    0.952120] i2c_dev: i2c /dev entries driver
[    0.974724] sdhci: Secure Digital Host Controller Interface driver
[    0.974845] sdhci: Copyright(c) Pierre Ossman
[    0.977341] Synopsys Designware Multimedia Card Interface Driver
[    0.980494] sdhci-pltfm: SDHCI platform and OF driver helper
[    0.987324] ledtrig-cpu: registered to indicate activity on CPUs
[    0.994097] usbcore: registered new interface driver usbhid
[    0.994198] usbhid: USB HID core driver
[    1.007010] hw perfevents: enabled with armv8_pmuv3 PMU driver, 7 counters available
[    1.023195] NET: Registered PF_PACKET protocol family
[    1.024615] 9pnet: Installing 9P2000 support
[    1.024970] Key type dns_resolver registered
[    1.059731] registered taskstats version 1
[    1.060967] Loading compiled-in X.509 certificates
[    1.098404] input: gpio-keys as /devices/platform/gpio-keys/input/input0
[    1.106931] clk: Disabling unused clocks
[    1.107744] ALSA device list:
[    1.107889]   No soundcards found.
[    1.111272] uart-pl011 9000000.pl011: no DMA platform data
[    1.181127] Freeing unused kernel memory: 2176K
[    1.181906] Run /init as init process
Starting syslogd: OK
Starting klogd: OK
Running sysctl: OK
Saving 256 bits of creditable seed for next boot
Starting network: OK
Linux version 6.5.0-rc5-next-20230809-cbl-00030-g8150cbc757fd (nathan@dev-arch.m3-large-x86-01) (ClangBuiltLinux clang version 12.0.1 (https://github.com/llvm/llvm-project fed41342a82f5a3a9201819a82bf7a48313e296b), ClangBuiltLinux LLD 12.0.1 (https://github.com/llvm/llvm-project fed41342a82f5a3a9201819a82bf7a48313e296b)) #1 SMP PREEMPT Sat Aug 12 13:16:08 UTC 2023
Stopping network: OK
Seeding 256 bits and crediting
Saving 256 bits of creditable seed for next boot
Stopping klogd: OK
Stopping syslogd: OK
umount: devtmpfs busy - remounted read-only
umount: can't unmount /: Invalid argument

The system is going down NOW!

Sent SIGTERM to all processes

Sent SIGKILL to all processes

Requesting system poweroff
[    3.902602] Flash device refused suspend due to active operation (state 20)
[    3.902827] Flash device refused suspend due to active operation (state 20)
[    3.903613] kvm: exiting hardware virtualization
[    3.903767] reboot: Power down
$ timeout --foreground 3m stdbuf -eL -oL /usr/sbin/qemu-system-aarch64 -display none -nodefaults -cpu max,pauth-impdef=true -machine virt,gic-version=max,virtualization=true -append 'console=ttyAMA0 earlycon' -kernel /home/nathan/tmp/build/cbl_lkt/linux-next/arm64/arch/arm64/boot/Image.gz -initrd /home/nathan/cbl/llvm-kernel-testing/src/boot-utils/images/arm64/rootfs.cpio -m 512m -serial mon:stdio
