
[01;32mQEMU location: [0m/usr/sbin[0m

[01;32mQEMU version: [0mQEMU emulator version 8.0.3[0m
[    0.000000] Booting Linux on physical CPU 0x0000000000 [0x000f0510]
[    0.000000] Linux version 6.5.0-rc5-next-20230809-cbl-00030-g8150cbc757fd (nathan@dev-arch.m3-large-x86-01) (ClangBuiltLinux clang version 12.0.1 (https://github.com/llvm/llvm-project fed41342a82f5a3a9201819a82bf7a48313e296b), ClangBuiltLinux LLD 12.0.1 (https://github.com/llvm/llvm-project fed41342a82f5a3a9201819a82bf7a48313e296b)) #1 SMP PREEMPT Sat Aug 12 13:13:33 UTC 2023
[    0.000000] KASLR enabled
[    0.000000] random: crng init done
[    0.000000] Machine model: linux,dummy-virt
[    0.000000] efi: UEFI not found.
[    0.000000] earlycon: pl11 at MMIO 0x0000000009000000 (options '')
[    0.000000] printk: bootconsole [pl11] enabled
[    0.000000] NUMA: No NUMA configuration found
[    0.000000] NUMA: Faking a node at [mem 0x0000000040000000-0x000000005fffffff]
[    0.000000] NUMA: NODE_DATA [mem 0x5fef29c0-0x5fef4fff]
[    0.000000] Zone ranges:
[    0.000000]   DMA      [mem 0x0000000040000000-0x000000005fffffff]
[    0.000000]   DMA32    empty
[    0.000000]   Normal   empty
[    0.000000] Movable zone start for each node
[    0.000000] Early memory node ranges
[    0.000000]   node   0: [mem 0x0000000040000000-0x000000005fffffff]
[    0.000000] Initmem setup node 0 [mem 0x0000000040000000-0x000000005fffffff]
[    0.000000] cma: Reserved 32 MiB at 0x000000005d600000 on node -1
[    0.000000] psci: probing for conduit method from DT.
[    0.000000] psci: PSCIv1.1 detected in firmware.
[    0.000000] psci: Using standard PSCI v0.2 function IDs
[    0.000000] psci: Trusted OS migration not required
[    0.000000] psci: SMC Calling Convention v1.0
[    0.000000] percpu: Embedded 22 pages/cpu s50536 r8192 d31384 u90112
[    0.000000] Detected PIPT I-cache on CPU0
[    0.000000] CPU features: detected: Branch Target Identification
[    0.000000] CPU features: detected: Address authentication (IMP DEF algorithm)
[    0.000000] CPU features: detected: GIC system register CPU interface
[    0.000000] CPU features: detected: HCRX_EL2 register
[    0.000000] CPU features: detected: Virtualization Host Extensions
[    0.000000] CPU features: detected: Hardware dirty bit management
[    0.000000] CPU features: detected: Spectre-v4
[    0.000000] alternatives: applying boot alternatives
[    0.000000] Kernel command line: console=ttyAMA0 earlycon
[    0.000000] Dentry cache hash table entries: 65536 (order: 7, 524288 bytes, linear)
[    0.000000] Inode-cache hash table entries: 32768 (order: 6, 262144 bytes, linear)
[    0.000000] Fallback order for Node 0: 0 
[    0.000000] Built 1 zonelists, mobility grouping on.  Total pages: 129024
[    0.000000] Policy zone: DMA
[    0.000000] mem auto-init: stack:all(zero), heap alloc:off, heap free:off
[    0.000000] software IO TLB: area num 1.
[    0.000000] software IO TLB: mapped [mem 0x0000000059600000-0x000000005d600000] (64MB)
[    0.000000] Memory: 374372K/524288K available (17408K kernel code, 4258K rwdata, 10364K rodata, 2432K init, 596K bss, 117148K reserved, 32768K cma-reserved)
[    0.000000] SLUB: HWalign=64, Order=0-3, MinObjects=0, CPUs=1, Nodes=1
[    0.000000] rcu: Preemptible hierarchical RCU implementation.
[    0.000000] rcu: 	RCU event tracing is enabled.
[    0.000000] rcu: 	RCU restricting CPUs from NR_CPUS=256 to nr_cpu_ids=1.
[    0.000000] 	Trampoline variant of Tasks RCU enabled.
[    0.000000] 	Tracing variant of Tasks RCU enabled.
[    0.000000] rcu: RCU calculated value of scheduler-enlistment delay is 25 jiffies.
[    0.000000] rcu: Adjusting geometry for rcu_fanout_leaf=16, nr_cpu_ids=1
[    0.000000] NR_IRQS: 64, nr_irqs: 64, preallocated irqs: 0
[    0.000000] GICv3: GIC: Using split EOI/Deactivate mode
[    0.000000] GICv3: 256 SPIs implemented
[    0.000000] GICv3: 0 Extended SPIs implemented
[    0.000000] Root IRQ handler: gic_handle_irq
[    0.000000] GICv3: GICv3 features: 16 PPIs
[    0.000000] GICv3: GICv4 features: 
[    0.000000] GICv3: CPU0: found redistributor 0 region 0:0x00000000080a0000
[    0.000000] ITS [mem 0x08080000-0x0809ffff]
[    0.000000] ITS@0x0000000008080000: Single VMOVP capable
[    0.000000] ITS@0x0000000008080000: allocated 8192 Devices @42840000 (indirect, esz 8, psz 64K, shr 1)
[    0.000000] ITS@0x0000000008080000: allocated 8192 Interrupt Collections @42850000 (flat, esz 8, psz 64K, shr 1)
[    0.000000] ITS@0x0000000008080000: allocated 8192 Virtual CPUs @42860000 (indirect, esz 8, psz 64K, shr 1)
[    0.000000] GICv3: using LPI property table @0x0000000042870000
[    0.000000] ITS: Allocated DevID ffff as GICv4 proxy device (2 slots)
[    0.000000] ITS: Enabling GICv4 support
[    0.000000] GICv3: CPU0: using allocated LPI pending table @0x0000000042880000
[    0.000000] rcu: srcu_init: Setting srcu_struct sizes based on contention.
[    0.000000] arch_timer: cp15 timer(s) running at 62.50MHz (phys).
[    0.000000] clocksource: arch_sys_counter: mask: 0x1ffffffffffffff max_cycles: 0x1cd42e208c, max_idle_ns: 881590405314 ns
[    0.000066] sched_clock: 57 bits at 63MHz, resolution 16ns, wraps every 4398046511096ns
[    0.019129] Console: colour dummy device 80x25
[    0.025264] Calibrating delay loop (skipped), value calculated using timer frequency.. 125.00 BogoMIPS (lpj=250000)
[    0.026307] pid_max: default: 32768 minimum: 301
[    0.028599] LSM: initializing lsm=capability,integrity
[    0.032341] Mount-cache hash table entries: 1024 (order: 1, 8192 bytes, linear)
[    0.032530] Mountpoint-cache hash table entries: 1024 (order: 1, 8192 bytes, linear)
[    0.067722] cacheinfo: Unable to detect cache hierarchy for CPU 0
[    0.076816] RCU Tasks: Setting shift to 0 and lim to 1 rcu_task_cb_adjust=1.
[    0.077476] RCU Tasks Trace: Setting shift to 0 and lim to 1 rcu_task_cb_adjust=1.
[    0.079313] rcu: Hierarchical SRCU implementation.
[    0.079432] rcu: 	Max phase no-delay instances is 1000.
[    0.084136] Platform MSI: its@8080000 domain created
[    0.084687] PCI/MSI: /intc@8000000/its@8080000 domain created
[    0.085290] fsl-mc MSI: its@8080000 domain created
[    0.088281] EFI services will not be available.
[    0.089126] smp: Bringing up secondary CPUs ...
[    0.090092] smp: Brought up 1 node, 1 CPU
[    0.090181] SMP: Total of 1 processors activated.
[    0.091606] CPU features: detected: 32-bit EL0 Support
[    0.091725] CPU features: detected: 32-bit EL1 Support
[    0.091804] CPU features: detected: ARMv8.4 Translation Table Level
[    0.091909] CPU features: detected: Data cache clean to the PoU not required for I/D coherence
[    0.092054] CPU features: detected: Common not Private translations
[    0.092142] CPU features: detected: CRC32 instructions
[    0.092215] CPU features: detected: Data independent timing control (DIT)
[    0.092303] CPU features: detected: E0PD
[    0.092366] CPU features: detected: Enhanced Virtualization Traps
[    0.092525] CPU features: detected: Generic authentication (IMP DEF algorithm)
[    0.092621] CPU features: detected: RCpc load-acquire (LDAPR)
[    0.092696] CPU features: detected: LSE atomic instructions
[    0.092795] CPU features: detected: Privileged Access Never
[    0.092871] CPU features: detected: RAS Extension Support
[    0.092944] CPU features: detected: Random Number Generator
[    0.093018] CPU features: detected: Speculation barrier (SB)
[    0.093093] CPU features: detected: Stage-2 Force Write-Back
[    0.093168] CPU features: detected: TLB range maintenance instructions
[    0.093286] CPU features: detected: Scalable Matrix Extension
[    0.093367] CPU features: detected: FA64
[    0.093433] CPU features: detected: Speculative Store Bypassing Safe (SSBS)
[    0.093529] CPU features: detected: Scalable Vector Extension
[    0.105826] SVE: maximum available vector length 256 bytes per vector
[    0.110222] SVE: default vector length 64 bytes per vector
[    0.112284] SME: minimum available vector length 16 bytes per vector
[    0.112400] SME: maximum available vector length 256 bytes per vector
[    0.112497] SME: default vector length 32 bytes per vector
[    0.112964] CPU: All CPU(s) started at EL2
[    0.113052] alternatives: applying system-wide alternatives
[    0.179308] devtmpfs: initialized
[    0.203585] clocksource: jiffies: mask: 0xffffffff max_cycles: 0xffffffff, max_idle_ns: 7645041785100000 ns
[    0.204427] futex hash table entries: 256 (order: 2, 16384 bytes, linear)
[    0.209379] pinctrl core: initialized pinctrl subsystem
[    0.222523] DMI not present or invalid.
[    0.235522] NET: Registered PF_NETLINK/PF_ROUTE protocol family
[    0.246729] DMA: preallocated 128 KiB GFP_KERNEL pool for atomic allocations
[    0.247378] DMA: preallocated 128 KiB GFP_KERNEL|GFP_DMA pool for atomic allocations
[    0.247778] DMA: preallocated 128 KiB GFP_KERNEL|GFP_DMA32 pool for atomic allocations
[    0.248192] audit: initializing netlink subsys (disabled)
[    0.253412] audit: type=2000 audit(0.200:1): state=initialized audit_enabled=0 res=1
[    0.256931] thermal_sys: Registered thermal governor 'step_wise'
[    0.257056] thermal_sys: Registered thermal governor 'power_allocator'
[    0.257691] cpuidle: using governor menu
[    0.259440] hw-breakpoint: found 6 breakpoint and 4 watchpoint registers.
[    0.259977] ASID allocator initialised with 65536 entries
[    0.268955] Serial: AMBA PL011 UART driver
[    0.334597] 9000000.pl011: ttyAMA0 at MMIO 0x9000000 (irq = 14, base_baud = 0) is a PL011 rev1
[    0.336150] printk: console [ttyAMA0] enabled
[    0.336150] printk: console [ttyAMA0] enabled
[    0.336518] printk: bootconsole [pl11] disabled
[    0.336518] printk: bootconsole [pl11] disabled
[    0.358059] Modules: 2G module region forced by RANDOMIZE_MODULE_REGION_FULL
[    0.358251] Modules: 0 pages in range for non-PLT usage
[    0.358276] Modules: 515472 pages in range for PLT usage
[    0.363516] HugeTLB: registered 1.00 GiB page size, pre-allocated 0 pages
[    0.363690] HugeTLB: 0 KiB vmemmap can be freed for a 1.00 GiB page
[    0.363808] HugeTLB: registered 32.0 MiB page size, pre-allocated 0 pages
[    0.363899] HugeTLB: 0 KiB vmemmap can be freed for a 32.0 MiB page
[    0.363988] HugeTLB: registered 2.00 MiB page size, pre-allocated 0 pages
[    0.364095] HugeTLB: 0 KiB vmemmap can be freed for a 2.00 MiB page
[    0.364201] HugeTLB: registered 64.0 KiB page size, pre-allocated 0 pages
[    0.364292] HugeTLB: 0 KiB vmemmap can be freed for a 64.0 KiB page
[    0.374278] ACPI: Interpreter disabled.
[    0.383714] iommu: Default domain type: Translated
[    0.383825] iommu: DMA domain TLB invalidation policy: strict mode
[    0.385273] SCSI subsystem initialized
[    0.387652] usbcore: registered new interface driver usbfs
[    0.388106] usbcore: registered new interface driver hub
[    0.388342] usbcore: registered new device driver usb
[    0.391840] pps_core: LinuxPPS API ver. 1 registered
[    0.391929] pps_core: Software ver. 5.3.6 - Copyright 2005-2007 Rodolfo Giometti <giometti@linux.it>
[    0.392140] PTP clock support registered
[    0.392809] EDAC MC: Ver: 3.0.0
[    0.395622] scmi_core: SCMI protocol bus registered
[    0.398939] FPGA manager framework
[    0.399832] Advanced Linux Sound Architecture Driver Initialized.
[    0.410252] vgaarb: loaded
[    0.415826] clocksource: Switched to clocksource arch_sys_counter
[    0.418706] VFS: Disk quotas dquot_6.6.0
[    0.418933] VFS: Dquot-cache hash table entries: 512 (order 0, 4096 bytes)
[    0.420932] pnp: PnP ACPI: disabled
[    0.443793] NET: Registered PF_INET protocol family
[    0.445235] IP idents hash table entries: 8192 (order: 4, 65536 bytes, linear)
[    0.450584] tcp_listen_portaddr_hash hash table entries: 256 (order: 0, 4096 bytes, linear)
[    0.450776] Table-perturb hash table entries: 65536 (order: 6, 262144 bytes, linear)
[    0.450952] TCP established hash table entries: 4096 (order: 3, 32768 bytes, linear)
[    0.451242] TCP bind hash table entries: 4096 (order: 5, 131072 bytes, linear)
[    0.451632] TCP: Hash tables configured (established 4096 bind 4096)
[    0.452748] UDP hash table entries: 256 (order: 1, 8192 bytes, linear)
[    0.453101] UDP-Lite hash table entries: 256 (order: 1, 8192 bytes, linear)
[    0.454384] NET: Registered PF_UNIX/PF_LOCAL protocol family
[    0.457370] RPC: Registered named UNIX socket transport module.
[    0.457514] RPC: Registered udp transport module.
[    0.457595] RPC: Registered tcp transport module.
[    0.457666] RPC: Registered tcp-with-tls transport module.
[    0.457744] RPC: Registered tcp NFSv4.1 backchannel transport module.
[    0.457942] PCI: CLS 0 bytes, default 64
[    0.461305] kvm [1]: IPA Size Limit: 48 bits
[    0.462002] kvm [1]: GICv4 support disabled
[    0.462096] kvm [1]: GICv3: no GICV resource entry
[    0.462249] kvm [1]: disabling GICv2 emulation
[    0.462453] kvm [1]: GIC system register CPU interface enabled
[    0.466561] Unpacking initramfs...
[    0.467736] kvm [1]: vgic interrupt IRQ9
[    0.468351] kvm [1]: VHE mode initialized successfully
[    0.479845] Initialise system trusted keyrings
[    0.481257] workingset: timestamp_bits=42 max_order=17 bucket_order=0
[    0.487567] squashfs: version 4.0 (2009/01/31) Phillip Lougher
[    0.489317] NFS: Registering the id_resolver key type
[    0.489714] Key type id_resolver registered
[    0.489813] Key type id_legacy registered
[    0.490097] nfs4filelayout_init: NFSv4 File Layout Driver Registering...
[    0.490284] nfs4flexfilelayout_init: NFSv4 Flexfile Layout Driver Registering...
[    0.495882] 9p: Installing v9fs 9p2000 file system support
[    0.573364] Key type asymmetric registered
[    0.573511] Asymmetric key parser 'x509' registered
[    0.573882] Block layer SCSI generic (bsg) driver version 0.4 loaded (major 245)
[    0.574083] io scheduler mq-deadline registered
[    0.574210] io scheduler kyber registered
[    0.574587] io scheduler bfq registered
[    0.601186] Freeing initrd memory: 4428K
[    0.626653] pl061_gpio 9030000.pl061: PL061 GPIO chip registered
[    0.634879] pci-host-generic 4010000000.pcie: host bridge /pcie@10000000 ranges:
[    0.635729] pci-host-generic 4010000000.pcie:       IO 0x003eff0000..0x003effffff -> 0x0000000000
[    0.636428] pci-host-generic 4010000000.pcie:      MEM 0x0010000000..0x003efeffff -> 0x0010000000
[    0.636615] pci-host-generic 4010000000.pcie:      MEM 0x8000000000..0xffffffffff -> 0x8000000000
[    0.637250] pci-host-generic 4010000000.pcie: Memory resource size exceeds max for 32 bits
[    0.637861] pci-host-generic 4010000000.pcie: ECAM at [mem 0x4010000000-0x401fffffff] for [bus 00-ff]
[    0.639584] pci-host-generic 4010000000.pcie: PCI host bridge to bus 0000:00
[    0.639890] pci_bus 0000:00: root bus resource [bus 00-ff]
[    0.640035] pci_bus 0000:00: root bus resource [io  0x0000-0xffff]
[    0.640150] pci_bus 0000:00: root bus resource [mem 0x10000000-0x3efeffff]
[    0.640250] pci_bus 0000:00: root bus resource [mem 0x8000000000-0xffffffffff]
[    0.641865] pci 0000:00:00.0: [1b36:0008] type 00 class 0x060000
[    0.659276] EINJ: ACPI disabled.
[    0.746787] Serial: 8250/16550 driver, 4 ports, IRQ sharing enabled
[    0.757081] SuperH (H)SCI(F) driver initialized
[    0.758815] msm_serial: driver initialized
[    0.760858] STM32 USART driver initialized
[    0.788589] loop: module loaded
[    0.792353] megasas: 07.725.01.00-rc1
[    0.799066] physmap-flash 0.flash: physmap platform flash device: [mem 0x00000000-0x03ffffff]
[    0.800526] 0.flash: Found 2 x16 devices at 0x0 in 32-bit bank. Manufacturer ID 0x000000 Chip ID 0x000000
[    0.801087] Intel/Sharp Extended Query Table at 0x0031
[    0.801756] Using buffer write method
[    0.802417] physmap-flash 0.flash: physmap platform flash device: [mem 0x04000000-0x07ffffff]
[    0.802884] 0.flash: Found 2 x16 devices at 0x0 in 32-bit bank. Manufacturer ID 0x000000 Chip ID 0x000000
[    0.803069] Intel/Sharp Extended Query Table at 0x0031
[    0.803598] Using buffer write method
[    0.803762] Concatenating MTD devices:
[    0.803839] (0): "0.flash"
[    0.803906] (1): "0.flash"
[    0.803964] into device "0.flash"
[    0.898661] tun: Universal TUN/TAP device driver, 1.6
[    0.902023] thunder_xcv, ver 1.0
[    0.902236] thunder_bgx, ver 1.0
[    0.902407] nicpf, ver 1.0
[    0.906616] hns3: Hisilicon Ethernet Network Driver for Hip08 Family - version
[    0.906726] hns3: Copyright (c) 2017 Huawei Corporation.
[    0.907041] hclge is initializing
[    0.907265] e1000: Intel(R) PRO/1000 Network Driver
[    0.907345] e1000: Copyright (c) 1999-2006 Intel Corporation.
[    0.907626] e1000e: Intel(R) PRO/1000 Network Driver
[    0.907707] e1000e: Copyright(c) 1999 - 2015 Intel Corporation.
[    0.907901] igb: Intel(R) Gigabit Ethernet Network Driver
[    0.907986] igb: Copyright (c) 2007-2014 Intel Corporation.
[    0.908217] igbvf: Intel(R) Gigabit Virtual Function Network Driver
[    0.908319] igbvf: Copyright (c) 2009 - 2012 Intel Corporation.
[    0.909414] sky2: driver version 1.30
[    0.913526] VFIO - User Level meta-driver version: 0.3
[    0.923467] usbcore: registered new interface driver usb-storage
[    0.934966] rtc-pl031 9010000.pl031: registered as rtc0
[    0.935719] rtc-pl031 9010000.pl031: setting system clock to 2023-08-12T13:13:57 UTC (1691846037)
[    0.938598] i2c_dev: i2c /dev entries driver
[    0.960795] sdhci: Secure Digital Host Controller Interface driver
[    0.960893] sdhci: Copyright(c) Pierre Ossman
[    0.963199] Synopsys Designware Multimedia Card Interface Driver
[    0.966202] sdhci-pltfm: SDHCI platform and OF driver helper
[    0.972670] ledtrig-cpu: registered to indicate activity on CPUs
[    0.979234] usbcore: registered new interface driver usbhid
[    0.979336] usbhid: USB HID core driver
[    0.991918] hw perfevents: enabled with armv8_pmuv3 PMU driver, 7 counters available
[    1.007842] NET: Registered PF_PACKET protocol family
[    1.009279] 9pnet: Installing 9P2000 support
[    1.009661] Key type dns_resolver registered
[    1.041901] registered taskstats version 1
[    1.043251] Loading compiled-in X.509 certificates
[    1.077248] input: gpio-keys as /devices/platform/gpio-keys/input/input0
[    1.085984] clk: Disabling unused clocks
[    1.086600] ALSA device list:
[    1.086727]   No soundcards found.
[    1.089760] uart-pl011 9000000.pl011: no DMA platform data
[    1.162185] Freeing unused kernel memory: 2432K
[    1.162984] Run /init as init process
Starting syslogd: OK
Starting klogd: OK
Running sysctl: OK
Saving 256 bits of creditable seed for next boot
Starting network: OK
Linux version 6.5.0-rc5-next-20230809-cbl-00030-g8150cbc757fd (nathan@dev-arch.m3-large-x86-01) (ClangBuiltLinux clang version 12.0.1 (https://github.com/llvm/llvm-project fed41342a82f5a3a9201819a82bf7a48313e296b), ClangBuiltLinux LLD 12.0.1 (https://github.com/llvm/llvm-project fed41342a82f5a3a9201819a82bf7a48313e296b)) #1 SMP PREEMPT Sat Aug 12 13:13:33 UTC 2023
Stopping network: OK
Seeding 256 bits and crediting
Saving 256 bits of creditable seed for next boot
Stopping klogd: OK
Stopping syslogd: OK
umount: devtmpfs busy - remounted read-only
umount: can't unmount /: Invalid argument

The system is going down NOW!

Sent SIGTERM to all processes

Sent SIGKILL to all processes

Requesting system poweroff
[    3.858878] Flash device refused suspend due to active operation (state 20)
[    3.859098] Flash device refused suspend due to active operation (state 20)
[    3.859789] kvm: exiting hardware virtualization
[    3.859930] reboot: Power down
$ timeout --foreground 3m stdbuf -eL -oL /usr/sbin/qemu-system-aarch64 -display none -nodefaults -cpu max,pauth-impdef=true -machine virt,gic-version=max,virtualization=true -append 'console=ttyAMA0 earlycon' -kernel /home/nathan/tmp/build/cbl_lkt/linux-next/arm64/arch/arm64/boot/Image.gz -initrd /home/nathan/cbl/llvm-kernel-testing/src/boot-utils/images/arm64/rootfs.cpio -m 512m -serial mon:stdio
