Using /home/nathan/cbl/src/linux-next/arch/arm64/configs/defconfig as base
Merging /home/nathan/cbl/src/linux-next/arch/arm64/configs/virt.config
#
# merged configuration written to .config (needs make)
#

[01;32mQEMU location: [0m/usr/sbin[0m

[01;32mQEMU version: [0mQEMU emulator version 8.0.3[0m
[    0.000000] Booting Linux on physical CPU 0x0000000000 [0x000f0510]
[    0.000000] Linux version 6.5.0-rc5-next-20230809-cbl-00030-g8150cbc757fd (nathan@dev-arch.m3-large-x86-01) (ClangBuiltLinux clang version 12.0.1 (https://github.com/llvm/llvm-project fed41342a82f5a3a9201819a82bf7a48313e296b), ClangBuiltLinux LLD 12.0.1 (https://github.com/llvm/llvm-project fed41342a82f5a3a9201819a82bf7a48313e296b)) #1 SMP PREEMPT Sat Aug 12 13:07:50 UTC 2023
[    0.000000] KASLR enabled
[    0.000000] random: crng init done
[    0.000000] Machine model: linux,dummy-virt
[    0.000000] efi: UEFI not found.
[    0.000000] earlycon: pl11 at MMIO 0x0000000009000000 (options '')
[    0.000000] printk: bootconsole [pl11] enabled
[    0.000000] NUMA: No NUMA configuration found
[    0.000000] NUMA: Faking a node at [mem 0x0000000040000000-0x000000005fffffff]
[    0.000000] NUMA: NODE_DATA [mem 0x5feed9c0-0x5feeffff]
[    0.000000] Zone ranges:
[    0.000000]   DMA      [mem 0x0000000040000000-0x000000005fffffff]
[    0.000000]   DMA32    empty
[    0.000000]   Normal   empty
[    0.000000] Movable zone start for each node
[    0.000000] Early memory node ranges
[    0.000000]   node   0: [mem 0x0000000040000000-0x000000005fffffff]
[    0.000000] Initmem setup node 0 [mem 0x0000000040000000-0x000000005fffffff]
[    0.000000] cma: Reserved 32 MiB at 0x000000005d600000 on node -1
[    0.000000] psci: probing for conduit method from DT.
[    0.000000] psci: PSCIv1.1 detected in firmware.
[    0.000000] psci: Using standard PSCI v0.2 function IDs
[    0.000000] psci: Trusted OS migration not required
[    0.000000] psci: SMC Calling Convention v1.0
[    0.000000] percpu: Embedded 22 pages/cpu s49192 r8192 d32728 u90112
[    0.000000] Detected PIPT I-cache on CPU0
[    0.000000] CPU features: detected: Branch Target Identification
[    0.000000] CPU features: detected: Address authentication (IMP DEF algorithm)
[    0.000000] CPU features: detected: GIC system register CPU interface
[    0.000000] CPU features: detected: HCRX_EL2 register
[    0.000000] CPU features: detected: Virtualization Host Extensions
[    0.000000] CPU features: detected: Hardware dirty bit management
[    0.000000] CPU features: detected: Spectre-v4
[    0.000000] alternatives: applying boot alternatives
[    0.000000] Kernel command line: console=ttyAMA0 earlycon
[    0.000000] Dentry cache hash table entries: 65536 (order: 7, 524288 bytes, linear)
[    0.000000] Inode-cache hash table entries: 32768 (order: 6, 262144 bytes, linear)
[    0.000000] Fallback order for Node 0: 0 
[    0.000000] Built 1 zonelists, mobility grouping on.  Total pages: 129024
[    0.000000] Policy zone: DMA
[    0.000000] mem auto-init: stack:all(zero), heap alloc:off, heap free:off
[    0.000000] software IO TLB: area num 1.
[    0.000000] software IO TLB: mapped [mem 0x0000000059600000-0x000000005d600000] (64MB)
[    0.000000] Memory: 388560K/524288K available (13504K kernel code, 1294K rwdata, 4540K rodata, 1024K init, 536K bss, 102960K reserved, 32768K cma-reserved)
[    0.000000] SLUB: HWalign=64, Order=0-3, MinObjects=0, CPUs=1, Nodes=1
[    0.000000] rcu: Preemptible hierarchical RCU implementation.
[    0.000000] rcu: 	RCU event tracing is enabled.
[    0.000000] rcu: 	RCU restricting CPUs from NR_CPUS=256 to nr_cpu_ids=1.
[    0.000000] 	Trampoline variant of Tasks RCU enabled.
[    0.000000] 	Tracing variant of Tasks RCU enabled.
[    0.000000] rcu: RCU calculated value of scheduler-enlistment delay is 25 jiffies.
[    0.000000] rcu: Adjusting geometry for rcu_fanout_leaf=16, nr_cpu_ids=1
[    0.000000] NR_IRQS: 64, nr_irqs: 64, preallocated irqs: 0
[    0.000000] GICv3: GIC: Using split EOI/Deactivate mode
[    0.000000] GICv3: 256 SPIs implemented
[    0.000000] GICv3: 0 Extended SPIs implemented
[    0.000000] Root IRQ handler: gic_handle_irq
[    0.000000] GICv3: GICv3 features: 16 PPIs
[    0.000000] GICv3: GICv4 features: 
[    0.000000] GICv3: CPU0: found redistributor 0 region 0:0x00000000080a0000
[    0.000000] ITS [mem 0x08080000-0x0809ffff]
[    0.000000] ITS@0x0000000008080000: Single VMOVP capable
[    0.000000] ITS@0x0000000008080000: allocated 8192 Devices @41840000 (indirect, esz 8, psz 64K, shr 1)
[    0.000000] ITS@0x0000000008080000: allocated 8192 Interrupt Collections @41850000 (flat, esz 8, psz 64K, shr 1)
[    0.000000] ITS@0x0000000008080000: allocated 8192 Virtual CPUs @41860000 (indirect, esz 8, psz 64K, shr 1)
[    0.000000] GICv3: using LPI property table @0x0000000041870000
[    0.000000] ITS: Allocated DevID ffff as GICv4 proxy device (2 slots)
[    0.000000] ITS: Enabling GICv4 support
[    0.000000] GICv3: CPU0: using allocated LPI pending table @0x0000000041880000
[    0.000000] rcu: srcu_init: Setting srcu_struct sizes based on contention.
[    0.000000] arch_timer: cp15 timer(s) running at 62.50MHz (phys).
[    0.000000] clocksource: arch_sys_counter: mask: 0x1ffffffffffffff max_cycles: 0x1cd42e208c, max_idle_ns: 881590405314 ns
[    0.000065] sched_clock: 57 bits at 63MHz, resolution 16ns, wraps every 4398046511096ns
[    0.019036] Console: colour dummy device 80x25
[    0.025207] Calibrating delay loop (skipped), value calculated using timer frequency.. 125.00 BogoMIPS (lpj=250000)
[    0.026228] pid_max: default: 32768 minimum: 301
[    0.028473] LSM: initializing lsm=capability,integrity
[    0.032211] Mount-cache hash table entries: 1024 (order: 1, 8192 bytes, linear)
[    0.032389] Mountpoint-cache hash table entries: 1024 (order: 1, 8192 bytes, linear)
[    0.068242] cacheinfo: Unable to detect cache hierarchy for CPU 0
[    0.077181] RCU Tasks: Setting shift to 0 and lim to 1 rcu_task_cb_adjust=1.
[    0.077850] RCU Tasks Trace: Setting shift to 0 and lim to 1 rcu_task_cb_adjust=1.
[    0.079688] rcu: Hierarchical SRCU implementation.
[    0.079802] rcu: 	Max phase no-delay instances is 1000.
[    0.084452] Platform MSI: its@8080000 domain created
[    0.085015] PCI/MSI: /intc@8000000/its@8080000 domain created
[    0.085663] EFI services will not be available.
[    0.086509] smp: Bringing up secondary CPUs ...
[    0.087595] smp: Brought up 1 node, 1 CPU
[    0.087690] SMP: Total of 1 processors activated.
[    0.087940] CPU features: detected: 32-bit EL0 Support
[    0.088047] CPU features: detected: 32-bit EL1 Support
[    0.088129] CPU features: detected: ARMv8.4 Translation Table Level
[    0.088237] CPU features: detected: Data cache clean to the PoU not required for I/D coherence
[    0.088384] CPU features: detected: Common not Private translations
[    0.088471] CPU features: detected: CRC32 instructions
[    0.088545] CPU features: detected: Data independent timing control (DIT)
[    0.088635] CPU features: detected: E0PD
[    0.088698] CPU features: detected: Enhanced Virtualization Traps
[    0.088855] CPU features: detected: Generic authentication (IMP DEF algorithm)
[    0.088958] CPU features: detected: RCpc load-acquire (LDAPR)
[    0.089036] CPU features: detected: LSE atomic instructions
[    0.089155] CPU features: detected: Privileged Access Never
[    0.089236] CPU features: detected: RAS Extension Support
[    0.089315] CPU features: detected: Random Number Generator
[    0.089390] CPU features: detected: Speculation barrier (SB)
[    0.089468] CPU features: detected: Stage-2 Force Write-Back
[    0.089546] CPU features: detected: TLB range maintenance instructions
[    0.089677] CPU features: detected: Scalable Matrix Extension
[    0.089761] CPU features: detected: FA64
[    0.089821] CPU features: detected: Speculative Store Bypassing Safe (SSBS)
[    0.089912] CPU features: detected: Scalable Vector Extension
[    0.100878] SVE: maximum available vector length 256 bytes per vector
[    0.104481] SVE: default vector length 64 bytes per vector
[    0.106400] SME: minimum available vector length 16 bytes per vector
[    0.106510] SME: maximum available vector length 256 bytes per vector
[    0.106604] SME: default vector length 32 bytes per vector
[    0.109053] CPU: All CPU(s) started at EL2
[    0.109158] alternatives: applying system-wide alternatives
[    0.157049] devtmpfs: initialized
[    0.180635] clocksource: jiffies: mask: 0xffffffff max_cycles: 0xffffffff, max_idle_ns: 7645041785100000 ns
[    0.181338] futex hash table entries: 256 (order: 2, 16384 bytes, linear)
[    0.187212] pinctrl core: initialized pinctrl subsystem
[    0.194830] DMI not present or invalid.
[    0.208642] NET: Registered PF_NETLINK/PF_ROUTE protocol family
[    0.219960] DMA: preallocated 128 KiB GFP_KERNEL pool for atomic allocations
[    0.220631] DMA: preallocated 128 KiB GFP_KERNEL|GFP_DMA pool for atomic allocations
[    0.221060] DMA: preallocated 128 KiB GFP_KERNEL|GFP_DMA32 pool for atomic allocations
[    0.221694] audit: initializing netlink subsys (disabled)
[    0.225750] audit: type=2000 audit(0.192:1): state=initialized audit_enabled=0 res=1
[    0.227968] thermal_sys: Registered thermal governor 'step_wise'
[    0.228107] thermal_sys: Registered thermal governor 'power_allocator'
[    0.228565] cpuidle: using governor menu
[    0.230207] hw-breakpoint: found 6 breakpoint and 4 watchpoint registers.
[    0.230749] ASID allocator initialised with 65536 entries
[    0.232386] Serial: AMBA PL011 UART driver
[    0.270776] 9000000.pl011: ttyAMA0 at MMIO 0x9000000 (irq = 14, base_baud = 0) is a PL011 rev1
[    0.272539] printk: console [ttyAMA0] enabled
[    0.272539] printk: console [ttyAMA0] enabled
[    0.272917] printk: bootconsole [pl11] disabled
[    0.272917] printk: bootconsole [pl11] disabled
[    0.291777] Modules: 2G module region forced by RANDOMIZE_MODULE_REGION_FULL
[    0.291949] Modules: 0 pages in range for non-PLT usage
[    0.291976] Modules: 519024 pages in range for PLT usage
[    0.297007] HugeTLB: registered 1.00 GiB page size, pre-allocated 0 pages
[    0.297192] HugeTLB: 0 KiB vmemmap can be freed for a 1.00 GiB page
[    0.297316] HugeTLB: registered 32.0 MiB page size, pre-allocated 0 pages
[    0.297409] HugeTLB: 0 KiB vmemmap can be freed for a 32.0 MiB page
[    0.297499] HugeTLB: registered 2.00 MiB page size, pre-allocated 0 pages
[    0.297591] HugeTLB: 0 KiB vmemmap can be freed for a 2.00 MiB page
[    0.297682] HugeTLB: registered 64.0 KiB page size, pre-allocated 0 pages
[    0.297773] HugeTLB: 0 KiB vmemmap can be freed for a 64.0 KiB page
[    0.307244] ACPI: Interpreter disabled.
[    0.309379] iommu: Default domain type: Translated
[    0.309493] iommu: DMA domain TLB invalidation policy: strict mode
[    0.311226] SCSI subsystem initialized
[    0.313501] usbcore: registered new interface driver usbfs
[    0.313856] usbcore: registered new interface driver hub
[    0.314127] usbcore: registered new device driver usb
[    0.315496] pps_core: LinuxPPS API ver. 1 registered
[    0.315590] pps_core: Software ver. 5.3.6 - Copyright 2005-2007 Rodolfo Giometti <giometti@linux.it>
[    0.315802] PTP clock support registered
[    0.316133] EDAC MC: Ver: 3.0.0
[    0.318234] scmi_core: SCMI protocol bus registered
[    0.319964] FPGA manager framework
[    0.320844] Advanced Linux Sound Architecture Driver Initialized.
[    0.331484] vgaarb: loaded
[    0.336819] clocksource: Switched to clocksource arch_sys_counter
[    0.338257] VFS: Disk quotas dquot_6.6.0
[    0.338471] VFS: Dquot-cache hash table entries: 512 (order 0, 4096 bytes)
[    0.339969] pnp: PnP ACPI: disabled
[    0.365572] NET: Registered PF_INET protocol family
[    0.367097] IP idents hash table entries: 8192 (order: 4, 65536 bytes, linear)
[    0.372115] tcp_listen_portaddr_hash hash table entries: 256 (order: 0, 4096 bytes, linear)
[    0.372311] Table-perturb hash table entries: 65536 (order: 6, 262144 bytes, linear)
[    0.372558] TCP established hash table entries: 4096 (order: 3, 32768 bytes, linear)
[    0.372853] TCP bind hash table entries: 4096 (order: 5, 131072 bytes, linear)
[    0.373177] TCP: Hash tables configured (established 4096 bind 4096)
[    0.374324] UDP hash table entries: 256 (order: 1, 8192 bytes, linear)
[    0.374688] UDP-Lite hash table entries: 256 (order: 1, 8192 bytes, linear)
[    0.375825] NET: Registered PF_UNIX/PF_LOCAL protocol family
[    0.378570] RPC: Registered named UNIX socket transport module.
[    0.378706] RPC: Registered udp transport module.
[    0.378792] RPC: Registered tcp transport module.
[    0.378880] RPC: Registered tcp-with-tls transport module.
[    0.378985] RPC: Registered tcp NFSv4.1 backchannel transport module.
[    0.379182] PCI: CLS 0 bytes, default 64
[    0.381356] kvm [1]: IPA Size Limit: 48 bits
[    0.382066] kvm [1]: GICv4 support disabled
[    0.382161] kvm [1]: GICv3: no GICV resource entry
[    0.382335] kvm [1]: disabling GICv2 emulation
[    0.382531] kvm [1]: GIC system register CPU interface enabled
[    0.383610] kvm [1]: vgic interrupt IRQ9
[    0.384213] kvm [1]: VHE mode initialized successfully
[    0.387554] Unpacking initramfs...
[    0.395205] Initialise system trusted keyrings
[    0.401643] workingset: timestamp_bits=42 max_order=17 bucket_order=0
[    0.403773] squashfs: version 4.0 (2009/01/31) Phillip Lougher
[    0.409320] NFS: Registering the id_resolver key type
[    0.409710] Key type id_resolver registered
[    0.409812] Key type id_legacy registered
[    0.410182] nfs4filelayout_init: NFSv4 File Layout Driver Registering...
[    0.410349] nfs4flexfilelayout_init: NFSv4 Flexfile Layout Driver Registering...
[    0.412651] 9p: Installing v9fs 9p2000 file system support
[    0.493444] Key type asymmetric registered
[    0.493603] Asymmetric key parser 'x509' registered
[    0.493974] Block layer SCSI generic (bsg) driver version 0.4 loaded (major 247)
[    0.494191] io scheduler mq-deadline registered
[    0.494353] io scheduler kyber registered
[    0.494736] io scheduler bfq registered
[    0.514092] pl061_gpio 9030000.pl061: PL061 GPIO chip registered
[    0.522143] pci-host-generic 4010000000.pcie: host bridge /pcie@10000000 ranges:
[    0.522938] pci-host-generic 4010000000.pcie:       IO 0x003eff0000..0x003effffff -> 0x0000000000
[    0.523641] pci-host-generic 4010000000.pcie:      MEM 0x0010000000..0x003efeffff -> 0x0010000000
[    0.523811] pci-host-generic 4010000000.pcie:      MEM 0x8000000000..0xffffffffff -> 0x8000000000
[    0.524431] pci-host-generic 4010000000.pcie: Memory resource size exceeds max for 32 bits
[    0.528195] Freeing initrd memory: 4428K
[    0.529038] pci-host-generic 4010000000.pcie: ECAM at [mem 0x4010000000-0x401fffffff] for [bus 00-ff]
[    0.530691] pci-host-generic 4010000000.pcie: PCI host bridge to bus 0000:00
[    0.531012] pci_bus 0000:00: root bus resource [bus 00-ff]
[    0.531166] pci_bus 0000:00: root bus resource [io  0x0000-0xffff]
[    0.531309] pci_bus 0000:00: root bus resource [mem 0x10000000-0x3efeffff]
[    0.531411] pci_bus 0000:00: root bus resource [mem 0x8000000000-0xffffffffff]
[    0.533066] pci 0000:00:00.0: [1b36:0008] type 00 class 0x060000
[    0.546935] EINJ: ACPI disabled.
[    0.568221] Serial: 8250/16550 driver, 4 ports, IRQ sharing enabled
[    0.575436] STM32 USART driver initialized
[    0.599324] loop: module loaded
[    0.601088] megasas: 07.725.01.00-rc1
[    0.612445] tun: Universal TUN/TAP device driver, 1.6
[    0.614580] thunder_xcv, ver 1.0
[    0.614753] thunder_bgx, ver 1.0
[    0.614913] nicpf, ver 1.0
[    0.616091] hns3: Hisilicon Ethernet Network Driver for Hip08 Family - version
[    0.616203] hns3: Copyright (c) 2017 Huawei Corporation.
[    0.616688] hclge is initializing
[    0.616900] e1000: Intel(R) PRO/1000 Network Driver
[    0.616988] e1000: Copyright (c) 1999-2006 Intel Corporation.
[    0.617186] e1000e: Intel(R) PRO/1000 Network Driver
[    0.617270] e1000e: Copyright(c) 1999 - 2015 Intel Corporation.
[    0.617505] igb: Intel(R) Gigabit Ethernet Network Driver
[    0.617594] igb: Copyright (c) 2007-2014 Intel Corporation.
[    0.617771] igbvf: Intel(R) Gigabit Virtual Function Network Driver
[    0.617866] igbvf: Copyright (c) 2009 - 2012 Intel Corporation.
[    0.618061] sky2: driver version 1.30
[    0.619608] VFIO - User Level meta-driver version: 0.3
[    0.624681] usbcore: registered new interface driver usb-storage
[    0.633141] rtc-pl031 9010000.pl031: registered as rtc0
[    0.633931] rtc-pl031 9010000.pl031: setting system clock to 2023-08-12T13:08:01 UTC (1691845681)
[    0.635342] i2c_dev: i2c /dev entries driver
[    0.640133] sdhci: Secure Digital Host Controller Interface driver
[    0.640237] sdhci: Copyright(c) Pierre Ossman
[    0.641646] Synopsys Designware Multimedia Card Interface Driver
[    0.642849] sdhci-pltfm: SDHCI platform and OF driver helper
[    0.647576] usbcore: registered new interface driver usbhid
[    0.647683] usbhid: USB HID core driver
[    0.652548] hw perfevents: enabled with armv8_pmuv3 PMU driver, 7 counters available
[    0.656321] NET: Registered PF_PACKET protocol family
[    0.657776] 9pnet: Installing 9P2000 support
[    0.658123] Key type dns_resolver registered
[    0.690094] registered taskstats version 1
[    0.691316] Loading compiled-in X.509 certificates
[    0.727491] input: gpio-keys as /devices/platform/gpio-keys/input/input0
[    0.735759] clk: Disabling unused clocks
[    0.736355] ALSA device list:
[    0.736611]   No soundcards found.
[    0.739740] uart-pl011 9000000.pl011: no DMA platform data
[    0.794056] Freeing unused kernel memory: 1024K
[    0.795026] Run /init as init process
Starting syslogd: OK
Starting klogd: OK
Running sysctl: OK
Saving 256 bits of creditable seed for next boot
Starting network: OK
Linux version 6.5.0-rc5-next-20230809-cbl-00030-g8150cbc757fd (nathan@dev-arch.m3-large-x86-01) (ClangBuiltLinux clang version 12.0.1 (https://github.com/llvm/llvm-project fed41342a82f5a3a9201819a82bf7a48313e296b), ClangBuiltLinux LLD 12.0.1 (https://github.com/llvm/llvm-project fed41342a82f5a3a9201819a82bf7a48313e296b)) #1 SMP PREEMPT Sat Aug 12 13:07:50 UTC 2023
Stopping network: OK
Seeding 256 bits and crediting
Saving 256 bits of creditable seed for next boot
Stopping klogd: OK
Stopping syslogd: OK
umount: devtmpfs busy - remounted read-only
umount: can't unmount /: Invalid argument

The system is going down NOW!

Sent SIGTERM to all processes

Sent SIGKILL to all processes

Requesting system poweroff
[    3.558472] kvm: exiting hardware virtualization
[    3.558666] reboot: Power down
$ timeout --foreground 3m stdbuf -eL -oL /usr/sbin/qemu-system-aarch64 -display none -nodefaults -cpu max,pauth-impdef=true -machine virt,gic-version=max,virtualization=true -append 'console=ttyAMA0 earlycon' -kernel /home/nathan/tmp/build/cbl_lkt/linux-next/arm64/arch/arm64/boot/Image.gz -initrd /home/nathan/cbl/llvm-kernel-testing/src/boot-utils/images/arm64/rootfs.cpio -m 512m -serial mon:stdio
