/home/nathan/cbl/src/linux-next/drivers/block/rbd.c:6149:17: warning: result of comparison of constant 2305843009213693948 with expression of type 'u32' (aka 'unsigned int') is always false [-Wtautological-constant-out-of-range-compare]
        if (snap_count > (SIZE_MAX - sizeof (struct ceph_snap_context))
            ~~~~~~~~~~ ^ ~~~~~~~~~~~~~~~~~~~~~~~~~~~~~~~~~~~~~~~~~~~~~~
1 warning generated.
/home/nathan/cbl/src/linux-next/net/ceph/osdmap.c:1441:10: warning: result of comparison of constant 4611686018427387891 with expression of type 'u32' (aka 'unsigned int') is always false [-Wtautological-constant-out-of-range-compare]
        if (len > (SIZE_MAX - sizeof(*pg)) / sizeof(u32))
            ~~~ ^ ~~~~~~~~~~~~~~~~~~~~~~~~~~~~~~~~~~~~~~
/home/nathan/cbl/src/linux-next/net/ceph/osdmap.c:1624:10: warning: result of comparison of constant 2305843009213693945 with expression of type 'u32' (aka 'unsigned int') is always false [-Wtautological-constant-out-of-range-compare]
        if (len > (SIZE_MAX - sizeof(*pg)) / (2 * sizeof(u32)))
            ~~~ ^ ~~~~~~~~~~~~~~~~~~~~~~~~~~~~~~~~~~~~~~~~~~~~
2 warnings generated.
/home/nathan/cbl/src/linux-next/fs/ceph/snap.c:372:10: warning: result of comparison of constant 2305843009213693948 with expression of type 'u32' (aka 'unsigned int') is always false [-Wtautological-constant-out-of-range-compare]
        if (num > (SIZE_MAX - sizeof(*snapc)) / sizeof(u64))
            ~~~ ^ ~~~~~~~~~~~~~~~~~~~~~~~~~~~~~~~~~~~~~~~~~
1 warning generated.

[01;32mQEMU location: [0m/usr/sbin[0m

[01;32mQEMU version: [0mQEMU emulator version 8.0.3[0m
[    0.000000] Booting Linux on physical CPU 0x0000000000 [0x000f0510]
[    0.000000] Linux version 6.5.0-rc5-next-20230809-ARCH-cbl (nathan@dev-arch.m3-large-x86-01) (ClangBuiltLinux clang version 12.0.1 (https://github.com/llvm/llvm-project fed41342a82f5a3a9201819a82bf7a48313e296b), ClangBuiltLinux LLD 12.0.1 (https://github.com/llvm/llvm-project fed41342a82f5a3a9201819a82bf7a48313e296b)) #1 SMP PREEMPT_DYNAMIC Sat Aug 12 13:48:13 UTC 2023
[    0.000000] random: crng init done
[    0.000000] Machine model: linux,dummy-virt
[    0.000000] efi: UEFI not found.
[    0.000000] earlycon: pl11 at MMIO 0x0000000009000000 (options '')
[    0.000000] printk: bootconsole [pl11] enabled
[    0.000000] Zone ranges:
[    0.000000]   DMA      [mem 0x0000000040000000-0x000000005fffffff]
[    0.000000]   DMA32    empty
[    0.000000]   Normal   empty
[    0.000000] Movable zone start for each node
[    0.000000] Early memory node ranges
[    0.000000]   node   0: [mem 0x0000000040000000-0x000000005fffffff]
[    0.000000] Initmem setup node 0 [mem 0x0000000040000000-0x000000005fffffff]
[    0.000000] cma: Reserved 64 MiB at 0x000000005b600000 on node -1
[    0.000000] psci: probing for conduit method from DT.
[    0.000000] psci: PSCIv1.1 detected in firmware.
[    0.000000] psci: Using standard PSCI v0.2 function IDs
[    0.000000] psci: Trusted OS migration not required
[    0.000000] psci: SMC Calling Convention v1.0
[    0.000000] percpu: Embedded 22 pages/cpu s51496 r8192 d30424 u90112
[    0.000000] Detected PIPT I-cache on CPU0
[    0.000000] CPU features: detected: Branch Target Identification
[    0.000000] CPU features: detected: Address authentication (IMP DEF algorithm)
[    0.000000] CPU features: detected: GIC system register CPU interface
[    0.000000] CPU features: detected: HCRX_EL2 register
[    0.000000] CPU features: detected: Virtualization Host Extensions
[    0.000000] CPU features: detected: Hardware dirty bit management
[    0.000000] CPU features: detected: Spectre-v4
[    0.000000] alternatives: applying boot alternatives
[    0.000000] Kernel command line: console=ttyAMA0 earlycon
[    0.000000] Dentry cache hash table entries: 65536 (order: 7, 524288 bytes, linear)
[    0.000000] Inode-cache hash table entries: 32768 (order: 6, 262144 bytes, linear)
[    0.000000] Built 1 zonelists, mobility grouping on.  Total pages: 129024
[    0.000000] mem auto-init: stack:off, heap alloc:off, heap free:off
[    0.000000] software IO TLB: area num 1.
[    0.000000] software IO TLB: mapped [mem 0x0000000057600000-0x000000005b600000] (64MB)
[    0.000000] Memory: 339432K/524288K available (19648K kernel code, 4526K rwdata, 10368K rodata, 1728K init, 970K bss, 119320K reserved, 65536K cma-reserved)
[    0.000000] SLUB: HWalign=64, Order=0-3, MinObjects=0, CPUs=1, Nodes=1
[    0.000000] Dynamic Preempt: full
[    0.000000] rcu: Preemptible hierarchical RCU implementation.
[    0.000000] rcu: 	RCU restricting CPUs from NR_CPUS=64 to nr_cpu_ids=1.
[    0.000000] 	Trampoline variant of Tasks RCU enabled.
[    0.000000] 	Tracing variant of Tasks RCU enabled.
[    0.000000] rcu: RCU calculated value of scheduler-enlistment delay is 100 jiffies.
[    0.000000] rcu: Adjusting geometry for rcu_fanout_leaf=16, nr_cpu_ids=1
[    0.000000] NR_IRQS: 64, nr_irqs: 64, preallocated irqs: 0
[    0.000000] GICv3: GIC: Using split EOI/Deactivate mode
[    0.000000] GICv3: 256 SPIs implemented
[    0.000000] GICv3: 0 Extended SPIs implemented
[    0.000000] Root IRQ handler: gic_handle_irq
[    0.000000] GICv3: GICv3 features: 16 PPIs
[    0.000000] GICv3: GICv4 features: 
[    0.000000] GICv3: CPU0: found redistributor 0 region 0:0x00000000080a0000
[    0.000000] ITS [mem 0x08080000-0x0809ffff]
[    0.000000] ITS@0x0000000008080000: Single VMOVP capable
[    0.000000] ITS@0x0000000008080000: allocated 8192 Devices @42840000 (indirect, esz 8, psz 64K, shr 1)
[    0.000000] ITS@0x0000000008080000: allocated 8192 Interrupt Collections @42850000 (flat, esz 8, psz 64K, shr 1)
[    0.000000] ITS@0x0000000008080000: allocated 8192 Virtual CPUs @42860000 (indirect, esz 8, psz 64K, shr 1)
[    0.000000] GICv3: using LPI property table @0x0000000042870000
[    0.000000] ITS: Allocated DevID ffff as GICv4 proxy device (2 slots)
[    0.000000] ITS: Enabling GICv4 support
[    0.000000] GICv3: CPU0: using allocated LPI pending table @0x0000000042880000
[    0.000000] rcu: srcu_init: Setting srcu_struct sizes based on contention.
[    0.000000] arch_timer: cp15 timer(s) running at 62.50MHz (phys).
[    0.000000] clocksource: arch_sys_counter: mask: 0x1ffffffffffffff max_cycles: 0x1cd42e208c, max_idle_ns: 881590405314 ns
[    0.000066] sched_clock: 57 bits at 63MHz, resolution 16ns, wraps every 4398046511096ns
[    0.018817] Console: colour dummy device 80x25
[    0.025221] Calibrating delay loop (skipped), value calculated using timer frequency.. 125.00 BogoMIPS (lpj=62500)
[    0.026419] pid_max: default: 32768 minimum: 301
[    0.029544] LSM: initializing lsm=capability,yama
[    0.030121] Yama: becoming mindful.
[    0.034671] Mount-cache hash table entries: 1024 (order: 1, 8192 bytes, linear)
[    0.034847] Mountpoint-cache hash table entries: 1024 (order: 1, 8192 bytes, linear)
[    0.075061] cacheinfo: Unable to detect cache hierarchy for CPU 0
[    0.085900] RCU Tasks: Setting shift to 0 and lim to 1 rcu_task_cb_adjust=1.
[    0.087417] RCU Tasks Trace: Setting shift to 0 and lim to 1 rcu_task_cb_adjust=1.
[    0.089559] rcu: Hierarchical SRCU implementation.
[    0.089751] rcu: 	Max phase no-delay instances is 400.
[    0.099658] Platform MSI: its@8080000 domain created
[    0.100247] PCI/MSI: /intc@8000000/its@8080000 domain created
[    0.100998] fsl-mc MSI: its@8080000 domain created
[    0.103348] EFI services will not be available.
[    0.105767] smp: Bringing up secondary CPUs ...
[    0.108158] smp: Brought up 1 node, 1 CPU
[    0.108256] SMP: Total of 1 processors activated.
[    0.108502] CPU features: detected: 32-bit EL0 Support
[    0.108607] CPU features: detected: 32-bit EL1 Support
[    0.108684] CPU features: detected: ARMv8.4 Translation Table Level
[    0.108787] CPU features: detected: Data cache clean to the PoU not required for I/D coherence
[    0.109266] CPU features: detected: Common not Private translations
[    0.109359] CPU features: detected: CRC32 instructions
[    0.109433] CPU features: detected: Data independent timing control (DIT)
[    0.109528] CPU features: detected: E0PD
[    0.109591] CPU features: detected: Enhanced Virtualization Traps
[    0.109746] CPU features: detected: Generic authentication (IMP DEF algorithm)
[    0.109843] CPU features: detected: RCpc load-acquire (LDAPR)
[    0.109921] CPU features: detected: LSE atomic instructions
[    0.110682] CPU features: detected: Privileged Access Never
[    0.110772] CPU features: detected: RAS Extension Support
[    0.110847] CPU features: detected: Random Number Generator
[    0.110921] CPU features: detected: Speculation barrier (SB)
[    0.110998] CPU features: detected: Stage-2 Force Write-Back
[    0.111559] CPU features: detected: TLB range maintenance instructions
[    0.111692] CPU features: detected: Scalable Matrix Extension
[    0.111775] CPU features: detected: FA64
[    0.111835] CPU features: detected: Speculative Store Bypassing Safe (SSBS)
[    0.111925] CPU features: detected: Scalable Vector Extension
[    0.123398] SVE: maximum available vector length 256 bytes per vector
[    0.126900] SVE: default vector length 64 bytes per vector
[    0.129050] SME: minimum available vector length 16 bytes per vector
[    0.129161] SME: maximum available vector length 256 bytes per vector
[    0.129257] SME: default vector length 32 bytes per vector
[    0.129839] CPU: All CPU(s) started at EL2
[    0.129940] alternatives: applying system-wide alternatives
[    0.182067] devtmpfs: initialized
[    0.209046] clocksource: jiffies: mask: 0xffffffff max_cycles: 0xffffffff, max_idle_ns: 1911260446275000 ns
[    0.209904] futex hash table entries: 256 (order: 2, 16384 bytes, linear)
[    0.216175] pinctrl core: initialized pinctrl subsystem
[    0.228064] DMI not present or invalid.
[    0.247922] NET: Registered PF_NETLINK/PF_ROUTE protocol family
[    0.262773] DMA: preallocated 128 KiB GFP_KERNEL pool for atomic allocations
[    0.263604] DMA: preallocated 128 KiB GFP_KERNEL|GFP_DMA pool for atomic allocations
[    0.264169] DMA: preallocated 128 KiB GFP_KERNEL|GFP_DMA32 pool for atomic allocations
[    0.264885] audit: initializing netlink subsys (disabled)
[    0.268890] audit: type=2000 audit(0.212:1): state=initialized audit_enabled=0 res=1
[    0.275264] thermal_sys: Registered thermal governor 'fair_share'
[    0.275385] thermal_sys: Registered thermal governor 'bang_bang'
[    0.275529] thermal_sys: Registered thermal governor 'step_wise'
[    0.275620] thermal_sys: Registered thermal governor 'user_space'
[    0.275703] thermal_sys: Registered thermal governor 'power_allocator'
[    0.276589] cpuidle: using governor ladder
[    0.276973] cpuidle: using governor menu
[    0.279032] hw-breakpoint: found 6 breakpoint and 4 watchpoint registers.
[    0.279694] ASID allocator initialised with 65536 entries
[    0.290444] Serial: AMBA PL011 UART driver
[    0.376354] 9000000.pl011: ttyAMA0 at MMIO 0x9000000 (irq = 14, base_baud = 0) is a PL011 rev1
[    0.378157] printk: console [ttyAMA0] enabled
[    0.378157] printk: console [ttyAMA0] enabled
[    0.378550] printk: bootconsole [pl11] disabled
[    0.378550] printk: bootconsole [pl11] disabled
[    0.397206] Modules: 23408 pages in range for non-PLT usage
[    0.397245] Modules: 514928 pages in range for PLT usage
[    0.403922] HugeTLB: registered 1.00 GiB page size, pre-allocated 0 pages
[    0.404108] HugeTLB: 0 KiB vmemmap can be freed for a 1.00 GiB page
[    0.404226] HugeTLB: registered 32.0 MiB page size, pre-allocated 0 pages
[    0.404320] HugeTLB: 0 KiB vmemmap can be freed for a 32.0 MiB page
[    0.404489] HugeTLB: registered 2.00 MiB page size, pre-allocated 0 pages
[    0.404592] HugeTLB: 0 KiB vmemmap can be freed for a 2.00 MiB page
[    0.404685] HugeTLB: registered 64.0 KiB page size, pre-allocated 0 pages
[    0.404778] HugeTLB: 0 KiB vmemmap can be freed for a 64.0 KiB page
[    0.410369] cryptd: max_cpu_qlen set to 1000
[    0.433432] raid6: neonx8   gen()  1595 MB/s
[    0.451077] raid6: neonx4   gen()  1681 MB/s
[    0.468830] raid6: neonx2   gen()  1533 MB/s
[    0.486611] raid6: neonx1   gen()   930 MB/s
[    0.504372] raid6: int64x8  gen()  1646 MB/s
[    0.522119] raid6: int64x4  gen()  2052 MB/s
[    0.539856] raid6: int64x2  gen()  1664 MB/s
[    0.557623] raid6: int64x1  gen()  1193 MB/s
[    0.557729] raid6: using algorithm int64x4 gen() 2052 MB/s
[    0.575406] raid6: .... xor() 1223 MB/s, rmw enabled
[    0.575540] raid6: using neon recovery algorithm
[    0.579292] ACPI: Interpreter disabled.
[    0.592871] iommu: Default domain type: Translated
[    0.592993] iommu: DMA domain TLB invalidation policy: strict mode
[    0.598478] SCSI subsystem initialized
[    0.601841] usbcore: registered new interface driver usbfs
[    0.602313] usbcore: registered new interface driver hub
[    0.602658] usbcore: registered new device driver usb
[    0.606126] pps_core: LinuxPPS API ver. 1 registered
[    0.606309] pps_core: Software ver. 5.3.6 - Copyright 2005-2007 Rodolfo Giometti <giometti@linux.it>
[    0.606554] PTP clock support registered
[    0.608014] EDAC MC: Ver: 3.0.0
[    0.611887] scmi_core: SCMI protocol bus registered
[    0.615415] FPGA manager framework
[    0.616570] Advanced Linux Sound Architecture Driver Initialized.
[    0.628093] NetLabel: Initializing
[    0.628176] NetLabel:  domain hash size = 128
[    0.628251] NetLabel:  protocols = UNLABELED CIPSOv4 CALIPSO
[    0.629343] NetLabel:  unlabeled traffic allowed by default
[    0.631004] vgaarb: loaded
[    0.636882] clocksource: Switched to clocksource arch_sys_counter
[    0.640709] VFS: Disk quotas dquot_6.6.0
[    0.640983] VFS: Dquot-cache hash table entries: 512 (order 0, 4096 bytes)
[    0.644341] pnp: PnP ACPI: disabled
[    0.684123] NET: Registered PF_INET protocol family
[    0.686122] IP idents hash table entries: 8192 (order: 4, 65536 bytes, linear)
[    0.696240] tcp_listen_portaddr_hash hash table entries: 256 (order: 0, 4096 bytes, linear)
[    0.696937] Table-perturb hash table entries: 65536 (order: 6, 262144 bytes, linear)
[    0.697128] TCP established hash table entries: 4096 (order: 3, 32768 bytes, linear)
[    0.697800] TCP bind hash table entries: 4096 (order: 5, 131072 bytes, linear)
[    0.698320] TCP: Hash tables configured (established 4096 bind 4096)
[    0.700491] MPTCP token hash table entries: 512 (order: 1, 12288 bytes, linear)
[    0.700933] UDP hash table entries: 256 (order: 1, 8192 bytes, linear)
[    0.701321] UDP-Lite hash table entries: 256 (order: 1, 8192 bytes, linear)
[    0.703191] NET: Registered PF_UNIX/PF_LOCAL protocol family
[    0.707011] RPC: Registered named UNIX socket transport module.
[    0.707154] RPC: Registered udp transport module.
[    0.707243] RPC: Registered tcp transport module.
[    0.707320] RPC: Registered tcp-with-tls transport module.
[    0.707481] RPC: Registered tcp NFSv4.1 backchannel transport module.
[    0.707692] PCI: CLS 0 bytes, default 64
[    0.710088] kvm [1]: IPA Size Limit: 48 bits
[    0.712183] kvm [1]: GICv4 support disabled
[    0.712291] kvm [1]: GICv3: no GICV resource entry
[    0.712814] kvm [1]: disabling GICv2 emulation
[    0.713043] kvm [1]: GIC system register CPU interface enabled
[    0.715970] kvm [1]: vgic interrupt IRQ9
[    0.716750] kvm [1]: VHE mode initialized successfully
[    0.722027] Trying to unpack rootfs image as initramfs...
[    0.737254] Initialise system trusted keyrings
[    0.741147] workingset: timestamp_bits=46 max_order=17 bucket_order=0
[    0.741700] zbud: loaded
[    0.754772] NFS: Registering the id_resolver key type
[    0.755162] Key type id_resolver registered
[    0.755268] Key type id_legacy registered
[    0.756758] nfs4filelayout_init: NFSv4 File Layout Driver Registering...
[    0.757252] nfs4flexfilelayout_init: NFSv4 Flexfile Layout Driver Registering...
[    0.758913] ntfs3: Max link count 4000
[    0.758996] ntfs3: Read-only LZX/Xpress compression included
[    0.762318] SGI XFS with ACLs, security attributes, quota, no debug enabled
[    0.887681] NET: Registered PF_ALG protocol family
[    0.888023] xor: measuring software checksum speed
[    0.898560]    8regs           :  2209 MB/sec
[    0.914506]    32regs          :  1266 MB/sec
[    0.938505]    arm64_neon      :   819 MB/sec
[    0.938657] xor: using function: 8regs (2209 MB/sec)
[    0.938817] Key type asymmetric registered
[    0.938961] Asymmetric key parser 'x509' registered
[    0.939402] Block layer SCSI generic (bsg) driver version 0.4 loaded (major 242)
[    0.942208] io scheduler mq-deadline registered
[    0.942362] io scheduler kyber registered
[    0.942779] io scheduler bfq registered
[    0.980841] Freeing initrd memory: 4428K
[    1.025975] pl061_gpio 9030000.pl061: PL061 GPIO chip registered
[    1.033001] pci-host-generic 4010000000.pcie: host bridge /pcie@10000000 ranges:
[    1.033931] pci-host-generic 4010000000.pcie:       IO 0x003eff0000..0x003effffff -> 0x0000000000
[    1.034769] pci-host-generic 4010000000.pcie:      MEM 0x0010000000..0x003efeffff -> 0x0010000000
[    1.035015] pci-host-generic 4010000000.pcie:      MEM 0x8000000000..0xffffffffff -> 0x8000000000
[    1.035723] pci-host-generic 4010000000.pcie: Memory resource size exceeds max for 32 bits
[    1.036399] pci-host-generic 4010000000.pcie: ECAM at [mem 0x4010000000-0x401fffffff] for [bus 00-ff]
[    1.038358] pci-host-generic 4010000000.pcie: PCI host bridge to bus 0000:00
[    1.038785] pci_bus 0000:00: root bus resource [bus 00-ff]
[    1.038983] pci_bus 0000:00: root bus resource [io  0x0000-0xffff]
[    1.039108] pci_bus 0000:00: root bus resource [mem 0x10000000-0x3efeffff]
[    1.039212] pci_bus 0000:00: root bus resource [mem 0x8000000000-0xffffffffff]
[    1.040970] pci 0000:00:00.0: [1b36:0008] type 00 class 0x060000
[    1.054814] IPMI message handler: version 39.2
[    1.159270] Serial: 8250/16550 driver, 4 ports, IRQ sharing enabled
[    1.174305] msm_serial: driver initialized
[    1.236725] SPI driver max3421-hcd has no spi_device_id for maxim,max3421
[    1.237529] usbcore: registered new interface driver uas
[    1.237812] usbcore: registered new interface driver usb-storage
[    1.238019] usbcore: registered new interface driver ums-alauda
[    1.238222] usbcore: registered new interface driver ums-cypress
[    1.238593] usbcore: registered new interface driver ums-datafab
[    1.238814] usbcore: registered new interface driver ums_eneub6250
[    1.239022] usbcore: registered new interface driver ums-freecom
[    1.239240] usbcore: registered new interface driver ums-isd200
[    1.239557] usbcore: registered new interface driver ums-jumpshot
[    1.239788] usbcore: registered new interface driver ums-karma
[    1.239992] usbcore: registered new interface driver ums-onetouch
[    1.240200] usbcore: registered new interface driver ums-realtek
[    1.240538] usbcore: registered new interface driver ums-sddr09
[    1.240750] usbcore: registered new interface driver ums-sddr55
[    1.240952] usbcore: registered new interface driver ums-usbat
[    1.241550] usbcore: registered new interface driver usbserial_generic
[    1.241953] usbserial: USB Serial support registered for generic
[    1.248424] mousedev: PS/2 mouse device common for all mice
[    1.259914] rtc-pl031 9010000.pl031: registered as rtc0
[    1.260808] rtc-pl031 9010000.pl031: setting system clock to 2023-08-12T13:48:45 UTC (1691848125)
[    1.274117] device-mapper: uevent: version 1.0.3
[    1.275276] device-mapper: ioctl: 4.48.0-ioctl (2023-03-01) initialised: dm-devel@redhat.com
[    1.283689] sdhci: Secure Digital Host Controller Interface driver
[    1.283798] sdhci: Copyright(c) Pierre Ossman
[    1.287114] Synopsys Designware Multimedia Card Interface Driver
[    1.291573] sdhci-pltfm: SDHCI platform and OF driver helper
[    1.299117] ledtrig-cpu: registered to indicate activity on CPUs
[    1.305194] hid: raw HID events driver (C) Jiri Kosina
[    1.305958] usbcore: registered new interface driver usbhid
[    1.306060] usbhid: USB HID core driver
[    1.323585] hw perfevents: enabled with armv8_pmuv3 PMU driver, 7 counters available
[    1.324404] watchdog: Delayed init of the lockup detector failed: -19
[    1.324646] watchdog: Hard watchdog permanently disabled
[    1.344860] Initializing XFRM netlink socket
[    1.345562] NET: Registered PF_INET6 protocol family
[    1.489258] Segment Routing with IPv6
[    1.489975] In-situ OAM (IOAM) with IPv6
[    1.490813] mip6: Mobile IPv6
[    1.491177] NET: Registered PF_PACKET protocol family
[    1.492060] Key type dns_resolver registered
[    1.555385] registered taskstats version 1
[    1.556811] Loading compiled-in X.509 certificates
[    1.616005] debug_vm_pgtable: [debug_vm_pgtable         ]: Validating architecture page table helpers
[    1.619292] Key type .fscrypt registered
[    1.619383] Key type fscrypt-provisioning registered
[    1.628661] Btrfs loaded, zoned=yes, fsverity=no
[    1.637827] Key type encrypted registered
[    2.261583] clk: Disabling unused clocks
[    2.262325] ALSA device list:
[    2.262541]   No soundcards found.
[    2.265982] uart-pl011 9000000.pl011: no DMA platform data
[    2.342263] Freeing unused kernel memory: 1728K
[    2.343528] Run /init as init process
Starting syslogd: OK
Starting klogd: OK
Running sysctl: OK
Saving 256 bits of creditable seed for next boot
Starting network: OK
Linux version 6.5.0-rc5-next-20230809-ARCH-cbl (nathan@dev-arch.m3-large-x86-01) (ClangBuiltLinux clang version 12.0.1 (https://github.com/llvm/llvm-project fed41342a82f5a3a9201819a82bf7a48313e296b), ClangBuiltLinux LLD 12.0.1 (https://github.com/llvm/llvm-project fed41342a82f5a3a9201819a82bf7a48313e296b)) #1 SMP PREEMPT_DYNAMIC Sat Aug 12 13:48:13 UTC 2023
Stopping network: OK
Seeding 256 bits and crediting
Saving 256 bits of creditable seed for next boot
Stopping klogd: OK
Stopping syslogd: OK
umount: devtmpfs busy - remounted read-only
umount: can't unmount /: Invalid argument

The system is going down NOW!

Sent SIGTERM to all processes

Sent SIGKILL to all processes

Requesting system poweroff
[    5.576246] kvm: exiting hardware virtualization
[    5.576526] reboot: Power down
$ timeout --foreground 3m stdbuf -eL -oL /usr/sbin/qemu-system-aarch64 -display none -nodefaults -cpu max,pauth-impdef=true -machine virt,gic-version=max,virtualization=true -append 'console=ttyAMA0 earlycon' -kernel /home/nathan/tmp/build/cbl_lkt/linux-next/arm64/arch/arm64/boot/Image.gz -initrd /home/nathan/cbl/llvm-kernel-testing/src/boot-utils/images/arm64/rootfs.cpio -m 512m -serial mon:stdio
