/home/nathan/cbl/src/linux-next/drivers/block/rbd.c:6149:17: warning: result of comparison of constant 2305843009213693948 with expression of type 'u32' (aka 'unsigned int') is always false [-Wtautological-constant-out-of-range-compare]
        if (snap_count > (SIZE_MAX - sizeof (struct ceph_snap_context))
            ~~~~~~~~~~ ^ ~~~~~~~~~~~~~~~~~~~~~~~~~~~~~~~~~~~~~~~~~~~~~~
1 warning generated.
/home/nathan/cbl/src/linux-next/net/ceph/osdmap.c:1441:10: warning: result of comparison of constant 4611686018427387891 with expression of type 'u32' (aka 'unsigned int') is always false [-Wtautological-constant-out-of-range-compare]
        if (len > (SIZE_MAX - sizeof(*pg)) / sizeof(u32))
            ~~~ ^ ~~~~~~~~~~~~~~~~~~~~~~~~~~~~~~~~~~~~~~
/home/nathan/cbl/src/linux-next/net/ceph/osdmap.c:1624:10: warning: result of comparison of constant 2305843009213693945 with expression of type 'u32' (aka 'unsigned int') is always false [-Wtautological-constant-out-of-range-compare]
        if (len > (SIZE_MAX - sizeof(*pg)) / (2 * sizeof(u32)))
            ~~~ ^ ~~~~~~~~~~~~~~~~~~~~~~~~~~~~~~~~~~~~~~~~~~~~
2 warnings generated.
/home/nathan/cbl/src/linux-next/fs/ceph/snap.c:372:10: warning: result of comparison of constant 2305843009213693948 with expression of type 'u32' (aka 'unsigned int') is always false [-Wtautological-constant-out-of-range-compare]
        if (num > (SIZE_MAX - sizeof(*snapc)) / sizeof(u64))
            ~~~ ^ ~~~~~~~~~~~~~~~~~~~~~~~~~~~~~~~~~~~~~~~~~
1 warning generated.

[01;32mQEMU location: [0m/usr/sbin[0m

[01;32mQEMU version: [0mQEMU emulator version 8.0.3[0m
[    0.000000] Booting Linux on physical CPU 0x0000000000 [0x000f0510]
[    0.000000] Linux version 6.5.0-rc5-next-20230809-cbl (nathan@dev-arch.m3-large-x86-01) (ClangBuiltLinux clang version 12.0.1 (https://github.com/llvm/llvm-project fed41342a82f5a3a9201819a82bf7a48313e296b), ClangBuiltLinux LLD 12.0.1 (https://github.com/llvm/llvm-project fed41342a82f5a3a9201819a82bf7a48313e296b)) #1 SMP PREEMPT_DYNAMIC Sat Aug 12 13:44:24 UTC 2023
[    0.000000] random: crng init done
[    0.000000] Machine model: linux,dummy-virt
[    0.000000] efi: UEFI not found.
[    0.000000] earlycon: pl11 at MMIO 0x0000000009000000 (options '')
[    0.000000] printk: bootconsole [pl11] enabled
[    0.000000] NUMA: No NUMA configuration found
[    0.000000] NUMA: Faking a node at [mem 0x0000000040000000-0x000000005fffffff]
[    0.000000] NUMA: NODE_DATA [mem 0x5fe9bc00-0x5feadfff]
[    0.000000] Zone ranges:
[    0.000000]   DMA      [mem 0x0000000040000000-0x000000005fffffff]
[    0.000000]   DMA32    empty
[    0.000000]   Normal   empty
[    0.000000] Movable zone start for each node
[    0.000000] Early memory node ranges
[    0.000000]   node   0: [mem 0x0000000040000000-0x000000005fffffff]
[    0.000000] Initmem setup node 0 [mem 0x0000000040000000-0x000000005fffffff]
[    0.000000] cma: Reserved 32 MiB at 0x000000005d400000 on node -1
[    0.000000] psci: probing for conduit method from DT.
[    0.000000] psci: PSCIv1.1 detected in firmware.
[    0.000000] psci: Using standard PSCI v0.2 function IDs
[    0.000000] psci: Trusted OS migration not required
[    0.000000] psci: SMC Calling Convention v1.0
[    0.000000] percpu: Embedded 22 pages/cpu s50024 r8192 d31896 u90112
[    0.000000] Detected PIPT I-cache on CPU0
[    0.000000] CPU features: detected: GIC system register CPU interface
[    0.000000] CPU features: detected: HCRX_EL2 register
[    0.000000] CPU features: detected: Virtualization Host Extensions
[    0.000000] CPU features: detected: Hardware dirty bit management
[    0.000000] CPU features: detected: Spectre-v4
[    0.000000] alternatives: applying boot alternatives
[    0.000000] Kernel command line: console=ttyAMA0 earlycon
[    0.000000] Dentry cache hash table entries: 65536 (order: 7, 524288 bytes, linear)
[    0.000000] Inode-cache hash table entries: 32768 (order: 6, 262144 bytes, linear)
[    0.000000] Fallback order for Node 0: 0 
[    0.000000] Built 1 zonelists, mobility grouping on.  Total pages: 129024
[    0.000000] Policy zone: DMA
[    0.000000] mem auto-init: stack:off, heap alloc:off, heap free:off
[    0.000000] software IO TLB: area num 1.
[    0.000000] software IO TLB: mapped [mem 0x0000000059400000-0x000000005d400000] (64MB)
[    0.000000] Memory: 389380K/524288K available (11136K kernel code, 2400K rwdata, 3804K rodata, 1536K init, 785K bss, 102140K reserved, 32768K cma-reserved)
[    0.000000] SLUB: HWalign=64, Order=0-3, MinObjects=0, CPUs=1, Nodes=1
[    0.000000] Dynamic Preempt: full
[    0.000000] rcu: Preemptible hierarchical RCU implementation.
[    0.000000] rcu: 	RCU restricting CPUs from NR_CPUS=256 to nr_cpu_ids=1.
[    0.000000] 	Trampoline variant of Tasks RCU enabled.
[    0.000000] 	Tracing variant of Tasks RCU enabled.
[    0.000000] rcu: RCU calculated value of scheduler-enlistment delay is 100 jiffies.
[    0.000000] rcu: Adjusting geometry for rcu_fanout_leaf=16, nr_cpu_ids=1
[    0.000000] NR_IRQS: 64, nr_irqs: 64, preallocated irqs: 0
[    0.000000] GICv3: GIC: Using split EOI/Deactivate mode
[    0.000000] GICv3: 256 SPIs implemented
[    0.000000] GICv3: 0 Extended SPIs implemented
[    0.000000] Root IRQ handler: gic_handle_irq
[    0.000000] GICv3: GICv3 features: 16 PPIs
[    0.000000] GICv3: GICv4 features: 
[    0.000000] GICv3: CPU0: found redistributor 0 region 0:0x00000000080a0000
[    0.000000] ITS [mem 0x08080000-0x0809ffff]
[    0.000000] ITS@0x0000000008080000: Single VMOVP capable
[    0.000000] ITS@0x0000000008080000: allocated 8192 Devices @41840000 (indirect, esz 8, psz 64K, shr 1)
[    0.000000] ITS@0x0000000008080000: allocated 8192 Interrupt Collections @41850000 (flat, esz 8, psz 64K, shr 1)
[    0.000000] ITS@0x0000000008080000: allocated 8192 Virtual CPUs @41860000 (indirect, esz 8, psz 64K, shr 1)
[    0.000000] GICv3: using LPI property table @0x0000000041870000
[    0.000000] ITS: Allocated DevID ffff as GICv4 proxy device (2 slots)
[    0.000000] ITS: Enabling GICv4 support
[    0.000000] GICv3: CPU0: using allocated LPI pending table @0x0000000041880000
[    0.000000] rcu: srcu_init: Setting srcu_struct sizes based on contention.
[    0.000000] arch_timer: cp15 timer(s) running at 62.50MHz (phys).
[    0.000000] clocksource: arch_sys_counter: mask: 0x1ffffffffffffff max_cycles: 0x1cd42e208c, max_idle_ns: 881590405314 ns
[    0.000070] sched_clock: 57 bits at 63MHz, resolution 16ns, wraps every 4398046511096ns
[    0.009164] Console: colour dummy device 80x25
[    0.011565] Calibrating delay loop (skipped), value calculated using timer frequency.. 125.00 BogoMIPS (lpj=62500)
[    0.011999] pid_max: default: 32768 minimum: 301
[    0.013717] LSM: initializing lsm=capability
[    0.015927] Mount-cache hash table entries: 1024 (order: 1, 8192 bytes, linear)
[    0.016103] Mountpoint-cache hash table entries: 1024 (order: 1, 8192 bytes, linear)
[    0.045496] cacheinfo: Unable to detect cache hierarchy for CPU 0
[    0.054116] RCU Tasks: Setting shift to 0 and lim to 1 rcu_task_cb_adjust=1.
[    0.054702] RCU Tasks Trace: Setting shift to 0 and lim to 1 rcu_task_cb_adjust=1.
[    0.056266] rcu: Hierarchical SRCU implementation.
[    0.056368] rcu: 	Max phase no-delay instances is 400.
[    0.058764] Platform MSI: its@8080000 domain created
[    0.059302] PCI/MSI: /intc@8000000/its@8080000 domain created
[    0.060412] EFI services will not be available.
[    0.060925] smp: Bringing up secondary CPUs ...
[    0.061844] smp: Brought up 1 node, 1 CPU
[    0.061925] SMP: Total of 1 processors activated.
[    0.062019] CPU features: detected: Branch Target Identification
[    0.062115] CPU features: detected: 32-bit EL0 Support
[    0.062193] CPU features: detected: 32-bit EL1 Support
[    0.062263] CPU features: detected: ARMv8.4 Translation Table Level
[    0.063896] CPU features: detected: Data cache clean to the PoU not required for I/D coherence
[    0.064034] CPU features: detected: Common not Private translations
[    0.064111] CPU features: detected: CRC32 instructions
[    0.064178] CPU features: detected: Data independent timing control (DIT)
[    0.064265] CPU features: detected: E0PD
[    0.064317] CPU features: detected: Enhanced Virtualization Traps
[    0.064390] CPU features: detected: RCpc load-acquire (LDAPR)
[    0.064460] CPU features: detected: LSE atomic instructions
[    0.064566] CPU features: detected: Privileged Access Never
[    0.064636] CPU features: detected: RAS Extension Support
[    0.064960] CPU features: detected: Random Number Generator
[    0.065036] CPU features: detected: Speculation barrier (SB)
[    0.065107] CPU features: detected: Stage-2 Force Write-Back
[    0.065176] CPU features: detected: TLB range maintenance instructions
[    0.065295] CPU features: detected: Scalable Matrix Extension
[    0.065368] CPU features: detected: FA64
[    0.065419] CPU features: detected: Speculative Store Bypassing Safe (SSBS)
[    0.065500] CPU features: detected: Scalable Vector Extension
[    0.078652] SVE: maximum available vector length 256 bytes per vector
[    0.082218] SVE: default vector length 64 bytes per vector
[    0.084268] SME: minimum available vector length 16 bytes per vector
[    0.084369] SME: maximum available vector length 256 bytes per vector
[    0.084457] SME: default vector length 32 bytes per vector
[    0.084976] CPU: All CPU(s) started at EL2
[    0.085065] alternatives: applying system-wide alternatives
[    0.132965] devtmpfs: initialized
[    0.153831] clocksource: jiffies: mask: 0xffffffff max_cycles: 0xffffffff, max_idle_ns: 1911260446275000 ns
[    0.154543] futex hash table entries: 256 (order: 2, 16384 bytes, linear)
[    0.158710] pinctrl core: initialized pinctrl subsystem
[    0.166528] DMI not present or invalid.
[    0.179611] NET: Registered PF_NETLINK/PF_ROUTE protocol family
[    0.191278] DMA: preallocated 128 KiB GFP_KERNEL pool for atomic allocations
[    0.191906] DMA: preallocated 128 KiB GFP_KERNEL|GFP_DMA pool for atomic allocations
[    0.192207] DMA: preallocated 128 KiB GFP_KERNEL|GFP_DMA32 pool for atomic allocations
[    0.192503] audit: initializing netlink subsys (disabled)
[    0.194608] audit: type=2000 audit(0.160:1): state=initialized audit_enabled=0 res=1
[    0.199218] thermal_sys: Registered thermal governor 'fair_share'
[    0.199346] thermal_sys: Registered thermal governor 'bang_bang'
[    0.199470] thermal_sys: Registered thermal governor 'step_wise'
[    0.199550] thermal_sys: Registered thermal governor 'user_space'
[    0.200005] cpuidle: using governor ladder
[    0.200265] cpuidle: using governor menu
[    0.201583] hw-breakpoint: found 6 breakpoint and 4 watchpoint registers.
[    0.202121] ASID allocator initialised with 65536 entries
[    0.205345] Serial: AMBA PL011 UART driver
[    0.243839] 9000000.pl011: ttyAMA0 at MMIO 0x9000000 (irq = 14, base_baud = 0) is a PL011 rev1
[    0.245435] printk: console [ttyAMA0] enabled
[    0.245435] printk: console [ttyAMA0] enabled
[    0.245792] printk: bootconsole [pl11] disabled
[    0.245792] printk: bootconsole [pl11] disabled
[    0.259150] Modules: 27792 pages in range for non-PLT usage
[    0.259180] Modules: 519312 pages in range for PLT usage
[    0.269296] ACPI: Interpreter disabled.
[    0.270327] iommu: Default domain type: Translated
[    0.270428] iommu: DMA domain TLB invalidation policy: strict mode
[    0.273222] SCSI subsystem initialized
[    0.274303] pps_core: LinuxPPS API ver. 1 registered
[    0.274386] pps_core: Software ver. 5.3.6 - Copyright 2005-2007 Rodolfo Giometti <giometti@linux.it>
[    0.274575] PTP clock support registered
[    0.276193] scmi_core: SCMI protocol bus registered
[    0.287863] vgaarb: loaded
[    0.292629] clocksource: Switched to clocksource arch_sys_counter
[    0.294091] VFS: Disk quotas dquot_6.6.0
[    0.296113] VFS: Dquot-cache hash table entries: 512 (order 0, 4096 bytes)
[    0.297165] pnp: PnP ACPI: disabled
[    0.314141] NET: Registered PF_INET protocol family
[    0.315795] IP idents hash table entries: 8192 (order: 4, 65536 bytes, linear)
[    0.322762] tcp_listen_portaddr_hash hash table entries: 256 (order: 0, 4096 bytes, linear)
[    0.322945] Table-perturb hash table entries: 65536 (order: 6, 262144 bytes, linear)
[    0.323098] TCP established hash table entries: 4096 (order: 3, 32768 bytes, linear)
[    0.324429] TCP bind hash table entries: 4096 (order: 5, 131072 bytes, linear)
[    0.324747] TCP: Hash tables configured (established 4096 bind 4096)
[    0.329345] MPTCP token hash table entries: 512 (order: 1, 12288 bytes, linear)
[    0.329741] UDP hash table entries: 256 (order: 1, 8192 bytes, linear)
[    0.330415] UDP-Lite hash table entries: 256 (order: 1, 8192 bytes, linear)
[    0.331939] NET: Registered PF_UNIX/PF_LOCAL protocol family
[    0.332505] NET: Registered PF_XDP protocol family
[    0.332792] PCI: CLS 0 bytes, default 64
[    0.337049] kvm [1]: IPA Size Limit: 48 bits
[    0.337720] kvm [1]: GICv4 support disabled
[    0.337809] kvm [1]: GICv3: no GICV resource entry
[    0.337972] kvm [1]: disabling GICv2 emulation
[    0.338146] kvm [1]: GIC system register CPU interface enabled
[    0.341601] kvm [1]: vgic interrupt IRQ9
[    0.343043] Trying to unpack rootfs image as initramfs...
[    0.343292] kvm [1]: VHE mode initialized successfully
[    0.353438] Initialise system trusted keyrings
[    0.357906] workingset: timestamp_bits=37 max_order=17 bucket_order=0
[    0.358098] zbud: loaded
[    0.368823] Key type asymmetric registered
[    0.368980] Asymmetric key parser 'x509' registered
[    0.370558] Block layer SCSI generic (bsg) driver version 0.4 loaded (major 245)
[    0.416440] pl061_gpio 9030000.pl061: PL061 GPIO chip registered
[    0.422840] pci-host-generic 4010000000.pcie: host bridge /pcie@10000000 ranges:
[    0.424803] pci-host-generic 4010000000.pcie:       IO 0x003eff0000..0x003effffff -> 0x0000000000
[    0.426583] pci-host-generic 4010000000.pcie:      MEM 0x0010000000..0x003efeffff -> 0x0010000000
[    0.426744] pci-host-generic 4010000000.pcie:      MEM 0x8000000000..0xffffffffff -> 0x8000000000
[    0.428386] pci-host-generic 4010000000.pcie: Memory resource size exceeds max for 32 bits
[    0.428974] pci-host-generic 4010000000.pcie: ECAM at [mem 0x4010000000-0x401fffffff] for [bus 00-ff]
[    0.432818] pci-host-generic 4010000000.pcie: PCI host bridge to bus 0000:00
[    0.433124] pci_bus 0000:00: root bus resource [bus 00-ff]
[    0.434356] pci_bus 0000:00: root bus resource [io  0x0000-0xffff]
[    0.434482] pci_bus 0000:00: root bus resource [mem 0x10000000-0x3efeffff]
[    0.434573] pci_bus 0000:00: root bus resource [mem 0x8000000000-0xffffffffff]
[    0.437131] pci 0000:00:00.0: [1b36:0008] type 00 class 0x060000
[    0.453491] Freeing initrd memory: 4428K
[    0.608157] Serial: 8250/16550 driver, 4 ports, IRQ sharing enabled
[    0.634316] Serial: AMBA driver
[    0.664856] sdhci: Secure Digital Host Controller Interface driver
[    0.664974] sdhci: Copyright(c) Pierre Ossman
[    0.665047] Synopsys Designware Multimedia Card Interface Driver
[    0.669154] sdhci-pltfm: SDHCI platform and OF driver helper
[    0.680664] NET: Registered PF_INET6 protocol family
[    0.687892] Segment Routing with IPv6
[    0.688127] In-situ OAM (IOAM) with IPv6
[    0.688956] Key type dns_resolver registered
[    0.808862] registered taskstats version 1
[    0.813188] Loading compiled-in X.509 certificates
[    0.879058] Loaded X.509 cert 'Build time autogenerated kernel key: f462fd32711f05a5620e7263aad5585cc52371eb'
[    0.899797] Key type .fscrypt registered
[    0.899877] Key type fscrypt-provisioning registered
[    0.907163] clk: Disabling unused clocks
[    0.911563] uart-pl011 9000000.pl011: no DMA platform data
[    0.964259] Freeing unused kernel memory: 1536K
[    0.965454] Run /init as init process
Starting syslogd: OK
Starting klogd: OK
Running sysctl: OK
Saving 256 bits of creditable seed for next boot
Starting network: OK
Linux version 6.5.0-rc5-next-20230809-cbl (nathan@dev-arch.m3-large-x86-01) (ClangBuiltLinux clang version 12.0.1 (https://github.com/llvm/llvm-project fed41342a82f5a3a9201819a82bf7a48313e296b), ClangBuiltLinux LLD 12.0.1 (https://github.com/llvm/llvm-project fed41342a82f5a3a9201819a82bf7a48313e296b)) #1 SMP PREEMPT_DYNAMIC Sat Aug 12 13:44:24 UTC 2023
Stopping network: OK
Seeding 256 bits and crediting
Saving 256 bits of creditable seed for next boot
Stopping klogd: OK
Stopping syslogd: OK
umount: devtmpfs busy - remounted read-only
umount: can't unmount /: Invalid argument

The system is going down NOW!

Sent SIGTERM to all processes

Sent SIGKILL to all processes

Requesting system poweroff
[    3.551623] kvm: exiting hardware virtualization
[    3.551805] reboot: Power down
$ timeout --foreground 3m stdbuf -eL -oL /usr/sbin/qemu-system-aarch64 -display none -nodefaults -cpu max,pauth-impdef=true -machine virt,gic-version=max,virtualization=true -append 'console=ttyAMA0 earlycon' -kernel /home/nathan/tmp/build/cbl_lkt/linux-next/arm64/arch/arm64/boot/Image.gz -initrd /home/nathan/cbl/llvm-kernel-testing/src/boot-utils/images/arm64/rootfs.cpio -m 512m -serial mon:stdio
