Using /home/nathan/cbl/src/linux-next/arch/powerpc/configs/ppc64_defconfig as base
Merging /home/nathan/cbl/src/linux-next/arch/powerpc/configs/le.config
Merging /home/nathan/cbl/src/linux-next/arch/powerpc/configs/guest.config
Value of CONFIG_VIRTIO_BLK is redefined by fragment /home/nathan/cbl/src/linux-next/arch/powerpc/configs/guest.config:
Previous value: CONFIG_VIRTIO_BLK=m
New value: CONFIG_VIRTIO_BLK=y

Value of CONFIG_SCSI_VIRTIO is redefined by fragment /home/nathan/cbl/src/linux-next/arch/powerpc/configs/guest.config:
Previous value: CONFIG_SCSI_VIRTIO=m
New value: CONFIG_SCSI_VIRTIO=y

Value of CONFIG_VIRTIO_NET is redefined by fragment /home/nathan/cbl/src/linux-next/arch/powerpc/configs/guest.config:
Previous value: CONFIG_VIRTIO_NET=m
New value: CONFIG_VIRTIO_NET=y

Value of CONFIG_VIRTIO_CONSOLE is redefined by fragment /home/nathan/cbl/src/linux-next/arch/powerpc/configs/guest.config:
Previous value: CONFIG_VIRTIO_CONSOLE=m
New value: CONFIG_VIRTIO_CONSOLE=y

Value of CONFIG_VIRTIO_PCI is redefined by fragment /home/nathan/cbl/src/linux-next/arch/powerpc/configs/guest.config:
Previous value: CONFIG_VIRTIO_PCI=m
New value: CONFIG_VIRTIO_PCI=y

Value of CONFIG_VIRTIO_BALLOON is redefined by fragment /home/nathan/cbl/src/linux-next/arch/powerpc/configs/guest.config:
Previous value: CONFIG_VIRTIO_BALLOON=m
New value: CONFIG_VIRTIO_BALLOON=y

Value of CONFIG_VHOST_NET is redefined by fragment /home/nathan/cbl/src/linux-next/arch/powerpc/configs/guest.config:
Previous value: CONFIG_VHOST_NET=m
New value: CONFIG_VHOST_NET=y

Value of CONFIG_IBMVETH is redefined by fragment /home/nathan/cbl/src/linux-next/arch/powerpc/configs/guest.config:
Previous value: CONFIG_IBMVETH=m
New value: CONFIG_IBMVETH=y

Value of CONFIG_IBMVNIC is redefined by fragment /home/nathan/cbl/src/linux-next/arch/powerpc/configs/guest.config:
Previous value: CONFIG_IBMVNIC=m
New value: CONFIG_IBMVNIC=y

Merging /home/nathan/cbl/src/linux-next/arch/powerpc/configs/kvm_guest.config
#
# merged configuration written to .config (needs make)
#
/home/nathan/cbl/src/linux-next/drivers/infiniband/core/uverbs_ioctl.c:90:39: warning: result of comparison of constant 65536 with expression of type 'u16' (aka 'unsigned short') is always false [-Wtautological-constant-out-of-range-compare]
        WARN_ON_ONCE(method_elm->bundle_size > PAGE_SIZE);
        ~~~~~~~~~~~~~~~~~~~~~~~~~~~~~~~~~~~~~^~~~~~~~~~~~
/home/nathan/cbl/src/linux-next/include/asm-generic/bug.h:111:25: note: expanded from macro 'WARN_ON_ONCE'
        int __ret_warn_on = !!(condition);                      \
                               ^~~~~~~~~
/home/nathan/cbl/src/linux-next/drivers/infiniband/core/uverbs_ioctl.c:629:17: warning: result of comparison of constant 65536 with expression of type '__u16' (aka 'unsigned short') is always false [-Wtautological-constant-out-of-range-compare]
        if (hdr.length > PAGE_SIZE ||
            ~~~~~~~~~~ ^ ~~~~~~~~~
2 warnings generated.
/home/nathan/cbl/src/linux-next/fs/nilfs2/ioctl.c:63:19: warning: result of comparison of constant 65536 with expression of type '__u16' (aka 'unsigned short') is always false [-Wtautological-constant-out-of-range-compare]
        if (argv->v_size > PAGE_SIZE)
            ~~~~~~~~~~~~ ^ ~~~~~~~~~
1 warning generated.

[01;32mQEMU location: [0m/usr/sbin[0m

[01;32mQEMU version: [0mQEMU emulator version 8.0.3[0m
[    0.014603782,5] OPAL v7.0 starting...
[    0.015170835,7] initial console log level: memory 7, driver 5
[    0.015217101,6] CPU: P9 generation processor (max 4 threads/core)
[    0.015242042,7] CPU: Boot CPU PIR is 0x0000 PVR is 0x004e1200
[    0.015362612,7] OPAL table: 0x3018a660 .. 0x3018ac20, branch table: 0x30120000
[    0.015527585,7] Assigning physical memory map table for nimbus
[    0.015864713,7] FDT: Parsing fdt @0x1000000
[    0.018169360,5] CHIP: Detected QEMU simulator
[    0.018372386,6] CHIP: Initialised chip 0 from xscom@603fc00000000
[    0.018709544,6] P9 DD2.00 detected
[    0.018726657,5] CHIP: Chip ID 0000 type: P9N DD2.00
[    0.018735373,7] XSCOM: Base address: 0x603fc00000000
[    0.018755830,7] XSTOP: ibm,sw-checkstop-fir prop not found
[    0.018832577,6] MFSI 0:0: Initialized
[    0.018845119,6] MFSI 0:2: Initialized
[    0.018853972,6] MFSI 0:1: Initialized
[    0.019437955,6] LPC: LPC[000]: Initialized
[    0.019446512,7] LPC: access via MMIO @0x6030000000000
[    0.019472140,7] LPC: Default bus on chip 0x0
[    0.019553123,7] CPU: New max PIR set to 0x3
[    0.020068449,7] MEM: parsing reserved memory from reserved-names/-ranges properties
[    0.020156106,7] HOMER: Init chip 0
[    0.020188110,7]   PBA BAR0 : 0x0000203ffd800000
[    0.020195815,7]   PBA MASK0: 0x0000000000300000
[    0.020225773,7]   HOMER Image at 0x203ffd800000 size 4MB
[    0.020270202,4] HOMER image is not reserved! Reserving
[    0.020320202,7]   PBA BAR2 : 0x0000203fff800000
[    0.020325301,7]   PBA MASK2: 0x0000000000700000
[    0.020339921,7]   OCC Common Area at 0x203fff800000 size 8MB
[    0.020370048,4] OCC common area is not reserved! Reserving
[    0.020439930,7] CPU: decrementer bits 56
[    0.020519780,6] CPU: CPU from DT PIR=0x0000 Server#=0x0 State=4
[    0.020615845,6] CPU:  1 secondary threads
[    0.021892566,5] PLAT: Using SuperIO UART
[    0.022164736,7] UART: Using LPC IRQ 4
[    0.024692702,5] PLAT: Detected QEMU POWER9 platform
[    0.024773773,5] PLAT: Detected BMC platform ast2500:openbmc
[    0.039838515,5] CPU: All 1 processors called in...
[    0.040896564,7] LPC: Routing irq 10, policy: 0 (r=1)
[    0.040970017,7] LPC: SerIRQ 10 using route 0 targetted at OPAL
[    0.062764954,5] HIOMAP: Negotiated hiomap protocol v2
[    0.062852052,5] HIOMAP: Block size is 4KiB
[    0.062913701,5] HIOMAP: BMC suggested flash timeout of 0s
[    0.062982948,5] HIOMAP: Flash size is 128MiB
[    0.063038083,5] HIOMAP: Erase granule size is 4KiB
[    0.079514258,3] FFS: Reading the flash has returned all 0xFF.
[    0.079586495,3]      Are you reading erased flash?
[    0.079643420,3]      Is something else using the flash controller?
[    0.079726963,4] FLASH: No ffs info; using raw device only
[    0.085028668,3] FFS: Reading the flash has returned all 0xFF.
[    0.085096786,3]      Are you reading erased flash?
[    0.085151516,3]      Is something else using the flash controller?
[    0.085226251,3] FLASH: Can't open ffs handle
[    0.090442777,3] FFS: Reading the flash has returned all 0xFF.
[    0.090509505,3]      Are you reading erased flash?
[    0.090567040,3]      Is something else using the flash controller?
[    0.090636420,3] FLASH: Can't open ffs handle
[    0.095845918,3] FFS: Reading the flash has returned all 0xFF.
[    0.095913215,3]      Are you reading erased flash?
[    0.095967400,3]      Is something else using the flash controller?
[    0.096037355,3] FLASH: Can't open ffs handle
[    0.101246848,3] FFS: Reading the flash has returned all 0xFF.
[    0.101354090,3]      Are you reading erased flash?
[    0.101461302,3]      Is something else using the flash controller?
[    0.101596466,3] FLASH: Can't open ffs handle
[    0.106877006,3] FFS: Reading the flash has returned all 0xFF.
[    0.106946534,3]      Are you reading erased flash?
[    0.107001274,3]      Is something else using the flash controller?
[    0.107070397,3] FLASH: Can't open ffs handle
[    0.112279444,3] FFS: Reading the flash has returned all 0xFF.
[    0.112346121,3]      Are you reading erased flash?
[    0.112400434,3]      Is something else using the flash controller?
[    0.112470332,3] FLASH: Can't open ffs handle
[    0.123681158,2] NVRAM: Failed to load
[    0.123741524,2] NVRAM: Failed to load
[    0.123807627,5] STB: secure boot not supported
[    0.123882547,5] STB: trusted boot not supported
[    0.124143211,4] FLASH: Can't load resource id:4. No system flash found
[    0.124387079,4] FLASH: Can't load resource id:3. No system flash found
[    0.124518503,2] NVRAM: Failed to load
[    0.124668016,7] LPC: Routing irq 4, policy: 0 (r=1)
[    0.124683194,7] LPC: SerIRQ 4 using route 1 targetted at OPAL
[    0.125045053,3] SLW: Failed to set HRMOR for CPU 0,RC=0x1
[    0.125248571,5] Unable to log error
[    0.125316243,3] Disabling deep stop states
[    0.125500581,2] NVRAM: Failed to load
[    0.125805494,3] OCC: Chip: 0: OCC not active
[    0.125866369,3] OCC: Initialization on all chips did not complete(timed out)
[    0.125960264,5] Unable to log error
[    0.126031363,2] NVRAM: Failed to load
[    0.126094238,2] NVRAM: Failed to load
[    0.126147254,2] NVRAM: Failed to load
[    0.126300793,4] FLASH: Can't load resource id:2. No system flash found
[    0.126547847,4] FLASH: Can't load resource id:0. No system flash found
[    0.126642322,4] FLASH: Can't load resource id:1. No system flash found
[    0.126809808,3] IMC: IMC Catalog load failed
[    0.127095065,2] NVRAM: Failed to load
[    0.127149466,2] NVRAM: Failed to load
[    0.127200188,2] NVRAM: Failed to load
[    0.127543170,5] PCI: Resetting PHBs and training links...
[    0.127660600,5] PCI: Probing slots...
[    0.127721603,5] PCI Summary:
[    0.127823214,4] FLASH: Failed to load VERSION data
[    0.344591601,2] NVRAM: Failed to load
[    0.345147606,5] INIT: Waiting for kernel...
[    0.345208285,5] INIT: platform wait for kernel load failed
[    0.345291777,5] INIT: Assuming kernel at 0x20000000
[    0.345399846,5] INIT: 64-bit LE kernel discovered
[    0.345678120,3] OCC: Chip 0 sensor data invalid
[    0.345932341,2] NVRAM: Failed to load
[    0.352380142,5] INIT: Starting kernel at 0x20010000, fdt at 0x30758170 15742 bytes


zImage starting: loaded at 0x0000000020010000 (sp: 0x0000000020a08da0)

Allocating 0x2b571d8 bytes for kernel...

Decompressing (0x0000000000000000 <- 0x0000000020023000:0x0000000020a07201)...

Done! Decompressed 0x29b0000 bytes


Linux/PowerPC load: 

Finalizing device tree... flat tree at 0x20a09ca0

[    0.000000][    T0] OF: reserved mem: 0x0000000030000000..0x00000000305fffff (6144 KiB) map non-reusable ibm,firmware-code@30000000
[    0.000000][    T0] OF: reserved mem: 0x0000000030600000..0x0000000030ffffff (10240 KiB) map non-reusable ibm,firmware-heap@30600000
[    0.000000][    T0] OF: reserved mem: 0x0000000031000000..0x0000000031c0ffff (12352 KiB) map non-reusable ibm,firmware-data@31000000
[    0.000000][    T0] OF: reserved mem: 0x0000000031c10000..0x0000000031c2ffff (128 KiB) map non-reusable ibm,firmware-stacks@31c10000
[    0.000000][    T0] OF: reserved mem: 0x0000000031c30000..0x000000003290ffff (13184 KiB) map non-reusable ibm,firmware-allocs-memory@31c30000
[    0.000000][    T0] OF: reserved mem: 0x0000203ffd800000..0x0000203ffdbfffff (4096 KiB) map non-reusable ibm,homer-image@203ffd800000
[    0.000000][    T0] OF: reserved mem: 0x0000203fff800000..0x0000203fffffffff (8192 KiB) map non-reusable ibm,occ-common-area@203fff800000
[    0.000000][    T0] dt-cpu-ftrs: setup for ISA 3000
[    0.000000][    T0] dt-cpu-ftrs: final cpu/mmu features = 0x0003c06b8f5fb187 0x3c007041
[    0.000000][    T0] Activating Kernel Userspace Access Prevention
[    0.000000][    T0] Activating Kernel Userspace Execution Prevention
[    0.000000][    T0] radix-mmu: Mapped 0x0000000000000000-0x0000000002660000 with 64.0 KiB pages (exec)
[    0.000000][    T0] radix-mmu: Mapped 0x0000000002660000-0x0000000080000000 with 64.0 KiB pages
[    0.000000][    T0] radix-mmu: Initializing Radix MMU
[    0.000000][    T0] Linux version 6.5.0-rc5-next-20230809-cbl-00030-g8150cbc757fd (nathan@dev-arch.m3-large-x86-01) (ClangBuiltLinux clang version 12.0.1 (https://github.com/llvm/llvm-project fed41342a82f5a3a9201819a82bf7a48313e296b), ClangBuiltLinux LLD 12.0.1 (https://github.com/llvm/llvm-project fed41342a82f5a3a9201819a82bf7a48313e296b)) #1 SMP Sat Aug 12 14:43:35 UTC 2023
[    0.000000][    T0] Found initrd at 0xc000000028000000:0xc000000028878600
[    0.000000][    T0] Hardware name: IBM PowerNV (emulated by qemu) POWER9 0x4e1200 opal:v7.0 PowerNV
[    0.000000][    T0] printk: bootconsole [udbg0] enabled
[    0.000000][    T0] CPU maps initialized for 1 thread per core
[    0.000000][    T0] -----------------------------------------------------
[    0.000000][    T0] phys_mem_size     = 0x80000000
[    0.000000][    T0] dcache_bsize      = 0x80
[    0.000000][    T0] icache_bsize      = 0x80
[    0.000000][    T0] cpu_features      = 0x0003c06b8f4fb187
[    0.000000][    T0]   possible        = 0x001ffbfbcf5fb187
[    0.000000][    T0]   always          = 0x0000000380008181
[    0.000000][    T0] cpu_user_features = 0xdc0065c2 0xaef00000
[    0.000000][    T0] mmu_features      = 0x3c007641
[    0.000000][    T0] firmware_features = 0x0000000110000000
[    0.000000][    T0] vmalloc start     = 0xc008000000000000
[    0.000000][    T0] IO start          = 0xc00a000000000000
[    0.000000][    T0] vmemmap start     = 0xc00c000000000000
[    0.000000][    T0] -----------------------------------------------------
[    0.000000][    T0] numa:   NODE_DATA [mem 0x7bf84880-0x7bf8bfff]
[    0.000000][    T0] kvm_cma_reserve: reserving 102 MiB for global area
[    0.000000][    T0] cma: Reserved 112 MiB at 0x0000000073000000 on node -1
[    0.000000][    T0] rfi-flush: fallback displacement flush available
[    0.000000][    T0] count-cache-flush: flush disabled.
[    0.000000][    T0] link-stack-flush: flush disabled.
[    0.000000][    T0] stf-barrier: eieio barrier available
[    0.000000][    T0] barrier-nospec: using ORI speculation barrier
[    0.000000][    T0] Zone ranges:
[    0.000000][    T0]   Normal   [mem 0x0000000000000000-0x000000007fffffff]
[    0.000000][    T0]   Device   empty
[    0.000000][    T0] Movable zone start for each node
[    0.000000][    T0] Early memory node ranges
[    0.000000][    T0]   node   0: [mem 0x0000000000000000-0x000000007fffffff]
[    0.000000][    T0] Initmem setup node 0 [mem 0x0000000000000000-0x000000007fffffff]
[    0.000000][    T0] percpu: Embedded 10 pages/cpu s599464 r0 d55896 u655360
[    0.000000][    T0] Kernel command line: 
[    0.000000][    T0] random: crng init done
[    0.000000][    T0] Dentry cache hash table entries: 262144 (order: 5, 2097152 bytes, linear)
[    0.000000][    T0] Inode-cache hash table entries: 131072 (order: 4, 1048576 bytes, linear)
[    0.000000][    T0] Fallback order for Node 0: 0 
[    0.000000][    T0] Built 1 zonelists, mobility grouping on.  Total pages: 32736
[    0.000000][    T0] Policy zone: Normal
[    0.000000][    T0] mem auto-init: stack:all(zero), heap alloc:off, heap free:off
[    0.000000][    T0] Memory: 1798208K/2097152K available (18496K kernel code, 3392K rwdata, 14272K rodata, 6528K init, 1692K bss, 184256K reserved, 114688K cma-reserved)
[    0.000000][    T0] SLUB: HWalign=128, Order=0-3, MinObjects=0, CPUs=1, Nodes=1
[    0.000000][    T0] ftrace: allocating 42725 entries in 16 pages
[    0.000000][    T0] ftrace: allocated 16 pages with 1 groups
[    0.000000][    T0] trace event string verifier disabled
[    0.000000][    T0] rcu: Hierarchical RCU implementation.
[    0.000000][    T0] rcu: 	RCU event tracing is enabled.
[    0.000000][    T0] rcu: 	RCU restricting CPUs from NR_CPUS=2048 to nr_cpu_ids=1.
[    0.000000][    T0] 	Rude variant of Tasks RCU enabled.
[    0.000000][    T0] 	Tracing variant of Tasks RCU enabled.
[    0.000000][    T0] rcu: RCU calculated value of scheduler-enlistment delay is 10 jiffies.
[    0.000000][    T0] rcu: Adjusting geometry for rcu_fanout_leaf=16, nr_cpu_ids=1
[    0.000000][    T0] NR_IRQS: 512, nr_irqs: 512, preallocated irqs: 16
[    0.000000][    T0] xive: Interrupt handling initialized with native backend
[    0.000000][    T0] xive: Using priority 7 for all interrupts
[    0.000000][    T0] xive: Using 64kB queues
[    0.000000][    T0] rcu: srcu_init: Setting srcu_struct sizes based on contention.
[    0.000061][    T0] time_init: 56 bit decrementer (max: 7fffffffffffff)
[    0.001246][    T0] clocksource: timebase: mask: 0xffffffffffffffff max_cycles: 0x761537d007, max_idle_ns: 440795202126 ns
[    0.002520][    T0] clocksource: timebase mult[1f40000] shift[24] registered
[    0.010511][    T0] Console: colour dummy device 80x25
[    0.011762][    T0] printk: console [hvc0] enabled
[    0.011762][    T0] printk: console [hvc0] enabled
[    0.012699][    T0] printk: bootconsole [udbg0] disabled
[    0.012699][    T0] printk: bootconsole [udbg0] disabled
[    0.020815][    T0] pid_max: default: 32768 minimum: 301
[    0.023886][    T0] LSM: initializing lsm=lockdown,capability,landlock,yama,selinux,bpf,integrity
[    0.025718][    T0] landlock: Up and running.
[    0.025873][    T0] Yama: becoming mindful.
[    0.026328][    T0] SELinux:  Initializing.
[    0.034369][    T0] LSM support for eBPF active
[    0.035113][    T0] stackdepot: allocating hash table of 131072 entries via kvcalloc
[    0.037227][    T0] Mount-cache hash table entries: 8192 (order: 0, 65536 bytes, linear)
[    0.037532][    T0] Mountpoint-cache hash table entries: 8192 (order: 0, 65536 bytes, linear)
[    0.085948][    T1] RCU Tasks Rude: Setting shift to 0 and lim to 1 rcu_task_cb_adjust=1.
[    0.086972][    T1] RCU Tasks Trace: Setting shift to 0 and lim to 1 rcu_task_cb_adjust=1.
[    0.088251][    T1] POWER9 performance monitor hardware support registered
[    0.089681][    T1] rcu: Hierarchical SRCU implementation.
[    0.089880][    T1] rcu: 	Max phase no-delay instances is 1000.
[    0.107729][    T1] smp: Bringing up secondary CPUs ...
[    0.108825][    T1] smp: Brought up 1 node, 1 CPU
[    0.109127][    T1] numa: Node 0 CPUs: 0
[    0.125922][    T1] devtmpfs: initialized
[    0.140954][    T1] clocksource: jiffies: mask: 0xffffffff max_cycles: 0xffffffff, max_idle_ns: 19112604462750000 ns
[    0.141396][    T1] futex hash table entries: 256 (order: -1, 32768 bytes, linear)
[    0.155234][    T1] NET: Registered PF_NETLINK/PF_ROUTE protocol family
[    0.159900][    T1] audit: initializing netlink subsys (disabled)
[    0.165753][   T21] audit: type=2000 audit(1691851428.140:1): state=initialized audit_enabled=0 res=1
[    0.168549][    T1] cpuidle: using governor menu
[    0.169939][    T1] Failed to initialize. Disabling HugeTLB
[    0.170448][    T1] nvram: No room to create lnx,oops-log partition, deleting any obsolete OS partitions...
[    0.170995][    T1] nvram: Failed to find or create lnx,oops-log partition, err -28
[    0.171237][    T1] nvram: Failed to initialize oops partition!
[    0.178763][    T1] EEH: PowerNV platform initialized
[    0.200074][    T1] cpuidle-powernv: Default stop: psscr = 0x0000000000000330,mask=0x00000000003003ff
[    0.200558][    T1] cpuidle-powernv: Deepest stop: psscr = 0x0000000000300331,mask=0x00000000003003ff
[    0.200851][    T1] cpuidle-powernv: First stop level that may lose SPRs = 0x10
[    0.201067][    T1] cpuidle-powernv: First stop level that may lose timebase = 0x10
[    0.204206][    T1] kprobes: kprobe jump-optimization is enabled. All kprobes are optimized if possible.
[    1.042140][    T1] iommu: Default domain type: Translated
[    1.042395][    T1] iommu: DMA domain TLB invalidation policy: strict mode
[    1.045847][    T1] SCSI subsystem initialized
[    1.047835][    T1] usbcore: registered new interface driver usbfs
[    1.048323][    T1] usbcore: registered new interface driver hub
[    1.048705][    T1] usbcore: registered new device driver usb
[    1.049407][    T1] pps_core: LinuxPPS API ver. 1 registered
[    1.049589][    T1] pps_core: Software ver. 5.3.6 - Copyright 2005-2007 Rodolfo Giometti <giometti@linux.it>
[    1.049935][    T1] PTP clock support registered
[    1.050675][    T1] EDAC MC: Ver: 3.0.0
[    1.109658][    T1] PCI: Probing PCI hardware
[    1.115231][    T1] vgaarb: loaded
[    1.117232][    T1] clocksource: Switched to clocksource timebase
[    1.132293][    T1] hugetlbfs: disabling because there are no supported hugepage sizes
[    1.168608][    T1] NET: Registered PF_INET protocol family
[    1.170113][    T1] IP idents hash table entries: 32768 (order: 2, 262144 bytes, linear)
[    1.184347][    T1] tcp_listen_portaddr_hash hash table entries: 4096 (order: 0, 65536 bytes, linear)
[    1.184762][    T1] Table-perturb hash table entries: 65536 (order: 2, 262144 bytes, linear)
[    1.185356][    T1] TCP established hash table entries: 16384 (order: 1, 131072 bytes, linear)
[    1.185954][    T1] TCP bind hash table entries: 16384 (order: 3, 524288 bytes, linear)
[    1.186600][    T1] TCP: Hash tables configured (established 16384 bind 16384)
[    1.188235][    T1] UDP hash table entries: 2048 (order: 0, 65536 bytes, linear)
[    1.188891][    T1] UDP-Lite hash table entries: 2048 (order: 0, 65536 bytes, linear)
[    1.190692][    T1] NET: Registered PF_UNIX/PF_LOCAL protocol family
[    1.194198][    T1] RPC: Registered named UNIX socket transport module.
[    1.194476][    T1] RPC: Registered udp transport module.
[    1.194653][    T1] RPC: Registered tcp transport module.
[    1.194868][    T1] RPC: Registered tcp-with-tls transport module.
[    1.195068][    T1] RPC: Registered tcp NFSv4.1 backchannel transport module.
[    1.195402][    T1] PCI: CLS 0 bytes, default 128
[    1.214008][    T1] Initialise system trusted keyrings
[    1.215329][    T1] Key type blacklist registered
[    1.219218][   T38] Trying to unpack rootfs image as initramfs...
[    1.229699][    T1] workingset: timestamp_bits=38 max_order=15 bucket_order=0
[    1.230202][    T1] zbud: loaded
[    1.250564][    T1] NFS: Registering the id_resolver key type
[    1.251041][    T1] Key type id_resolver registered
[    1.251198][    T1] Key type id_legacy registered
[    1.252239][    T1] SGI XFS with ACLs, security attributes, no debug enabled
[    1.258604][    T1] 9p: Installing v9fs 9p2000 file system support
[    1.264239][    T1] integrity: Platform Keyring initialized
[    1.264477][    T1] Key type asymmetric registered
[    1.264691][    T1] Asymmetric key parser 'x509' registered
[    1.265181][    T1] Block layer SCSI generic (bsg) driver version 0.4 loaded (major 247)
[    1.265526][    T1] io scheduler mq-deadline registered
[    1.265743][    T1] io scheduler kyber registered
[    1.325170][   T38] Freeing initrd memory: 8640K
[    1.383836][    T1] hvc0: raw protocol on /ibm,opal/consoles/serial@0 (boot console)
[    1.384253][    T1] hvc0: No interrupts property, using OPAL event
[    1.387485][    T1] Serial: 8250/16550 driver, 4 ports, IRQ sharing disabled
[    1.419973][    T1] brd: module loaded
[    1.431487][    T1] loop: module loaded
[    1.432218][    T1] ipr: IBM Power RAID SCSI Device Driver version: 2.6.4 (March 14, 2017)
[    1.436820][    T1] e100: Intel(R) PRO/100 Network Driver
[    1.436987][    T1] e100: Copyright(c) 1999-2006 Intel Corporation
[    1.437428][    T1] e1000: Intel(R) PRO/1000 Network Driver
[    1.437596][    T1] e1000: Copyright (c) 1999-2006 Intel Corporation.
[    1.437848][    T1] e1000e: Intel(R) PRO/1000 Network Driver
[    1.438014][    T1] e1000e: Copyright(c) 1999 - 2015 Intel Corporation.
[    1.678049][    T1] rtc-opal opal-rtc: registered as rtc0
[    1.887374][    T1] rtc-opal opal-rtc: setting system clock to 2023-08-12T14:43:51 UTC (1691851431)
[    1.888134][    T1] i2c_dev: i2c /dev entries driver
[    1.890729][    T1] device-mapper: core: CONFIG_IMA_DISABLE_HTABLE is disabled. Duplicate IMA measurements will not be recorded in the IMA log.
[    1.891216][    T1] device-mapper: uevent: version 1.0.3
[    1.892399][    T1] device-mapper: ioctl: 4.48.0-ioctl (2023-03-01) initialised: dm-devel@redhat.com
[    1.892785][    T1] powernv-cpufreq: ibm,pstate-min node not found
[    1.892972][    T1] powernv-cpufreq: Platform driver disabled. System does not support PState control
[    1.896204][    T1] usbcore: registered new interface driver usbhid
[    1.896402][    T1] usbhid: USB HID core driver
[    1.897331][    T1] ipip: IPv4 and MPLS over IPv4 tunneling driver
[    1.900966][    T1] NET: Registered PF_INET6 protocol family
[    1.909164][    T1] Segment Routing with IPv6
[    1.909494][    T1] In-situ OAM (IOAM) with IPv6
[    1.910215][    T1] sit: IPv6, IPv4 and MPLS over IPv4 tunneling driver
[    1.912429][    T1] NET: Registered PF_PACKET protocol family
[    1.914191][    T1] 9pnet: Installing 9P2000 support
[    1.914625][    T1] Key type dns_resolver registered
[    1.915329][    T1] secvar-sysfs: Failed to retrieve secvar operations
[    1.915575][    T1] drmem: No dynamic reconfiguration memory found
[    1.917223][    T1] Running code patching self-tests ...
[    1.940575][    T1] registered taskstats version 1
[    1.942179][    T1] Loading compiled-in X.509 certificates
[    1.952939][   T49] cryptomgr_probe (49) used greatest stack depth: 15232 bytes left
[    1.963333][    T1] Loaded X.509 cert 'Build time autogenerated kernel key: a6270ed249464eb460181db9213aab05e6edcc2b'
[    1.986475][    T1] page_owner is disabled
[    1.988627][    T1] Secure boot mode disabled
[    1.989336][    T1] ima: No TPM chip found, activating TPM-bypass!
[    1.989572][    T1] Loading compiled-in module X.509 certificates
[    1.991967][    T1] Loaded X.509 cert 'Build time autogenerated kernel key: a6270ed249464eb460181db9213aab05e6edcc2b'
[    1.992337][    T1] ima: Allocated hash algorithm: sha256
[    1.996175][    T1] Secure boot mode disabled
[    1.996511][    T1] Trusted boot mode disabled
[    1.996694][    T1] ima: No architecture policies found
[    1.999004][    T1] printk: console [netcon0] enabled
[    1.999236][    T1] netconsole: network logging started
[    2.105196][    T1] Freeing unused kernel image (initmem) memory: 6528K
[    2.114311][    T1] Checked W+X mappings: passed, no W+X pages found
[    2.115337][    T1] rodata_test: all tests were successful
[    2.117294][    T1] Run /init as init process
[    2.352820][   T51] mount (51) used greatest stack depth: 11552 bytes left
Starting syslogd: OK
Starting klogd: [    3.198326][   T69] start-stop-daem (69) used greatest stack depth: 11328 bytes left
OK
Running sysctl: OK
Saving 256 bits of creditable seed for next boot
Starting network: [    4.111937][   T87] ip (87) used greatest stack depth: 10480 bytes left
OK
Linux version 6.5.0-rc5-next-20230809-cbl-00030-g8150cbc757fd (nathan@dev-arch.m3-large-x86-01) (ClangBuiltLinux clang version 12.0.1 (https://github.com/llvm/llvm-project fed41342a82f5a3a9201819a82bf7a48313e296b), ClangBuiltLinux LLD 12.0.1 (https://github.com/llvm/llvm-project fed41342a82f5a3a9201819a82bf7a48313e296b)) #1 SMP Sat Aug 12 14:43:35 UTC 2023
Stopping network: OK
Seeding 256 bits and crediting
Saving 256 bits of creditable seed for next boot
Stopping klogd: OK
Stopping syslogd: OK
umount: devtmpfs busy - remounted read-only
umount: can't unmount /: Invalid argument

The system is going down NOW!

Sent SIGTERM to all processes

Sent SIGKILL to all processes

Requesting system poweroff
[    7.428946][  T114] reboot: Power down
[   10.115475319,5] OPAL: Shutdown request type 0x0...
$ timeout --foreground 3m stdbuf -eL -oL /usr/sbin/qemu-system-ppc64 -display none -nodefaults -device ipmi-bmc-sim,id=bmc0 -device isa-ipmi-bt,bmc=bmc0,irq=10 -machine powernv -kernel /home/nathan/tmp/build/cbl_lkt/linux-next/powerpc/arch/powerpc/boot/zImage.epapr -initrd /home/nathan/cbl/llvm-kernel-testing/src/boot-utils/images/ppc64le/rootfs.cpio -m 2G -serial mon:stdio
