/home/nathan/cbl/src/linux-next/drivers/block/rbd.c:6149:17: warning: result of comparison of constant 2305843009213693948 with expression of type 'u32' (aka 'unsigned int') is always false [-Wtautological-constant-out-of-range-compare]
        if (snap_count > (SIZE_MAX - sizeof (struct ceph_snap_context))
            ~~~~~~~~~~ ^ ~~~~~~~~~~~~~~~~~~~~~~~~~~~~~~~~~~~~~~~~~~~~~~
1 warning generated.
/home/nathan/cbl/src/linux-next/drivers/md/dm-integrity.c:4159:12: warning: result of comparison of constant 17179869180 with expression of type 'unsigned int' is always false [-Wtautological-constant-out-of-range-compare]
                        if (val >= (uint64_t)UINT_MAX * 1000 / HZ) {
                            ~~~ ^  ~~~~~~~~~~~~~~~~~~~~~~~~~~~~~~
1 warning generated.
/home/nathan/cbl/src/linux-next/drivers/scsi/ibmvscsi_tgt/ibmvscsi_tgt.c:1630:32: warning: result of comparison of constant 65536 with expression of type 'u16' (aka 'unsigned short') is always false [-Wtautological-constant-out-of-range-compare]
        if ((olen < min_len) || (olen > PAGE_SIZE)) {
                                 ~~~~ ^ ~~~~~~~~~
1 warning generated.
/home/nathan/cbl/src/linux-next/net/ceph/osdmap.c:1441:10: warning: result of comparison of constant 4611686018427387891 with expression of type 'u32' (aka 'unsigned int') is always false [-Wtautological-constant-out-of-range-compare]
        if (len > (SIZE_MAX - sizeof(*pg)) / sizeof(u32))
            ~~~ ^ ~~~~~~~~~~~~~~~~~~~~~~~~~~~~~~~~~~~~~~
/home/nathan/cbl/src/linux-next/net/ceph/osdmap.c:1624:10: warning: result of comparison of constant 2305843009213693945 with expression of type 'u32' (aka 'unsigned int') is always false [-Wtautological-constant-out-of-range-compare]
        if (len > (SIZE_MAX - sizeof(*pg)) / (2 * sizeof(u32)))
            ~~~ ^ ~~~~~~~~~~~~~~~~~~~~~~~~~~~~~~~~~~~~~~~~~~~~
2 warnings generated.
/home/nathan/cbl/src/linux-next/fs/ceph/snap.c:372:10: warning: result of comparison of constant 2305843009213693948 with expression of type 'u32' (aka 'unsigned int') is always false [-Wtautological-constant-out-of-range-compare]
        if (num > (SIZE_MAX - sizeof(*snapc)) / sizeof(u64))
            ~~~ ^ ~~~~~~~~~~~~~~~~~~~~~~~~~~~~~~~~~~~~~~~~~
/home/nathan/cbl/src/linux-next/fs/nilfs2/ioctl.c:63:19: warning: result of comparison of constant 65536 with expression of type '__u16' (aka 'unsigned short') is always false [-Wtautological-constant-out-of-range-compare]
        if (argv->v_size > PAGE_SIZE)
            ~~~~~~~~~~~~ ^ ~~~~~~~~~
1 warning generated.
1 warning generated.
/home/nathan/cbl/src/linux-next/drivers/infiniband/core/uverbs_ioctl.c:90:39: warning: result of comparison of constant 65536 with expression of type 'u16' (aka 'unsigned short') is always false [-Wtautological-constant-out-of-range-compare]
        WARN_ON_ONCE(method_elm->bundle_size > PAGE_SIZE);
        ~~~~~~~~~~~~~~~~~~~~~~~~~~~~~~~~~~~~~^~~~~~~~~~~~
/home/nathan/cbl/src/linux-next/include/asm-generic/bug.h:111:25: note: expanded from macro 'WARN_ON_ONCE'
        int __ret_warn_on = !!(condition);                      \
                               ^~~~~~~~~
/home/nathan/cbl/src/linux-next/drivers/infiniband/core/uverbs_ioctl.c:629:17: warning: result of comparison of constant 65536 with expression of type '__u16' (aka 'unsigned short') is always false [-Wtautological-constant-out-of-range-compare]
        if (hdr.length > PAGE_SIZE ||
            ~~~~~~~~~~ ^ ~~~~~~~~~
2 warnings generated.
/home/nathan/cbl/src/linux-next/drivers/net/ethernet/mellanox/mlx5/core/en/xsk/setup.c:32:22: warning: result of comparison of constant 65536 with expression of type 'u16' (aka 'unsigned short') is always false [-Wtautological-constant-out-of-range-compare]
        if (xsk->chunk_size > PAGE_SIZE || xsk->chunk_size < MLX5E_MIN_XSK_CHUNK_SIZE) {
            ~~~~~~~~~~~~~~~ ^ ~~~~~~~~~
1 warning generated.
WARN: multiple IDs found for 'nf_conn': 47600, 89060 - using 47600

[01;32mQEMU location: [0m/usr/sbin[0m

[01;32mQEMU version: [0mQEMU emulator version 8.0.3[0m
[    0.014597215,5] OPAL v7.0 starting...
[    0.015165172,7] initial console log level: memory 7, driver 5
[    0.015212525,6] CPU: P9 generation processor (max 4 threads/core)
[    0.015237214,7] CPU: Boot CPU PIR is 0x0000 PVR is 0x004e1200
[    0.015361622,7] OPAL table: 0x3018a660 .. 0x3018ac20, branch table: 0x30120000
[    0.015529570,7] Assigning physical memory map table for nimbus
[    0.015873079,7] FDT: Parsing fdt @0x1000000
[    0.018120119,5] CHIP: Detected QEMU simulator
[    0.018303144,6] CHIP: Initialised chip 0 from xscom@603fc00000000
[    0.018648387,6] P9 DD2.00 detected
[    0.018665331,5] CHIP: Chip ID 0000 type: P9N DD2.00
[    0.018674349,7] XSCOM: Base address: 0x603fc00000000
[    0.018694970,7] XSTOP: ibm,sw-checkstop-fir prop not found
[    0.018771086,6] MFSI 0:0: Initialized
[    0.018781684,6] MFSI 0:2: Initialized
[    0.018790630,6] MFSI 0:1: Initialized
[    0.019355309,6] LPC: LPC[000]: Initialized
[    0.019363635,7] LPC: access via MMIO @0x6030000000000
[    0.019389361,7] LPC: Default bus on chip 0x0
[    0.019468405,7] CPU: New max PIR set to 0x3
[    0.019959898,7] MEM: parsing reserved memory from reserved-names/-ranges properties
[    0.020048945,7] HOMER: Init chip 0
[    0.020080508,7]   PBA BAR0 : 0x0000203ffd800000
[    0.020088126,7]   PBA MASK0: 0x0000000000300000
[    0.020117802,7]   HOMER Image at 0x203ffd800000 size 4MB
[    0.020161646,4] HOMER image is not reserved! Reserving
[    0.020211625,7]   PBA BAR2 : 0x0000203fff800000
[    0.020216704,7]   PBA MASK2: 0x0000000000700000
[    0.020231775,7]   OCC Common Area at 0x203fff800000 size 8MB
[    0.020261533,4] OCC common area is not reserved! Reserving
[    0.020320705,7] CPU: decrementer bits 56
[    0.020402534,6] CPU: CPU from DT PIR=0x0000 Server#=0x0 State=4
[    0.020503375,6] CPU:  1 secondary threads
[    0.021763111,5] PLAT: Using SuperIO UART
[    0.022059227,7] UART: Using LPC IRQ 4
[    0.024559436,5] PLAT: Detected QEMU POWER9 platform
[    0.024641435,5] PLAT: Detected BMC platform ast2500:openbmc
[    0.039606598,5] CPU: All 1 processors called in...
[    0.040643697,7] LPC: Routing irq 10, policy: 0 (r=1)
[    0.040716730,7] LPC: SerIRQ 10 using route 0 targetted at OPAL
[    0.062491671,5] HIOMAP: Negotiated hiomap protocol v2
[    0.062562538,5] HIOMAP: Block size is 4KiB
[    0.062616483,5] HIOMAP: BMC suggested flash timeout of 0s
[    0.062685365,5] HIOMAP: Flash size is 128MiB
[    0.062741905,5] HIOMAP: Erase granule size is 4KiB
[    0.079251106,3] FFS: Reading the flash has returned all 0xFF.
[    0.079328540,3]      Are you reading erased flash?
[    0.079398781,3]      Is something else using the flash controller?
[    0.079492395,4] FLASH: No ffs info; using raw device only
[    0.084791463,3] FFS: Reading the flash has returned all 0xFF.
[    0.084862854,3]      Are you reading erased flash?
[    0.084922831,3]      Is something else using the flash controller?
[    0.085001332,3] FLASH: Can't open ffs handle
[    0.090232312,3] FFS: Reading the flash has returned all 0xFF.
[    0.090354380,3]      Are you reading erased flash?
[    0.090453954,3]      Is something else using the flash controller?
[    0.090583665,3] FLASH: Can't open ffs handle
[    0.095853345,3] FFS: Reading the flash has returned all 0xFF.
[    0.095923479,3]      Are you reading erased flash?
[    0.095976988,3]      Is something else using the flash controller?
[    0.096046009,3] FLASH: Can't open ffs handle
[    0.101252736,3] FFS: Reading the flash has returned all 0xFF.
[    0.101320562,3]      Are you reading erased flash?
[    0.101378010,3]      Is something else using the flash controller?
[    0.101471582,3] FLASH: Can't open ffs handle
[    0.106697818,3] FFS: Reading the flash has returned all 0xFF.
[    0.106767916,3]      Are you reading erased flash?
[    0.106824041,3]      Is something else using the flash controller?
[    0.106898079,3] FLASH: Can't open ffs handle
[    0.112108736,3] FFS: Reading the flash has returned all 0xFF.
[    0.112174694,3]      Are you reading erased flash?
[    0.112228141,3]      Is something else using the flash controller?
[    0.112322062,3] FLASH: Can't open ffs handle
[    0.123648429,2] NVRAM: Failed to load
[    0.123709089,2] NVRAM: Failed to load
[    0.123773523,5] STB: secure boot not supported
[    0.123851896,5] STB: trusted boot not supported
[    0.124123296,4] FLASH: Can't load resource id:4. No system flash found
[    0.124371484,4] FLASH: Can't load resource id:3. No system flash found
[    0.124506146,2] NVRAM: Failed to load
[    0.124663316,7] LPC: Routing irq 4, policy: 0 (r=1)
[    0.124679054,7] LPC: SerIRQ 4 using route 1 targetted at OPAL
[    0.125045273,3] SLW: Failed to set HRMOR for CPU 0,RC=0x1
[    0.125259405,5] Unable to log error
[    0.125329421,3] Disabling deep stop states
[    0.125516195,2] NVRAM: Failed to load
[    0.125835964,3] OCC: Chip: 0: OCC not active
[    0.125894002,3] OCC: Initialization on all chips did not complete(timed out)
[    0.125984871,5] Unable to log error
[    0.126058580,2] NVRAM: Failed to load
[    0.126120471,2] NVRAM: Failed to load
[    0.126172456,2] NVRAM: Failed to load
[    0.126417197,4] FLASH: Can't load resource id:2. No system flash found
[    0.126686971,4] FLASH: Can't load resource id:0. No system flash found
[    0.126780112,4] FLASH: Can't load resource id:1. No system flash found
[    0.126949825,3] IMC: IMC Catalog load failed
[    0.127231700,2] NVRAM: Failed to load
[    0.127284993,2] NVRAM: Failed to load
[    0.127335378,2] NVRAM: Failed to load
[    0.127685222,5] PCI: Resetting PHBs and training links...
[    0.127802181,5] PCI: Probing slots...
[    0.127862487,5] PCI Summary:
[    0.127972012,4] FLASH: Failed to load VERSION data
[    0.345367830,2] NVRAM: Failed to load
[    0.345903244,5] INIT: Waiting for kernel...
[    0.345963241,5] INIT: platform wait for kernel load failed
[    0.346053864,5] INIT: Assuming kernel at 0x20000000
[    0.346158408,5] INIT: 64-bit LE kernel discovered
[    0.346413286,3] OCC: Chip 0 sensor data invalid
[    0.346698418,2] NVRAM: Failed to load
[    0.353193675,5] INIT: Starting kernel at 0x20010000, fdt at 0x30758170 15742 bytes


zImage starting: loaded at 0x0000000020010000 (sp: 0x00000000206e4da0)

Allocating 0x28f3c50 bytes for kernel...

Decompressing (0x0000000000000000 <- 0x0000000020022000:0x00000000206e319c)...

Done! Decompressed 0x2790000 bytes


Linux/PowerPC load: 

Finalizing device tree... flat tree at 0x206e60a0

[    0.000000] OF: reserved mem: 0x0000000030000000..0x00000000305fffff (6144 KiB) map non-reusable ibm,firmware-code@30000000
[    0.000000] OF: reserved mem: 0x0000000030600000..0x0000000030ffffff (10240 KiB) map non-reusable ibm,firmware-heap@30600000
[    0.000000] OF: reserved mem: 0x0000000031000000..0x0000000031c0ffff (12352 KiB) map non-reusable ibm,firmware-data@31000000
[    0.000000] OF: reserved mem: 0x0000000031c10000..0x0000000031c2ffff (128 KiB) map non-reusable ibm,firmware-stacks@31c10000
[    0.000000] OF: reserved mem: 0x0000000031c30000..0x000000003290ffff (13184 KiB) map non-reusable ibm,firmware-allocs-memory@31c30000
[    0.000000] OF: reserved mem: 0x0000203ffd800000..0x0000203ffdbfffff (4096 KiB) map non-reusable ibm,homer-image@203ffd800000
[    0.000000] OF: reserved mem: 0x0000203fff800000..0x0000203fffffffff (8192 KiB) map non-reusable ibm,occ-common-area@203fff800000
[    0.000000] dt-cpu-ftrs: setup for ISA 3000
[    0.000000] dt-cpu-ftrs: final cpu/mmu features = 0x0003c06b8f5fb187 0x3c007041
[    0.000000] Activating Kernel Userspace Access Prevention
[    0.000000] Activating Kernel Userspace Execution Prevention
[    0.000000] radix-mmu: Mapped 0x0000000000000000-0x0000000002550000 with 64.0 KiB pages (exec)
[    0.000000] radix-mmu: Mapped 0x0000000002550000-0x0000000080000000 with 64.0 KiB pages
[    0.000000] radix-mmu: Initializing Radix MMU
[    0.000000] Linux version 6.5.0-rc5-next-20230809-cbl (nathan@dev-arch.m3-large-x86-01) (ClangBuiltLinux clang version 12.0.1 (https://github.com/llvm/llvm-project fed41342a82f5a3a9201819a82bf7a48313e296b), ClangBuiltLinux LLD 12.0.1 (https://github.com/llvm/llvm-project fed41342a82f5a3a9201819a82bf7a48313e296b)) #1 SMP Sat Aug 12 14:59:52 UTC 2023
[    0.000000] Found initrd at 0xc000000028000000:0xc000000028878600
[    0.000000] Hardware name: IBM PowerNV (emulated by qemu) POWER9 0x4e1200 opal:v7.0 PowerNV
[    0.000000] printk: bootconsole [udbg0] enabled
[    0.000000] CPU maps initialized for 1 thread per core
[    0.000000] -----------------------------------------------------
[    0.000000] phys_mem_size     = 0x80000000
[    0.000000] dcache_bsize      = 0x80
[    0.000000] icache_bsize      = 0x80
[    0.000000] cpu_features      = 0x0003c06b8f4fb187
[    0.000000]   possible        = 0x001ffbebcf5fb187
[    0.000000]   always          = 0x0000000380008181
[    0.000000] cpu_user_features = 0xdc0065c2 0xaef00000
[    0.000000] mmu_features      = 0x3c007641
[    0.000000] firmware_features = 0x0000000110000000
[    0.000000] vmalloc start     = 0xc008000000000000
[    0.000000] IO start          = 0xc00a000000000000
[    0.000000] vmemmap start     = 0xc00c000000000000
[    0.000000] -----------------------------------------------------
[    0.000000] numa:   NODE_DATA [mem 0x7bf86a00-0x7bf8bfff]
[    0.000000] kvm_cma_reserve: reserving 102 MiB for global area
[    0.000000] cma: Reserved 112 MiB at 0x0000000073000000 on node -1
[    0.000000] rfi-flush: fallback displacement flush available
[    0.000000] count-cache-flush: flush disabled.
[    0.000000] link-stack-flush: flush disabled.
[    0.000000] stf-barrier: eieio barrier available
[    0.000000] barrier-nospec: using ORI speculation barrier
[    0.000000] Zone ranges:
[    0.000000]   Normal   [mem 0x0000000000000000-0x000000007fffffff]
[    0.000000] Movable zone start for each node
[    0.000000] Early memory node ranges
[    0.000000]   node   0: [mem 0x0000000000000000-0x000000007fffffff]
[    0.000000] Initmem setup node 0 [mem 0x0000000000000000-0x000000007fffffff]
[    0.000000] percpu: Embedded 10 pages/cpu s601256 r0 d54104 u655360
[    0.000000] Kernel command line: console=ttyS0,9600 console=tty0
[    0.000000] random: crng init done
[    0.000000] Dentry cache hash table entries: 262144 (order: 5, 2097152 bytes, linear)
[    0.000000] Inode-cache hash table entries: 131072 (order: 4, 1048576 bytes, linear)
[    0.000000] Fallback order for Node 0: 0 
[    0.000000] Built 1 zonelists, mobility grouping on.  Total pages: 32736
[    0.000000] Policy zone: Normal
[    0.000000] mem auto-init: stack:all(zero), heap alloc:on, heap free:off
[    0.000000] Memory: 0K/2097152K available (15104K kernel code, 2304K rwdata, 17664K rodata, 5440K init, 1423K bss, 181824K reserved, 114688K cma-reserved)
[    0.000000] SLUB: HWalign=128, Order=0-3, MinObjects=0, CPUs=1, Nodes=1
[    0.000000] ftrace: allocating 34206 entries in 13 pages
[    0.000000] ftrace: allocated 13 pages with 3 groups
[    0.000000] trace event string verifier disabled
[    0.000000] rcu: Hierarchical RCU implementation.
[    0.000000] rcu: 	RCU restricting CPUs from NR_CPUS=2048 to nr_cpu_ids=1.
[    0.000000] 	Rude variant of Tasks RCU enabled.
[    0.000000] 	Tracing variant of Tasks RCU enabled.
[    0.000000] rcu: RCU calculated value of scheduler-enlistment delay is 25 jiffies.
[    0.000000] rcu: Adjusting geometry for rcu_fanout_leaf=16, nr_cpu_ids=1
[    0.000000] NR_IRQS: 512, nr_irqs: 512, preallocated irqs: 16
[    0.000000] xive: Interrupt handling initialized with native backend
[    0.000000] xive: Using priority 7 for all interrupts
[    0.000000] xive: Using 64kB queues
[    0.000000] rcu: srcu_init: Setting srcu_struct sizes based on contention.
[    0.000061] time_init: 56 bit decrementer (max: 7fffffffffffff)
[    0.001169] clocksource: timebase: mask: 0xffffffffffffffff max_cycles: 0x761537d007, max_idle_ns: 440795202126 ns
[    0.002456] clocksource: timebase mult[1f40000] shift[24] registered
[    0.015646] Console: colour dummy device 80x25
[    0.017019] printk: console [tty0] enabled
[    0.018011] printk: bootconsole [udbg0] disabled
[    0.000000] OF: reserved mem: 0x0000000030000000..0x00000000305fffff (6144 KiB) map non-reusable ibm,firmware-code@30000000
[    0.000000] OF: reserved mem: 0x0000000030600000..0x0000000030ffffff (10240 KiB) map non-reusable ibm,firmware-heap@30600000
[    0.000000] OF: reserved mem: 0x0000000031000000..0x0000000031c0ffff (12352 KiB) map non-reusable ibm,firmware-data@31000000
[    0.000000] OF: reserved mem: 0x0000000031c10000..0x0000000031c2ffff (128 KiB) map non-reusable ibm,firmware-stacks@31c10000
[    0.000000] OF: reserved mem: 0x0000000031c30000..0x000000003290ffff (13184 KiB) map non-reusable ibm,firmware-allocs-memory@31c30000
[    0.000000] OF: reserved mem: 0x0000203ffd800000..0x0000203ffdbfffff (4096 KiB) map non-reusable ibm,homer-image@203ffd800000
[    0.000000] OF: reserved mem: 0x0000203fff800000..0x0000203fffffffff (8192 KiB) map non-reusable ibm,occ-common-area@203fff800000
[    0.000000] dt-cpu-ftrs: setup for ISA 3000
[    0.000000] dt-cpu-ftrs: final cpu/mmu features = 0x0003c06b8f5fb187 0x3c007041
[    0.000000] Activating Kernel Userspace Access Prevention
[    0.000000] Activating Kernel Userspace Execution Prevention
[    0.000000] radix-mmu: Mapped 0x0000000000000000-0x0000000002550000 with 64.0 KiB pages (exec)
[    0.000000] radix-mmu: Mapped 0x0000000002550000-0x0000000080000000 with 64.0 KiB pages
[    0.000000] radix-mmu: Initializing Radix MMU
[    0.000000] Linux version 6.5.0-rc5-next-20230809-cbl (nathan@dev-arch.m3-large-x86-01) (ClangBuiltLinux clang version 12.0.1 (https://github.com/llvm/llvm-project fed41342a82f5a3a9201819a82bf7a48313e296b), ClangBuiltLinux LLD 12.0.1 (https://github.com/llvm/llvm-project fed41342a82f5a3a9201819a82bf7a48313e296b)) #1 SMP Sat Aug 12 14:59:52 UTC 2023
[    0.000000] Found initrd at 0xc000000028000000:0xc000000028878600
[    0.000000] Hardware name: IBM PowerNV (emulated by qemu) POWER9 0x4e1200 opal:v7.0 PowerNV
[    0.000000] printk: bootconsole [udbg0] enabled
[    0.000000] CPU maps initialized for 1 thread per core
[    0.000000] -----------------------------------------------------
[    0.000000] phys_mem_size     = 0x80000000
[    0.000000] dcache_bsize      = 0x80
[    0.000000] icache_bsize      = 0x80
[    0.000000] cpu_features      = 0x0003c06b8f4fb187
[    0.000000]   possible        = 0x001ffbebcf5fb187
[    0.000000]   always          = 0x0000000380008181
[    0.000000] cpu_user_features = 0xdc0065c2 0xaef00000
[    0.000000] mmu_features      = 0x3c007641
[    0.000000] firmware_features = 0x0000000110000000
[    0.000000] vmalloc start     = 0xc008000000000000
[    0.000000] IO start          = 0xc00a000000000000
[    0.000000] vmemmap start     = 0xc00c000000000000
[    0.000000] -----------------------------------------------------
[    0.000000] numa:   NODE_DATA [mem 0x7bf86a00-0x7bf8bfff]
[    0.000000] kvm_cma_reserve: reserving 102 MiB for global area
[    0.000000] cma: Reserved 112 MiB at 0x0000000073000000 on node -1
[    0.000000] rfi-flush: fallback displacement flush available
[    0.000000] count-cache-flush: flush disabled.
[    0.000000] link-stack-flush: flush disabled.
[    0.000000] stf-barrier: eieio barrier available
[    0.000000] barrier-nospec: using ORI speculation barrier
[    0.000000] Zone ranges:
[    0.000000]   Normal   [mem 0x0000000000000000-0x000000007fffffff]
[    0.000000] Movable zone start for each node
[    0.000000] Early memory node ranges
[    0.000000]   node   0: [mem 0x0000000000000000-0x000000007fffffff]
[    0.000000] Initmem setup node 0 [mem 0x0000000000000000-0x000000007fffffff]
[    0.000000] percpu: Embedded 10 pages/cpu s601256 r0 d54104 u655360
[    0.000000] Kernel command line: console=ttyS0,9600 console=tty0
[    0.000000] random: crng init done
[    0.000000] Dentry cache hash table entries: 262144 (order: 5, 2097152 bytes, linear)
[    0.000000] Inode-cache hash table entries: 131072 (order: 4, 1048576 bytes, linear)
[    0.000000] Fallback order for Node 0: 0 
[    0.000000] Built 1 zonelists, mobility grouping on.  Total pages: 32736
[    0.000000] Policy zone: Normal
[    0.000000] mem auto-init: stack:all(zero), heap alloc:on, heap free:off
[    0.000000] Memory: 0K/2097152K available (15104K kernel code, 2304K rwdata, 17664K rodata, 5440K init, 1423K bss, 181824K reserved, 114688K cma-reserved)
[    0.000000] SLUB: HWalign=128, Order=0-3, MinObjects=0, CPUs=1, Nodes=1
[    0.000000] ftrace: allocating 34206 entries in 13 pages
[    0.000000] ftrace: allocated 13 pages with 3 groups
[    0.000000] trace event string verifier disabled
[    0.000000] rcu: Hierarchical RCU implementation.
[    0.000000] rcu: 	RCU restricting CPUs from NR_CPUS=2048 to nr_cpu_ids=1.
[    0.000000] 	Rude variant of Tasks RCU enabled.
[    0.000000] 	Tracing variant of Tasks RCU enabled.
[    0.000000] rcu: RCU calculated value of scheduler-enlistment delay is 25 jiffies.
[    0.000000] rcu: Adjusting geometry for rcu_fanout_leaf=16, nr_cpu_ids=1
[    0.000000] NR_IRQS: 512, nr_irqs: 512, preallocated irqs: 16
[    0.000000] xive: Interrupt handling initialized with native backend
[    0.000000] xive: Using priority 7 for all interrupts
[    0.000000] xive: Using 64kB queues
[    0.000000] rcu: srcu_init: Setting srcu_struct sizes based on contention.
[    0.000061] time_init: 56 bit decrementer (max: 7fffffffffffff)
[    0.001169] clocksource: timebase: mask: 0xffffffffffffffff max_cycles: 0x761537d007, max_idle_ns: 440795202126 ns
[    0.002456] clocksource: timebase mult[1f40000] shift[24] registered
[    0.015646] Console: colour dummy device 80x25
[    0.017019] printk: console [tty0] enabled
[    0.018011] printk: bootconsole [udbg0] disabled
[    0.019028] printk: console [hvc0] enabled
[    0.035761] pid_max: default: 32768 minimum: 301
[    0.044093] LSM: initializing lsm=capability,landlock,yama,apparmor,tomoyo,bpf,integrity
[    0.045432] landlock: Up and running.
[    0.045584] Yama: becoming mindful.
[    0.048451] AppArmor: AppArmor initialized
[    0.048660] TOMOYO Linux initialized
[    0.049456] LSM support for eBPF active
[    0.051292] Mount-cache hash table entries: 8192 (order: 0, 65536 bytes, linear)
[    0.051578] Mountpoint-cache hash table entries: 8192 (order: 0, 65536 bytes, linear)
[    0.099170] RCU Tasks Rude: Setting shift to 0 and lim to 1 rcu_task_cb_adjust=1.
[    0.100080] RCU Tasks Trace: Setting shift to 0 and lim to 1 rcu_task_cb_adjust=1.
[    0.101417] POWER9 performance monitor hardware support registered
[    0.103094] rcu: Hierarchical SRCU implementation.
[    0.103309] rcu: 	Max phase no-delay instances is 1000.
[    0.121802] smp: Bringing up secondary CPUs ...
[    0.122892] smp: Brought up 1 node, 1 CPU
[    0.123193] numa: Node 0 CPUs: 0
[    0.137686] node 0 deferred pages initialised in 8ms
[    0.153463] devtmpfs: initialized
[    0.170283] clocksource: jiffies: mask: 0xffffffff max_cycles: 0xffffffff, max_idle_ns: 7645041785100000 ns
[    0.170738] futex hash table entries: 256 (order: -1, 32768 bytes, linear)
[    0.185689] NET: Registered PF_NETLINK/PF_ROUTE protocol family
[    0.190701] audit: initializing netlink subsys (disabled)
[    0.196975] thermal_sys: Registered thermal governor 'fair_share'
[    0.197021] thermal_sys: Registered thermal governor 'bang_bang'
[    0.197732] audit: type=2000 audit(1691852445.172:1): state=initialized audit_enabled=0 res=1
[    0.198467] thermal_sys: Registered thermal governor 'step_wise'
[    0.198477] thermal_sys: Registered thermal governor 'user_space'
[    0.198660] thermal_sys: Registered thermal governor 'power_allocator'
[    0.199268] cpuidle: using governor ladder
[    0.199712] cpuidle: using governor menu
[    0.201007] Failed to initialize. Disabling HugeTLB
[    0.201606] nvram: No room to create lnx,oops-log partition, deleting any obsolete OS partitions...
[    0.202071] nvram: Failed to find or create lnx,oops-log partition, err -28
[    0.202299] nvram: Failed to initialize oops partition!
[    0.209623] EEH: PowerNV platform initialized
[    0.231324] cpuidle-powernv: Default stop: psscr = 0x0000000000000330,mask=0x00000000003003ff
[    0.231853] cpuidle-powernv: Deepest stop: psscr = 0x0000000000300331,mask=0x00000000003003ff
[    0.232093] cpuidle-powernv: First stop level that may lose SPRs = 0x10
[    0.232327] cpuidle-powernv: First stop level that may lose timebase = 0x10
[    0.235389] kprobes: kprobe jump-optimization is enabled. All kprobes are optimized if possible.
[    0.278197] iommu: Default domain type: Translated
[    0.278449] iommu: DMA domain TLB invalidation policy: strict mode
[    0.280903] SCSI subsystem initialized
[    0.282389] pps_core: LinuxPPS API ver. 1 registered
[    0.282567] pps_core: Software ver. 5.3.6 - Copyright 2005-2007 Rodolfo Giometti <giometti@linux.it>
[    0.282913] PTP clock support registered
[    0.295669] NetLabel: Initializing
[    0.295842] NetLabel:  domain hash size = 128
[    0.295990] NetLabel:  protocols = UNLABELED CIPSOv4 CALIPSO
[    0.297592] NetLabel:  unlabeled traffic allowed by default
[    0.297929] PCI: Probing PCI hardware
[    0.303109] vgaarb: loaded
[    0.304943] clocksource: Switched to clocksource timebase
[    0.334644] VFS: Disk quotas dquot_6.6.0
[    0.335061] VFS: Dquot-cache hash table entries: 8192 (order 0, 65536 bytes)
[    0.339282] hugetlbfs: disabling because there are no supported hugepage sizes
[    0.342778] AppArmor: AppArmor Filesystem Enabled
[    0.359200] NET: Registered PF_INET protocol family
[    0.368694] IP idents hash table entries: 32768 (order: 2, 262144 bytes, linear)
[    0.377218] tcp_listen_portaddr_hash hash table entries: 4096 (order: 0, 65536 bytes, linear)
[    0.377657] Table-perturb hash table entries: 65536 (order: 2, 262144 bytes, linear)
[    0.377974] TCP established hash table entries: 16384 (order: 1, 131072 bytes, linear)
[    0.378643] TCP bind hash table entries: 16384 (order: 3, 524288 bytes, linear)
[    0.379239] TCP: Hash tables configured (established 16384 bind 16384)
[    0.381238] MPTCP token hash table entries: 4096 (order: 0, 98304 bytes, linear)
[    0.382005] UDP hash table entries: 2048 (order: 0, 65536 bytes, linear)
[    0.382532] UDP-Lite hash table entries: 2048 (order: 0, 65536 bytes, linear)
[    0.384410] NET: Registered PF_UNIX/PF_LOCAL protocol family
[    0.385239] NET: Registered PF_XDP protocol family
[    0.385622] PCI: CLS 0 bytes, default 128
[    0.397758] Trying to unpack rootfs image as initramfs...
[    0.401709] Initialise system trusted keyrings
[    0.404018] Key type blacklist registered
[    0.409889] workingset: timestamp_bits=38 max_order=15 bucket_order=0
[    0.410384] zbud: loaded
[    0.422831] integrity: Platform Keyring initialized
[    0.423099] Key type asymmetric registered
[    0.423307] Asymmetric key parser 'x509' registered
[    0.475899] Freeing initrd memory: 8640K
[    0.739045] Block layer SCSI generic (bsg) driver version 0.4 loaded (major 248)
[    0.747962] io scheduler mq-deadline registered
[    0.775426] hvc0: raw protocol on /ibm,opal/consoles/serial@0 (boot console)
[    0.778292] hvc0: No interrupts property, using OPAL event
[    0.786664] Serial: 8250/16550 driver, 4 ports, IRQ sharing disabled
[    0.799506] Linux agpgart interface v0.103
[    0.806410] mousedev: PS/2 mouse device common for all mice
[    1.036783] rtc-opal opal-rtc: registered as rtc0
[    1.238542] rtc-opal opal-rtc: setting system clock to 2023-08-12T15:00:46 UTC (1691852446)
[    1.244117] powernv-cpufreq: ibm,pstate-min node not found
[    1.244358] powernv-cpufreq: Platform driver disabled. System does not support PState control
[    1.246643] ledtrig-cpu: registered to indicate activity on CPUs
[    1.309052] NET: Registered PF_INET6 protocol family
[    1.469700] Segment Routing with IPv6
[    1.470203] In-situ OAM (IOAM) with IPv6
[    1.470939] mip6: Mobile IPv6
[    1.471362] NET: Registered PF_PACKET protocol family
[    1.472934] mpls_gso: MPLS GSO support
[    1.474967] drmem: No dynamic reconfiguration memory found
[    1.490093] registered taskstats version 1
[    1.493113] Loading compiled-in X.509 certificates
[    1.506433] Key type .fscrypt registered
[    1.506623] Key type fscrypt-provisioning registered
[    1.585612] Key type encrypted registered
[    1.585957] AppArmor: AppArmor sha1 policy hashing enabled
[    1.586969] ima: No TPM chip found, activating TPM-bypass!
[    1.587376] ima: Allocated hash algorithm: sha256
[    1.589908] ima: No architecture policies found
[    1.590829] evm: Initialising EVM extended attributes:
[    1.591027] evm: security.selinux
[    1.591172] evm: security.SMACK64 (disabled)
[    1.591311] evm: security.SMACK64EXEC (disabled)
[    1.591452] evm: security.SMACK64TRANSMUTE (disabled)
[    1.591601] evm: security.SMACK64MMAP (disabled)
[    1.591739] evm: security.apparmor
[    1.591848] evm: security.ima
[    1.591952] evm: security.capability
[    1.592076] evm: HMAC attrs: 0x1
[    2.311427] Freeing unused kernel image (initmem) memory: 5440K
[    2.312705] Run /init as init process
[    2.425918] Not activating Mandatory Access Control as /sbin/tomoyo-init does not exist.
[    7.423595] reboot: Power down
[   11.474273842,5] OPAL: Shutdown request type 0x0...
$ timeout --foreground 3m stdbuf -eL -oL /usr/sbin/qemu-system-ppc64 -display none -nodefaults -device ipmi-bmc-sim,id=bmc0 -device isa-ipmi-bt,bmc=bmc0,irq=10 -machine powernv -kernel /home/nathan/tmp/build/cbl_lkt/linux-next/powerpc/arch/powerpc/boot/zImage.epapr -initrd /home/nathan/cbl/llvm-kernel-testing/src/boot-utils/images/ppc64le/rootfs.cpio -m 2G -serial mon:stdio
