/home/nathan/cbl/src/linux-next/drivers/block/rbd.c:6149:17: warning: result of comparison of constant 2305843009213693948 with expression of type 'u32' (aka 'unsigned int') is always false [-Wtautological-constant-out-of-range-compare]
        if (snap_count > (SIZE_MAX - sizeof (struct ceph_snap_context))
            ~~~~~~~~~~ ^ ~~~~~~~~~~~~~~~~~~~~~~~~~~~~~~~~~~~~~~~~~~~~~~
1 warning generated.
/home/nathan/cbl/src/linux-next/net/ceph/osdmap.c:1441:10: warning: result of comparison of constant 4611686018427387891 with expression of type 'u32' (aka 'unsigned int') is always false [-Wtautological-constant-out-of-range-compare]
        if (len > (SIZE_MAX - sizeof(*pg)) / sizeof(u32))
            ~~~ ^ ~~~~~~~~~~~~~~~~~~~~~~~~~~~~~~~~~~~~~~
/home/nathan/cbl/src/linux-next/net/ceph/osdmap.c:1624:10: warning: result of comparison of constant 2305843009213693945 with expression of type 'u32' (aka 'unsigned int') is always false [-Wtautological-constant-out-of-range-compare]
        if (len > (SIZE_MAX - sizeof(*pg)) / (2 * sizeof(u32)))
            ~~~ ^ ~~~~~~~~~~~~~~~~~~~~~~~~~~~~~~~~~~~~~~~~~~~~
2 warnings generated.
/home/nathan/cbl/src/linux-next/fs/nilfs2/ioctl.c:63:19: warning: result of comparison of constant 65536 with expression of type '__u16' (aka 'unsigned short') is always false [-Wtautological-constant-out-of-range-compare]
        if (argv->v_size > PAGE_SIZE)
            ~~~~~~~~~~~~ ^ ~~~~~~~~~
1 warning generated.
/home/nathan/cbl/src/linux-next/fs/ceph/snap.c:372:10: warning: result of comparison of constant 2305843009213693948 with expression of type 'u32' (aka 'unsigned int') is always false [-Wtautological-constant-out-of-range-compare]
        if (num > (SIZE_MAX - sizeof(*snapc)) / sizeof(u64))
            ~~~ ^ ~~~~~~~~~~~~~~~~~~~~~~~~~~~~~~~~~~~~~~~~~
1 warning generated.
/home/nathan/cbl/src/linux-next/drivers/scsi/ibmvscsi_tgt/ibmvscsi_tgt.c:1630:32: warning: result of comparison of constant 65536 with expression of type 'u16' (aka 'unsigned short') is always false [-Wtautological-constant-out-of-range-compare]
        if ((olen < min_len) || (olen > PAGE_SIZE)) {
                                 ~~~~ ^ ~~~~~~~~~
1 warning generated.
/home/nathan/cbl/src/linux-next/drivers/md/dm-integrity.c:4159:12: warning: result of comparison of constant 14316557650 with expression of type 'unsigned int' is always false [-Wtautological-constant-out-of-range-compare]
                        if (val >= (uint64_t)UINT_MAX * 1000 / HZ) {
                            ~~~ ^  ~~~~~~~~~~~~~~~~~~~~~~~~~~~~~~
1 warning generated.
/home/nathan/cbl/src/linux-next/drivers/net/ethernet/mellanox/mlx5/core/en/xsk/setup.c:32:22: warning: result of comparison of constant 65536 with expression of type 'u16' (aka 'unsigned short') is always false [-Wtautological-constant-out-of-range-compare]
        if (xsk->chunk_size > PAGE_SIZE || xsk->chunk_size < MLX5E_MIN_XSK_CHUNK_SIZE) {
            ~~~~~~~~~~~~~~~ ^ ~~~~~~~~~
1 warning generated.
/home/nathan/cbl/src/linux-next/drivers/infiniband/core/uverbs_ioctl.c:90:39: warning: result of comparison of constant 65536 with expression of type 'u16' (aka 'unsigned short') is always false [-Wtautological-constant-out-of-range-compare]
        WARN_ON_ONCE(method_elm->bundle_size > PAGE_SIZE);
        ~~~~~~~~~~~~~~~~~~~~~~~~~~~~~~~~~~~~~^~~~~~~~~~~~
/home/nathan/cbl/src/linux-next/include/asm-generic/bug.h:111:25: note: expanded from macro 'WARN_ON_ONCE'
        int __ret_warn_on = !!(condition);                      \
                               ^~~~~~~~~
/home/nathan/cbl/src/linux-next/drivers/infiniband/core/uverbs_ioctl.c:629:17: warning: result of comparison of constant 65536 with expression of type '__u16' (aka 'unsigned short') is always false [-Wtautological-constant-out-of-range-compare]
        if (hdr.length > PAGE_SIZE ||
            ~~~~~~~~~~ ^ ~~~~~~~~~
2 warnings generated.

[01;32mQEMU location: [0m/usr/sbin[0m

[01;32mQEMU version: [0mQEMU emulator version 8.0.3[0m
[    0.014619925,5] OPAL v7.0 starting...
[    0.015186194,7] initial console log level: memory 7, driver 5
[    0.015232592,6] CPU: P9 generation processor (max 4 threads/core)
[    0.015257087,7] CPU: Boot CPU PIR is 0x0000 PVR is 0x004e1200
[    0.015375344,7] OPAL table: 0x3018a660 .. 0x3018ac20, branch table: 0x30120000
[    0.015548663,7] Assigning physical memory map table for nimbus
[    0.015903457,7] FDT: Parsing fdt @0x1000000
[    0.018144275,5] CHIP: Detected QEMU simulator
[    0.018327038,6] CHIP: Initialised chip 0 from xscom@603fc00000000
[    0.018668839,6] P9 DD2.00 detected
[    0.018685465,5] CHIP: Chip ID 0000 type: P9N DD2.00
[    0.018694432,7] XSCOM: Base address: 0x603fc00000000
[    0.018715064,7] XSTOP: ibm,sw-checkstop-fir prop not found
[    0.018790831,6] MFSI 0:0: Initialized
[    0.018801167,6] MFSI 0:2: Initialized
[    0.018810170,6] MFSI 0:1: Initialized
[    0.019372315,6] LPC: LPC[000]: Initialized
[    0.019380666,7] LPC: access via MMIO @0x6030000000000
[    0.019406510,7] LPC: Default bus on chip 0x0
[    0.019503360,7] CPU: New max PIR set to 0x3
[    0.020002387,7] MEM: parsing reserved memory from reserved-names/-ranges properties
[    0.020095354,7] HOMER: Init chip 0
[    0.020127092,7]   PBA BAR0 : 0x0000203ffd800000
[    0.020134756,7]   PBA MASK0: 0x0000000000300000
[    0.020166961,7]   HOMER Image at 0x203ffd800000 size 4MB
[    0.020210738,4] HOMER image is not reserved! Reserving
[    0.020260542,7]   PBA BAR2 : 0x0000203fff800000
[    0.020265513,7]   PBA MASK2: 0x0000000000700000
[    0.020280590,7]   OCC Common Area at 0x203fff800000 size 8MB
[    0.020310445,4] OCC common area is not reserved! Reserving
[    0.020369386,7] CPU: decrementer bits 56
[    0.020448918,6] CPU: CPU from DT PIR=0x0000 Server#=0x0 State=4
[    0.020546014,6] CPU:  1 secondary threads
[    0.021807838,5] PLAT: Using SuperIO UART
[    0.022082403,7] UART: Using LPC IRQ 4
[    0.024604901,5] PLAT: Detected QEMU POWER9 platform
[    0.024687393,5] PLAT: Detected BMC platform ast2500:openbmc
[    0.039954729,5] CPU: All 1 processors called in...
[    0.040989689,7] LPC: Routing irq 10, policy: 0 (r=1)
[    0.041063614,7] LPC: SerIRQ 10 using route 0 targetted at OPAL
[    0.062810439,5] HIOMAP: Negotiated hiomap protocol v2
[    0.062942751,5] HIOMAP: Block size is 4KiB
[    0.063046028,5] HIOMAP: BMC suggested flash timeout of 0s
[    0.063186614,5] HIOMAP: Flash size is 128MiB
[    0.063242893,5] HIOMAP: Erase granule size is 4KiB
[    0.079559394,3] FFS: Reading the flash has returned all 0xFF.
[    0.079633001,3]      Are you reading erased flash?
[    0.079690270,3]      Is something else using the flash controller?
[    0.079774490,4] FLASH: No ffs info; using raw device only
[    0.085074958,3] FFS: Reading the flash has returned all 0xFF.
[    0.085158066,3]      Are you reading erased flash?
[    0.085223506,3]      Is something else using the flash controller?
[    0.085303515,3] FLASH: Can't open ffs handle
[    0.090522498,3] FFS: Reading the flash has returned all 0xFF.
[    0.090590103,3]      Are you reading erased flash?
[    0.090644627,3]      Is something else using the flash controller?
[    0.090713396,3] FLASH: Can't open ffs handle
[    0.095935216,3] FFS: Reading the flash has returned all 0xFF.
[    0.096067856,3]      Are you reading erased flash?
[    0.096167060,3]      Is something else using the flash controller?
[    0.096294874,3] FLASH: Can't open ffs handle
[    0.101564723,3] FFS: Reading the flash has returned all 0xFF.
[    0.101631815,3]      Are you reading erased flash?
[    0.101686426,3]      Is something else using the flash controller?
[    0.101755524,3] FLASH: Can't open ffs handle
[    0.106977328,3] FFS: Reading the flash has returned all 0xFF.
[    0.107099252,3]      Are you reading erased flash?
[    0.107203411,3]      Is something else using the flash controller?
[    0.107297281,3] FLASH: Can't open ffs handle
[    0.112504752,3] FFS: Reading the flash has returned all 0xFF.
[    0.112571177,3]      Are you reading erased flash?
[    0.112625138,3]      Is something else using the flash controller?
[    0.112694723,3] FLASH: Can't open ffs handle
[    0.123776226,2] NVRAM: Failed to load
[    0.123837301,2] NVRAM: Failed to load
[    0.123902275,5] STB: secure boot not supported
[    0.123976846,5] STB: trusted boot not supported
[    0.124271751,4] FLASH: Can't load resource id:4. No system flash found
[    0.124511162,4] FLASH: Can't load resource id:3. No system flash found
[    0.124651189,2] NVRAM: Failed to load
[    0.124822959,7] LPC: Routing irq 4, policy: 0 (r=1)
[    0.124838564,7] LPC: SerIRQ 4 using route 1 targetted at OPAL
[    0.125207814,3] SLW: Failed to set HRMOR for CPU 0,RC=0x1
[    0.125416329,5] Unable to log error
[    0.125483631,3] Disabling deep stop states
[    0.125671150,2] NVRAM: Failed to load
[    0.125983829,3] OCC: Chip: 0: OCC not active
[    0.126041554,3] OCC: Initialization on all chips did not complete(timed out)
[    0.126135285,5] Unable to log error
[    0.126220383,2] NVRAM: Failed to load
[    0.126294236,2] NVRAM: Failed to load
[    0.126347252,2] NVRAM: Failed to load
[    0.126587381,4] FLASH: Can't load resource id:2. No system flash found
[    0.126835375,4] FLASH: Can't load resource id:0. No system flash found
[    0.126928633,4] FLASH: Can't load resource id:1. No system flash found
[    0.127099993,3] IMC: IMC Catalog load failed
[    0.127414057,2] NVRAM: Failed to load
[    0.127467494,2] NVRAM: Failed to load
[    0.127517468,2] NVRAM: Failed to load
[    0.127848984,5] PCI: Resetting PHBs and training links...
[    0.127966092,5] PCI: Probing slots...
[    0.128026956,5] PCI Summary:
[    0.128128561,4] FLASH: Failed to load VERSION data
[    0.345182993,2] NVRAM: Failed to load
[    0.345718997,5] INIT: Waiting for kernel...
[    0.345781016,5] INIT: platform wait for kernel load failed
[    0.345864821,5] INIT: Assuming kernel at 0x20000000
[    0.345971617,5] INIT: 64-bit LE kernel discovered
[    0.346225848,3] OCC: Chip 0 sensor data invalid
[    0.346487025,2] NVRAM: Failed to load
[    0.353054134,5] INIT: Starting kernel at 0x20010000, fdt at 0x30758170 15742 bytes


zImage starting: loaded at 0x0000000020010000 (sp: 0x0000000020826da0)

Allocating 0x2c6c950 bytes for kernel...

Decompressing (0x0000000000000000 <- 0x0000000020022000:0x0000000020825930)...

Done! Decompressed 0x2a30000 bytes


Linux/PowerPC load: 

Finalizing device tree... flat tree at 0x208280a0

[    0.000000][    T0] OF: reserved mem: 0x0000000030000000..0x00000000305fffff (6144 KiB) map non-reusable ibm,firmware-code@30000000
[    0.000000][    T0] OF: reserved mem: 0x0000000030600000..0x0000000030ffffff (10240 KiB) map non-reusable ibm,firmware-heap@30600000
[    0.000000][    T0] OF: reserved mem: 0x0000000031000000..0x0000000031c0ffff (12352 KiB) map non-reusable ibm,firmware-data@31000000
[    0.000000][    T0] OF: reserved mem: 0x0000000031c10000..0x0000000031c2ffff (128 KiB) map non-reusable ibm,firmware-stacks@31c10000
[    0.000000][    T0] OF: reserved mem: 0x0000000031c30000..0x000000003290ffff (13184 KiB) map non-reusable ibm,firmware-allocs-memory@31c30000
[    0.000000][    T0] OF: reserved mem: 0x0000203ffd800000..0x0000203ffdbfffff (4096 KiB) map non-reusable ibm,homer-image@203ffd800000
[    0.000000][    T0] OF: reserved mem: 0x0000203fff800000..0x0000203fffffffff (8192 KiB) map non-reusable ibm,occ-common-area@203fff800000
[    0.000000][    T0] dt-cpu-ftrs: setup for ISA 3000
[    0.000000][    T0] dt-cpu-ftrs: final cpu/mmu features = 0x0003c06b8f5fb187 0x3c007041
[    0.000000][    T0] Activating Kernel Userspace Access Prevention
[    0.000000][    T0] Activating Kernel Userspace Execution Prevention
[    0.000000][    T0] radix-mmu: Mapped 0x0000000000000000-0x0000000002690000 with 64.0 KiB pages (exec)
[    0.000000][    T0] radix-mmu: Mapped 0x0000000002690000-0x0000000080000000 with 64.0 KiB pages
[    0.000000][    T0] radix-mmu: Initializing Radix MMU
[    0.000000][    T0] Linux version 6.5.0-rc5-next-20230809-default-cbl (nathan@dev-arch.m3-large-x86-01) (ClangBuiltLinux clang version 12.0.1 (https://github.com/llvm/llvm-project fed41342a82f5a3a9201819a82bf7a48313e296b), ClangBuiltLinux LLD 12.0.1 (https://github.com/llvm/llvm-project fed41342a82f5a3a9201819a82bf7a48313e296b)) #1 SMP Sat Aug 12 15:11:19 UTC 2023
[    0.000000][    T0] Found initrd at 0xc000000028000000:0xc000000028878600
[    0.000000][    T0] Hardware name: IBM PowerNV (emulated by qemu) POWER9 0x4e1200 opal:v7.0 PowerNV
[    0.000000][    T0] printk: bootconsole [udbg0] enabled
[    0.000000][    T0] CPU maps initialized for 1 thread per core
[    0.000000][    T0] -----------------------------------------------------
[    0.000000][    T0] phys_mem_size     = 0x80000000
[    0.000000][    T0] dcache_bsize      = 0x80
[    0.000000][    T0] icache_bsize      = 0x80
[    0.000000][    T0] cpu_features      = 0x0003c06b8f4fb187
[    0.000000][    T0]   possible        = 0x001ffbebcf5fb187
[    0.000000][    T0]   always          = 0x0000000380008181
[    0.000000][    T0] cpu_user_features = 0xdc0065c2 0xaef00000
[    0.000000][    T0] mmu_features      = 0x3c007641
[    0.000000][    T0] firmware_features = 0x0000000110000000
[    0.000000][    T0] vmalloc start     = 0xc008000000000000
[    0.000000][    T0] IO start          = 0xc00a000000000000
[    0.000000][    T0] vmemmap start     = 0xc00c000000000000
[    0.000000][    T0] -----------------------------------------------------
[    0.000000][    T0] numa:   NODE_DATA [mem 0x7bf84280-0x7bf8bfff]
[    0.000000][    T0] kvm_cma_reserve: reserving 102 MiB for global area
[    0.000000][    T0] cma: Reserved 112 MiB at 0x0000000073000000 on node -1
[    0.000000][    T0] rfi-flush: fallback displacement flush available
[    0.000000][    T0] count-cache-flush: flush disabled.
[    0.000000][    T0] link-stack-flush: flush disabled.
[    0.000000][    T0] stf-barrier: eieio barrier available
[    0.000000][    T0] barrier-nospec: using ORI speculation barrier
[    0.000000][    T0] Zone ranges:
[    0.000000][    T0]   Normal   [mem 0x0000000000000000-0x000000007fffffff]
[    0.000000][    T0]   Device   empty
[    0.000000][    T0] Movable zone start for each node
[    0.000000][    T0] Early memory node ranges
[    0.000000][    T0]   node   0: [mem 0x0000000000000000-0x000000007fffffff]
[    0.000000][    T0] Initmem setup node 0 [mem 0x0000000000000000-0x000000007fffffff]
[    0.000000][    T0] percpu: Embedded 10 pages/cpu s607400 r0 d47960 u655360
[    0.000000][    T0] Kernel command line: 
[    0.000000][    T0] random: crng init done
[    0.000000][    T0] Dentry cache hash table entries: 262144 (order: 5, 2097152 bytes, linear)
[    0.000000][    T0] Inode-cache hash table entries: 131072 (order: 4, 1048576 bytes, linear)
[    0.000000][    T0] Fallback order for Node 0: 0 
[    0.000000][    T0] Built 1 zonelists, mobility grouping on.  Total pages: 32736
[    0.000000][    T0] Policy zone: Normal
[    0.000000][    T0] mem auto-init: stack:off, heap alloc:off, heap free:off
[    0.000000][    T0] Memory: 0K/2097152K available (16832K kernel code, 3712K rwdata, 15936K rodata, 6720K init, 2290K bss, 185344K reserved, 114688K cma-reserved)
[    0.000000][    T0] SLUB: HWalign=128, Order=0-3, MinObjects=0, CPUs=1, Nodes=1
[    0.000000][    T0] ftrace: allocating 39002 entries in 15 pages
[    0.000000][    T0] ftrace: allocated 15 pages with 4 groups
[    0.000000][    T0] trace event string verifier disabled
[    0.000000][    T0] rcu: Hierarchical RCU implementation.
[    0.000000][    T0] rcu: 	RCU event tracing is enabled.
[    0.000000][    T0] rcu: 	RCU restricting CPUs from NR_CPUS=2048 to nr_cpu_ids=1.
[    0.000000][    T0] 	Rude variant of Tasks RCU enabled.
[    0.000000][    T0] 	Tracing variant of Tasks RCU enabled.
[    0.000000][    T0] rcu: RCU calculated value of scheduler-enlistment delay is 30 jiffies.
[    0.000000][    T0] rcu: Adjusting geometry for rcu_fanout_leaf=16, nr_cpu_ids=1
[    0.000000][    T0] NR_IRQS: 512, nr_irqs: 512, preallocated irqs: 16
[    0.000000][    T0] xive: Interrupt handling initialized with native backend
[    0.000000][    T0] xive: Using priority 7 for all interrupts
[    0.000000][    T0] xive: Using 64kB queues
[    0.000000][    T0] rcu: srcu_init: Setting srcu_struct sizes based on contention.
[    0.000061][    T0] time_init: 56 bit decrementer (max: 7fffffffffffff)
[    0.001190][    T0] clocksource: timebase: mask: 0xffffffffffffffff max_cycles: 0x761537d007, max_idle_ns: 440795202126 ns
[    0.002495][    T0] clocksource: timebase mult[1f40000] shift[24] registered
[    0.016283][    T0] Console: colour dummy device 80x25
[    0.017504][    T0] printk: console [hvc0] enabled
[    0.017504][    T0] printk: console [hvc0] enabled
[    0.018433][    T0] printk: bootconsole [udbg0] disabled
[    0.018433][    T0] printk: bootconsole [udbg0] disabled
[    0.021677][    T0] pid_max: default: 32768 minimum: 301
[    0.024742][    T0] LSM: initializing lsm=lockdown,capability,landlock,yama,apparmor,tomoyo,bpf,integrity
[    0.026301][    T0] landlock: Up and running.
[    0.026455][    T0] Yama: becoming mindful.
[    0.030041][    T0] AppArmor: AppArmor initialized
[    0.030253][    T0] TOMOYO Linux initialized
[    0.031092][    T0] LSM support for eBPF active
[    0.035743][    T0] Mount-cache hash table entries: 8192 (order: 0, 65536 bytes, linear)
[    0.036034][    T0] Mountpoint-cache hash table entries: 8192 (order: 0, 65536 bytes, linear)
[    0.086621][    T1] RCU Tasks Rude: Setting shift to 0 and lim to 1 rcu_task_cb_adjust=1.
[    0.087201][    T1] RCU Tasks Trace: Setting shift to 0 and lim to 1 rcu_task_cb_adjust=1.
[    0.088411][    T1] POWER9 performance monitor hardware support registered
[    0.090158][    T1] rcu: Hierarchical SRCU implementation.
[    0.090360][    T1] rcu: 	Max phase no-delay instances is 1000.
[    0.109009][    T1] smp: Bringing up secondary CPUs ...
[    0.110087][    T1] smp: Brought up 1 node, 1 CPU
[    0.110656][    T1] numa: Node 0 CPUs: 0
[    0.121543][   T19] node 0 deferred pages initialised in 7ms
[    0.137284][    T1] devtmpfs: initialized
[    0.153388][    T1] clocksource: jiffies: mask: 0xffffffff max_cycles: 0xffffffff, max_idle_ns: 6370867519511994 ns
[    0.153833][    T1] futex hash table entries: 256 (order: -1, 32768 bytes, linear)
[    0.158255][    T1] pinctrl core: initialized pinctrl subsystem
[    0.176916][    T1] NET: Registered PF_NETLINK/PF_ROUTE protocol family
[    0.181734][    T1] audit: initializing netlink subsys (disabled)
[    0.184388][   T23] audit: type=2000 audit(1691853145.163:1): state=initialized audit_enabled=0 res=1
[    0.190261][    T1] thermal_sys: Registered thermal governor 'fair_share'
[    0.190305][    T1] thermal_sys: Registered thermal governor 'bang_bang'
[    0.190539][    T1] thermal_sys: Registered thermal governor 'step_wise'
[    0.190729][    T1] thermal_sys: Registered thermal governor 'user_space'
[    0.191397][    T1] cpuidle: using governor ladder
[    0.191883][    T1] cpuidle: using governor menu
[    0.193174][    T1] Failed to initialize. Disabling HugeTLB
[    0.193773][    T1] nvram: No room to create lnx,oops-log partition, deleting any obsolete OS partitions...
[    0.194305][    T1] nvram: Failed to find or create lnx,oops-log partition, err -28
[    0.194550][    T1] nvram: Failed to initialize oops partition!
[    0.201695][    T1] EEH: PowerNV platform initialized
[    0.222710][    T1] cpuidle-powernv: Default stop: psscr = 0x0000000000000330,mask=0x00000000003003ff
[    0.223219][    T1] cpuidle-powernv: Deepest stop: psscr = 0x0000000000300331,mask=0x00000000003003ff
[    0.223476][    T1] cpuidle-powernv: First stop level that may lose SPRs = 0x10
[    0.223689][    T1] cpuidle-powernv: First stop level that may lose timebase = 0x10
[    0.226984][    T1] kprobes: kprobe jump-optimization is enabled. All kprobes are optimized if possible.
[    0.269561][    T1] iommu: Default domain type: Translated
[    0.269847][    T1] iommu: DMA domain TLB invalidation policy: strict mode
[    0.271711][    T1] pps_core: LinuxPPS API ver. 1 registered
[    0.271900][    T1] pps_core: Software ver. 5.3.6 - Copyright 2005-2007 Rodolfo Giometti <giometti@linux.it>
[    0.272248][    T1] PTP clock support registered
[    0.272655][    T1] EDAC MC: Ver: 3.0.0
[    0.285037][    T1] NetLabel: Initializing
[    0.285187][    T1] NetLabel:  domain hash size = 128
[    0.285349][    T1] NetLabel:  protocols = UNLABELED CIPSOv4 CALIPSO
[    0.286941][    T1] NetLabel:  unlabeled traffic allowed by default
[    0.287200][    T1] mctp: management component transport protocol core
[    0.287392][    T1] NET: Registered PF_MCTP protocol family
[    0.288330][    T1] PCI: Probing PCI hardware
[    0.293482][    T1] vgaarb: loaded
[    0.297355][    T1] clocksource: Switched to clocksource timebase
[    0.302305][    T1] VFS: Disk quotas dquot_6.6.0
[    0.302672][    T1] VFS: Dquot-cache hash table entries: 8192 (order 0, 65536 bytes)
[    0.317703][    T1] hugetlbfs: disabling because there are no supported hugepage sizes
[    0.325525][    T1] AppArmor: AppArmor Filesystem Enabled
[    0.356974][    T1] NET: Registered PF_INET protocol family
[    0.358456][    T1] IP idents hash table entries: 32768 (order: 2, 262144 bytes, linear)
[    0.367443][    T1] tcp_listen_portaddr_hash hash table entries: 4096 (order: 0, 65536 bytes, linear)
[    0.367830][    T1] Table-perturb hash table entries: 65536 (order: 2, 262144 bytes, linear)
[    0.368123][    T1] TCP established hash table entries: 16384 (order: 1, 131072 bytes, linear)
[    0.368685][    T1] TCP bind hash table entries: 16384 (order: 3, 524288 bytes, linear)
[    0.369361][    T1] TCP: Hash tables configured (established 16384 bind 16384)
[    0.371252][    T1] MPTCP token hash table entries: 4096 (order: 0, 98304 bytes, linear)
[    0.371807][    T1] UDP hash table entries: 2048 (order: 0, 65536 bytes, linear)
[    0.372499][    T1] UDP-Lite hash table entries: 2048 (order: 0, 65536 bytes, linear)
[    0.374499][    T1] NET: Registered PF_UNIX/PF_LOCAL protocol family
[    0.375243][    T1] NET: Registered PF_XDP protocol family
[    0.375631][    T1] PCI: CLS 0 bytes, default 128
[    0.376701][    T1] rtas_flash: no firmware flash support
[    0.385621][   T11] Trying to unpack rootfs image as initramfs...
[    0.394789][    T1] Initialise system trusted keyrings
[    0.403138][    T1] Key type blacklist registered
[    0.404738][    T1] workingset: timestamp_bits=38 max_order=15 bucket_order=0
[    0.405221][    T1] zbud: loaded
[    0.417056][    T1] integrity: Platform Keyring initialized
[    0.491459][    T1] Key type asymmetric registered
[    0.491839][    T1] Asymmetric key parser 'x509' registered
[    0.500768][   T11] Freeing initrd memory: 8640K
[    0.525197][    T1] Block layer SCSI generic (bsg) driver version 0.4 loaded (major 247)
[    0.526168][    T1] io scheduler mq-deadline registered
[    0.526392][    T1] io scheduler kyber registered
[    0.526783][    T1] io scheduler bfq registered
[    0.534457][    T1] shpchp: Standard Hot Plug PCI Controller Driver version: 0.4
[    0.534741][    T1] rpaphp: RPA HOT Plug PCI Controller Driver version: 0.1
[    0.535126][    T1] rpadlpar_io_init: partition not DLPAR capable
[    0.538029][    T1] hvc0: raw protocol on /ibm,opal/consoles/serial@0 (boot console)
[    0.538380][    T1] hvc0: No interrupts property, using OPAL event
[    0.540997][    T1] Serial: 8250/16550 driver, 4 ports, IRQ sharing enabled
[    0.547237][    T1] pseries_rng: Registering IBM pSeries RNG driver
[    0.551361][    T1] mousedev: PS/2 mouse device common for all mice
[    0.552568][    T1] powernv-cpufreq: ibm,pstate-min node not found
[    0.552798][    T1] powernv-cpufreq: Platform driver disabled. System does not support PState control
[    0.555047][    T1] ledtrig-cpu: registered to indicate activity on CPUs
[    0.555649][    T1] hid: raw HID events driver (C) Jiri Kosina
[    0.556160][    T1] drop_monitor: Initializing network drop monitor service
[    0.622086][    T1] NET: Registered PF_INET6 protocol family
[    0.635499][    T1] Segment Routing with IPv6
[    0.635765][    T1] RPL Segment Routing with IPv6
[    0.636118][    T1] In-situ OAM (IOAM) with IPv6
[    0.637081][    T1] NET: Registered PF_KEY protocol family
[    0.637950][    T1] drmem: No dynamic reconfiguration memory found
[    0.652101][    T1] registered taskstats version 1
[    0.655041][    T1] Loading compiled-in X.509 certificates
[    0.739827][    T1] Loaded X.509 cert 'Build time autogenerated kernel key: 8408e9076f8ae845f47c1a2aa0bb898bb2e3f048'
[    0.753301][    T1] page_owner is disabled
[    0.754084][    T1] Key type .fscrypt registered
[    0.754250][    T1] Key type fscrypt-provisioning registered
[    0.765922][    T1] Key type encrypted registered
[    0.766234][    T1] AppArmor: AppArmor sha1 policy hashing enabled
[    0.767085][    T1] ima: No TPM chip found, activating TPM-bypass!
[    0.767352][    T1] Loading compiled-in module X.509 certificates
[    0.769847][    T1] Loaded X.509 cert 'Build time autogenerated kernel key: 8408e9076f8ae845f47c1a2aa0bb898bb2e3f048'
[    0.770388][    T1] ima: Allocated hash algorithm: sha256
[    0.772674][    T1] ima: No architecture policies found
[    0.773427][    T1] evm: Initialising EVM extended attributes:
[    0.773739][    T1] evm: security.selinux
[    0.773888][    T1] evm: security.SMACK64 (disabled)
[    0.774034][    T1] evm: security.SMACK64EXEC (disabled)
[    0.774217][    T1] evm: security.SMACK64TRANSMUTE (disabled)
[    0.774374][    T1] evm: security.SMACK64MMAP (disabled)
[    0.774518][    T1] evm: security.apparmor
[    0.774637][    T1] evm: security.ima
[    0.774740][    T1] evm: security.capability
[    0.774873][    T1] evm: HMAC attrs: 0x1
[    1.468393][    T1] clk: Disabling unused clocks
[    1.546129][    T1] Freeing unused kernel image (initmem) memory: 6720K
[    1.547151][    T1] Run /init as init process
[    1.812893][    T1] Not activating Mandatory Access Control as /sbin/tomoyo-init does not exist.
Starting syslogd: OK
Starting klogd: OK
Running sysctl: OK
Saving 256 bits of creditable seed for next boot
Starting network: OK
Linux version 6.5.0-rc5-next-20230809-default-cbl (nathan@dev-arch.m3-large-x86-01) (ClangBuiltLinux clang version 12.0.1 (https://github.com/llvm/llvm-project fed41342a82f5a3a9201819a82bf7a48313e296b), ClangBuiltLinux LLD 12.0.1 (https://github.com/llvm/llvm-project fed41342a82f5a3a9201819a82bf7a48313e296b)) #1 SMP Sat Aug 12 15:11:19 UTC 2023
Stopping network: OK
Seeding 256 bits and crediting
Saving 256 bits of creditable seed for next boot
Stopping klogd: OK
Stopping syslogd: OK
umount: devtmpfs busy - remounted read-only
umount: can't unmount /: Invalid argument

The system is going down NOW!

Sent SIGTERM to all processes

Sent SIGKILL to all processes

Requesting system poweroff
[    6.900608][  T186] reboot: Power down
[   11.440887004,5] OPAL: Shutdown request type 0x0...
$ timeout --foreground 3m stdbuf -eL -oL /usr/sbin/qemu-system-ppc64 -display none -nodefaults -device ipmi-bmc-sim,id=bmc0 -device isa-ipmi-bt,bmc=bmc0,irq=10 -machine powernv -kernel /home/nathan/tmp/build/cbl_lkt/linux-next/powerpc/arch/powerpc/boot/zImage.epapr -initrd /home/nathan/cbl/llvm-kernel-testing/src/boot-utils/images/ppc64le/rootfs.cpio -m 2G -serial mon:stdio
