/home/nathan/cbl/src/linux-next/drivers/block/rbd.c:6149:17: warning: result of comparison of constant 2305843009213693948 with expression of type 'u32' (aka 'unsigned int') is always false [-Wtautological-constant-out-of-range-compare]
        if (snap_count > (SIZE_MAX - sizeof (struct ceph_snap_context))
            ~~~~~~~~~~ ^ ~~~~~~~~~~~~~~~~~~~~~~~~~~~~~~~~~~~~~~~~~~~~~~
1 warning generated.
/home/nathan/cbl/src/linux-next/net/ceph/osdmap.c:1441:10: warning: result of comparison of constant 4611686018427387891 with expression of type 'u32' (aka 'unsigned int') is always false [-Wtautological-constant-out-of-range-compare]
        if (len > (SIZE_MAX - sizeof(*pg)) / sizeof(u32))
            ~~~ ^ ~~~~~~~~~~~~~~~~~~~~~~~~~~~~~~~~~~~~~~
/home/nathan/cbl/src/linux-next/net/ceph/osdmap.c:1624:10: warning: result of comparison of constant 2305843009213693945 with expression of type 'u32' (aka 'unsigned int') is always false [-Wtautological-constant-out-of-range-compare]
        if (len > (SIZE_MAX - sizeof(*pg)) / (2 * sizeof(u32)))
            ~~~ ^ ~~~~~~~~~~~~~~~~~~~~~~~~~~~~~~~~~~~~~~~~~~~~
2 warnings generated.

[01;32mQEMU location: [0m/usr/sbin[0m

[01;32mQEMU version: [0mQEMU emulator version 8.0.3[0m

OpenSBI v1.2
   ____                    _____ ____ _____
  / __ \                  / ____|  _ \_   _|
 | |  | |_ __   ___ _ __ | (___ | |_) || |
 | |  | | '_ \ / _ \ '_ \ \___ \|  _ < | |
 | |__| | |_) |  __/ | | |____) | |_) || |_
  \____/| .__/ \___|_| |_|_____/|____/_____|
        | |
        |_|

Platform Name             : riscv-virtio,qemu
Platform Features         : medeleg
Platform HART Count       : 1
Platform IPI Device       : aclint-mswi
Platform Timer Device     : aclint-mtimer @ 10000000Hz
Platform Console Device   : uart8250
Platform HSM Device       : ---
Platform PMU Device       : ---
Platform Reboot Device    : sifive_test
Platform Shutdown Device  : sifive_test
Firmware Base             : 0x80000000
Firmware Size             : 212 KB
Runtime SBI Version       : 1.0

Domain0 Name              : root
Domain0 Boot HART         : 0
Domain0 HARTs             : 0*
Domain0 Region00          : 0x0000000002000000-0x000000000200ffff (I)
Domain0 Region01          : 0x0000000080000000-0x000000008003ffff ()
Domain0 Region02          : 0x0000000000000000-0xffffffffffffffff (R,W,X)
Domain0 Next Address      : 0x0000000080200000
Domain0 Next Arg1         : 0x000000009fe00000
Domain0 Next Mode         : S-mode
Domain0 SysReset          : yes

Boot HART ID              : 0
Boot HART Domain          : root
Boot HART Priv Version    : v1.12
Boot HART Base ISA        : rv64imafdch
Boot HART ISA Extensions  : time,sstc
Boot HART PMP Count       : 16
Boot HART PMP Granularity : 4
Boot HART PMP Address Bits: 54
Boot HART MHPM Count      : 16
Boot HART MIDELEG         : 0x0000000000001666
Boot HART MEDELEG         : 0x0000000000f0b509
[    0.000000] Linux version 6.5.0-rc5-next-20230809-cbl (nathan@dev-arch.m3-large-x86-01) (ClangBuiltLinux clang version 12.0.1 (https://github.com/llvm/llvm-project fed41342a82f5a3a9201819a82bf7a48313e296b), GNU ld (GNU Binutils) 2.39) #1 SMP PREEMPT Sat Aug 12 15:23:33 UTC 2023
[    0.000000] random: crng init done
[    0.000000] Machine model: riscv-virtio,qemu
[    0.000000] SBI specification v1.0 detected
[    0.000000] SBI implementation ID=0x1 Version=0x10002
[    0.000000] SBI TIME extension detected
[    0.000000] SBI IPI extension detected
[    0.000000] SBI RFENCE extension detected
[    0.000000] SBI SRST extension detected
[    0.000000] earlycon: ns16550a0 at MMIO 0x0000000010000000 (options '')
[    0.000000] printk: bootconsole [ns16550a0] enabled
[    0.000000] efi: UEFI not found.
[    0.000000] OF: reserved mem: 0x0000000080000000..0x000000008003ffff (256 KiB) map non-reusable mmode_resv0@80000000
[    0.000000] Zone ranges:
[    0.000000]   DMA32    [mem 0x0000000080000000-0x000000009fffffff]
[    0.000000]   Normal   empty
[    0.000000] Movable zone start for each node
[    0.000000] Early memory node ranges
[    0.000000]   node   0: [mem 0x0000000080000000-0x000000009fffffff]
[    0.000000] Initmem setup node 0 [mem 0x0000000080000000-0x000000009fffffff]
[    0.000000] SBI HSM extension detected
[    0.000000] riscv: base ISA extensions acdfhim
[    0.000000] riscv: ELF capabilities acdfim
[    0.000000] percpu: Embedded 19 pages/cpu s40424 r8192 d29208 u77824
[    0.000000] Kernel command line: earlycon
[    0.000000] Dentry cache hash table entries: 65536 (order: 7, 524288 bytes, linear)
[    0.000000] Inode-cache hash table entries: 32768 (order: 6, 262144 bytes, linear)
[    0.000000] Built 1 zonelists, mobility grouping on.  Total pages: 129024
[    0.000000] mem auto-init: stack:off, heap alloc:off, heap free:off
[    0.000000] Memory: 493864K/524288K available (8141K kernel code, 3257K rwdata, 2048K rodata, 2174K init, 531K bss, 30424K reserved, 0K cma-reserved)
[    0.000000] SLUB: HWalign=64, Order=0-3, MinObjects=0, CPUs=1, Nodes=1
[    0.000000] rcu: Preemptible hierarchical RCU implementation.
[    0.000000] rcu: 	RCU restricting CPUs from NR_CPUS=32 to nr_cpu_ids=1.
[    0.000000] 	Trampoline variant of Tasks RCU enabled.
[    0.000000] 	Tracing variant of Tasks RCU enabled.
[    0.000000] rcu: RCU calculated value of scheduler-enlistment delay is 25 jiffies.
[    0.000000] rcu: Adjusting geometry for rcu_fanout_leaf=16, nr_cpu_ids=1
[    0.000000] NR_IRQS: 64, nr_irqs: 64, preallocated irqs: 0
[    0.000000] riscv-intc: 64 local interrupts mapped
[    0.000000] plic: plic@c000000: mapped 95 interrupts with 1 handlers for 2 contexts.
[    0.000000] riscv: providing IPIs using SBI IPI extension
[    0.000000] rcu: srcu_init: Setting srcu_struct sizes based on contention.
[    0.000000] clocksource: riscv_clocksource: mask: 0xffffffffffffffff max_cycles: 0x24e6a1710, max_idle_ns: 440795202120 ns
[    0.000064] sched_clock: 64 bits at 10MHz, resolution 100ns, wraps every 4398046511100ns
[    0.000356] riscv-timer: Timer interrupt in S-mode is available via sstc extension
[    0.009664] Console: colour dummy device 80x25
[    0.010072] printk: console [tty0] enabled
[    0.010629] printk: bootconsole [ns16550a0] disabled
[    0.000000] Linux version 6.5.0-rc5-next-20230809-cbl (nathan@dev-arch.m3-large-x86-01) (ClangBuiltLinux clang version 12.0.1 (https://github.com/llvm/llvm-project fed41342a82f5a3a9201819a82bf7a48313e296b), GNU ld (GNU Binutils) 2.39) #1 SMP PREEMPT Sat Aug 12 15:23:33 UTC 2023
[    0.000000] random: crng init done
[    0.000000] Machine model: riscv-virtio,qemu
[    0.000000] SBI specification v1.0 detected
[    0.000000] SBI implementation ID=0x1 Version=0x10002
[    0.000000] SBI TIME extension detected
[    0.000000] SBI IPI extension detected
[    0.000000] SBI RFENCE extension detected
[    0.000000] SBI SRST extension detected
[    0.000000] earlycon: ns16550a0 at MMIO 0x0000000010000000 (options '')
[    0.000000] printk: bootconsole [ns16550a0] enabled
[    0.000000] efi: UEFI not found.
[    0.000000] OF: reserved mem: 0x0000000080000000..0x000000008003ffff (256 KiB) map non-reusable mmode_resv0@80000000
[    0.000000] Zone ranges:
[    0.000000]   DMA32    [mem 0x0000000080000000-0x000000009fffffff]
[    0.000000]   Normal   empty
[    0.000000] Movable zone start for each node
[    0.000000] Early memory node ranges
[    0.000000]   node   0: [mem 0x0000000080000000-0x000000009fffffff]
[    0.000000] Initmem setup node 0 [mem 0x0000000080000000-0x000000009fffffff]
[    0.000000] SBI HSM extension detected
[    0.000000] riscv: base ISA extensions acdfhim
[    0.000000] riscv: ELF capabilities acdfim
[    0.000000] percpu: Embedded 19 pages/cpu s40424 r8192 d29208 u77824
[    0.000000] Kernel command line: earlycon
[    0.000000] Dentry cache hash table entries: 65536 (order: 7, 524288 bytes, linear)
[    0.000000] Inode-cache hash table entries: 32768 (order: 6, 262144 bytes, linear)
[    0.000000] Built 1 zonelists, mobility grouping on.  Total pages: 129024
[    0.000000] mem auto-init: stack:off, heap alloc:off, heap free:off
[    0.000000] Memory: 493864K/524288K available (8141K kernel code, 3257K rwdata, 2048K rodata, 2174K init, 531K bss, 30424K reserved, 0K cma-reserved)
[    0.000000] SLUB: HWalign=64, Order=0-3, MinObjects=0, CPUs=1, Nodes=1
[    0.000000] rcu: Preemptible hierarchical RCU implementation.
[    0.000000] rcu: 	RCU restricting CPUs from NR_CPUS=32 to nr_cpu_ids=1.
[    0.000000] 	Trampoline variant of Tasks RCU enabled.
[    0.000000] 	Tracing variant of Tasks RCU enabled.
[    0.000000] rcu: RCU calculated value of scheduler-enlistment delay is 25 jiffies.
[    0.000000] rcu: Adjusting geometry for rcu_fanout_leaf=16, nr_cpu_ids=1
[    0.000000] NR_IRQS: 64, nr_irqs: 64, preallocated irqs: 0
[    0.000000] riscv-intc: 64 local interrupts mapped
[    0.000000] plic: plic@c000000: mapped 95 interrupts with 1 handlers for 2 contexts.
[    0.000000] riscv: providing IPIs using SBI IPI extension
[    0.000000] rcu: srcu_init: Setting srcu_struct sizes based on contention.
[    0.000000] clocksource: riscv_clocksource: mask: 0xffffffffffffffff max_cycles: 0x24e6a1710, max_idle_ns: 440795202120 ns
[    0.000064] sched_clock: 64 bits at 10MHz, resolution 100ns, wraps every 4398046511100ns
[    0.000356] riscv-timer: Timer interrupt in S-mode is available via sstc extension
[    0.009664] Console: colour dummy device 80x25
[    0.010072] printk: console [tty0] enabled
[    0.010629] printk: bootconsole [ns16550a0] disabled
[    0.012525] Calibrating delay loop (skipped), value calculated using timer frequency.. 20.00 BogoMIPS (lpj=40000)
[    0.012746] pid_max: default: 32768 minimum: 301
[    0.014148] LSM: initializing lsm=capability
[    0.016554] Mount-cache hash table entries: 1024 (order: 1, 8192 bytes, linear)
[    0.016627] Mountpoint-cache hash table entries: 1024 (order: 1, 8192 bytes, linear)
[    0.048915] RCU Tasks: Setting shift to 0 and lim to 1 rcu_task_cb_adjust=1.
[    0.049550] RCU Tasks Trace: Setting shift to 0 and lim to 1 rcu_task_cb_adjust=1.
[    0.049822] riscv: ELF compat mode supported
[    0.050138] ASID allocator using 16 bits (65536 entries)
[    0.051212] rcu: Hierarchical SRCU implementation.
[    0.051275] rcu: 	Max phase no-delay instances is 1000.
[    0.053232] EFI services will not be available.
[    0.053833] smp: Bringing up secondary CPUs ...
[    0.054678] smp: Brought up 1 node, 1 CPU
[    0.068285] devtmpfs: initialized
[    0.076335] clocksource: jiffies: mask: 0xffffffff max_cycles: 0xffffffff, max_idle_ns: 7645041785100000 ns
[    0.076518] futex hash table entries: 256 (order: 2, 16384 bytes, linear)
[    0.078804] pinctrl core: initialized pinctrl subsystem
[    0.082678] NET: Registered PF_NETLINK/PF_ROUTE protocol family
[    0.086565] DMA: preallocated 128 KiB GFP_KERNEL pool for atomic allocations
[    0.086851] DMA: preallocated 128 KiB GFP_KERNEL|GFP_DMA32 pool for atomic allocations
[    0.087072] audit: initializing netlink subsys (disabled)
[    0.090910] audit: type=2000 audit(0.080:1): state=initialized audit_enabled=0 res=1
[    0.113618] iommu: Default domain type: Translated
[    0.113685] iommu: DMA domain TLB invalidation policy: strict mode
[    0.114926] SCSI subsystem initialized
[    0.129347] vgaarb: loaded
[    0.131247] clocksource: Switched to clocksource riscv_clocksource
[    0.132559] VFS: Disk quotas dquot_6.6.0
[    0.132753] VFS: Dquot-cache hash table entries: 512 (order 0, 4096 bytes)
[    0.151721] NET: Registered PF_INET protocol family
[    0.152967] IP idents hash table entries: 8192 (order: 4, 65536 bytes, linear)
[    0.159519] tcp_listen_portaddr_hash hash table entries: 256 (order: 0, 4096 bytes, linear)
[    0.159638] Table-perturb hash table entries: 65536 (order: 6, 262144 bytes, linear)
[    0.159725] TCP established hash table entries: 4096 (order: 3, 32768 bytes, linear)
[    0.159937] TCP bind hash table entries: 4096 (order: 5, 131072 bytes, linear)
[    0.160175] TCP: Hash tables configured (established 4096 bind 4096)
[    0.161873] MPTCP token hash table entries: 512 (order: 1, 12288 bytes, linear)
[    0.162183] UDP hash table entries: 256 (order: 1, 8192 bytes, linear)
[    0.162482] UDP-Lite hash table entries: 256 (order: 1, 8192 bytes, linear)
[    0.163961] NET: Registered PF_UNIX/PF_LOCAL protocol family
[    0.164408] NET: Registered PF_XDP protocol family
[    0.164679] PCI: CLS 0 bytes, default 64
[    0.170749] Unpacking initramfs...
[    0.171717] Initialise system trusted keyrings
[    0.175633] workingset: timestamp_bits=46 max_order=17 bucket_order=0
[    0.175806] zbud: loaded
[    0.184692] NET: Registered PF_ALG protocol family
[    0.184892] Key type asymmetric registered
[    0.184986] Asymmetric key parser 'x509' registered
[    0.190965] Block layer SCSI generic (bsg) driver version 0.4 loaded (major 251)
[    0.200934] pci-host-generic 30000000.pci: host bridge /soc/pci@30000000 ranges:
[    0.201788] pci-host-generic 30000000.pci:       IO 0x0003000000..0x000300ffff -> 0x0000000000
[    0.202343] pci-host-generic 30000000.pci:      MEM 0x0040000000..0x007fffffff -> 0x0040000000
[    0.202444] pci-host-generic 30000000.pci:      MEM 0x0400000000..0x07ffffffff -> 0x0400000000
[    0.207206] pci-host-generic 30000000.pci: Memory resource size exceeds max for 32 bits
[    0.207646] pci-host-generic 30000000.pci: ECAM at [mem 0x30000000-0x3fffffff] for [bus 00-ff]
[    0.209443] pci-host-generic 30000000.pci: PCI host bridge to bus 0000:00
[    0.209669] pci_bus 0000:00: root bus resource [bus 00-ff]
[    0.209773] pci_bus 0000:00: root bus resource [io  0x0000-0xffff]
[    0.209844] pci_bus 0000:00: root bus resource [mem 0x40000000-0x7fffffff]
[    0.209891] pci_bus 0000:00: root bus resource [mem 0x400000000-0x7ffffffff]
[    0.215195] pci 0000:00:00.0: [1b36:0008] type 00 class 0x060000
[    0.236622] Serial: 8250/16550 driver, 4 ports, IRQ sharing disabled
[    0.268394] 10000000.serial: ttyS0 at MMIO 0x10000000 (irq = 12, base_baud = 230400) is a 16550A
[    0.274945] printk: console [ttyS0] enabled
[    0.291319] Freeing initrd memory: 4684K
[    0.356607] goldfish_rtc 101000.rtc: registered as rtc0
[    0.357402] goldfish_rtc 101000.rtc: setting system clock to 2023-08-12T15:23:41 UTC (1691853821)
[    0.362176] syscon-poweroff poweroff: pm_power_off already claimed for sbi_srst_power_off
[    0.362779] syscon-poweroff: probe of poweroff failed with error -16
[    0.366780] Synopsys Designware Multimedia Card Interface Driver
[    0.370573] riscv-pmu-sbi: SBI PMU extension is available
[    0.371845] riscv-pmu-sbi: 16 firmware and 18 hardware counters
[    0.372038] riscv-pmu-sbi: Perf sampling/filtering is not supported as sscof extension is not available
[    0.375480] NET: Registered PF_INET6 protocol family
[    0.383174] Segment Routing with IPv6
[    0.383467] In-situ OAM (IOAM) with IPv6
[    0.464535] registered taskstats version 1
[    0.465524] Loading compiled-in X.509 certificates
[    0.554642] Loaded X.509 cert 'Build time autogenerated kernel key: 4832bef36268ec9d7c7ba1cd7d15f55fac24d82c'
[    0.571030] Key type .fscrypt registered
[    0.571158] Key type fscrypt-provisioning registered
[    0.574664] clk: Disabling unused clocks
[    0.610337] Freeing unused kernel image (initmem) memory: 2172K
[    0.611287] Run /init as init process
Starting syslogd: OK
Starting klogd: OK
Running sysctl: OK
Saving 256 bits of creditable seed for next boot
Starting network: OK
Linux version 6.5.0-rc5-next-20230809-cbl (nathan@dev-arch.m3-large-x86-01) (ClangBuiltLinux clang version 12.0.1 (https://github.com/llvm/llvm-project fed41342a82f5a3a9201819a82bf7a48313e296b), GNU ld (GNU Binutils) 2.39) #1 SMP PREEMPT Sat Aug 12 15:23:33 UTC 2023
Stopping network: OK
Seeding 256 bits and crediting
Saving 256 bits of creditable seed for next boot
Stopping klogd: OK
Stopping syslogd: OK
umount: devtmpfs busy - remounted read-only
umount: can't unmount /: Invalid argument

The system is going down NOW!

Sent SIGTERM to all processes

Sent SIGKILL to all processes

Requesting system poweroff
[    4.403646] reboot: Power down
$ timeout --foreground 3m stdbuf -eL -oL /usr/sbin/qemu-system-riscv64 -display none -nodefaults -bios default -M virt -append earlycon -kernel /home/nathan/tmp/build/cbl_lkt/linux-next/riscv/arch/riscv/boot/Image -initrd /home/nathan/cbl/llvm-kernel-testing/src/boot-utils/images/riscv/rootfs.cpio -m 512m -serial mon:stdio
