/home/nathan/cbl/src/linux-next/net/ipv4/tcp_output.c:186:3: warning: result of comparison of constant -1 with expression of type 'u8' (aka 'unsigned char') is always false [-Wtautological-constant-out-of-range-compare]
                NET_ADD_STATS(sock_net(sk), LINUX_MIB_TCPACKCOMPRESSED,
                ^~~~~~~~~~~~~~~~~~~~~~~~~~~~~~~~~~~~~~~~~~~~~~~~~~~~~~~
/home/nathan/cbl/src/linux-next/include/net/ip.h:301:41: note: expanded from macro 'NET_ADD_STATS'
#define NET_ADD_STATS(net, field, adnd) SNMP_ADD_STATS((net)->mib.net_statistics, field, adnd)
                                        ^~~~~~~~~~~~~~~~~~~~~~~~~~~~~~~~~~~~~~~~~~~~~~~~~~~~~~
/home/nathan/cbl/src/linux-next/include/net/snmp.h:143:4: note: expanded from macro 'SNMP_ADD_STATS'
                        this_cpu_add(mib->mibs[field], addend)
                        ^~~~~~~~~~~~~~~~~~~~~~~~~~~~~~~~~~~~~~
/home/nathan/cbl/src/linux-next/include/linux/percpu-defs.h:491:33: note: expanded from macro 'this_cpu_add'
#define this_cpu_add(pcp, val)          __pcpu_size_call(this_cpu_add_, pcp, val)
                                        ^~~~~~~~~~~~~~~~~~~~~~~~~~~~~~~~~~~~~~~~~
note: (skipping 1 expansions in backtrace; use -fmacro-backtrace-limit=0 to see all)
<scratch space>:96:1: note: expanded from here
this_cpu_add_8
^
/home/nathan/cbl/src/linux-next/arch/x86/include/asm/percpu.h:370:35: note: expanded from macro 'this_cpu_add_8'
#define this_cpu_add_8(pcp, val)                percpu_add_op(8, volatile, (pcp), val)
                                                ^~~~~~~~~~~~~~~~~~~~~~~~~~~~~~~~~~~~~~
/home/nathan/cbl/src/linux-next/arch/x86/include/asm/percpu.h:127:31: note: expanded from macro 'percpu_add_op'
                              ((val) == 1 || (val) == -1)) ?            \
                                             ~~~~~ ^  ~~
1 warning generated.
/home/nathan/cbl/src/linux-next/drivers/block/rbd.c:6149:17: warning: result of comparison of constant 2305843009213693948 with expression of type 'u32' (aka 'unsigned int') is always false [-Wtautological-constant-out-of-range-compare]
        if (snap_count > (SIZE_MAX - sizeof (struct ceph_snap_context))
            ~~~~~~~~~~ ^ ~~~~~~~~~~~~~~~~~~~~~~~~~~~~~~~~~~~~~~~~~~~~~~
1 warning generated.
/home/nathan/cbl/src/linux-next/net/ceph/osdmap.c:1441:10: warning: result of comparison of constant 4611686018427387891 with expression of type 'u32' (aka 'unsigned int') is always false [-Wtautological-constant-out-of-range-compare]
        if (len > (SIZE_MAX - sizeof(*pg)) / sizeof(u32))
            ~~~ ^ ~~~~~~~~~~~~~~~~~~~~~~~~~~~~~~~~~~~~~~
/home/nathan/cbl/src/linux-next/net/ceph/osdmap.c:1624:10: warning: result of comparison of constant 2305843009213693945 with expression of type 'u32' (aka 'unsigned int') is always false [-Wtautological-constant-out-of-range-compare]
        if (len > (SIZE_MAX - sizeof(*pg)) / (2 * sizeof(u32)))
            ~~~ ^ ~~~~~~~~~~~~~~~~~~~~~~~~~~~~~~~~~~~~~~~~~~~~
2 warnings generated.
/home/nathan/cbl/src/linux-next/fs/ceph/snap.c:372:10: warning: result of comparison of constant 2305843009213693948 with expression of type 'u32' (aka 'unsigned int') is always false [-Wtautological-constant-out-of-range-compare]
        if (num > (SIZE_MAX - sizeof(*snapc)) / sizeof(u64))
            ~~~ ^ ~~~~~~~~~~~~~~~~~~~~~~~~~~~~~~~~~~~~~~~~~
1 warning generated.
drivers/infiniband/hw/hfi1/platform.o: warning: objtool: tune_serdes() falls through to next function apply_tx_lanes()
llvm-objdump: Unknown command line argument '-v'.  Try: 'llvm-objdump --help'
llvm-objdump: Did you mean '-C'?

[01;32mQEMU location: [0m/usr/sbin[0m

[01;32mQEMU version: [0mQEMU emulator version 8.0.3[0m
[    0.000000] Linux version 6.5.0-rc5-next-20230809-cbl (nathan@dev-arch.m3-large-x86-01) (ClangBuiltLinux clang version 12.0.1 (https://github.com/llvm/llvm-project fed41342a82f5a3a9201819a82bf7a48313e296b), ClangBuiltLinux LLD 12.0.1 (https://github.com/llvm/llvm-project fed41342a82f5a3a9201819a82bf7a48313e296b)) #1 SMP PREEMPT_DYNAMIC Sat Aug 12 16:12:45 UTC 2023
[    0.000000] Command line: console=ttyS0 earlycon=uart8250,io,0x3f8
[    0.000000] BIOS-provided physical RAM map:
[    0.000000] BIOS-e820: [mem 0x0000000000000000-0x000000000009fbff] usable
[    0.000000] BIOS-e820: [mem 0x000000000009fc00-0x000000000009ffff] reserved
[    0.000000] BIOS-e820: [mem 0x00000000000f0000-0x00000000000fffff] reserved
[    0.000000] BIOS-e820: [mem 0x0000000000100000-0x000000001ffdffff] usable
[    0.000000] BIOS-e820: [mem 0x000000001ffe0000-0x000000001fffffff] reserved
[    0.000000] BIOS-e820: [mem 0x00000000feffc000-0x00000000feffffff] reserved
[    0.000000] BIOS-e820: [mem 0x00000000fffc0000-0x00000000ffffffff] reserved
[    0.000000] BIOS-e820: [mem 0x000000fd00000000-0x000000ffffffffff] reserved
[    0.000000] earlycon: uart8250 at I/O port 0x3f8 (options '')
[    0.000000] printk: bootconsole [uart8250] enabled
[    0.000000] NX (Execute Disable) protection: active
[    0.000000] SMBIOS 2.8 present.
[    0.000000] DMI: QEMU Standard PC (i440FX + PIIX, 1996), BIOS Arch Linux 1.16.2-1-1 04/01/2014
[    0.000000] Hypervisor detected: KVM
[    0.000000] kvm-clock: Using msrs 4b564d01 and 4b564d00
[    0.000000] kvm-clock: using sched offset of 202502550 cycles
[    0.000458] clocksource: kvm-clock: mask: 0xffffffffffffffff max_cycles: 0x1cd42e4dffb, max_idle_ns: 881590591483 ns
[    0.001887] tsc: Detected 2495.312 MHz processor
[    0.002418] last_pfn = 0x1ffe0 max_arch_pfn = 0x400000000
[    0.002929] MTRR map: 4 entries (3 fixed + 1 variable; max 19), built from 8 variable MTRRs
[    0.003714] x86/PAT: Configuration [0-7]: WB  WC  UC- UC  WB  WP  UC- WT  
[    0.006896] found SMP MP-table at [mem 0x000f6e60-0x000f6e6f]
[    0.007438] Using GB pages for direct mapping
[    0.008000] RAMDISK: [mem 0x1fad3000-0x1ffdffff]
[    0.008460] ACPI: Early table checksum verification disabled
[    0.008961] ACPI: RSDP 0x00000000000F6C90 000014 (v00 BOCHS )
[    0.009471] ACPI: RSDT 0x000000001FFE31D1 000034 (v01 BOCHS  BXPC     00000001 BXPC 00000001)
[    0.010227] ACPI: FACP 0x000000001FFE2E8D 000074 (v01 BOCHS  BXPC     00000001 BXPC 00000001)
[    0.011020] ACPI: DSDT 0x000000001FFE0040 002E4D (v01 BOCHS  BXPC     00000001 BXPC 00000001)
[    0.011767] ACPI: FACS 0x000000001FFE0000 000040
[    0.012176] ACPI: APIC 0x000000001FFE2F01 000270 (v01 BOCHS  BXPC     00000001 BXPC 00000001)
[    0.012933] ACPI: HPET 0x000000001FFE3171 000038 (v01 BOCHS  BXPC     00000001 BXPC 00000001)
[    0.013687] ACPI: WAET 0x000000001FFE31A9 000028 (v01 BOCHS  BXPC     00000001 BXPC 00000001)
[    0.014442] ACPI: Reserving FACP table memory at [mem 0x1ffe2e8d-0x1ffe2f00]
[    0.015112] ACPI: Reserving DSDT table memory at [mem 0x1ffe0040-0x1ffe2e8c]
[    0.015750] ACPI: Reserving FACS table memory at [mem 0x1ffe0000-0x1ffe003f]
[    0.016382] ACPI: Reserving APIC table memory at [mem 0x1ffe2f01-0x1ffe3170]
[    0.016996] ACPI: Reserving HPET table memory at [mem 0x1ffe3171-0x1ffe31a8]
[    0.017634] ACPI: Reserving WAET table memory at [mem 0x1ffe31a9-0x1ffe31d0]
[    0.018476] No NUMA configuration found
[    0.018862] Faking a node at [mem 0x0000000000000000-0x000000001ffdffff]
[    0.019461] NODE_DATA(0) allocated [mem 0x1faa8000-0x1fad2fff]
[    0.020143] Zone ranges:
[    0.020369]   DMA      [mem 0x0000000000001000-0x0000000000ffffff]
[    0.020913]   DMA32    [mem 0x0000000001000000-0x000000001ffdffff]
[    0.021456]   Normal   empty
[    0.021707]   Device   empty
[    0.021968] Movable zone start for each node
[    0.022348] Early memory node ranges
[    0.022664]   node   0: [mem 0x0000000000001000-0x000000000009efff]
[    0.023221]   node   0: [mem 0x0000000000100000-0x000000001ffdffff]
[    0.023826] Initmem setup node 0 [mem 0x0000000000001000-0x000000001ffdffff]
[    0.024616] On node 0, zone DMA: 1 pages in unavailable ranges
[    0.024643] On node 0, zone DMA: 97 pages in unavailable ranges
[    0.026303] On node 0, zone DMA32: 32 pages in unavailable ranges
[    0.027091] ACPI: PM-Timer IO Port: 0x608
[    0.028028] ACPI: LAPIC_NMI (acpi_id[0xff] dfl dfl lint[0x1])
[    0.028556] IOAPIC[0]: apic_id 0, version 17, address 0xfec00000, GSI 0-23
[    0.029161] ACPI: INT_SRC_OVR (bus 0 bus_irq 0 global_irq 2 dfl dfl)
[    0.029718] ACPI: INT_SRC_OVR (bus 0 bus_irq 5 global_irq 5 high level)
[    0.030295] ACPI: INT_SRC_OVR (bus 0 bus_irq 9 global_irq 9 high level)
[    0.030878] ACPI: INT_SRC_OVR (bus 0 bus_irq 10 global_irq 10 high level)
[    0.031474] ACPI: INT_SRC_OVR (bus 0 bus_irq 11 global_irq 11 high level)
[    0.032068] ACPI: Using ACPI (MADT) for SMP configuration information
[    0.032638] ACPI: HPET id: 0x8086a201 base: 0xfed00000
[    0.033086] TSC deadline timer available
[    0.033432] smpboot: Allowing 64 CPUs, 0 hotplug CPUs
[    0.033898] kvm-guest: KVM setup pv remote TLB flush
[    0.034338] kvm-guest: setup PV sched yield
[    0.034708] PM: hibernation: Registered nosave memory: [mem 0x00000000-0x00000fff]
[    0.035371] PM: hibernation: Registered nosave memory: [mem 0x0009f000-0x0009ffff]
[    0.036072] PM: hibernation: Registered nosave memory: [mem 0x000a0000-0x000effff]
[    0.036732] PM: hibernation: Registered nosave memory: [mem 0x000f0000-0x000fffff]
[    0.037408] [mem 0x20000000-0xfeffbfff] available for PCI devices
[    0.037946] Booting paravirtualized kernel on KVM
[    0.038360] clocksource: refined-jiffies: mask: 0xffffffff max_cycles: 0xffffffff, max_idle_ns: 1910969940391419 ns
[    0.045833] setup_percpu: NR_CPUS:8192 nr_cpumask_bits:64 nr_cpu_ids:64 nr_node_ids:1
[    0.049217] percpu: Embedded 63 pages/cpu s221184 r8192 d28672 u262144
[    0.049920] kvm-guest: PV spinlocks enabled
[    0.050302] PV qspinlock hash table entries: 256 (order: 0, 4096 bytes, linear)
[    0.050971] Kernel command line: console=ttyS0 earlycon=uart8250,io,0x3f8
[    0.051804] random: crng init done
[    0.052115] printk: log_buf_len individual max cpu contribution: 4096 bytes
[    0.052740] printk: log_buf_len total cpu_extra contributions: 258048 bytes
[    0.053359] printk: log_buf_len min size: 262144 bytes
[    0.054202] printk: log_buf_len: 524288 bytes
[    0.054593] printk: early log buf free: 255624(97%)
[    0.055202] Dentry cache hash table entries: 65536 (order: 7, 524288 bytes, linear)
[    0.055910] Inode-cache hash table entries: 32768 (order: 6, 262144 bytes, linear)
[    0.057041] Fallback order for Node 0: 0 
[    0.057052] Built 1 zonelists, mobility grouping on.  Total pages: 128736
[    0.058021] Policy zone: DMA32
[    0.058546] mem auto-init: stack:all(zero), heap alloc:off, heap free:off
[    0.060028] Memory: 437980K/523768K available (18432K kernel code, 3174K rwdata, 12824K rodata, 2988K init, 4656K bss, 85528K reserved, 0K cma-reserved)
[    0.061540] SLUB: HWalign=64, Order=0-3, MinObjects=0, CPUs=64, Nodes=1
[    0.062176] ftrace: allocating 52089 entries in 204 pages
[    0.062865] ftrace: allocated 204 pages with 4 groups
[    0.064331] Dynamic Preempt: voluntary
[    0.064996] rcu: Preemptible hierarchical RCU implementation.
[    0.065515] rcu: 	RCU restricting CPUs from NR_CPUS=8192 to nr_cpu_ids=64.
[    0.066130] 	Trampoline variant of Tasks RCU enabled.
[    0.066580] 	Rude variant of Tasks RCU enabled.
[    0.066989] 	Tracing variant of Tasks RCU enabled.
[    0.067413] rcu: RCU calculated value of scheduler-enlistment delay is 100 jiffies.
[    0.068138] rcu: Adjusting geometry for rcu_fanout_leaf=16, nr_cpu_ids=64
[    0.071785] NR_IRQS: 524544, nr_irqs: 936, preallocated irqs: 16
[    0.072551] rcu: srcu_init: Setting srcu_struct sizes based on contention.
[    0.073300] kfence: initialized - using 2097152 bytes for 255 objects at 0x(____ptrval____)-0x(____ptrval____)
[    0.074384] Console: colour *CGA 80x25
[    0.074748] printk: console [ttyS0] enabled
[    0.074748] printk: console [ttyS0] enabled
[    0.075520] printk: bootconsole [uart8250] disabled
[    0.075520] printk: bootconsole [uart8250] disabled
[    0.076446] ACPI: Core revision 20230628
[    0.076973] clocksource: hpet: mask: 0xffffffff max_cycles: 0xffffffff, max_idle_ns: 19112604467 ns
[    0.077905] APIC: Switch to symmetric I/O mode setup
[    0.078573] x2apic enabled
[    0.079020] Switched APIC routing to physical x2apic.
[    0.079490] kvm-guest: setup PV IPIs
[    0.080918] ..TIMER: vector=0x30 apic1=0 pin1=2 apic2=-1 pin2=-1
[    0.081974] tsc: Marking TSC unstable due to TSCs unsynchronized
[    0.083011] Calibrating delay loop (skipped) preset value.. 4990.62 BogoMIPS (lpj=2495312)
[    0.084231] x86/cpu: User Mode Instruction Prevention (UMIP) activated
[    0.086040] Last level iTLB entries: 4KB 512, 2MB 255, 4MB 127
[    0.087009] Last level dTLB entries: 4KB 512, 2MB 255, 4MB 127, 1GB 0
[    0.088017] Spectre V1 : Mitigation: usercopy/swapgs barriers and __user pointer sanitization
[    0.089010] Spectre V2 : Mitigation: Retpolines
[    0.090009] Spectre V2 : Spectre v2 / SpectreRSB mitigation: Filling RSB on context switch
[    0.091009] Spectre V2 : Spectre v2 / SpectreRSB : Filling RSB on VMEXIT
[    0.092009] Spectre V2 : Enabling Speculation Barrier for firmware calls
[    0.093009] RETBleed: Mitigation: IBPB
[    0.093639] Spectre V2 : mitigation: Enabling conditional Indirect Branch Prediction Barrier
[    0.094010] Speculative Store Bypass: Mitigation: Speculative Store Bypass disabled via prctl
[    0.095010] Speculative Return Stack Overflow: Retbleed IBPB mitigation enabled, using same for SRSO
[    0.096026] x86/fpu: Supporting XSAVE feature 0x001: 'x87 floating point registers'
[    0.097009] x86/fpu: Supporting XSAVE feature 0x002: 'SSE registers'
[    0.098009] x86/fpu: Supporting XSAVE feature 0x004: 'AVX registers'
[    0.099009] x86/fpu: xstate_offset[2]:  576, xstate_sizes[2]:  256
[    0.100010] x86/fpu: Enabled xstate features 0x7, context size is 832 bytes, using 'compacted' format.
[    0.105208] Freeing SMP alternatives memory: 56K
[    0.105987] pid_max: default: 65536 minimum: 512
[    0.106062] LSM: initializing lsm=lockdown,capability,yama,selinux,bpf,landlock,integrity
[    0.107027] Yama: becoming mindful.
[    0.107598] SELinux:  Initializing.
[    0.108054] LSM support for eBPF active
[    0.109010] landlock: Up and running.
[    0.109649] Mount-cache hash table entries: 1024 (order: 1, 8192 bytes, linear)
[    0.110010] Mountpoint-cache hash table entries: 1024 (order: 1, 8192 bytes, linear)
[    0.111337] smpboot: CPU0: AMD EPYC 7502P 32-Core Processor (family: 0x17, model: 0x31, stepping: 0x0)
[    0.112170] RCU Tasks: Setting shift to 6 and lim to 1 rcu_task_cb_adjust=1.
[    0.113027] RCU Tasks Rude: Setting shift to 6 and lim to 1 rcu_task_cb_adjust=1.
[    0.114032] RCU Tasks Trace: Setting shift to 6 and lim to 1 rcu_task_cb_adjust=1.
[    0.115029] Performance Events: Fam17h+ core perfctr, AMD PMU driver.
[    0.116016] ... version:                0
[    0.116680] ... bit width:              48
[    0.117011] ... generic registers:      6
[    0.117682] ... value mask:             0000ffffffffffff
[    0.118011] ... max period:             00007fffffffffff
[    0.118897] ... fixed-purpose events:   0
[    0.119011] ... event mask:             000000000000003f
[    0.120029] signal: max sigframe size: 1776
[    0.120801] rcu: Hierarchical SRCU implementation.
[    0.121011] rcu: 	Max phase no-delay instances is 400.
[    0.122720] smp: Bringing up secondary CPUs ...
[    0.123100] smpboot: x86: Booting SMP configuration:
[    0.123921] .... node  #0, CPUs:        #1  #2  #3  #4  #5  #6  #7  #8  #9 #10 #11 #12 #13 #14 #15 #16 #17 #18 #19 #20 #21 #22 #23 #24 #25 #26 #27 #28 #29 #30 #31 #32 #33 #34 #35 #36 #37 #38 #39 #40 #41 #42 #43 #44 #45 #46 #47 #48 #49 #50 #51 #52 #53 #54 #55 #56 #57 #58 #59 #60 #61 #62 #63
[    0.172305] smp: Brought up 1 node, 64 CPUs
[    0.173738] smpboot: Max logical packages: 1
[    0.174016] smpboot: Total of 64 processors activated (319399.93 BogoMIPS)
[    0.181342] devtmpfs: initialized
[    0.182067] x86/mm: Memory block size: 128MB
[    0.183252] clocksource: jiffies: mask: 0xffffffff max_cycles: 0xffffffff, max_idle_ns: 1911260446275000 ns
[    0.184016] futex hash table entries: 16384 (order: 8, 1048576 bytes, linear)
[    0.185155] pinctrl core: initialized pinctrl subsystem
[    0.186161] PM: RTC time: 16:13:56, date: 2023-08-12
[    0.187773] NET: Registered PF_NETLINK/PF_ROUTE protocol family
[    0.188110] DMA: preallocated 128 KiB GFP_KERNEL pool for atomic allocations
[    0.189027] DMA: preallocated 128 KiB GFP_KERNEL|GFP_DMA pool for atomic allocations
[    0.190014] DMA: preallocated 128 KiB GFP_KERNEL|GFP_DMA32 pool for atomic allocations
[    0.191025] audit: initializing netlink subsys (disabled)
[    0.192049] audit: type=2000 audit(1691856837.331:1): state=initialized audit_enabled=0 res=1
[    0.192116] thermal_sys: Registered thermal governor 'fair_share'
[    0.193012] thermal_sys: Registered thermal governor 'bang_bang'
[    0.194011] thermal_sys: Registered thermal governor 'step_wise'
[    0.195011] thermal_sys: Registered thermal governor 'user_space'
[    0.196066] cpuidle: using governor menu
[    0.200023] acpiphp: ACPI Hot Plug PCI Controller Driver version: 0.5
[    0.201156] PCI: Using configuration type 1 for base access
[    0.202011] PCI: Using configuration type 1 for extended access
[    0.204719] kprobes: kprobe jump-optimization is enabled. All kprobes are optimized if possible.
[    0.238647] HugeTLB: registered 1.00 GiB page size, pre-allocated 0 pages
[    0.239013] HugeTLB: 16380 KiB vmemmap can be freed for a 1.00 GiB page
[    0.240011] HugeTLB: registered 2.00 MiB page size, pre-allocated 0 pages
[    0.241011] HugeTLB: 28 KiB vmemmap can be freed for a 2.00 MiB page
[    0.242132] cryptd: max_cpu_qlen set to 1000
[    0.243094] raid6: skipped pq benchmark and selected avx2x4
[    0.244013] raid6: using avx2x2 recovery algorithm
[    0.244944] ACPI: Added _OSI(Module Device)
[    0.245012] ACPI: Added _OSI(Processor Device)
[    0.245811] ACPI: Added _OSI(3.0 _SCP Extensions)
[    0.246012] ACPI: Added _OSI(Processor Aggregator Device)
[    0.247776] ACPI: 1 ACPI AML tables successfully acquired and loaded
[    0.248654] ACPI: _OSC evaluation for CPUs failed, trying _PDC
[    0.249196] ACPI: Interpreter enabled
[    0.249866] ACPI: PM: (supports S0 S3 S4 S5)
[    0.250012] ACPI: Using IOAPIC for interrupt routing
[    0.251020] PCI: Using host bridge windows from ACPI; if necessary, use "pci=nocrs" and report a bug
[    0.252011] PCI: Using E820 reservations for host bridge windows
[    0.253117] ACPI: Enabled 2 GPEs in block 00 to 0F
[    0.257288] ACPI: PCI Root Bridge [PCI0] (domain 0000 [bus 00-ff])
[    0.258017] acpi PNP0A03:00: _OSC: OS supports [ExtendedConfig ASPM ClockPM Segments MSI EDR HPX-Type3]
[    0.259259] acpiphp: Slot [2] registered
[    0.259951] acpiphp: Slot [3] registered
[    0.260024] acpiphp: Slot [4] registered
[    0.260724] acpiphp: Slot [5] registered
[    0.261025] acpiphp: Slot [6] registered
[    0.261733] acpiphp: Slot [7] registered
[    0.262023] acpiphp: Slot [8] registered
[    0.262737] acpiphp: Slot [9] registered
[    0.263024] acpiphp: Slot [10] registered
[    0.263752] acpiphp: Slot [11] registered
[    0.264023] acpiphp: Slot [12] registered
[    0.264764] acpiphp: Slot [13] registered
[    0.265024] acpiphp: Slot [14] registered
[    0.265756] acpiphp: Slot [15] registered
[    0.266023] acpiphp: Slot [16] registered
[    0.266748] acpiphp: Slot [17] registered
[    0.267024] acpiphp: Slot [18] registered
[    0.267767] acpiphp: Slot [19] registered
[    0.268022] acpiphp: Slot [20] registered
[    0.268761] acpiphp: Slot [21] registered
[    0.269023] acpiphp: Slot [22] registered
[    0.269757] acpiphp: Slot [23] registered
[    0.270023] acpiphp: Slot [24] registered
[    0.270755] acpiphp: Slot [25] registered
[    0.271022] acpiphp: Slot [26] registered
[    0.271760] acpiphp: Slot [27] registered
[    0.272024] acpiphp: Slot [28] registered
[    0.272762] acpiphp: Slot [29] registered
[    0.273022] acpiphp: Slot [30] registered
[    0.273769] acpiphp: Slot [31] registered
[    0.274020] PCI host bridge to bus 0000:00
[    0.274756] pci_bus 0000:00: root bus resource [io  0x0000-0x0cf7 window]
[    0.275012] pci_bus 0000:00: root bus resource [io  0x0d00-0xffff window]
[    0.276012] pci_bus 0000:00: root bus resource [mem 0x000a0000-0x000bffff window]
[    0.277012] pci_bus 0000:00: root bus resource [mem 0x20000000-0xfebfffff window]
[    0.278012] pci_bus 0000:00: root bus resource [mem 0x100000000-0x17fffffff window]
[    0.279011] pci_bus 0000:00: root bus resource [bus 00-ff]
[    0.280118] pci 0000:00:00.0: [8086:1237] type 00 class 0x060000
[    0.281368] pci 0000:00:01.0: [8086:7000] type 00 class 0x060100
[    0.282456] pci 0000:00:01.1: [8086:7010] type 00 class 0x010180
[    0.284151] pci 0000:00:01.1: reg 0x20: [io  0xc000-0xc00f]
[    0.285341] pci 0000:00:01.1: legacy IDE quirk: reg 0x10: [io  0x01f0-0x01f7]
[    0.286012] pci 0000:00:01.1: legacy IDE quirk: reg 0x14: [io  0x03f6]
[    0.287011] pci 0000:00:01.1: legacy IDE quirk: reg 0x18: [io  0x0170-0x0177]
[    0.288012] pci 0000:00:01.1: legacy IDE quirk: reg 0x1c: [io  0x0376]
[    0.289143] pci 0000:00:01.3: [8086:7113] type 00 class 0x068000
[    0.290353] pci 0000:00:01.3: quirk: [io  0x0600-0x063f] claimed by PIIX4 ACPI
[    0.291018] pci 0000:00:01.3: quirk: [io  0x0700-0x070f] claimed by PIIX4 SMB
[    0.292448] ACPI: PCI: Interrupt link LNKA configured for IRQ 10
[    0.293160] ACPI: PCI: Interrupt link LNKB configured for IRQ 10
[    0.294137] ACPI: PCI: Interrupt link LNKC configured for IRQ 11
[    0.295131] ACPI: PCI: Interrupt link LNKD configured for IRQ 11
[    0.296101] ACPI: PCI: Interrupt link LNKS configured for IRQ 9
[    0.298682] iommu: Default domain type: Translated
[    0.299013] iommu: DMA domain TLB invalidation policy: lazy mode
[    0.300098] SCSI subsystem initialized
[    0.300822] ACPI: bus type USB registered
[    0.301028] usbcore: registered new interface driver usbfs
[    0.301994] usbcore: registered new interface driver hub
[    0.302035] usbcore: registered new device driver usb
[    0.302952] pps_core: LinuxPPS API ver. 1 registered
[    0.303012] pps_core: Software ver. 5.3.6 - Copyright 2005-2007 Rodolfo Giometti <giometti@linux.it>
[    0.304015] PTP clock support registered
[    0.304748] EDAC MC: Ver: 3.0.0
[    0.305205] NetLabel: Initializing
[    0.305818] NetLabel:  domain hash size = 128
[    0.306013] NetLabel:  protocols = UNLABELED CIPSOv4 CALIPSO
[    0.307025] NetLabel:  unlabeled traffic allowed by default
[    0.308014] mctp: management component transport protocol core
[    0.309012] NET: Registered PF_MCTP protocol family
[    0.309899] PCI: Using ACPI for IRQ routing
[    0.310079] vgaarb: loaded
[    0.310513] hpet0: at MMIO 0xfed00000, IRQs 2, 8, 0
[    0.311013] hpet0: 3 comparators, 64-bit 100.000000 MHz counter
[    0.317276] clocksource: Switched to clocksource kvm-clock
[    0.320340] VFS: Disk quotas dquot_6.6.0
[    0.321084] VFS: Dquot-cache hash table entries: 512 (order 0, 4096 bytes)
[    0.322336] pnp: PnP ACPI init
[    0.323080] pnp: PnP ACPI: found 5 devices
[    0.330497] clocksource: acpi_pm: mask: 0xffffff max_cycles: 0xffffff, max_idle_ns: 2085701024 ns
[    0.332150] NET: Registered PF_INET protocol family
[    0.333045] IP idents hash table entries: 8192 (order: 4, 65536 bytes, linear)
[    0.334927] tcp_listen_portaddr_hash hash table entries: 256 (order: 0, 4096 bytes, linear)
[    0.336383] Table-perturb hash table entries: 65536 (order: 6, 262144 bytes, linear)
[    0.337737] TCP established hash table entries: 4096 (order: 3, 32768 bytes, linear)
[    0.339113] TCP bind hash table entries: 4096 (order: 5, 131072 bytes, linear)
[    0.340393] TCP: Hash tables configured (established 4096 bind 4096)
[    0.341607] MPTCP token hash table entries: 512 (order: 1, 12288 bytes, linear)
[    0.342933] UDP hash table entries: 256 (order: 1, 8192 bytes, linear)
[    0.344323] UDP-Lite hash table entries: 256 (order: 1, 8192 bytes, linear)
[    0.345660] NET: Registered PF_UNIX/PF_LOCAL protocol family
[    0.346677] NET: Registered PF_XDP protocol family
[    0.347535] pci_bus 0000:00: resource 4 [io  0x0000-0x0cf7 window]
[    0.348619] pci_bus 0000:00: resource 5 [io  0x0d00-0xffff window]
[    0.349709] pci_bus 0000:00: resource 6 [mem 0x000a0000-0x000bffff window]
[    0.350932] pci_bus 0000:00: resource 7 [mem 0x20000000-0xfebfffff window]
[    0.352150] pci_bus 0000:00: resource 8 [mem 0x100000000-0x17fffffff window]
[    0.353409] pci 0000:00:01.0: PIIX3: Enabling Passive Release
[    0.354469] pci 0000:00:00.0: Limiting direct PCI/PCI transfers
[    0.355549] PCI: CLS 0 bytes, default 64
[    0.356325] Trying to unpack rootfs image as initramfs...
[    0.361044] Freeing initrd memory: 5172K
[    0.368909] Initialise system trusted keyrings
[    0.369724] Key type blacklist registered
[    0.370526] workingset: timestamp_bits=36 max_order=17 bucket_order=0
[    0.371654] zbud: loaded
[    0.374139] integrity: Platform Keyring initialized
[    0.375047] integrity: Machine keyring initialized
[    0.382589] NET: Registered PF_ALG protocol family
[    0.383475] xor: measuring software checksum speed
[    0.384750]    prefetch64-sse  : 22593 MB/sec
[    0.386012]    generic_sse     : 20444 MB/sec
[    0.386788] xor: using function: prefetch64-sse (22593 MB/sec)
[    0.387824] Key type asymmetric registered
[    0.388540] Asymmetric key parser 'x509' registered
[    0.391119] Block layer SCSI generic (bsg) driver version 0.4 loaded (major 245)
[    0.392524] io scheduler mq-deadline registered
[    0.393333] io scheduler kyber registered
[    0.394056] io scheduler bfq registered
[    0.398098] atomic64_test: passed for x86-64 platform with CX8 and with SSE
[    0.399671] shpchp: Standard Hot Plug PCI Controller Driver version: 0.4
[    0.400961] input: Power Button as /devices/LNXSYSTM:00/LNXPWRBN:00/input/input0
[    0.402409] ACPI: button: Power Button [PWRF]
[    0.405094] Serial: 8250/16550 driver, 32 ports, IRQ sharing enabled
[    0.406382] 00:03: ttyS0 at I/O 0x3f8 (irq = 4, base_baud = 115200) is a 16550A
[    0.409658] Non-volatile memory driver v1.3
[    0.410446] Linux agpgart interface v0.103
[    0.411240] ACPI: bus type drm_connector registered
[    0.418404] scsi host0: ata_piix
[    0.419156] scsi host1: ata_piix
[    0.419760] ata1: PATA max MWDMA2 cmd 0x1f0 ctl 0x3f6 bmdma 0xc000 irq 14
[    0.420968] ata2: PATA max MWDMA2 cmd 0x170 ctl 0x376 bmdma 0xc008 irq 15
[    0.422385] usbcore: registered new interface driver usbserial_generic
[    0.423731] usbserial: USB Serial support registered for generic
[    0.424832] i8042: PNP: PS/2 Controller [PNP0303:KBD,PNP0f13:MOU] at 0x60,0x64 irq 1,12
[    0.426984] serio: i8042 KBD port at 0x60,0x64 irq 1
[    0.427872] serio: i8042 AUX port at 0x60,0x64 irq 12
[    0.428818] mousedev: PS/2 mouse device common for all mice
[    0.429923] rtc_cmos 00:04: RTC can wake from S4
[    0.431167] rtc_cmos 00:04: registered as rtc0
[    0.431774] input: AT Translated Set 2 keyboard as /devices/platform/i8042/serio0/input/input1
[    0.432456] rtc_cmos 00:04: setting systemvmport: unknown command 56
 clock to 2023-08-12T16:13:56 UTC (1691856836)
[    0.434941] input: VirtualPS/2 VMware VMMouse as /devices/platform/i8042/serio1/input/input4
[    0.435755] rtc_cmos 00:04: alarms up to one day, y3k, 242 bytes nvram, hpet irqs
[    0.437690] input: VirtualPS/2 VMware VMMouse as /devices/platform/i8042/serio1/input/input3
[    0.438643] device-mapper: core: CONFIG_IMA_DISABLE_HTABLE is disabled. Duplicate IMA measurements will not be recorded in the IMA log.
[    0.442270] device-mapper: uevent: version 1.0.3
[    0.443163] device-mapper: ioctl: 4.48.0-ioctl (2023-03-01) initialised: dm-devel@redhat.com
[    0.444770] amd_pstate: the _CPC object is not present in SBIOS or ACPI disabled
[    0.446138] hid: raw HID events driver (C) Jiri Kosina
[    0.447164] usbcore: registered new interface driver usbhid
[    0.448153] usbhid: USB HID core driver
[    0.448927] drop_monitor: Initializing network drop monitor service
[    0.461924] Initializing XFRM netlink socket
[    0.462759] NET: Registered PF_INET6 protocol family
[    0.465221] Segment Routing with IPv6
[    0.465887] RPL Segment Routing with IPv6
[    0.466606] In-situ OAM (IOAM) with IPv6
[    0.467324] mip6: Mobile IPv6
[    0.467867] NET: Registered PF_PACKET protocol family
[    0.472772] IPI shorthand broadcast: enabled
[    0.473579] AVX2 version of gcm_enc/dec engaged.
[    0.475334] AES CTR mode by8 optimization enabled
[    0.477636] sched_clock: Marking stable (470001134, 6779338)->(540459890, -63679418)
[    0.479453] registered taskstats version 1
[    0.483765] Loading compiled-in X.509 certificates
[    0.491736] Loaded X.509 cert 'Build time autogenerated kernel key: fa870c72f159ee85962018f1724249c05cdc5c78'
[    0.495761] page_owner is disabled
[    0.496496] Key type .fscrypt registered
[    0.497201] Key type fscrypt-provisioning registered
[    0.498715] Btrfs loaded, zoned=yes, fsverity=yes
[    0.499561] Key type big_key registered
[    0.503422] Key type encrypted registered
[    0.504155] ima: No TPM chip found, activating TPM-bypass!
[    0.505117] Loading compiled-in module X.509 certificates
[    0.506422] Loaded X.509 cert 'Build time autogenerated kernel key: fa870c72f159ee85962018f1724249c05cdc5c78'
[    0.508150] ima: Allocated hash algorithm: sha256
[    0.508987] ima: No architecture policies found
[    0.509795] evm: Initialising EVM extended attributes:
[    0.510693] evm: security.selinux
[    0.511277] evm: security.SMACK64 (disabled)
[    0.512027] evm: security.SMACK64EXEC (disabled)
[    0.512838] evm: security.SMACK64TRANSMUTE (disabled)
[    0.513713] evm: security.SMACK64MMAP (disabled)
[    0.514527] evm: security.apparmor (disabled)
[    0.515291] evm: security.ima
[    0.515819] evm: security.capability
[    0.516444] evm: HMAC attrs: 0x1
[    0.538486] alg: No test for 842 (842-scomp)
[    0.539360] alg: No test for 842 (842-generic)
[    0.625949] PM:   Magic number: 3:778:236
[    0.630081] RAS: Correctable Errors collector initialized.
[    0.631206] clk: Disabling unused clocks
[    0.633796] Freeing unused decrypted memory: 2036K
[    0.635164] Freeing unused kernel image (initmem) memory: 2988K
[    0.636813] Write protecting the kernel read-only data: 32768k
[    0.638354] Freeing unused kernel image (rodata/data gap) memory: 1512K
[    0.677760] x86/mm: Checked W+X mappings: passed, no W+X pages found.
[    0.678773] Run /init as init process
Starting syslogd: OK
Starting klogd: OK
Running sysctl: OK
Saving 256 bits of creditable seed for next boot
Starting network: OK
Linux version 6.5.0-rc5-next-20230809-cbl (nathan@dev-arch.m3-large-x86-01) (ClangBuiltLinux clang version 12.0.1 (https://github.com/llvm/llvm-project fed41342a82f5a3a9201819a82bf7a48313e296b), ClangBuiltLinux LLD 12.0.1 (https://github.com/llvm/llvm-project fed41342a82f5a3a9201819a82bf7a48313e296b)) #1 SMP PREEMPT_DYNAMIC Sat Aug 12 16:12:45 UTC 2023
Stopping network: OK
Seeding 256 bits and crediting
Saving 256 bits of creditable seed for next boot
Stopping klogd: OK
Stopping syslogd: OK
umount: devtmpfs busy - remounted read-only
umount: can't unmount /: Invalid argument

The system is going down NOW!

Sent SIGTERM to all processes

Sent SIGKILL to all processes

Requesting system poweroff
[    2.757733] ACPI: PM: Preparing to enter system sleep state S5
[    2.758685] reboot: Power down
$ timeout --foreground 3m stdbuf -eL -oL /usr/sbin/qemu-system-x86_64 -display none -nodefaults -d unimp,guest_errors -append 'console=ttyS0 earlycon=uart8250,io,0x3f8' -kernel /home/nathan/tmp/build/cbl_lkt/linux-next/x86_64/arch/x86/boot/bzImage -initrd /home/nathan/cbl/llvm-kernel-testing/src/boot-utils/images/x86_64/rootfs.cpio -cpu host -enable-kvm -m 512m -smp 64 -serial mon:stdio
