/home/nathan/cbl/src/linux-next/net/ipv4/tcp_output.c:186:3: warning: result of comparison of constant -1 with expression of type 'u8' (aka 'unsigned char') is always false [-Wtautological-constant-out-of-range-compare]
                NET_ADD_STATS(sock_net(sk), LINUX_MIB_TCPACKCOMPRESSED,
                ^~~~~~~~~~~~~~~~~~~~~~~~~~~~~~~~~~~~~~~~~~~~~~~~~~~~~~~
/home/nathan/cbl/src/linux-next/include/net/ip.h:301:41: note: expanded from macro 'NET_ADD_STATS'
#define NET_ADD_STATS(net, field, adnd) SNMP_ADD_STATS((net)->mib.net_statistics, field, adnd)
                                        ^~~~~~~~~~~~~~~~~~~~~~~~~~~~~~~~~~~~~~~~~~~~~~~~~~~~~~
/home/nathan/cbl/src/linux-next/include/net/snmp.h:143:4: note: expanded from macro 'SNMP_ADD_STATS'
                        this_cpu_add(mib->mibs[field], addend)
                        ^~~~~~~~~~~~~~~~~~~~~~~~~~~~~~~~~~~~~~
/home/nathan/cbl/src/linux-next/include/linux/percpu-defs.h:491:33: note: expanded from macro 'this_cpu_add'
#define this_cpu_add(pcp, val)          __pcpu_size_call(this_cpu_add_, pcp, val)
                                        ^~~~~~~~~~~~~~~~~~~~~~~~~~~~~~~~~~~~~~~~~
note: (skipping 1 expansions in backtrace; use -fmacro-backtrace-limit=0 to see all)
<scratch space>:169:1: note: expanded from here
this_cpu_add_8
^
/home/nathan/cbl/src/linux-next/arch/x86/include/asm/percpu.h:370:35: note: expanded from macro 'this_cpu_add_8'
#define this_cpu_add_8(pcp, val)                percpu_add_op(8, volatile, (pcp), val)
                                                ^~~~~~~~~~~~~~~~~~~~~~~~~~~~~~~~~~~~~~
/home/nathan/cbl/src/linux-next/arch/x86/include/asm/percpu.h:127:31: note: expanded from macro 'percpu_add_op'
                              ((val) == 1 || (val) == -1)) ?            \
                                             ~~~~~ ^  ~~
1 warning generated.
/home/nathan/cbl/src/linux-next/drivers/block/rbd.c:6149:17: warning: result of comparison of constant 2305843009213693948 with expression of type 'u32' (aka 'unsigned int') is always false [-Wtautological-constant-out-of-range-compare]
        if (snap_count > (SIZE_MAX - sizeof (struct ceph_snap_context))
            ~~~~~~~~~~ ^ ~~~~~~~~~~~~~~~~~~~~~~~~~~~~~~~~~~~~~~~~~~~~~~
1 warning generated.
/home/nathan/cbl/src/linux-next/net/ceph/osdmap.c:1441:10: warning: result of comparison of constant 4611686018427387891 with expression of type 'u32' (aka 'unsigned int') is always false [-Wtautological-constant-out-of-range-compare]
        if (len > (SIZE_MAX - sizeof(*pg)) / sizeof(u32))
            ~~~ ^ ~~~~~~~~~~~~~~~~~~~~~~~~~~~~~~~~~~~~~~
/home/nathan/cbl/src/linux-next/net/ceph/osdmap.c:1624:10: warning: result of comparison of constant 2305843009213693945 with expression of type 'u32' (aka 'unsigned int') is always false [-Wtautological-constant-out-of-range-compare]
        if (len > (SIZE_MAX - sizeof(*pg)) / (2 * sizeof(u32)))
            ~~~ ^ ~~~~~~~~~~~~~~~~~~~~~~~~~~~~~~~~~~~~~~~~~~~~
2 warnings generated.
/home/nathan/cbl/src/linux-next/drivers/md/dm-integrity.c:4159:12: warning: result of comparison of constant 17179869180 with expression of type 'unsigned int' is always false [-Wtautological-constant-out-of-range-compare]
                        if (val >= (uint64_t)UINT_MAX * 1000 / HZ) {
                            ~~~ ^  ~~~~~~~~~~~~~~~~~~~~~~~~~~~~~~
1 warning generated.
/home/nathan/cbl/src/linux-next/fs/ceph/snap.c:372:10: warning: result of comparison of constant 2305843009213693948 with expression of type 'u32' (aka 'unsigned int') is always false [-Wtautological-constant-out-of-range-compare]
        if (num > (SIZE_MAX - sizeof(*snapc)) / sizeof(u64))
            ~~~ ^ ~~~~~~~~~~~~~~~~~~~~~~~~~~~~~~~~~~~~~~~~~
1 warning generated.
drivers/infiniband/hw/hfi1/platform.o: warning: objtool: tune_serdes() falls through to next function apply_tx_lanes()

[01;32mQEMU location: [0m/usr/sbin[0m

[01;32mQEMU version: [0mQEMU emulator version 8.0.3[0m
[    0.000000] Linux version 6.5.0-rc5-next-20230809-cbl (nathan@dev-arch.m3-large-x86-01) (ClangBuiltLinux clang version 12.0.1 (https://github.com/llvm/llvm-project fed41342a82f5a3a9201819a82bf7a48313e296b), ClangBuiltLinux LLD 12.0.1 (https://github.com/llvm/llvm-project fed41342a82f5a3a9201819a82bf7a48313e296b)) #1 SMP PREEMPT_DYNAMIC Sat Aug 12 16:07:05 UTC 2023
[    0.000000] Command line: console=ttyS0 earlycon=uart8250,io,0x3f8
[    0.000000] BIOS-provided physical RAM map:
[    0.000000] BIOS-e820: [mem 0x0000000000000000-0x000000000009fbff] usable
[    0.000000] BIOS-e820: [mem 0x000000000009fc00-0x000000000009ffff] reserved
[    0.000000] BIOS-e820: [mem 0x00000000000f0000-0x00000000000fffff] reserved
[    0.000000] BIOS-e820: [mem 0x0000000000100000-0x000000001ffdffff] usable
[    0.000000] BIOS-e820: [mem 0x000000001ffe0000-0x000000001fffffff] reserved
[    0.000000] BIOS-e820: [mem 0x00000000feffc000-0x00000000feffffff] reserved
[    0.000000] BIOS-e820: [mem 0x00000000fffc0000-0x00000000ffffffff] reserved
[    0.000000] BIOS-e820: [mem 0x000000fd00000000-0x000000ffffffffff] reserved
[    0.000000] earlycon: uart8250 at I/O port 0x3f8 (options '')
[    0.000000] printk: bootconsole [uart8250] enabled
[    0.000000] NX (Execute Disable) protection: active
[    0.000000] SMBIOS 2.8 present.
[    0.000000] DMI: QEMU Standard PC (i440FX + PIIX, 1996), BIOS Arch Linux 1.16.2-1-1 04/01/2014
[    0.000000] Hypervisor detected: KVM
[    0.000000] kvm-clock: Using msrs 4b564d01 and 4b564d00
[    0.000000] kvm-clock: using sched offset of 978134765 cycles
[    0.000472] clocksource: kvm-clock: mask: 0xffffffffffffffff max_cycles: 0x1cd42e4dffb, max_idle_ns: 881590591483 ns
[    0.001974] tsc: Detected 2495.312 MHz processor
[    0.002512] last_pfn = 0x1ffe0 max_arch_pfn = 0x400000000
[    0.003030] MTRR map: 4 entries (3 fixed + 1 variable; max 19), built from 8 variable MTRRs
[    0.003777] x86/PAT: Configuration [0-7]: WB  WC  UC- UC  WB  WP  UC- WT  
[    0.007096] found SMP MP-table at [mem 0x000f6e60-0x000f6e6f]
[    0.007662] Using GB pages for direct mapping
[    0.008171] RAMDISK: [mem 0x1fad3000-0x1ffdffff]
[    0.008641] ACPI: Early table checksum verification disabled
[    0.009157] ACPI: RSDP 0x00000000000F6C90 000014 (v00 BOCHS )
[    0.009671] ACPI: RSDT 0x000000001FFE31D1 000034 (v01 BOCHS  BXPC     00000001 BXPC 00000001)
[    0.010445] ACPI: FACP 0x000000001FFE2E8D 000074 (v01 BOCHS  BXPC     00000001 BXPC 00000001)
[    0.011219] ACPI: DSDT 0x000000001FFE0040 002E4D (v01 BOCHS  BXPC     00000001 BXPC 00000001)
[    0.011980] ACPI: FACS 0x000000001FFE0000 000040
[    0.012406] ACPI: APIC 0x000000001FFE2F01 000270 (v01 BOCHS  BXPC     00000001 BXPC 00000001)
[    0.013179] ACPI: HPET 0x000000001FFE3171 000038 (v01 BOCHS  BXPC     00000001 BXPC 00000001)
[    0.013947] ACPI: WAET 0x000000001FFE31A9 000028 (v01 BOCHS  BXPC     00000001 BXPC 00000001)
[    0.014759] ACPI: Reserving FACP table memory at [mem 0x1ffe2e8d-0x1ffe2f00]
[    0.015434] ACPI: Reserving DSDT table memory at [mem 0x1ffe0040-0x1ffe2e8c]
[    0.016067] ACPI: Reserving FACS table memory at [mem 0x1ffe0000-0x1ffe003f]
[    0.016698] ACPI: Reserving APIC table memory at [mem 0x1ffe2f01-0x1ffe3170]
[    0.017335] ACPI: Reserving HPET table memory at [mem 0x1ffe3171-0x1ffe31a8]
[    0.017959] ACPI: Reserving WAET table memory at [mem 0x1ffe31a9-0x1ffe31d0]
[    0.018844] No NUMA configuration found
[    0.019193] Faking a node at [mem 0x0000000000000000-0x000000001ffdffff]
[    0.019801] NODE_DATA(0) allocated [mem 0x1faa8000-0x1fad2fff]
[    0.020546] Zone ranges:
[    0.020773]   DMA      [mem 0x0000000000001000-0x0000000000ffffff]
[    0.021376]   DMA32    [mem 0x0000000001000000-0x000000001ffdffff]
[    0.021932]   Normal   empty
[    0.022194]   Device   empty
[    0.022453] Movable zone start for each node
[    0.022836] Early memory node ranges
[    0.023167]   node   0: [mem 0x0000000000001000-0x000000000009efff]
[    0.023727]   node   0: [mem 0x0000000000100000-0x000000001ffdffff]
[    0.024291] Initmem setup node 0 [mem 0x0000000000001000-0x000000001ffdffff]
[    0.025129] On node 0, zone DMA: 1 pages in unavailable ranges
[    0.025158] On node 0, zone DMA: 97 pages in unavailable ranges
[    0.026592] On node 0, zone DMA32: 32 pages in unavailable ranges
[    0.027391] ACPI: PM-Timer IO Port: 0x608
[    0.028309] ACPI: LAPIC_NMI (acpi_id[0xff] dfl dfl lint[0x1])
[    0.028844] IOAPIC[0]: apic_id 0, version 17, address 0xfec00000, GSI 0-23
[    0.029466] ACPI: INT_SRC_OVR (bus 0 bus_irq 0 global_irq 2 dfl dfl)
[    0.030053] ACPI: INT_SRC_OVR (bus 0 bus_irq 5 global_irq 5 high level)
[    0.030686] ACPI: INT_SRC_OVR (bus 0 bus_irq 9 global_irq 9 high level)
[    0.031325] ACPI: INT_SRC_OVR (bus 0 bus_irq 10 global_irq 10 high level)
[    0.031932] ACPI: INT_SRC_OVR (bus 0 bus_irq 11 global_irq 11 high level)
[    0.032554] ACPI: Using ACPI (MADT) for SMP configuration information
[    0.033140] ACPI: HPET id: 0x8086a201 base: 0xfed00000
[    0.033606] TSC deadline timer available
[    0.033959] smpboot: Allowing 64 CPUs, 0 hotplug CPUs
[    0.034440] kvm-guest: KVM setup pv remote TLB flush
[    0.034890] kvm-guest: setup PV sched yield
[    0.035277] PM: hibernation: Registered nosave memory: [mem 0x00000000-0x00000fff]
[    0.035957] PM: hibernation: Registered nosave memory: [mem 0x0009f000-0x0009ffff]
[    0.036649] PM: hibernation: Registered nosave memory: [mem 0x000a0000-0x000effff]
[    0.037337] PM: hibernation: Registered nosave memory: [mem 0x000f0000-0x000fffff]
[    0.038025] [mem 0x20000000-0xfeffbfff] available for PCI devices
[    0.038622] Booting paravirtualized kernel on KVM
[    0.039043] clocksource: refined-jiffies: mask: 0xffffffff max_cycles: 0xffffffff, max_idle_ns: 7645519600211568 ns
[    0.044969] setup_percpu: NR_CPUS:8192 nr_cpumask_bits:64 nr_cpu_ids:64 nr_node_ids:1
[    0.048581] percpu: Embedded 62 pages/cpu s217088 r8192 d28672 u262144
[    0.049301] kvm-guest: PV spinlocks enabled
[    0.049689] PV qspinlock hash table entries: 256 (order: 0, 4096 bytes, linear)
[    0.050423] Kernel command line: console=ttyS0 earlycon=uart8250,io,0x3f8
[    0.051097] random: crng init done
[    0.051458] printk: log_buf_len individual max cpu contribution: 4096 bytes
[    0.052100] printk: log_buf_len total cpu_extra contributions: 258048 bytes
[    0.052739] printk: log_buf_len min size: 131072 bytes
[    0.053623] printk: log_buf_len: 524288 bytes
[    0.054023] printk: early log buf free: 124552(95%)
[    0.054644] Dentry cache hash table entries: 65536 (order: 7, 524288 bytes, linear)
[    0.055371] Inode-cache hash table entries: 32768 (order: 6, 262144 bytes, linear)
[    0.056521] Fallback order for Node 0: 0 
[    0.056533] Built 1 zonelists, mobility grouping on.  Total pages: 128736
[    0.057571] Policy zone: DMA32
[    0.057854] mem auto-init: stack:all(zero), heap alloc:on, heap free:off
[    0.059439] Memory: 260860K/523768K available (14336K kernel code, 2292K rwdata, 9272K rodata, 2748K init, 4972K bss, 72684K reserved, 0K cma-reserved)
[    0.060982] SLUB: HWalign=64, Order=0-3, MinObjects=0, CPUs=64, Nodes=1
[    0.061626] ftrace: allocating 41205 entries in 161 pages
[    0.062332] ftrace: allocated 161 pages with 3 groups
[    0.063588] Dynamic Preempt: voluntary
[    0.064263] rcu: Preemptible hierarchical RCU implementation.
[    0.064787] rcu: 	RCU restricting CPUs from NR_CPUS=8192 to nr_cpu_ids=64.
[    0.065419] 	Trampoline variant of Tasks RCU enabled.
[    0.065878] 	Rude variant of Tasks RCU enabled.
[    0.066296] 	Tracing variant of Tasks RCU enabled.
[    0.066729] rcu: RCU calculated value of scheduler-enlistment delay is 25 jiffies.
[    0.067423] rcu: Adjusting geometry for rcu_fanout_leaf=16, nr_cpu_ids=64
[    0.070726] NR_IRQS: 524544, nr_irqs: 936, preallocated irqs: 16
[    0.071498] rcu: srcu_init: Setting srcu_struct sizes based on contention.
[    0.072293] Console: colour *CGA 80x25
[    0.072652] printk: console [ttyS0] enabled
[    0.072652] printk: console [ttyS0] enabled
[    0.073457] printk: bootconsole [uart8250] disabled
[    0.073457] printk: bootconsole [uart8250] disabled
[    0.074385] ACPI: Core revision 20230628
[    0.074856] clocksource: hpet: mask: 0xffffffff max_cycles: 0xffffffff, max_idle_ns: 19112604467 ns
[    0.075768] APIC: Switch to symmetric I/O mode setup
[    0.076477] x2apic enabled
[    0.076917] Switched APIC routing to physical x2apic.
[    0.077390] kvm-guest: setup PV IPIs
[    0.078707] ..TIMER: vector=0x30 apic1=0 pin1=2 apic2=-1 pin2=-1
[    0.079745] tsc: Marking TSC unstable due to TSCs unsynchronized
[    0.080826] Calibrating delay loop (skipped) preset value.. 4990.62 BogoMIPS (lpj=9981248)
[    0.082376] x86/cpu: User Mode Instruction Prevention (UMIP) activated
[    0.083583] Last level iTLB entries: 4KB 512, 2MB 255, 4MB 127
[    0.084825] Last level dTLB entries: 4KB 512, 2MB 255, 4MB 127, 1GB 0
[    0.085950] Spectre V1 : Mitigation: usercopy/swapgs barriers and __user pointer sanitization
[    0.087389] Spectre V2 : Mitigation: Retpolines
[    0.088825] Spectre V2 : Spectre v2 / SpectreRSB mitigation: Filling RSB on context switch
[    0.090252] Spectre V2 : Spectre v2 / SpectreRSB : Filling RSB on VMEXIT
[    0.091431] Spectre V2 : Enabling Speculation Barrier for firmware calls
[    0.092825] RETBleed: Mitigation: IBPB
[    0.093463] Spectre V2 : mitigation: Enabling conditional Indirect Branch Prediction Barrier
[    0.094876] Speculative Store Bypass: Mitigation: Speculative Store Bypass disabled via prctl
[    0.096357] Speculative Return Stack Overflow: Retbleed IBPB mitigation enabled, using same for SRSO
[    0.096840] x86/fpu: Supporting XSAVE feature 0x001: 'x87 floating point registers'
[    0.098127] x86/fpu: Supporting XSAVE feature 0x002: 'SSE registers'
[    0.099202] x86/fpu: Supporting XSAVE feature 0x004: 'AVX registers'
[    0.100825] x86/fpu: xstate_offset[2]:  576, xstate_sizes[2]:  256
[    0.101900] x86/fpu: Enabled xstate features 0x7, context size is 832 bytes, using 'compacted' format.
[    0.107489] Freeing SMP alternatives memory: 40K
[    0.108268] pid_max: default: 65536 minimum: 512
[    0.108882] LSM: initializing lsm=lockdown,capability,landlock,yama,apparmor,tomoyo,bpf,integrity
[    0.110407] landlock: Up and running.
[    0.111008] Yama: becoming mindful.
[    0.111603] AppArmor: AppArmor initialized
[    0.112291] TOMOYO Linux initialized
[    0.112830] LSM support for eBPF active
[    0.113494] Mount-cache hash table entries: 1024 (order: 1, 8192 bytes, linear)
[    0.114727] Mountpoint-cache hash table entries: 1024 (order: 1, 8192 bytes, linear)
[    0.116366] smpboot: CPU0: AMD EPYC 7502P 32-Core Processor (family: 0x17, model: 0x31, stepping: 0x0)
[    0.116824] RCU Tasks: Setting shift to 6 and lim to 1 rcu_task_cb_adjust=1.
[    0.116824] RCU Tasks Rude: Setting shift to 6 and lim to 1 rcu_task_cb_adjust=1.
[    0.116849] RCU Tasks Trace: Setting shift to 6 and lim to 1 rcu_task_cb_adjust=1.
[    0.118146] Performance Events: Fam17h+ core perfctr, AMD PMU driver.
[    0.119254] ... version:                0
[    0.119934] ... bit width:              48
[    0.120625] ... generic registers:      6
[    0.120827] ... value mask:             0000ffffffffffff
[    0.121713] ... max period:             00007fffffffffff
[    0.122633] ... fixed-purpose events:   0
[    0.123300] ... event mask:             000000000000003f
[    0.124340] signal: max sigframe size: 1776
[    0.124854] rcu: Hierarchical SRCU implementation.
[    0.125653] rcu: 	Max phase no-delay instances is 1000.
[    0.127249] smp: Bringing up secondary CPUs ...
[    0.128137] smpboot: x86: Booting SMP configuration:
[    0.128829] .... node  #0, CPUs:        #1  #2  #3  #4  #5  #6  #7  #8  #9 #10 #11 #12 #13 #14 #15 #16 #17 #18 #19 #20 #21 #22 #23 #24 #25 #26 #27 #28 #29 #30 #31 #32 #33 #34 #35 #36 #37 #38 #39 #40 #41 #42 #43 #44 #45 #46 #47 #48 #49 #50 #51 #52 #53 #54 #55 #56 #57 #58 #59 #60 #61 #62 #63
[    0.176931] smp: Brought up 1 node, 64 CPUs
[    0.181520] smpboot: Max logical packages: 1
[    0.182229] smpboot: Total of 64 processors activated (319399.93 BogoMIPS)
[    0.194120] node 0 deferred pages initialised in 0ms
[    0.194184] devtmpfs: initialized
[    0.194184] x86/mm: Memory block size: 128MB
[    0.197045] clocksource: jiffies: mask: 0xffffffff max_cycles: 0xffffffff, max_idle_ns: 7645041785100000 ns
[    0.198583] futex hash table entries: 16384 (order: 8, 1048576 bytes, linear)
[    0.199886] pinctrl core: initialized pinctrl subsystem
[    0.201996] NET: Registered PF_NETLINK/PF_ROUTE protocol family
[    0.203102] DMA: preallocated 128 KiB GFP_KERNEL pool for atomic allocations
[    0.204355] DMA: preallocated 128 KiB GFP_KERNEL|GFP_DMA pool for atomic allocations
[    0.204833] DMA: preallocated 128 KiB GFP_KERNEL|GFP_DMA32 pool for atomic allocations
[    0.206186] audit: initializing netlink subsys (disabled)
[    0.207197] audit: type=2000 audit(1691856487.851:1): state=initialized audit_enabled=0 res=1
[    0.207197] thermal_sys: Registered thermal governor 'fair_share'
[    0.208840] thermal_sys: Registered thermal governor 'bang_bang'
[    0.209899] thermal_sys: Registered thermal governor 'step_wise'
[    0.210910] thermal_sys: Registered thermal governor 'user_space'
[    0.211958] thermal_sys: Registered thermal governor 'power_allocator'
[    0.212881] cpuidle: using governor ladder
[    0.214612] cpuidle: using governor menu
[    0.217080] acpiphp: ACPI Hot Plug PCI Controller Driver version: 0.5
[    0.218299] PCI: Using configuration type 1 for base access
[    0.219262] PCI: Using configuration type 1 for extended access
[    0.222199] kprobes: kprobe jump-optimization is enabled. All kprobes are optimized if possible.
[    0.226449] HugeTLB: registered 1.00 GiB page size, pre-allocated 0 pages
[    0.226449] HugeTLB: 16380 KiB vmemmap can be freed for a 1.00 GiB page
[    0.228828] HugeTLB: registered 2.00 MiB page size, pre-allocated 0 pages
[    0.229956] HugeTLB: 28 KiB vmemmap can be freed for a 2.00 MiB page
[    0.232935] ACPI: Added _OSI(Module Device)
[    0.233653] ACPI: Added _OSI(Processor Device)
[    0.233653] ACPI: Added _OSI(3.0 _SCP Extensions)
[    0.233653] ACPI: Added _OSI(Processor Aggregator Device)
[    0.235346] ACPI: 1 ACPI AML tables successfully acquired and loaded
[    0.240627] ACPI: _OSC evaluation for CPUs failed, trying _PDC
[    0.241061] ACPI: Interpreter enabled
[    0.241696] ACPI: PM: (supports S0 S3 S4 S5)
[    0.242456] ACPI: Using IOAPIC for interrupt routing
[    0.243305] PCI: Using host bridge windows from ACPI; if necessary, use "pci=nocrs" and report a bug
[    0.244827] PCI: Using E820 reservations for host bridge windows
[    0.246000] ACPI: Enabled 2 GPEs in block 00 to 0F
[    0.250468] ACPI: PCI Root Bridge [PCI0] (domain 0000 [bus 00-ff])
[    0.251539] acpi PNP0A03:00: _OSC: OS supports [ExtendedConfig ASPM ClockPM Segments MSI HPX-Type3]
[    0.253100] acpiphp: Slot [2] registered
[    0.253769] acpiphp: Slot [3] registered
[    0.254468] acpiphp: Slot [4] registered
[    0.255142] acpiphp: Slot [5] registered
[    0.255813] acpiphp: Slot [6] registered
[    0.256478] acpiphp: Slot [7] registered
[    0.256840] acpiphp: Slot [8] registered
[    0.257520] acpiphp: Slot [9] registered
[    0.258216] acpiphp: Slot [10] registered
[    0.258891] acpiphp: Slot [11] registered
[    0.259568] acpiphp: Slot [12] registered
[    0.260299] acpiphp: Slot [13] registered
[    0.260843] acpiphp: Slot [14] registered
[    0.261572] acpiphp: Slot [15] registered
[    0.262248] acpiphp: Slot [16] registered
[    0.262924] acpiphp: Slot [17] registered
[    0.263599] acpiphp: Slot [18] registered
[    0.264323] acpiphp: Slot [19] registered
[    0.264840] acpiphp: Slot [20] registered
[    0.265559] acpiphp: Slot [21] registered
[    0.266241] acpiphp: Slot [22] registered
[    0.266911] acpiphp: Slot [23] registered
[    0.267589] acpiphp: Slot [24] registered
[    0.268264] acpiphp: Slot [25] registered
[    0.268838] acpiphp: Slot [26] registered
[    0.269558] acpiphp: Slot [27] registered
[    0.270235] acpiphp: Slot [28] registered
[    0.270918] acpiphp: Slot [29] registered
[    0.271597] acpiphp: Slot [30] registered
[    0.272275] acpiphp: Slot [31] registered
[    0.272835] PCI host bridge to bus 0000:00
[    0.273583] pci_bus 0000:00: root bus resource [io  0x0000-0x0cf7 window]
[    0.274707] pci_bus 0000:00: root bus resource [io  0x0d00-0xffff window]
[    0.275893] pci_bus 0000:00: root bus resource [mem 0x000a0000-0x000bffff window]
[    0.276827] pci_bus 0000:00: root bus resource [mem 0x20000000-0xfebfffff window]
[    0.278064] pci_bus 0000:00: root bus resource [mem 0x100000000-0x17fffffff window]
[    0.279326] pci_bus 0000:00: root bus resource [bus 00-ff]
[    0.280381] pci 0000:00:00.0: [8086:1237] type 00 class 0x060000
[    0.281175] pci 0000:00:01.0: [8086:7000] type 00 class 0x060100
[    0.282622] pci 0000:00:01.1: [8086:7010] type 00 class 0x010180
[    0.284969] pci 0000:00:01.1: reg 0x20: [io  0xc000-0xc00f]
[    0.286479] pci 0000:00:01.1: legacy IDE quirk: reg 0x10: [io  0x01f0-0x01f7]
[    0.288006] pci 0000:00:01.1: legacy IDE quirk: reg 0x14: [io  0x03f6]
[    0.288827] pci 0000:00:01.1: legacy IDE quirk: reg 0x18: [io  0x0170-0x0177]
[    0.290050] pci 0000:00:01.1: legacy IDE quirk: reg 0x1c: [io  0x0376]
[    0.291303] pci 0000:00:01.3: [8086:7113] type 00 class 0x068000
[    0.292729] pci 0000:00:01.3: quirk: [io  0x0600-0x063f] claimed by PIIX4 ACPI
[    0.292833] pci 0000:00:01.3: quirk: [io  0x0700-0x070f] claimed by PIIX4 SMB
[    0.294508] ACPI: PCI: Interrupt link LNKA configured for IRQ 10
[    0.295768] ACPI: PCI: Interrupt link LNKB configured for IRQ 10
[    0.296863] ACPI: PCI: Interrupt link LNKC configured for IRQ 11
[    0.297981] ACPI: PCI: Interrupt link LNKD configured for IRQ 11
[    0.299105] ACPI: PCI: Interrupt link LNKS configured for IRQ 9
[    0.301779] iommu: Default domain type: Translated
[    0.301779] iommu: DMA domain TLB invalidation policy: lazy mode
[    0.302746] pps_core: LinuxPPS API ver. 1 registered
[    0.303574] pps_core: Software ver. 5.3.6 - Copyright 2005-2007 Rodolfo Giometti <giometti@linux.it>
[    0.304833] PTP clock support registered
[    0.305529] EDAC MC: Ver: 3.0.0
[    0.306127] NetLabel: Initializing
[    0.306127] NetLabel:  domain hash size = 128
[    0.306277] NetLabel:  protocols = UNLABELED CIPSOv4 CALIPSO
[    0.307231] NetLabel:  unlabeled traffic allowed by default
[    0.308828] PCI: Using ACPI for IRQ routing
[    0.309608] vgaarb: loaded
[    0.309608] hpet0: at MMIO 0xfed00000, IRQs 2, 8, 0
[    0.310204] hpet0: 3 comparators, 64-bit 100.000000 MHz counter
[    0.319065] clocksource: Switched to clocksource kvm-clock
[    0.319930] VFS: Disk quotas dquot_6.6.0
[    0.320627] VFS: Dquot-cache hash table entries: 512 (order 0, 4096 bytes)
[    0.321914] AppArmor: AppArmor Filesystem Enabled
[    0.322714] pnp: PnP ACPI init
[    0.323429] pnp: PnP ACPI: found 5 devices
[    0.330981] clocksource: acpi_pm: mask: 0xffffff max_cycles: 0xffffff, max_idle_ns: 2085701024 ns
[    0.332558] NET: Registered PF_INET protocol family
[    0.333424] IP idents hash table entries: 8192 (order: 4, 65536 bytes, linear)
[    0.335014] tcp_listen_portaddr_hash hash table entries: 256 (order: 0, 4096 bytes, linear)
[    0.336424] Table-perturb hash table entries: 65536 (order: 6, 262144 bytes, linear)
[    0.337803] TCP established hash table entries: 4096 (order: 3, 32768 bytes, linear)
[    0.339258] TCP bind hash table entries: 4096 (order: 5, 131072 bytes, linear)
[    0.340513] TCP: Hash tables configured (established 4096 bind 4096)
[    0.341732] MPTCP token hash table entries: 512 (order: 1, 12288 bytes, linear)
[    0.342956] UDP hash table entries: 256 (order: 1, 8192 bytes, linear)
[    0.344045] UDP-Lite hash table entries: 256 (order: 1, 8192 bytes, linear)
[    0.345287] NET: Registered PF_UNIX/PF_LOCAL protocol family
[    0.346241] NET: Registered PF_XDP protocol family
[    0.347054] pci_bus 0000:00: resource 4 [io  0x0000-0x0cf7 window]
[    0.348087] pci_bus 0000:00: resource 5 [io  0x0d00-0xffff window]
[    0.349162] pci_bus 0000:00: resource 6 [mem 0x000a0000-0x000bffff window]
[    0.350295] pci_bus 0000:00: resource 7 [mem 0x20000000-0xfebfffff window]
[    0.351424] pci_bus 0000:00: resource 8 [mem 0x100000000-0x17fffffff window]
[    0.352677] pci 0000:00:01.0: PIIX3: Enabling Passive Release
[    0.353665] pci 0000:00:00.0: Limiting direct PCI/PCI transfers
[    0.354678] PCI: CLS 0 bytes, default 64
[    0.355423] Trying to unpack rootfs image as initramfs...
[    0.356085] Initialise system trusted keyrings
[    0.357133] Key type blacklist registered
[    0.357883] workingset: timestamp_bits=36 max_order=17 bucket_order=0
[    0.358974] zbud: loaded
[    0.360031] integrity: Platform Keyring initialized
[    0.360422] Freeing initrd memory: 5172K
[    0.360932] integrity: Machine keyring initialized
[    0.360933] Key type asymmetric registered
[    0.363116] Asymmetric key parser 'x509' registered
[    0.366594] Block layer SCSI generic (bsg) driver version 0.4 loaded (major 247)
[    0.367949] io scheduler mq-deadline registered
[    0.370700] shpchp: Standard Hot Plug PCI Controller Driver version: 0.4
[    0.373618] Serial: 8250/16550 driver, 4 ports, IRQ sharing enabled
[    0.374979] 00:03: ttyS0 at I/O 0x3f8 (irq = 4, base_baud = 115200) is a 16550A
[    0.376612] Linux agpgart interface v0.103
[    0.377372] AMD-Vi: AMD IOMMUv2 functionality not available on this system - This is not a bug.
[    0.386746] i8042: PNP: PS/2 Controller [PNP0303:KBD,PNP0f13:MOU] at 0x60,0x64 irq 1,12
[    0.388951] serio: i8042 KBD port at 0x60,0x64 irq 1
[    0.389828] serio: i8042 AUX port at 0x60,0x64 irq 12
[    0.390778] mousedev: PS/2 mouse device common for all mice
[    0.391742] rtc_cmos 00:04: RTC can wake from S4
[    0.393186] input: AT Translated Set 2 keyboard as /devices/platform/i8042/serio0/input/input0
[    0.394863] rtc_cmos 00:04: registered as rtc0
[    0.395665] rtc_cmos 00:04: setting system clock to 2023-08-12T16:08:07 UTC (1691856487)
[    0.397078] rtc_cmos 00:04: alarms up to one day, y3k, 242 bytes nvram, hpet irqs
[    0.398304] amd_pstate: the _CPC object is not present in SBIOS or ACPI disabled
[    0.400894] ledtrig-cpu: registered to indicate activity on CPUs
[    0.411278] NET: Registered PF_INET6 protocol family
[    0.414708] Segment Routing with IPv6
[    0.415336] In-situ OAM (IOAM) with IPv6
[    0.416001] mip6: Mobile IPv6
[    0.416492] NET: Registered PF_PACKET protocol family
[    0.417480] mpls_gso: MPLS GSO support
[    0.422171] IPI shorthand broadcast: enabled
[    0.423758] sched_clock: Marking stable (421450255, 689605)->(446323025, -24183165)
[    0.425447] registered taskstats version 1
[    0.426582] Loading compiled-in X.509 certificates
[    0.439441] Loaded X.509 cert 'Build time autogenerated kernel key: 95fc227dfaf2c117dc0b752e4e86d6ecf2881a67'
[    0.442445] Key type .fscrypt registered
[    0.443108] Key type fscrypt-provisioning registered
[    0.445783] Key type encrypted registered
[    0.446465] AppArmor: AppArmor sha1 policy hashing enabled
[    0.447380] ima: No TPM chip found, activating TPM-bypass!
[    0.448296] ima: Allocated hash algorithm: sha256
[    0.449099] ima: No architecture policies found
[    0.449865] evm: Initialising EVM extended attributes:
[    0.450706] evm: security.selinux
[    0.451254] evm: security.SMACK64 (disabled)
[    0.451998] evm: security.SMACK64EXEC (disabled)
[    0.452769] evm: security.SMACK64TRANSMUTE (disabled)
[    0.453633] evm: security.SMACK64MMAP (disabled)
[    0.454442] evm: security.apparmor
[    0.455041] evm: security.ima
[    0.455531] evm: security.capability
[    0.456170] evm: HMAC attrs: 0x1
[    0.530220] clk: Disabling unused clocks
[    0.533727] Freeing unused decrypted memory: 2036K
[    0.535068] Freeing unused kernel image (initmem) memory: 2748K
[    0.552726] Write protecting the kernel read-only data: 24576k
[    0.554250] Freeing unused kernel image (rodata/data gap) memory: 968K
[    0.593386] x86/mm: Checked W+X mappings: passed, no W+X pages found.
[    0.594291] Run /init as init process
[    0.597015] Not activating Mandatory Access Control as /sbin/tomoyo-init does not exist.
Starting syslogd: OK
Starting klogd: OK
Running sysctl: OK
Saving 256 bits of creditable seed for next boot
Starting network: OK
Linux version 6.5.0-rc5-next-20230809-cbl (nathan@dev-arch.m3-large-x86-01) (ClangBuiltLinux clang version 12.0.1 (https://github.com/llvm/llvm-project fed41342a82f5a3a9201819a82bf7a48313e296b), ClangBuiltLinux LLD 12.0.1 (https://github.com/llvm/llvm-project fed41342a82f5a3a9201819a82bf7a48313e296b)) #1 SMP PREEMPT_DYNAMIC Sat Aug 12 16:07:05 UTC 2023
Stopping network: OK
Seeding 256 bits and crediting
Saving 256 bits of creditable seed for next boot
Stopping klogd: OK
Stopping syslogd: OK
umount: devtmpfs busy - remounted read-only
umount: can't unmount /: Invalid argument

The system is going down NOW!

Sent SIGTERM to all processes

Sent SIGKILL to all processes

Requesting system poweroff
[    2.677776] ACPI: PM: Preparing to enter system sleep state S5
[    2.678725] reboot: Power down
$ timeout --foreground 3m stdbuf -eL -oL /usr/sbin/qemu-system-x86_64 -display none -nodefaults -d unimp,guest_errors -append 'console=ttyS0 earlycon=uart8250,io,0x3f8' -kernel /home/nathan/tmp/build/cbl_lkt/linux-next/x86_64/arch/x86/boot/bzImage -initrd /home/nathan/cbl/llvm-kernel-testing/src/boot-utils/images/x86_64/rootfs.cpio -cpu host -enable-kvm -m 512m -smp 64 -serial mon:stdio
