/home/nathan/cbl/src/linux-next/arch/arm/mach-omap2/omap_hwmod.c:1723:3: warning: result of comparison of constant 2000 with expression of type 'u8' (aka 'unsigned char') is always false [-Wtautological-constant-out-of-range-compare]
                udelay(oh->class->sysc->srst_udelay);
                ^~~~~~~~~~~~~~~~~~~~~~~~~~~~~~~~~~~~
/home/nathan/cbl/src/linux-next/arch/arm/include/asm/delay.h:84:9: note: expanded from macro 'udelay'
          ((n) > (MAX_UDELAY_MS * 1000) ? __bad_udelay() :              \
           ~~~ ^ ~~~~~~~~~~~~~~~~~~~~~~
1 warning generated.
/home/nathan/cbl/src/linux-next/arch/arm/mach-omap2/wd_timer.c:89:3: warning: result of comparison of constant 2000 with expression of type 'u8' (aka 'unsigned char') is always false [-Wtautological-constant-out-of-range-compare]
                udelay(oh->class->sysc->srst_udelay);
                ^~~~~~~~~~~~~~~~~~~~~~~~~~~~~~~~~~~~
/home/nathan/cbl/src/linux-next/arch/arm/include/asm/delay.h:84:9: note: expanded from macro 'udelay'
          ((n) > (MAX_UDELAY_MS * 1000) ? __bad_udelay() :              \
           ~~~ ^ ~~~~~~~~~~~~~~~~~~~~~~
1 warning generated.
/home/nathan/cbl/src/linux-next/lib/radix-tree.c:1136:50: warning: parameter 'slot' set but not used [-Wunused-but-set-parameter]
void __rcu **radix_tree_iter_resume(void __rcu **slot,
                                                 ^
1 warning generated.
/home/nathan/cbl/src/linux-next/drivers/net/wireless/ath/ath9k/main.c:1566:21: warning: parameter 'changed_flags' set but not used [-Wunused-but-set-parameter]
                                   unsigned int changed_flags,
                                                ^
1 warning generated.
/home/nathan/cbl/src/linux-next/drivers/net/wireless/ath/ath5k/mac80211-ops.c:367:62: warning: parameter 'changed_flags' set but not used [-Wunused-but-set-parameter]
ath5k_configure_filter(struct ieee80211_hw *hw, unsigned int changed_flags,
                                                             ^
1 warning generated.
/home/nathan/cbl/src/linux-next/drivers/net/wireless/ath/ath9k/htc_drv_main.c:1258:25: warning: parameter 'changed_flags' set but not used [-Wunused-but-set-parameter]
                                       unsigned int changed_flags,
                                                    ^
1 warning generated.
/home/nathan/cbl/src/linux-next/drivers/md/dm-integrity.c:4159:12: warning: result of comparison of constant 17179869180 with expression of type 'unsigned int' is always false [-Wtautological-constant-out-of-range-compare]
                        if (val >= (uint64_t)UINT_MAX * 1000 / HZ) {
                            ~~~ ^  ~~~~~~~~~~~~~~~~~~~~~~~~~~~~~~
1 warning generated.

[01;32mQEMU location: [0m/usr/sbin[0m

[01;32mQEMU version: [0mQEMU emulator version 8.0.3[0m
[    0.000000] Booting Linux on physical CPU 0x0
[    0.000000] Linux version 6.5.0-rc5-next-20230809-ARCH-cbl (nathan@dev-arch.m3-large-x86-01) (ClangBuiltLinux clang version 15.0.7 (https://github.com/llvm/llvm-project 8dfdcc7b7bf66834a761bd8de445840ef68e4d1a), ClangBuiltLinux LLD 15.0.7) #1 SMP PREEMPT Sat Aug 12 00:42:43 UTC 2023
[    0.000000] CPU: ARMv7 Processor [414fc0f0] revision 0 (ARMv7), cr=10c5387d
[    0.000000] CPU: div instructions available: patching division code
[    0.000000] CPU: PIPT / VIPT nonaliasing data cache, PIPT instruction cache
[    0.000000] OF: fdt: Machine model: linux,dummy-virt
[    0.000000] random: crng init done
[    0.000000] earlycon: pl11 at MMIO 0x09000000 (options '')
[    0.000000] printk: bootconsole [pl11] enabled
[    0.000000] Memory policy: Data cache writealloc
[    0.000000] efi: UEFI not found.
[    0.000000] cma: Reserved 64 MiB at 0x5c000000 on node -1
[    0.000000] Zone ranges:
[    0.000000]   DMA      [mem 0x0000000040000000-0x000000005fffffff]
[    0.000000]   Normal   empty
[    0.000000]   HighMem  empty
[    0.000000] Movable zone start for each node
[    0.000000] Early memory node ranges
[    0.000000]   node   0: [mem 0x0000000040000000-0x000000005fffffff]
[    0.000000] Initmem setup node 0 [mem 0x0000000040000000-0x000000005fffffff]
[    0.000000] psci: probing for conduit method from DT.
[    0.000000] psci: PSCIv1.1 detected in firmware.
[    0.000000] psci: Using standard PSCI v0.2 function IDs
[    0.000000] psci: Trusted OS migration not required
[    0.000000] psci: SMC Calling Convention v1.0
[    0.000000] percpu: Embedded 14 pages/cpu s27028 r8192 d22124 u57344
[    0.000000] Kernel command line: console=ttyAMA0 earlycon
[    0.000000] Dentry cache hash table entries: 65536 (order: 6, 262144 bytes, linear)
[    0.000000] Inode-cache hash table entries: 32768 (order: 5, 131072 bytes, linear)
[    0.000000] Built 1 zonelists, mobility grouping on.  Total pages: 129920
[    0.000000] mem auto-init: stack:off, heap alloc:on, heap free:off
[    0.000000] Memory: 419544K/524288K available (17408K kernel code, 1876K rwdata, 6388K rodata, 2048K init, 614K bss, 39208K reserved, 65536K cma-reserved, 0K highmem)
[    0.000000] SLUB: HWalign=64, Order=0-3, MinObjects=0, CPUs=1, Nodes=1
[    0.000000] rcu: Preemptible hierarchical RCU implementation.
[    0.000000] rcu: 	RCU restricting CPUs from NR_CPUS=8 to nr_cpu_ids=1.
[    0.000000] 	Trampoline variant of Tasks RCU enabled.
[    0.000000] 	Tracing variant of Tasks RCU enabled.
[    0.000000] rcu: RCU calculated value of scheduler-enlistment delay is 25 jiffies.
[    0.000000] rcu: Adjusting geometry for rcu_fanout_leaf=16, nr_cpu_ids=1
[    0.000000] NR_IRQS: 16, nr_irqs: 16, preallocated irqs: 16
[    0.000000] rcu: srcu_init: Setting srcu_struct sizes based on contention.
[    0.000000] arch_timer: cp15 timer(s) running at 62.50MHz (virt).
[    0.000000] clocksource: arch_sys_counter: mask: 0x1ffffffffffffff max_cycles: 0x1cd42e208c, max_idle_ns: 881590405314 ns
[    0.000122] sched_clock: 57 bits at 63MHz, resolution 16ns, wraps every 4398046511096ns
[    0.000381] Switching to timer-based delay loop, resolution 16ns
[    0.008761] Console: colour dummy device 80x30
[    0.010563] Calibrating delay loop (skipped), value calculated using timer frequency.. 125.00 BogoMIPS (lpj=250000)
[    0.010819] CPU: Testing write buffer coherency: ok
[    0.012271] CPU0: Spectre v2: firmware did not set auxiliary control register IBE bit, system vulnerable
[    0.012528] CPU0: Spectre BHB: enabling loop workaround for all CPUs
[    0.012736] pid_max: default: 32768 minimum: 301
[    0.014367] LSM: initializing lsm=capability,smack,integrity
[    0.015493] Smack:  Initializing.
[    0.015579] Smack:  IPv6 port labeling enabled.
[    0.018589] Mount-cache hash table entries: 1024 (order: 0, 4096 bytes, linear)
[    0.018862] Mountpoint-cache hash table entries: 1024 (order: 0, 4096 bytes, linear)
[    0.043231] /cpus/cpu@0 missing clock-frequency property
[    0.043783] CPU0: thread -1, cpu 0, socket 0, mpidr 80000000
[    0.053982] RCU Tasks: Setting shift to 0 and lim to 1 rcu_task_cb_adjust=1.
[    0.054616] RCU Tasks Trace: Setting shift to 0 and lim to 1 rcu_task_cb_adjust=1.
[    0.055255] Setting up static identity map for 0x40300000 - 0x403000ac
[    0.057731] rcu: Hierarchical SRCU implementation.
[    0.057859] rcu: 	Max phase no-delay instances is 1000.
[    0.061925] EFI services will not be available.
[    0.063199] smp: Bringing up secondary CPUs ...
[    0.064054] smp: Brought up 1 node, 1 CPU
[    0.064190] SMP: Total of 1 processors activated (125.00 BogoMIPS).
[    0.064328] CPU: All CPU(s) started in SVC mode.
[    0.078525] devtmpfs: initialized
[    0.088448] VFP support v0.3: implementor 41 architecture 4 part 30 variant f rev 0
[    0.113211] clocksource: jiffies: mask: 0xffffffff max_cycles: 0xffffffff, max_idle_ns: 7645041785100000 ns
[    0.113988] futex hash table entries: 256 (order: 2, 16384 bytes, linear)
[    0.127486] pinctrl core: initialized pinctrl subsystem
[    0.150185] NET: Registered PF_NETLINK/PF_ROUTE protocol family
[    0.185739] DMA: preallocated 256 KiB pool for atomic coherent allocations
[    0.188177] audit: initializing netlink subsys (disabled)
[    0.190183] audit: type=2000 audit(0.172:1): state=initialized audit_enabled=0 res=1
[    0.195191] thermal_sys: Registered thermal governor 'fair_share'
[    0.195299] thermal_sys: Registered thermal governor 'bang_bang'
[    0.195399] thermal_sys: Registered thermal governor 'step_wise'
[    0.195487] thermal_sys: Registered thermal governor 'user_space'
[    0.195951] cpuidle: using governor menu
[    0.196622] No ATAGs?
[    0.197702] hw-breakpoint: found 5 (+1 reserved) breakpoint and 4 watchpoint registers.
[    0.197864] hw-breakpoint: maximum watchpoint size is 8 bytes.
[    0.201158] Serial: AMBA PL011 UART driver
[    0.236009] 9000000.pl011: ttyAMA0 at MMIO 0x9000000 (irq = 28, base_baud = 0) is a PL011 rev1
[    0.237617] printk: console [ttyAMA0] enabled
[    0.237617] printk: console [ttyAMA0] enabled
[    0.237992] printk: bootconsole [pl11] disabled
[    0.237992] printk: bootconsole [pl11] disabled
[    0.258624] kprobes: kprobe jump-optimization is enabled. All kprobes are optimized if possible.
[    0.338553] raid6: neonx8   gen()   730 MB/s
[    0.407667] raid6: neonx4   gen()  2129 MB/s
[    0.476880] raid6: neonx2   gen()  1582 MB/s
[    0.546091] raid6: neonx1   gen()   906 MB/s
[    0.615279] raid6: int32x8  gen()   392 MB/s
[    0.684366] raid6: int32x4  gen()   488 MB/s
[    0.753520] raid6: int32x2  gen()   630 MB/s
[    0.823019] raid6: int32x1  gen()   520 MB/s
[    0.823140] raid6: using algorithm neonx4 gen() 2129 MB/s
[    0.892763] raid6: .... xor() 744 MB/s, rmw enabled
[    0.892907] raid6: using neon recovery algorithm
[    0.901387] iommu: Default domain type: Translated
[    0.901501] iommu: DMA domain TLB invalidation policy: strict mode
[    0.904943] SCSI subsystem initialized
[    0.907083] usbcore: registered new interface driver usbfs
[    0.907392] usbcore: registered new interface driver hub
[    0.907628] usbcore: registered new device driver usb
[    0.909992] mc: Linux media interface: v0.10
[    0.910214] videodev: Linux video capture interface: v2.00
[    0.910678] pps_core: LinuxPPS API ver. 1 registered
[    0.910758] pps_core: Software ver. 5.3.6 - Copyright 2005-2007 Rodolfo Giometti <giometti@linux.it>
[    0.910940] PTP clock support registered
[    0.911203] EDAC MC: Ver: 3.0.0
[    0.913416] scmi_core: SCMI protocol bus registered
[    0.915543] Advanced Linux Sound Architecture Driver Initialized.
[    0.925621] NetLabel: Initializing
[    0.925703] NetLabel:  domain hash size = 128
[    0.925769] NetLabel:  protocols = UNLABELED CIPSOv4 CALIPSO
[    0.926646] NetLabel:  unlabeled traffic allowed by default
[    0.927542] vgaarb: loaded
[    0.931312] clocksource: Switched to clocksource arch_sys_counter
[    0.935787] VFS: Disk quotas dquot_6.6.0
[    0.936022] VFS: Dquot-cache hash table entries: 1024 (order 0, 4096 bytes)
[    0.958631] NET: Registered PF_INET protocol family
[    0.960183] IP idents hash table entries: 8192 (order: 4, 65536 bytes, linear)
[    0.967462] tcp_listen_portaddr_hash hash table entries: 512 (order: 0, 4096 bytes, linear)
[    0.967814] Table-perturb hash table entries: 65536 (order: 6, 262144 bytes, linear)
[    0.967978] TCP established hash table entries: 4096 (order: 2, 16384 bytes, linear)
[    0.968262] TCP bind hash table entries: 4096 (order: 4, 65536 bytes, linear)
[    0.968618] TCP: Hash tables configured (established 4096 bind 4096)
[    0.970691] MPTCP token hash table entries: 512 (order: 1, 8192 bytes, linear)
[    0.971088] UDP hash table entries: 256 (order: 1, 8192 bytes, linear)
[    0.971439] UDP-Lite hash table entries: 256 (order: 1, 8192 bytes, linear)
[    0.972901] NET: Registered PF_UNIX/PF_LOCAL protocol family
[    0.975650] RPC: Registered named UNIX socket transport module.
[    0.975789] RPC: Registered udp transport module.
[    0.975863] RPC: Registered tcp transport module.
[    0.975929] RPC: Registered tcp-with-tls transport module.
[    0.976003] RPC: Registered tcp NFSv4.1 backchannel transport module.
[    0.976146] NET: Registered PF_XDP protocol family
[    0.976374] PCI: CLS 0 bytes, default 64
[    0.985120] Initialise system trusted keyrings
[    0.987362] workingset: timestamp_bits=14 max_order=17 bucket_order=3
[    0.987718] zbud: loaded
[    0.989179] Trying to unpack rootfs image as initramfs...
[    0.999796] NFS: Registering the id_resolver key type
[    1.000192] Key type id_resolver registered
[    1.000282] Key type id_legacy registered
[    1.000649] nfs4filelayout_init: NFSv4 File Layout Driver Registering...
[    1.000810] nfs4flexfilelayout_init: NFSv4 Flexfile Layout Driver Registering...
[    1.147379] Freeing initrd memory: 3824K
[    1.193550] xor: measuring software checksum speed
[    1.203068]    arm4regs        :  1062 MB/sec
[    1.212324]    8regs           :  1077 MB/sec
[    1.220768]    32regs          :  1226 MB/sec
[    1.231395]    neon            :  1073 MB/sec
[    1.231528] xor: using function: 32regs (1226 MB/sec)
[    1.231989] Key type asymmetric registered
[    1.232105] Asymmetric key parser 'x509' registered
[    1.232522] Block layer SCSI generic (bsg) driver version 0.4 loaded (major 245)
[    1.233534] io scheduler mq-deadline registered
[    1.233660] io scheduler kyber registered
[    1.233927] io scheduler bfq registered
[    1.252203] pl061_gpio 9030000.pl061: PL061 GPIO chip registered
[    1.255736] pci-host-generic 4010000000.pcie: host bridge /pcie@10000000 ranges:
[    1.256489] pci-host-generic 4010000000.pcie:       IO 0x003eff0000..0x003effffff -> 0x0000000000
[    1.257090] pci-host-generic 4010000000.pcie:      MEM 0x0010000000..0x003efeffff -> 0x0010000000
[    1.257251] pci-host-generic 4010000000.pcie:      MEM 0x8000000000..0xffffffffff -> 0x8000000000
[    1.258193] pci-host-generic 4010000000.pcie: can't claim ECAM area [mem 0x10000000-0x1fffffff]: address conflict with pcie@10000000 [mem 0x10000000-0x3efeffff]
[    1.258814] pci-host-generic: probe of 4010000000.pcie failed with error -16
[    1.280083] Serial: 8250/16550 driver, 6 ports, IRQ sharing enabled
[    1.288192] Serial: AMBA driver
[    1.327981] loop: module loaded
[    1.330779] Loading iSCSI transport class v2.0-870.
[    1.331993] iscsi: registered transport (tcp)
[    1.351977] usbcore: registered new interface driver uas
[    1.352196] usbcore: registered new interface driver usb-storage
[    1.352345] usbcore: registered new interface driver ums-cypress
[    1.352490] usbcore: registered new interface driver ums_eneub6250
[    1.352639] usbcore: registered new interface driver ums-freecom
[    1.352784] usbcore: registered new interface driver ums-isd200
[    1.352934] usbcore: registered new interface driver ums-usbat
[    1.364283] rtc-pl031 9010000.pl031: registered as rtc0
[    1.365389] rtc-pl031 9010000.pl031: setting system clock to 2023-08-12T00:43:18 UTC (1691800998)
[    1.368826] i2c_dev: i2c /dev entries driver
[    1.380941] sdhci: Secure Digital Host Controller Interface driver
[    1.381046] sdhci: Copyright(c) Pierre Ossman
[    1.382685] Synopsys Designware Multimedia Card Interface Driver
[    1.383841] VUB300 Driver rom wait states = 1C irqpoll timeout = 0400
[    1.384710] usbcore: registered new interface driver vub300
[    1.384952] usbcore: registered new interface driver ushc
[    1.386134] sdhci-pltfm: SDHCI platform and OF driver helper
[    1.389592] ledtrig-cpu: registered to indicate activity on CPUs
[    1.391534] hid: raw HID events driver (C) Jiri Kosina
[    1.392320] usbcore: registered new interface driver usbhid
[    1.392420] usbhid: USB HID core driver
[    1.401590] NET: Registered PF_INET6 protocol family
[    1.497506] Segment Routing with IPv6
[    1.497807] In-situ OAM (IOAM) with IPv6
[    1.498553] mip6: Mobile IPv6
[    1.498893] NET: Registered PF_PACKET protocol family
[    1.499612] Key type dns_resolver registered
[    1.500320] ThumbEE CPU extension supported.
[    1.500450] Registering SWP/SWPB emulation handler
[    1.527278] registered taskstats version 1
[    1.528365] Loading compiled-in X.509 certificates
[    1.546765] Key type .fscrypt registered
[    1.546857] Key type fscrypt-provisioning registered
[    1.559282] Btrfs loaded, zoned=yes, fsverity=yes
[    1.572204] input: gpio-keys as /devices/platform/gpio-keys/input/input0
[    1.579039] clk: Disabling unused clocks
[    1.579783] ALSA device list:
[    1.579899]   No soundcards found.
[    1.582875] uart-pl011 9000000.pl011: no DMA platform data
[    1.677396] Freeing unused kernel image (initmem) memory: 2048K
[    1.689394] Run /init as init process
Starting syslogd: OK
Starting klogd: OK
Running sysctl: OK
Saving 256 bits of creditable seed for next boot
Starting network: OK
Linux version 6.5.0-rc5-next-20230809-ARCH-cbl (nathan@dev-arch.m3-large-x86-01) (ClangBuiltLinux clang version 15.0.7 (https://github.com/llvm/llvm-project 8dfdcc7b7bf66834a761bd8de445840ef68e4d1a), ClangBuiltLinux LLD 15.0.7) #1 SMP PREEMPT Sat Aug 12 00:42:43 UTC 2023
Stopping network: OK
Seeding 256 bits and crediting
Saving 256 bits of creditable seed for next boot
Stopping klogd: OK
Stopping syslogd: OK
umount: devtmpfs busy - remounted read-only
umount: can't unmount /: Invalid argument

The system is going down NOW!

Sent SIGTERM to all processes

Sent SIGKILL to all processes

Requesting system reboot
[    4.689963] reboot: Restarting system
$ timeout --foreground 3m stdbuf -eL -oL /usr/sbin/qemu-system-arm -display none -nodefaults -no-reboot -machine virt -append 'console=ttyAMA0 earlycon' -kernel /home/nathan/tmp/build/cbl_lkt/linux-next/arm/arch/arm/boot/zImage -initrd /home/nathan/cbl/llvm-kernel-testing/src/boot-utils/images/arm/rootfs.cpio -m 512m -serial mon:stdio
