/home/nathan/cbl/src/linux-next/drivers/bus/mhi/host/main.c:803:13: warning: parameter 'event_quota' set but not used [-Wunused-but-set-parameter]
                             u32 event_quota)
                                 ^
1 warning generated.
/home/nathan/cbl/src/linux-next/lib/radix-tree.c:1136:50: warning: parameter 'slot' set but not used [-Wunused-but-set-parameter]
void __rcu **radix_tree_iter_resume(void __rcu **slot,
                                                 ^
1 warning generated.
/home/nathan/cbl/src/linux-next/drivers/block/rbd.c:6149:17: warning: result of comparison of constant 2305843009213693948 with expression of type 'u32' (aka 'unsigned int') is always false [-Wtautological-constant-out-of-range-compare]
        if (snap_count > (SIZE_MAX - sizeof (struct ceph_snap_context))
            ~~~~~~~~~~ ^ ~~~~~~~~~~~~~~~~~~~~~~~~~~~~~~~~~~~~~~~~~~~~~~
1 warning generated.
/home/nathan/cbl/src/linux-next/drivers/net/wireless/ath/ath9k/main.c:1566:21: warning: parameter 'changed_flags' set but not used [-Wunused-but-set-parameter]
                                   unsigned int changed_flags,
                                                ^
1 warning generated.
/home/nathan/cbl/src/linux-next/drivers/net/wireless/ath/ath5k/mac80211-ops.c:367:62: warning: parameter 'changed_flags' set but not used [-Wunused-but-set-parameter]
ath5k_configure_filter(struct ieee80211_hw *hw, unsigned int changed_flags,
                                                             ^
1 warning generated.
/home/nathan/cbl/src/linux-next/drivers/net/wireless/ath/ath9k/htc_drv_main.c:1258:25: warning: parameter 'changed_flags' set but not used [-Wunused-but-set-parameter]
                                       unsigned int changed_flags,
                                                    ^
1 warning generated.
/home/nathan/cbl/src/linux-next/net/ceph/osdmap.c:1441:10: warning: result of comparison of constant 4611686018427387891 with expression of type 'u32' (aka 'unsigned int') is always false [-Wtautological-constant-out-of-range-compare]
        if (len > (SIZE_MAX - sizeof(*pg)) / sizeof(u32))
            ~~~ ^ ~~~~~~~~~~~~~~~~~~~~~~~~~~~~~~~~~~~~~~
/home/nathan/cbl/src/linux-next/net/ceph/osdmap.c:1624:10: warning: result of comparison of constant 2305843009213693945 with expression of type 'u32' (aka 'unsigned int') is always false [-Wtautological-constant-out-of-range-compare]
        if (len > (SIZE_MAX - sizeof(*pg)) / (2 * sizeof(u32)))
            ~~~ ^ ~~~~~~~~~~~~~~~~~~~~~~~~~~~~~~~~~~~~~~~~~~~~
2 warnings generated.
/home/nathan/cbl/src/linux-next/drivers/md/dm-integrity.c:4159:12: warning: result of comparison of constant 14316557650 with expression of type 'unsigned int' is always false [-Wtautological-constant-out-of-range-compare]
                        if (val >= (uint64_t)UINT_MAX * 1000 / HZ) {
                            ~~~ ^  ~~~~~~~~~~~~~~~~~~~~~~~~~~~~~~
1 warning generated.
/home/nathan/cbl/src/linux-next/drivers/net/ethernet/qlogic/qed/qed_vf.c:63:67: warning: parameter 'resp_size' set but not used [-Wunused-but-set-parameter]
static int qed_send_msg2pf(struct qed_hwfn *p_hwfn, u8 *done, u32 resp_size)
                                                                  ^
1 warning generated.
/home/nathan/cbl/src/linux-next/fs/ceph/snap.c:372:10: warning: result of comparison of constant 2305843009213693948 with expression of type 'u32' (aka 'unsigned int') is always false [-Wtautological-constant-out-of-range-compare]
        if (num > (SIZE_MAX - sizeof(*snapc)) / sizeof(u64))
            ~~~ ^ ~~~~~~~~~~~~~~~~~~~~~~~~~~~~~~~~~~~~~~~~~
1 warning generated.

[01;32mQEMU location: [0m/usr/sbin[0m

[01;32mQEMU version: [0mQEMU emulator version 8.0.3[0m
[    0.000000][    T0] Booting Linux on physical CPU 0x0000000000 [0x000f0510]
[    0.000000][    T0] Linux version 6.5.0-rc5-next-20230809-default-cbl (nathan@dev-arch.m3-large-x86-01) (ClangBuiltLinux clang version 15.0.7 (https://github.com/llvm/llvm-project 8dfdcc7b7bf66834a761bd8de445840ef68e4d1a), ClangBuiltLinux LLD 15.0.7) #1 SMP PREEMPT_DYNAMIC Sat Aug 12 01:58:05 UTC 2023
[    0.000000][    T0] KASLR enabled
[    0.000000][    T0] random: crng init done
[    0.000000][    T0] Machine model: linux,dummy-virt
[    0.000000][    T0] efi: UEFI not found.
[    0.000000][    T0] earlycon: pl11 at MMIO 0x0000000009000000 (options '')
[    0.000000][    T0] printk: bootconsole [pl11] enabled
[    0.000000][    T0] NUMA: No NUMA configuration found
[    0.000000][    T0] NUMA: Faking a node at [mem 0x0000000040000000-0x000000005fffffff]
[    0.000000][    T0] NUMA: NODE_DATA [mem 0x5feefb00-0x5fef4fff]
[    0.000000][    T0] Zone ranges:
[    0.000000][    T0]   DMA      [mem 0x0000000040000000-0x000000005fffffff]
[    0.000000][    T0]   DMA32    empty
[    0.000000][    T0]   Normal   empty
[    0.000000][    T0]   Device   empty
[    0.000000][    T0] Movable zone start for each node
[    0.000000][    T0] Early memory node ranges
[    0.000000][    T0]   node   0: [mem 0x0000000040000000-0x000000005fffffff]
[    0.000000][    T0] Initmem setup node 0 [mem 0x0000000040000000-0x000000005fffffff]
[    0.000000][    T0] psci: probing for conduit method from DT.
[    0.000000][    T0] psci: PSCIv1.1 detected in firmware.
[    0.000000][    T0] psci: Using standard PSCI v0.2 function IDs
[    0.000000][    T0] psci: Trusted OS migration not required
[    0.000000][    T0] psci: SMC Calling Convention v1.0
[    0.000000][    T0] percpu: Embedded 32 pages/cpu s94184 r8192 d28696 u131072
[    0.000000][    T0] Detected PIPT I-cache on CPU0
[    0.000000][    T0] CPU features: detected: Branch Target Identification
[    0.000000][    T0] CPU features: detected: Address authentication (IMP DEF algorithm)
[    0.000000][    T0] CPU features: detected: GIC system register CPU interface
[    0.000000][    T0] CPU features: detected: HCRX_EL2 register
[    0.000000][    T0] CPU features: detected: Virtualization Host Extensions
[    0.000000][    T0] CPU features: detected: Hardware dirty bit management
[    0.000000][    T0] CPU features: detected: Spectre-v4
[    0.000000][    T0] alternatives: applying boot alternatives
[    0.000000][    T0] Kernel command line: console=ttyAMA0 earlycon
[    0.000000][    T0] Dentry cache hash table entries: 65536 (order: 7, 524288 bytes, linear)
[    0.000000][    T0] Inode-cache hash table entries: 32768 (order: 6, 262144 bytes, linear)
[    0.000000][    T0] Fallback order for Node 0: 0 
[    0.000000][    T0] Built 1 zonelists, mobility grouping on.  Total pages: 129024
[    0.000000][    T0] Policy zone: DMA
[    0.000000][    T0] mem auto-init: stack:off, heap alloc:off, heap free:off
[    0.000000][    T0] software IO TLB: area num 1.
[    0.000000][    T0] software IO TLB: mapped [mem 0x000000005b5c0000-0x000000005f5c0000] (64MB)
[    0.000000][    T0] Memory: 84756K/524288K available (16064K kernel code, 3622K rwdata, 14936K rodata, 10368K init, 1180K bss, 128396K reserved, 0K cma-reserved)
[    0.000000][    T0] SLUB: HWalign=64, Order=0-3, MinObjects=0, CPUs=1, Nodes=1
[    0.000000][    T0] ftrace: allocating 50701 entries in 199 pages
[    0.000000][    T0] ftrace: allocated 199 pages with 5 groups
[    0.000000][    T0] trace event string verifier disabled
[    0.000000][    T0] Dynamic Preempt: voluntary
[    0.000000][    T0] rcu: Preemptible hierarchical RCU implementation.
[    0.000000][    T0] rcu: 	RCU event tracing is enabled.
[    0.000000][    T0] rcu: 	RCU restricting CPUs from NR_CPUS=480 to nr_cpu_ids=1.
[    0.000000][    T0] 	Trampoline variant of Tasks RCU enabled.
[    0.000000][    T0] 	Rude variant of Tasks RCU enabled.
[    0.000000][    T0] 	Tracing variant of Tasks RCU enabled.
[    0.000000][    T0] rcu: RCU calculated value of scheduler-enlistment delay is 30 jiffies.
[    0.000000][    T0] rcu: Adjusting geometry for rcu_fanout_leaf=16, nr_cpu_ids=1
[    0.000000][    T0] NR_IRQS: 64, nr_irqs: 64, preallocated irqs: 0
[    0.000000][    T0] GICv3: GIC: Using split EOI/Deactivate mode
[    0.000000][    T0] GICv3: 256 SPIs implemented
[    0.000000][    T0] GICv3: 0 Extended SPIs implemented
[    0.000000][    T0] Root IRQ handler: gic_handle_irq
[    0.000000][    T0] GICv3: GICv3 features: 16 PPIs
[    0.000000][    T0] GICv3: GICv4 features: 
[    0.000000][    T0] GICv3: CPU0: found redistributor 0 region 0:0x00000000080a0000
[    0.000000][    T0] ITS [mem 0x08080000-0x0809ffff]
[    0.000000][    T0] ITS@0x0000000008080000: Single VMOVP capable
[    0.000000][    T0] ITS@0x0000000008080000: allocated 8192 Devices @431c0000 (indirect, esz 8, psz 64K, shr 1)
[    0.000000][    T0] ITS@0x0000000008080000: allocated 8192 Interrupt Collections @431d0000 (flat, esz 8, psz 64K, shr 1)
[    0.000000][    T0] ITS@0x0000000008080000: allocated 8192 Virtual CPUs @431e0000 (indirect, esz 8, psz 64K, shr 1)
[    0.000000][    T0] GICv3: using LPI property table @0x00000000431f0000
[    0.000000][    T0] ITS: Allocated DevID ffff as GICv4 proxy device (2 slots)
[    0.000000][    T0] ITS: Enabling GICv4 support
[    0.000000][    T0] GICv3: CPU0: using allocated LPI pending table @0x0000000043200000
[    0.000000][    T0] rcu: srcu_init: Setting srcu_struct sizes based on contention.
[    0.000000][    T0] arch_timer: cp15 timer(s) running at 62.50MHz (phys).
[    0.000000][    T0] clocksource: arch_sys_counter: mask: 0x1ffffffffffffff max_cycles: 0x1cd42e208c, max_idle_ns: 881590405314 ns
[    0.000075][    T0] sched_clock: 57 bits at 63MHz, resolution 16ns, wraps every 4398046511096ns
[    0.017721][    T0] Console: colour dummy device 80x25
[    0.026260][    T0] Calibrating delay loop (skipped), value calculated using timer frequency.. 125.20 BogoMIPS (lpj=208333)
[    0.027142][    T0] pid_max: default: 32768 minimum: 301
[    0.030230][    T0] LSM: initializing lsm=lockdown,capability,landlock,yama,apparmor,tomoyo,bpf,integrity
[    0.031240][    T0] landlock: Up and running.
[    0.031335][    T0] Yama: becoming mindful.
[    0.035507][    T0] AppArmor: AppArmor initialized
[    0.035655][    T0] TOMOYO Linux initialized
[    0.036378][    T0] LSM support for eBPF active
[    0.040526][    T0] Mount-cache hash table entries: 1024 (order: 1, 8192 bytes, linear)
[    0.040722][    T0] Mountpoint-cache hash table entries: 1024 (order: 1, 8192 bytes, linear)
[    0.078622][    T1] cacheinfo: Unable to detect cache hierarchy for CPU 0
[    0.088610][    T1] RCU Tasks: Setting shift to 0 and lim to 1 rcu_task_cb_adjust=1.
[    0.089048][    T1] RCU Tasks Rude: Setting shift to 0 and lim to 1 rcu_task_cb_adjust=1.
[    0.089739][    T1] RCU Tasks Trace: Setting shift to 0 and lim to 1 rcu_task_cb_adjust=1.
[    0.091793][    T1] rcu: Hierarchical SRCU implementation.
[    0.091919][    T1] rcu: 	Max phase no-delay instances is 1000.
[    0.100943][    T1] Platform MSI: its@8080000 domain created
[    0.101632][    T1] PCI/MSI: /intc@8000000/its@8080000 domain created
[    0.102267][    T1] fsl-mc MSI: its@8080000 domain created
[    0.105308][    T1] EFI services will not be available.
[    0.107068][    T1] smp: Bringing up secondary CPUs ...
[    0.109482][    T1] smp: Brought up 1 node, 1 CPU
[    0.109590][    T1] SMP: Total of 1 processors activated.
[    0.109852][    T1] CPU features: detected: 32-bit EL0 Support
[    0.109966][    T1] CPU features: detected: 32-bit EL1 Support
[    0.110058][    T1] CPU features: detected: ARMv8.4 Translation Table Level
[    0.110181][    T1] CPU features: detected: Data cache clean to the PoU not required for I/D coherence
[    0.110344][    T1] CPU features: detected: Common not Private translations
[    0.110442][    T1] CPU features: detected: CRC32 instructions
[    0.110525][    T1] CPU features: detected: Data cache clean to Point of Deep Persistence
[    0.110631][    T1] CPU features: detected: Data cache clean to Point of Persistence
[    0.110732][    T1] CPU features: detected: Data independent timing control (DIT)
[    0.110829][    T1] CPU features: detected: E0PD
[    0.110897][    T1] CPU features: detected: Enhanced Virtualization Traps
[    0.111064][    T1] CPU features: detected: Generic authentication (IMP DEF algorithm)
[    0.111176][    T1] CPU features: detected: RCpc load-acquire (LDAPR)
[    0.111264][    T1] CPU features: detected: LSE atomic instructions
[    0.111841][    T1] CPU features: detected: Privileged Access Never
[    0.111939][    T1] CPU features: detected: RAS Extension Support
[    0.112024][    T1] CPU features: detected: Random Number Generator
[    0.112111][    T1] CPU features: detected: Speculation barrier (SB)
[    0.112203][    T1] CPU features: detected: Stage-2 Force Write-Back
[    0.112289][    T1] CPU features: detected: TLB range maintenance instructions
[    0.112422][    T1] CPU features: detected: Scalable Matrix Extension
[    0.112512][    T1] CPU features: detected: FA64
[    0.112582][    T1] CPU features: detected: Speculative Store Bypassing Safe (SSBS)
[    0.112681][    T1] CPU features: detected: Scalable Vector Extension
[    0.120087][    T1] SVE: maximum available vector length 256 bytes per vector
[    0.120233][    T1] SVE: default vector length 64 bytes per vector
[    0.120710][    T1] SME: minimum available vector length 16 bytes per vector
[    0.120831][    T1] SME: maximum available vector length 256 bytes per vector
[    0.120933][    T1] SME: default vector length 32 bytes per vector
[    0.121394][    T1] CPU: All CPU(s) started at EL2
[    0.121500][    T1] alternatives: applying system-wide alternatives
[    0.152538][   T20] node 0 deferred pages initialised in 7ms
[    0.167938][    T1] devtmpfs: initialized
[    0.190360][    T1] clocksource: jiffies: mask: 0xffffffff max_cycles: 0xffffffff, max_idle_ns: 6370867519511994 ns
[    0.190862][    T1] futex hash table entries: 256 (order: 2, 16384 bytes, linear)
[    0.194937][    T1] pinctrl core: initialized pinctrl subsystem
[    0.205400][    T1] DMI not present or invalid.
[    0.216647][    T1] NET: Registered PF_NETLINK/PF_ROUTE protocol family
[    0.222183][    T1] DMA: preallocated 128 KiB GFP_KERNEL pool for atomic allocations
[    0.222575][    T1] DMA: preallocated 128 KiB GFP_KERNEL|GFP_DMA pool for atomic allocations
[    0.222828][    T1] DMA: preallocated 128 KiB GFP_KERNEL|GFP_DMA32 pool for atomic allocations
[    0.223348][    T1] audit: initializing netlink subsys (disabled)
[    0.226435][   T24] audit: type=2000 audit(0.189:1): state=initialized audit_enabled=0 res=1
[    0.233632][    T1] thermal_sys: Registered thermal governor 'fair_share'
[    0.233705][    T1] thermal_sys: Registered thermal governor 'bang_bang'
[    0.233847][    T1] thermal_sys: Registered thermal governor 'step_wise'
[    0.233945][    T1] thermal_sys: Registered thermal governor 'user_space'
[    0.234624][    T1] cpuidle: using governor ladder
[    0.235007][    T1] cpuidle: using governor menu
[    0.236520][    T1] hw-breakpoint: found 6 breakpoint and 4 watchpoint registers.
[    0.237073][    T1] ASID allocator initialised with 65536 entries
[    0.242539][    T1] Serial: AMBA PL011 UART driver
[    0.295800][    T1] 9000000.pl011: ttyAMA0 at MMIO 0x9000000 (irq = 14, base_baud = 0) is a PL011 rev1
[    0.297333][    T1] printk: console [ttyAMA0] enabled
[    0.297333][    T1] printk: console [ttyAMA0] enabled
[    0.297740][    T1] printk: bootconsole [pl11] disabled
[    0.297740][    T1] printk: bootconsole [pl11] disabled
[    0.314716][    T1] Modules: 2G module region forced by RANDOMIZE_MODULE_REGION_FULL
[    0.314915][    T1] Modules: 0 pages in range for non-PLT usage
[    0.314947][    T1] Modules: 512688 pages in range for PLT usage
[    0.368418][    T1] HugeTLB: registered 1.00 GiB page size, pre-allocated 0 pages
[    0.368618][    T1] HugeTLB: 0 KiB vmemmap can be freed for a 1.00 GiB page
[    0.368738][    T1] HugeTLB: registered 32.0 MiB page size, pre-allocated 0 pages
[    0.368841][    T1] HugeTLB: 0 KiB vmemmap can be freed for a 32.0 MiB page
[    0.368939][    T1] HugeTLB: registered 2.00 MiB page size, pre-allocated 0 pages
[    0.369041][    T1] HugeTLB: 0 KiB vmemmap can be freed for a 2.00 MiB page
[    0.369149][    T1] HugeTLB: registered 64.0 KiB page size, pre-allocated 0 pages
[    0.369254][    T1] HugeTLB: 0 KiB vmemmap can be freed for a 64.0 KiB page
[    0.380799][    T1] ACPI: Interpreter disabled.
[    0.384306][    T1] iommu: Default domain type: Passthrough
[    0.386788][    T1] SCSI subsystem initialized
[    0.389153][    T1] pps_core: LinuxPPS API ver. 1 registered
[    0.389261][    T1] pps_core: Software ver. 5.3.6 - Copyright 2005-2007 Rodolfo Giometti <giometti@linux.it>
[    0.389485][    T1] PTP clock support registered
[    0.390143][    T1] EDAC MC: Ver: 3.0.0
[    0.392770][    T1] scmi_core: SCMI protocol bus registered
[    0.404592][    T1] NetLabel: Initializing
[    0.404682][    T1] NetLabel:  domain hash size = 128
[    0.404766][    T1] NetLabel:  protocols = UNLABELED CIPSOv4 CALIPSO
[    0.405828][    T1] NetLabel:  unlabeled traffic allowed by default
[    0.406003][    T1] mctp: management component transport protocol core
[    0.406106][    T1] NET: Registered PF_MCTP protocol family
[    0.407637][    T1] vgaarb: loaded
[    0.412678][    T1] clocksource: Switched to clocksource arch_sys_counter
[    0.457677][    T1] VFS: Disk quotas dquot_6.6.0
[    0.457947][    T1] VFS: Dquot-cache hash table entries: 512 (order 0, 4096 bytes)
[    0.467550][    T1] AppArmor: AppArmor Filesystem Enabled
[    0.467982][    T1] pnp: PnP ACPI: disabled
[    0.495477][    T1] NET: Registered PF_INET protocol family
[    0.496826][    T1] IP idents hash table entries: 8192 (order: 4, 65536 bytes, linear)
[    0.506803][    T1] tcp_listen_portaddr_hash hash table entries: 256 (order: 0, 4096 bytes, linear)
[    0.507005][    T1] Table-perturb hash table entries: 65536 (order: 6, 262144 bytes, linear)
[    0.507190][    T1] TCP established hash table entries: 4096 (order: 3, 32768 bytes, linear)
[    0.507496][    T1] TCP bind hash table entries: 4096 (order: 5, 131072 bytes, linear)
[    0.507792][    T1] TCP: Hash tables configured (established 4096 bind 4096)
[    0.509638][    T1] MPTCP token hash table entries: 512 (order: 1, 12288 bytes, linear)
[    0.510067][    T1] UDP hash table entries: 256 (order: 1, 8192 bytes, linear)
[    0.510443][    T1] UDP-Lite hash table entries: 256 (order: 1, 8192 bytes, linear)
[    0.512216][    T1] NET: Registered PF_UNIX/PF_LOCAL protocol family
[    0.512851][    T1] NET: Registered PF_XDP protocol family
[    0.513118][    T1] PCI: CLS 0 bytes, default 64
[    0.519361][   T11] Trying to unpack rootfs image as initramfs...
[    0.520075][    T1] kvm [1]: IPA Size Limit: 48 bits
[    0.520809][    T1] kvm [1]: GICv4 support disabled
[    0.520918][    T1] kvm [1]: GICv3: no GICV resource entry
[    0.521111][    T1] kvm [1]: disabling GICv2 emulation
[    0.521313][    T1] kvm [1]: GIC system register CPU interface enabled
[    0.526911][    T1] kvm [1]: vgic interrupt IRQ9
[    0.527572][    T1] kvm [1]: VHE mode initialized successfully
[    0.542941][    T1] Initialise system trusted keyrings
[    0.544952][    T1] Key type blacklist registered
[    0.549927][    T1] workingset: timestamp_bits=40 max_order=17 bucket_order=0
[    0.550346][    T1] zbud: loaded
[    0.555624][    T1] integrity: Platform Keyring initialized
[    0.559274][    T1] integrity: Machine keyring initialized
[    0.646175][    T1] Key type asymmetric registered
[    0.646370][    T1] Asymmetric key parser 'x509' registered
[    0.669816][   T11] Freeing initrd memory: 4428K
[    0.693608][    T1] Block layer SCSI generic (bsg) driver version 0.4 loaded (major 245)
[    0.694529][    T1] io scheduler mq-deadline registered
[    0.694689][    T1] io scheduler kyber registered
[    0.694982][    T1] io scheduler bfq registered
[    0.728636][    T1] pl061_gpio 9030000.pl061: PL061 GPIO chip registered
[    0.730830][    T1] shpchp: Standard Hot Plug PCI Controller Driver version: 0.4
[    0.735386][    T1] pci-host-generic 4010000000.pcie: host bridge /pcie@10000000 ranges:
[    0.736319][    T1] pci-host-generic 4010000000.pcie:       IO 0x003eff0000..0x003effffff -> 0x0000000000
[    0.737020][    T1] pci-host-generic 4010000000.pcie:      MEM 0x0010000000..0x003efeffff -> 0x0010000000
[    0.737216][    T1] pci-host-generic 4010000000.pcie:      MEM 0x8000000000..0xffffffffff -> 0x8000000000
[    0.737791][    T1] pci-host-generic 4010000000.pcie: Memory resource size exceeds max for 32 bits
[    0.738401][    T1] pci-host-generic 4010000000.pcie: ECAM at [mem 0x4010000000-0x401fffffff] for [bus 00-ff]
[    0.740359][    T1] pci-host-generic 4010000000.pcie: PCI host bridge to bus 0000:00
[    0.740720][    T1] pci_bus 0000:00: root bus resource [bus 00-ff]
[    0.740878][    T1] pci_bus 0000:00: root bus resource [io  0x0000-0xffff]
[    0.741013][    T1] pci_bus 0000:00: root bus resource [mem 0x10000000-0x3efeffff]
[    0.741131][    T1] pci_bus 0000:00: root bus resource [mem 0x8000000000-0xffffffffff]
[    0.742882][    T1] pci 0000:00:00.0: [1b36:0008] type 00 class 0x060000
[    0.811375][    T1] Serial: 8250/16550 driver, 32 ports, IRQ sharing enabled
[    0.851178][    T1] Serial: AMBA driver
[    0.851770][    T1] SuperH (H)SCI(F) driver initialized
[    0.853523][    T1] msm_serial: driver initialized
[    0.871338][    T1] mousedev: PS/2 mouse device common for all mice
[    0.878059][    T1] rtc-pl031 9010000.pl031: registered as rtc0
[    0.878825][    T1] rtc-pl031 9010000.pl031: setting system clock to 2023-08-12T01:59:55 UTC (1691805595)
[    0.887909][    T1] ledtrig-cpu: registered to indicate activity on CPUs
[    0.891251][    T1] hid: raw HID events driver (C) Jiri Kosina
[    0.899852][    T1] hw perfevents: enabled with armv8_pmuv3 PMU driver, 7 counters available
[    0.900638][   T49] watchdog: Delayed init of the lockup detector failed: -19
[    0.900783][   T49] watchdog: Hard watchdog permanently disabled
[    0.905635][    T1]  cs_system_cfg: CoreSight Configuration manager initialised
[    0.909992][    T1] drop_monitor: Initializing network drop monitor service
[    1.021113][    T1] NET: Registered PF_INET6 protocol family
[    1.035066][    T1] Segment Routing with IPv6
[    1.035253][    T1] RPL Segment Routing with IPv6
[    1.035574][    T1] In-situ OAM (IOAM) with IPv6
[    1.067575][    T1] registered taskstats version 1
[    1.070870][    T1] Loading compiled-in X.509 certificates
[    1.142857][    T1] Loaded X.509 cert 'Build time autogenerated kernel key: 6264f33c593a41707cd25cea1eb83d7cff6fabf6'
[    1.174746][    T1] page_owner is disabled
[    1.175902][    T1] Key type .fscrypt registered
[    1.176005][    T1] Key type fscrypt-provisioning registered
[    1.189117][    T1] Key type encrypted registered
[    1.189434][    T1] AppArmor: AppArmor sha1 policy hashing enabled
[    1.190138][    T1] ima: No TPM chip found, activating TPM-bypass!
[    1.190299][    T1] Loading compiled-in module X.509 certificates
[    1.192282][    T1] Loaded X.509 cert 'Build time autogenerated kernel key: 6264f33c593a41707cd25cea1eb83d7cff6fabf6'
[    1.192695][    T1] ima: Allocated hash algorithm: sha256
[    1.194928][    T1] ima: No architecture policies found
[    1.195813][    T1] evm: Initialising EVM extended attributes:
[    1.195933][    T1] evm: security.selinux
[    1.196030][    T1] evm: security.SMACK64 (disabled)
[    1.196110][    T1] evm: security.SMACK64EXEC (disabled)
[    1.196197][    T1] evm: security.SMACK64TRANSMUTE (disabled)
[    1.196284][    T1] evm: security.SMACK64MMAP (disabled)
[    1.196364][    T1] evm: security.apparmor
[    1.196431][    T1] evm: security.ima
[    1.196494][    T1] evm: security.capability
[    1.196576][    T1] evm: HMAC attrs: 0x1
[    1.789927][    T1] clk: Disabling unused clocks
[    1.793870][    T1] uart-pl011 9000000.pl011: no DMA platform data
[    1.887576][    T1] Freeing unused kernel memory: 10368K
[    1.888465][    T1] Run /init as init process
[    2.055182][    T1] Not activating Mandatory Access Control as /sbin/tomoyo-init does not exist.
Starting syslogd: OK
Starting klogd: OK
Running sysctl: OK
Saving 256 bits of creditable seed for next boot
Starting network: OK
Linux version 6.5.0-rc5-next-20230809-default-cbl (nathan@dev-arch.m3-large-x86-01) (ClangBuiltLinux clang version 15.0.7 (https://github.com/llvm/llvm-project 8dfdcc7b7bf66834a761bd8de445840ef68e4d1a), ClangBuiltLinux LLD 15.0.7) #1 SMP PREEMPT_DYNAMIC Sat Aug 12 01:58:05 UTC 2023
Stopping network: OK
Seeding 256 bits and crediting
Saving 256 bits of creditable seed for next boot
Stopping klogd: OK
Stopping syslogd: OK
umount: devtmpfs busy - remounted read-only
umount: can't unmount /: Invalid argument

The system is going down NOW!

Sent SIGTERM to all processes

Sent SIGKILL to all processes

Requesting system poweroff
[    4.846560][  T186] kvm: exiting hardware virtualization
[    4.846987][  T186] reboot: Power down
$ timeout --foreground 3m stdbuf -eL -oL /usr/sbin/qemu-system-aarch64 -display none -nodefaults -cpu max,pauth-impdef=true -machine virt,gic-version=max,virtualization=true -append 'console=ttyAMA0 earlycon' -kernel /home/nathan/tmp/build/cbl_lkt/linux-next/arm64/arch/arm64/boot/Image.gz -initrd /home/nathan/cbl/llvm-kernel-testing/src/boot-utils/images/arm64/rootfs.cpio -m 512m -serial mon:stdio
