/home/nathan/cbl/src/linux-next/drivers/bus/mhi/host/main.c:803:13: warning: parameter 'event_quota' set but not used [-Wunused-but-set-parameter]
                             u32 event_quota)
                                 ^
1 warning generated.
/home/nathan/cbl/src/linux-next/lib/radix-tree.c:1136:50: warning: parameter 'slot' set but not used [-Wunused-but-set-parameter]
void __rcu **radix_tree_iter_resume(void __rcu **slot,
                                                 ^
1 warning generated.

[01;32mQEMU location: [0m/usr/sbin[0m

[01;32mQEMU version: [0mQEMU emulator version 8.0.3[0m
[    0.000000] Booting Linux on physical CPU 0x0000000000 [0x000f0510]
[    0.000000] Linux version 6.5.0-rc5-next-20230809-cbl-00030-g8150cbc757fd (nathan@dev-arch.m3-large-x86-01) (ClangBuiltLinux clang version 15.0.7 (https://github.com/llvm/llvm-project 8dfdcc7b7bf66834a761bd8de445840ef68e4d1a), ClangBuiltLinux LLD 15.0.7) #1 SMP PREEMPT Sat Aug 12 01:02:23 UTC 2023
[    0.000000] KASLR enabled
[    0.000000] random: crng init done
[    0.000000] Machine model: linux,dummy-virt
[    0.000000] earlycon: pl11 at MMIO 0x0000000009000000 (options '')
[    0.000000] printk: bootconsole [pl11] enabled
[    0.000000] NUMA: No NUMA configuration found
[    0.000000] NUMA: Faking a node at [mem 0x0000000040000000-0x000000005fffffff]
[    0.000000] NUMA: NODE_DATA [mem 0x5fef19c0-0x5fef3fff]
[    0.000000] Zone ranges:
[    0.000000]   DMA      [mem 0x0000000040000000-0x000000005fffffff]
[    0.000000]   DMA32    empty
[    0.000000]   Normal   empty
[    0.000000] Movable zone start for each node
[    0.000000] Early memory node ranges
[    0.000000]   node   0: [mem 0x0000000040000000-0x000000005fffffff]
[    0.000000] Initmem setup node 0 [mem 0x0000000040000000-0x000000005fffffff]
[    0.000000] cma: Reserved 32 MiB at 0x000000005d600000 on node -1
[    0.000000] psci: probing for conduit method from DT.
[    0.000000] psci: PSCIv1.1 detected in firmware.
[    0.000000] psci: Using standard PSCI v0.2 function IDs
[    0.000000] psci: Trusted OS migration not required
[    0.000000] psci: SMC Calling Convention v1.0
[    0.000000] percpu: Embedded 22 pages/cpu s49960 r8192 d31960 u90112
[    0.000000] Detected PIPT I-cache on CPU0
[    0.000000] CPU features: detected: Branch Target Identification
[    0.000000] CPU features: detected: Address authentication (IMP DEF algorithm)
[    0.000000] CPU features: detected: GIC system register CPU interface
[    0.000000] CPU features: detected: HCRX_EL2 register
[    0.000000] CPU features: detected: Virtualization Host Extensions
[    0.000000] CPU features: detected: Hardware dirty bit management
[    0.000000] CPU features: detected: Spectre-v4
[    0.000000] alternatives: applying boot alternatives
[    0.000000] Kernel command line: console=ttyAMA0 earlycon
[    0.000000] Dentry cache hash table entries: 65536 (order: 7, 524288 bytes, linear)
[    0.000000] Inode-cache hash table entries: 32768 (order: 6, 262144 bytes, linear)
[    0.000000] Fallback order for Node 0: 0 
[    0.000000] Built 1 zonelists, mobility grouping on.  Total pages: 129024
[    0.000000] Policy zone: DMA
[    0.000000] mem auto-init: stack:all(zero), heap alloc:off, heap free:off
[    0.000000] software IO TLB: area num 1.
[    0.000000] software IO TLB: mapped [mem 0x0000000059600000-0x000000005d600000] (64MB)
[    0.000000] Memory: 376608K/524288K available (16384K kernel code, 4192K rwdata, 9784K rodata, 1920K init, 540K bss, 114912K reserved, 32768K cma-reserved)
[    0.000000] SLUB: HWalign=64, Order=0-3, MinObjects=0, CPUs=1, Nodes=1
[    0.000000] rcu: Preemptible hierarchical RCU implementation.
[    0.000000] rcu: 	RCU event tracing is enabled.
[    0.000000] rcu: 	RCU restricting CPUs from NR_CPUS=256 to nr_cpu_ids=1.
[    0.000000] 	Trampoline variant of Tasks RCU enabled.
[    0.000000] 	Tracing variant of Tasks RCU enabled.
[    0.000000] rcu: RCU calculated value of scheduler-enlistment delay is 25 jiffies.
[    0.000000] rcu: Adjusting geometry for rcu_fanout_leaf=16, nr_cpu_ids=1
[    0.000000] NR_IRQS: 64, nr_irqs: 64, preallocated irqs: 0
[    0.000000] GICv3: GIC: Using split EOI/Deactivate mode
[    0.000000] GICv3: 256 SPIs implemented
[    0.000000] GICv3: 0 Extended SPIs implemented
[    0.000000] Root IRQ handler: gic_handle_irq
[    0.000000] GICv3: GICv3 features: 16 PPIs
[    0.000000] GICv3: GICv4 features: 
[    0.000000] GICv3: CPU0: found redistributor 0 region 0:0x00000000080a0000
[    0.000000] ITS [mem 0x08080000-0x0809ffff]
[    0.000000] ITS@0x0000000008080000: Single VMOVP capable
[    0.000000] ITS@0x0000000008080000: allocated 8192 Devices @42440000 (indirect, esz 8, psz 64K, shr 1)
[    0.000000] ITS@0x0000000008080000: allocated 8192 Interrupt Collections @42450000 (flat, esz 8, psz 64K, shr 1)
[    0.000000] ITS@0x0000000008080000: allocated 8192 Virtual CPUs @42460000 (indirect, esz 8, psz 64K, shr 1)
[    0.000000] GICv3: using LPI property table @0x0000000042470000
[    0.000000] ITS: Allocated DevID ffff as GICv4 proxy device (2 slots)
[    0.000000] ITS: Enabling GICv4 support
[    0.000000] GICv3: CPU0: using allocated LPI pending table @0x0000000042480000
[    0.000000] rcu: srcu_init: Setting srcu_struct sizes based on contention.
[    0.000000] arch_timer: cp15 timer(s) running at 62.50MHz (phys).
[    0.000000] clocksource: arch_sys_counter: mask: 0x1ffffffffffffff max_cycles: 0x1cd42e208c, max_idle_ns: 881590405314 ns
[    0.000065] sched_clock: 57 bits at 63MHz, resolution 16ns, wraps every 4398046511096ns
[    0.019770] Console: colour dummy device 80x25
[    0.025861] Calibrating delay loop (skipped), value calculated using timer frequency.. 125.00 BogoMIPS (lpj=250000)
[    0.026818] pid_max: default: 32768 minimum: 301
[    0.029080] LSM: initializing lsm=capability,integrity
[    0.032879] Mount-cache hash table entries: 1024 (order: 1, 8192 bytes, linear)
[    0.033067] Mountpoint-cache hash table entries: 1024 (order: 1, 8192 bytes, linear)
[    0.068721] cacheinfo: Unable to detect cache hierarchy for CPU 0
[    0.077469] RCU Tasks: Setting shift to 0 and lim to 1 rcu_task_cb_adjust=1.
[    0.078130] RCU Tasks Trace: Setting shift to 0 and lim to 1 rcu_task_cb_adjust=1.
[    0.079951] rcu: Hierarchical SRCU implementation.
[    0.080067] rcu: 	Max phase no-delay instances is 1000.
[    0.084693] Platform MSI: its@8080000 domain created
[    0.085148] PCI/MSI: /intc@8000000/its@8080000 domain created
[    0.085784] fsl-mc MSI: its@8080000 domain created
[    0.089197] smp: Bringing up secondary CPUs ...
[    0.090191] smp: Brought up 1 node, 1 CPU
[    0.090285] SMP: Total of 1 processors activated.
[    0.090560] CPU features: detected: 32-bit EL0 Support
[    0.090667] CPU features: detected: 32-bit EL1 Support
[    0.090746] CPU features: detected: ARMv8.4 Translation Table Level
[    0.090853] CPU features: detected: Data cache clean to the PoU not required for I/D coherence
[    0.091006] CPU features: detected: Common not Private translations
[    0.091097] CPU features: detected: CRC32 instructions
[    0.092385] CPU features: detected: Data independent timing control (DIT)
[    0.092487] CPU features: detected: E0PD
[    0.092549] CPU features: detected: Enhanced Virtualization Traps
[    0.092709] CPU features: detected: Generic authentication (IMP DEF algorithm)
[    0.092809] CPU features: detected: RCpc load-acquire (LDAPR)
[    0.092888] CPU features: detected: LSE atomic instructions
[    0.093010] CPU features: detected: Privileged Access Never
[    0.093091] CPU features: detected: RAS Extension Support
[    0.093167] CPU features: detected: Random Number Generator
[    0.093245] CPU features: detected: Speculation barrier (SB)
[    0.093323] CPU features: detected: Stage-2 Force Write-Back
[    0.093401] CPU features: detected: TLB range maintenance instructions
[    0.093554] CPU features: detected: Scalable Matrix Extension
[    0.093653] CPU features: detected: FA64
[    0.093722] CPU features: detected: Speculative Store Bypassing Safe (SSBS)
[    0.093813] CPU features: detected: Scalable Vector Extension
[    0.105215] SVE: maximum available vector length 256 bytes per vector
[    0.110580] SVE: default vector length 64 bytes per vector
[    0.110844] SME: minimum available vector length 16 bytes per vector
[    0.110945] SME: maximum available vector length 256 bytes per vector
[    0.111044] SME: default vector length 32 bytes per vector
[    0.111598] CPU: All CPU(s) started at EL2
[    0.111703] alternatives: applying system-wide alternatives
[    0.161660] devtmpfs: initialized
[    0.185040] clocksource: jiffies: mask: 0xffffffff max_cycles: 0xffffffff, max_idle_ns: 7645041785100000 ns
[    0.185856] futex hash table entries: 256 (order: 2, 16384 bytes, linear)
[    0.192161] pinctrl core: initialized pinctrl subsystem
[    0.218163] NET: Registered PF_NETLINK/PF_ROUTE protocol family
[    0.229499] DMA: preallocated 128 KiB GFP_KERNEL pool for atomic allocations
[    0.230152] DMA: preallocated 128 KiB GFP_KERNEL|GFP_DMA pool for atomic allocations
[    0.230616] DMA: preallocated 128 KiB GFP_KERNEL|GFP_DMA32 pool for atomic allocations
[    0.231098] audit: initializing netlink subsys (disabled)
[    0.234944] audit: type=2000 audit(0.200:1): state=initialized audit_enabled=0 res=1
[    0.239592] thermal_sys: Registered thermal governor 'step_wise'
[    0.239691] thermal_sys: Registered thermal governor 'power_allocator'
[    0.240260] cpuidle: using governor menu
[    0.241928] hw-breakpoint: found 6 breakpoint and 4 watchpoint registers.
[    0.242443] ASID allocator initialised with 65536 entries
[    0.251118] Serial: AMBA PL011 UART driver
[    0.316571] 9000000.pl011: ttyAMA0 at MMIO 0x9000000 (irq = 14, base_baud = 0) is a PL011 rev1
[    0.318213] printk: console [ttyAMA0] enabled
[    0.318213] printk: console [ttyAMA0] enabled
[    0.318598] printk: bootconsole [pl11] disabled
[    0.318598] printk: bootconsole [pl11] disabled
[    0.339571] Modules: 2G module region forced by RANDOMIZE_MODULE_REGION_FULL
[    0.339736] Modules: 0 pages in range for non-PLT usage
[    0.339763] Modules: 516032 pages in range for PLT usage
[    0.344451] HugeTLB: registered 1.00 GiB page size, pre-allocated 0 pages
[    0.344634] HugeTLB: 0 KiB vmemmap can be freed for a 1.00 GiB page
[    0.344750] HugeTLB: registered 32.0 MiB page size, pre-allocated 0 pages
[    0.344841] HugeTLB: 0 KiB vmemmap can be freed for a 32.0 MiB page
[    0.344939] HugeTLB: registered 2.00 MiB page size, pre-allocated 0 pages
[    0.345056] HugeTLB: 0 KiB vmemmap can be freed for a 2.00 MiB page
[    0.345167] HugeTLB: registered 64.0 KiB page size, pre-allocated 0 pages
[    0.345260] HugeTLB: 0 KiB vmemmap can be freed for a 64.0 KiB page
[    0.364215] iommu: Default domain type: Translated
[    0.364334] iommu: DMA domain TLB invalidation policy: strict mode
[    0.365848] SCSI subsystem initialized
[    0.368220] usbcore: registered new interface driver usbfs
[    0.368539] usbcore: registered new interface driver hub
[    0.368780] usbcore: registered new device driver usb
[    0.372237] pps_core: LinuxPPS API ver. 1 registered
[    0.372334] pps_core: Software ver. 5.3.6 - Copyright 2005-2007 Rodolfo Giometti <giometti@linux.it>
[    0.372545] PTP clock support registered
[    0.373242] EDAC MC: Ver: 3.0.0
[    0.375962] scmi_core: SCMI protocol bus registered
[    0.379361] FPGA manager framework
[    0.380234] Advanced Linux Sound Architecture Driver Initialized.
[    0.391760] vgaarb: loaded
[    0.394186] clocksource: Switched to clocksource arch_sys_counter
[    0.397455] VFS: Disk quotas dquot_6.6.0
[    0.397686] VFS: Dquot-cache hash table entries: 512 (order 0, 4096 bytes)
[    0.423055] NET: Registered PF_INET protocol family
[    0.424645] IP idents hash table entries: 8192 (order: 4, 65536 bytes, linear)
[    0.429795] tcp_listen_portaddr_hash hash table entries: 256 (order: 0, 4096 bytes, linear)
[    0.430066] Table-perturb hash table entries: 65536 (order: 6, 262144 bytes, linear)
[    0.430272] TCP established hash table entries: 4096 (order: 3, 32768 bytes, linear)
[    0.430571] TCP bind hash table entries: 4096 (order: 5, 131072 bytes, linear)
[    0.430855] TCP: Hash tables configured (established 4096 bind 4096)
[    0.432000] UDP hash table entries: 256 (order: 1, 8192 bytes, linear)
[    0.432346] UDP-Lite hash table entries: 256 (order: 1, 8192 bytes, linear)
[    0.433501] NET: Registered PF_UNIX/PF_LOCAL protocol family
[    0.436478] RPC: Registered named UNIX socket transport module.
[    0.436612] RPC: Registered udp transport module.
[    0.436690] RPC: Registered tcp transport module.
[    0.436761] RPC: Registered tcp-with-tls transport module.
[    0.436841] RPC: Registered tcp NFSv4.1 backchannel transport module.
[    0.437031] PCI: CLS 0 bytes, default 64
[    0.441377] Unpacking initramfs...
[    0.443564] kvm [1]: IPA Size Limit: 48 bits
[    0.444265] kvm [1]: GICv4 support disabled
[    0.444361] kvm [1]: GICv3: no GICV resource entry
[    0.444529] kvm [1]: disabling GICv2 emulation
[    0.444712] kvm [1]: GIC system register CPU interface enabled
[    0.445793] kvm [1]: vgic interrupt IRQ9
[    0.446591] kvm [1]: VHE mode initialized successfully
[    0.453575] Initialise system trusted keyrings
[    0.459496] workingset: timestamp_bits=42 max_order=17 bucket_order=0
[    0.461680] squashfs: version 4.0 (2009/01/31) Phillip Lougher
[    0.467620] NFS: Registering the id_resolver key type
[    0.467989] Key type id_resolver registered
[    0.468093] Key type id_legacy registered
[    0.468420] nfs4filelayout_init: NFSv4 File Layout Driver Registering...
[    0.468593] nfs4flexfilelayout_init: NFSv4 Flexfile Layout Driver Registering...
[    0.474039] 9p: Installing v9fs 9p2000 file system support
[    0.552367] Key type asymmetric registered
[    0.552537] Asymmetric key parser 'x509' registered
[    0.552878] Block layer SCSI generic (bsg) driver version 0.4 loaded (major 245)
[    0.553090] io scheduler mq-deadline registered
[    0.553225] io scheduler kyber registered
[    0.553596] io scheduler bfq registered
[    0.585555] Freeing initrd memory: 4428K
[    0.610140] pl061_gpio 9030000.pl061: PL061 GPIO chip registered
[    0.617906] pci-host-generic 4010000000.pcie: host bridge /pcie@10000000 ranges:
[    0.618672] pci-host-generic 4010000000.pcie:       IO 0x003eff0000..0x003effffff -> 0x0000000000
[    0.619342] pci-host-generic 4010000000.pcie:      MEM 0x0010000000..0x003efeffff -> 0x0010000000
[    0.619512] pci-host-generic 4010000000.pcie:      MEM 0x8000000000..0xffffffffff -> 0x8000000000
[    0.620191] pci-host-generic 4010000000.pcie: Memory resource size exceeds max for 32 bits
[    0.620809] pci-host-generic 4010000000.pcie: ECAM at [mem 0x4010000000-0x401fffffff] for [bus 00-ff]
[    0.622476] pci-host-generic 4010000000.pcie: PCI host bridge to bus 0000:00
[    0.622846] pci_bus 0000:00: root bus resource [bus 00-ff]
[    0.623001] pci_bus 0000:00: root bus resource [io  0x0000-0xffff]
[    0.623122] pci_bus 0000:00: root bus resource [mem 0x10000000-0x3efeffff]
[    0.623223] pci_bus 0000:00: root bus resource [mem 0x8000000000-0xffffffffff]
[    0.624751] pci 0000:00:00.0: [1b36:0008] type 00 class 0x060000
[    0.721446] Serial: 8250/16550 driver, 4 ports, IRQ sharing enabled
[    0.731335] SuperH (H)SCI(F) driver initialized
[    0.733073] msm_serial: driver initialized
[    0.735093] STM32 USART driver initialized
[    0.761811] loop: module loaded
[    0.765345] megasas: 07.725.01.00-rc1
[    0.772010] physmap-flash 0.flash: physmap platform flash device: [mem 0x00000000-0x03ffffff]
[    0.779648] physmap-flash 0.flash: map_probe failed
[    0.800973] tun: Universal TUN/TAP device driver, 1.6
[    0.804589] thunder_xcv, ver 1.0
[    0.804761] thunder_bgx, ver 1.0
[    0.804950] nicpf, ver 1.0
[    0.809180] hns3: Hisilicon Ethernet Network Driver for Hip08 Family - version
[    0.809297] hns3: Copyright (c) 2017 Huawei Corporation.
[    0.809642] hclge is initializing
[    0.809942] e1000: Intel(R) PRO/1000 Network Driver
[    0.810035] e1000: Copyright (c) 1999-2006 Intel Corporation.
[    0.810236] e1000e: Intel(R) PRO/1000 Network Driver
[    0.810317] e1000e: Copyright(c) 1999 - 2015 Intel Corporation.
[    0.810516] igb: Intel(R) Gigabit Ethernet Network Driver
[    0.810605] igb: Copyright (c) 2007-2014 Intel Corporation.
[    0.810783] igbvf: Intel(R) Gigabit Virtual Function Network Driver
[    0.810900] igbvf: Copyright (c) 2009 - 2012 Intel Corporation.
[    0.812013] sky2: driver version 1.30
[    0.816314] VFIO - User Level meta-driver version: 0.3
[    0.826621] usbcore: registered new interface driver usb-storage
[    0.837980] rtc-pl031 9010000.pl031: registered as rtc0
[    0.838774] rtc-pl031 9010000.pl031: setting system clock to 2023-08-12T01:02:42 UTC (1691802162)
[    0.841660] i2c_dev: i2c /dev entries driver
[    0.863058] sdhci: Secure Digital Host Controller Interface driver
[    0.863164] sdhci: Copyright(c) Pierre Ossman
[    0.865318] Synopsys Designware Multimedia Card Interface Driver
[    0.868447] sdhci-pltfm: SDHCI platform and OF driver helper
[    0.875793] ledtrig-cpu: registered to indicate activity on CPUs
[    0.882236] usbcore: registered new interface driver usbhid
[    0.882342] usbhid: USB HID core driver
[    0.894339] hw perfevents: enabled with armv8_pmuv3 PMU driver, 7 counters available
[    0.907810] NET: Registered PF_PACKET protocol family
[    0.909266] 9pnet: Installing 9P2000 support
[    0.909599] Key type dns_resolver registered
[    0.939934] registered taskstats version 1
[    0.941255] Loading compiled-in X.509 certificates
[    0.976294] input: gpio-keys as /devices/platform/gpio-keys/input/input0
[    0.984668] clk: Disabling unused clocks
[    0.985268] ALSA device list:
[    0.985409]   No soundcards found.
[    0.988778] uart-pl011 9000000.pl011: no DMA platform data
[    1.053520] Freeing unused kernel memory: 1920K
[    1.054808] Run /init as init process
Starting syslogd: OK
Starting klogd: OK
Running sysctl: OK
Saving 256 bits of creditable seed for next boot
Starting network: OK
Linux version 6.5.0-rc5-next-20230809-cbl-00030-g8150cbc757fd (nathan@dev-arch.m3-large-x86-01) (ClangBuiltLinux clang version 15.0.7 (https://github.com/llvm/llvm-project 8dfdcc7b7bf66834a761bd8de445840ef68e4d1a), ClangBuiltLinux LLD 15.0.7) #1 SMP PREEMPT Sat Aug 12 01:02:23 UTC 2023
Stopping network: OK
Seeding 256 bits and crediting
Saving 256 bits of creditable seed for next boot
Stopping klogd: OK
Stopping syslogd: OK
umount: devtmpfs busy - remounted read-only
umount: can't unmount /: Invalid argument

The system is going down NOW!

Sent SIGTERM to all processes

Sent SIGKILL to all processes

Requesting system poweroff
[    3.814926] kvm: exiting hardware virtualization
[    3.815125] reboot: Power down
$ timeout --foreground 3m stdbuf -eL -oL /usr/sbin/qemu-system-aarch64 -display none -nodefaults -cpu max,pauth-impdef=true -machine virt,gic-version=max,virtualization=true -append 'console=ttyAMA0 earlycon' -kernel /home/nathan/tmp/build/cbl_lkt/linux-next/arm64/arch/arm64/boot/Image.gz -initrd /home/nathan/cbl/llvm-kernel-testing/src/boot-utils/images/arm64be/rootfs.cpio -m 512m -serial mon:stdio
