/home/nathan/cbl/src/linux-next/drivers/bus/mhi/host/main.c:803:13: warning: parameter 'event_quota' set but not used [-Wunused-but-set-parameter]
                             u32 event_quota)
                                 ^
1 warning generated.
/home/nathan/cbl/src/linux-next/lib/radix-tree.c:1136:50: warning: parameter 'slot' set but not used [-Wunused-but-set-parameter]
void __rcu **radix_tree_iter_resume(void __rcu **slot,
                                                 ^
1 warning generated.
/home/nathan/cbl/src/linux-next/drivers/block/rbd.c:6149:17: warning: result of comparison of constant 2305843009213693948 with expression of type 'u32' (aka 'unsigned int') is always false [-Wtautological-constant-out-of-range-compare]
        if (snap_count > (SIZE_MAX - sizeof (struct ceph_snap_context))
            ~~~~~~~~~~ ^ ~~~~~~~~~~~~~~~~~~~~~~~~~~~~~~~~~~~~~~~~~~~~~~
1 warning generated.
/home/nathan/cbl/src/linux-next/net/ceph/osdmap.c:1441:10: warning: result of comparison of constant 4611686018427387891 with expression of type 'u32' (aka 'unsigned int') is always false [-Wtautological-constant-out-of-range-compare]
        if (len > (SIZE_MAX - sizeof(*pg)) / sizeof(u32))
            ~~~ ^ ~~~~~~~~~~~~~~~~~~~~~~~~~~~~~~~~~~~~~~
/home/nathan/cbl/src/linux-next/net/ceph/osdmap.c:1624:10: warning: result of comparison of constant 2305843009213693945 with expression of type 'u32' (aka 'unsigned int') is always false [-Wtautological-constant-out-of-range-compare]
        if (len > (SIZE_MAX - sizeof(*pg)) / (2 * sizeof(u32)))
            ~~~ ^ ~~~~~~~~~~~~~~~~~~~~~~~~~~~~~~~~~~~~~~~~~~~~
/home/nathan/cbl/src/linux-next/drivers/net/wireless/ath/ath9k/main.c:1566:21: warning: parameter 'changed_flags' set but not used [-Wunused-but-set-parameter]
                                   unsigned int changed_flags,
                                                ^
2 warnings generated.
1 warning generated.
/home/nathan/cbl/src/linux-next/drivers/net/wireless/ath/ath5k/mac80211-ops.c:367:62: warning: parameter 'changed_flags' set but not used [-Wunused-but-set-parameter]
ath5k_configure_filter(struct ieee80211_hw *hw, unsigned int changed_flags,
                                                             ^
1 warning generated.
/home/nathan/cbl/src/linux-next/drivers/net/wireless/ath/ath9k/htc_drv_main.c:1258:25: warning: parameter 'changed_flags' set but not used [-Wunused-but-set-parameter]
                                       unsigned int changed_flags,
                                                    ^
1 warning generated.
/home/nathan/cbl/src/linux-next/fs/ceph/snap.c:372:10: warning: result of comparison of constant 2305843009213693948 with expression of type 'u32' (aka 'unsigned int') is always false [-Wtautological-constant-out-of-range-compare]
        if (num > (SIZE_MAX - sizeof(*snapc)) / sizeof(u64))
            ~~~ ^ ~~~~~~~~~~~~~~~~~~~~~~~~~~~~~~~~~~~~~~~~~
1 warning generated.

[01;32mQEMU location: [0m/usr/sbin[0m

[01;32mQEMU version: [0mQEMU emulator version 8.0.3[0m
[    0.000000] Booting Linux on physical CPU 0x0000000000 [0x000f0510]
[    0.000000] Linux version 6.5.0-rc5-next-20230809-ARCH-cbl (nathan@dev-arch.m3-large-x86-01) (ClangBuiltLinux clang version 15.0.7 (https://github.com/llvm/llvm-project 8dfdcc7b7bf66834a761bd8de445840ef68e4d1a), ClangBuiltLinux LLD 15.0.7) #1 SMP PREEMPT_DYNAMIC Sat Aug 12 01:39:58 UTC 2023
[    0.000000] random: crng init done
[    0.000000] Machine model: linux,dummy-virt
[    0.000000] efi: UEFI not found.
[    0.000000] earlycon: pl11 at MMIO 0x0000000009000000 (options '')
[    0.000000] printk: bootconsole [pl11] enabled
[    0.000000] Zone ranges:
[    0.000000]   DMA      [mem 0x0000000040000000-0x000000005fffffff]
[    0.000000]   DMA32    empty
[    0.000000]   Normal   empty
[    0.000000] Movable zone start for each node
[    0.000000] Early memory node ranges
[    0.000000]   node   0: [mem 0x0000000040000000-0x000000005fffffff]
[    0.000000] Initmem setup node 0 [mem 0x0000000040000000-0x000000005fffffff]
[    0.000000] cma: Reserved 64 MiB at 0x000000005b600000 on node -1
[    0.000000] psci: probing for conduit method from DT.
[    0.000000] psci: PSCIv1.1 detected in firmware.
[    0.000000] psci: Using standard PSCI v0.2 function IDs
[    0.000000] psci: Trusted OS migration not required
[    0.000000] psci: SMC Calling Convention v1.0
[    0.000000] percpu: Embedded 22 pages/cpu s51496 r8192 d30424 u90112
[    0.000000] Detected PIPT I-cache on CPU0
[    0.000000] CPU features: detected: Branch Target Identification
[    0.000000] CPU features: detected: Address authentication (IMP DEF algorithm)
[    0.000000] CPU features: detected: GIC system register CPU interface
[    0.000000] CPU features: detected: HCRX_EL2 register
[    0.000000] CPU features: detected: Virtualization Host Extensions
[    0.000000] CPU features: detected: Hardware dirty bit management
[    0.000000] CPU features: detected: Spectre-v4
[    0.000000] alternatives: applying boot alternatives
[    0.000000] Kernel command line: console=ttyAMA0 earlycon
[    0.000000] Dentry cache hash table entries: 65536 (order: 7, 524288 bytes, linear)
[    0.000000] Inode-cache hash table entries: 32768 (order: 6, 262144 bytes, linear)
[    0.000000] Built 1 zonelists, mobility grouping on.  Total pages: 129024
[    0.000000] mem auto-init: stack:off, heap alloc:off, heap free:off
[    0.000000] software IO TLB: area num 1.
[    0.000000] software IO TLB: mapped [mem 0x0000000057600000-0x000000005b600000] (64MB)
[    0.000000] Memory: 339816K/524288K available (19264K kernel code, 4520K rwdata, 10364K rodata, 1728K init, 970K bss, 118936K reserved, 65536K cma-reserved)
[    0.000000] SLUB: HWalign=64, Order=0-3, MinObjects=0, CPUs=1, Nodes=1
[    0.000000] Dynamic Preempt: full
[    0.000000] rcu: Preemptible hierarchical RCU implementation.
[    0.000000] rcu: 	RCU restricting CPUs from NR_CPUS=64 to nr_cpu_ids=1.
[    0.000000] 	Trampoline variant of Tasks RCU enabled.
[    0.000000] 	Tracing variant of Tasks RCU enabled.
[    0.000000] rcu: RCU calculated value of scheduler-enlistment delay is 100 jiffies.
[    0.000000] rcu: Adjusting geometry for rcu_fanout_leaf=16, nr_cpu_ids=1
[    0.000000] NR_IRQS: 64, nr_irqs: 64, preallocated irqs: 0
[    0.000000] GICv3: GIC: Using split EOI/Deactivate mode
[    0.000000] GICv3: 256 SPIs implemented
[    0.000000] GICv3: 0 Extended SPIs implemented
[    0.000000] Root IRQ handler: gic_handle_irq
[    0.000000] GICv3: GICv3 features: 16 PPIs
[    0.000000] GICv3: GICv4 features: 
[    0.000000] GICv3: CPU0: found redistributor 0 region 0:0x00000000080a0000
[    0.000000] ITS [mem 0x08080000-0x0809ffff]
[    0.000000] ITS@0x0000000008080000: Single VMOVP capable
[    0.000000] ITS@0x0000000008080000: allocated 8192 Devices @42840000 (indirect, esz 8, psz 64K, shr 1)
[    0.000000] ITS@0x0000000008080000: allocated 8192 Interrupt Collections @42850000 (flat, esz 8, psz 64K, shr 1)
[    0.000000] ITS@0x0000000008080000: allocated 8192 Virtual CPUs @42860000 (indirect, esz 8, psz 64K, shr 1)
[    0.000000] GICv3: using LPI property table @0x0000000042870000
[    0.000000] ITS: Allocated DevID ffff as GICv4 proxy device (2 slots)
[    0.000000] ITS: Enabling GICv4 support
[    0.000000] GICv3: CPU0: using allocated LPI pending table @0x0000000042880000
[    0.000000] rcu: srcu_init: Setting srcu_struct sizes based on contention.
[    0.000000] arch_timer: cp15 timer(s) running at 62.50MHz (phys).
[    0.000000] clocksource: arch_sys_counter: mask: 0x1ffffffffffffff max_cycles: 0x1cd42e208c, max_idle_ns: 881590405314 ns
[    0.000068] sched_clock: 57 bits at 63MHz, resolution 16ns, wraps every 4398046511096ns
[    0.019211] Console: colour dummy device 80x25
[    0.025607] Calibrating delay loop (skipped), value calculated using timer frequency.. 125.00 BogoMIPS (lpj=62500)
[    0.026763] pid_max: default: 32768 minimum: 301
[    0.030015] LSM: initializing lsm=capability,yama
[    0.030499] Yama: becoming mindful.
[    0.035041] Mount-cache hash table entries: 1024 (order: 1, 8192 bytes, linear)
[    0.035303] Mountpoint-cache hash table entries: 1024 (order: 1, 8192 bytes, linear)
[    0.076318] cacheinfo: Unable to detect cache hierarchy for CPU 0
[    0.087467] RCU Tasks: Setting shift to 0 and lim to 1 rcu_task_cb_adjust=1.
[    0.088912] RCU Tasks Trace: Setting shift to 0 and lim to 1 rcu_task_cb_adjust=1.
[    0.091488] rcu: Hierarchical SRCU implementation.
[    0.091604] rcu: 	Max phase no-delay instances is 400.
[    0.101467] Platform MSI: its@8080000 domain created
[    0.102160] PCI/MSI: /intc@8000000/its@8080000 domain created
[    0.102828] fsl-mc MSI: its@8080000 domain created
[    0.105160] EFI services will not be available.
[    0.107400] smp: Bringing up secondary CPUs ...
[    0.110205] smp: Brought up 1 node, 1 CPU
[    0.110305] SMP: Total of 1 processors activated.
[    0.110554] CPU features: detected: 32-bit EL0 Support
[    0.110662] CPU features: detected: 32-bit EL1 Support
[    0.110751] CPU features: detected: ARMv8.4 Translation Table Level
[    0.110860] CPU features: detected: Data cache clean to the PoU not required for I/D coherence
[    0.111859] CPU features: detected: Common not Private translations
[    0.111958] CPU features: detected: CRC32 instructions
[    0.112035] CPU features: detected: Data independent timing control (DIT)
[    0.112567] CPU features: detected: E0PD
[    0.112635] CPU features: detected: Enhanced Virtualization Traps
[    0.112804] CPU features: detected: Generic authentication (IMP DEF algorithm)
[    0.112905] CPU features: detected: RCpc load-acquire (LDAPR)
[    0.112986] CPU features: detected: LSE atomic instructions
[    0.113113] CPU features: detected: Privileged Access Never
[    0.113266] CPU features: detected: RAS Extension Support
[    0.113343] CPU features: detected: Random Number Generator
[    0.113422] CPU features: detected: Speculation barrier (SB)
[    0.113501] CPU features: detected: Stage-2 Force Write-Back
[    0.113582] CPU features: detected: TLB range maintenance instructions
[    0.113712] CPU features: detected: Scalable Matrix Extension
[    0.113799] CPU features: detected: FA64
[    0.113861] CPU features: detected: Speculative Store Bypassing Safe (SSBS)
[    0.113955] CPU features: detected: Scalable Vector Extension
[    0.125507] SVE: maximum available vector length 256 bytes per vector
[    0.129013] SVE: default vector length 64 bytes per vector
[    0.131258] SME: minimum available vector length 16 bytes per vector
[    0.131371] SME: maximum available vector length 256 bytes per vector
[    0.131468] SME: default vector length 32 bytes per vector
[    0.132082] CPU: All CPU(s) started at EL2
[    0.132183] alternatives: applying system-wide alternatives
[    0.184491] devtmpfs: initialized
[    0.212230] clocksource: jiffies: mask: 0xffffffff max_cycles: 0xffffffff, max_idle_ns: 1911260446275000 ns
[    0.212995] futex hash table entries: 256 (order: 2, 16384 bytes, linear)
[    0.221360] pinctrl core: initialized pinctrl subsystem
[    0.235200] DMI not present or invalid.
[    0.253770] NET: Registered PF_NETLINK/PF_ROUTE protocol family
[    0.268942] DMA: preallocated 128 KiB GFP_KERNEL pool for atomic allocations
[    0.269719] DMA: preallocated 128 KiB GFP_KERNEL|GFP_DMA pool for atomic allocations
[    0.270478] DMA: preallocated 128 KiB GFP_KERNEL|GFP_DMA32 pool for atomic allocations
[    0.271277] audit: initializing netlink subsys (disabled)
[    0.274579] audit: type=2000 audit(0.217:1): state=initialized audit_enabled=0 res=1
[    0.281972] thermal_sys: Registered thermal governor 'fair_share'
[    0.282072] thermal_sys: Registered thermal governor 'bang_bang'
[    0.282208] thermal_sys: Registered thermal governor 'step_wise'
[    0.282299] thermal_sys: Registered thermal governor 'user_space'
[    0.282383] thermal_sys: Registered thermal governor 'power_allocator'
[    0.283221] cpuidle: using governor ladder
[    0.283625] cpuidle: using governor menu
[    0.285673] hw-breakpoint: found 6 breakpoint and 4 watchpoint registers.
[    0.286352] ASID allocator initialised with 65536 entries
[    0.297428] Serial: AMBA PL011 UART driver
[    0.392213] 9000000.pl011: ttyAMA0 at MMIO 0x9000000 (irq = 14, base_baud = 0) is a PL011 rev1
[    0.393910] printk: console [ttyAMA0] enabled
[    0.393910] printk: console [ttyAMA0] enabled
[    0.394383] printk: bootconsole [pl11] disabled
[    0.394383] printk: bootconsole [pl11] disabled
[    0.412934] Modules: 23504 pages in range for non-PLT usage
[    0.412973] Modules: 515024 pages in range for PLT usage
[    0.419889] HugeTLB: registered 1.00 GiB page size, pre-allocated 0 pages
[    0.420076] HugeTLB: 0 KiB vmemmap can be freed for a 1.00 GiB page
[    0.420277] HugeTLB: registered 32.0 MiB page size, pre-allocated 0 pages
[    0.420376] HugeTLB: 0 KiB vmemmap can be freed for a 32.0 MiB page
[    0.420471] HugeTLB: registered 2.00 MiB page size, pre-allocated 0 pages
[    0.420564] HugeTLB: 0 KiB vmemmap can be freed for a 2.00 MiB page
[    0.420663] HugeTLB: registered 64.0 KiB page size, pre-allocated 0 pages
[    0.420764] HugeTLB: 0 KiB vmemmap can be freed for a 64.0 KiB page
[    0.426441] cryptd: max_cpu_qlen set to 1000
[    0.449526] raid6: neonx8   gen()  1661 MB/s
[    0.467045] raid6: neonx4   gen()  1787 MB/s
[    0.484809] raid6: neonx2   gen()  1442 MB/s
[    0.502586] raid6: neonx1   gen()   927 MB/s
[    0.520317] raid6: int64x8  gen()  1645 MB/s
[    0.538089] raid6: int64x4  gen()  2141 MB/s
[    0.555856] raid6: int64x2  gen()  1687 MB/s
[    0.573619] raid6: int64x1  gen()  1182 MB/s
[    0.573735] raid6: using algorithm int64x4 gen() 2141 MB/s
[    0.591383] raid6: .... xor() 1220 MB/s, rmw enabled
[    0.591521] raid6: using neon recovery algorithm
[    0.595467] ACPI: Interpreter disabled.
[    0.610630] iommu: Default domain type: Translated
[    0.610756] iommu: DMA domain TLB invalidation policy: strict mode
[    0.616415] SCSI subsystem initialized
[    0.619851] usbcore: registered new interface driver usbfs
[    0.620334] usbcore: registered new interface driver hub
[    0.620670] usbcore: registered new device driver usb
[    0.624393] pps_core: LinuxPPS API ver. 1 registered
[    0.624575] pps_core: Software ver. 5.3.6 - Copyright 2005-2007 Rodolfo Giometti <giometti@linux.it>
[    0.624814] PTP clock support registered
[    0.626360] EDAC MC: Ver: 3.0.0
[    0.630464] scmi_core: SCMI protocol bus registered
[    0.634331] FPGA manager framework
[    0.635556] Advanced Linux Sound Architecture Driver Initialized.
[    0.647742] NetLabel: Initializing
[    0.647828] NetLabel:  domain hash size = 128
[    0.647981] NetLabel:  protocols = UNLABELED CIPSOv4 CALIPSO
[    0.648950] NetLabel:  unlabeled traffic allowed by default
[    0.650651] vgaarb: loaded
[    0.656907] clocksource: Switched to clocksource arch_sys_counter
[    0.661011] VFS: Disk quotas dquot_6.6.0
[    0.661295] VFS: Dquot-cache hash table entries: 512 (order 0, 4096 bytes)
[    0.664928] pnp: PnP ACPI: disabled
[    0.706868] NET: Registered PF_INET protocol family
[    0.709038] IP idents hash table entries: 8192 (order: 4, 65536 bytes, linear)
[    0.719979] tcp_listen_portaddr_hash hash table entries: 256 (order: 0, 4096 bytes, linear)
[    0.720194] Table-perturb hash table entries: 65536 (order: 6, 262144 bytes, linear)
[    0.720383] TCP established hash table entries: 4096 (order: 3, 32768 bytes, linear)
[    0.720981] TCP bind hash table entries: 4096 (order: 5, 131072 bytes, linear)
[    0.721465] TCP: Hash tables configured (established 4096 bind 4096)
[    0.723681] MPTCP token hash table entries: 512 (order: 1, 12288 bytes, linear)
[    0.724166] UDP hash table entries: 256 (order: 1, 8192 bytes, linear)
[    0.724632] UDP-Lite hash table entries: 256 (order: 1, 8192 bytes, linear)
[    0.726468] NET: Registered PF_UNIX/PF_LOCAL protocol family
[    0.730427] RPC: Registered named UNIX socket transport module.
[    0.730663] RPC: Registered udp transport module.
[    0.730758] RPC: Registered tcp transport module.
[    0.730837] RPC: Registered tcp-with-tls transport module.
[    0.730923] RPC: Registered tcp NFSv4.1 backchannel transport module.
[    0.731124] PCI: CLS 0 bytes, default 64
[    0.732441] kvm [1]: IPA Size Limit: 48 bits
[    0.733315] kvm [1]: GICv4 support disabled
[    0.733422] kvm [1]: GICv3: no GICV resource entry
[    0.736391] kvm [1]: disabling GICv2 emulation
[    0.736694] kvm [1]: GIC system register CPU interface enabled
[    0.739869] kvm [1]: vgic interrupt IRQ9
[    0.742881] kvm [1]: VHE mode initialized successfully
[    0.747028] Trying to unpack rootfs image as initramfs...
[    0.761761] Initialise system trusted keyrings
[    0.767076] workingset: timestamp_bits=46 max_order=17 bucket_order=0
[    0.767638] zbud: loaded
[    0.780967] NFS: Registering the id_resolver key type
[    0.781387] Key type id_resolver registered
[    0.781492] Key type id_legacy registered
[    0.782960] nfs4filelayout_init: NFSv4 File Layout Driver Registering...
[    0.783460] nfs4flexfilelayout_init: NFSv4 Flexfile Layout Driver Registering...
[    0.786655] ntfs3: Max link count 4000
[    0.786748] ntfs3: Read-only LZX/Xpress compression included
[    0.789190] SGI XFS with ACLs, security attributes, quota, no debug enabled
[    0.920365] NET: Registered PF_ALG protocol family
[    0.921950] xor: measuring software checksum speed
[    0.931775]    8regs           :  2227 MB/sec
[    0.940621]    32regs          :  2189 MB/sec
[    0.968633]    arm64_neon      :   727 MB/sec
[    0.968778] xor: using function: 8regs (2227 MB/sec)
[    0.968913] Key type asymmetric registered
[    0.969059] Asymmetric key parser 'x509' registered
[    0.970623] Block layer SCSI generic (bsg) driver version 0.4 loaded (major 242)
[    0.973309] io scheduler mq-deadline registered
[    0.973466] io scheduler kyber registered
[    0.974183] io scheduler bfq registered
[    1.029939] Freeing initrd memory: 4428K
[    1.072288] pl061_gpio 9030000.pl061: PL061 GPIO chip registered
[    1.080235] pci-host-generic 4010000000.pcie: host bridge /pcie@10000000 ranges:
[    1.081321] pci-host-generic 4010000000.pcie:       IO 0x003eff0000..0x003effffff -> 0x0000000000
[    1.082164] pci-host-generic 4010000000.pcie:      MEM 0x0010000000..0x003efeffff -> 0x0010000000
[    1.082380] pci-host-generic 4010000000.pcie:      MEM 0x8000000000..0xffffffffff -> 0x8000000000
[    1.083114] pci-host-generic 4010000000.pcie: Memory resource size exceeds max for 32 bits
[    1.083880] pci-host-generic 4010000000.pcie: ECAM at [mem 0x4010000000-0x401fffffff] for [bus 00-ff]
[    1.086036] pci-host-generic 4010000000.pcie: PCI host bridge to bus 0000:00
[    1.086433] pci_bus 0000:00: root bus resource [bus 00-ff]
[    1.086686] pci_bus 0000:00: root bus resource [io  0x0000-0xffff]
[    1.086824] pci_bus 0000:00: root bus resource [mem 0x10000000-0x3efeffff]
[    1.086940] pci_bus 0000:00: root bus resource [mem 0x8000000000-0xffffffffff]
[    1.088798] pci 0000:00:00.0: [1b36:0008] type 00 class 0x060000
[    1.104012] IPMI message handler: version 39.2
[    1.222438] Serial: 8250/16550 driver, 4 ports, IRQ sharing enabled
[    1.238979] msm_serial: driver initialized
[    1.307270] SPI driver max3421-hcd has no spi_device_id for maxim,max3421
[    1.308087] usbcore: registered new interface driver uas
[    1.308378] usbcore: registered new interface driver usb-storage
[    1.308683] usbcore: registered new interface driver ums-alauda
[    1.308909] usbcore: registered new interface driver ums-cypress
[    1.309140] usbcore: registered new interface driver ums-datafab
[    1.309360] usbcore: registered new interface driver ums_eneub6250
[    1.309737] usbcore: registered new interface driver ums-freecom
[    1.309965] usbcore: registered new interface driver ums-isd200
[    1.310178] usbcore: registered new interface driver ums-jumpshot
[    1.310408] usbcore: registered new interface driver ums-karma
[    1.310696] usbcore: registered new interface driver ums-onetouch
[    1.310919] usbcore: registered new interface driver ums-realtek
[    1.311160] usbcore: registered new interface driver ums-sddr09
[    1.311395] usbcore: registered new interface driver ums-sddr55
[    1.311688] usbcore: registered new interface driver ums-usbat
[    1.312226] usbcore: registered new interface driver usbserial_generic
[    1.312667] usbserial: USB Serial support registered for generic
[    1.319807] mousedev: PS/2 mouse device common for all mice
[    1.331980] rtc-pl031 9010000.pl031: registered as rtc0
[    1.332871] rtc-pl031 9010000.pl031: setting system clock to 2023-08-12T01:40:29 UTC (1691804429)
[    1.347759] device-mapper: uevent: version 1.0.3
[    1.348931] device-mapper: ioctl: 4.48.0-ioctl (2023-03-01) initialised: dm-devel@redhat.com
[    1.358282] sdhci: Secure Digital Host Controller Interface driver
[    1.358393] sdhci: Copyright(c) Pierre Ossman
[    1.362112] Synopsys Designware Multimedia Card Interface Driver
[    1.367014] sdhci-pltfm: SDHCI platform and OF driver helper
[    1.375358] ledtrig-cpu: registered to indicate activity on CPUs
[    1.382153] hid: raw HID events driver (C) Jiri Kosina
[    1.382902] usbcore: registered new interface driver usbhid
[    1.383008] usbhid: USB HID core driver
[    1.402289] hw perfevents: enabled with armv8_pmuv3 PMU driver, 7 counters available
[    1.403264] watchdog: Delayed init of the lockup detector failed: -19
[    1.403392] watchdog: Hard watchdog permanently disabled
[    1.425624] Initializing XFRM netlink socket
[    1.426301] NET: Registered PF_INET6 protocol family
[    1.575330] Segment Routing with IPv6
[    1.575887] In-situ OAM (IOAM) with IPv6
[    1.576716] mip6: Mobile IPv6
[    1.577101] NET: Registered PF_PACKET protocol family
[    1.577884] Key type dns_resolver registered
[    1.641877] registered taskstats version 1
[    1.643284] Loading compiled-in X.509 certificates
[    1.702040] debug_vm_pgtable: [debug_vm_pgtable         ]: Validating architecture page table helpers
[    1.705493] Key type .fscrypt registered
[    1.705806] Key type fscrypt-provisioning registered
[    1.715104] Btrfs loaded, zoned=yes, fsverity=no
[    1.724375] Key type encrypted registered
[    2.363104] clk: Disabling unused clocks
[    2.363864] ALSA device list:
[    2.364014]   No soundcards found.
[    2.367437] uart-pl011 9000000.pl011: no DMA platform data
[    2.444043] Freeing unused kernel memory: 1728K
[    2.445199] Run /init as init process
Starting syslogd: OK
Starting klogd: OK
Running sysctl: OK
Saving 256 bits of creditable seed for next boot
Starting network: OK
Linux version 6.5.0-rc5-next-20230809-ARCH-cbl (nathan@dev-arch.m3-large-x86-01) (ClangBuiltLinux clang version 15.0.7 (https://github.com/llvm/llvm-project 8dfdcc7b7bf66834a761bd8de445840ef68e4d1a), ClangBuiltLinux LLD 15.0.7) #1 SMP PREEMPT_DYNAMIC Sat Aug 12 01:39:58 UTC 2023
Stopping network: OK
Seeding 256 bits and crediting
Saving 256 bits of creditable seed for next boot
Stopping klogd: OK
Stopping syslogd: OK
umount: devtmpfs busy - remounted read-only
umount: can't unmount /: Invalid argument

The system is going down NOW!

Sent SIGTERM to all processes

Sent SIGKILL to all processes

Requesting system poweroff
[    5.759407] kvm: exiting hardware virtualization
[    5.759686] reboot: Power down
$ timeout --foreground 3m stdbuf -eL -oL /usr/sbin/qemu-system-aarch64 -display none -nodefaults -cpu max,pauth-impdef=true -machine virt,gic-version=max,virtualization=true -append 'console=ttyAMA0 earlycon' -kernel /home/nathan/tmp/build/cbl_lkt/linux-next/arm64/arch/arm64/boot/Image.gz -initrd /home/nathan/cbl/llvm-kernel-testing/src/boot-utils/images/arm64/rootfs.cpio -m 512m -serial mon:stdio
