/home/nathan/cbl/src/linux-next/drivers/bus/mhi/host/main.c:803:13: warning: parameter 'event_quota' set but not used [-Wunused-but-set-parameter]
                             u32 event_quota)
                                 ^
1 warning generated.
/home/nathan/cbl/src/linux-next/lib/radix-tree.c:1136:50: warning: parameter 'slot' set but not used [-Wunused-but-set-parameter]
void __rcu **radix_tree_iter_resume(void __rcu **slot,
                                                 ^
1 warning generated.
/home/nathan/cbl/src/linux-next/drivers/block/rbd.c:6149:17: warning: result of comparison of constant 2305843009213693948 with expression of type 'u32' (aka 'unsigned int') is always false [-Wtautological-constant-out-of-range-compare]
        if (snap_count > (SIZE_MAX - sizeof (struct ceph_snap_context))
            ~~~~~~~~~~ ^ ~~~~~~~~~~~~~~~~~~~~~~~~~~~~~~~~~~~~~~~~~~~~~~
1 warning generated.
/home/nathan/cbl/src/linux-next/drivers/net/wireless/ath/ath9k/main.c:1566:21: warning: parameter 'changed_flags' set but not used [-Wunused-but-set-parameter]
                                   unsigned int changed_flags,
                                                ^
1 warning generated.
/home/nathan/cbl/src/linux-next/drivers/net/wireless/ath/ath5k/mac80211-ops.c:367:62: warning: parameter 'changed_flags' set but not used [-Wunused-but-set-parameter]
ath5k_configure_filter(struct ieee80211_hw *hw, unsigned int changed_flags,
                                                             ^
1 warning generated.
/home/nathan/cbl/src/linux-next/drivers/net/wireless/ath/ath9k/htc_drv_main.c:1258:25: warning: parameter 'changed_flags' set but not used [-Wunused-but-set-parameter]
                                       unsigned int changed_flags,
                                                    ^
1 warning generated.
/home/nathan/cbl/src/linux-next/drivers/scsi/ibmvscsi_tgt/ibmvscsi_tgt.c:1630:32: warning: result of comparison of constant 65536 with expression of type 'u16' (aka 'unsigned short') is always false [-Wtautological-constant-out-of-range-compare]
        if ((olen < min_len) || (olen > PAGE_SIZE)) {
                                 ~~~~ ^ ~~~~~~~~~
1 warning generated.
/home/nathan/cbl/src/linux-next/net/ceph/osdmap.c:1441:10: warning: result of comparison of constant 4611686018427387891 with expression of type 'u32' (aka 'unsigned int') is always false [-Wtautological-constant-out-of-range-compare]
        if (len > (SIZE_MAX - sizeof(*pg)) / sizeof(u32))
            ~~~ ^ ~~~~~~~~~~~~~~~~~~~~~~~~~~~~~~~~~~~~~~
/home/nathan/cbl/src/linux-next/net/ceph/osdmap.c:1624:10: warning: result of comparison of constant 2305843009213693945 with expression of type 'u32' (aka 'unsigned int') is always false [-Wtautological-constant-out-of-range-compare]
        if (len > (SIZE_MAX - sizeof(*pg)) / (2 * sizeof(u32)))
            ~~~ ^ ~~~~~~~~~~~~~~~~~~~~~~~~~~~~~~~~~~~~~~~~~~~~
2 warnings generated.
/home/nathan/cbl/src/linux-next/drivers/net/ethernet/qlogic/qed/qed_vf.c:63:67: warning: parameter 'resp_size' set but not used [-Wunused-but-set-parameter]
static int qed_send_msg2pf(struct qed_hwfn *p_hwfn, u8 *done, u32 resp_size)
                                                                  ^
/home/nathan/cbl/src/linux-next/fs/ceph/snap.c:372:10: warning: result of comparison of constant 2305843009213693948 with expression of type 'u32' (aka 'unsigned int') is always false [-Wtautological-constant-out-of-range-compare]
        if (num > (SIZE_MAX - sizeof(*snapc)) / sizeof(u64))
            ~~~ ^ ~~~~~~~~~~~~~~~~~~~~~~~~~~~~~~~~~~~~~~~~~
1 warning generated.
1 warning generated.
/home/nathan/cbl/src/linux-next/drivers/net/ethernet/mellanox/mlx5/core/en/xsk/setup.c:32:22: warning: result of comparison of constant 65536 with expression of type 'u16' (aka 'unsigned short') is always false [-Wtautological-constant-out-of-range-compare]
        if (xsk->chunk_size > PAGE_SIZE || xsk->chunk_size < MLX5E_MIN_XSK_CHUNK_SIZE) {
            ~~~~~~~~~~~~~~~ ^ ~~~~~~~~~
1 warning generated.
/home/nathan/cbl/src/linux-next/fs/nilfs2/ioctl.c:63:19: warning: result of comparison of constant 65536 with expression of type '__u16' (aka 'unsigned short') is always false [-Wtautological-constant-out-of-range-compare]
        if (argv->v_size > PAGE_SIZE)
            ~~~~~~~~~~~~ ^ ~~~~~~~~~
1 warning generated.
/home/nathan/cbl/src/linux-next/drivers/md/dm-integrity.c:4159:12: warning: result of comparison of constant 14316557650 with expression of type 'unsigned int' is always false [-Wtautological-constant-out-of-range-compare]
                        if (val >= (uint64_t)UINT_MAX * 1000 / HZ) {
                            ~~~ ^  ~~~~~~~~~~~~~~~~~~~~~~~~~~~~~~
1 warning generated.
/home/nathan/cbl/src/linux-next/drivers/infiniband/core/uverbs_ioctl.c:90:39: warning: result of comparison of constant 65536 with expression of type 'u16' (aka 'unsigned short') is always false [-Wtautological-constant-out-of-range-compare]
        WARN_ON_ONCE(method_elm->bundle_size > PAGE_SIZE);
        ~~~~~~~~~~~~~~~~~~~~~~~~~~~~~~~~~~~~~^~~~~~~~~~~~
/home/nathan/cbl/src/linux-next/include/asm-generic/bug.h:111:25: note: expanded from macro 'WARN_ON_ONCE'
        int __ret_warn_on = !!(condition);                      \
                               ^~~~~~~~~
/home/nathan/cbl/src/linux-next/drivers/infiniband/core/uverbs_ioctl.c:629:17: warning: result of comparison of constant 65536 with expression of type '__u16' (aka 'unsigned short') is always false [-Wtautological-constant-out-of-range-compare]
        if (hdr.length > PAGE_SIZE ||
            ~~~~~~~~~~ ^ ~~~~~~~~~
2 warnings generated.

[01;32mQEMU location: [0m/usr/sbin[0m

[01;32mQEMU version: [0mQEMU emulator version 8.0.3[0m
[    0.014622341,5] OPAL v7.0 starting...
[    0.015165921,7] initial console log level: memory 7, driver 5
[    0.015215090,6] CPU: P9 generation processor (max 4 threads/core)
[    0.015239436,7] CPU: Boot CPU PIR is 0x0000 PVR is 0x004e1200
[    0.015356138,7] OPAL table: 0x3018a660 .. 0x3018ac20, branch table: 0x30120000
[    0.015524230,7] Assigning physical memory map table for nimbus
[    0.015862907,7] FDT: Parsing fdt @0x1000000
[    0.018133477,5] CHIP: Detected QEMU simulator
[    0.018319857,6] CHIP: Initialised chip 0 from xscom@603fc00000000
[    0.018660088,6] P9 DD2.00 detected
[    0.018676862,5] CHIP: Chip ID 0000 type: P9N DD2.00
[    0.018685496,7] XSCOM: Base address: 0x603fc00000000
[    0.018706128,7] XSTOP: ibm,sw-checkstop-fir prop not found
[    0.018784824,6] MFSI 0:0: Initialized
[    0.018795417,6] MFSI 0:2: Initialized
[    0.018804476,6] MFSI 0:1: Initialized
[    0.019363850,6] LPC: LPC[000]: Initialized
[    0.019372617,7] LPC: access via MMIO @0x6030000000000
[    0.019398804,7] LPC: Default bus on chip 0x0
[    0.019489129,7] CPU: New max PIR set to 0x3
[    0.019993749,7] MEM: parsing reserved memory from reserved-names/-ranges properties
[    0.020097555,7] HOMER: Init chip 0
[    0.020134607,7]   PBA BAR0 : 0x0000203ffd800000
[    0.020142189,7]   PBA MASK0: 0x0000000000300000
[    0.020171788,7]   HOMER Image at 0x203ffd800000 size 4MB
[    0.020215226,4] HOMER image is not reserved! Reserving
[    0.020265724,7]   PBA BAR2 : 0x0000203fff800000
[    0.020270715,7]   PBA MASK2: 0x0000000000700000
[    0.020285489,7]   OCC Common Area at 0x203fff800000 size 8MB
[    0.020317550,4] OCC common area is not reserved! Reserving
[    0.020376286,7] CPU: decrementer bits 56
[    0.020456084,6] CPU: CPU from DT PIR=0x0000 Server#=0x0 State=4
[    0.020552585,6] CPU:  1 secondary threads
[    0.021815840,5] PLAT: Using SuperIO UART
[    0.022089374,7] UART: Using LPC IRQ 4
[    0.024653660,5] PLAT: Detected QEMU POWER9 platform
[    0.024735223,5] PLAT: Detected BMC platform ast2500:openbmc
[    0.039882190,5] CPU: All 1 processors called in...
[    0.040923542,7] LPC: Routing irq 10, policy: 0 (r=1)
[    0.040996887,7] LPC: SerIRQ 10 using route 0 targetted at OPAL
[    0.062773623,5] HIOMAP: Negotiated hiomap protocol v2
[    0.062848918,5] HIOMAP: Block size is 4KiB
[    0.062905186,5] HIOMAP: BMC suggested flash timeout of 0s
[    0.062975782,5] HIOMAP: Flash size is 128MiB
[    0.063033297,5] HIOMAP: Erase granule size is 4KiB
[    0.079482521,3] FFS: Reading the flash has returned all 0xFF.
[    0.079609688,3]      Are you reading erased flash?
[    0.079667084,3]      Is something else using the flash controller?
[    0.079754070,4] FLASH: No ffs info; using raw device only
[    0.085051855,3] FFS: Reading the flash has returned all 0xFF.
[    0.085119276,3]      Are you reading erased flash?
[    0.085173303,3]      Is something else using the flash controller?
[    0.085246868,3] FLASH: Can't open ffs handle
[    0.090475141,3] FFS: Reading the flash has returned all 0xFF.
[    0.090597276,3]      Are you reading erased flash?
[    0.090697162,3]      Is something else using the flash controller?
[    0.090824221,3] FLASH: Can't open ffs handle
[    0.096067822,3] FFS: Reading the flash has returned all 0xFF.
[    0.096135093,3]      Are you reading erased flash?
[    0.096188658,3]      Is something else using the flash controller?
[    0.096257238,3] FLASH: Can't open ffs handle
[    0.101463109,3] FFS: Reading the flash has returned all 0xFF.
[    0.101529719,3]      Are you reading erased flash?
[    0.101584504,3]      Is something else using the flash controller?
[    0.101653797,3] FLASH: Can't open ffs handle
[    0.106869543,3] FFS: Reading the flash has returned all 0xFF.
[    0.106937164,3]      Are you reading erased flash?
[    0.106992247,3]      Is something else using the flash controller?
[    0.107061996,3] FLASH: Can't open ffs handle
[    0.112270704,3] FFS: Reading the flash has returned all 0xFF.
[    0.112336668,3]      Are you reading erased flash?
[    0.112390971,3]      Is something else using the flash controller?
[    0.112466902,3] FLASH: Can't open ffs handle
[    0.123823366,2] NVRAM: Failed to load
[    0.123883733,2] NVRAM: Failed to load
[    0.123948388,5] STB: secure boot not supported
[    0.124023386,5] STB: trusted boot not supported
[    0.124289399,4] FLASH: Can't load resource id:4. No system flash found
[    0.124532432,4] FLASH: Can't load resource id:3. No system flash found
[    0.124677297,2] NVRAM: Failed to load
[    0.124851570,7] LPC: Routing irq 4, policy: 0 (r=1)
[    0.124866908,7] LPC: SerIRQ 4 using route 1 targetted at OPAL
[    0.125227325,3] SLW: Failed to set HRMOR for CPU 0,RC=0x1
[    0.125438055,5] Unable to log error
[    0.125505707,3] Disabling deep stop states
[    0.125690712,2] NVRAM: Failed to load
[    0.126006135,3] OCC: Chip: 0: OCC not active
[    0.126064046,3] OCC: Initialization on all chips did not complete(timed out)
[    0.126155688,5] Unable to log error
[    0.126242658,2] NVRAM: Failed to load
[    0.126316814,2] NVRAM: Failed to load
[    0.126368974,2] NVRAM: Failed to load
[    0.126606682,4] FLASH: Can't load resource id:2. No system flash found
[    0.126877723,4] FLASH: Can't load resource id:0. No system flash found
[    0.126972829,4] FLASH: Can't load resource id:1. No system flash found
[    0.127140162,3] IMC: IMC Catalog load failed
[    0.127425150,2] NVRAM: Failed to load
[    0.127479310,2] NVRAM: Failed to load
[    0.127530039,2] NVRAM: Failed to load
[    0.127882089,5] PCI: Resetting PHBs and training links...
[    0.128000540,5] PCI: Probing slots...
[    0.128061856,5] PCI Summary:
[    0.128163066,4] FLASH: Failed to load VERSION data
[    0.345772014,2] NVRAM: Failed to load
[    0.346325377,5] INIT: Waiting for kernel...
[    0.346395716,5] INIT: platform wait for kernel load failed
[    0.346480670,5] INIT: Assuming kernel at 0x20000000
[    0.346586066,5] INIT: 64-bit LE kernel discovered
[    0.346839568,3] OCC: Chip 0 sensor data invalid
[    0.347098113,2] NVRAM: Failed to load
[    0.353681725,5] INIT: Starting kernel at 0x20010000, fdt at 0x30758170 15742 bytes


zImage starting: loaded at 0x0000000020010000 (sp: 0x0000000020828da0)

Allocating 0x2c6bdc8 bytes for kernel...

Decompressing (0x0000000000000000 <- 0x0000000020022000:0x00000000208275d8)...

Done! Decompressed 0x2a30000 bytes


Linux/PowerPC load: 

Finalizing device tree... flat tree at 0x2082a0a0

[    0.000000][    T0] OF: reserved mem: 0x0000000030000000..0x00000000305fffff (6144 KiB) map non-reusable ibm,firmware-code@30000000
[    0.000000][    T0] OF: reserved mem: 0x0000000030600000..0x0000000030ffffff (10240 KiB) map non-reusable ibm,firmware-heap@30600000
[    0.000000][    T0] OF: reserved mem: 0x0000000031000000..0x0000000031c0ffff (12352 KiB) map non-reusable ibm,firmware-data@31000000
[    0.000000][    T0] OF: reserved mem: 0x0000000031c10000..0x0000000031c2ffff (128 KiB) map non-reusable ibm,firmware-stacks@31c10000
[    0.000000][    T0] OF: reserved mem: 0x0000000031c30000..0x000000003290ffff (13184 KiB) map non-reusable ibm,firmware-allocs-memory@31c30000
[    0.000000][    T0] OF: reserved mem: 0x0000203ffd800000..0x0000203ffdbfffff (4096 KiB) map non-reusable ibm,homer-image@203ffd800000
[    0.000000][    T0] OF: reserved mem: 0x0000203fff800000..0x0000203fffffffff (8192 KiB) map non-reusable ibm,occ-common-area@203fff800000
[    0.000000][    T0] dt-cpu-ftrs: setup for ISA 3000
[    0.000000][    T0] dt-cpu-ftrs: final cpu/mmu features = 0x0003c06b8f5fb187 0x3c007041
[    0.000000][    T0] Activating Kernel Userspace Access Prevention
[    0.000000][    T0] Activating Kernel Userspace Execution Prevention
[    0.000000][    T0] radix-mmu: Mapped 0x0000000000000000-0x0000000002690000 with 64.0 KiB pages (exec)
[    0.000000][    T0] radix-mmu: Mapped 0x0000000002690000-0x0000000080000000 with 64.0 KiB pages
[    0.000000][    T0] radix-mmu: Initializing Radix MMU
[    0.000000][    T0] Linux version 6.5.0-rc5-next-20230809-default-cbl (nathan@dev-arch.m3-large-x86-01) (ClangBuiltLinux clang version 15.0.7 (https://github.com/llvm/llvm-project 8dfdcc7b7bf66834a761bd8de445840ef68e4d1a), ClangBuiltLinux LLD 15.0.7) #1 SMP Sat Aug 12 03:06:40 UTC 2023
[    0.000000][    T0] Found initrd at 0xc000000028000000:0xc000000028878600
[    0.000000][    T0] Hardware name: IBM PowerNV (emulated by qemu) POWER9 0x4e1200 opal:v7.0 PowerNV
[    0.000000][    T0] printk: bootconsole [udbg0] enabled
[    0.000000][    T0] CPU maps initialized for 1 thread per core
[    0.000000][    T0] -----------------------------------------------------
[    0.000000][    T0] phys_mem_size     = 0x80000000
[    0.000000][    T0] dcache_bsize      = 0x80
[    0.000000][    T0] icache_bsize      = 0x80
[    0.000000][    T0] cpu_features      = 0x0003c06b8f4fb187
[    0.000000][    T0]   possible        = 0x001ffbebcf5fb187
[    0.000000][    T0]   always          = 0x0000000380008181
[    0.000000][    T0] cpu_user_features = 0xdc0065c2 0xaef00000
[    0.000000][    T0] mmu_features      = 0x3c007641
[    0.000000][    T0] firmware_features = 0x0000000110000000
[    0.000000][    T0] vmalloc start     = 0xc008000000000000
[    0.000000][    T0] IO start          = 0xc00a000000000000
[    0.000000][    T0] vmemmap start     = 0xc00c000000000000
[    0.000000][    T0] -----------------------------------------------------
[    0.000000][    T0] numa:   NODE_DATA [mem 0x7bf84280-0x7bf8bfff]
[    0.000000][    T0] kvm_cma_reserve: reserving 102 MiB for global area
[    0.000000][    T0] cma: Reserved 112 MiB at 0x0000000073000000 on node -1
[    0.000000][    T0] rfi-flush: fallback displacement flush available
[    0.000000][    T0] count-cache-flush: flush disabled.
[    0.000000][    T0] link-stack-flush: flush disabled.
[    0.000000][    T0] stf-barrier: eieio barrier available
[    0.000000][    T0] barrier-nospec: using ORI speculation barrier
[    0.000000][    T0] Zone ranges:
[    0.000000][    T0]   Normal   [mem 0x0000000000000000-0x000000007fffffff]
[    0.000000][    T0]   Device   empty
[    0.000000][    T0] Movable zone start for each node
[    0.000000][    T0] Early memory node ranges
[    0.000000][    T0]   node   0: [mem 0x0000000000000000-0x000000007fffffff]
[    0.000000][    T0] Initmem setup node 0 [mem 0x0000000000000000-0x000000007fffffff]
[    0.000000][    T0] percpu: Embedded 10 pages/cpu s607400 r0 d47960 u655360
[    0.000000][    T0] Kernel command line: 
[    0.000000][    T0] random: crng init done
[    0.000000][    T0] Dentry cache hash table entries: 262144 (order: 5, 2097152 bytes, linear)
[    0.000000][    T0] Inode-cache hash table entries: 131072 (order: 4, 1048576 bytes, linear)
[    0.000000][    T0] Fallback order for Node 0: 0 
[    0.000000][    T0] Built 1 zonelists, mobility grouping on.  Total pages: 32736
[    0.000000][    T0] Policy zone: Normal
[    0.000000][    T0] mem auto-init: stack:off, heap alloc:off, heap free:off
[    0.000000][    T0] Memory: 0K/2097152K available (16640K kernel code, 3712K rwdata, 16128K rodata, 6720K init, 2287K bss, 185344K reserved, 114688K cma-reserved)
[    0.000000][    T0] SLUB: HWalign=128, Order=0-3, MinObjects=0, CPUs=1, Nodes=1
[    0.000000][    T0] ftrace: allocating 39398 entries in 15 pages
[    0.000000][    T0] ftrace: allocated 15 pages with 4 groups
[    0.000000][    T0] trace event string verifier disabled
[    0.000000][    T0] rcu: Hierarchical RCU implementation.
[    0.000000][    T0] rcu: 	RCU event tracing is enabled.
[    0.000000][    T0] rcu: 	RCU restricting CPUs from NR_CPUS=2048 to nr_cpu_ids=1.
[    0.000000][    T0] 	Rude variant of Tasks RCU enabled.
[    0.000000][    T0] 	Tracing variant of Tasks RCU enabled.
[    0.000000][    T0] rcu: RCU calculated value of scheduler-enlistment delay is 30 jiffies.
[    0.000000][    T0] rcu: Adjusting geometry for rcu_fanout_leaf=16, nr_cpu_ids=1
[    0.000000][    T0] NR_IRQS: 512, nr_irqs: 512, preallocated irqs: 16
[    0.000000][    T0] xive: Interrupt handling initialized with native backend
[    0.000000][    T0] xive: Using priority 7 for all interrupts
[    0.000000][    T0] xive: Using 64kB queues
[    0.000000][    T0] rcu: srcu_init: Setting srcu_struct sizes based on contention.
[    0.000061][    T0] time_init: 56 bit decrementer (max: 7fffffffffffff)
[    0.001208][    T0] clocksource: timebase: mask: 0xffffffffffffffff max_cycles: 0x761537d007, max_idle_ns: 440795202126 ns
[    0.002451][    T0] clocksource: timebase mult[1f40000] shift[24] registered
[    0.015660][    T0] Console: colour dummy device 80x25
[    0.016906][    T0] printk: console [hvc0] enabled
[    0.016906][    T0] printk: console [hvc0] enabled
[    0.017813][    T0] printk: bootconsole [udbg0] disabled
[    0.017813][    T0] printk: bootconsole [udbg0] disabled
[    0.020970][    T0] pid_max: default: 32768 minimum: 301
[    0.024502][    T0] LSM: initializing lsm=lockdown,capability,landlock,yama,apparmor,tomoyo,bpf,integrity
[    0.031330][    T0] landlock: Up and running.
[    0.031494][    T0] Yama: becoming mindful.
[    0.034996][    T0] AppArmor: AppArmor initialized
[    0.035211][    T0] TOMOYO Linux initialized
[    0.036209][    T0] LSM support for eBPF active
[    0.039250][    T0] Mount-cache hash table entries: 8192 (order: 0, 65536 bytes, linear)
[    0.039533][    T0] Mountpoint-cache hash table entries: 8192 (order: 0, 65536 bytes, linear)
[    0.085600][    T1] RCU Tasks Rude: Setting shift to 0 and lim to 1 rcu_task_cb_adjust=1.
[    0.086129][    T1] RCU Tasks Trace: Setting shift to 0 and lim to 1 rcu_task_cb_adjust=1.
[    0.087422][    T1] POWER9 performance monitor hardware support registered
[    0.088916][    T1] rcu: Hierarchical SRCU implementation.
[    0.089124][    T1] rcu: 	Max phase no-delay instances is 1000.
[    0.108680][    T1] smp: Bringing up secondary CPUs ...
[    0.109727][    T1] smp: Brought up 1 node, 1 CPU
[    0.110073][    T1] numa: Node 0 CPUs: 0
[    0.120756][   T19] node 0 deferred pages initialised in 7ms
[    0.137915][    T1] devtmpfs: initialized
[    0.152831][    T1] clocksource: jiffies: mask: 0xffffffff max_cycles: 0xffffffff, max_idle_ns: 6370867519511994 ns
[    0.153273][    T1] futex hash table entries: 256 (order: -1, 32768 bytes, linear)
[    0.157750][    T1] pinctrl core: initialized pinctrl subsystem
[    0.176482][    T1] NET: Registered PF_NETLINK/PF_ROUTE protocol family
[    0.181595][    T1] audit: initializing netlink subsys (disabled)
[    0.184075][   T23] audit: type=2000 audit(1691809658.163:1): state=initialized audit_enabled=0 res=1
[    0.189731][    T1] thermal_sys: Registered thermal governor 'fair_share'
[    0.189772][    T1] thermal_sys: Registered thermal governor 'bang_bang'
[    0.189978][    T1] thermal_sys: Registered thermal governor 'step_wise'
[    0.190152][    T1] thermal_sys: Registered thermal governor 'user_space'
[    0.190865][    T1] cpuidle: using governor ladder
[    0.191341][    T1] cpuidle: using governor menu
[    0.192725][    T1] Failed to initialize. Disabling HugeTLB
[    0.193416][    T1] nvram: No room to create lnx,oops-log partition, deleting any obsolete OS partitions...
[    0.193881][    T1] nvram: Failed to find or create lnx,oops-log partition, err -28
[    0.194159][    T1] nvram: Failed to initialize oops partition!
[    0.201441][    T1] EEH: PowerNV platform initialized
[    0.224298][    T1] cpuidle-powernv: Default stop: psscr = 0x0000000000000330,mask=0x00000000003003ff
[    0.224757][    T1] cpuidle-powernv: Deepest stop: psscr = 0x0000000000300331,mask=0x00000000003003ff
[    0.224995][    T1] cpuidle-powernv: First stop level that may lose SPRs = 0x10
[    0.225245][    T1] cpuidle-powernv: First stop level that may lose timebase = 0x10
[    0.228585][    T1] kprobes: kprobe jump-optimization is enabled. All kprobes are optimized if possible.
[    0.270850][    T1] iommu: Default domain type: Translated
[    0.271084][    T1] iommu: DMA domain TLB invalidation policy: strict mode
[    0.272609][    T1] pps_core: LinuxPPS API ver. 1 registered
[    0.272799][    T1] pps_core: Software ver. 5.3.6 - Copyright 2005-2007 Rodolfo Giometti <giometti@linux.it>
[    0.273148][    T1] PTP clock support registered
[    0.273582][    T1] EDAC MC: Ver: 3.0.0
[    0.284750][    T1] NetLabel: Initializing
[    0.284930][    T1] NetLabel:  domain hash size = 128
[    0.285080][    T1] NetLabel:  protocols = UNLABELED CIPSOv4 CALIPSO
[    0.286266][    T1] NetLabel:  unlabeled traffic allowed by default
[    0.286512][    T1] mctp: management component transport protocol core
[    0.286707][    T1] NET: Registered PF_MCTP protocol family
[    0.287477][    T1] PCI: Probing PCI hardware
[    0.292351][    T1] vgaarb: loaded
[    0.296865][    T1] clocksource: Switched to clocksource timebase
[    0.330614][    T1] VFS: Disk quotas dquot_6.6.0
[    0.331020][    T1] VFS: Dquot-cache hash table entries: 8192 (order 0, 65536 bytes)
[    0.333117][    T1] hugetlbfs: disabling because there are no supported hugepage sizes
[    0.336828][    T1] AppArmor: AppArmor Filesystem Enabled
[    0.360888][    T1] NET: Registered PF_INET protocol family
[    0.362299][    T1] IP idents hash table entries: 32768 (order: 2, 262144 bytes, linear)
[    0.370967][    T1] tcp_listen_portaddr_hash hash table entries: 4096 (order: 0, 65536 bytes, linear)
[    0.371329][    T1] Table-perturb hash table entries: 65536 (order: 2, 262144 bytes, linear)
[    0.371625][    T1] TCP established hash table entries: 16384 (order: 1, 131072 bytes, linear)
[    0.372152][    T1] TCP bind hash table entries: 16384 (order: 3, 524288 bytes, linear)
[    0.372783][    T1] TCP: Hash tables configured (established 16384 bind 16384)
[    0.374669][    T1] MPTCP token hash table entries: 4096 (order: 0, 98304 bytes, linear)
[    0.375198][    T1] UDP hash table entries: 2048 (order: 0, 65536 bytes, linear)
[    0.375880][    T1] UDP-Lite hash table entries: 2048 (order: 0, 65536 bytes, linear)
[    0.377779][    T1] NET: Registered PF_UNIX/PF_LOCAL protocol family
[    0.378474][    T1] NET: Registered PF_XDP protocol family
[    0.378850][    T1] PCI: CLS 0 bytes, default 128
[    0.379946][    T1] rtas_flash: no firmware flash support
[    0.390951][   T11] Trying to unpack rootfs image as initramfs...
[    0.394484][    T1] Initialise system trusted keyrings
[    0.400068][    T1] Key type blacklist registered
[    0.401332][    T1] workingset: timestamp_bits=38 max_order=15 bucket_order=0
[    0.401865][    T1] zbud: loaded
[    0.413054][    T1] integrity: Platform Keyring initialized
[    0.489844][    T1] Key type asymmetric registered
[    0.490197][    T1] Asymmetric key parser 'x509' registered
[    0.504153][   T11] Freeing initrd memory: 8640K
[    0.527992][    T1] Block layer SCSI generic (bsg) driver version 0.4 loaded (major 247)
[    0.528922][    T1] io scheduler mq-deadline registered
[    0.529145][    T1] io scheduler kyber registered
[    0.529515][    T1] io scheduler bfq registered
[    0.536742][    T1] shpchp: Standard Hot Plug PCI Controller Driver version: 0.4
[    0.537035][    T1] rpaphp: RPA HOT Plug PCI Controller Driver version: 0.1
[    0.537404][    T1] rpadlpar_io_init: partition not DLPAR capable
[    0.540265][    T1] hvc0: raw protocol on /ibm,opal/consoles/serial@0 (boot console)
[    0.540597][    T1] hvc0: No interrupts property, using OPAL event
[    0.543042][    T1] Serial: 8250/16550 driver, 4 ports, IRQ sharing enabled
[    0.549116][    T1] pseries_rng: Registering IBM pSeries RNG driver
[    0.553339][    T1] mousedev: PS/2 mouse device common for all mice
[    0.554431][    T1] powernv-cpufreq: ibm,pstate-min node not found
[    0.554614][    T1] powernv-cpufreq: Platform driver disabled. System does not support PState control
[    0.556818][    T1] ledtrig-cpu: registered to indicate activity on CPUs
[    0.557386][    T1] hid: raw HID events driver (C) Jiri Kosina
[    0.557939][    T1] drop_monitor: Initializing network drop monitor service
[    0.616053][    T1] NET: Registered PF_INET6 protocol family
[    0.629459][    T1] Segment Routing with IPv6
[    0.629877][    T1] RPL Segment Routing with IPv6
[    0.630289][    T1] In-situ OAM (IOAM) with IPv6
[    0.631102][    T1] NET: Registered PF_KEY protocol family
[    0.631980][    T1] drmem: No dynamic reconfiguration memory found
[    0.645704][    T1] registered taskstats version 1
[    0.648739][    T1] Loading compiled-in X.509 certificates
[    0.726604][    T1] Loaded X.509 cert 'Build time autogenerated kernel key: b23863d423796d880a22749c62fffcdd36de60bc'
[    0.739597][    T1] page_owner is disabled
[    0.740408][    T1] Key type .fscrypt registered
[    0.740573][    T1] Key type fscrypt-provisioning registered
[    0.752170][    T1] Key type encrypted registered
[    0.752449][    T1] AppArmor: AppArmor sha1 policy hashing enabled
[    0.753289][    T1] ima: No TPM chip found, activating TPM-bypass!
[    0.753538][    T1] Loading compiled-in module X.509 certificates
[    0.755881][    T1] Loaded X.509 cert 'Build time autogenerated kernel key: b23863d423796d880a22749c62fffcdd36de60bc'
[    0.756253][    T1] ima: Allocated hash algorithm: sha256
[    0.758748][    T1] ima: No architecture policies found
[    0.759513][    T1] evm: Initialising EVM extended attributes:
[    0.759784][    T1] evm: security.selinux
[    0.759933][    T1] evm: security.SMACK64 (disabled)
[    0.760075][    T1] evm: security.SMACK64EXEC (disabled)
[    0.760221][    T1] evm: security.SMACK64TRANSMUTE (disabled)
[    0.760388][    T1] evm: security.SMACK64MMAP (disabled)
[    0.760533][    T1] evm: security.apparmor
[    0.760655][    T1] evm: security.ima
[    0.760760][    T1] evm: security.capability
[    0.760892][    T1] evm: HMAC attrs: 0x1
[    1.298242][    T1] clk: Disabling unused clocks
[    1.372559][    T1] Freeing unused kernel image (initmem) memory: 6720K
[    1.373480][    T1] Run /init as init process
[    1.628109][    T1] Not activating Mandatory Access Control as /sbin/tomoyo-init does not exist.
Starting syslogd: OK
Starting klogd: OK
Running sysctl: OK
Saving 256 bits of creditable seed for next boot
Starting network: OK
Linux version 6.5.0-rc5-next-20230809-default-cbl (nathan@dev-arch.m3-large-x86-01) (ClangBuiltLinux clang version 15.0.7 (https://github.com/llvm/llvm-project 8dfdcc7b7bf66834a761bd8de445840ef68e4d1a), ClangBuiltLinux LLD 15.0.7) #1 SMP Sat Aug 12 03:06:40 UTC 2023
Stopping network: OK
Seeding 256 bits and crediting
Saving 256 bits of creditable seed for next boot
Stopping klogd: OK
Stopping syslogd: OK
umount: devtmpfs busy - remounted read-only
umount: can't unmount /: Invalid argument

The system is going down NOW!

Sent SIGTERM to all processes

Sent SIGKILL to all processes

Requesting system poweroff
[    6.723672][  T186] reboot: Power down
[   11.422971534,5] OPAL: Shutdown request type 0x0...
$ timeout --foreground 3m stdbuf -eL -oL /usr/sbin/qemu-system-ppc64 -display none -nodefaults -device ipmi-bmc-sim,id=bmc0 -device isa-ipmi-bt,bmc=bmc0,irq=10 -machine powernv -kernel /home/nathan/tmp/build/cbl_lkt/linux-next/powerpc/arch/powerpc/boot/zImage.epapr -initrd /home/nathan/cbl/llvm-kernel-testing/src/boot-utils/images/ppc64le/rootfs.cpio -m 2G -serial mon:stdio
