/home/nathan/cbl/src/linux-next/drivers/bus/mhi/host/main.c:803:13: warning: parameter 'event_quota' set but not used [-Wunused-but-set-parameter]
                             u32 event_quota)
                                 ^
1 warning generated.
/home/nathan/cbl/src/linux-next/lib/radix-tree.c:1136:50: warning: parameter 'slot' set but not used [-Wunused-but-set-parameter]
void __rcu **radix_tree_iter_resume(void __rcu **slot,
                                                 ^
1 warning generated.
/home/nathan/cbl/src/linux-next/drivers/block/rbd.c:6149:17: warning: result of comparison of constant 2305843009213693948 with expression of type 'u32' (aka 'unsigned int') is always false [-Wtautological-constant-out-of-range-compare]
        if (snap_count > (SIZE_MAX - sizeof (struct ceph_snap_context))
            ~~~~~~~~~~ ^ ~~~~~~~~~~~~~~~~~~~~~~~~~~~~~~~~~~~~~~~~~~~~~~
1 warning generated.
/home/nathan/cbl/src/linux-next/net/ceph/osdmap.c:1441:10: warning: result of comparison of constant 4611686018427387891 with expression of type 'u32' (aka 'unsigned int') is always false [-Wtautological-constant-out-of-range-compare]
        if (len > (SIZE_MAX - sizeof(*pg)) / sizeof(u32))
            ~~~ ^ ~~~~~~~~~~~~~~~~~~~~~~~~~~~~~~~~~~~~~~
/home/nathan/cbl/src/linux-next/net/ceph/osdmap.c:1624:10: warning: result of comparison of constant 2305843009213693945 with expression of type 'u32' (aka 'unsigned int') is always false [-Wtautological-constant-out-of-range-compare]
        if (len > (SIZE_MAX - sizeof(*pg)) / (2 * sizeof(u32)))
            ~~~ ^ ~~~~~~~~~~~~~~~~~~~~~~~~~~~~~~~~~~~~~~~~~~~~
2 warnings generated.
/home/nathan/cbl/src/linux-next/drivers/md/dm-integrity.c:4159:12: warning: result of comparison of constant 14316557650 with expression of type 'unsigned int' is always false [-Wtautological-constant-out-of-range-compare]
                        if (val >= (uint64_t)UINT_MAX * 1000 / HZ) {
                            ~~~ ^  ~~~~~~~~~~~~~~~~~~~~~~~~~~~~~~
1 warning generated.
/home/nathan/cbl/src/linux-next/fs/ceph/snap.c:372:10: warning: result of comparison of constant 2305843009213693948 with expression of type 'u32' (aka 'unsigned int') is always false [-Wtautological-constant-out-of-range-compare]
        if (num > (SIZE_MAX - sizeof(*snapc)) / sizeof(u64))
            ~~~ ^ ~~~~~~~~~~~~~~~~~~~~~~~~~~~~~~~~~~~~~~~~~
1 warning generated.

[01;32mQEMU location: [0m/usr/sbin[0m

[01;32mQEMU version: [0mQEMU emulator version 8.0.3[0m
KASLR disabled: CPU has no PRNG
KASLR disabled: CPU has no PRNG
[    0.422585][    T0] Linux version 6.5.0-rc5-next-20230809-default-cbl (nathan@dev-arch.m3-large-x86-01) (ClangBuiltLinux clang version 15.0.7 (https://github.com/llvm/llvm-project 8dfdcc7b7bf66834a761bd8de445840ef68e4d1a), GNU ld (GNU Binutils) 2.41) #1 SMP Sat Aug 12 03:45:34 UTC 2023

[    0.424138][    T0] setup: Linux is running under KVM in 64-bit mode

[    0.435390][    T0] setup: The maximum memory size is 512MB

[    0.435878][    T0] setup: Relocating AMODE31 section of size 0x00003000

[    0.438477][    T0] cpu: 1 configured CPUs, 0 standby CPUs

[    0.938571][    T0] Write protected kernel read-only data: 20616k

[    0.950061][    T0] Zone ranges:

[    0.950077][    T0]   DMA      [mem 0x0000000000000000-0x000000007fffffff]

[    0.950837][    T0]   Normal   empty

[    0.950875][    T0] Movable zone start for each node

[    0.950900][    T0] Early memory node ranges

[    0.950926][    T0]   node   0: [mem 0x0000000000000000-0x000000001fffffff]

[    0.951302][    T0] Initmem setup node 0 [mem 0x0000000000000000-0x000000001fffffff]

[    0.971916][    T0] percpu: Embedded 31 pages/cpu s88192 r8192 d30592 u126976

[    0.973950][    T0] Kernel command line: 

[    0.975147][    T0] random: crng init done

[    0.975630][    T0] Dentry cache hash table entries: 65536 (order: 7, 524288 bytes, linear)

[    0.975805][    T0] Inode-cache hash table entries: 32768 (order: 6, 262144 bytes, linear)

[    0.976888][    T0] Fallback order for Node 0: 0 

[    0.977265][    T0] Built 1 zonelists, mobility grouping on.  Total pages: 129024

[    0.977302][    T0] Policy zone: DMA

[    0.977618][    T0] mem auto-init: stack:off, heap alloc:off, heap free:off

[    0.982869][    T0] Memory: 477924K/524288K available (13800K kernel code, 2464K rwdata, 6816K rodata, 4732K init, 900K bss, 46364K reserved, 0K cma-reserved)

[    0.989864][    T0] SLUB: HWalign=256, Order=0-3, MinObjects=0, CPUs=1, Nodes=1

[    0.990889][    T0] ftrace: allocating 29772 entries in 117 pages

[    1.062818][    T0] ftrace: allocated 117 pages with 5 groups

[    1.072364][    T0] rcu: Hierarchical RCU implementation.

[    1.072393][    T0] rcu: 	RCU event tracing is enabled.

[    1.072418][    T0] rcu: 	RCU restricting CPUs from NR_CPUS=512 to nr_cpu_ids=1.

[    1.072562][    T0] 	Rude variant of Tasks RCU enabled.

[    1.072581][    T0] 	Tracing variant of Tasks RCU enabled.

[    1.072663][    T0] rcu: RCU calculated value of scheduler-enlistment delay is 30 jiffies.

[    1.072688][    T0] rcu: Adjusting geometry for rcu_fanout_leaf=16, nr_cpu_ids=1

[    1.108058][    T0] NR_IRQS: 3, nr_irqs: 3, preallocated irqs: 3

[    1.110513][    T0] rcu: srcu_init: Setting srcu_struct sizes based on contention.

[    1.111680][    T0] clocksource: tod: mask: 0xffffffffffffffff max_cycles: 0x3b0a9be803b0a9, max_idle_ns: 1805497147909793 ns

[    1.121409][    T0] Console: colour dummy device 80x25

[    1.125336][    T0] printk: console [ttysclp0] enabled

[    1.128679][    T0] pid_max: default: 32768 minimum: 301

[    1.130554][    T0] LSM: initializing lsm=lockdown,capability,landlock,yama,apparmor,tomoyo,bpf,integrity

[    1.131106][    T0] landlock: Up and running.

[    1.131144][    T0] Yama: becoming mindful.

[    1.133595][    T0] AppArmor: AppArmor initialized

[    1.133674][    T0] TOMOYO Linux initialized

[    1.134293][    T0] LSM support for eBPF active

[    1.135453][    T0] Mount-cache hash table entries: 1024 (order: 1, 8192 bytes, linear)

[    1.135502][    T0] Mountpoint-cache hash table entries: 1024 (order: 1, 8192 bytes, linear)

[    1.171582][    T1] RCU Tasks Rude: Setting shift to 0 and lim to 1 rcu_task_cb_adjust=1.

[    1.172448][    T1] RCU Tasks Trace: Setting shift to 0 and lim to 1 rcu_task_cb_adjust=1.

[    1.174786][    T1] rcu: Hierarchical SRCU implementation.

[    1.174838][    T1] rcu: 	Max phase no-delay instances is 1000.

[    1.179371][    T1] smp: Bringing up secondary CPUs ...

[    1.180649][    T1] smp: Brought up 1 node, 1 CPU

[    1.195274][    T1] devtmpfs: initialized

[    1.202583][    T1] clocksource: jiffies: mask: 0xffffffff max_cycles: 0xffffffff, max_idle_ns: 6370867519511994 ns

[    1.202750][    T1] futex hash table entries: 256 (order: 4, 65536 bytes, linear)

[    1.218915][    T1] NET: Registered PF_NETLINK/PF_ROUTE protocol family

[    1.221869][    T1] audit: initializing netlink subsys (disabled)

[    1.223982][   T22] audit: type=2000 audit(1691811965.084:1): state=initialized audit_enabled=0 res=1

[    1.270410][    T1] iommu: Default domain type: Translated

[    1.270470][    T1] iommu: DMA domain TLB invalidation policy: strict mode

[    1.284900][    T1] NetLabel: Initializing

[    1.284935][    T1] NetLabel:  domain hash size = 128

[    1.284953][    T1] NetLabel:  protocols = UNLABELED CIPSOv4 CALIPSO

[    1.285669][    T1] NetLabel:  unlabeled traffic allowed by default

[    1.285754][    T1] mctp: management component transport protocol core

[    1.285775][    T1] NET: Registered PF_MCTP protocol family

[    1.293128][    T1] VFS: Disk quotas dquot_6.6.0

[    1.293276][    T1] VFS: Dquot-cache hash table entries: 512 (order 0, 4096 bytes)

[    1.298194][    T1] hugetlbfs: disabling because there are no supported hugepage sizes

[    1.304265][    T1] AppArmor: AppArmor Filesystem Enabled

[    1.339546][    T1] NET: Registered PF_INET protocol family

[    1.340600][    T1] IP idents hash table entries: 8192 (order: 4, 65536 bytes, linear)

[    1.347410][    T1] tcp_listen_portaddr_hash hash table entries: 256 (order: 0, 4096 bytes, linear)

[    1.347503][    T1] Table-perturb hash table entries: 65536 (order: 6, 262144 bytes, linear)

[    1.347587][    T1] TCP established hash table entries: 4096 (order: 3, 32768 bytes, linear)

[    1.347785][    T1] TCP bind hash table entries: 4096 (order: 5, 131072 bytes, linear)

[    1.347973][    T1] TCP: Hash tables configured (established 4096 bind 4096)

[    1.349406][    T1] MPTCP token hash table entries: 512 (order: 1, 12288 bytes, linear)

[    1.349666][    T1] UDP hash table entries: 256 (order: 1, 8192 bytes, linear)

[    1.349902][    T1] UDP-Lite hash table entries: 256 (order: 1, 8192 bytes, linear)

[    1.351278][    T1] NET: Registered PF_UNIX/PF_LOCAL protocol family

[    1.351686][    T1] NET: Registered PF_XDP protocol family

[    1.352035][    T1] PCI: CLS 0 bytes, default 256

[    1.354960][    T1] hypfs: The hardware system does not support hypfs

[    1.361386][   T11] Trying to unpack rootfs image as initramfs...

[    1.366405][    T1] Initialise system trusted keyrings

[    1.372111][    T1] Key type blacklist registered

[    1.373352][    T1] workingset: timestamp_bits=45 max_order=17 bucket_order=0

[    1.373646][    T1] zbud: loaded

[    1.379100][    T1] integrity: Platform Keyring initialized

[    1.489139][   T11] Freeing initrd memory: 7004K

[    1.489932][    T1] Key type asymmetric registered

[    1.490026][    T1] Asymmetric key parser 'x509' registered

[    1.515872][    T1] Block layer SCSI generic (bsg) driver version 0.4 loaded (major 250)

[    1.516715][    T1] io scheduler mq-deadline registered

[    1.516800][    T1] io scheduler kyber registered

[    1.517209][    T1] io scheduler bfq registered

[    1.531153][    T1] shpchp: Standard Hot Plug PCI Controller Driver version: 0.4

[    1.532094][    T1] hvc_iucv: The z/VM IUCV HVC device driver cannot be used without z/VM

[    1.534793][    T1] mousedev: PS/2 mouse device common for all mice

[    1.535509][    T1] cio: Channel measurement facility initialized using format extended (mode autodetected)

[    1.537348][   T11] sclp_sd: Store Data request failed (eq=2, di=3, response=0x40f0, flags=0x00, status=0, rc=-5)

[    1.538246][    T1] ap: The hardware system does not support AP instructions

[    1.538599][    T1] drop_monitor: Initializing network drop monitor service

[    1.580311][    T1] NET: Registered PF_INET6 protocol family

[    1.593248][    T1] Segment Routing with IPv6

[    1.593319][    T1] RPL Segment Routing with IPv6

[    1.593650][    T1] In-situ OAM (IOAM) with IPv6

[    1.605107][    T1] registered taskstats version 1

[    1.609367][    T1] Loading compiled-in X.509 certificates

[    1.730723][    T1] Loaded X.509 cert 'Build time autogenerated kernel key: ef84ea61312c583db6162097d6124e1ad4f9cc67'

[    1.742482][    T1] page_owner is disabled

[    1.743378][    T1] Key type .fscrypt registered

[    1.743418][    T1] Key type fscrypt-provisioning registered

[    1.756425][    T1] Key type encrypted registered

[    1.756525][    T1] AppArmor: AppArmor sha1 policy hashing enabled

[    1.757039][    T1] ima: No TPM chip found, activating TPM-bypass!

[    1.757141][    T1] Loading compiled-in module X.509 certificates

[    1.760909][    T1] Loaded X.509 cert 'Build time autogenerated kernel key: ef84ea61312c583db6162097d6124e1ad4f9cc67'

[    1.761018][    T1] ima: Allocated hash algorithm: sha256

[    1.762605][    T1] ima: No architecture policies found

[    1.763043][    T1] evm: Initialising EVM extended attributes:

[    1.763074][    T1] evm: security.selinux

[    1.763105][    T1] evm: security.SMACK64 (disabled)

[    1.763118][    T1] evm: security.SMACK64EXEC (disabled)

[    1.763129][    T1] evm: security.SMACK64TRANSMUTE (disabled)

[    1.763141][    T1] evm: security.SMACK64MMAP (disabled)

[    1.763152][    T1] evm: security.apparmor

[    1.763163][    T1] evm: security.ima

[    1.763174][    T1] evm: security.capability

[    1.763200][    T1] evm: HMAC attrs: 0x1

[    2.597480][    T1] clk: Disabling unused clocks

[    2.610291][    T1] Freeing unused kernel image (initmem) memory: 4732K

[    2.614689][    T1] Write protected read-only-after-init data: 156k

[    2.614830][    T1] Run /init as init process

[    2.804075][    T1] Not activating Mandatory Access Control as /sbin/tomoyo-init does not exist.

Starting syslogd: OK
Starting klogd: OK
Running sysctl: OK
Saving 256 bits of creditable seed for next boot
Starting network: OK
Linux version 6.5.0-rc5-next-20230809-default-cbl (nathan@dev-arch.m3-large-x86-01) (ClangBuiltLinux clang version 15.0.7 (https://github.com/llvm/llvm-project 8dfdcc7b7bf66834a761bd8de445840ef68e4d1a), GNU ld (GNU Binutils) 2.41) #1 SMP Sat Aug 12 03:45:34 UTC 2023
Stopping network: OK
Seeding 256 bits and crediting
Saving 256 bits of creditable seed for next boot
Stopping klogd: OK
Stopping syslogd: OK
umount: devtmpfs busy - remounted read-only
umount: can't unmount /: Invalid argument

The system is going down NOW!

Sent SIGTERM to all processes

Sent SIGKILL to all processes

Requesting system poweroff
$ timeout --foreground 3m stdbuf -eL -oL /usr/sbin/qemu-system-s390x -display none -nodefaults -M s390-ccw-virtio -kernel /home/nathan/tmp/build/cbl_lkt/linux-next/s390/arch/s390/boot/bzImage -initrd /home/nathan/cbl/llvm-kernel-testing/src/boot-utils/images/s390/rootfs.cpio -m 512m -serial mon:stdio
