/home/nathan/cbl/src/linux-next/drivers/bus/mhi/host/main.c:803:13: warning: parameter 'event_quota' set but not used [-Wunused-but-set-parameter]
                             u32 event_quota)
                                 ^
1 warning generated.
/home/nathan/cbl/src/linux-next/lib/radix-tree.c:1136:50: warning: parameter 'slot' set but not used [-Wunused-but-set-parameter]
void __rcu **radix_tree_iter_resume(void __rcu **slot,
                                                 ^
1 warning generated.
/home/nathan/cbl/src/linux-next/net/ipv4/tcp_output.c:186:3: warning: result of comparison of constant -1 with expression of type 'u8' (aka 'unsigned char') is always false [-Wtautological-constant-out-of-range-compare]
                NET_ADD_STATS(sock_net(sk), LINUX_MIB_TCPACKCOMPRESSED,
                ^~~~~~~~~~~~~~~~~~~~~~~~~~~~~~~~~~~~~~~~~~~~~~~~~~~~~~~
/home/nathan/cbl/src/linux-next/include/net/ip.h:301:41: note: expanded from macro 'NET_ADD_STATS'
#define NET_ADD_STATS(net, field, adnd) SNMP_ADD_STATS((net)->mib.net_statistics, field, adnd)
                                        ^~~~~~~~~~~~~~~~~~~~~~~~~~~~~~~~~~~~~~~~~~~~~~~~~~~~~~
/home/nathan/cbl/src/linux-next/include/net/snmp.h:143:4: note: expanded from macro 'SNMP_ADD_STATS'
                        this_cpu_add(mib->mibs[field], addend)
                        ^~~~~~~~~~~~~~~~~~~~~~~~~~~~~~~~~~~~~~
/home/nathan/cbl/src/linux-next/include/linux/percpu-defs.h:491:33: note: expanded from macro 'this_cpu_add'
#define this_cpu_add(pcp, val)          __pcpu_size_call(this_cpu_add_, pcp, val)
                                        ^~~~~~~~~~~~~~~~~~~~~~~~~~~~~~~~~~~~~~~~~
note: (skipping 1 expansions in backtrace; use -fmacro-backtrace-limit=0 to see all)
<scratch space>:45:1: note: expanded from here
this_cpu_add_8
^
/home/nathan/cbl/src/linux-next/arch/x86/include/asm/percpu.h:370:35: note: expanded from macro 'this_cpu_add_8'
#define this_cpu_add_8(pcp, val)                percpu_add_op(8, volatile, (pcp), val)
                                                ^~~~~~~~~~~~~~~~~~~~~~~~~~~~~~~~~~~~~~
/home/nathan/cbl/src/linux-next/arch/x86/include/asm/percpu.h:127:31: note: expanded from macro 'percpu_add_op'
                              ((val) == 1 || (val) == -1)) ?            \
                                             ~~~~~ ^  ~~
1 warning generated.
/home/nathan/cbl/src/linux-next/drivers/block/rbd.c:6149:17: warning: result of comparison of constant 2305843009213693948 with expression of type 'u32' (aka 'unsigned int') is always false [-Wtautological-constant-out-of-range-compare]
        if (snap_count > (SIZE_MAX - sizeof (struct ceph_snap_context))
            ~~~~~~~~~~ ^ ~~~~~~~~~~~~~~~~~~~~~~~~~~~~~~~~~~~~~~~~~~~~~~
1 warning generated.
/home/nathan/cbl/src/linux-next/drivers/net/wireless/ath/ath9k/main.c:1566:21: warning: parameter 'changed_flags' set but not used [-Wunused-but-set-parameter]
                                   unsigned int changed_flags,
                                                ^
1 warning generated.
/home/nathan/cbl/src/linux-next/drivers/net/wireless/ath/ath5k/mac80211-ops.c:367:62: warning: parameter 'changed_flags' set but not used [-Wunused-but-set-parameter]
ath5k_configure_filter(struct ieee80211_hw *hw, unsigned int changed_flags,
                                                             ^
1 warning generated.
/home/nathan/cbl/src/linux-next/drivers/net/wireless/ath/ath9k/htc_drv_main.c:1258:25: warning: parameter 'changed_flags' set but not used [-Wunused-but-set-parameter]
                                       unsigned int changed_flags,
                                                    ^
1 warning generated.
/home/nathan/cbl/src/linux-next/net/ceph/osdmap.c:1441:10: warning: result of comparison of constant 4611686018427387891 with expression of type 'u32' (aka 'unsigned int') is always false [-Wtautological-constant-out-of-range-compare]
        if (len > (SIZE_MAX - sizeof(*pg)) / sizeof(u32))
            ~~~ ^ ~~~~~~~~~~~~~~~~~~~~~~~~~~~~~~~~~~~~~~
/home/nathan/cbl/src/linux-next/net/ceph/osdmap.c:1624:10: warning: result of comparison of constant 2305843009213693945 with expression of type 'u32' (aka 'unsigned int') is always false [-Wtautological-constant-out-of-range-compare]
        if (len > (SIZE_MAX - sizeof(*pg)) / (2 * sizeof(u32)))
            ~~~ ^ ~~~~~~~~~~~~~~~~~~~~~~~~~~~~~~~~~~~~~~~~~~~~
2 warnings generated.
/home/nathan/cbl/src/linux-next/drivers/md/dm-integrity.c:4159:12: warning: result of comparison of constant 17179869180 with expression of type 'unsigned int' is always false [-Wtautological-constant-out-of-range-compare]
                        if (val >= (uint64_t)UINT_MAX * 1000 / HZ) {
                            ~~~ ^  ~~~~~~~~~~~~~~~~~~~~~~~~~~~~~~
1 warning generated.
/home/nathan/cbl/src/linux-next/fs/ceph/snap.c:372:10: warning: result of comparison of constant 2305843009213693948 with expression of type 'u32' (aka 'unsigned int') is always false [-Wtautological-constant-out-of-range-compare]
        if (num > (SIZE_MAX - sizeof(*snapc)) / sizeof(u64))
            ~~~ ^ ~~~~~~~~~~~~~~~~~~~~~~~~~~~~~~~~~~~~~~~~~
1 warning generated.
/home/nathan/cbl/src/linux-next/drivers/net/ethernet/qlogic/qed/qed_vf.c:63:67: warning: parameter 'resp_size' set but not used [-Wunused-but-set-parameter]
static int qed_send_msg2pf(struct qed_hwfn *p_hwfn, u8 *done, u32 resp_size)
                                                                  ^
1 warning generated.
vmlinux.o: warning: objtool: set_ftrace_ops_ro+0x23: relocation to !ENDBR: kexec_mark_crashkres+0x3b

[01;32mQEMU location: [0m/usr/sbin[0m

[01;32mQEMU version: [0mQEMU emulator version 8.0.3[0m
[    0.000000] Linux version 6.5.0-rc5-next-20230809-cbl (nathan@dev-arch.m3-large-x86-01) (ClangBuiltLinux clang version 15.0.7 (https://github.com/llvm/llvm-project 8dfdcc7b7bf66834a761bd8de445840ef68e4d1a), ClangBuiltLinux LLD 15.0.7) #1 SMP PREEMPT_DYNAMIC Sat Aug 12 04:27:04 UTC 2023
[    0.000000] Command line: console=ttyS0 earlycon=uart8250,io,0x3f8
[    0.000000] BIOS-provided physical RAM map:
[    0.000000] BIOS-e820: [mem 0x0000000000000000-0x000000000009fbff] usable
[    0.000000] BIOS-e820: [mem 0x000000000009fc00-0x000000000009ffff] reserved
[    0.000000] BIOS-e820: [mem 0x00000000000f0000-0x00000000000fffff] reserved
[    0.000000] BIOS-e820: [mem 0x0000000000100000-0x000000001ffdffff] usable
[    0.000000] BIOS-e820: [mem 0x000000001ffe0000-0x000000001fffffff] reserved
[    0.000000] BIOS-e820: [mem 0x00000000feffc000-0x00000000feffffff] reserved
[    0.000000] BIOS-e820: [mem 0x00000000fffc0000-0x00000000ffffffff] reserved
[    0.000000] BIOS-e820: [mem 0x000000fd00000000-0x000000ffffffffff] reserved
[    0.000000] earlycon: uart8250 at I/O port 0x3f8 (options '')
[    0.000000] printk: bootconsole [uart8250] enabled
[    0.000000] NX (Execute Disable) protection: active
[    0.000000] SMBIOS 2.8 present.
[    0.000000] DMI: QEMU Standard PC (i440FX + PIIX, 1996), BIOS Arch Linux 1.16.2-1-1 04/01/2014
[    0.000000] Hypervisor detected: KVM
[    0.000000] kvm-clock: Using msrs 4b564d01 and 4b564d00
[    0.000000] kvm-clock: using sched offset of 1011404623 cycles
[    0.000460] clocksource: kvm-clock: mask: 0xffffffffffffffff max_cycles: 0x1cd42e4dffb, max_idle_ns: 881590591483 ns
[    0.001923] tsc: Detected 2495.312 MHz processor
[    0.002475] last_pfn = 0x1ffe0 max_arch_pfn = 0x400000000
[    0.002996] MTRR map: 4 entries (3 fixed + 1 variable; max 19), built from 8 variable MTRRs
[    0.003767] x86/PAT: Configuration [0-7]: WB  WC  UC- UC  WB  WP  UC- WT  
[    0.007009] found SMP MP-table at [mem 0x000f6e60-0x000f6e6f]
[    0.007547] Using GB pages for direct mapping
[    0.008102] RAMDISK: [mem 0x1fad3000-0x1ffdffff]
[    0.008567] ACPI: Early table checksum verification disabled
[    0.009081] ACPI: RSDP 0x00000000000F6C90 000014 (v00 BOCHS )
[    0.009597] ACPI: RSDT 0x000000001FFE31D1 000034 (v01 BOCHS  BXPC     00000001 BXPC 00000001)
[    0.010356] ACPI: FACP 0x000000001FFE2E8D 000074 (v01 BOCHS  BXPC     00000001 BXPC 00000001)
[    0.011124] ACPI: DSDT 0x000000001FFE0040 002E4D (v01 BOCHS  BXPC     00000001 BXPC 00000001)
[    0.011886] ACPI: FACS 0x000000001FFE0000 000040
[    0.012298] ACPI: APIC 0x000000001FFE2F01 000270 (v01 BOCHS  BXPC     00000001 BXPC 00000001)
[    0.013061] ACPI: HPET 0x000000001FFE3171 000038 (v01 BOCHS  BXPC     00000001 BXPC 00000001)
[    0.013823] ACPI: WAET 0x000000001FFE31A9 000028 (v01 BOCHS  BXPC     00000001 BXPC 00000001)
[    0.014575] ACPI: Reserving FACP table memory at [mem 0x1ffe2e8d-0x1ffe2f00]
[    0.015212] ACPI: Reserving DSDT table memory at [mem 0x1ffe0040-0x1ffe2e8c]
[    0.015840] ACPI: Reserving FACS table memory at [mem 0x1ffe0000-0x1ffe003f]
[    0.016466] ACPI: Reserving APIC table memory at [mem 0x1ffe2f01-0x1ffe3170]
[    0.017142] ACPI: Reserving HPET table memory at [mem 0x1ffe3171-0x1ffe31a8]
[    0.017802] ACPI: Reserving WAET table memory at [mem 0x1ffe31a9-0x1ffe31d0]
[    0.018636] No NUMA configuration found
[    0.018982] Faking a node at [mem 0x0000000000000000-0x000000001ffdffff]
[    0.019585] NODE_DATA(0) allocated [mem 0x1faa8000-0x1fad2fff]
[    0.020273] Zone ranges:
[    0.020497]   DMA      [mem 0x0000000000001000-0x0000000000ffffff]
[    0.021058]   DMA32    [mem 0x0000000001000000-0x000000001ffdffff]
[    0.021606]   Normal   empty
[    0.021865]   Device   empty
[    0.022121] Movable zone start for each node
[    0.022501] Early memory node ranges
[    0.022821]   node   0: [mem 0x0000000000001000-0x000000000009efff]
[    0.023375]   node   0: [mem 0x0000000000100000-0x000000001ffdffff]
[    0.023939] Initmem setup node 0 [mem 0x0000000000001000-0x000000001ffdffff]
[    0.024755] On node 0, zone DMA: 1 pages in unavailable ranges
[    0.024789] On node 0, zone DMA: 97 pages in unavailable ranges
[    0.026208] On node 0, zone DMA32: 32 pages in unavailable ranges
[    0.026961] ACPI: PM-Timer IO Port: 0x608
[    0.027875] ACPI: LAPIC_NMI (acpi_id[0xff] dfl dfl lint[0x1])
[    0.028409] IOAPIC[0]: apic_id 0, version 17, address 0xfec00000, GSI 0-23
[    0.029024] ACPI: INT_SRC_OVR (bus 0 bus_irq 0 global_irq 2 dfl dfl)
[    0.029585] ACPI: INT_SRC_OVR (bus 0 bus_irq 5 global_irq 5 high level)
[    0.030182] ACPI: INT_SRC_OVR (bus 0 bus_irq 9 global_irq 9 high level)
[    0.030773] ACPI: INT_SRC_OVR (bus 0 bus_irq 10 global_irq 10 high level)
[    0.031375] ACPI: INT_SRC_OVR (bus 0 bus_irq 11 global_irq 11 high level)
[    0.031983] ACPI: Using ACPI (MADT) for SMP configuration information
[    0.032550] ACPI: HPET id: 0x8086a201 base: 0xfed00000
[    0.033017] TSC deadline timer available
[    0.033369] smpboot: Allowing 64 CPUs, 0 hotplug CPUs
[    0.033835] kvm-guest: KVM setup pv remote TLB flush
[    0.034280] kvm-guest: setup PV sched yield
[    0.034659] PM: hibernation: Registered nosave memory: [mem 0x00000000-0x00000fff]
[    0.035331] PM: hibernation: Registered nosave memory: [mem 0x0009f000-0x0009ffff]
[    0.036051] PM: hibernation: Registered nosave memory: [mem 0x000a0000-0x000effff]
[    0.036724] PM: hibernation: Registered nosave memory: [mem 0x000f0000-0x000fffff]
[    0.037404] [mem 0x20000000-0xfeffbfff] available for PCI devices
[    0.037948] Booting paravirtualized kernel on KVM
[    0.038363] clocksource: refined-jiffies: mask: 0xffffffff max_cycles: 0xffffffff, max_idle_ns: 7645519600211568 ns
[    0.044092] setup_percpu: NR_CPUS:8192 nr_cpumask_bits:64 nr_cpu_ids:64 nr_node_ids:1
[    0.047650] percpu: Embedded 63 pages/cpu s221184 r8192 d28672 u262144
[    0.048367] kvm-guest: PV spinlocks enabled
[    0.048754] PV qspinlock hash table entries: 256 (order: 0, 4096 bytes, linear)
[    0.049425] Kernel command line: console=ttyS0 earlycon=uart8250,io,0x3f8
[    0.050114] random: crng init done
[    0.050423] printk: log_buf_len individual max cpu contribution: 4096 bytes
[    0.051065] printk: log_buf_len total cpu_extra contributions: 258048 bytes
[    0.051698] printk: log_buf_len min size: 131072 bytes
[    0.052524] printk: log_buf_len: 524288 bytes
[    0.052925] printk: early log buf free: 124632(95%)
[    0.053427] Dentry cache hash table entries: 65536 (order: 7, 524288 bytes, linear)
[    0.054162] Inode-cache hash table entries: 32768 (order: 6, 262144 bytes, linear)
[    0.055301] Fallback order for Node 0: 0 
[    0.055313] Built 1 zonelists, mobility grouping on.  Total pages: 128736
[    0.056305] Policy zone: DMA32
[    0.056584] mem auto-init: stack:all(zero), heap alloc:on, heap free:off
[    0.058196] Memory: 260860K/523768K available (16384K kernel code, 2300K rwdata, 10312K rodata, 3764K init, 4108K bss, 77016K reserved, 0K cma-reserved)
[    0.059808] SLUB: HWalign=64, Order=0-3, MinObjects=0, CPUs=64, Nodes=1
[    0.060453] ftrace: allocating 41747 entries in 164 pages
[    0.061107] ftrace: allocated 164 pages with 3 groups
[    0.062405] Dynamic Preempt: voluntary
[    0.063090] rcu: Preemptible hierarchical RCU implementation.
[    0.063616] rcu: 	RCU restricting CPUs from NR_CPUS=8192 to nr_cpu_ids=64.
[    0.064248] 	Trampoline variant of Tasks RCU enabled.
[    0.064707] 	Rude variant of Tasks RCU enabled.
[    0.065115] 	Tracing variant of Tasks RCU enabled.
[    0.065545] rcu: RCU calculated value of scheduler-enlistment delay is 25 jiffies.
[    0.066277] rcu: Adjusting geometry for rcu_fanout_leaf=16, nr_cpu_ids=64
[    0.069786] NR_IRQS: 524544, nr_irqs: 936, preallocated irqs: 16
[    0.070566] rcu: srcu_init: Setting srcu_struct sizes based on contention.
[    0.071359] Console: colour *CGA 80x25
[    0.071723] printk: console [ttyS0] enabled
[    0.071723] printk: console [ttyS0] enabled
[    0.072500] printk: bootconsole [uart8250] disabled
[    0.072500] printk: bootconsole [uart8250] disabled
[    0.073435] ACPI: Core revision 20230628
[    0.073965] clocksource: hpet: mask: 0xffffffff max_cycles: 0xffffffff, max_idle_ns: 19112604467 ns
[    0.074886] APIC: Switch to symmetric I/O mode setup
[    0.075557] x2apic enabled
[    0.076009] Switched APIC routing to physical x2apic.
[    0.076479] kvm-guest: setup PV IPIs
[    0.077812] ..TIMER: vector=0x30 apic1=0 pin1=2 apic2=-1 pin2=-1
[    0.078850] tsc: Marking TSC unstable due to TSCs unsynchronized
[    0.079945] Calibrating delay loop (skipped) preset value.. 4990.62 BogoMIPS (lpj=9981248)
[    0.081501] x86/cpu: User Mode Instruction Prevention (UMIP) activated
[    0.082698] Last level iTLB entries: 4KB 512, 2MB 255, 4MB 127
[    0.083943] Last level dTLB entries: 4KB 512, 2MB 255, 4MB 127, 1GB 0
[    0.085043] Spectre V1 : Mitigation: usercopy/swapgs barriers and __user pointer sanitization
[    0.086479] Spectre V2 : Mitigation: Retpolines
[    0.087943] Spectre V2 : Spectre v2 / SpectreRSB mitigation: Filling RSB on context switch
[    0.089330] Spectre V2 : Spectre v2 / SpectreRSB : Filling RSB on VMEXIT
[    0.090466] Spectre V2 : Enabling Speculation Barrier for firmware calls
[    0.091597] RETBleed: Mitigation: untrained return thunk
[    0.091944] Spectre V2 : mitigation: Enabling conditional Indirect Branch Prediction Barrier
[    0.093411] Speculative Store Bypass: Mitigation: Speculative Store Bypass disabled via prctl
[    0.094841] Speculative Return Stack Overflow: Mitigation: safe RET
[    0.095957] x86/fpu: Supporting XSAVE feature 0x001: 'x87 floating point registers'
[    0.097244] x86/fpu: Supporting XSAVE feature 0x002: 'SSE registers'
[    0.098347] x86/fpu: Supporting XSAVE feature 0x004: 'AVX registers'
[    0.099943] x86/fpu: xstate_offset[2]:  576, xstate_sizes[2]:  256
[    0.101035] x86/fpu: Enabled xstate features 0x7, context size is 832 bytes, using 'compacted' format.
[    0.108898] Freeing SMP alternatives memory: 40K
[    0.109679] pid_max: default: 65536 minimum: 512
[    0.110952] LSM: initializing lsm=lockdown,capability,landlock,yama,apparmor,tomoyo,bpf,integrity
[    0.111961] landlock: Up and running.
[    0.112579] Yama: becoming mindful.
[    0.113185] AppArmor: AppArmor initialized
[    0.113871] TOMOYO Linux initialized
[    0.114484] LSM support for eBPF active
[    0.115185] Mount-cache hash table entries: 1024 (order: 1, 8192 bytes, linear)
[    0.115944] Mountpoint-cache hash table entries: 1024 (order: 1, 8192 bytes, linear)
[    0.117746] smpboot: CPU0: AMD EPYC 7502P 32-Core Processor (family: 0x17, model: 0x31, stepping: 0x0)
[    0.119550] RCU Tasks: Setting shift to 6 and lim to 1 rcu_task_cb_adjust=1.
[    0.119941] RCU Tasks Rude: Setting shift to 6 and lim to 1 rcu_task_cb_adjust=1.
[    0.119977] RCU Tasks Trace: Setting shift to 6 and lim to 1 rcu_task_cb_adjust=1.
[    0.121277] Performance Events: Fam17h+ core perfctr, AMD PMU driver.
[    0.122396] ... version:                0
[    0.123065] ... bit width:              48
[    0.123751] ... generic registers:      6
[    0.123945] ... value mask:             0000ffffffffffff
[    0.124837] ... max period:             00007fffffffffff
[    0.125726] ... fixed-purpose events:   0
[    0.126411] ... event mask:             000000000000003f
[    0.127501] signal: max sigframe size: 1776
[    0.127985] rcu: Hierarchical SRCU implementation.
[    0.128807] rcu: 	Max phase no-delay instances is 1000.
[    0.130911] smp: Bringing up secondary CPUs ...
[    0.131893] smpboot: x86: Booting SMP configuration:
[    0.131948] .... node  #0, CPUs:        #1  #2  #3  #4  #5  #6  #7  #8  #9 #10 #11 #12 #13 #14 #15 #16 #17 #18 #19 #20 #21 #22 #23 #24 #25 #26 #27 #28 #29 #30 #31 #32 #33 #34 #35 #36 #37 #38 #39 #40 #41 #42 #43 #44 #45 #46 #47 #48 #49 #50 #51 #52 #53 #54 #55 #56 #57 #58 #59 #60 #61 #62 #63
[    0.184203] smp: Brought up 1 node, 64 CPUs
[    0.188653] smpboot: Max logical packages: 1
[    0.189375] smpboot: Total of 64 processors activated (319399.93 BogoMIPS)
[    0.206324] node 0 deferred pages initialised in 0ms
[    0.208313] devtmpfs: initialized
[    0.208660] x86/mm: Memory block size: 128MB
[    0.209862] clocksource: jiffies: mask: 0xffffffff max_cycles: 0xffffffff, max_idle_ns: 7645041785100000 ns
[    0.212031] futex hash table entries: 16384 (order: 8, 1048576 bytes, linear)
[    0.213444] pinctrl core: initialized pinctrl subsystem
[    0.216118] NET: Registered PF_NETLINK/PF_ROUTE protocol family
[    0.217395] DMA: preallocated 128 KiB GFP_KERNEL pool for atomic allocations
[    0.218684] DMA: preallocated 128 KiB GFP_KERNEL|GFP_DMA pool for atomic allocations
[    0.219971] DMA: preallocated 128 KiB GFP_KERNEL|GFP_DMA32 pool for atomic allocations
[    0.221381] audit: initializing netlink subsys (disabled)
[    0.222366] audit: type=2000 audit(1691814488.559:1): state=initialized audit_enabled=0 res=1
[    0.222366] thermal_sys: Registered thermal governor 'fair_share'
[    0.223946] thermal_sys: Registered thermal governor 'bang_bang'
[    0.225018] thermal_sys: Registered thermal governor 'step_wise'
[    0.226049] thermal_sys: Registered thermal governor 'user_space'
[    0.227110] thermal_sys: Registered thermal governor 'power_allocator'
[    0.228032] cpuidle: using governor ladder
[    0.229818] cpuidle: using governor menu
[    0.232226] acpiphp: ACPI Hot Plug PCI Controller Driver version: 0.5
[    0.233559] PCI: Using configuration type 1 for base access
[    0.234571] PCI: Using configuration type 1 for extended access
[    0.239324] kprobes: kprobe jump-optimization is enabled. All kprobes are optimized if possible.
[    0.258557] HugeTLB: registered 1.00 GiB page size, pre-allocated 0 pages
[    0.259946] HugeTLB: 16380 KiB vmemmap can be freed for a 1.00 GiB page
[    0.261103] HugeTLB: registered 2.00 MiB page size, pre-allocated 0 pages
[    0.262310] HugeTLB: 28 KiB vmemmap can be freed for a 2.00 MiB page
[    0.264155] ACPI: Added _OSI(Module Device)
[    0.264910] ACPI: Added _OSI(Processor Device)
[    0.265738] ACPI: Added _OSI(3.0 _SCP Extensions)
[    0.266580] ACPI: Added _OSI(Processor Aggregator Device)
[    0.270168] ACPI: 1 ACPI AML tables successfully acquired and loaded
[    0.272615] ACPI: _OSC evaluation for CPUs failed, trying _PDC
[    0.274331] ACPI: Interpreter enabled
[    0.275003] ACPI: PM: (supports S0 S3 S4 S5)
[    0.275760] ACPI: Using IOAPIC for interrupt routing
[    0.275963] PCI: Using host bridge windows from ACPI; if necessary, use "pci=nocrs" and report a bug
[    0.277606] PCI: Using E820 reservations for host bridge windows
[    0.279010] ACPI: Enabled 2 GPEs in block 00 to 0F
[    0.289896] ACPI: PCI Root Bridge [PCI0] (domain 0000 [bus 00-ff])
[    0.291000] acpi PNP0A03:00: _OSC: OS supports [ExtendedConfig ASPM ClockPM Segments MSI HPX-Type3]
[    0.292721] acpiphp: Slot [2] registered
[    0.293452] acpiphp: Slot [3] registered
[    0.294157] acpiphp: Slot [4] registered
[    0.294868] acpiphp: Slot [5] registered
[    0.295577] acpiphp: Slot [6] registered
[    0.295969] acpiphp: Slot [7] registered
[    0.296682] acpiphp: Slot [8] registered
[    0.297399] acpiphp: Slot [9] registered
[    0.298113] acpiphp: Slot [10] registered
[    0.298841] acpiphp: Slot [11] registered
[    0.299573] acpiphp: Slot [12] registered
[    0.299966] acpiphp: Slot [13] registered
[    0.300712] acpiphp: Slot [14] registered
[    0.301444] acpiphp: Slot [15] registered
[    0.302172] acpiphp: Slot [16] registered
[    0.302896] acpiphp: Slot [17] registered
[    0.303668] acpiphp: Slot [18] registered
[    0.303967] acpiphp: Slot [19] registered
[    0.304702] acpiphp: Slot [20] registered
[    0.305430] acpiphp: Slot [21] registered
[    0.306171] acpiphp: Slot [22] registered
[    0.306926] acpiphp: Slot [23] registered
[    0.307678] acpiphp: Slot [24] registered
[    0.307967] acpiphp: Slot [25] registered
[    0.308710] acpiphp: Slot [26] registered
[    0.309441] acpiphp: Slot [27] registered
[    0.310176] acpiphp: Slot [28] registered
[    0.310950] acpiphp: Slot [29] registered
[    0.311731] acpiphp: Slot [30] registered
[    0.311967] acpiphp: Slot [31] registered
[    0.312694] PCI host bridge to bus 0000:00
[    0.313426] pci_bus 0000:00: root bus resource [io  0x0000-0x0cf7 window]
[    0.314669] pci_bus 0000:00: root bus resource [io  0x0d00-0xffff window]
[    0.315871] pci_bus 0000:00: root bus resource [mem 0x000a0000-0x000bffff window]
[    0.315946] pci_bus 0000:00: root bus resource [mem 0x20000000-0xfebfffff window]
[    0.317344] pci_bus 0000:00: root bus resource [mem 0x100000000-0x17fffffff window]
[    0.318766] pci_bus 0000:00: root bus resource [bus 00-ff]
[    0.319893] pci 0000:00:00.0: [8086:1237] type 00 class 0x060000
[    0.320360] pci 0000:00:01.0: [8086:7000] type 00 class 0x060100
[    0.321956] pci 0000:00:01.1: [8086:7010] type 00 class 0x010180
[    0.324214] pci 0000:00:01.1: reg 0x20: [io  0xc000-0xc00f]
[    0.325762] pci 0000:00:01.1: legacy IDE quirk: reg 0x10: [io  0x01f0-0x01f7]
[    0.327232] pci 0000:00:01.1: legacy IDE quirk: reg 0x14: [io  0x03f6]
[    0.327946] pci 0000:00:01.1: legacy IDE quirk: reg 0x18: [io  0x0170-0x0177]
[    0.329214] pci 0000:00:01.1: legacy IDE quirk: reg 0x1c: [io  0x0376]
[    0.330550] pci 0000:00:01.3: [8086:7113] type 00 class 0x068000
[    0.331998] pci 0000:00:01.3: quirk: [io  0x0600-0x063f] claimed by PIIX4 ACPI
[    0.333281] pci 0000:00:01.3: quirk: [io  0x0700-0x070f] claimed by PIIX4 SMB
[    0.335235] ACPI: PCI: Interrupt link LNKA configured for IRQ 10
[    0.336125] ACPI: PCI: Interrupt link LNKB configured for IRQ 10
[    0.337523] ACPI: PCI: Interrupt link LNKC configured for IRQ 11
[    0.338760] ACPI: PCI: Interrupt link LNKD configured for IRQ 11
[    0.339914] ACPI: PCI: Interrupt link LNKS configured for IRQ 9
[    0.344056] iommu: Default domain type: Translated
[    0.344855] iommu: DMA domain TLB invalidation policy: lazy mode
[    0.346120] pps_core: LinuxPPS API ver. 1 registered
[    0.346993] pps_core: Software ver. 5.3.6 - Copyright 2005-2007 Rodolfo Giometti <giometti@linux.it>
[    0.347951] PTP clock support registered
[    0.348666] EDAC MC: Ver: 3.0.0
[    0.349344] NetLabel: Initializing
[    0.349344] NetLabel:  domain hash size = 128
[    0.349607] NetLabel:  protocols = UNLABELED CIPSOv4 CALIPSO
[    0.351967] NetLabel:  unlabeled traffic allowed by default
[    0.352995] PCI: Using ACPI for IRQ routing
[    0.353824] vgaarb: loaded
[    0.353824] hpet0: at MMIO 0xfed00000, IRQs 2, 8, 0
[    0.353824] hpet0: 3 comparators, 64-bit 100.000000 MHz counter
[    0.361057] clocksource: Switched to clocksource kvm-clock
[    0.361403] VFS: Disk quotas dquot_6.6.0
[    0.362127] VFS: Dquot-cache hash table entries: 512 (order 0, 4096 bytes)
[    0.363700] AppArmor: AppArmor Filesystem Enabled
[    0.364600] pnp: PnP ACPI init
[    0.365623] pnp: PnP ACPI: found 5 devices
[    0.374451] clocksource: acpi_pm: mask: 0xffffff max_cycles: 0xffffff, max_idle_ns: 2085701024 ns
[    0.376101] NET: Registered PF_INET protocol family
[    0.377001] IP idents hash table entries: 8192 (order: 4, 65536 bytes, linear)
[    0.378919] tcp_listen_portaddr_hash hash table entries: 256 (order: 0, 4096 bytes, linear)
[    0.380382] Table-perturb hash table entries: 65536 (order: 6, 262144 bytes, linear)
[    0.381749] TCP established hash table entries: 4096 (order: 3, 32768 bytes, linear)
[    0.383118] TCP bind hash table entries: 4096 (order: 5, 131072 bytes, linear)
[    0.384393] TCP: Hash tables configured (established 4096 bind 4096)
[    0.385716] MPTCP token hash table entries: 512 (order: 1, 12288 bytes, linear)
[    0.387005] UDP hash table entries: 256 (order: 1, 8192 bytes, linear)
[    0.388139] UDP-Lite hash table entries: 256 (order: 1, 8192 bytes, linear)
[    0.389568] NET: Registered PF_UNIX/PF_LOCAL protocol family
[    0.390591] NET: Registered PF_XDP protocol family
[    0.391442] pci_bus 0000:00: resource 4 [io  0x0000-0x0cf7 window]
[    0.392520] pci_bus 0000:00: resource 5 [io  0x0d00-0xffff window]
[    0.393603] pci_bus 0000:00: resource 6 [mem 0x000a0000-0x000bffff window]
[    0.394803] pci_bus 0000:00: resource 7 [mem 0x20000000-0xfebfffff window]
[    0.396007] pci_bus 0000:00: resource 8 [mem 0x100000000-0x17fffffff window]
[    0.397297] pci 0000:00:01.0: PIIX3: Enabling Passive Release
[    0.398312] pci 0000:00:00.0: Limiting direct PCI/PCI transfers
[    0.399368] PCI: CLS 0 bytes, default 64
[    0.400341] Trying to unpack rootfs image as initramfs...
[    0.402015] Initialise system trusted keyrings
[    0.402826] Key type blacklist registered
[    0.403624] workingset: timestamp_bits=36 max_order=17 bucket_order=0
[    0.404767] zbud: loaded
[    0.405872] integrity: Platform Keyring initialized
[    0.406765] integrity: Machine keyring initialized
[    0.407602] Key type asymmetric registered
[    0.408319] Asymmetric key parser 'x509' registered
[    0.410192] Freeing initrd memory: 5172K
[    0.413748] Block layer SCSI generic (bsg) driver version 0.4 loaded (major 247)
[    0.415195] io scheduler mq-deadline registered
[    0.418468] shpchp: Standard Hot Plug PCI Controller Driver version: 0.4
[    0.423776] Serial: 8250/16550 driver, 4 ports, IRQ sharing enabled
[    0.425249] 00:03: ttyS0 at I/O 0x3f8 (irq = 4, base_baud = 115200) is a 16550A
[    0.427391] Linux agpgart interface v0.103
[    0.428273] AMD-Vi: AMD IOMMUv2 functionality not available on this system - This is not a bug.
[    0.442301] i8042: PNP: PS/2 Controller [PNP0303:KBD,PNP0f13:MOU] at 0x60,0x64 irq 1,12
[    0.444507] serio: i8042 KBD port at 0x60,0x64 irq 1
[    0.445410] serio: i8042 AUX port at 0x60,0x64 irq 12
[    0.446512] mousedev: PS/2 mouse device common for all mice
[    0.447560] rtc_cmos 00:04: RTC can wake from S4
[    0.448976] rtc_cmos 00:04: registered as rtc0
[    0.449341] input: AT Translated Set 2 keyboard as /devices/platform/i8042/serio0/input/input0
[    0.450068] rtc_cmos 00:04: setting system clock to 2023-08-12T04:28:08 UTC (1691814488)
[    0.453010] rtc_cmos 00:04: alarms up to one day, y3k, 242 bytes nvram, hpet irqs
[    0.454334] amd_pstate: the _CPC object is not present in SBIOS or ACPI disabled
[    0.457386] ledtrig-cpu: registered to indicate activity on CPUs
[    0.471677] NET: Registered PF_INET6 protocol family
[    0.475418] Segment Routing with IPv6
[    0.476090] In-situ OAM (IOAM) with IPv6
[    0.476826] mip6: Mobile IPv6
[    0.477356] NET: Registered PF_PACKET protocol family
[    0.478354] mpls_gso: MPLS GSO support
[    0.485174] IPI shorthand broadcast: enabled
[    0.488413] sched_clock: Marking stable (484392315, 734770)->(504976431, -19849346)
[    0.490183] registered taskstats version 1
[    0.491533] Loading compiled-in X.509 certificates
[    0.508042] Loaded X.509 cert 'Build time autogenerated kernel key: b931067efe0da42feab677ecfe5e76852cd2e728'
[    0.513873] Key type .fscrypt registered
[    0.514591] Key type fscrypt-provisioning registered
[    0.517826] Key type encrypted registered
[    0.518543] AppArmor: AppArmor sha1 policy hashing enabled
[    0.519525] ima: No TPM chip found, activating TPM-bypass!
[    0.520501] ima: Allocated hash algorithm: sha256
[    0.521365] ima: No architecture policies found
[    0.522189] evm: Initialising EVM extended attributes:
[    0.523105] evm: security.selinux
[    0.523695] evm: security.SMACK64 (disabled)
[    0.524448] evm: security.SMACK64EXEC (disabled)
[    0.525278] evm: security.SMACK64TRANSMUTE (disabled)
[    0.526166] evm: security.SMACK64MMAP (disabled)
[    0.526985] evm: security.apparmor
[    0.527586] evm: security.ima
[    0.528115] evm: security.capability
[    0.528790] evm: HMAC attrs: 0x1
[    0.623566] clk: Disabling unused clocks
[    0.627217] Freeing unused decrypted memory: 2036K
[    0.629200] Freeing unused kernel image (initmem) memory: 3764K
[    0.636774] Write protecting the kernel read-only data: 28672k
[    0.639544] Freeing unused kernel image (rodata/data gap) memory: 1976K
[    0.717119] x86/mm: Checked W+X mappings: passed, no W+X pages found.
[    0.718078] Run /init as init process
[    0.720560] Not activating Mandatory Access Control as /sbin/tomoyo-init does not exist.
Starting syslogd: OK
Starting klogd: OK
Running sysctl: OK
Saving 256 bits of creditable seed for next boot
Starting network: OK
Linux version 6.5.0-rc5-next-20230809-cbl (nathan@dev-arch.m3-large-x86-01) (ClangBuiltLinux clang version 15.0.7 (https://github.com/llvm/llvm-project 8dfdcc7b7bf66834a761bd8de445840ef68e4d1a), ClangBuiltLinux LLD 15.0.7) #1 SMP PREEMPT_DYNAMIC Sat Aug 12 04:27:04 UTC 2023
Stopping network: OK
Seeding 256 bits and crediting
Saving 256 bits of creditable seed for next boot
Stopping klogd: OK
Stopping syslogd: OK
umount: devtmpfs busy - remounted read-only
umount: can't unmount /: Invalid argument

The system is going down NOW!

Sent SIGTERM to all processes

Sent SIGKILL to all processes

Requesting system poweroff
[    2.800391] ACPI: PM: Preparing to enter system sleep state S5
[    2.801385] reboot: Power down
$ timeout --foreground 3m stdbuf -eL -oL /usr/sbin/qemu-system-x86_64 -display none -nodefaults -d unimp,guest_errors -append 'console=ttyS0 earlycon=uart8250,io,0x3f8' -kernel /home/nathan/tmp/build/cbl_lkt/linux-next/x86_64/arch/x86/boot/bzImage -initrd /home/nathan/cbl/llvm-kernel-testing/src/boot-utils/images/x86_64/rootfs.cpio -cpu host -enable-kvm -m 512m -smp 64 -serial mon:stdio
