/home/nathan/cbl/src/linux-next/drivers/bus/mhi/host/main.c:803:13: warning: parameter 'event_quota' set but not used [-Wunused-but-set-parameter]
                             u32 event_quota)
                                 ^
1 warning generated.
/home/nathan/cbl/src/linux-next/lib/radix-tree.c:1136:50: warning: parameter 'slot' set but not used [-Wunused-but-set-parameter]
void __rcu **radix_tree_iter_resume(void __rcu **slot,
                                                 ^
1 warning generated.
/home/nathan/cbl/src/linux-next/net/ipv4/tcp_output.c:186:3: warning: result of comparison of constant -1 with expression of type 'u8' (aka 'unsigned char') is always false [-Wtautological-constant-out-of-range-compare]
                NET_ADD_STATS(sock_net(sk), LINUX_MIB_TCPACKCOMPRESSED,
                ^~~~~~~~~~~~~~~~~~~~~~~~~~~~~~~~~~~~~~~~~~~~~~~~~~~~~~~
/home/nathan/cbl/src/linux-next/include/net/ip.h:301:41: note: expanded from macro 'NET_ADD_STATS'
#define NET_ADD_STATS(net, field, adnd) SNMP_ADD_STATS((net)->mib.net_statistics, field, adnd)
                                        ^~~~~~~~~~~~~~~~~~~~~~~~~~~~~~~~~~~~~~~~~~~~~~~~~~~~~~
/home/nathan/cbl/src/linux-next/include/net/snmp.h:143:4: note: expanded from macro 'SNMP_ADD_STATS'
                        this_cpu_add(mib->mibs[field], addend)
                        ^~~~~~~~~~~~~~~~~~~~~~~~~~~~~~~~~~~~~~
/home/nathan/cbl/src/linux-next/include/linux/percpu-defs.h:491:33: note: expanded from macro 'this_cpu_add'
#define this_cpu_add(pcp, val)          __pcpu_size_call(this_cpu_add_, pcp, val)
                                        ^~~~~~~~~~~~~~~~~~~~~~~~~~~~~~~~~~~~~~~~~
note: (skipping 1 expansions in backtrace; use -fmacro-backtrace-limit=0 to see all)
<scratch space>:157:1: note: expanded from here
this_cpu_add_8
^
/home/nathan/cbl/src/linux-next/arch/x86/include/asm/percpu.h:370:35: note: expanded from macro 'this_cpu_add_8'
#define this_cpu_add_8(pcp, val)                percpu_add_op(8, volatile, (pcp), val)
                                                ^~~~~~~~~~~~~~~~~~~~~~~~~~~~~~~~~~~~~~
/home/nathan/cbl/src/linux-next/arch/x86/include/asm/percpu.h:127:31: note: expanded from macro 'percpu_add_op'
                              ((val) == 1 || (val) == -1)) ?            \
                                             ~~~~~ ^  ~~
1 warning generated.
/home/nathan/cbl/src/linux-next/drivers/block/rbd.c:6149:17: warning: result of comparison of constant 2305843009213693948 with expression of type 'u32' (aka 'unsigned int') is always false [-Wtautological-constant-out-of-range-compare]
        if (snap_count > (SIZE_MAX - sizeof (struct ceph_snap_context))
            ~~~~~~~~~~ ^ ~~~~~~~~~~~~~~~~~~~~~~~~~~~~~~~~~~~~~~~~~~~~~~
1 warning generated.
/home/nathan/cbl/src/linux-next/net/ceph/osdmap.c:1441:10: warning: result of comparison of constant 4611686018427387891 with expression of type 'u32' (aka 'unsigned int') is always false [-Wtautological-constant-out-of-range-compare]
        if (len > (SIZE_MAX - sizeof(*pg)) / sizeof(u32))
            ~~~ ^ ~~~~~~~~~~~~~~~~~~~~~~~~~~~~~~~~~~~~~~
/home/nathan/cbl/src/linux-next/net/ceph/osdmap.c:1624:10: warning: result of comparison of constant 2305843009213693945 with expression of type 'u32' (aka 'unsigned int') is always false [-Wtautological-constant-out-of-range-compare]
        if (len > (SIZE_MAX - sizeof(*pg)) / (2 * sizeof(u32)))
            ~~~ ^ ~~~~~~~~~~~~~~~~~~~~~~~~~~~~~~~~~~~~~~~~~~~~
2 warnings generated.
/home/nathan/cbl/src/linux-next/drivers/net/wireless/ath/ath9k/main.c:1566:21: warning: parameter 'changed_flags' set but not used [-Wunused-but-set-parameter]
                                   unsigned int changed_flags,
                                                ^
1 warning generated.
/home/nathan/cbl/src/linux-next/drivers/net/wireless/ath/ath5k/mac80211-ops.c:367:62: warning: parameter 'changed_flags' set but not used [-Wunused-but-set-parameter]
ath5k_configure_filter(struct ieee80211_hw *hw, unsigned int changed_flags,
                                                             ^
1 warning generated.
/home/nathan/cbl/src/linux-next/drivers/net/wireless/ath/ath9k/htc_drv_main.c:1258:25: warning: parameter 'changed_flags' set but not used [-Wunused-but-set-parameter]
                                       unsigned int changed_flags,
                                                    ^
1 warning generated.
drivers/net/wireless/realtek/rtlwifi/rtl8192cu/hw.o: warning: objtool: rtl92cu_hw_init() falls through to next function rtl92cu_card_disable()
net/netfilter/ipvs/ip_vs_proto.o: warning: objtool: .init.text: unexpected end of section
drivers/net/ethernet/jme.o: warning: objtool: jme_check_link() falls through to next function jme_powersave_phy()
/home/nathan/cbl/src/linux-next/drivers/net/ethernet/qlogic/qed/qed_vf.c:63:67: warning: parameter 'resp_size' set but not used [-Wunused-but-set-parameter]
static int qed_send_msg2pf(struct qed_hwfn *p_hwfn, u8 *done, u32 resp_size)
                                                                  ^
1 warning generated.
/home/nathan/cbl/src/linux-next/fs/ceph/snap.c:372:10: warning: result of comparison of constant 2305843009213693948 with expression of type 'u32' (aka 'unsigned int') is always false [-Wtautological-constant-out-of-range-compare]
        if (num > (SIZE_MAX - sizeof(*snapc)) / sizeof(u64))
            ~~~ ^ ~~~~~~~~~~~~~~~~~~~~~~~~~~~~~~~~~~~~~~~~~
1 warning generated.

[01;32mQEMU location: [0m/usr/sbin[0m

[01;32mQEMU version: [0mQEMU emulator version 8.0.3[0m
[    0.000000] Linux version 6.5.0-rc5-next-20230809-cbl (nathan@dev-arch.m3-large-x86-01) (ClangBuiltLinux clang version 15.0.7 (https://github.com/llvm/llvm-project 8dfdcc7b7bf66834a761bd8de445840ef68e4d1a), ClangBuiltLinux LLD 15.0.7) #1 SMP PREEMPT_DYNAMIC Sat Aug 12 04:15:17 UTC 2023
[    0.000000] Command line: console=ttyS0 earlycon=uart8250,io,0x3f8
[    0.000000] BIOS-provided physical RAM map:
[    0.000000] BIOS-e820: [mem 0x0000000000000000-0x000000000009fbff] usable
[    0.000000] BIOS-e820: [mem 0x000000000009fc00-0x000000000009ffff] reserved
[    0.000000] BIOS-e820: [mem 0x00000000000f0000-0x00000000000fffff] reserved
[    0.000000] BIOS-e820: [mem 0x0000000000100000-0x000000001ffdffff] usable
[    0.000000] BIOS-e820: [mem 0x000000001ffe0000-0x000000001fffffff] reserved
[    0.000000] BIOS-e820: [mem 0x00000000feffc000-0x00000000feffffff] reserved
[    0.000000] BIOS-e820: [mem 0x00000000fffc0000-0x00000000ffffffff] reserved
[    0.000000] BIOS-e820: [mem 0x000000fd00000000-0x000000ffffffffff] reserved
[    0.000000] earlycon: uart8250 at I/O port 0x3f8 (options '')
[    0.000000] printk: bootconsole [uart8250] enabled
[    0.000000] NX (Execute Disable) protection: active
[    0.000000] SMBIOS 2.8 present.
[    0.000000] DMI: QEMU Standard PC (i440FX + PIIX, 1996), BIOS Arch Linux 1.16.2-1-1 04/01/2014
[    0.000000] Hypervisor detected: KVM
[    0.000000] kvm-clock: Using msrs 4b564d01 and 4b564d00
[    0.000000] kvm-clock: using sched offset of 155641136 cycles
[    0.000510] clocksource: kvm-clock: mask: 0xffffffffffffffff max_cycles: 0x1cd42e4dffb, max_idle_ns: 881590591483 ns
[    0.002091] tsc: Detected 2495.312 MHz processor
[    0.002699] last_pfn = 0x1ffe0 max_arch_pfn = 0x400000000
[    0.003260] MTRR map: 4 entries (3 fixed + 1 variable; max 19), built from 8 variable MTRRs
[    0.004055] x86/PAT: Configuration [0-7]: WB  WC  UC- UC  WB  WP  UC- WT  
[    0.007362] found SMP MP-table at [mem 0x000f6e60-0x000f6e6f]
[    0.007939] Using GB pages for direct mapping
[    0.008456] RAMDISK: [mem 0x1fad3000-0x1ffdffff]
[    0.008958] ACPI: Early table checksum verification disabled
[    0.009510] ACPI: RSDP 0x00000000000F6C90 000014 (v00 BOCHS )
[    0.010061] ACPI: RSDT 0x000000001FFE31D1 000034 (v01 BOCHS  BXPC     00000001 BXPC 00000001)
[    0.010899] ACPI: FACP 0x000000001FFE2E8D 000074 (v01 BOCHS  BXPC     00000001 BXPC 00000001)
[    0.011730] ACPI: DSDT 0x000000001FFE0040 002E4D (v01 BOCHS  BXPC     00000001 BXPC 00000001)
[    0.012563] ACPI: FACS 0x000000001FFE0000 000040
[    0.013012] ACPI: APIC 0x000000001FFE2F01 000270 (v01 BOCHS  BXPC     00000001 BXPC 00000001)
[    0.013842] ACPI: HPET 0x000000001FFE3171 000038 (v01 BOCHS  BXPC     00000001 BXPC 00000001)
[    0.014668] ACPI: WAET 0x000000001FFE31A9 000028 (v01 BOCHS  BXPC     00000001 BXPC 00000001)
[    0.015497] ACPI: Reserving FACP table memory at [mem 0x1ffe2e8d-0x1ffe2f00]
[    0.016182] ACPI: Reserving DSDT table memory at [mem 0x1ffe0040-0x1ffe2e8c]
[    0.016863] ACPI: Reserving FACS table memory at [mem 0x1ffe0000-0x1ffe003f]
[    0.017593] ACPI: Reserving APIC table memory at [mem 0x1ffe2f01-0x1ffe3170]
[    0.018301] ACPI: Reserving HPET table memory at [mem 0x1ffe3171-0x1ffe31a8]
[    0.018986] ACPI: Reserving WAET table memory at [mem 0x1ffe31a9-0x1ffe31d0]
[    0.019864] No NUMA configuration found
[    0.020286] Faking a node at [mem 0x0000000000000000-0x000000001ffdffff]
[    0.020926] NODE_DATA(0) allocated [mem 0x1face000-0x1fad2fff]
[    0.021539] Zone ranges:
[    0.021782]   DMA      [mem 0x0000000000001000-0x0000000000ffffff]
[    0.022378]   DMA32    [mem 0x0000000001000000-0x000000001ffdffff]
[    0.022971]   Normal   empty
[    0.023301] Movable zone start for each node
[    0.023707] Early memory node ranges
[    0.024047]   node   0: [mem 0x0000000000001000-0x000000000009efff]
[    0.024688]   node   0: [mem 0x0000000000100000-0x000000001ffdffff]
[    0.025301] Initmem setup node 0 [mem 0x0000000000001000-0x000000001ffdffff]
[    0.026197] On node 0, zone DMA: 1 pages in unavailable ranges
[    0.026217] On node 0, zone DMA: 97 pages in unavailable ranges
[    0.027861] On node 0, zone DMA32: 32 pages in unavailable ranges
[    0.028655] ACPI: PM-Timer IO Port: 0x608
[    0.029688] ACPI: LAPIC_NMI (acpi_id[0xff] dfl dfl lint[0x1])
[    0.030296] IOAPIC[0]: apic_id 0, version 17, address 0xfec00000, GSI 0-23
[    0.030969] ACPI: INT_SRC_OVR (bus 0 bus_irq 0 global_irq 2 dfl dfl)
[    0.031584] ACPI: INT_SRC_OVR (bus 0 bus_irq 5 global_irq 5 high level)
[    0.032261] ACPI: INT_SRC_OVR (bus 0 bus_irq 9 global_irq 9 high level)
[    0.032896] ACPI: INT_SRC_OVR (bus 0 bus_irq 10 global_irq 10 high level)
[    0.033601] ACPI: INT_SRC_OVR (bus 0 bus_irq 11 global_irq 11 high level)
[    0.034260] ACPI: Using ACPI (MADT) for SMP configuration information
[    0.034879] ACPI: HPET id: 0x8086a201 base: 0xfed00000
[    0.035415] TSC deadline timer available
[    0.035793] smpboot: Allowing 64 CPUs, 0 hotplug CPUs
[    0.036299] kvm-guest: KVM setup pv remote TLB flush
[    0.036780] kvm-guest: setup PV sched yield
[    0.037191] PM: hibernation: Registered nosave memory: [mem 0x00000000-0x00000fff]
[    0.037933] PM: hibernation: Registered nosave memory: [mem 0x0009f000-0x0009ffff]
[    0.038672] PM: hibernation: Registered nosave memory: [mem 0x000a0000-0x000effff]
[    0.039459] PM: hibernation: Registered nosave memory: [mem 0x000f0000-0x000fffff]
[    0.040199] [mem 0x20000000-0xfeffbfff] available for PCI devices
[    0.040823] Booting paravirtualized kernel on KVM
[    0.041279] clocksource: refined-jiffies: mask: 0xffffffff max_cycles: 0xffffffff, max_idle_ns: 1910969940391419 ns
[    0.042339] setup_percpu: NR_CPUS:256 nr_cpumask_bits:64 nr_cpu_ids:64 nr_node_ids:1
[    0.045698] percpu: Embedded 47 pages/cpu s155048 r8192 d29272 u262144
[    0.046484] Kernel command line: console=ttyS0 earlycon=uart8250,io,0x3f8
[    0.047219] random: crng init done
[    0.047563] printk: log_buf_len individual max cpu contribution: 4096 bytes
[    0.048252] printk: log_buf_len total cpu_extra contributions: 258048 bytes
[    0.048937] printk: log_buf_len min size: 262144 bytes
[    0.049842] printk: log_buf_len: 524288 bytes
[    0.050299] printk: early log buf free: 255856(97%)
[    0.050967] Dentry cache hash table entries: 65536 (order: 7, 524288 bytes, linear)
[    0.051746] Inode-cache hash table entries: 32768 (order: 6, 262144 bytes, linear)
[    0.052876] Fallback order for Node 0: 0 
[    0.052888] Built 1 zonelists, mobility grouping on.  Total pages: 128736
[    0.054004] Policy zone: DMA32
[    0.054344] mem auto-init: stack:off, heap alloc:on, heap free:off
[    0.056120] Memory: 473280K/523768K available (12288K kernel code, 1484K rwdata, 2320K rodata, 1424K init, 1048K bss, 50228K reserved, 0K cma-reserved)
[    0.057772] SLUB: HWalign=64, Order=0-3, MinObjects=0, CPUs=64, Nodes=1
[    0.058529] Dynamic Preempt: full
[    0.059167] rcu: Preemptible hierarchical RCU implementation.
[    0.059738] rcu: 	RCU restricting CPUs from NR_CPUS=256 to nr_cpu_ids=64.
[    0.060408] 	Trampoline variant of Tasks RCU enabled.
[    0.060897] 	Tracing variant of Tasks RCU enabled.
[    0.061374] rcu: RCU calculated value of scheduler-enlistment delay is 100 jiffies.
[    0.062128] rcu: Adjusting geometry for rcu_fanout_leaf=16, nr_cpu_ids=64
[    0.062835] NR_IRQS: 16640, nr_irqs: 936, preallocated irqs: 16
[    0.063640] rcu: srcu_init: Setting srcu_struct sizes based on contention.
[    0.064516] Console: colour *CGA 80x25
[    0.064904] printk: console [ttyS0] enabled
[    0.064904] printk: console [ttyS0] enabled
[    0.065771] printk: bootconsole [uart8250] disabled
[    0.065771] printk: bootconsole [uart8250] disabled
[    0.066769] ACPI: Core revision 20230628
[    0.067283] clocksource: hpet: mask: 0xffffffff max_cycles: 0xffffffff, max_idle_ns: 19112604467 ns
[    0.068278] APIC: Switch to symmetric I/O mode setup
[    0.069019] x2apic enabled
[    0.069507] Switched APIC routing to physical x2apic.
[    0.070013] kvm-guest: setup PV IPIs
[    0.071394] ..TIMER: vector=0x30 apic1=0 pin1=2 apic2=-1 pin2=-1
[    0.072489] tsc: Marking TSC unstable due to TSCs unsynchronized
[    0.073602] Calibrating delay loop (skipped) preset value.. 4990.62 BogoMIPS (lpj=2495312)
[    0.074753] x86/cpu: User Mode Instruction Prevention (UMIP) activated
[    0.076686] Last level iTLB entries: 4KB 512, 2MB 255, 4MB 127
[    0.077600] Last level dTLB entries: 4KB 512, 2MB 255, 4MB 127, 1GB 0
[    0.078604] Spectre V1 : Mitigation: usercopy/swapgs barriers and __user pointer sanitization
[    0.079600] Spectre V2 : Mitigation: Retpolines
[    0.080600] Spectre V2 : Spectre v2 / SpectreRSB mitigation: Filling RSB on context switch
[    0.081600] Spectre V2 : Spectre v2 / SpectreRSB : Filling RSB on VMEXIT
[    0.082600] Spectre V2 : Enabling Speculation Barrier for firmware calls
[    0.083600] RETBleed: Mitigation: IBPB
[    0.084601] Spectre V2 : mitigation: Enabling conditional Indirect Branch Prediction Barrier
[    0.085600] Speculative Store Bypass: Mitigation: Speculative Store Bypass disabled via prctl
[    0.086600] Speculative Return Stack Overflow: Retbleed IBPB mitigation enabled, using same for SRSO
[    0.087615] x86/fpu: Supporting XSAVE feature 0x001: 'x87 floating point registers'
[    0.088600] x86/fpu: Supporting XSAVE feature 0x002: 'SSE registers'
[    0.089600] x86/fpu: Supporting XSAVE feature 0x004: 'AVX registers'
[    0.090600] x86/fpu: xstate_offset[2]:  576, xstate_sizes[2]:  256
[    0.091600] x86/fpu: Enabled xstate features 0x7, context size is 832 bytes, using 'compacted' format.
[    0.095728] Freeing SMP alternatives memory: 36K
[    0.096559] pid_max: default: 65536 minimum: 512
[    0.096653] LSM: initializing lsm=capability,lockdown
[    0.097628] Mount-cache hash table entries: 1024 (order: 1, 8192 bytes, linear)
[    0.098600] Mountpoint-cache hash table entries: 1024 (order: 1, 8192 bytes, linear)
[    0.099885] smpboot: CPU0: AMD EPYC 7502P 32-Core Processor (family: 0x17, model: 0x31, stepping: 0x0)
[    0.100712] RCU Tasks: Setting shift to 6 and lim to 1 rcu_task_cb_adjust=1.
[    0.101621] RCU Tasks Trace: Setting shift to 6 and lim to 1 rcu_task_cb_adjust=1.
[    0.102616] Performance Events: Fam17h+ core perfctr, AMD PMU driver.
[    0.103603] ... version:                0
[    0.104324] ... bit width:              48
[    0.104601] ... generic registers:      6
[    0.105291] ... value mask:             0000ffffffffffff
[    0.105601] ... max period:             00007fffffffffff
[    0.106560] ... fixed-purpose events:   0
[    0.106601] ... event mask:             000000000000003f
[    0.107667] signal: max sigframe size: 1776
[    0.108420] rcu: Hierarchical SRCU implementation.
[    0.108602] rcu: 	Max phase no-delay instances is 400.
[    0.109809] smp: Bringing up secondary CPUs ...
[    0.110684] smpboot: x86: Booting SMP configuration:
[    0.111542] .... node  #0, CPUs:        #1  #2  #3  #4  #5  #6  #7  #8  #9 #10 #11 #12 #13 #14 #15 #16 #17 #18 #19 #20 #21 #22 #23 #24 #25 #26 #27 #28 #29 #30 #31 #32 #33 #34 #35 #36 #37 #38 #39 #40 #41 #42 #43 #44 #45 #46 #47 #48 #49 #50 #51 #52 #53 #54 #55 #56 #57 #58 #59 #60 #61 #62 #63
[    0.151862] smp: Brought up 1 node, 64 CPUs
[    0.153345] smpboot: Max logical packages: 1
[    0.153609] smpboot: Total of 64 processors activated (319399.93 BogoMIPS)
[    0.156856] devtmpfs: initialized
[    0.157761] clocksource: jiffies: mask: 0xffffffff max_cycles: 0xffffffff, max_idle_ns: 1911260446275000 ns
[    0.158671] futex hash table entries: 16384 (order: 8, 1048576 bytes, linear)
[    0.159690] pinctrl core: initialized pinctrl subsystem
[    0.161416] NET: Registered PF_NETLINK/PF_ROUTE protocol family
[    0.161676] audit: initializing netlink subsys (disabled)
[    0.162638] audit: type=2000 audit(1691813741.493:1): state=initialized audit_enabled=0 res=1
[    0.162688] thermal_sys: Registered thermal governor 'fair_share'
[    0.163602] thermal_sys: Registered thermal governor 'bang_bang'
[    0.164602] thermal_sys: Registered thermal governor 'step_wise'
[    0.165602] thermal_sys: Registered thermal governor 'user_space'
[    0.166651] cpuidle: using governor ladder
[    0.168327] cpuidle: using governor menu
[    0.169847] acpiphp: ACPI Hot Plug PCI Controller Driver version: 0.5
[    0.170718] PCI: Using configuration type 1 for base access
[    0.171602] PCI: Using configuration type 1 for extended access
[    0.174002] ACPI: Added _OSI(Module Device)
[    0.174603] ACPI: Added _OSI(Processor Device)
[    0.175372] ACPI: Added _OSI(3.0 _SCP Extensions)
[    0.175602] ACPI: Added _OSI(Processor Aggregator Device)
[    0.177329] ACPI: 1 ACPI AML tables successfully acquired and loaded
[    0.178222] ACPI: _OSC evaluation for CPUs failed, trying _PDC
[    0.178802] ACPI: Interpreter enabled
[    0.179484] ACPI: PM: (supports S0 S3 S4 S5)
[    0.179602] ACPI: Using IOAPIC for interrupt routing
[    0.180497] PCI: Using host bridge windows from ACPI; if necessary, use "pci=nocrs" and report a bug
[    0.180602] PCI: Using E820 reservations for host bridge windows
[    0.181711] ACPI: Enabled 2 GPEs in block 00 to 0F
[    0.185774] ACPI: PCI Root Bridge [PCI0] (domain 0000 [bus 00-ff])
[    0.186606] acpi PNP0A03:00: _OSC: OS supports [ExtendedConfig ASPM ClockPM Segments MSI HPX-Type3]
[    0.187851] acpiphp: Slot [2] registered
[    0.188568] acpiphp: Slot [3] registered
[    0.188615] acpiphp: Slot [4] registered
[    0.189313] acpiphp: Slot [5] registered
[    0.189613] acpiphp: Slot [6] registered
[    0.190314] acpiphp: Slot [7] registered
[    0.190614] acpiphp: Slot [8] registered
[    0.191332] acpiphp: Slot [9] registered
[    0.191614] acpiphp: Slot [10] registered
[    0.192355] acpiphp: Slot [11] registered
[    0.192616] acpiphp: Slot [12] registered
[    0.193329] acpiphp: Slot [13] registered
[    0.193613] acpiphp: Slot [14] registered
[    0.194346] acpiphp: Slot [15] registered
[    0.194617] acpiphp: Slot [16] registered
[    0.195327] acpiphp: Slot [17] registered
[    0.195614] acpiphp: Slot [18] registered
[    0.196354] acpiphp: Slot [19] registered
[    0.196617] acpiphp: Slot [20] registered
[    0.197335] acpiphp: Slot [21] registered
[    0.197613] acpiphp: Slot [22] registered
[    0.198357] acpiphp: Slot [23] registered
[    0.198622] acpiphp: Slot [24] registered
[    0.199360] acpiphp: Slot [25] registered
[    0.199615] acpiphp: Slot [26] registered
[    0.200348] acpiphp: Slot [27] registered
[    0.200614] acpiphp: Slot [28] registered
[    0.201347] acpiphp: Slot [29] registered
[    0.201614] acpiphp: Slot [30] registered
[    0.202352] acpiphp: Slot [31] registered
[    0.202610] PCI host bridge to bus 0000:00
[    0.203339] pci_bus 0000:00: root bus resource [io  0x0000-0x0cf7 window]
[    0.203602] pci_bus 0000:00: root bus resource [io  0x0d00-0xffff window]
[    0.204602] pci_bus 0000:00: root bus resource [mem 0x000a0000-0x000bffff window]
[    0.205602] pci_bus 0000:00: root bus resource [mem 0x20000000-0xfebfffff window]
[    0.206602] pci_bus 0000:00: root bus resource [mem 0x100000000-0x17fffffff window]
[    0.207603] pci_bus 0000:00: root bus resource [bus 00-ff]
[    0.208697] pci 0000:00:00.0: [8086:1237] type 00 class 0x060000
[    0.209946] pci 0000:00:01.0: [8086:7000] type 00 class 0x060100
[    0.211044] pci 0000:00:01.1: [8086:7010] type 00 class 0x010180
[    0.212873] pci 0000:00:01.1: reg 0x20: [io  0xc000-0xc00f]
[    0.214016] pci 0000:00:01.1: legacy IDE quirk: reg 0x10: [io  0x01f0-0x01f7]
[    0.214603] pci 0000:00:01.1: legacy IDE quirk: reg 0x14: [io  0x03f6]
[    0.215601] pci 0000:00:01.1: legacy IDE quirk: reg 0x18: [io  0x0170-0x0177]
[    0.216602] pci 0000:00:01.1: legacy IDE quirk: reg 0x1c: [io  0x0376]
[    0.217725] pci 0000:00:01.3: [8086:7113] type 00 class 0x068000
[    0.218947] pci 0000:00:01.3: quirk: [io  0x0600-0x063f] claimed by PIIX4 ACPI
[    0.219611] pci 0000:00:01.3: quirk: [io  0x0700-0x070f] claimed by PIIX4 SMB
[    0.221017] ACPI: PCI: Interrupt link LNKA configured for IRQ 10
[    0.221756] ACPI: PCI: Interrupt link LNKB configured for IRQ 10
[    0.222732] ACPI: PCI: Interrupt link LNKC configured for IRQ 11
[    0.223720] ACPI: PCI: Interrupt link LNKD configured for IRQ 11
[    0.224694] ACPI: PCI: Interrupt link LNKS configured for IRQ 9
[    0.227239] iommu: Default domain type: Translated
[    0.227602] iommu: DMA domain TLB invalidation policy: strict mode
[    0.228673] pps_core: LinuxPPS API ver. 1 registered
[    0.229585] pps_core: Software ver. 5.3.6 - Copyright 2005-2007 Rodolfo Giometti <giometti@linux.it>
[    0.229605] PTP clock support registered
[    0.230330] EDAC MC: Ver: 3.0.0
[    0.230742] PCI: Using ACPI for IRQ routing
[    0.231668] vgaarb: loaded
[    0.232118] hpet0: at MMIO 0xfed00000, IRQs 2, 8, 0
[    0.232602] hpet0: 3 comparators, 64-bit 100.000000 MHz counter
[    0.238383] clocksource: Switched to clocksource kvm-clock
[    0.239168] VFS: Disk quotas dquot_6.6.0
[    0.239959] VFS: Dquot-cache hash table entries: 512 (order 0, 4096 bytes)
[    0.241241] pnp: PnP ACPI init
[    0.241965] pnp: PnP ACPI: found 5 devices
[    0.249284] clocksource: acpi_pm: mask: 0xffffff max_cycles: 0xffffff, max_idle_ns: 2085701024 ns
[    0.250936] NET: Registered PF_INET protocol family
[    0.251823] IP idents hash table entries: 8192 (order: 4, 65536 bytes, linear)
[    0.253425] tcp_listen_portaddr_hash hash table entries: 256 (order: 0, 4096 bytes, linear)
[    0.254923] Table-perturb hash table entries: 65536 (order: 6, 262144 bytes, linear)
[    0.256311] TCP established hash table entries: 4096 (order: 3, 32768 bytes, linear)
[    0.257694] TCP bind hash table entries: 4096 (order: 5, 131072 bytes, linear)
[    0.258977] TCP: Hash tables configured (established 4096 bind 4096)
[    0.260201] MPTCP token hash table entries: 512 (order: 1, 12288 bytes, linear)
[    0.261508] UDP hash table entries: 256 (order: 1, 8192 bytes, linear)
[    0.262651] UDP-Lite hash table entries: 256 (order: 1, 8192 bytes, linear)
[    0.263963] NET: Registered PF_UNIX/PF_LOCAL protocol family
[    0.264967] NET: Registered PF_XDP protocol family
[    0.265818] pci_bus 0000:00: resource 4 [io  0x0000-0x0cf7 window]
[    0.266976] pci_bus 0000:00: resource 5 [io  0x0d00-0xffff window]
[    0.268095] pci_bus 0000:00: resource 6 [mem 0x000a0000-0x000bffff window]
[    0.269343] pci_bus 0000:00: resource 7 [mem 0x20000000-0xfebfffff window]
[    0.270548] pci_bus 0000:00: resource 8 [mem 0x100000000-0x17fffffff window]
[    0.271790] pci 0000:00:01.0: PIIX3: Enabling Passive Release
[    0.272802] pci 0000:00:00.0: Limiting direct PCI/PCI transfers
[    0.273867] PCI: CLS 0 bytes, default 64
[    0.274626] Trying to unpack rootfs image as initramfs...
[    0.275762] Initialise system trusted keyrings
[    0.277251] workingset: timestamp_bits=40 max_order=17 bucket_order=0
[    0.278418] zbud: loaded
[    0.278925] Key type asymmetric registered
[    0.279664] Asymmetric key parser 'x509' registered
[    0.279789] Freeing initrd memory: 5172K
[    0.280553] Block layer SCSI generic (bsg) driver version 0.4 loaded (major 246)
[    0.285257] shpchp: Standard Hot Plug PCI Controller Driver version: 0.4
[    0.288769] ERST DBG: ERST support is disabled.
[    0.289726] Serial: 8250/16550 driver, 4 ports, IRQ sharing enabled
[    0.291029] 00:03: ttyS0 at I/O 0x3f8 (irq = 4, base_baud = 115200) is a 16550A
[    0.298928] i8042: PNP: PS/2 Controller [PNP0303:KBD,PNP0f13:MOU] at 0x60,0x64 irq 1,12
[    0.301270] serio: i8042 KBD port at 0x60,0x64 irq 1
[    0.302168] serio: i8042 AUX port at 0x60,0x64 irq 12
[    0.303162] rtc_cmos 00:04: RTC can wake from S4
[    0.304635] input: AT Translated Set 2 keyboard as /devices/platform/i8042/serio0/input/input0
[    0.305904] rtc_cmos 00:04: registered as rtc0
[    0.307347] rtc_cmos 00:04: setting system clock to 2023-08-12T04:15:41 UTC (1691813741)
[    0.308786] rtc_cmos 00:04: alarms up to one day, y3k, 242 bytes nvram, hpet irqs
[    0.310067] amd_pstate: the _CPC object is not present in SBIOS or ACPI disabled
[    0.311536] gre: GRE over IPv4 demultiplexor driver
[    0.312429] NET: Registered PF_INET6 protocol family
[    0.316254] Segment Routing with IPv6
[    0.316893] In-situ OAM (IOAM) with IPv6
[    0.317661] Key type dns_resolver registered
[    0.322805] IPI shorthand broadcast: enabled
[    0.325414] sched_clock: Marking stable (320007464, 5217805)->(373931616, -48706347)
[    0.327057] registered taskstats version 1
[    0.328055] Loading compiled-in X.509 certificates
[    0.330546] Loaded X.509 cert 'Build time autogenerated kernel key: 47b80bff0cf733746ba470fc1cc22aad382ccb2b'
[    0.334718] zswap: loaded using pool lzo/zbud
[    0.336647] Key type .fscrypt registered
[    0.337359] Key type fscrypt-provisioning registered
[    0.338312] clk: Disabling unused clocks
[    0.339983] Freeing unused kernel image (initmem) memory: 1424K
[    0.364246] Write protecting the kernel read-only data: 16384k
[    0.365887] Freeing unused kernel image (rodata/data gap) memory: 1776K
[    0.366839] Run /init as init process
Starting syslogd: OK
Starting klogd: OK
Running sysctl: OK
Saving 256 bits of creditable seed for next boot
Starting network: OK
Linux version 6.5.0-rc5-next-20230809-cbl (nathan@dev-arch.m3-large-x86-01) (ClangBuiltLinux clang version 15.0.7 (https://github.com/llvm/llvm-project 8dfdcc7b7bf66834a761bd8de445840ef68e4d1a), ClangBuiltLinux LLD 15.0.7) #1 SMP PREEMPT_DYNAMIC Sat Aug 12 04:15:17 UTC 2023
Stopping network: OK
Seeding 256 bits and crediting
Saving 256 bits of creditable seed for next boot
Stopping klogd: OK
Stopping syslogd: OK
umount: devtmpfs busy - remounted read-only
umount: can't unmount /: Invalid argument

The system is going down NOW!

Sent SIGTERM to all processes

Sent SIGKILL to all processes

Requesting system poweroff
[    2.440391] ACPI: PM: Preparing to enter system sleep state S5
[    2.441443] reboot: Power down
$ timeout --foreground 3m stdbuf -eL -oL /usr/sbin/qemu-system-x86_64 -display none -nodefaults -d unimp,guest_errors -append 'console=ttyS0 earlycon=uart8250,io,0x3f8' -kernel /home/nathan/tmp/build/cbl_lkt/linux-next/x86_64/arch/x86/boot/bzImage -initrd /home/nathan/cbl/llvm-kernel-testing/src/boot-utils/images/x86_64/rootfs.cpio -cpu host -enable-kvm -m 512m -smp 64 -serial mon:stdio
