/home/nathan/cbl/src/linux-next/drivers/bus/mhi/host/main.c:803:13: warning: parameter 'event_quota' set but not used [-Wunused-but-set-parameter]
                             u32 event_quota)
                                 ^
1 warning generated.
/home/nathan/cbl/src/linux-next/lib/radix-tree.c:1136:50: warning: parameter 'slot' set but not used [-Wunused-but-set-parameter]
void __rcu **radix_tree_iter_resume(void __rcu **slot,
                                                 ^
1 warning generated.
/home/nathan/cbl/src/linux-next/net/ipv4/tcp_output.c:186:3: warning: result of comparison of constant -1 with expression of type 'u8' (aka 'unsigned char') is always false [-Wtautological-constant-out-of-range-compare]
                NET_ADD_STATS(sock_net(sk), LINUX_MIB_TCPACKCOMPRESSED,
                ^~~~~~~~~~~~~~~~~~~~~~~~~~~~~~~~~~~~~~~~~~~~~~~~~~~~~~~
/home/nathan/cbl/src/linux-next/include/net/ip.h:301:41: note: expanded from macro 'NET_ADD_STATS'
#define NET_ADD_STATS(net, field, adnd) SNMP_ADD_STATS((net)->mib.net_statistics, field, adnd)
                                        ^~~~~~~~~~~~~~~~~~~~~~~~~~~~~~~~~~~~~~~~~~~~~~~~~~~~~~
/home/nathan/cbl/src/linux-next/include/net/snmp.h:143:4: note: expanded from macro 'SNMP_ADD_STATS'
                        this_cpu_add(mib->mibs[field], addend)
                        ^~~~~~~~~~~~~~~~~~~~~~~~~~~~~~~~~~~~~~
/home/nathan/cbl/src/linux-next/include/linux/percpu-defs.h:491:33: note: expanded from macro 'this_cpu_add'
#define this_cpu_add(pcp, val)          __pcpu_size_call(this_cpu_add_, pcp, val)
                                        ^~~~~~~~~~~~~~~~~~~~~~~~~~~~~~~~~~~~~~~~~
note: (skipping 1 expansions in backtrace; use -fmacro-backtrace-limit=0 to see all)
<scratch space>:138:1: note: expanded from here
this_cpu_add_8
^
/home/nathan/cbl/src/linux-next/arch/x86/include/asm/percpu.h:370:35: note: expanded from macro 'this_cpu_add_8'
#define this_cpu_add_8(pcp, val)                percpu_add_op(8, volatile, (pcp), val)
                                                ^~~~~~~~~~~~~~~~~~~~~~~~~~~~~~~~~~~~~~
/home/nathan/cbl/src/linux-next/arch/x86/include/asm/percpu.h:127:31: note: expanded from macro 'percpu_add_op'
                              ((val) == 1 || (val) == -1)) ?            \
                                             ~~~~~ ^  ~~
1 warning generated.
/home/nathan/cbl/src/linux-next/drivers/block/rbd.c:6149:17: warning: result of comparison of constant 2305843009213693948 with expression of type 'u32' (aka 'unsigned int') is always false [-Wtautological-constant-out-of-range-compare]
        if (snap_count > (SIZE_MAX - sizeof (struct ceph_snap_context))
            ~~~~~~~~~~ ^ ~~~~~~~~~~~~~~~~~~~~~~~~~~~~~~~~~~~~~~~~~~~~~~
1 warning generated.
/home/nathan/cbl/src/linux-next/net/ceph/osdmap.c:1441:10: warning: result of comparison of constant 4611686018427387891 with expression of type 'u32' (aka 'unsigned int') is always false [-Wtautological-constant-out-of-range-compare]
        if (len > (SIZE_MAX - sizeof(*pg)) / sizeof(u32))
            ~~~ ^ ~~~~~~~~~~~~~~~~~~~~~~~~~~~~~~~~~~~~~~
/home/nathan/cbl/src/linux-next/net/ceph/osdmap.c:1624:10: warning: result of comparison of constant 2305843009213693945 with expression of type 'u32' (aka 'unsigned int') is always false [-Wtautological-constant-out-of-range-compare]
        if (len > (SIZE_MAX - sizeof(*pg)) / (2 * sizeof(u32)))
            ~~~ ^ ~~~~~~~~~~~~~~~~~~~~~~~~~~~~~~~~~~~~~~~~~~~~
2 warnings generated.
/home/nathan/cbl/src/linux-next/drivers/net/wireless/ath/ath5k/mac80211-ops.c:367:62: warning: parameter 'changed_flags' set but not used [-Wunused-but-set-parameter]
ath5k_configure_filter(struct ieee80211_hw *hw, unsigned int changed_flags,
                                                             ^
/home/nathan/cbl/src/linux-next/drivers/net/wireless/ath/ath9k/main.c:1566:21: warning: parameter 'changed_flags' set but not used [-Wunused-but-set-parameter]
                                   unsigned int changed_flags,
                                                ^
1 warning generated.
1 warning generated.
/home/nathan/cbl/src/linux-next/drivers/net/wireless/ath/ath9k/htc_drv_main.c:1258:25: warning: parameter 'changed_flags' set but not used [-Wunused-but-set-parameter]
                                       unsigned int changed_flags,
                                                    ^
1 warning generated.
net/netfilter/ipvs/ip_vs.o: warning: objtool: .init.text: unexpected end of section
/home/nathan/cbl/src/linux-next/fs/ceph/snap.c:372:10: warning: result of comparison of constant 2305843009213693948 with expression of type 'u32' (aka 'unsigned int') is always false [-Wtautological-constant-out-of-range-compare]
        if (num > (SIZE_MAX - sizeof(*snapc)) / sizeof(u64))
            ~~~ ^ ~~~~~~~~~~~~~~~~~~~~~~~~~~~~~~~~~~~~~~~~~
1 warning generated.
/home/nathan/cbl/src/linux-next/drivers/md/dm-integrity.c:4159:12: warning: result of comparison of constant 14316557650 with expression of type 'unsigned int' is always false [-Wtautological-constant-out-of-range-compare]
                        if (val >= (uint64_t)UINT_MAX * 1000 / HZ) {
                            ~~~ ^  ~~~~~~~~~~~~~~~~~~~~~~~~~~~~~~
1 warning generated.
drivers/net/wireless/realtek/rtlwifi/rtl8192cu/rtl8192cu.o: warning: objtool: rtl92cu_hw_init() falls through to next function rtl92cu_card_disable()
/home/nathan/cbl/src/linux-next/drivers/net/ethernet/qlogic/qed/qed_vf.c:63:67: warning: parameter 'resp_size' set but not used [-Wunused-but-set-parameter]
static int qed_send_msg2pf(struct qed_hwfn *p_hwfn, u8 *done, u32 resp_size)
                                                                  ^
1 warning generated.
drivers/net/ethernet/jme.o: warning: objtool: jme_check_link() falls through to next function jme_powersave_phy()
drivers/bluetooth/hci_vhci.o: warning: objtool: vhci_coredump_hdr() falls through to next function vhci_open_timeout()
vmlinux.o: warning: objtool: set_ftrace_ops_ro+0x39: relocation to !ENDBR: machine_kexec_prepare+0x436

[01;32mQEMU location: [0m/usr/sbin[0m

[01;32mQEMU version: [0mQEMU emulator version 8.0.3[0m
[    0.000000][    T0] Linux version 6.5.0-rc5-next-20230809-default-cbl (nathan@dev-arch.m3-large-x86-01) (ClangBuiltLinux clang version 15.0.7 (https://github.com/llvm/llvm-project 8dfdcc7b7bf66834a761bd8de445840ef68e4d1a), ClangBuiltLinux LLD 15.0.7) #1 SMP PREEMPT_DYNAMIC Sat Aug 12 04:39:24 UTC 2023
[    0.000000][    T0] Command line: console=ttyS0 earlycon=uart8250,io,0x3f8
[    0.000000][    T0] BIOS-provided physical RAM map:
[    0.000000][    T0] BIOS-e820: [mem 0x0000000000000000-0x000000000009fbff] usable
[    0.000000][    T0] BIOS-e820: [mem 0x000000000009fc00-0x000000000009ffff] reserved
[    0.000000][    T0] BIOS-e820: [mem 0x00000000000f0000-0x00000000000fffff] reserved
[    0.000000][    T0] BIOS-e820: [mem 0x0000000000100000-0x000000001ffdffff] usable
[    0.000000][    T0] BIOS-e820: [mem 0x000000001ffe0000-0x000000001fffffff] reserved
[    0.000000][    T0] BIOS-e820: [mem 0x00000000feffc000-0x00000000feffffff] reserved
[    0.000000][    T0] BIOS-e820: [mem 0x00000000fffc0000-0x00000000ffffffff] reserved
[    0.000000][    T0] BIOS-e820: [mem 0x000000fd00000000-0x000000ffffffffff] reserved
[    0.000000][    T0] earlycon: uart8250 at I/O port 0x3f8 (options '')
[    0.000000][    T0] printk: bootconsole [uart8250] enabled
[    0.000000][    T0] NX (Execute Disable) protection: active
[    0.000000][    T0] SMBIOS 2.8 present.
[    0.000000][    T0] DMI: QEMU Standard PC (i440FX + PIIX, 1996), BIOS Arch Linux 1.16.2-1-1 04/01/2014
[    0.000000][    T0] Hypervisor detected: KVM
[    0.000000][    T0] kvm-clock: Using msrs 4b564d01 and 4b564d00
[    0.000000][    T0] kvm-clock: using sched offset of 254525574 cycles
[    0.000575][    T0] clocksource: kvm-clock: mask: 0xffffffffffffffff max_cycles: 0x1cd42e4dffb, max_idle_ns: 881590591483 ns
[    0.002311][    T0] tsc: Detected 2495.312 MHz processor
[    0.002951][    T0] last_pfn = 0x1ffe0 max_arch_pfn = 0x400000000
[    0.003616][    T0] MTRR map: 4 entries (3 fixed + 1 variable; max 19), built from 8 variable MTRRs
[    0.004474][    T0] x86/PAT: Configuration [0-7]: WB  WC  UC- UC  WB  WP  UC- WT  
[    0.007937][    T0] found SMP MP-table at [mem 0x000f6e60-0x000f6e6f]
[    0.008584][    T0] Using GB pages for direct mapping
[    0.009214][    T0] RAMDISK: [mem 0x1fad3000-0x1ffdffff]
[    0.009767][    T0] ACPI: Early table checksum verification disabled
[    0.010420][    T0] ACPI: RSDP 0x00000000000F6C90 000014 (v00 BOCHS )
[    0.011035][    T0] ACPI: RSDT 0x000000001FFE31D1 000034 (v01 BOCHS  BXPC     00000001 BXPC 00000001)
[    0.011930][    T0] ACPI: FACP 0x000000001FFE2E8D 000074 (v01 BOCHS  BXPC     00000001 BXPC 00000001)
[    0.012819][    T0] ACPI: DSDT 0x000000001FFE0040 002E4D (v01 BOCHS  BXPC     00000001 BXPC 00000001)
[    0.013698][    T0] ACPI: FACS 0x000000001FFE0000 000040
[    0.014251][    T0] ACPI: APIC 0x000000001FFE2F01 000270 (v01 BOCHS  BXPC     00000001 BXPC 00000001)
[    0.015127][    T0] ACPI: HPET 0x000000001FFE3171 000038 (v01 BOCHS  BXPC     00000001 BXPC 00000001)
[    0.016018][    T0] ACPI: WAET 0x000000001FFE31A9 000028 (v01 BOCHS  BXPC     00000001 BXPC 00000001)
[    0.016904][    T0] ACPI: Reserving FACP table memory at [mem 0x1ffe2e8d-0x1ffe2f00]
[    0.017640][    T0] ACPI: Reserving DSDT table memory at [mem 0x1ffe0040-0x1ffe2e8c]
[    0.018410][    T0] ACPI: Reserving FACS table memory at [mem 0x1ffe0000-0x1ffe003f]
[    0.019142][    T0] ACPI: Reserving APIC table memory at [mem 0x1ffe2f01-0x1ffe3170]
[    0.019876][    T0] ACPI: Reserving HPET table memory at [mem 0x1ffe3171-0x1ffe31a8]
[    0.020654][    T0] ACPI: Reserving WAET table memory at [mem 0x1ffe31a9-0x1ffe31d0]
[    0.021635][    T0] No NUMA configuration found
[    0.022065][    T0] Faking a node at [mem 0x0000000000000000-0x000000001ffdffff]
[    0.022774][    T0] NODE_DATA(0) allocated [mem 0x1faa8000-0x1fad2fff]
[    0.023583][    T0] Zone ranges:
[    0.023893][    T0]   DMA      [mem 0x0000000000001000-0x0000000000ffffff]
[    0.024555][    T0]   DMA32    [mem 0x0000000001000000-0x000000001ffdffff]
[    0.025254][    T0]   Normal   empty
[    0.025591][    T0]   Device   empty
[    0.025927][    T0] Movable zone start for each node
[    0.026443][    T0] Early memory node ranges
[    0.026848][    T0]   node   0: [mem 0x0000000000001000-0x000000000009efff]
[    0.027513][    T0]   node   0: [mem 0x0000000000100000-0x000000001ffdffff]
[    0.028225][    T0] Initmem setup node 0 [mem 0x0000000000001000-0x000000001ffdffff]
[    0.029129][    T0] On node 0, zone DMA: 1 pages in unavailable ranges
[    0.029171][    T0] On node 0, zone DMA: 97 pages in unavailable ranges
[    0.030719][    T0] On node 0, zone DMA32: 32 pages in unavailable ranges
[    0.031571][    T0] ACPI: PM-Timer IO Port: 0x608
[    0.032723][    T0] ACPI: LAPIC_NMI (acpi_id[0xff] dfl dfl lint[0x1])
[    0.033395][    T0] IOAPIC[0]: apic_id 0, version 17, address 0xfec00000, GSI 0-23
[    0.034112][    T0] ACPI: INT_SRC_OVR (bus 0 bus_irq 0 global_irq 2 dfl dfl)
[    0.034782][    T0] ACPI: INT_SRC_OVR (bus 0 bus_irq 5 global_irq 5 high level)
[    0.035516][    T0] ACPI: INT_SRC_OVR (bus 0 bus_irq 9 global_irq 9 high level)
[    0.036241][    T0] ACPI: INT_SRC_OVR (bus 0 bus_irq 10 global_irq 10 high level)
[    0.036954][    T0] ACPI: INT_SRC_OVR (bus 0 bus_irq 11 global_irq 11 high level)
[    0.037675][    T0] ACPI: Using ACPI (MADT) for SMP configuration information
[    0.038357][    T0] ACPI: HPET id: 0x8086a201 base: 0xfed00000
[    0.038916][    T0] TSC deadline timer available
[    0.039360][    T0] smpboot: Allowing 64 CPUs, 0 hotplug CPUs
[    0.039913][    T0] kvm-guest: KVM setup pv remote TLB flush
[    0.040462][    T0] kvm-guest: setup PV sched yield
[    0.040930][    T0] PM: hibernation: Registered nosave memory: [mem 0x00000000-0x00000fff]
[    0.041724][    T0] PM: hibernation: Registered nosave memory: [mem 0x0009f000-0x0009ffff]
[    0.042513][    T0] PM: hibernation: Registered nosave memory: [mem 0x000a0000-0x000effff]
[    0.043339][    T0] PM: hibernation: Registered nosave memory: [mem 0x000f0000-0x000fffff]
[    0.044121][    T0] [mem 0x20000000-0xfeffbfff] available for PCI devices
[    0.044766][    T0] Booting paravirtualized kernel on KVM
[    0.045328][    T0] clocksource: refined-jiffies: mask: 0xffffffff max_cycles: 0xffffffff, max_idle_ns: 6370452778343963 ns
[    0.051946][    T0] setup_percpu: NR_CPUS:8192 nr_cpumask_bits:64 nr_cpu_ids:64 nr_node_ids:1
[    0.055553][    T0] percpu: Embedded 64 pages/cpu s225280 r8192 d28672 u262144
[    0.056413][    T0] kvm-guest: PV spinlocks enabled
[    0.056884][    T0] PV qspinlock hash table entries: 256 (order: 0, 4096 bytes, linear)
[    0.057707][    T0] Kernel command line: console=ttyS0 earlycon=uart8250,io,0x3f8
[    0.058508][    T0] random: crng init done
[    0.058905][    T0] printk: log_buf_len individual max cpu contribution: 32768 bytes
[    0.059693][    T0] printk: log_buf_len total cpu_extra contributions: 2064384 bytes
[    0.060486][    T0] printk: log_buf_len min size: 262144 bytes
[    0.063966][    T0] printk: log_buf_len: 4194304 bytes
[    0.064543][    T0] printk: early log buf free: 255696(97%)
[    0.065124][    T0] Dentry cache hash table entries: 65536 (order: 7, 524288 bytes, linear)
[    0.066102][    T0] Inode-cache hash table entries: 32768 (order: 6, 262144 bytes, linear)
[    0.067365][    T0] Fallback order for Node 0: 0 
[    0.067378][    T0] Built 1 zonelists, mobility grouping on.  Total pages: 128736
[    0.068565][    T0] Policy zone: DMA32
[    0.068929][    T0] mem auto-init: stack:off, heap alloc:off, heap free:off
[    0.070363][    T0] Memory: 213688K/523768K available (16384K kernel code, 2921K rwdata, 12528K rodata, 4016K init, 4932K bss, 97500K reserved, 0K cma-reserved)
[    0.072022][    T0] SLUB: HWalign=64, Order=0-3, MinObjects=0, CPUs=64, Nodes=1
[    0.072769][    T0] ftrace: allocating 46487 entries in 182 pages
[    0.073547][    T0] ftrace: allocated 182 pages with 5 groups
[    0.074973][    T0] Dynamic Preempt: voluntary
[    0.075724][    T0] rcu: Preemptible hierarchical RCU implementation.
[    0.076360][    T0] rcu: 	RCU event tracing is enabled.
[    0.076863][    T0] rcu: 	RCU restricting CPUs from NR_CPUS=8192 to nr_cpu_ids=64.
[    0.077607][    T0] 	Trampoline variant of Tasks RCU enabled.
[    0.078163][    T0] 	Rude variant of Tasks RCU enabled.
[    0.078673][    T0] 	Tracing variant of Tasks RCU enabled.
[    0.079209][    T0] rcu: RCU calculated value of scheduler-enlistment delay is 30 jiffies.
[    0.079997][    T0] rcu: Adjusting geometry for rcu_fanout_leaf=16, nr_cpu_ids=64
[    0.083750][    T0] NR_IRQS: 524544, nr_irqs: 936, preallocated irqs: 16
[    0.084649][    T0] rcu: srcu_init: Setting srcu_struct sizes based on contention.
[    0.085560][    T0] Console: colour *CGA 80x25
[    0.086025][    T0] printk: console [ttyS0] enabled
[    0.086025][    T0] printk: console [ttyS0] enabled
[    0.086998][    T0] printk: bootconsole [uart8250] disabled
[    0.086998][    T0] printk: bootconsole [uart8250] disabled
[    0.088129][    T0] ACPI: Core revision 20230628
[    0.088717][    T0] clocksource: hpet: mask: 0xffffffff max_cycles: 0xffffffff, max_idle_ns: 19112604467 ns
[    0.089773][    T0] APIC: Switch to symmetric I/O mode setup
[    0.090558][    T0] x2apic enabled
[    0.091087][    T0] Switched APIC routing to physical x2apic.
[    0.091670][    T0] kvm-guest: setup PV IPIs
[    0.093107][    T0] ..TIMER: vector=0x30 apic1=0 pin1=2 apic2=-1 pin2=-1
[    0.094307][    T0] tsc: Marking TSC unstable due to TSCs unsynchronized
[    0.095471][    T0] Calibrating delay loop (skipped) preset value.. 4992.56 BogoMIPS (lpj=8317706)
[    0.099012][    T0] x86/cpu: User Mode Instruction Prevention (UMIP) activated
[    0.100378][    T0] Last level iTLB entries: 4KB 512, 2MB 255, 4MB 127
[    0.102135][    T0] Last level dTLB entries: 4KB 512, 2MB 255, 4MB 127, 1GB 0
[    0.103394][    T0] Spectre V1 : Mitigation: usercopy/swapgs barriers and __user pointer sanitization
[    0.105073][    T0] Spectre V2 : Mitigation: Retpolines
[    0.105469][    T0] Spectre V2 : Spectre v2 / SpectreRSB mitigation: Filling RSB on context switch
[    0.107029][    T0] Spectre V2 : Spectre v2 / SpectreRSB : Filling RSB on VMEXIT
[    0.108802][    T0] Spectre V2 : Enabling Speculation Barrier for firmware calls
[    0.110088][    T0] RETBleed: Mitigation: untrained return thunk
[    0.111137][    T0] Spectre V2 : mitigation: Enabling conditional Indirect Branch Prediction Barrier
[    0.112136][    T0] Speculative Store Bypass: Mitigation: Speculative Store Bypass disabled via prctl
[    0.113722][    T0] Speculative Return Stack Overflow: Mitigation: safe RET
[    0.115486][    T0] x86/fpu: Supporting XSAVE feature 0x001: 'x87 floating point registers'
[    0.116941][    T0] x86/fpu: Supporting XSAVE feature 0x002: 'SSE registers'
[    0.118160][    T0] x86/fpu: Supporting XSAVE feature 0x004: 'AVX registers'
[    0.118802][    T0] x86/fpu: xstate_offset[2]:  576, xstate_sizes[2]:  256
[    0.119995][    T0] x86/fpu: Enabled xstate features 0x7, context size is 832 bytes, using 'compacted' format.
[    0.128724][    T0] Freeing SMP alternatives memory: 44K
[    0.128803][    T0] pid_max: default: 65536 minimum: 512
[    0.129805][    T0] LSM: initializing lsm=lockdown,capability,landlock,yama,apparmor,tomoyo,bpf,integrity
[    0.132150][    T0] landlock: Up and running.
[    0.132917][    T0] Yama: becoming mindful.
[    0.133670][    T0] AppArmor: AppArmor initialized
[    0.134502][    T0] TOMOYO Linux initialized
[    0.135474][    T0] LSM support for eBPF active
[    0.136335][    T0] Mount-cache hash table entries: 1024 (order: 1, 8192 bytes, linear)
[    0.137745][    T0] Mountpoint-cache hash table entries: 1024 (order: 1, 8192 bytes, linear)
[    0.139265][    T1] smpboot: CPU0: AMD EPYC 7502P 32-Core Processor (family: 0x17, model: 0x31, stepping: 0x0)
[    0.141213][    T1] RCU Tasks: Setting shift to 6 and lim to 1 rcu_task_cb_adjust=1.
[    0.142166][    T1] RCU Tasks Rude: Setting shift to 6 and lim to 1 rcu_task_cb_adjust=1.
[    0.143614][    T1] RCU Tasks Trace: Setting shift to 6 and lim to 1 rcu_task_cb_adjust=1.
[    0.145103][    T1] Performance Events: Fam17h+ core perfctr, AMD PMU driver.
[    0.145473][    T1] ... version:                0
[    0.146294][    T1] ... bit width:              48
[    0.147172][    T1] ... generic registers:      6
[    0.148025][    T1] ... value mask:             0000ffffffffffff
[    0.148804][    T1] ... max period:             00007fffffffffff
[    0.149881][    T1] ... fixed-purpose events:   0
[    0.150727][    T1] ... event mask:             000000000000003f
[    0.151934][    T1] signal: max sigframe size: 1776
[    0.152171][    T1] rcu: Hierarchical SRCU implementation.
[    0.153129][    T1] rcu: 	Max phase no-delay instances is 1000.
[    0.155275][    T1] smp: Bringing up secondary CPUs ...
[    0.155610][    T1] smpboot: x86: Booting SMP configuration:
[    0.156594][    T1] .... node  #0, CPUs:        #1  #2  #3  #4  #5  #6  #7  #8  #9 #10 #11 #12 #13 #14 #15 #16 #17 #18 #19 #20 #21 #22 #23 #24 #25 #26 #27 #28 #29 #30 #31 #32 #33 #34 #35 #36 #37 #38 #39 #40 #41 #42 #43 #44 #45 #46 #47 #48 #49 #50 #51 #52 #53 #54 #55 #56 #57 #58 #59 #60 #61 #62 #63
[    0.205578][    T1] smp: Brought up 1 node, 64 CPUs
[    0.209661][    T1] smpboot: Max logical packages: 1
[    0.210540][    T1] smpboot: Total of 64 processors activated (319527.24 BogoMIPS)
[    0.221138][  T399] node 0 deferred pages initialised in 4ms
[    0.222490][    T1] devtmpfs: initialized
[    0.222949][    T1] x86/mm: Memory block size: 128MB
[    0.225886][    T1] clocksource: jiffies: mask: 0xffffffff max_cycles: 0xffffffff, max_idle_ns: 6370867519511994 ns
[    0.227719][    T1] futex hash table entries: 16384 (order: 8, 1048576 bytes, linear)
[    0.229144][    T1] pinctrl core: initialized pinctrl subsystem
[    0.230366][    T1] PM: RTC time: 04:40:41, date: 2023-08-12
[    0.232277][    T1] NET: Registered PF_NETLINK/PF_ROUTE protocol family
[    0.233649][    T1] DMA: preallocated 128 KiB GFP_KERNEL pool for atomic allocations
[    0.235047][    T1] DMA: preallocated 128 KiB GFP_KERNEL|GFP_DMA pool for atomic allocations
[    0.235474][    T1] DMA: preallocated 128 KiB GFP_KERNEL|GFP_DMA32 pool for atomic allocations
[    0.236999][    T1] audit: initializing netlink subsys (disabled)
[    0.238140][  T403] audit: type=2000 audit(1691815241.943:1): state=initialized audit_enabled=0 res=1
[    0.238140][    T1] thermal_sys: Registered thermal governor 'fair_share'
[    0.238818][    T1] thermal_sys: Registered thermal governor 'bang_bang'
[    0.240056][    T1] thermal_sys: Registered thermal governor 'step_wise'
[    0.241235][    T1] thermal_sys: Registered thermal governor 'user_space'
[    0.242211][    T1] cpuidle: using governor ladder
[    0.244284][    T1] cpuidle: using governor menu
[    0.245744][    T1] acpiphp: ACPI Hot Plug PCI Controller Driver version: 0.5
[    0.247188][    T1] PCI: Using configuration type 1 for base access
[    0.248806][    T1] PCI: Using configuration type 1 for extended access
[    0.252878][    T1] kprobes: kprobe jump-optimization is enabled. All kprobes are optimized if possible.
[    0.258915][    T1] HugeTLB: registered 1.00 GiB page size, pre-allocated 0 pages
[    0.258915][    T1] HugeTLB: 16380 KiB vmemmap can be freed for a 1.00 GiB page
[    0.260002][    T1] HugeTLB: registered 2.00 MiB page size, pre-allocated 0 pages
[    0.261211][    T1] HugeTLB: 28 KiB vmemmap can be freed for a 2.00 MiB page
[    0.265672][    T1] ACPI: Added _OSI(Module Device)
[    0.266454][    T1] ACPI: Added _OSI(Processor Device)
[    0.267286][    T1] ACPI: Added _OSI(3.0 _SCP Extensions)
[    0.268806][    T1] ACPI: Added _OSI(Processor Aggregator Device)
[    0.274313][    T1] ACPI: 1 ACPI AML tables successfully acquired and loaded
[    0.276633][    T1] ACPI: _OSC evaluation for CPUs failed, trying _PDC
[    0.277358][    T1] ACPI: Interpreter enabled
[    0.278826][    T1] ACPI: PM: (supports S0 S3 S4 S5)
[    0.279649][    T1] ACPI: Using IOAPIC for interrupt routing
[    0.281115][    T1] PCI: Using host bridge windows from ACPI; if necessary, use "pci=nocrs" and report a bug
[    0.282138][    T1] PCI: Using E820 reservations for host bridge windows
[    0.283624][    T1] ACPI: Enabled 2 GPEs in block 00 to 0F
[    0.296540][    T1] ACPI: PCI Root Bridge [PCI0] (domain 0000 [bus 00-ff])
[    0.297733][    T1] acpi PNP0A03:00: _OSC: OS supports [ExtendedConfig ASPM ClockPM Segments MSI EDR HPX-Type3]
[    0.299494][    T1] acpiphp: Slot [2] registered
[    0.300321][    T1] acpiphp: Slot [3] registered
[    0.301077][    T1] acpiphp: Slot [4] registered
[    0.301839][    T1] acpiphp: Slot [5] registered
[    0.302160][    T1] acpiphp: Slot [6] registered
[    0.302995][    T1] acpiphp: Slot [7] registered
[    0.303746][    T1] acpiphp: Slot [8] registered
[    0.304509][    T1] acpiphp: Slot [9] registered
[    0.305277][    T1] acpiphp: Slot [10] registered
[    0.305493][    T1] acpiphp: Slot [11] registered
[    0.306328][    T1] acpiphp: Slot [12] registered
[    0.307097][    T1] acpiphp: Slot [13] registered
[    0.307878][    T1] acpiphp: Slot [14] registered
[    0.308656][    T1] acpiphp: Slot [15] registered
[    0.312165][    T1] acpiphp: Slot [16] registered
[    0.312945][    T1] acpiphp: Slot [17] registered
[    0.313731][    T1] acpiphp: Slot [18] registered
[    0.314519][    T1] acpiphp: Slot [19] registered
[    0.315361][    T1] acpiphp: Slot [20] registered
[    0.315494][    T1] acpiphp: Slot [21] registered
[    0.316273][    T1] acpiphp: Slot [22] registered
[    0.317057][    T1] acpiphp: Slot [23] registered
[    0.317894][    T1] acpiphp: Slot [24] registered
[    0.318679][    T1] acpiphp: Slot [25] registered
[    0.318835][    T1] acpiphp: Slot [26] registered
[    0.319615][    T1] acpiphp: Slot [27] registered
[    0.320435][    T1] acpiphp: Slot [28] registered
[    0.321234][    T1] acpiphp: Slot [29] registered
[    0.322013][    T1] acpiphp: Slot [30] registered
[    0.322160][    T1] acpiphp: Slot [31] registered
[    0.322931][    T1] PCI host bridge to bus 0000:00
[    0.323750][    T1] pci_bus 0000:00: root bus resource [io  0x0000-0x0cf7 window]
[    0.325065][    T1] pci_bus 0000:00: root bus resource [io  0x0d00-0xffff window]
[    0.325472][    T1] pci_bus 0000:00: root bus resource [mem 0x000a0000-0x000bffff window]
[    0.326829][    T1] pci_bus 0000:00: root bus resource [mem 0x20000000-0xfebfffff window]
[    0.328136][    T1] pci_bus 0000:00: root bus resource [mem 0x100000000-0x17fffffff window]
[    0.332140][    T1] pci_bus 0000:00: root bus resource [bus 00-ff]
[    0.333255][    T1] pci 0000:00:00.0: [8086:1237] type 00 class 0x060000
[    0.334700][    T1] pci 0000:00:01.0: [8086:7000] type 00 class 0x060100
[    0.335939][    T1] pci 0000:00:01.1: [8086:7010] type 00 class 0x010180
[    0.338385][    T1] pci 0000:00:01.1: reg 0x20: [io  0xc000-0xc00f]
[    0.339316][    T1] pci 0000:00:01.1: legacy IDE quirk: reg 0x10: [io  0x01f0-0x01f7]
[    0.340662][    T1] pci 0000:00:01.1: legacy IDE quirk: reg 0x14: [io  0x03f6]
[    0.341817][    T1] pci 0000:00:01.1: legacy IDE quirk: reg 0x18: [io  0x0170-0x0177]
[    0.342138][    T1] pci 0000:00:01.1: legacy IDE quirk: reg 0x1c: [io  0x0376]
[    0.343510][    T1] pci 0000:00:01.3: [8086:7113] type 00 class 0x068000
[    0.344909][    T1] pci 0000:00:01.3: quirk: [io  0x0600-0x063f] claimed by PIIX4 ACPI
[    0.345478][    T1] pci 0000:00:01.3: quirk: [io  0x0700-0x070f] claimed by PIIX4 SMB
[    0.355353][    T1] ACPI: PCI: Interrupt link LNKA configured for IRQ 10
[    0.359024][    T1] ACPI: PCI: Interrupt link LNKB configured for IRQ 10
[    0.360296][    T1] ACPI: PCI: Interrupt link LNKC configured for IRQ 11
[    0.361645][    T1] ACPI: PCI: Interrupt link LNKD configured for IRQ 11
[    0.362259][    T1] ACPI: PCI: Interrupt link LNKS configured for IRQ 9
[    0.369003][    T1] iommu: Default domain type: Passthrough
[    0.369910][    T1] SCSI subsystem initialized
[    0.372199][    T1] pps_core: LinuxPPS API ver. 1 registered
[    0.373141][    T1] pps_core: Software ver. 5.3.6 - Copyright 2005-2007 Rodolfo Giometti <giometti@linux.it>
[    0.373141][    T1] PTP clock support registered
[    0.373141][    T1] EDAC MC: Ver: 3.0.0
[    0.375734][    T1] NetLabel: Initializing
[    0.376414][    T1] NetLabel:  domain hash size = 128
[    0.376414][    T1] NetLabel:  protocols = UNLABELED CIPSOv4 CALIPSO
[    0.376560][    T1] NetLabel:  unlabeled traffic allowed by default
[    0.377559][    T1] mctp: management component transport protocol core
[    0.378595][    T1] NET: Registered PF_MCTP protocol family
[    0.382144][    T1] PCI: Using ACPI for IRQ routing
[    0.383006][    T1] vgaarb: loaded
[    0.383006][    T1] hpet0: at MMIO 0xfed00000, IRQs 2, 8, 0
[    0.383196][    T1] hpet0: 3 comparators, 64-bit 100.000000 MHz counter
[    0.388884][    T1] clocksource: Switched to clocksource kvm-clock
[    0.394521][    T1] VFS: Disk quotas dquot_6.6.0
[    0.395327][    T1] VFS: Dquot-cache hash table entries: 512 (order 0, 4096 bytes)
[    0.396820][    T1] AppArmor: AppArmor Filesystem Enabled
[    0.397748][    T1] pnp: PnP ACPI init
[    0.398891][    T1] pnp: PnP ACPI: found 5 devices
[    0.406993][    T1] clocksource: acpi_pm: mask: 0xffffff max_cycles: 0xffffff, max_idle_ns: 2085701024 ns
[    0.408693][    T1] NET: Registered PF_INET protocol family
[    0.409659][    T1] IP idents hash table entries: 8192 (order: 4, 65536 bytes, linear)
[    0.411287][    T1] tcp_listen_portaddr_hash hash table entries: 256 (order: 0, 4096 bytes, linear)
[    0.412769][    T1] Table-perturb hash table entries: 65536 (order: 6, 262144 bytes, linear)
[    0.414166][    T1] TCP established hash table entries: 4096 (order: 3, 32768 bytes, linear)
[    0.415554][    T1] TCP bind hash table entries: 4096 (order: 5, 131072 bytes, linear)
[    0.416850][    T1] TCP: Hash tables configured (established 4096 bind 4096)
[    0.418159][    T1] MPTCP token hash table entries: 512 (order: 1, 12288 bytes, linear)
[    0.419478][    T1] UDP hash table entries: 256 (order: 1, 8192 bytes, linear)
[    0.420650][    T1] UDP-Lite hash table entries: 256 (order: 1, 8192 bytes, linear)
[    0.422048][    T1] NET: Registered PF_UNIX/PF_LOCAL protocol family
[    0.423086][    T1] NET: Registered PF_XDP protocol family
[    0.424038][    T1] pci_bus 0000:00: resource 4 [io  0x0000-0x0cf7 window]
[    0.425189][    T1] pci_bus 0000:00: resource 5 [io  0x0d00-0xffff window]
[    0.426314][    T1] pci_bus 0000:00: resource 6 [mem 0x000a0000-0x000bffff window]
[    0.427543][    T1] pci_bus 0000:00: resource 7 [mem 0x20000000-0xfebfffff window]
[    0.428777][    T1] pci_bus 0000:00: resource 8 [mem 0x100000000-0x17fffffff window]
[    0.430115][    T1] pci 0000:00:01.0: PIIX3: Enabling Passive Release
[    0.431164][    T1] pci 0000:00:00.0: Limiting direct PCI/PCI transfers
[    0.432266][    T1] PCI: CLS 0 bytes, default 64
[    0.433098][   T11] Trying to unpack rootfs image as initramfs...
[    0.434777][    T1] Initialise system trusted keyrings
[    0.435624][    T1] Key type blacklist registered
[    0.436476][    T1] workingset: timestamp_bits=36 max_order=17 bucket_order=0
[    0.437647][    T1] zbud: loaded
[    0.439030][    T1] integrity: Platform Keyring initialized
[    0.439963][    T1] integrity: Machine keyring initialized
[    0.440675][   T11] Freeing initrd memory: 5172K
[    0.449020][    T1] Key type asymmetric registered
[    0.449828][    T1] Asymmetric key parser 'x509' registered
[    0.452230][    T1] Block layer SCSI generic (bsg) driver version 0.4 loaded (major 247)
[    0.453666][    T1] io scheduler mq-deadline registered
[    0.454517][    T1] io scheduler kyber registered
[    0.455298][    T1] io scheduler bfq registered
[    0.459479][    T1] shpchp: Standard Hot Plug PCI Controller Driver version: 0.4
[    0.464287][    T1] Serial: 8250/16550 driver, 32 ports, IRQ sharing enabled
[    0.465778][    T1] 00:03: ttyS0 at I/O 0x3f8 (irq = 4, base_baud = 115200) is a 16550A
[    0.470541][    T1] Non-volatile memory driver v1.3
[    0.471364][    T1] Linux agpgart interface v0.103
[    0.472257][    T1] ACPI: bus type drm_connector registered
[    0.483713][    T1] i8042: PNP: PS/2 Controller [PNP0303:KBD,PNP0f13:MOU] at 0x60,0x64 irq 1,12
[    0.485858][    T1] serio: i8042 KBD port at 0x60,0x64 irq 1
[    0.486799][    T1] serio: i8042 AUX port at 0x60,0x64 irq 12
[    0.487886][    T1] mousedev: PS/2 mouse device common for all mice
[    0.489010][    T1] rtc_cmos 00:04: RTC can wake from S4
[    0.490429][  T411] input: AT Translated Set 2 keyboard as /devices/platform/i8042/serio0/input/input0
vmport: unknown command 56
[    0.492631][  T411] input: VirtualPS/2 VMware VMMouse as /devices/platform/i8042/serio1/input/input3
[    0.494331][    T1] rtc_cmos 00:04: registered as rtc0
[    0.494508][  T411] input: VirtualPS/2 VMware VMMouse as /devices/platform/i8042/serio1/input/input2
[    0.495454][    T1] rtc_cmos 00:04: setting system clock to 2023-08-12T04:40:41 UTC (1691815241)
[    0.498496][    T1] rtc_cmos 00:04: alarms up to one day, y3k, 242 bytes nvram, hpet irqs
[    0.499878][    T1] amd_pstate: the _CPC object is not present in SBIOS or ACPI disabled
[    0.502637][    T1] ledtrig-cpu: registered to indicate activity on CPUs
[    0.503817][    T1] hid: raw HID events driver (C) Jiri Kosina
[    0.504935][    T1] drop_monitor: Initializing network drop monitor service
[    0.519602][    T1] NET: Registered PF_INET6 protocol family
[    0.522195][    T1] Segment Routing with IPv6
[    0.522941][    T1] RPL Segment Routing with IPv6
[    0.523750][    T1] In-situ OAM (IOAM) with IPv6
[    0.529438][    T1] IPI shorthand broadcast: enabled
[    0.532802][    T1] sched_clock: Marking stable (523578103, 6726301)->(542642564, -12338160)
[    0.534584][    T1] registered taskstats version 1
[    0.537668][    T1] Loading compiled-in X.509 certificates
[    0.554400][    T1] Loaded X.509 cert 'Build time autogenerated kernel key: 6e37b71d9e6666c1d73d9ff0de9de0ec13c4809e'
[    0.559136][    T1] page_owner is disabled
[    0.559989][    T1] Key type .fscrypt registered
[    0.560783][    T1] Key type fscrypt-provisioning registered
[    0.562927][    T1] Key type encrypted registered
[    0.563751][    T1] AppArmor: AppArmor sha1 policy hashing enabled
[    0.564817][    T1] ima: No TPM chip found, activating TPM-bypass!
[    0.565875][    T1] Loading compiled-in module X.509 certificates
[    0.567363][    T1] Loaded X.509 cert 'Build time autogenerated kernel key: 6e37b71d9e6666c1d73d9ff0de9de0ec13c4809e'
[    0.569175][    T1] ima: Allocated hash algorithm: sha256
[    0.570118][    T1] ima: No architecture policies found
[    0.571038][    T1] evm: Initialising EVM extended attributes:
[    0.572032][    T1] evm: security.selinux
[    0.572720][    T1] evm: security.SMACK64 (disabled)
[    0.573574][    T1] evm: security.SMACK64EXEC (disabled)
[    0.574507][    T1] evm: security.SMACK64TRANSMUTE (disabled)
[    0.575493][    T1] evm: security.SMACK64MMAP (disabled)
[    0.576401][    T1] evm: security.apparmor
[    0.577112][    T1] evm: security.ima
[    0.577738][    T1] evm: security.capability
[    0.578458][    T1] evm: HMAC attrs: 0x1
[    0.687639][    T1] PM:   Magic number: 3:468:666
[    0.688515][    T1] platform QEMU0002:00: hash matches
[    0.689392][    T1] acpi LNXCPU:15: hash matches
[    0.690203][    T1] acpi QEMU0002:00: hash matches
[    0.696893][    T1] RAS: Correctable Errors collector initialized.
[    0.698198][    T1] clk: Disabling unused clocks
[    0.701469][    T1] Freeing unused decrypted memory: 2036K
[    0.703114][    T1] Freeing unused kernel image (initmem) memory: 4016K
[    0.716783][    T1] Write protecting the kernel read-only data: 30720k
[    0.718832][    T1] Freeing unused kernel image (rodata/data gap) memory: 1808K
[    0.719938][    T1] Run /init as init process
[    0.722454][    T1] Not activating Mandatory Access Control as /sbin/tomoyo-init does not exist.
Starting syslogd: OK
Starting klogd: OK
Running sysctl: OK
Saving 256 bits of creditable seed for next boot
Starting network: OK
Linux version 6.5.0-rc5-next-20230809-default-cbl (nathan@dev-arch.m3-large-x86-01) (ClangBuiltLinux clang version 15.0.7 (https://github.com/llvm/llvm-project 8dfdcc7b7bf66834a761bd8de445840ef68e4d1a), ClangBuiltLinux LLD 15.0.7) #1 SMP PREEMPT_DYNAMIC Sat Aug 12 04:39:24 UTC 2023
Stopping network: OK
Seeding 256 bits and crediting
Saving 256 bits of creditable seed for next boot
Stopping klogd: OK
Stopping syslogd: OK
umount: devtmpfs busy - remounted read-only
umount: can't unmount /: Invalid argument

The system is going down NOW!

Sent SIGTERM to all processes

Sent SIGKILL to all processes

Requesting system poweroff
[    2.787112][  T637] ACPI: PM: Preparing to enter system sleep state S5
[    2.788136][  T637] reboot: Power down
$ timeout --foreground 3m stdbuf -eL -oL /usr/sbin/qemu-system-x86_64 -display none -nodefaults -d unimp,guest_errors -append 'console=ttyS0 earlycon=uart8250,io,0x3f8' -kernel /home/nathan/tmp/build/cbl_lkt/linux-next/x86_64/arch/x86/boot/bzImage -initrd /home/nathan/cbl/llvm-kernel-testing/src/boot-utils/images/x86_64/rootfs.cpio -cpu host -enable-kvm -m 512m -smp 64 -serial mon:stdio
