/home/nathan/cbl/src/linux-next/drivers/bus/mhi/host/main.c:803:13: warning: parameter 'event_quota' set but not used [-Wunused-but-set-parameter]
                             u32 event_quota)
                                 ^
1 warning generated.
/home/nathan/cbl/src/linux-next/lib/radix-tree.c:1136:50: warning: parameter 'slot' set but not used [-Wunused-but-set-parameter]
void __rcu **radix_tree_iter_resume(void __rcu **slot,
                                                 ^
1 warning generated.
/home/nathan/cbl/src/linux-next/net/ipv4/tcp_output.c:186:3: warning: result of comparison of constant -1 with expression of type 'u8' (aka 'unsigned char') is always false [-Wtautological-constant-out-of-range-compare]
                NET_ADD_STATS(sock_net(sk), LINUX_MIB_TCPACKCOMPRESSED,
                ^~~~~~~~~~~~~~~~~~~~~~~~~~~~~~~~~~~~~~~~~~~~~~~~~~~~~~~
/home/nathan/cbl/src/linux-next/include/net/ip.h:301:41: note: expanded from macro 'NET_ADD_STATS'
#define NET_ADD_STATS(net, field, adnd) SNMP_ADD_STATS((net)->mib.net_statistics, field, adnd)
                                        ^~~~~~~~~~~~~~~~~~~~~~~~~~~~~~~~~~~~~~~~~~~~~~~~~~~~~~
/home/nathan/cbl/src/linux-next/include/net/snmp.h:143:4: note: expanded from macro 'SNMP_ADD_STATS'
                        this_cpu_add(mib->mibs[field], addend)
                        ^~~~~~~~~~~~~~~~~~~~~~~~~~~~~~~~~~~~~~
/home/nathan/cbl/src/linux-next/include/linux/percpu-defs.h:491:33: note: expanded from macro 'this_cpu_add'
#define this_cpu_add(pcp, val)          __pcpu_size_call(this_cpu_add_, pcp, val)
                                        ^~~~~~~~~~~~~~~~~~~~~~~~~~~~~~~~~~~~~~~~~
note: (skipping 1 expansions in backtrace; use -fmacro-backtrace-limit=0 to see all)
<scratch space>:133:1: note: expanded from here
this_cpu_add_8
^
/home/nathan/cbl/src/linux-next/arch/x86/include/asm/percpu.h:370:35: note: expanded from macro 'this_cpu_add_8'
#define this_cpu_add_8(pcp, val)                percpu_add_op(8, volatile, (pcp), val)
                                                ^~~~~~~~~~~~~~~~~~~~~~~~~~~~~~~~~~~~~~
/home/nathan/cbl/src/linux-next/arch/x86/include/asm/percpu.h:127:31: note: expanded from macro 'percpu_add_op'
                              ((val) == 1 || (val) == -1)) ?            \
                                             ~~~~~ ^  ~~
1 warning generated.
/home/nathan/cbl/src/linux-next/drivers/block/rbd.c:6149:17: warning: result of comparison of constant 2305843009213693948 with expression of type 'u32' (aka 'unsigned int') is always false [-Wtautological-constant-out-of-range-compare]
        if (snap_count > (SIZE_MAX - sizeof (struct ceph_snap_context))
            ~~~~~~~~~~ ^ ~~~~~~~~~~~~~~~~~~~~~~~~~~~~~~~~~~~~~~~~~~~~~~
1 warning generated.
/home/nathan/cbl/src/linux-next/net/ceph/osdmap.c:1441:10: warning: result of comparison of constant 4611686018427387891 with expression of type 'u32' (aka 'unsigned int') is always false [-Wtautological-constant-out-of-range-compare]
        if (len > (SIZE_MAX - sizeof(*pg)) / sizeof(u32))
            ~~~ ^ ~~~~~~~~~~~~~~~~~~~~~~~~~~~~~~~~~~~~~~
/home/nathan/cbl/src/linux-next/net/ceph/osdmap.c:1624:10: warning: result of comparison of constant 2305843009213693945 with expression of type 'u32' (aka 'unsigned int') is always false [-Wtautological-constant-out-of-range-compare]
        if (len > (SIZE_MAX - sizeof(*pg)) / (2 * sizeof(u32)))
            ~~~ ^ ~~~~~~~~~~~~~~~~~~~~~~~~~~~~~~~~~~~~~~~~~~~~
2 warnings generated.
/home/nathan/cbl/src/linux-next/drivers/net/wireless/ath/ath9k/main.c:1566:21: warning: parameter 'changed_flags' set but not used [-Wunused-but-set-parameter]
                                   unsigned int changed_flags,
                                                ^
1 warning generated.
/home/nathan/cbl/src/linux-next/drivers/net/wireless/ath/ath5k/mac80211-ops.c:367:62: warning: parameter 'changed_flags' set but not used [-Wunused-but-set-parameter]
ath5k_configure_filter(struct ieee80211_hw *hw, unsigned int changed_flags,
                                                             ^
1 warning generated.
/home/nathan/cbl/src/linux-next/drivers/net/wireless/ath/ath9k/htc_drv_main.c:1258:25: warning: parameter 'changed_flags' set but not used [-Wunused-but-set-parameter]
                                       unsigned int changed_flags,
                                                    ^
1 warning generated.
/home/nathan/cbl/src/linux-next/drivers/net/ethernet/qlogic/qed/qed_vf.c:63:67: warning: parameter 'resp_size' set but not used [-Wunused-but-set-parameter]
static int qed_send_msg2pf(struct qed_hwfn *p_hwfn, u8 *done, u32 resp_size)
                                                                  ^
1 warning generated.
/home/nathan/cbl/src/linux-next/fs/ceph/snap.c:372:10: warning: result of comparison of constant 2305843009213693948 with expression of type 'u32' (aka 'unsigned int') is always false [-Wtautological-constant-out-of-range-compare]
        if (num > (SIZE_MAX - sizeof(*snapc)) / sizeof(u64))
            ~~~ ^ ~~~~~~~~~~~~~~~~~~~~~~~~~~~~~~~~~~~~~~~~~
1 warning generated.

[01;32mQEMU location: [0m/usr/sbin[0m

[01;32mQEMU version: [0mQEMU emulator version 8.0.3[0m
[    0.000000] Linux version 6.5.0-rc5-next-20230809-cbl (nathan@dev-arch.m3-large-x86-01) (ClangBuiltLinux clang version 15.0.7 (https://github.com/llvm/llvm-project 8dfdcc7b7bf66834a761bd8de445840ef68e4d1a), ClangBuiltLinux LLD 15.0.7) #1 SMP PREEMPT_DYNAMIC Sat Aug 12 04:32:44 UTC 2023
[    0.000000] Command line: console=ttyS0 earlycon=uart8250,io,0x3f8
[    0.000000] BIOS-provided physical RAM map:
[    0.000000] BIOS-e820: [mem 0x0000000000000000-0x000000000009fbff] usable
[    0.000000] BIOS-e820: [mem 0x000000000009fc00-0x000000000009ffff] reserved
[    0.000000] BIOS-e820: [mem 0x00000000000f0000-0x00000000000fffff] reserved
[    0.000000] BIOS-e820: [mem 0x0000000000100000-0x000000001ffdffff] usable
[    0.000000] BIOS-e820: [mem 0x000000001ffe0000-0x000000001fffffff] reserved
[    0.000000] BIOS-e820: [mem 0x00000000feffc000-0x00000000feffffff] reserved
[    0.000000] BIOS-e820: [mem 0x00000000fffc0000-0x00000000ffffffff] reserved
[    0.000000] BIOS-e820: [mem 0x000000fd00000000-0x000000ffffffffff] reserved
[    0.000000] earlycon: uart8250 at I/O port 0x3f8 (options '')
[    0.000000] printk: bootconsole [uart8250] enabled
[    0.000000] NX (Execute Disable) protection: active
[    0.000000] SMBIOS 2.8 present.
[    0.000000] DMI: QEMU Standard PC (i440FX + PIIX, 1996), BIOS Arch Linux 1.16.2-1-1 04/01/2014
[    0.000000] Hypervisor detected: KVM
[    0.000000] kvm-clock: Using msrs 4b564d01 and 4b564d00
[    0.000000] kvm-clock: using sched offset of 197481655 cycles
[    0.000511] clocksource: kvm-clock: mask: 0xffffffffffffffff max_cycles: 0x1cd42e4dffb, max_idle_ns: 881590591483 ns
[    0.002073] tsc: Detected 2495.312 MHz processor
[    0.002675] last_pfn = 0x1ffe0 max_arch_pfn = 0x400000000
[    0.003230] MTRR map: 4 entries (3 fixed + 1 variable; max 19), built from 8 variable MTRRs
[    0.004038] x86/PAT: Configuration [0-7]: WB  WC  UC- UC  WB  WP  UC- WT  
[    0.007516] found SMP MP-table at [mem 0x000f6e60-0x000f6e6f]
[    0.008094] Using GB pages for direct mapping
[    0.008679] RAMDISK: [mem 0x1fad3000-0x1ffdffff]
[    0.009203] ACPI: Early table checksum verification disabled
[    0.009757] ACPI: RSDP 0x00000000000F6C90 000014 (v00 BOCHS )
[    0.010316] ACPI: RSDT 0x000000001FFE31D1 000034 (v01 BOCHS  BXPC     00000001 BXPC 00000001)
[    0.011143] ACPI: FACP 0x000000001FFE2E8D 000074 (v01 BOCHS  BXPC     00000001 BXPC 00000001)
[    0.011959] ACPI: DSDT 0x000000001FFE0040 002E4D (v01 BOCHS  BXPC     00000001 BXPC 00000001)
[    0.012824] ACPI: FACS 0x000000001FFE0000 000040
[    0.013268] ACPI: APIC 0x000000001FFE2F01 000270 (v01 BOCHS  BXPC     00000001 BXPC 00000001)
[    0.014098] ACPI: HPET 0x000000001FFE3171 000038 (v01 BOCHS  BXPC     00000001 BXPC 00000001)
[    0.014921] ACPI: WAET 0x000000001FFE31A9 000028 (v01 BOCHS  BXPC     00000001 BXPC 00000001)
[    0.015751] ACPI: Reserving FACP table memory at [mem 0x1ffe2e8d-0x1ffe2f00]
[    0.016432] ACPI: Reserving DSDT table memory at [mem 0x1ffe0040-0x1ffe2e8c]
[    0.017109] ACPI: Reserving FACS table memory at [mem 0x1ffe0000-0x1ffe003f]
[    0.017783] ACPI: Reserving APIC table memory at [mem 0x1ffe2f01-0x1ffe3170]
[    0.018501] ACPI: Reserving HPET table memory at [mem 0x1ffe3171-0x1ffe31a8]
[    0.019172] ACPI: Reserving WAET table memory at [mem 0x1ffe31a9-0x1ffe31d0]
[    0.020073] No NUMA configuration found
[    0.020447] Faking a node at [mem 0x0000000000000000-0x000000001ffdffff]
[    0.021092] NODE_DATA(0) allocated [mem 0x1faa8000-0x1fad2fff]
[    0.021840] Zone ranges:
[    0.022085]   DMA      [mem 0x0000000000001000-0x0000000000ffffff]
[    0.022684]   DMA32    [mem 0x0000000001000000-0x000000001ffdffff]
[    0.023276]   Normal   empty
[    0.023553]   Device   empty
[    0.023825] Movable zone start for each node
[    0.024230] Early memory node ranges
[    0.024581]   node   0: [mem 0x0000000000001000-0x000000000009efff]
[    0.025178]   node   0: [mem 0x0000000000100000-0x000000001ffdffff]
[    0.025789] Initmem setup node 0 [mem 0x0000000000001000-0x000000001ffdffff]
[    0.026644] On node 0, zone DMA: 1 pages in unavailable ranges
[    0.026669] On node 0, zone DMA: 97 pages in unavailable ranges
[    0.028474] On node 0, zone DMA32: 32 pages in unavailable ranges
[    0.029257] ACPI: PM-Timer IO Port: 0x608
[    0.030250] ACPI: LAPIC_NMI (acpi_id[0xff] dfl dfl lint[0x1])
[    0.030828] IOAPIC[0]: apic_id 0, version 17, address 0xfec00000, GSI 0-23
[    0.031491] ACPI: INT_SRC_OVR (bus 0 bus_irq 0 global_irq 2 dfl dfl)
[    0.032092] ACPI: INT_SRC_OVR (bus 0 bus_irq 5 global_irq 5 high level)
[    0.032774] ACPI: INT_SRC_OVR (bus 0 bus_irq 9 global_irq 9 high level)
[    0.033414] ACPI: INT_SRC_OVR (bus 0 bus_irq 10 global_irq 10 high level)
[    0.034064] ACPI: INT_SRC_OVR (bus 0 bus_irq 11 global_irq 11 high level)
[    0.034719] ACPI: Using ACPI (MADT) for SMP configuration information
[    0.035341] ACPI: HPET id: 0x8086a201 base: 0xfed00000
[    0.035835] TSC deadline timer available
[    0.036214] smpboot: Allowing 64 CPUs, 0 hotplug CPUs
[    0.036720] kvm-guest: KVM setup pv remote TLB flush
[    0.037199] kvm-guest: setup PV sched yield
[    0.037601] PM: hibernation: Registered nosave memory: [mem 0x00000000-0x00000fff]
[    0.038363] PM: hibernation: Registered nosave memory: [mem 0x0009f000-0x0009ffff]
[    0.039078] PM: hibernation: Registered nosave memory: [mem 0x000a0000-0x000effff]
[    0.039808] PM: hibernation: Registered nosave memory: [mem 0x000f0000-0x000fffff]
[    0.040533] [mem 0x20000000-0xfeffbfff] available for PCI devices
[    0.041110] Booting paravirtualized kernel on KVM
[    0.041568] clocksource: refined-jiffies: mask: 0xffffffff max_cycles: 0xffffffff, max_idle_ns: 1910969940391419 ns
[    0.048704] setup_percpu: NR_CPUS:8192 nr_cpumask_bits:64 nr_cpu_ids:64 nr_node_ids:1
[    0.052217] percpu: Embedded 64 pages/cpu s225280 r8192 d28672 u262144
[    0.052973] kvm-guest: PV spinlocks enabled
[    0.053394] PV qspinlock hash table entries: 256 (order: 0, 4096 bytes, linear)
[    0.054114] Kernel command line: console=ttyS0 earlycon=uart8250,io,0x3f8
[    0.055004] random: crng init done
[    0.055342] printk: log_buf_len individual max cpu contribution: 4096 bytes
[    0.056012] printk: log_buf_len total cpu_extra contributions: 258048 bytes
[    0.056736] printk: log_buf_len min size: 262144 bytes
[    0.057597] printk: log_buf_len: 524288 bytes
[    0.058024] printk: early log buf free: 255704(97%)
[    0.058671] Dentry cache hash table entries: 65536 (order: 7, 524288 bytes, linear)
[    0.059440] Inode-cache hash table entries: 32768 (order: 6, 262144 bytes, linear)
[    0.060574] Fallback order for Node 0: 0 
[    0.060586] Built 1 zonelists, mobility grouping on.  Total pages: 128736
[    0.061658] Policy zone: DMA32
[    0.062206] mem auto-init: stack:all(zero), heap alloc:off, heap free:off
[    0.063754] Memory: 433660K/523768K available (20480K kernel code, 3182K rwdata, 14148K rodata, 4304K init, 5596K bss, 89848K reserved, 0K cma-reserved)
[    0.065362] SLUB: HWalign=64, Order=0-3, MinObjects=0, CPUs=64, Nodes=1
[    0.066037] ftrace: allocating 52786 entries in 207 pages
[    0.066781] ftrace: allocated 207 pages with 6 groups
[    0.068326] Dynamic Preempt: voluntary
[    0.069027] rcu: Preemptible hierarchical RCU implementation.
[    0.069595] rcu: 	RCU restricting CPUs from NR_CPUS=8192 to nr_cpu_ids=64.
[    0.070269] 	Trampoline variant of Tasks RCU enabled.
[    0.070787] 	Rude variant of Tasks RCU enabled.
[    0.071227] 	Tracing variant of Tasks RCU enabled.
[    0.071696] rcu: RCU calculated value of scheduler-enlistment delay is 100 jiffies.
[    0.072491] rcu: Adjusting geometry for rcu_fanout_leaf=16, nr_cpu_ids=64
[    0.076542] NR_IRQS: 524544, nr_irqs: 936, preallocated irqs: 16
[    0.077361] rcu: srcu_init: Setting srcu_struct sizes based on contention.
[    0.078126] kfence: initialized - using 2097152 bytes for 255 objects at 0x(____ptrval____)-0x(____ptrval____)
[    0.079240] Console: colour *CGA 80x25
[    0.079650] printk: console [ttyS0] enabled
[    0.079650] printk: console [ttyS0] enabled
[    0.080588] printk: bootconsole [uart8250] disabled
[    0.080588] printk: bootconsole [uart8250] disabled
[    0.081596] ACPI: Core revision 20230628
[    0.082110] clocksource: hpet: mask: 0xffffffff max_cycles: 0xffffffff, max_idle_ns: 19112604467 ns
[    0.083108] APIC: Switch to symmetric I/O mode setup
[    0.083827] x2apic enabled
[    0.084331] Switched APIC routing to physical x2apic.
[    0.084838] kvm-guest: setup PV IPIs
[    0.086227] ..TIMER: vector=0x30 apic1=0 pin1=2 apic2=-1 pin2=-1
[    0.087347] tsc: Marking TSC unstable due to TSCs unsynchronized
[    0.088438] Calibrating delay loop (skipped) preset value.. 4990.62 BogoMIPS (lpj=2495312)
[    0.090439] x86/cpu: User Mode Instruction Prevention (UMIP) activated
[    0.091528] Last level iTLB entries: 4KB 512, 2MB 255, 4MB 127
[    0.092437] Last level dTLB entries: 4KB 512, 2MB 255, 4MB 127, 1GB 0
[    0.093444] Spectre V1 : Mitigation: usercopy/swapgs barriers and __user pointer sanitization
[    0.094438] Spectre V2 : Mitigation: Retpolines
[    0.095236] Spectre V2 : Spectre v2 / SpectreRSB mitigation: Filling RSB on context switch
[    0.095437] Spectre V2 : Spectre v2 / SpectreRSB : Filling RSB on VMEXIT
[    0.096436] Spectre V2 : Enabling Speculation Barrier for firmware calls
[    0.097436] RETBleed: Mitigation: untrained return thunk
[    0.098438] Spectre V2 : mitigation: Enabling conditional Indirect Branch Prediction Barrier
[    0.099437] Speculative Store Bypass: Mitigation: Speculative Store Bypass disabled via prctl
[    0.100437] Speculative Return Stack Overflow: Mitigation: safe RET
[    0.101454] x86/fpu: Supporting XSAVE feature 0x001: 'x87 floating point registers'
[    0.102436] x86/fpu: Supporting XSAVE feature 0x002: 'SSE registers'
[    0.103437] x86/fpu: Supporting XSAVE feature 0x004: 'AVX registers'
[    0.104437] x86/fpu: xstate_offset[2]:  576, xstate_sizes[2]:  256
[    0.105437] x86/fpu: Enabled xstate features 0x7, context size is 832 bytes, using 'compacted' format.
[    0.113764] Freeing SMP alternatives memory: 52K
[    0.114438] pid_max: default: 65536 minimum: 512
[    0.115524] LSM: initializing lsm=lockdown,capability,yama,selinux,bpf,landlock,integrity
[    0.116457] Yama: becoming mindful.
[    0.117441] SELinux:  Initializing.
[    0.118438] LSM support for eBPF active
[    0.119164] landlock: Up and running.
[    0.119493] Mount-cache hash table entries: 1024 (order: 1, 8192 bytes, linear)
[    0.120438] Mountpoint-cache hash table entries: 1024 (order: 1, 8192 bytes, linear)
[    0.121948] smpboot: CPU0: AMD EPYC 7502P 32-Core Processor (family: 0x17, model: 0x31, stepping: 0x0)
[    0.122707] RCU Tasks: Setting shift to 6 and lim to 1 rcu_task_cb_adjust=1.
[    0.123464] RCU Tasks Rude: Setting shift to 6 and lim to 1 rcu_task_cb_adjust=1.
[    0.124471] RCU Tasks Trace: Setting shift to 6 and lim to 1 rcu_task_cb_adjust=1.
[    0.125468] Performance Events: Fam17h+ core perfctr, AMD PMU driver.
[    0.126441] ... version:                0
[    0.127150] ... bit width:              48
[    0.127439] ... generic registers:      6
[    0.128134] ... value mask:             0000ffffffffffff
[    0.128439] ... max period:             00007fffffffffff
[    0.129381] ... fixed-purpose events:   0
[    0.129439] ... event mask:             000000000000003f
[    0.130574] signal: max sigframe size: 1776
[    0.131355] rcu: Hierarchical SRCU implementation.
[    0.131439] rcu: 	Max phase no-delay instances is 400.
[    0.133602] smp: Bringing up secondary CPUs ...
[    0.134573] smpboot: x86: Booting SMP configuration:
[    0.135442] .... node  #0, CPUs:        #1  #2  #3  #4  #5  #6  #7  #8  #9 #10 #11 #12 #13 #14 #15 #16 #17 #18 #19 #20 #21 #22 #23 #24 #25 #26 #27 #28 #29 #30 #31 #32 #33 #34 #35 #36 #37 #38 #39 #40 #41 #42 #43 #44 #45 #46 #47 #48 #49 #50 #51 #52 #53 #54 #55 #56 #57 #58 #59 #60 #61 #62 #63
[    0.187709] smp: Brought up 1 node, 64 CPUs
[    0.189170] smpboot: Max logical packages: 1
[    0.189441] smpboot: Total of 64 processors activated (319399.93 BogoMIPS)
[    0.203079] devtmpfs: initialized
[    0.203523] x86/mm: Memory block size: 128MB
[    0.204963] clocksource: jiffies: mask: 0xffffffff max_cycles: 0xffffffff, max_idle_ns: 1911260446275000 ns
[    0.205445] futex hash table entries: 16384 (order: 8, 1048576 bytes, linear)
[    0.206621] pinctrl core: initialized pinctrl subsystem
[    0.207641] PM: RTC time: 04:33:57, date: 2023-08-12
[    0.209310] NET: Registered PF_NETLINK/PF_ROUTE protocol family
[    0.209647] DMA: preallocated 128 KiB GFP_KERNEL pool for atomic allocations
[    0.210441] DMA: preallocated 128 KiB GFP_KERNEL|GFP_DMA pool for atomic allocations
[    0.211441] DMA: preallocated 128 KiB GFP_KERNEL|GFP_DMA32 pool for atomic allocations
[    0.212462] audit: initializing netlink subsys (disabled)
[    0.213474] audit: type=2000 audit(1691814838.282:1): state=initialized audit_enabled=0 res=1
[    0.213611] thermal_sys: Registered thermal governor 'fair_share'
[    0.214440] thermal_sys: Registered thermal governor 'bang_bang'
[    0.215439] thermal_sys: Registered thermal governor 'step_wise'
[    0.216439] thermal_sys: Registered thermal governor 'user_space'
[    0.217505] cpuidle: using governor menu
[    0.220933] acpiphp: ACPI Hot Plug PCI Controller Driver version: 0.5
[    0.221637] PCI: Using configuration type 1 for base access
[    0.222439] PCI: Using configuration type 1 for extended access
[    0.226498] kprobes: kprobe jump-optimization is enabled. All kprobes are optimized if possible.
[    0.251622] HugeTLB: registered 1.00 GiB page size, pre-allocated 0 pages
[    0.252440] HugeTLB: 16380 KiB vmemmap can be freed for a 1.00 GiB page
[    0.253440] HugeTLB: registered 2.00 MiB page size, pre-allocated 0 pages
[    0.254439] HugeTLB: 28 KiB vmemmap can be freed for a 2.00 MiB page
[    0.255641] cryptd: max_cpu_qlen set to 1000
[    0.256585] raid6: skipped pq benchmark and selected avx2x4
[    0.257441] raid6: using avx2x2 recovery algorithm
[    0.258439] ACPI: Added _OSI(Module Device)
[    0.259168] ACPI: Added _OSI(Processor Device)
[    0.259440] ACPI: Added _OSI(3.0 _SCP Extensions)
[    0.260267] ACPI: Added _OSI(Processor Aggregator Device)
[    0.262987] ACPI: 1 ACPI AML tables successfully acquired and loaded
[    0.264503] ACPI: _OSC evaluation for CPUs failed, trying _PDC
[    0.265961] ACPI: Interpreter enabled
[    0.266459] ACPI: PM: (supports S0 S3 S4 S5)
[    0.267221] ACPI: Using IOAPIC for interrupt routing
[    0.267884] PCI: Using host bridge windows from ACPI; if necessary, use "pci=nocrs" and report a bug
[    0.268439] PCI: Using E820 reservations for host bridge windows
[    0.269720] ACPI: Enabled 2 GPEs in block 00 to 0F
[    0.278713] ACPI: PCI Root Bridge [PCI0] (domain 0000 [bus 00-ff])
[    0.279445] acpi PNP0A03:00: _OSC: OS supports [ExtendedConfig ASPM ClockPM Segments MSI EDR HPX-Type3]
[    0.281039] acpiphp: Slot [2] registered
[    0.281459] acpiphp: Slot [3] registered
[    0.282193] acpiphp: Slot [4] registered
[    0.282462] acpiphp: Slot [5] registered
[    0.283169] acpiphp: Slot [6] registered
[    0.283458] acpiphp: Slot [7] registered
[    0.284182] acpiphp: Slot [8] registered
[    0.284457] acpiphp: Slot [9] registered
[    0.285190] acpiphp: Slot [10] registered
[    0.285460] acpiphp: Slot [11] registered
[    0.286181] acpiphp: Slot [12] registered
[    0.286457] acpiphp: Slot [13] registered
[    0.287196] acpiphp: Slot [14] registered
[    0.287459] acpiphp: Slot [15] registered
[    0.288175] acpiphp: Slot [16] registered
[    0.288457] acpiphp: Slot [17] registered
[    0.289204] acpiphp: Slot [18] registered
[    0.289459] acpiphp: Slot [19] registered
[    0.290184] acpiphp: Slot [20] registered
[    0.290458] acpiphp: Slot [21] registered
[    0.291196] acpiphp: Slot [22] registered
[    0.291457] acpiphp: Slot [23] registered
[    0.292187] acpiphp: Slot [24] registered
[    0.292458] acpiphp: Slot [25] registered
[    0.293202] acpiphp: Slot [26] registered
[    0.293458] acpiphp: Slot [27] registered
[    0.294185] acpiphp: Slot [28] registered
[    0.294461] acpiphp: Slot [29] registered
[    0.295203] acpiphp: Slot [30] registered
[    0.295457] acpiphp: Slot [31] registered
[    0.296177] PCI host bridge to bus 0000:00
[    0.296440] pci_bus 0000:00: root bus resource [io  0x0000-0x0cf7 window]
[    0.297439] pci_bus 0000:00: root bus resource [io  0x0d00-0xffff window]
[    0.298441] pci_bus 0000:00: root bus resource [mem 0x000a0000-0x000bffff window]
[    0.299440] pci_bus 0000:00: root bus resource [mem 0x20000000-0xfebfffff window]
[    0.300439] pci_bus 0000:00: root bus resource [mem 0x100000000-0x17fffffff window]
[    0.301440] pci_bus 0000:00: root bus resource [bus 00-ff]
[    0.302578] pci 0000:00:00.0: [8086:1237] type 00 class 0x060000
[    0.303830] pci 0000:00:01.0: [8086:7000] type 00 class 0x060100
[    0.304926] pci 0000:00:01.1: [8086:7010] type 00 class 0x010180
[    0.306583] pci 0000:00:01.1: reg 0x20: [io  0xc000-0xc00f]
[    0.307992] pci 0000:00:01.1: legacy IDE quirk: reg 0x10: [io  0x01f0-0x01f7]
[    0.308440] pci 0000:00:01.1: legacy IDE quirk: reg 0x14: [io  0x03f6]
[    0.309439] pci 0000:00:01.1: legacy IDE quirk: reg 0x18: [io  0x0170-0x0177]
[    0.310439] pci 0000:00:01.1: legacy IDE quirk: reg 0x1c: [io  0x0376]
[    0.311605] pci 0000:00:01.3: [8086:7113] type 00 class 0x068000
[    0.312787] pci 0000:00:01.3: quirk: [io  0x0600-0x063f] claimed by PIIX4 ACPI
[    0.313446] pci 0000:00:01.3: quirk: [io  0x0700-0x070f] claimed by PIIX4 SMB
[    0.315070] ACPI: PCI: Interrupt link LNKA configured for IRQ 10
[    0.315625] ACPI: PCI: Interrupt link LNKB configured for IRQ 10
[    0.316601] ACPI: PCI: Interrupt link LNKC configured for IRQ 11
[    0.317635] ACPI: PCI: Interrupt link LNKD configured for IRQ 11
[    0.318545] ACPI: PCI: Interrupt link LNKS configured for IRQ 9
[    0.323190] iommu: Default domain type: Translated
[    0.323441] iommu: DMA domain TLB invalidation policy: lazy mode
[    0.324581] SCSI subsystem initialized
[    0.325300] ACPI: bus type USB registered
[    0.325459] usbcore: registered new interface driver usbfs
[    0.326432] usbcore: registered new interface driver hub
[    0.326472] usbcore: registered new device driver usb
[    0.327401] pps_core: LinuxPPS API ver. 1 registered
[    0.327439] pps_core: Software ver. 5.3.6 - Copyright 2005-2007 Rodolfo Giometti <giometti@linux.it>
[    0.328444] PTP clock support registered
[    0.329478] EDAC MC: Ver: 3.0.0
[    0.330587] NetLabel: Initializing
[    0.331222] NetLabel:  domain hash size = 128
[    0.331439] NetLabel:  protocols = UNLABELED CIPSOv4 CALIPSO
[    0.332461] NetLabel:  unlabeled traffic allowed by default
[    0.333445] mctp: management component transport protocol core
[    0.334439] NET: Registered PF_MCTP protocol family
[    0.335345] PCI: Using ACPI for IRQ routing
[    0.335515] vgaarb: loaded
[    0.335942] hpet0: at MMIO 0xfed00000, IRQs 2, 8, 0
[    0.336440] hpet0: 3 comparators, 64-bit 100.000000 MHz counter
[    0.340706] clocksource: Switched to clocksource kvm-clock
[    0.347009] VFS: Disk quotas dquot_6.6.0
[    0.347740] VFS: Dquot-cache hash table entries: 512 (order 0, 4096 bytes)
[    0.349021] pnp: PnP ACPI init
[    0.349992] pnp: PnP ACPI: found 5 devices
[    0.358343] clocksource: acpi_pm: mask: 0xffffff max_cycles: 0xffffff, max_idle_ns: 2085701024 ns
[    0.359984] NET: Registered PF_INET protocol family
[    0.360888] IP idents hash table entries: 8192 (order: 4, 65536 bytes, linear)
[    0.362857] tcp_listen_portaddr_hash hash table entries: 256 (order: 0, 4096 bytes, linear)
[    0.364342] Table-perturb hash table entries: 65536 (order: 6, 262144 bytes, linear)
[    0.365679] TCP established hash table entries: 4096 (order: 3, 32768 bytes, linear)
[    0.367052] TCP bind hash table entries: 4096 (order: 5, 131072 bytes, linear)
[    0.368317] TCP: Hash tables configured (established 4096 bind 4096)
[    0.369630] MPTCP token hash table entries: 512 (order: 1, 12288 bytes, linear)
[    0.370920] UDP hash table entries: 256 (order: 1, 8192 bytes, linear)
[    0.372111] UDP-Lite hash table entries: 256 (order: 1, 8192 bytes, linear)
[    0.373516] NET: Registered PF_UNIX/PF_LOCAL protocol family
[    0.374516] NET: Registered PF_XDP protocol family
[    0.375365] pci_bus 0000:00: resource 4 [io  0x0000-0x0cf7 window]
[    0.376433] pci_bus 0000:00: resource 5 [io  0x0d00-0xffff window]
[    0.377526] pci_bus 0000:00: resource 6 [mem 0x000a0000-0x000bffff window]
[    0.378736] pci_bus 0000:00: resource 7 [mem 0x20000000-0xfebfffff window]
[    0.380006] pci_bus 0000:00: resource 8 [mem 0x100000000-0x17fffffff window]
[    0.381260] pci 0000:00:01.0: PIIX3: Enabling Passive Release
[    0.382253] pci 0000:00:00.0: Limiting direct PCI/PCI transfers
[    0.383370] PCI: CLS 0 bytes, default 64
[    0.384179] Trying to unpack rootfs image as initramfs...
[    0.392245] Freeing initrd memory: 5172K
[    0.399472] Initialise system trusted keyrings
[    0.400293] Key type blacklist registered
[    0.401099] workingset: timestamp_bits=36 max_order=17 bucket_order=0
[    0.402241] zbud: loaded
[    0.404507] integrity: Platform Keyring initialized
[    0.405384] integrity: Machine keyring initialized
[    0.414487] NET: Registered PF_ALG protocol family
[    0.415362] xor: measuring software checksum speed
[    0.416688]    prefetch64-sse  : 20309 MB/sec
[    0.418013]    generic_sse     : 18273 MB/sec
[    0.418781] xor: using function: prefetch64-sse (20309 MB/sec)
[    0.419793] Key type asymmetric registered
[    0.420510] Asymmetric key parser 'x509' registered
[    0.422964] Block layer SCSI generic (bsg) driver version 0.4 loaded (major 245)
[    0.424392] io scheduler mq-deadline registered
[    0.425206] io scheduler kyber registered
[    0.425941] io scheduler bfq registered
[    0.430655] atomic64_test: passed for x86-64 platform with CX8 and with SSE
[    0.432257] shpchp: Standard Hot Plug PCI Controller Driver version: 0.4
[    0.433603] input: Power Button as /devices/LNXSYSTM:00/LNXPWRBN:00/input/input0
[    0.434985] ACPI: button: Power Button [PWRF]
[    0.439255] Serial: 8250/16550 driver, 32 ports, IRQ sharing enabled
[    0.440588] 00:03: ttyS0 at I/O 0x3f8 (irq = 4, base_baud = 115200) is a 16550A
[    0.445385] Non-volatile memory driver v1.3
[    0.446153] Linux agpgart interface v0.103
[    0.447010] ACPI: bus type drm_connector registered
[    0.457930] scsi host0: ata_piix
[    0.458721] scsi host1: ata_piix
[    0.459350] ata1: PATA max MWDMA2 cmd 0x1f0 ctl 0x3f6 bmdma 0xc000 irq 14
[    0.460522] ata2: PATA max MWDMA2 cmd 0x170 ctl 0x376 bmdma 0xc008 irq 15
[    0.462144] usbcore: registered new interface driver usbserial_generic
[    0.463328] usbserial: USB Serial support registered for generic
[    0.464413] i8042: PNP: PS/2 Controller [PNP0303:KBD,PNP0f13:MOU] at 0x60,0x64 irq 1,12
[    0.466581] serio: i8042 KBD port at 0x60,0x64 irq 1
[    0.467463] serio: i8042 AUX port at 0x60,0x64 irq 12
[    0.468477] mousedev: PS/2 mouse device common for all mice
[    0.469724] rtc_cmos 00:04: RTC can wake from S4
[    0.471082] input: AT Translated Set 2 keyboard as /devices/platform/i8042/serio0/input/input1
[    0.472711] rtc_cmos 00:04: registered asvmport: unknown command 56
 rtc0
[    0.473900] input: VirtualPS/2 VMware VMMouse as /devices/platform/i8042/serio1/input/input4
[    0.474141] rtc_cmos 00:04: setting system clock to 2023-08-12T04:33:57 UTC (1691814837)
[    0.476058] input: VirtualPS/2 VMware VMMouse as /devices/platform/i8042/serio1/input/input3
[    0.477118] rtc_cmos 00:04: alarms up to one day, y3k, 242 bytes nvram, hpet irqs
[    0.479787] device-mapper: core: CONFIG_IMA_DISABLE_HTABLE is disabled. Duplicate IMA measurements will not be recorded in the IMA log.
[    0.481886] device-mapper: uevent: version 1.0.3
[    0.482788] device-mapper: ioctl: 4.48.0-ioctl (2023-03-01) initialised: dm-devel@redhat.com
[    0.484438] amd_pstate: the _CPC object is not present in SBIOS or ACPI disabled
[    0.485792] hid: raw HID events driver (C) Jiri Kosina
[    0.486786] usbcore: registered new interface driver usbhid
[    0.487751] usbhid: USB HID core driver
[    0.488577] drop_monitor: Initializing network drop monitor service
[    0.505883] Initializing XFRM netlink socket
[    0.506748] NET: Registered PF_INET6 protocol family
[    0.509515] Segment Routing with IPv6
[    0.510175] RPL Segment Routing with IPv6
[    0.510879] In-situ OAM (IOAM) with IPv6
[    0.511587] mip6: Mobile IPv6
[    0.512116] NET: Registered PF_PACKET protocol family
[    0.518019] IPI shorthand broadcast: enabled
[    0.518833] AVX2 version of gcm_enc/dec engaged.
[    0.520383] AES CTR mode by8 optimization enabled
[    0.524753] sched_clock: Marking stable (518001624, 6395735)->(580688968, -56291609)
[    0.526460] registered taskstats version 1
[    0.531026] Loading compiled-in X.509 certificates
[    0.540580] Loaded X.509 cert 'Build time autogenerated kernel key: 69b9de18bc476a77a5349c46b2df5fbcadbb2b29'
[    0.547006] page_owner is disabled
[    0.547762] Key type .fscrypt registered
[    0.548503] Key type fscrypt-provisioning registered
[    0.550266] Btrfs loaded, zoned=yes, fsverity=yes
[    0.551137] Key type big_key registered
[    0.554391] Key type encrypted registered
[    0.555134] ima: No TPM chip found, activating TPM-bypass!
[    0.556102] Loading compiled-in module X.509 certificates
[    0.557492] Loaded X.509 cert 'Build time autogenerated kernel key: 69b9de18bc476a77a5349c46b2df5fbcadbb2b29'
[    0.559212] ima: Allocated hash algorithm: sha256
[    0.560036] ima: No architecture policies found
[    0.560843] evm: Initialising EVM extended attributes:
[    0.561751] evm: security.selinux
[    0.562337] evm: security.SMACK64 (disabled)
[    0.563076] evm: security.SMACK64EXEC (disabled)
[    0.563888] evm: security.SMACK64TRANSMUTE (disabled)
[    0.564781] evm: security.SMACK64MMAP (disabled)
[    0.565587] evm: security.apparmor (disabled)
[    0.566343] evm: security.ima
[    0.566870] evm: security.capability
[    0.567514] evm: HMAC attrs: 0x1
[    0.594965] alg: No test for 842 (842-scomp)
[    0.595883] alg: No test for 842 (842-generic)
[    0.704821] PM:   Magic number: 3:365:565
[    0.712937] RAS: Correctable Errors collector initialized.
[    0.714128] clk: Disabling unused clocks
[    0.717425] Freeing unused decrypted memory: 2036K
[    0.719072] Freeing unused kernel image (initmem) memory: 4304K
[    0.720439] Write protecting the kernel read-only data: 34816k
[    0.721949] Freeing unused kernel image (rodata/data gap) memory: 188K
[    0.801465] x86/mm: Checked W+X mappings: passed, no W+X pages found.
[    0.802448] Run /init as init process
Starting syslogd: OK
Starting klogd: OK
Running sysctl: OK
Saving 256 bits of creditable seed for next boot
Starting network: OK
Linux version 6.5.0-rc5-next-20230809-cbl (nathan@dev-arch.m3-large-x86-01) (ClangBuiltLinux clang version 15.0.7 (https://github.com/llvm/llvm-project 8dfdcc7b7bf66834a761bd8de445840ef68e4d1a), ClangBuiltLinux LLD 15.0.7) #1 SMP PREEMPT_DYNAMIC Sat Aug 12 04:32:44 UTC 2023
Stopping network: OK
Seeding 256 bits and crediting
Saving 256 bits of creditable seed for next boot
Stopping klogd: OK
Stopping syslogd: OK
umount: devtmpfs busy - remounted read-only
umount: can't unmount /: Invalid argument

The system is going down NOW!

Sent SIGTERM to all processes

Sent SIGKILL to all processes

Requesting system poweroff
[    2.879743] ACPI: PM: Preparing to enter system sleep state S5
[    2.880654] reboot: Power down
$ timeout --foreground 3m stdbuf -eL -oL /usr/sbin/qemu-system-x86_64 -display none -nodefaults -d unimp,guest_errors -append 'console=ttyS0 earlycon=uart8250,io,0x3f8' -kernel /home/nathan/tmp/build/cbl_lkt/linux-next/x86_64/arch/x86/boot/bzImage -initrd /home/nathan/cbl/llvm-kernel-testing/src/boot-utils/images/x86_64/rootfs.cpio -cpu host -enable-kvm -m 512m -smp 64 -serial mon:stdio
