
[01;32mQEMU location: [0m/usr/sbin[0m

[01;32mQEMU version: [0mQEMU emulator version 8.0.3[0m
[    0.000000] Booting Linux on physical CPU 0x0000000000 [0x000f0510]
[    0.000000] Linux version 6.5.0-rc5-next-20230809-cbl-00030-g8150cbc757fd (nathan@dev-arch.m3-large-x86-01) (ClangBuiltLinux clang version 14.0.6 (https://github.com/llvm/llvm-project f28c006a5895fc0e329fe15fead81e37457cb1d1), ClangBuiltLinux LLD 14.0.6) #1 SMP PREEMPT Sat Aug 12 05:28:15 UTC 2023
[    0.000000] KASLR enabled
[    0.000000] random: crng init done
[    0.000000] Machine model: linux,dummy-virt
[    0.000000] efi: UEFI not found.
[    0.000000] earlycon: pl11 at MMIO 0x0000000009000000 (options '')
[    0.000000] printk: bootconsole [pl11] enabled
[    0.000000] NUMA: No NUMA configuration found
[    0.000000] NUMA: Faking a node at [mem 0x0000000040000000-0x000000005fffffff]
[    0.000000] NUMA: NODE_DATA [mem 0x5fef29c0-0x5fef4fff]
[    0.000000] Zone ranges:
[    0.000000]   DMA      [mem 0x0000000040000000-0x000000005fffffff]
[    0.000000]   DMA32    empty
[    0.000000]   Normal   empty
[    0.000000] Movable zone start for each node
[    0.000000] Early memory node ranges
[    0.000000]   node   0: [mem 0x0000000040000000-0x000000005fffffff]
[    0.000000] Initmem setup node 0 [mem 0x0000000040000000-0x000000005fffffff]
[    0.000000] cma: Reserved 32 MiB at 0x000000005d600000 on node -1
[    0.000000] psci: probing for conduit method from DT.
[    0.000000] psci: PSCIv1.1 detected in firmware.
[    0.000000] psci: Using standard PSCI v0.2 function IDs
[    0.000000] psci: Trusted OS migration not required
[    0.000000] psci: SMC Calling Convention v1.0
[    0.000000] percpu: Embedded 22 pages/cpu s50472 r8192 d31448 u90112
[    0.000000] Detected PIPT I-cache on CPU0
[    0.000000] CPU features: detected: Branch Target Identification
[    0.000000] CPU features: detected: Address authentication (IMP DEF algorithm)
[    0.000000] CPU features: detected: GIC system register CPU interface
[    0.000000] CPU features: detected: HCRX_EL2 register
[    0.000000] CPU features: detected: Virtualization Host Extensions
[    0.000000] CPU features: detected: Hardware dirty bit management
[    0.000000] CPU features: detected: Spectre-v4
[    0.000000] alternatives: applying boot alternatives
[    0.000000] Kernel command line: console=ttyAMA0 earlycon
[    0.000000] Dentry cache hash table entries: 65536 (order: 7, 524288 bytes, linear)
[    0.000000] Inode-cache hash table entries: 32768 (order: 6, 262144 bytes, linear)
[    0.000000] Fallback order for Node 0: 0 
[    0.000000] Built 1 zonelists, mobility grouping on.  Total pages: 129024
[    0.000000] Policy zone: DMA
[    0.000000] mem auto-init: stack:all(zero), heap alloc:off, heap free:off
[    0.000000] software IO TLB: area num 1.
[    0.000000] software IO TLB: mapped [mem 0x0000000059600000-0x000000005d600000] (64MB)
[    0.000000] Memory: 373988K/524288K available (17728K kernel code, 4258K rwdata, 10396K rodata, 2432K init, 596K bss, 117532K reserved, 32768K cma-reserved)
[    0.000000] SLUB: HWalign=64, Order=0-3, MinObjects=0, CPUs=1, Nodes=1
[    0.000000] rcu: Preemptible hierarchical RCU implementation.
[    0.000000] rcu: 	RCU event tracing is enabled.
[    0.000000] rcu: 	RCU restricting CPUs from NR_CPUS=256 to nr_cpu_ids=1.
[    0.000000] 	Trampoline variant of Tasks RCU enabled.
[    0.000000] 	Tracing variant of Tasks RCU enabled.
[    0.000000] rcu: RCU calculated value of scheduler-enlistment delay is 25 jiffies.
[    0.000000] rcu: Adjusting geometry for rcu_fanout_leaf=16, nr_cpu_ids=1
[    0.000000] NR_IRQS: 64, nr_irqs: 64, preallocated irqs: 0
[    0.000000] GICv3: GIC: Using split EOI/Deactivate mode
[    0.000000] GICv3: 256 SPIs implemented
[    0.000000] GICv3: 0 Extended SPIs implemented
[    0.000000] Root IRQ handler: gic_handle_irq
[    0.000000] GICv3: GICv3 features: 16 PPIs
[    0.000000] GICv3: GICv4 features: 
[    0.000000] GICv3: CPU0: found redistributor 0 region 0:0x00000000080a0000
[    0.000000] ITS [mem 0x08080000-0x0809ffff]
[    0.000000] ITS@0x0000000008080000: Single VMOVP capable
[    0.000000] ITS@0x0000000008080000: allocated 8192 Devices @42840000 (indirect, esz 8, psz 64K, shr 1)
[    0.000000] ITS@0x0000000008080000: allocated 8192 Interrupt Collections @42850000 (flat, esz 8, psz 64K, shr 1)
[    0.000000] ITS@0x0000000008080000: allocated 8192 Virtual CPUs @42860000 (indirect, esz 8, psz 64K, shr 1)
[    0.000000] GICv3: using LPI property table @0x0000000042870000
[    0.000000] ITS: Allocated DevID ffff as GICv4 proxy device (2 slots)
[    0.000000] ITS: Enabling GICv4 support
[    0.000000] GICv3: CPU0: using allocated LPI pending table @0x0000000042880000
[    0.000000] rcu: srcu_init: Setting srcu_struct sizes based on contention.
[    0.000000] arch_timer: cp15 timer(s) running at 62.50MHz (phys).
[    0.000000] clocksource: arch_sys_counter: mask: 0x1ffffffffffffff max_cycles: 0x1cd42e208c, max_idle_ns: 881590405314 ns
[    0.000066] sched_clock: 57 bits at 63MHz, resolution 16ns, wraps every 4398046511096ns
[    0.019840] Console: colour dummy device 80x25
[    0.026186] Calibrating delay loop (skipped), value calculated using timer frequency.. 125.00 BogoMIPS (lpj=250000)
[    0.027192] pid_max: default: 32768 minimum: 301
[    0.029394] LSM: initializing lsm=capability,integrity
[    0.033166] Mount-cache hash table entries: 1024 (order: 1, 8192 bytes, linear)
[    0.033335] Mountpoint-cache hash table entries: 1024 (order: 1, 8192 bytes, linear)
[    0.070612] cacheinfo: Unable to detect cache hierarchy for CPU 0
[    0.080133] RCU Tasks: Setting shift to 0 and lim to 1 rcu_task_cb_adjust=1.
[    0.080563] RCU Tasks Trace: Setting shift to 0 and lim to 1 rcu_task_cb_adjust=1.
[    0.082550] rcu: Hierarchical SRCU implementation.
[    0.082658] rcu: 	Max phase no-delay instances is 1000.
[    0.087225] Platform MSI: its@8080000 domain created
[    0.088187] PCI/MSI: /intc@8000000/its@8080000 domain created
[    0.088809] fsl-mc MSI: its@8080000 domain created
[    0.091937] EFI services will not be available.
[    0.092831] smp: Bringing up secondary CPUs ...
[    0.093837] smp: Brought up 1 node, 1 CPU
[    0.093929] SMP: Total of 1 processors activated.
[    0.094178] CPU features: detected: 32-bit EL0 Support
[    0.094284] CPU features: detected: 32-bit EL1 Support
[    0.094364] CPU features: detected: ARMv8.4 Translation Table Level
[    0.094474] CPU features: detected: Data cache clean to the PoU not required for I/D coherence
[    0.094623] CPU features: detected: Common not Private translations
[    0.094717] CPU features: detected: CRC32 instructions
[    0.094789] CPU features: detected: Data independent timing control (DIT)
[    0.094876] CPU features: detected: E0PD
[    0.094937] CPU features: detected: Enhanced Virtualization Traps
[    0.095094] CPU features: detected: Generic authentication (IMP DEF algorithm)
[    0.095191] CPU features: detected: RCpc load-acquire (LDAPR)
[    0.095270] CPU features: detected: LSE atomic instructions
[    0.095372] CPU features: detected: Privileged Access Never
[    0.095455] CPU features: detected: RAS Extension Support
[    0.095528] CPU features: detected: Random Number Generator
[    0.096884] CPU features: detected: Speculation barrier (SB)
[    0.096974] CPU features: detected: Stage-2 Force Write-Back
[    0.097052] CPU features: detected: TLB range maintenance instructions
[    0.097171] CPU features: detected: Scalable Matrix Extension
[    0.097252] CPU features: detected: FA64
[    0.097311] CPU features: detected: Speculative Store Bypassing Safe (SSBS)
[    0.097401] CPU features: detected: Scalable Vector Extension
[    0.111108] SVE: maximum available vector length 256 bytes per vector
[    0.115150] SVE: default vector length 64 bytes per vector
[    0.117379] SME: minimum available vector length 16 bytes per vector
[    0.117495] SME: maximum available vector length 256 bytes per vector
[    0.117589] SME: default vector length 32 bytes per vector
[    0.118026] CPU: All CPU(s) started at EL2
[    0.118123] alternatives: applying system-wide alternatives
[    0.186331] devtmpfs: initialized
[    0.211400] clocksource: jiffies: mask: 0xffffffff max_cycles: 0xffffffff, max_idle_ns: 7645041785100000 ns
[    0.212099] futex hash table entries: 256 (order: 2, 16384 bytes, linear)
[    0.217320] pinctrl core: initialized pinctrl subsystem
[    0.228059] DMI not present or invalid.
[    0.244805] NET: Registered PF_NETLINK/PF_ROUTE protocol family
[    0.256434] DMA: preallocated 128 KiB GFP_KERNEL pool for atomic allocations
[    0.257180] DMA: preallocated 128 KiB GFP_KERNEL|GFP_DMA pool for atomic allocations
[    0.257598] DMA: preallocated 128 KiB GFP_KERNEL|GFP_DMA32 pool for atomic allocations
[    0.258089] audit: initializing netlink subsys (disabled)
[    0.262389] audit: type=2000 audit(0.208:1): state=initialized audit_enabled=0 res=1
[    0.267313] thermal_sys: Registered thermal governor 'step_wise'
[    0.267421] thermal_sys: Registered thermal governor 'power_allocator'
[    0.268011] cpuidle: using governor menu
[    0.269821] hw-breakpoint: found 6 breakpoint and 4 watchpoint registers.
[    0.270439] ASID allocator initialised with 65536 entries
[    0.280484] Serial: AMBA PL011 UART driver
[    0.348841] 9000000.pl011: ttyAMA0 at MMIO 0x9000000 (irq = 14, base_baud = 0) is a PL011 rev1
[    0.350463] printk: console [ttyAMA0] enabled
[    0.350463] printk: console [ttyAMA0] enabled
[    0.350831] printk: bootconsole [pl11] disabled
[    0.350831] printk: bootconsole [pl11] disabled
[    0.371754] Modules: 2G module region forced by RANDOMIZE_MODULE_REGION_FULL
[    0.371924] Modules: 0 pages in range for non-PLT usage
[    0.371950] Modules: 515376 pages in range for PLT usage
[    0.377224] HugeTLB: registered 1.00 GiB page size, pre-allocated 0 pages
[    0.377445] HugeTLB: 0 KiB vmemmap can be freed for a 1.00 GiB page
[    0.377569] HugeTLB: registered 32.0 MiB page size, pre-allocated 0 pages
[    0.377662] HugeTLB: 0 KiB vmemmap can be freed for a 32.0 MiB page
[    0.377753] HugeTLB: registered 2.00 MiB page size, pre-allocated 0 pages
[    0.377842] HugeTLB: 0 KiB vmemmap can be freed for a 2.00 MiB page
[    0.377933] HugeTLB: registered 64.0 KiB page size, pre-allocated 0 pages
[    0.378023] HugeTLB: 0 KiB vmemmap can be freed for a 64.0 KiB page
[    0.388918] ACPI: Interpreter disabled.
[    0.398743] iommu: Default domain type: Translated
[    0.398860] iommu: DMA domain TLB invalidation policy: strict mode
[    0.400460] SCSI subsystem initialized
[    0.402842] usbcore: registered new interface driver usbfs
[    0.403148] usbcore: registered new interface driver hub
[    0.403415] usbcore: registered new device driver usb
[    0.407217] pps_core: LinuxPPS API ver. 1 registered
[    0.407334] pps_core: Software ver. 5.3.6 - Copyright 2005-2007 Rodolfo Giometti <giometti@linux.it>
[    0.407578] PTP clock support registered
[    0.408359] EDAC MC: Ver: 3.0.0
[    0.411184] scmi_core: SCMI protocol bus registered
[    0.414999] FPGA manager framework
[    0.415936] Advanced Linux Sound Architecture Driver Initialized.
[    0.428342] vgaarb: loaded
[    0.433839] clocksource: Switched to clocksource arch_sys_counter
[    0.437101] VFS: Disk quotas dquot_6.6.0
[    0.437331] VFS: Dquot-cache hash table entries: 512 (order 0, 4096 bytes)
[    0.439412] pnp: PnP ACPI: disabled
[    0.463124] NET: Registered PF_INET protocol family
[    0.464706] IP idents hash table entries: 8192 (order: 4, 65536 bytes, linear)
[    0.469878] tcp_listen_portaddr_hash hash table entries: 256 (order: 0, 4096 bytes, linear)
[    0.470125] Table-perturb hash table entries: 65536 (order: 6, 262144 bytes, linear)
[    0.470306] TCP established hash table entries: 4096 (order: 3, 32768 bytes, linear)
[    0.470609] TCP bind hash table entries: 4096 (order: 5, 131072 bytes, linear)
[    0.470926] TCP: Hash tables configured (established 4096 bind 4096)
[    0.472332] UDP hash table entries: 256 (order: 1, 8192 bytes, linear)
[    0.472720] UDP-Lite hash table entries: 256 (order: 1, 8192 bytes, linear)
[    0.473868] NET: Registered PF_UNIX/PF_LOCAL protocol family
[    0.476829] RPC: Registered named UNIX socket transport module.
[    0.476964] RPC: Registered udp transport module.
[    0.477048] RPC: Registered tcp transport module.
[    0.477120] RPC: Registered tcp-with-tls transport module.
[    0.477200] RPC: Registered tcp NFSv4.1 backchannel transport module.
[    0.477413] PCI: CLS 0 bytes, default 64
[    0.482815] kvm [1]: IPA Size Limit: 48 bits
[    0.483558] kvm [1]: GICv4 support disabled
[    0.483655] kvm [1]: GICv3: no GICV resource entry
[    0.483813] kvm [1]: disabling GICv2 emulation
[    0.484059] kvm [1]: GIC system register CPU interface enabled
[    0.485165] kvm [1]: vgic interrupt IRQ9
[    0.486525] Unpacking initramfs...
[    0.489971] kvm [1]: VHE mode initialized successfully
[    0.499497] Initialise system trusted keyrings
[    0.501136] workingset: timestamp_bits=42 max_order=17 bucket_order=0
[    0.503529] squashfs: version 4.0 (2009/01/31) Phillip Lougher
[    0.510380] NFS: Registering the id_resolver key type
[    0.510780] Key type id_resolver registered
[    0.510884] Key type id_legacy registered
[    0.511179] nfs4filelayout_init: NFSv4 File Layout Driver Registering...
[    0.511375] nfs4flexfilelayout_init: NFSv4 Flexfile Layout Driver Registering...
[    0.513722] 9p: Installing v9fs 9p2000 file system support
[    0.595520] Key type asymmetric registered
[    0.595682] Asymmetric key parser 'x509' registered
[    0.596069] Block layer SCSI generic (bsg) driver version 0.4 loaded (major 245)
[    0.596278] io scheduler mq-deadline registered
[    0.596416] io scheduler kyber registered
[    0.596814] io scheduler bfq registered
[    0.630538] Freeing initrd memory: 4428K
[    0.653796] pl061_gpio 9030000.pl061: PL061 GPIO chip registered
[    0.662081] pci-host-generic 4010000000.pcie: host bridge /pcie@10000000 ranges:
[    0.662872] pci-host-generic 4010000000.pcie:       IO 0x003eff0000..0x003effffff -> 0x0000000000
[    0.663571] pci-host-generic 4010000000.pcie:      MEM 0x0010000000..0x003efeffff -> 0x0010000000
[    0.663741] pci-host-generic 4010000000.pcie:      MEM 0x8000000000..0xffffffffff -> 0x8000000000
[    0.664393] pci-host-generic 4010000000.pcie: Memory resource size exceeds max for 32 bits
[    0.665026] pci-host-generic 4010000000.pcie: ECAM at [mem 0x4010000000-0x401fffffff] for [bus 00-ff]
[    0.666828] pci-host-generic 4010000000.pcie: PCI host bridge to bus 0000:00
[    0.667137] pci_bus 0000:00: root bus resource [bus 00-ff]
[    0.667287] pci_bus 0000:00: root bus resource [io  0x0000-0xffff]
[    0.667413] pci_bus 0000:00: root bus resource [mem 0x10000000-0x3efeffff]
[    0.667517] pci_bus 0000:00: root bus resource [mem 0x8000000000-0xffffffffff]
[    0.669168] pci 0000:00:00.0: [1b36:0008] type 00 class 0x060000
[    0.687004] EINJ: ACPI disabled.
[    0.778552] Serial: 8250/16550 driver, 4 ports, IRQ sharing enabled
[    0.789138] SuperH (H)SCI(F) driver initialized
[    0.791014] msm_serial: driver initialized
[    0.793052] STM32 USART driver initialized
[    0.822347] loop: module loaded
[    0.825944] megasas: 07.725.01.00-rc1
[    0.832930] physmap-flash 0.flash: physmap platform flash device: [mem 0x00000000-0x03ffffff]
[    0.834399] 0.flash: Found 2 x16 devices at 0x0 in 32-bit bank. Manufacturer ID 0x000000 Chip ID 0x000000
[    0.834984] Intel/Sharp Extended Query Table at 0x0031
[    0.835679] Using buffer write method
[    0.836331] physmap-flash 0.flash: physmap platform flash device: [mem 0x04000000-0x07ffffff]
[    0.836781] 0.flash: Found 2 x16 devices at 0x0 in 32-bit bank. Manufacturer ID 0x000000 Chip ID 0x000000
[    0.836971] Intel/Sharp Extended Query Table at 0x0031
[    0.837402] Using buffer write method
[    0.837689] Concatenating MTD devices:
[    0.837769] (0): "0.flash"
[    0.837838] (1): "0.flash"
[    0.837892] into device "0.flash"
[    0.935111] tun: Universal TUN/TAP device driver, 1.6
[    0.938636] thunder_xcv, ver 1.0
[    0.938828] thunder_bgx, ver 1.0
[    0.939006] nicpf, ver 1.0
[    0.943198] hns3: Hisilicon Ethernet Network Driver for Hip08 Family - version
[    0.943317] hns3: Copyright (c) 2017 Huawei Corporation.
[    0.943679] hclge is initializing
[    0.943919] e1000: Intel(R) PRO/1000 Network Driver
[    0.944001] e1000: Copyright (c) 1999-2006 Intel Corporation.
[    0.944212] e1000e: Intel(R) PRO/1000 Network Driver
[    0.944291] e1000e: Copyright(c) 1999 - 2015 Intel Corporation.
[    0.944502] igb: Intel(R) Gigabit Ethernet Network Driver
[    0.944590] igb: Copyright (c) 2007-2014 Intel Corporation.
[    0.944795] igbvf: Intel(R) Gigabit Virtual Function Network Driver
[    0.944890] igbvf: Copyright (c) 2009 - 2012 Intel Corporation.
[    0.946095] sky2: driver version 1.30
[    0.950395] VFIO - User Level meta-driver version: 0.3
[    0.961168] usbcore: registered new interface driver usb-storage
[    0.973216] rtc-pl031 9010000.pl031: registered as rtc0
[    0.974103] rtc-pl031 9010000.pl031: setting system clock to 2023-08-12T05:28:37 UTC (1691818117)
[    0.976988] i2c_dev: i2c /dev entries driver
[    0.999455] sdhci: Secure Digital Host Controller Interface driver
[    0.999560] sdhci: Copyright(c) Pierre Ossman
[    1.002011] Synopsys Designware Multimedia Card Interface Driver
[    1.005008] sdhci-pltfm: SDHCI platform and OF driver helper
[    1.011469] ledtrig-cpu: registered to indicate activity on CPUs
[    1.018209] usbcore: registered new interface driver usbhid
[    1.018313] usbhid: USB HID core driver
[    1.031161] hw perfevents: enabled with armv8_pmuv3 PMU driver, 7 counters available
[    1.047371] NET: Registered PF_PACKET protocol family
[    1.048801] 9pnet: Installing 9P2000 support
[    1.049200] Key type dns_resolver registered
[    1.083175] registered taskstats version 1
[    1.084490] Loading compiled-in X.509 certificates
[    1.119953] input: gpio-keys as /devices/platform/gpio-keys/input/input0
[    1.128618] clk: Disabling unused clocks
[    1.129331] ALSA device list:
[    1.129557]   No soundcards found.
[    1.132690] uart-pl011 9000000.pl011: no DMA platform data
[    1.207524] Freeing unused kernel memory: 2432K
[    1.208415] Run /init as init process
Starting syslogd: OK
Starting klogd: OK
Running sysctl: OK
Saving 256 bits of creditable seed for next boot
Starting network: OK
Linux version 6.5.0-rc5-next-20230809-cbl-00030-g8150cbc757fd (nathan@dev-arch.m3-large-x86-01) (ClangBuiltLinux clang version 14.0.6 (https://github.com/llvm/llvm-project f28c006a5895fc0e329fe15fead81e37457cb1d1), ClangBuiltLinux LLD 14.0.6) #1 SMP PREEMPT Sat Aug 12 05:28:15 UTC 2023
Stopping network: OK
Seeding 256 bits and crediting
Saving 256 bits of creditable seed for next boot
Stopping klogd: OK
Stopping syslogd: OK
umount: devtmpfs busy - remounted read-only
umount: can't unmount /: Invalid argument

The system is going down NOW!

Sent SIGTERM to all processes

Sent SIGKILL to all processes

Requesting system poweroff
[    3.932314] Flash device refused suspend due to active operation (state 20)
[    3.932541] Flash device refused suspend due to active operation (state 20)
[    3.933183] kvm: exiting hardware virtualization
[    3.933321] reboot: Power down
$ timeout --foreground 3m stdbuf -eL -oL /usr/sbin/qemu-system-aarch64 -display none -nodefaults -cpu max,pauth-impdef=true -machine virt,gic-version=max,virtualization=true -append 'console=ttyAMA0 earlycon' -kernel /home/nathan/tmp/build/cbl_lkt/linux-next/arm64/arch/arm64/boot/Image.gz -initrd /home/nathan/cbl/llvm-kernel-testing/src/boot-utils/images/arm64/rootfs.cpio -m 512m -serial mon:stdio
