
[01;32mQEMU location: [0m/usr/sbin[0m

[01;32mQEMU version: [0mQEMU emulator version 8.0.3[0m
[    0.000000] Booting Linux on physical CPU 0x0000000000 [0x000f0510]
[    0.000000] Linux version 6.5.0-rc5-next-20230809-cbl-00030-g8150cbc757fd (nathan@dev-arch.m3-large-x86-01) (ClangBuiltLinux clang version 14.0.6 (https://github.com/llvm/llvm-project f28c006a5895fc0e329fe15fead81e37457cb1d1), ClangBuiltLinux LLD 14.0.6) #1 SMP PREEMPT Sat Aug 12 05:18:45 UTC 2023
[    0.000000] KASLR enabled
[    0.000000] random: crng init done
[    0.000000] Machine model: linux,dummy-virt
[    0.000000] earlycon: pl11 at MMIO 0x0000000009000000 (options '')
[    0.000000] printk: bootconsole [pl11] enabled
[    0.000000] NUMA: No NUMA configuration found
[    0.000000] NUMA: Faking a node at [mem 0x0000000040000000-0x000000005fffffff]
[    0.000000] NUMA: NODE_DATA [mem 0x5fef19c0-0x5fef3fff]
[    0.000000] Zone ranges:
[    0.000000]   DMA      [mem 0x0000000040000000-0x000000005fffffff]
[    0.000000]   DMA32    empty
[    0.000000]   Normal   empty
[    0.000000] Movable zone start for each node
[    0.000000] Early memory node ranges
[    0.000000]   node   0: [mem 0x0000000040000000-0x000000005fffffff]
[    0.000000] Initmem setup node 0 [mem 0x0000000040000000-0x000000005fffffff]
[    0.000000] cma: Reserved 32 MiB at 0x000000005d600000 on node -1
[    0.000000] psci: probing for conduit method from DT.
[    0.000000] psci: PSCIv1.1 detected in firmware.
[    0.000000] psci: Using standard PSCI v0.2 function IDs
[    0.000000] psci: Trusted OS migration not required
[    0.000000] psci: SMC Calling Convention v1.0
[    0.000000] percpu: Embedded 22 pages/cpu s49960 r8192 d31960 u90112
[    0.000000] Detected PIPT I-cache on CPU0
[    0.000000] CPU features: detected: Branch Target Identification
[    0.000000] CPU features: detected: Address authentication (IMP DEF algorithm)
[    0.000000] CPU features: detected: GIC system register CPU interface
[    0.000000] CPU features: detected: HCRX_EL2 register
[    0.000000] CPU features: detected: Virtualization Host Extensions
[    0.000000] CPU features: detected: Hardware dirty bit management
[    0.000000] CPU features: detected: Spectre-v4
[    0.000000] alternatives: applying boot alternatives
[    0.000000] Kernel command line: console=ttyAMA0 earlycon
[    0.000000] Dentry cache hash table entries: 65536 (order: 7, 524288 bytes, linear)
[    0.000000] Inode-cache hash table entries: 32768 (order: 6, 262144 bytes, linear)
[    0.000000] Fallback order for Node 0: 0 
[    0.000000] Built 1 zonelists, mobility grouping on.  Total pages: 129024
[    0.000000] Policy zone: DMA
[    0.000000] mem auto-init: stack:all(zero), heap alloc:off, heap free:off
[    0.000000] software IO TLB: area num 1.
[    0.000000] software IO TLB: mapped [mem 0x0000000059600000-0x000000005d600000] (64MB)
[    0.000000] Memory: 376416K/524288K available (16512K kernel code, 4192K rwdata, 9808K rodata, 1920K init, 540K bss, 115104K reserved, 32768K cma-reserved)
[    0.000000] SLUB: HWalign=64, Order=0-3, MinObjects=0, CPUs=1, Nodes=1
[    0.000000] rcu: Preemptible hierarchical RCU implementation.
[    0.000000] rcu: 	RCU event tracing is enabled.
[    0.000000] rcu: 	RCU restricting CPUs from NR_CPUS=256 to nr_cpu_ids=1.
[    0.000000] 	Trampoline variant of Tasks RCU enabled.
[    0.000000] 	Tracing variant of Tasks RCU enabled.
[    0.000000] rcu: RCU calculated value of scheduler-enlistment delay is 25 jiffies.
[    0.000000] rcu: Adjusting geometry for rcu_fanout_leaf=16, nr_cpu_ids=1
[    0.000000] NR_IRQS: 64, nr_irqs: 64, preallocated irqs: 0
[    0.000000] GICv3: GIC: Using split EOI/Deactivate mode
[    0.000000] GICv3: 256 SPIs implemented
[    0.000000] GICv3: 0 Extended SPIs implemented
[    0.000000] Root IRQ handler: gic_handle_irq
[    0.000000] GICv3: GICv3 features: 16 PPIs
[    0.000000] GICv3: GICv4 features: 
[    0.000000] GICv3: CPU0: found redistributor 0 region 0:0x00000000080a0000
[    0.000000] ITS [mem 0x08080000-0x0809ffff]
[    0.000000] ITS@0x0000000008080000: Single VMOVP capable
[    0.000000] ITS@0x0000000008080000: allocated 8192 Devices @42440000 (indirect, esz 8, psz 64K, shr 1)
[    0.000000] ITS@0x0000000008080000: allocated 8192 Interrupt Collections @42450000 (flat, esz 8, psz 64K, shr 1)
[    0.000000] ITS@0x0000000008080000: allocated 8192 Virtual CPUs @42460000 (indirect, esz 8, psz 64K, shr 1)
[    0.000000] GICv3: using LPI property table @0x0000000042470000
[    0.000000] ITS: Allocated DevID ffff as GICv4 proxy device (2 slots)
[    0.000000] ITS: Enabling GICv4 support
[    0.000000] GICv3: CPU0: using allocated LPI pending table @0x0000000042480000
[    0.000000] rcu: srcu_init: Setting srcu_struct sizes based on contention.
[    0.000000] arch_timer: cp15 timer(s) running at 62.50MHz (phys).
[    0.000000] clocksource: arch_sys_counter: mask: 0x1ffffffffffffff max_cycles: 0x1cd42e208c, max_idle_ns: 881590405314 ns
[    0.000066] sched_clock: 57 bits at 63MHz, resolution 16ns, wraps every 4398046511096ns
[    0.020039] Console: colour dummy device 80x25
[    0.026203] Calibrating delay loop (skipped), value calculated using timer frequency.. 125.00 BogoMIPS (lpj=250000)
[    0.027159] pid_max: default: 32768 minimum: 301
[    0.029344] LSM: initializing lsm=capability,integrity
[    0.033074] Mount-cache hash table entries: 1024 (order: 1, 8192 bytes, linear)
[    0.033256] Mountpoint-cache hash table entries: 1024 (order: 1, 8192 bytes, linear)
[    0.069186] cacheinfo: Unable to detect cache hierarchy for CPU 0
[    0.078176] RCU Tasks: Setting shift to 0 and lim to 1 rcu_task_cb_adjust=1.
[    0.078831] RCU Tasks Trace: Setting shift to 0 and lim to 1 rcu_task_cb_adjust=1.
[    0.080922] rcu: Hierarchical SRCU implementation.
[    0.081037] rcu: 	Max phase no-delay instances is 1000.
[    0.085547] Platform MSI: its@8080000 domain created
[    0.086028] PCI/MSI: /intc@8000000/its@8080000 domain created
[    0.086632] fsl-mc MSI: its@8080000 domain created
[    0.090131] smp: Bringing up secondary CPUs ...
[    0.091182] smp: Brought up 1 node, 1 CPU
[    0.091271] SMP: Total of 1 processors activated.
[    0.092736] CPU features: detected: 32-bit EL0 Support
[    0.092851] CPU features: detected: 32-bit EL1 Support
[    0.092936] CPU features: detected: ARMv8.4 Translation Table Level
[    0.093045] CPU features: detected: Data cache clean to the PoU not required for I/D coherence
[    0.093191] CPU features: detected: Common not Private translations
[    0.093278] CPU features: detected: CRC32 instructions
[    0.093351] CPU features: detected: Data independent timing control (DIT)
[    0.093445] CPU features: detected: E0PD
[    0.093520] CPU features: detected: Enhanced Virtualization Traps
[    0.093706] CPU features: detected: Generic authentication (IMP DEF algorithm)
[    0.093806] CPU features: detected: RCpc load-acquire (LDAPR)
[    0.093884] CPU features: detected: LSE atomic instructions
[    0.094007] CPU features: detected: Privileged Access Never
[    0.094086] CPU features: detected: RAS Extension Support
[    0.094161] CPU features: detected: Random Number Generator
[    0.094236] CPU features: detected: Speculation barrier (SB)
[    0.094312] CPU features: detected: Stage-2 Force Write-Back
[    0.094391] CPU features: detected: TLB range maintenance instructions
[    0.094539] CPU features: detected: Scalable Matrix Extension
[    0.094636] CPU features: detected: FA64
[    0.094696] CPU features: detected: Speculative Store Bypassing Safe (SSBS)
[    0.094787] CPU features: detected: Scalable Vector Extension
[    0.106821] SVE: maximum available vector length 256 bytes per vector
[    0.111357] SVE: default vector length 64 bytes per vector
[    0.111595] SME: minimum available vector length 16 bytes per vector
[    0.111693] SME: maximum available vector length 256 bytes per vector
[    0.111786] SME: default vector length 32 bytes per vector
[    0.112305] CPU: All CPU(s) started at EL2
[    0.112398] alternatives: applying system-wide alternatives
[    0.165364] devtmpfs: initialized
[    0.189059] clocksource: jiffies: mask: 0xffffffff max_cycles: 0xffffffff, max_idle_ns: 7645041785100000 ns
[    0.189786] futex hash table entries: 256 (order: 2, 16384 bytes, linear)
[    0.196075] pinctrl core: initialized pinctrl subsystem
[    0.222613] NET: Registered PF_NETLINK/PF_ROUTE protocol family
[    0.234239] DMA: preallocated 128 KiB GFP_KERNEL pool for atomic allocations
[    0.234958] DMA: preallocated 128 KiB GFP_KERNEL|GFP_DMA pool for atomic allocations
[    0.235362] DMA: preallocated 128 KiB GFP_KERNEL|GFP_DMA32 pool for atomic allocations
[    0.235797] audit: initializing netlink subsys (disabled)
[    0.237788] audit: type=2000 audit(0.204:1): state=initialized audit_enabled=0 res=1
[    0.244548] thermal_sys: Registered thermal governor 'step_wise'
[    0.244654] thermal_sys: Registered thermal governor 'power_allocator'
[    0.245292] cpuidle: using governor menu
[    0.247084] hw-breakpoint: found 6 breakpoint and 4 watchpoint registers.
[    0.247602] ASID allocator initialised with 65536 entries
[    0.256469] Serial: AMBA PL011 UART driver
[    0.322465] 9000000.pl011: ttyAMA0 at MMIO 0x9000000 (irq = 14, base_baud = 0) is a PL011 rev1
[    0.326615] printk: console [ttyAMA0] enabled
[    0.326615] printk: console [ttyAMA0] enabled
[    0.327064] printk: bootconsole [pl11] disabled
[    0.327064] printk: bootconsole [pl11] disabled
[    0.344026] Modules: 2G module region forced by RANDOMIZE_MODULE_REGION_FULL
[    0.344195] Modules: 0 pages in range for non-PLT usage
[    0.344221] Modules: 515984 pages in range for PLT usage
[    0.349194] HugeTLB: registered 1.00 GiB page size, pre-allocated 0 pages
[    0.349372] HugeTLB: 0 KiB vmemmap can be freed for a 1.00 GiB page
[    0.349489] HugeTLB: registered 32.0 MiB page size, pre-allocated 0 pages
[    0.349579] HugeTLB: 0 KiB vmemmap can be freed for a 32.0 MiB page
[    0.349666] HugeTLB: registered 2.00 MiB page size, pre-allocated 0 pages
[    0.349753] HugeTLB: 0 KiB vmemmap can be freed for a 2.00 MiB page
[    0.349841] HugeTLB: registered 64.0 KiB page size, pre-allocated 0 pages
[    0.349933] HugeTLB: 0 KiB vmemmap can be freed for a 64.0 KiB page
[    0.369010] iommu: Default domain type: Translated
[    0.369130] iommu: DMA domain TLB invalidation policy: strict mode
[    0.370673] SCSI subsystem initialized
[    0.373313] usbcore: registered new interface driver usbfs
[    0.373630] usbcore: registered new interface driver hub
[    0.373885] usbcore: registered new device driver usb
[    0.377518] pps_core: LinuxPPS API ver. 1 registered
[    0.377612] pps_core: Software ver. 5.3.6 - Copyright 2005-2007 Rodolfo Giometti <giometti@linux.it>
[    0.377824] PTP clock support registered
[    0.378470] EDAC MC: Ver: 3.0.0
[    0.381999] scmi_core: SCMI protocol bus registered
[    0.385391] FPGA manager framework
[    0.386289] Advanced Linux Sound Architecture Driver Initialized.
[    0.397557] vgaarb: loaded
[    0.401736] clocksource: Switched to clocksource arch_sys_counter
[    0.403110] VFS: Disk quotas dquot_6.6.0
[    0.403334] VFS: Dquot-cache hash table entries: 512 (order 0, 4096 bytes)
[    0.430156] NET: Registered PF_INET protocol family
[    0.431729] IP idents hash table entries: 8192 (order: 4, 65536 bytes, linear)
[    0.436995] tcp_listen_portaddr_hash hash table entries: 256 (order: 0, 4096 bytes, linear)
[    0.437222] Table-perturb hash table entries: 65536 (order: 6, 262144 bytes, linear)
[    0.437475] TCP established hash table entries: 4096 (order: 3, 32768 bytes, linear)
[    0.437771] TCP bind hash table entries: 4096 (order: 5, 131072 bytes, linear)
[    0.438090] TCP: Hash tables configured (established 4096 bind 4096)
[    0.439231] UDP hash table entries: 256 (order: 1, 8192 bytes, linear)
[    0.439617] UDP-Lite hash table entries: 256 (order: 1, 8192 bytes, linear)
[    0.440951] NET: Registered PF_UNIX/PF_LOCAL protocol family
[    0.444054] RPC: Registered named UNIX socket transport module.
[    0.444194] RPC: Registered udp transport module.
[    0.444281] RPC: Registered tcp transport module.
[    0.444356] RPC: Registered tcp-with-tls transport module.
[    0.444439] RPC: Registered tcp NFSv4.1 backchannel transport module.
[    0.444629] PCI: CLS 0 bytes, default 64
[    0.448874] Unpacking initramfs...
[    0.451098] kvm [1]: IPA Size Limit: 48 bits
[    0.451840] kvm [1]: GICv4 support disabled
[    0.451943] kvm [1]: GICv3: no GICV resource entry
[    0.452118] kvm [1]: disabling GICv2 emulation
[    0.452354] kvm [1]: GIC system register CPU interface enabled
[    0.453866] kvm [1]: vgic interrupt IRQ9
[    0.454516] kvm [1]: VHE mode initialized successfully
[    0.463731] Initialise system trusted keyrings
[    0.469943] workingset: timestamp_bits=42 max_order=17 bucket_order=0
[    0.472129] squashfs: version 4.0 (2009/01/31) Phillip Lougher
[    0.474448] NFS: Registering the id_resolver key type
[    0.474816] Key type id_resolver registered
[    0.474921] Key type id_legacy registered
[    0.475260] nfs4filelayout_init: NFSv4 File Layout Driver Registering...
[    0.475463] nfs4flexfilelayout_init: NFSv4 Flexfile Layout Driver Registering...
[    0.481614] 9p: Installing v9fs 9p2000 file system support
[    0.560344] Key type asymmetric registered
[    0.560525] Asymmetric key parser 'x509' registered
[    0.560883] Block layer SCSI generic (bsg) driver version 0.4 loaded (major 245)
[    0.561097] io scheduler mq-deadline registered
[    0.561232] io scheduler kyber registered
[    0.569800] io scheduler bfq registered
[    0.598928] Freeing initrd memory: 4428K
[    0.620961] pl061_gpio 9030000.pl061: PL061 GPIO chip registered
[    0.628760] pci-host-generic 4010000000.pcie: host bridge /pcie@10000000 ranges:
[    0.629595] pci-host-generic 4010000000.pcie:       IO 0x003eff0000..0x003effffff -> 0x0000000000
[    0.630291] pci-host-generic 4010000000.pcie:      MEM 0x0010000000..0x003efeffff -> 0x0010000000
[    0.630460] pci-host-generic 4010000000.pcie:      MEM 0x8000000000..0xffffffffff -> 0x8000000000
[    0.631161] pci-host-generic 4010000000.pcie: Memory resource size exceeds max for 32 bits
[    0.631815] pci-host-generic 4010000000.pcie: ECAM at [mem 0x4010000000-0x401fffffff] for [bus 00-ff]
[    0.633475] pci-host-generic 4010000000.pcie: PCI host bridge to bus 0000:00
[    0.633799] pci_bus 0000:00: root bus resource [bus 00-ff]
[    0.633950] pci_bus 0000:00: root bus resource [io  0x0000-0xffff]
[    0.634070] pci_bus 0000:00: root bus resource [mem 0x10000000-0x3efeffff]
[    0.634173] pci_bus 0000:00: root bus resource [mem 0x8000000000-0xffffffffff]
[    0.635671] pci 0000:00:00.0: [1b36:0008] type 00 class 0x060000
[    0.731572] Serial: 8250/16550 driver, 4 ports, IRQ sharing enabled
[    0.741269] SuperH (H)SCI(F) driver initialized
[    0.743039] msm_serial: driver initialized
[    0.744935] STM32 USART driver initialized
[    0.771501] loop: module loaded
[    0.774932] megasas: 07.725.01.00-rc1
[    0.781510] physmap-flash 0.flash: physmap platform flash device: [mem 0x00000000-0x03ffffff]
[    0.788995] physmap-flash 0.flash: map_probe failed
[    0.810260] tun: Universal TUN/TAP device driver, 1.6
[    0.813804] thunder_xcv, ver 1.0
[    0.814022] thunder_bgx, ver 1.0
[    0.814201] nicpf, ver 1.0
[    0.818257] hns3: Hisilicon Ethernet Network Driver for Hip08 Family - version
[    0.818374] hns3: Copyright (c) 2017 Huawei Corporation.
[    0.818716] hclge is initializing
[    0.818958] e1000: Intel(R) PRO/1000 Network Driver
[    0.819041] e1000: Copyright (c) 1999-2006 Intel Corporation.
[    0.819235] e1000e: Intel(R) PRO/1000 Network Driver
[    0.819317] e1000e: Copyright(c) 1999 - 2015 Intel Corporation.
[    0.819514] igb: Intel(R) Gigabit Ethernet Network Driver
[    0.819603] igb: Copyright (c) 2007-2014 Intel Corporation.
[    0.819781] igbvf: Intel(R) Gigabit Virtual Function Network Driver
[    0.819892] igbvf: Copyright (c) 2009 - 2012 Intel Corporation.
[    0.820970] sky2: driver version 1.30
[    0.825262] VFIO - User Level meta-driver version: 0.3
[    0.835332] usbcore: registered new interface driver usb-storage
[    0.846693] rtc-pl031 9010000.pl031: registered as rtc0
[    0.847481] rtc-pl031 9010000.pl031: setting system clock to 2023-08-12T05:19:04 UTC (1691817544)
[    0.850342] i2c_dev: i2c /dev entries driver
[    0.872293] sdhci: Secure Digital Host Controller Interface driver
[    0.872397] sdhci: Copyright(c) Pierre Ossman
[    0.874610] Synopsys Designware Multimedia Card Interface Driver
[    0.877543] sdhci-pltfm: SDHCI platform and OF driver helper
[    0.883735] ledtrig-cpu: registered to indicate activity on CPUs
[    0.890035] usbcore: registered new interface driver usbhid
[    0.890142] usbhid: USB HID core driver
[    0.901846] hw perfevents: enabled with armv8_pmuv3 PMU driver, 7 counters available
[    0.914785] NET: Registered PF_PACKET protocol family
[    0.916218] 9pnet: Installing 9P2000 support
[    0.916552] Key type dns_resolver registered
[    0.947908] registered taskstats version 1
[    0.949167] Loading compiled-in X.509 certificates
[    0.983870] input: gpio-keys as /devices/platform/gpio-keys/input/input0
[    0.992177] clk: Disabling unused clocks
[    0.992805] ALSA device list:
[    0.992935]   No soundcards found.
[    0.996432] uart-pl011 9000000.pl011: no DMA platform data
[    1.060981] Freeing unused kernel memory: 1920K
[    1.062859] Run /init as init process
Starting syslogd: OK
Starting klogd: OK
Running sysctl: OK
Saving 256 bits of creditable seed for next boot
Starting network: OK
Linux version 6.5.0-rc5-next-20230809-cbl-00030-g8150cbc757fd (nathan@dev-arch.m3-large-x86-01) (ClangBuiltLinux clang version 14.0.6 (https://github.com/llvm/llvm-project f28c006a5895fc0e329fe15fead81e37457cb1d1), ClangBuiltLinux LLD 14.0.6) #1 SMP PREEMPT Sat Aug 12 05:18:45 UTC 2023
Stopping network: OK
Seeding 256 bits and crediting
Saving 256 bits of creditable seed for next boot
Stopping klogd: OK
Stopping syslogd: OK
umount: devtmpfs busy - remounted read-only
umount: can't unmount /: Invalid argument

The system is going down NOW!

Sent SIGTERM to all processes

Sent SIGKILL to all processes

Requesting system poweroff
[    3.835061] kvm: exiting hardware virtualization
[    3.835263] reboot: Power down
$ timeout --foreground 3m stdbuf -eL -oL /usr/sbin/qemu-system-aarch64 -display none -nodefaults -cpu max,pauth-impdef=true -machine virt,gic-version=max,virtualization=true -append 'console=ttyAMA0 earlycon' -kernel /home/nathan/tmp/build/cbl_lkt/linux-next/arm64/arch/arm64/boot/Image.gz -initrd /home/nathan/cbl/llvm-kernel-testing/src/boot-utils/images/arm64be/rootfs.cpio -m 512m -serial mon:stdio
