/home/nathan/cbl/src/linux-next/drivers/block/rbd.c:6149:17: warning: result of comparison of constant 2305843009213693948 with expression of type 'u32' (aka 'unsigned int') is always false [-Wtautological-constant-out-of-range-compare]
        if (snap_count > (SIZE_MAX - sizeof (struct ceph_snap_context))
            ~~~~~~~~~~ ^ ~~~~~~~~~~~~~~~~~~~~~~~~~~~~~~~~~~~~~~~~~~~~~~
1 warning generated.
/home/nathan/cbl/src/linux-next/drivers/net/wireless/ath/ath9k/main.c:1566:21: warning: parameter 'changed_flags' set but not used [-Wunused-but-set-parameter]
                                   unsigned int changed_flags,
                                                ^
1 warning generated.
/home/nathan/cbl/src/linux-next/drivers/net/wireless/ath/ath5k/mac80211-ops.c:367:62: warning: parameter 'changed_flags' set but not used [-Wunused-but-set-parameter]
ath5k_configure_filter(struct ieee80211_hw *hw, unsigned int changed_flags,
                                                             ^
1 warning generated.
/home/nathan/cbl/src/linux-next/drivers/net/wireless/ath/ath9k/htc_drv_main.c:1258:25: warning: parameter 'changed_flags' set but not used [-Wunused-but-set-parameter]
                                       unsigned int changed_flags,
                                                    ^
1 warning generated.
/home/nathan/cbl/src/linux-next/net/ceph/osdmap.c:1441:10: warning: result of comparison of constant 4611686018427387891 with expression of type 'u32' (aka 'unsigned int') is always false [-Wtautological-constant-out-of-range-compare]
        if (len > (SIZE_MAX - sizeof(*pg)) / sizeof(u32))
            ~~~ ^ ~~~~~~~~~~~~~~~~~~~~~~~~~~~~~~~~~~~~~~
/home/nathan/cbl/src/linux-next/net/ceph/osdmap.c:1624:10: warning: result of comparison of constant 2305843009213693945 with expression of type 'u32' (aka 'unsigned int') is always false [-Wtautological-constant-out-of-range-compare]
        if (len > (SIZE_MAX - sizeof(*pg)) / (2 * sizeof(u32)))
            ~~~ ^ ~~~~~~~~~~~~~~~~~~~~~~~~~~~~~~~~~~~~~~~~~~~~
2 warnings generated.
/home/nathan/cbl/src/linux-next/drivers/net/ethernet/qlogic/qed/qed_vf.c:63:67: warning: parameter 'resp_size' set but not used [-Wunused-but-set-parameter]
static int qed_send_msg2pf(struct qed_hwfn *p_hwfn, u8 *done, u32 resp_size)
                                                                  ^
1 warning generated.
/home/nathan/cbl/src/linux-next/fs/ceph/snap.c:372:10: warning: result of comparison of constant 2305843009213693948 with expression of type 'u32' (aka 'unsigned int') is always false [-Wtautological-constant-out-of-range-compare]
        if (num > (SIZE_MAX - sizeof(*snapc)) / sizeof(u64))
            ~~~ ^ ~~~~~~~~~~~~~~~~~~~~~~~~~~~~~~~~~~~~~~~~~
1 warning generated.

[01;32mQEMU location: [0m/usr/sbin[0m

[01;32mQEMU version: [0mQEMU emulator version 8.0.3[0m
[    0.000000] Booting Linux on physical CPU 0x0000000000 [0x000f0510]
[    0.000000] Linux version 6.5.0-rc5-next-20230809-cbl (nathan@dev-arch.m3-large-x86-01) (ClangBuiltLinux clang version 14.0.6 (https://github.com/llvm/llvm-project f28c006a5895fc0e329fe15fead81e37457cb1d1), ClangBuiltLinux LLD 14.0.6) #1 SMP PREEMPT_DYNAMIC Sat Aug 12 05:53:30 UTC 2023
[    0.000000] random: crng init done
[    0.000000] Machine model: linux,dummy-virt
[    0.000000] efi: UEFI not found.
[    0.000000] earlycon: pl11 at MMIO 0x0000000009000000 (options '')
[    0.000000] printk: bootconsole [pl11] enabled
[    0.000000] NUMA: No NUMA configuration found
[    0.000000] NUMA: Faking a node at [mem 0x0000000040000000-0x000000005fffffff]
[    0.000000] NUMA: NODE_DATA [mem 0x5fe9bc00-0x5feadfff]
[    0.000000] Zone ranges:
[    0.000000]   DMA      [mem 0x0000000040000000-0x000000005fffffff]
[    0.000000]   DMA32    empty
[    0.000000]   Normal   empty
[    0.000000] Movable zone start for each node
[    0.000000] Early memory node ranges
[    0.000000]   node   0: [mem 0x0000000040000000-0x000000005fffffff]
[    0.000000] Initmem setup node 0 [mem 0x0000000040000000-0x000000005fffffff]
[    0.000000] cma: Reserved 32 MiB at 0x000000005d400000 on node -1
[    0.000000] psci: probing for conduit method from DT.
[    0.000000] psci: PSCIv1.1 detected in firmware.
[    0.000000] psci: Using standard PSCI v0.2 function IDs
[    0.000000] psci: Trusted OS migration not required
[    0.000000] psci: SMC Calling Convention v1.0
[    0.000000] percpu: Embedded 22 pages/cpu s50024 r8192 d31896 u90112
[    0.000000] Detected PIPT I-cache on CPU0
[    0.000000] CPU features: detected: GIC system register CPU interface
[    0.000000] CPU features: detected: HCRX_EL2 register
[    0.000000] CPU features: detected: Virtualization Host Extensions
[    0.000000] CPU features: detected: Hardware dirty bit management
[    0.000000] CPU features: detected: Spectre-v4
[    0.000000] alternatives: applying boot alternatives
[    0.000000] Kernel command line: console=ttyAMA0 earlycon
[    0.000000] Dentry cache hash table entries: 65536 (order: 7, 524288 bytes, linear)
[    0.000000] Inode-cache hash table entries: 32768 (order: 6, 262144 bytes, linear)
[    0.000000] Fallback order for Node 0: 0 
[    0.000000] Built 1 zonelists, mobility grouping on.  Total pages: 129024
[    0.000000] Policy zone: DMA
[    0.000000] mem auto-init: stack:off, heap alloc:off, heap free:off
[    0.000000] software IO TLB: area num 1.
[    0.000000] software IO TLB: mapped [mem 0x0000000059400000-0x000000005d400000] (64MB)
[    0.000000] Memory: 389572K/524288K available (11008K kernel code, 2398K rwdata, 3832K rodata, 1536K init, 786K bss, 101948K reserved, 32768K cma-reserved)
[    0.000000] SLUB: HWalign=64, Order=0-3, MinObjects=0, CPUs=1, Nodes=1
[    0.000000] Dynamic Preempt: full
[    0.000000] rcu: Preemptible hierarchical RCU implementation.
[    0.000000] rcu: 	RCU restricting CPUs from NR_CPUS=256 to nr_cpu_ids=1.
[    0.000000] 	Trampoline variant of Tasks RCU enabled.
[    0.000000] 	Tracing variant of Tasks RCU enabled.
[    0.000000] rcu: RCU calculated value of scheduler-enlistment delay is 100 jiffies.
[    0.000000] rcu: Adjusting geometry for rcu_fanout_leaf=16, nr_cpu_ids=1
[    0.000000] NR_IRQS: 64, nr_irqs: 64, preallocated irqs: 0
[    0.000000] GICv3: GIC: Using split EOI/Deactivate mode
[    0.000000] GICv3: 256 SPIs implemented
[    0.000000] GICv3: 0 Extended SPIs implemented
[    0.000000] Root IRQ handler: gic_handle_irq
[    0.000000] GICv3: GICv3 features: 16 PPIs
[    0.000000] GICv3: GICv4 features: 
[    0.000000] GICv3: CPU0: found redistributor 0 region 0:0x00000000080a0000
[    0.000000] ITS [mem 0x08080000-0x0809ffff]
[    0.000000] ITS@0x0000000008080000: Single VMOVP capable
[    0.000000] ITS@0x0000000008080000: allocated 8192 Devices @41840000 (indirect, esz 8, psz 64K, shr 1)
[    0.000000] ITS@0x0000000008080000: allocated 8192 Interrupt Collections @41850000 (flat, esz 8, psz 64K, shr 1)
[    0.000000] ITS@0x0000000008080000: allocated 8192 Virtual CPUs @41860000 (indirect, esz 8, psz 64K, shr 1)
[    0.000000] GICv3: using LPI property table @0x0000000041870000
[    0.000000] ITS: Allocated DevID ffff as GICv4 proxy device (2 slots)
[    0.000000] ITS: Enabling GICv4 support
[    0.000000] GICv3: CPU0: using allocated LPI pending table @0x0000000041880000
[    0.000000] rcu: srcu_init: Setting srcu_struct sizes based on contention.
[    0.000000] arch_timer: cp15 timer(s) running at 62.50MHz (phys).
[    0.000000] clocksource: arch_sys_counter: mask: 0x1ffffffffffffff max_cycles: 0x1cd42e208c, max_idle_ns: 881590405314 ns
[    0.000070] sched_clock: 57 bits at 63MHz, resolution 16ns, wraps every 4398046511096ns
[    0.009358] Console: colour dummy device 80x25
[    0.011725] Calibrating delay loop (skipped), value calculated using timer frequency.. 125.00 BogoMIPS (lpj=62500)
[    0.012129] pid_max: default: 32768 minimum: 301
[    0.013823] LSM: initializing lsm=capability
[    0.016050] Mount-cache hash table entries: 1024 (order: 1, 8192 bytes, linear)
[    0.016219] Mountpoint-cache hash table entries: 1024 (order: 1, 8192 bytes, linear)
[    0.046084] cacheinfo: Unable to detect cache hierarchy for CPU 0
[    0.054695] RCU Tasks: Setting shift to 0 and lim to 1 rcu_task_cb_adjust=1.
[    0.055303] RCU Tasks Trace: Setting shift to 0 and lim to 1 rcu_task_cb_adjust=1.
[    0.056908] rcu: Hierarchical SRCU implementation.
[    0.057012] rcu: 	Max phase no-delay instances is 400.
[    0.059442] Platform MSI: its@8080000 domain created
[    0.060042] PCI/MSI: /intc@8000000/its@8080000 domain created
[    0.061189] EFI services will not be available.
[    0.061718] smp: Bringing up secondary CPUs ...
[    0.062643] smp: Brought up 1 node, 1 CPU
[    0.062726] SMP: Total of 1 processors activated.
[    0.062823] CPU features: detected: Branch Target Identification
[    0.062930] CPU features: detected: 32-bit EL0 Support
[    0.063011] CPU features: detected: 32-bit EL1 Support
[    0.063079] CPU features: detected: ARMv8.4 Translation Table Level
[    0.064676] CPU features: detected: Data cache clean to the PoU not required for I/D coherence
[    0.064828] CPU features: detected: Common not Private translations
[    0.064909] CPU features: detected: CRC32 instructions
[    0.064976] CPU features: detected: Data independent timing control (DIT)
[    0.065058] CPU features: detected: E0PD
[    0.065111] CPU features: detected: Enhanced Virtualization Traps
[    0.065186] CPU features: detected: RCpc load-acquire (LDAPR)
[    0.065263] CPU features: detected: LSE atomic instructions
[    0.065371] CPU features: detected: Privileged Access Never
[    0.065737] CPU features: detected: RAS Extension Support
[    0.065819] CPU features: detected: Random Number Generator
[    0.065891] CPU features: detected: Speculation barrier (SB)
[    0.065963] CPU features: detected: Stage-2 Force Write-Back
[    0.066035] CPU features: detected: TLB range maintenance instructions
[    0.066152] CPU features: detected: Scalable Matrix Extension
[    0.066232] CPU features: detected: FA64
[    0.066286] CPU features: detected: Speculative Store Bypassing Safe (SSBS)
[    0.066371] CPU features: detected: Scalable Vector Extension
[    0.076824] SVE: maximum available vector length 256 bytes per vector
[    0.081315] SVE: default vector length 64 bytes per vector
[    0.083498] SME: minimum available vector length 16 bytes per vector
[    0.083628] SME: maximum available vector length 256 bytes per vector
[    0.083734] SME: default vector length 32 bytes per vector
[    0.084252] CPU: All CPU(s) started at EL2
[    0.084342] alternatives: applying system-wide alternatives
[    0.132933] devtmpfs: initialized
[    0.154118] clocksource: jiffies: mask: 0xffffffff max_cycles: 0xffffffff, max_idle_ns: 1911260446275000 ns
[    0.154788] futex hash table entries: 256 (order: 2, 16384 bytes, linear)
[    0.159027] pinctrl core: initialized pinctrl subsystem
[    0.166061] DMI not present or invalid.
[    0.180504] NET: Registered PF_NETLINK/PF_ROUTE protocol family
[    0.192398] DMA: preallocated 128 KiB GFP_KERNEL pool for atomic allocations
[    0.193022] DMA: preallocated 128 KiB GFP_KERNEL|GFP_DMA pool for atomic allocations
[    0.193341] DMA: preallocated 128 KiB GFP_KERNEL|GFP_DMA32 pool for atomic allocations
[    0.193656] audit: initializing netlink subsys (disabled)
[    0.197503] audit: type=2000 audit(0.163:1): state=initialized audit_enabled=0 res=1
[    0.200598] thermal_sys: Registered thermal governor 'fair_share'
[    0.200692] thermal_sys: Registered thermal governor 'bang_bang'
[    0.200848] thermal_sys: Registered thermal governor 'step_wise'
[    0.200949] thermal_sys: Registered thermal governor 'user_space'
[    0.201418] cpuidle: using governor ladder
[    0.201678] cpuidle: using governor menu
[    0.202963] hw-breakpoint: found 6 breakpoint and 4 watchpoint registers.
[    0.203503] ASID allocator initialised with 65536 entries
[    0.206941] Serial: AMBA PL011 UART driver
[    0.246292] 9000000.pl011: ttyAMA0 at MMIO 0x9000000 (irq = 14, base_baud = 0) is a PL011 rev1
[    0.247957] printk: console [ttyAMA0] enabled
[    0.247957] printk: console [ttyAMA0] enabled
[    0.248547] printk: bootconsole [pl11] disabled
[    0.248547] printk: bootconsole [pl11] disabled
[    0.261142] Modules: 27840 pages in range for non-PLT usage
[    0.261172] Modules: 519360 pages in range for PLT usage
[    0.271700] ACPI: Interpreter disabled.
[    0.272759] iommu: Default domain type: Translated
[    0.272862] iommu: DMA domain TLB invalidation policy: strict mode
[    0.275693] SCSI subsystem initialized
[    0.276833] pps_core: LinuxPPS API ver. 1 registered
[    0.276926] pps_core: Software ver. 5.3.6 - Copyright 2005-2007 Rodolfo Giometti <giometti@linux.it>
[    0.277168] PTP clock support registered
[    0.278800] scmi_core: SCMI protocol bus registered
[    0.291023] vgaarb: loaded
[    0.295635] clocksource: Switched to clocksource arch_sys_counter
[    0.297091] VFS: Disk quotas dquot_6.6.0
[    0.299096] VFS: Dquot-cache hash table entries: 512 (order 0, 4096 bytes)
[    0.300216] pnp: PnP ACPI: disabled
[    0.318834] NET: Registered PF_INET protocol family
[    0.320529] IP idents hash table entries: 8192 (order: 4, 65536 bytes, linear)
[    0.330075] tcp_listen_portaddr_hash hash table entries: 256 (order: 0, 4096 bytes, linear)
[    0.330304] Table-perturb hash table entries: 65536 (order: 6, 262144 bytes, linear)
[    0.330467] TCP established hash table entries: 4096 (order: 3, 32768 bytes, linear)
[    0.330742] TCP bind hash table entries: 4096 (order: 5, 131072 bytes, linear)
[    0.331071] TCP: Hash tables configured (established 4096 bind 4096)
[    0.332926] MPTCP token hash table entries: 512 (order: 1, 12288 bytes, linear)
[    0.333409] UDP hash table entries: 256 (order: 1, 8192 bytes, linear)
[    0.334047] UDP-Lite hash table entries: 256 (order: 1, 8192 bytes, linear)
[    0.335599] NET: Registered PF_UNIX/PF_LOCAL protocol family
[    0.338088] NET: Registered PF_XDP protocol family
[    0.338442] PCI: CLS 0 bytes, default 64
[    0.341654] kvm [1]: IPA Size Limit: 48 bits
[    0.343763] kvm [1]: GICv4 support disabled
[    0.343856] kvm [1]: GICv3: no GICV resource entry
[    0.344022] kvm [1]: disabling GICv2 emulation
[    0.344206] kvm [1]: GIC system register CPU interface enabled
[    0.348544] kvm [1]: vgic interrupt IRQ9
[    0.349171] kvm [1]: VHE mode initialized successfully
[    0.349887] Trying to unpack rootfs image as initramfs...
[    0.360465] Initialise system trusted keyrings
[    0.363820] workingset: timestamp_bits=37 max_order=17 bucket_order=0
[    0.364010] zbud: loaded
[    0.375683] Key type asymmetric registered
[    0.375844] Asymmetric key parser 'x509' registered
[    0.377402] Block layer SCSI generic (bsg) driver version 0.4 loaded (major 245)
[    0.421799] pl061_gpio 9030000.pl061: PL061 GPIO chip registered
[    0.429591] pci-host-generic 4010000000.pcie: host bridge /pcie@10000000 ranges:
[    0.432468] pci-host-generic 4010000000.pcie:       IO 0x003eff0000..0x003effffff -> 0x0000000000
[    0.433150] pci-host-generic 4010000000.pcie:      MEM 0x0010000000..0x003efeffff -> 0x0010000000
[    0.434412] pci-host-generic 4010000000.pcie:      MEM 0x8000000000..0xffffffffff -> 0x8000000000
[    0.434962] pci-host-generic 4010000000.pcie: Memory resource size exceeds max for 32 bits
[    0.436666] pci-host-generic 4010000000.pcie: ECAM at [mem 0x4010000000-0x401fffffff] for [bus 00-ff]
[    0.440415] pci-host-generic 4010000000.pcie: PCI host bridge to bus 0000:00
[    0.440757] pci_bus 0000:00: root bus resource [bus 00-ff]
[    0.440907] pci_bus 0000:00: root bus resource [io  0x0000-0xffff]
[    0.441021] pci_bus 0000:00: root bus resource [mem 0x10000000-0x3efeffff]
[    0.441114] pci_bus 0000:00: root bus resource [mem 0x8000000000-0xffffffffff]
[    0.444866] pci 0000:00:00.0: [1b36:0008] type 00 class 0x060000
[    0.464814] Freeing initrd memory: 4428K
[    0.618882] Serial: 8250/16550 driver, 4 ports, IRQ sharing enabled
[    0.646150] Serial: AMBA driver
[    0.674561] sdhci: Secure Digital Host Controller Interface driver
[    0.674669] sdhci: Copyright(c) Pierre Ossman
[    0.674745] Synopsys Designware Multimedia Card Interface Driver
[    0.680470] sdhci-pltfm: SDHCI platform and OF driver helper
[    0.691451] NET: Registered PF_INET6 protocol family
[    0.698621] Segment Routing with IPv6
[    0.698848] In-situ OAM (IOAM) with IPv6
[    0.699682] Key type dns_resolver registered
[    0.824797] registered taskstats version 1
[    0.826046] Loading compiled-in X.509 certificates
[    0.891879] Loaded X.509 cert 'Build time autogenerated kernel key: 0969c6873bb7dfcfe9b4bb5e1f50a873d51fbaa9'
[    0.914061] Key type .fscrypt registered
[    0.914145] Key type fscrypt-provisioning registered
[    0.921411] clk: Disabling unused clocks
[    0.925741] uart-pl011 9000000.pl011: no DMA platform data
[    0.978954] Freeing unused kernel memory: 1536K
[    0.980175] Run /init as init process
Starting syslogd: OK
Starting klogd: OK
Running sysctl: OK
Saving 256 bits of creditable seed for next boot
Starting network: OK
Linux version 6.5.0-rc5-next-20230809-cbl (nathan@dev-arch.m3-large-x86-01) (ClangBuiltLinux clang version 14.0.6 (https://github.com/llvm/llvm-project f28c006a5895fc0e329fe15fead81e37457cb1d1), ClangBuiltLinux LLD 14.0.6) #1 SMP PREEMPT_DYNAMIC Sat Aug 12 05:53:30 UTC 2023
Stopping network: OK
Seeding 256 bits and crediting
Saving 256 bits of creditable seed for next boot
Stopping klogd: OK
Stopping syslogd: OK
umount: devtmpfs busy - remounted read-only
umount: can't unmount /: Invalid argument

The system is going down NOW!

Sent SIGTERM to all processes

Sent SIGKILL to all processes

Requesting system poweroff
[    3.573281] kvm: exiting hardware virtualization
[    3.573467] reboot: Power down
$ timeout --foreground 3m stdbuf -eL -oL /usr/sbin/qemu-system-aarch64 -display none -nodefaults -cpu max,pauth-impdef=true -machine virt,gic-version=max,virtualization=true -append 'console=ttyAMA0 earlycon' -kernel /home/nathan/tmp/build/cbl_lkt/linux-next/arm64/arch/arm64/boot/Image.gz -initrd /home/nathan/cbl/llvm-kernel-testing/src/boot-utils/images/arm64/rootfs.cpio -m 512m -serial mon:stdio
