Using /home/nathan/cbl/src/linux-next/arch/powerpc/configs/ppc64_defconfig as base
Merging /home/nathan/cbl/src/linux-next/arch/powerpc/configs/le.config
Merging /home/nathan/cbl/src/linux-next/arch/powerpc/configs/guest.config
Value of CONFIG_VIRTIO_BLK is redefined by fragment /home/nathan/cbl/src/linux-next/arch/powerpc/configs/guest.config:
Previous value: CONFIG_VIRTIO_BLK=m
New value: CONFIG_VIRTIO_BLK=y

Value of CONFIG_SCSI_VIRTIO is redefined by fragment /home/nathan/cbl/src/linux-next/arch/powerpc/configs/guest.config:
Previous value: CONFIG_SCSI_VIRTIO=m
New value: CONFIG_SCSI_VIRTIO=y

Value of CONFIG_VIRTIO_NET is redefined by fragment /home/nathan/cbl/src/linux-next/arch/powerpc/configs/guest.config:
Previous value: CONFIG_VIRTIO_NET=m
New value: CONFIG_VIRTIO_NET=y

Value of CONFIG_VIRTIO_CONSOLE is redefined by fragment /home/nathan/cbl/src/linux-next/arch/powerpc/configs/guest.config:
Previous value: CONFIG_VIRTIO_CONSOLE=m
New value: CONFIG_VIRTIO_CONSOLE=y

Value of CONFIG_VIRTIO_PCI is redefined by fragment /home/nathan/cbl/src/linux-next/arch/powerpc/configs/guest.config:
Previous value: CONFIG_VIRTIO_PCI=m
New value: CONFIG_VIRTIO_PCI=y

Value of CONFIG_VIRTIO_BALLOON is redefined by fragment /home/nathan/cbl/src/linux-next/arch/powerpc/configs/guest.config:
Previous value: CONFIG_VIRTIO_BALLOON=m
New value: CONFIG_VIRTIO_BALLOON=y

Value of CONFIG_VHOST_NET is redefined by fragment /home/nathan/cbl/src/linux-next/arch/powerpc/configs/guest.config:
Previous value: CONFIG_VHOST_NET=m
New value: CONFIG_VHOST_NET=y

Value of CONFIG_IBMVETH is redefined by fragment /home/nathan/cbl/src/linux-next/arch/powerpc/configs/guest.config:
Previous value: CONFIG_IBMVETH=m
New value: CONFIG_IBMVETH=y

Value of CONFIG_IBMVNIC is redefined by fragment /home/nathan/cbl/src/linux-next/arch/powerpc/configs/guest.config:
Previous value: CONFIG_IBMVNIC=m
New value: CONFIG_IBMVNIC=y

Merging /home/nathan/cbl/src/linux-next/arch/powerpc/configs/kvm_guest.config
#
# merged configuration written to .config (needs make)
#
/home/nathan/cbl/src/linux-next/fs/nilfs2/ioctl.c:63:19: warning: result of comparison of constant 65536 with expression of type '__u16' (aka 'unsigned short') is always false [-Wtautological-constant-out-of-range-compare]
        if (argv->v_size > PAGE_SIZE)
            ~~~~~~~~~~~~ ^ ~~~~~~~~~
1 warning generated.
/home/nathan/cbl/src/linux-next/drivers/infiniband/core/uverbs_ioctl.c:90:39: warning: result of comparison of constant 65536 with expression of type 'u16' (aka 'unsigned short') is always false [-Wtautological-constant-out-of-range-compare]
        WARN_ON_ONCE(method_elm->bundle_size > PAGE_SIZE);
        ~~~~~~~~~~~~~~~~~~~~~~~~~~~~~~~~~~~~~^~~~~~~~~~~~
/home/nathan/cbl/src/linux-next/include/asm-generic/bug.h:111:25: note: expanded from macro 'WARN_ON_ONCE'
        int __ret_warn_on = !!(condition);                      \
                               ^~~~~~~~~
/home/nathan/cbl/src/linux-next/drivers/infiniband/core/uverbs_ioctl.c:629:17: warning: result of comparison of constant 65536 with expression of type '__u16' (aka 'unsigned short') is always false [-Wtautological-constant-out-of-range-compare]
        if (hdr.length > PAGE_SIZE ||
            ~~~~~~~~~~ ^ ~~~~~~~~~
2 warnings generated.

[01;32mQEMU location: [0m/usr/sbin[0m

[01;32mQEMU version: [0mQEMU emulator version 8.0.3[0m
[    0.014619894,5] OPAL v7.0 starting...
[    0.015186518,7] initial console log level: memory 7, driver 5
[    0.015233886,6] CPU: P9 generation processor (max 4 threads/core)
[    0.015258534,7] CPU: Boot CPU PIR is 0x0000 PVR is 0x004e1200
[    0.015379217,7] OPAL table: 0x3018a660 .. 0x3018ac20, branch table: 0x30120000
[    0.015548858,7] Assigning physical memory map table for nimbus
[    0.015893624,7] FDT: Parsing fdt @0x1000000
[    0.018204786,5] CHIP: Detected QEMU simulator
[    0.018389047,6] CHIP: Initialised chip 0 from xscom@603fc00000000
[    0.018747926,6] P9 DD2.00 detected
[    0.018764767,5] CHIP: Chip ID 0000 type: P9N DD2.00
[    0.018773266,7] XSCOM: Base address: 0x603fc00000000
[    0.018793385,7] XSTOP: ibm,sw-checkstop-fir prop not found
[    0.018868444,6] MFSI 0:0: Initialized
[    0.018878806,6] MFSI 0:2: Initialized
[    0.018887783,6] MFSI 0:1: Initialized
[    0.019439499,6] LPC: LPC[000]: Initialized
[    0.019447579,7] LPC: access via MMIO @0x6030000000000
[    0.019473099,7] LPC: Default bus on chip 0x0
[    0.019570647,7] CPU: New max PIR set to 0x3
[    0.020067500,7] MEM: parsing reserved memory from reserved-names/-ranges properties
[    0.020155773,7] HOMER: Init chip 0
[    0.020187449,7]   PBA BAR0 : 0x0000203ffd800000
[    0.020194995,7]   PBA MASK0: 0x0000000000300000
[    0.020224604,7]   HOMER Image at 0x203ffd800000 size 4MB
[    0.020269474,4] HOMER image is not reserved! Reserving
[    0.020320064,7]   PBA BAR2 : 0x0000203fff800000
[    0.020324983,7]   PBA MASK2: 0x0000000000700000
[    0.020339408,7]   OCC Common Area at 0x203fff800000 size 8MB
[    0.020368920,4] OCC common area is not reserved! Reserving
[    0.020426686,7] CPU: decrementer bits 56
[    0.020505874,6] CPU: CPU from DT PIR=0x0000 Server#=0x0 State=4
[    0.020604006,6] CPU:  1 secondary threads
[    0.021882425,5] PLAT: Using SuperIO UART
[    0.022173739,7] UART: Using LPC IRQ 4
[    0.024709892,5] PLAT: Detected QEMU POWER9 platform
[    0.024790635,5] PLAT: Detected BMC platform ast2500:openbmc
[    0.040022617,5] CPU: All 1 processors called in...
[    0.041076922,7] LPC: Routing irq 10, policy: 0 (r=1)
[    0.041166277,7] LPC: SerIRQ 10 using route 0 targetted at OPAL
[    0.062985405,5] HIOMAP: Negotiated hiomap protocol v2
[    0.063058012,5] HIOMAP: Block size is 4KiB
[    0.063114111,5] HIOMAP: BMC suggested flash timeout of 0s
[    0.063185774,5] HIOMAP: Flash size is 128MiB
[    0.063242899,5] HIOMAP: Erase granule size is 4KiB
[    0.079501485,3] FFS: Reading the flash has returned all 0xFF.
[    0.079574974,3]      Are you reading erased flash?
[    0.079632484,3]      Is something else using the flash controller?
[    0.079720680,4] FLASH: No ffs info; using raw device only
[    0.085020061,3] FFS: Reading the flash has returned all 0xFF.
[    0.085089539,3]      Are you reading erased flash?
[    0.085145171,3]      Is something else using the flash controller?
[    0.085221137,3] FLASH: Can't open ffs handle
[    0.090444260,3] FFS: Reading the flash has returned all 0xFF.
[    0.090512173,3]      Are you reading erased flash?
[    0.090566979,3]      Is something else using the flash controller?
[    0.090635856,3] FLASH: Can't open ffs handle
[    0.095843789,3] FFS: Reading the flash has returned all 0xFF.
[    0.095911661,3]      Are you reading erased flash?
[    0.095974803,3]      Is something else using the flash controller?
[    0.096126429,3] FLASH: Can't open ffs handle
[    0.101407650,3] FFS: Reading the flash has returned all 0xFF.
[    0.101474614,3]      Are you reading erased flash?
[    0.101529662,3]      Is something else using the flash controller?
[    0.101598893,3] FLASH: Can't open ffs handle
[    0.106830367,3] FFS: Reading the flash has returned all 0xFF.
[    0.106979494,3]      Are you reading erased flash?
[    0.107051741,3]      Is something else using the flash controller?
[    0.107120659,3] FLASH: Can't open ffs handle
[    0.112328675,3] FFS: Reading the flash has returned all 0xFF.
[    0.112396029,3]      Are you reading erased flash?
[    0.112452487,3]      Is something else using the flash controller?
[    0.112522000,3] FLASH: Can't open ffs handle
[    0.123858889,2] NVRAM: Failed to load
[    0.123920000,2] NVRAM: Failed to load
[    0.123984348,5] STB: secure boot not supported
[    0.124060237,5] STB: trusted boot not supported
[    0.124328016,4] FLASH: Can't load resource id:4. No system flash found
[    0.124571644,4] FLASH: Can't load resource id:3. No system flash found
[    0.124724962,2] NVRAM: Failed to load
[    0.124891146,7] LPC: Routing irq 4, policy: 0 (r=1)
[    0.124907109,7] LPC: SerIRQ 4 using route 1 targetted at OPAL
[    0.125297766,3] SLW: Failed to set HRMOR for CPU 0,RC=0x1
[    0.125504521,5] Unable to log error
[    0.125572409,3] Disabling deep stop states
[    0.125763174,2] NVRAM: Failed to load
[    0.126080275,3] OCC: Chip: 0: OCC not active
[    0.126138847,3] OCC: Initialization on all chips did not complete(timed out)
[    0.126232357,5] Unable to log error
[    0.126310335,2] NVRAM: Failed to load
[    0.126372846,2] NVRAM: Failed to load
[    0.126426565,2] NVRAM: Failed to load
[    0.126666679,4] FLASH: Can't load resource id:2. No system flash found
[    0.126935432,4] FLASH: Can't load resource id:0. No system flash found
[    0.127030123,4] FLASH: Can't load resource id:1. No system flash found
[    0.127198594,3] IMC: IMC Catalog load failed
[    0.127483634,2] NVRAM: Failed to load
[    0.127538558,2] NVRAM: Failed to load
[    0.127589405,2] NVRAM: Failed to load
[    0.127940091,5] PCI: Resetting PHBs and training links...
[    0.128058039,5] PCI: Probing slots...
[    0.128119689,5] PCI Summary:
[    0.128222520,4] FLASH: Failed to load VERSION data
[    0.344942802,2] NVRAM: Failed to load
[    0.345478894,5] INIT: Waiting for kernel...
[    0.345539589,5] INIT: platform wait for kernel load failed
[    0.345622526,5] INIT: Assuming kernel at 0x20000000
[    0.345727836,5] INIT: 64-bit LE kernel discovered
[    0.345988463,3] OCC: Chip 0 sensor data invalid
[    0.346245264,2] NVRAM: Failed to load
[    0.352730913,5] INIT: Starting kernel at 0x20010000, fdt at 0x30758170 15742 bytes


zImage starting: loaded at 0x0000000020010000 (sp: 0x0000000020a09da0)

Allocating 0x2b564d0 bytes for kernel...

Decompressing (0x0000000000000000 <- 0x0000000020023000:0x0000000020a08eb8)...

Done! Decompressed 0x29b0000 bytes


Linux/PowerPC load: 

Finalizing device tree... flat tree at 0x20a0aca0

[    0.000000][    T0] OF: reserved mem: 0x0000000030000000..0x00000000305fffff (6144 KiB) map non-reusable ibm,firmware-code@30000000
[    0.000000][    T0] OF: reserved mem: 0x0000000030600000..0x0000000030ffffff (10240 KiB) map non-reusable ibm,firmware-heap@30600000
[    0.000000][    T0] OF: reserved mem: 0x0000000031000000..0x0000000031c0ffff (12352 KiB) map non-reusable ibm,firmware-data@31000000
[    0.000000][    T0] OF: reserved mem: 0x0000000031c10000..0x0000000031c2ffff (128 KiB) map non-reusable ibm,firmware-stacks@31c10000
[    0.000000][    T0] OF: reserved mem: 0x0000000031c30000..0x000000003290ffff (13184 KiB) map non-reusable ibm,firmware-allocs-memory@31c30000
[    0.000000][    T0] OF: reserved mem: 0x0000203ffd800000..0x0000203ffdbfffff (4096 KiB) map non-reusable ibm,homer-image@203ffd800000
[    0.000000][    T0] OF: reserved mem: 0x0000203fff800000..0x0000203fffffffff (8192 KiB) map non-reusable ibm,occ-common-area@203fff800000
[    0.000000][    T0] dt-cpu-ftrs: setup for ISA 3000
[    0.000000][    T0] dt-cpu-ftrs: final cpu/mmu features = 0x0003c06b8f5fb187 0x3c007041
[    0.000000][    T0] Activating Kernel Userspace Access Prevention
[    0.000000][    T0] Activating Kernel Userspace Execution Prevention
[    0.000000][    T0] radix-mmu: Mapped 0x0000000000000000-0x0000000002660000 with 64.0 KiB pages (exec)
[    0.000000][    T0] radix-mmu: Mapped 0x0000000002660000-0x0000000080000000 with 64.0 KiB pages
[    0.000000][    T0] radix-mmu: Initializing Radix MMU
[    0.000000][    T0] Linux version 6.5.0-rc5-next-20230809-cbl-00030-g8150cbc757fd (nathan@dev-arch.m3-large-x86-01) (ClangBuiltLinux clang version 14.0.6 (https://github.com/llvm/llvm-project f28c006a5895fc0e329fe15fead81e37457cb1d1), ClangBuiltLinux LLD 14.0.6) #1 SMP Sat Aug 12 06:59:18 UTC 2023
[    0.000000][    T0] Found initrd at 0xc000000028000000:0xc000000028878600
[    0.000000][    T0] Hardware name: IBM PowerNV (emulated by qemu) POWER9 0x4e1200 opal:v7.0 PowerNV
[    0.000000][    T0] printk: bootconsole [udbg0] enabled
[    0.000000][    T0] CPU maps initialized for 1 thread per core
[    0.000000][    T0] -----------------------------------------------------
[    0.000000][    T0] phys_mem_size     = 0x80000000
[    0.000000][    T0] dcache_bsize      = 0x80
[    0.000000][    T0] icache_bsize      = 0x80
[    0.000000][    T0] cpu_features      = 0x0003c06b8f4fb187
[    0.000000][    T0]   possible        = 0x001ffbfbcf5fb187
[    0.000000][    T0]   always          = 0x0000000380008181
[    0.000000][    T0] cpu_user_features = 0xdc0065c2 0xaef00000
[    0.000000][    T0] mmu_features      = 0x3c007641
[    0.000000][    T0] firmware_features = 0x0000000110000000
[    0.000000][    T0] vmalloc start     = 0xc008000000000000
[    0.000000][    T0] IO start          = 0xc00a000000000000
[    0.000000][    T0] vmemmap start     = 0xc00c000000000000
[    0.000000][    T0] -----------------------------------------------------
[    0.000000][    T0] numa:   NODE_DATA [mem 0x7bf84880-0x7bf8bfff]
[    0.000000][    T0] kvm_cma_reserve: reserving 102 MiB for global area
[    0.000000][    T0] cma: Reserved 112 MiB at 0x0000000073000000 on node -1
[    0.000000][    T0] rfi-flush: fallback displacement flush available
[    0.000000][    T0] count-cache-flush: flush disabled.
[    0.000000][    T0] link-stack-flush: flush disabled.
[    0.000000][    T0] stf-barrier: eieio barrier available
[    0.000000][    T0] barrier-nospec: using ORI speculation barrier
[    0.000000][    T0] Zone ranges:
[    0.000000][    T0]   Normal   [mem 0x0000000000000000-0x000000007fffffff]
[    0.000000][    T0]   Device   empty
[    0.000000][    T0] Movable zone start for each node
[    0.000000][    T0] Early memory node ranges
[    0.000000][    T0]   node   0: [mem 0x0000000000000000-0x000000007fffffff]
[    0.000000][    T0] Initmem setup node 0 [mem 0x0000000000000000-0x000000007fffffff]
[    0.000000][    T0] percpu: Embedded 10 pages/cpu s599464 r0 d55896 u655360
[    0.000000][    T0] Kernel command line: 
[    0.000000][    T0] random: crng init done
[    0.000000][    T0] Dentry cache hash table entries: 262144 (order: 5, 2097152 bytes, linear)
[    0.000000][    T0] Inode-cache hash table entries: 131072 (order: 4, 1048576 bytes, linear)
[    0.000000][    T0] Fallback order for Node 0: 0 
[    0.000000][    T0] Built 1 zonelists, mobility grouping on.  Total pages: 32736
[    0.000000][    T0] Policy zone: Normal
[    0.000000][    T0] mem auto-init: stack:all(zero), heap alloc:off, heap free:off
[    0.000000][    T0] Memory: 1798208K/2097152K available (18496K kernel code, 3392K rwdata, 14272K rodata, 6528K init, 1689K bss, 184256K reserved, 114688K cma-reserved)
[    0.000000][    T0] SLUB: HWalign=128, Order=0-3, MinObjects=0, CPUs=1, Nodes=1
[    0.000000][    T0] ftrace: allocating 44061 entries in 17 pages
[    0.000000][    T0] ftrace: allocated 17 pages with 2 groups
[    0.000000][    T0] trace event string verifier disabled
[    0.000000][    T0] rcu: Hierarchical RCU implementation.
[    0.000000][    T0] rcu: 	RCU event tracing is enabled.
[    0.000000][    T0] rcu: 	RCU restricting CPUs from NR_CPUS=2048 to nr_cpu_ids=1.
[    0.000000][    T0] 	Rude variant of Tasks RCU enabled.
[    0.000000][    T0] 	Tracing variant of Tasks RCU enabled.
[    0.000000][    T0] rcu: RCU calculated value of scheduler-enlistment delay is 10 jiffies.
[    0.000000][    T0] rcu: Adjusting geometry for rcu_fanout_leaf=16, nr_cpu_ids=1
[    0.000000][    T0] NR_IRQS: 512, nr_irqs: 512, preallocated irqs: 16
[    0.000000][    T0] xive: Interrupt handling initialized with native backend
[    0.000000][    T0] xive: Using priority 7 for all interrupts
[    0.000000][    T0] xive: Using 64kB queues
[    0.000000][    T0] rcu: srcu_init: Setting srcu_struct sizes based on contention.
[    0.000061][    T0] time_init: 56 bit decrementer (max: 7fffffffffffff)
[    0.001205][    T0] clocksource: timebase: mask: 0xffffffffffffffff max_cycles: 0x761537d007, max_idle_ns: 440795202126 ns
[    0.002608][    T0] clocksource: timebase mult[1f40000] shift[24] registered
[    0.010508][    T0] Console: colour dummy device 80x25
[    0.011768][    T0] printk: console [hvc0] enabled
[    0.011768][    T0] printk: console [hvc0] enabled
[    0.012733][    T0] printk: bootconsole [udbg0] disabled
[    0.012733][    T0] printk: bootconsole [udbg0] disabled
[    0.021480][    T0] pid_max: default: 32768 minimum: 301
[    0.024725][    T0] LSM: initializing lsm=lockdown,capability,landlock,yama,selinux,bpf,integrity
[    0.026495][    T0] landlock: Up and running.
[    0.026692][    T0] Yama: becoming mindful.
[    0.027171][    T0] SELinux:  Initializing.
[    0.030604][    T0] LSM support for eBPF active
[    0.031431][    T0] stackdepot: allocating hash table of 131072 entries via kvcalloc
[    0.033666][    T0] Mount-cache hash table entries: 8192 (order: 0, 65536 bytes, linear)
[    0.033946][    T0] Mountpoint-cache hash table entries: 8192 (order: 0, 65536 bytes, linear)
[    0.087738][    T1] RCU Tasks Rude: Setting shift to 0 and lim to 1 rcu_task_cb_adjust=1.
[    0.088469][    T1] RCU Tasks Trace: Setting shift to 0 and lim to 1 rcu_task_cb_adjust=1.
[    0.089769][    T1] POWER9 performance monitor hardware support registered
[    0.091187][    T1] rcu: Hierarchical SRCU implementation.
[    0.091390][    T1] rcu: 	Max phase no-delay instances is 1000.
[    0.108932][    T1] smp: Bringing up secondary CPUs ...
[    0.110007][    T1] smp: Brought up 1 node, 1 CPU
[    0.110312][    T1] numa: Node 0 CPUs: 0
[    0.129070][    T1] devtmpfs: initialized
[    0.144331][    T1] clocksource: jiffies: mask: 0xffffffff max_cycles: 0xffffffff, max_idle_ns: 19112604462750000 ns
[    0.144814][    T1] futex hash table entries: 256 (order: -1, 32768 bytes, linear)
[    0.158944][    T1] NET: Registered PF_NETLINK/PF_ROUTE protocol family
[    0.163600][    T1] audit: initializing netlink subsys (disabled)
[    0.166195][   T21] audit: type=2000 audit(1691823572.140:1): state=initialized audit_enabled=0 res=1
[    0.171890][    T1] cpuidle: using governor menu
[    0.173292][    T1] Failed to initialize. Disabling HugeTLB
[    0.173841][    T1] nvram: No room to create lnx,oops-log partition, deleting any obsolete OS partitions...
[    0.174364][    T1] nvram: Failed to find or create lnx,oops-log partition, err -28
[    0.174615][    T1] nvram: Failed to initialize oops partition!
[    0.182055][    T1] EEH: PowerNV platform initialized
[    0.202172][    T1] cpuidle-powernv: Default stop: psscr = 0x0000000000000330,mask=0x00000000003003ff
[    0.202652][    T1] cpuidle-powernv: Deepest stop: psscr = 0x0000000000300331,mask=0x00000000003003ff
[    0.202962][    T1] cpuidle-powernv: First stop level that may lose SPRs = 0x10
[    0.203167][    T1] cpuidle-powernv: First stop level that may lose timebase = 0x10
[    0.206392][    T1] kprobes: kprobe jump-optimization is enabled. All kprobes are optimized if possible.
[    0.865366][    T1] iommu: Default domain type: Translated
[    0.865626][    T1] iommu: DMA domain TLB invalidation policy: strict mode
[    0.868739][    T1] SCSI subsystem initialized
[    0.870751][    T1] usbcore: registered new interface driver usbfs
[    0.871369][    T1] usbcore: registered new interface driver hub
[    0.871736][    T1] usbcore: registered new device driver usb
[    0.872485][    T1] pps_core: LinuxPPS API ver. 1 registered
[    0.872666][    T1] pps_core: Software ver. 5.3.6 - Copyright 2005-2007 Rodolfo Giometti <giometti@linux.it>
[    0.873043][    T1] PTP clock support registered
[    0.873730][    T1] EDAC MC: Ver: 3.0.0
[    0.886653][    T1] PCI: Probing PCI hardware
[    0.928238][    T1] vgaarb: loaded
[    0.930300][    T1] clocksource: Switched to clocksource timebase
[    0.936888][    T1] hugetlbfs: disabling because there are no supported hugepage sizes
[    0.966822][    T1] NET: Registered PF_INET protocol family
[    0.968993][    T1] IP idents hash table entries: 32768 (order: 2, 262144 bytes, linear)
[    0.985971][    T1] tcp_listen_portaddr_hash hash table entries: 4096 (order: 0, 65536 bytes, linear)
[    0.986347][    T1] Table-perturb hash table entries: 65536 (order: 2, 262144 bytes, linear)
[    0.986945][    T1] TCP established hash table entries: 16384 (order: 1, 131072 bytes, linear)
[    0.987560][    T1] TCP bind hash table entries: 16384 (order: 3, 524288 bytes, linear)
[    0.988212][    T1] TCP: Hash tables configured (established 16384 bind 16384)
[    0.989490][    T1] UDP hash table entries: 2048 (order: 0, 65536 bytes, linear)
[    1.000068][    T1] UDP-Lite hash table entries: 2048 (order: 0, 65536 bytes, linear)
[    1.001648][    T1] NET: Registered PF_UNIX/PF_LOCAL protocol family
[    1.004661][    T1] RPC: Registered named UNIX socket transport module.
[    1.004914][    T1] RPC: Registered udp transport module.
[    1.005082][    T1] RPC: Registered tcp transport module.
[    1.005237][    T1] RPC: Registered tcp-with-tls transport module.
[    1.005448][    T1] RPC: Registered tcp NFSv4.1 backchannel transport module.
[    1.005775][    T1] PCI: CLS 0 bytes, default 128
[    1.016476][   T11] Trying to unpack rootfs image as initramfs...
[    1.034206][    T1] Initialise system trusted keyrings
[    1.035676][    T1] Key type blacklist registered
[    1.042883][    T1] workingset: timestamp_bits=38 max_order=15 bucket_order=0
[    1.043383][    T1] zbud: loaded
[    1.063281][    T1] NFS: Registering the id_resolver key type
[    1.063791][    T1] Key type id_resolver registered
[    1.063951][    T1] Key type id_legacy registered
[    1.064976][    T1] SGI XFS with ACLs, security attributes, no debug enabled
[    1.083238][    T1] 9p: Installing v9fs 9p2000 file system support
[    1.088993][    T1] integrity: Platform Keyring initialized
[    1.089236][    T1] Key type asymmetric registered
[    1.089460][    T1] Asymmetric key parser 'x509' registered
[    1.100082][    T1] Block layer SCSI generic (bsg) driver version 0.4 loaded (major 247)
[    1.100448][    T1] io scheduler mq-deadline registered
[    1.100718][    T1] io scheduler kyber registered
[    1.151357][   T11] Freeing initrd memory: 8640K
[    1.201285][    T1] hvc0: raw protocol on /ibm,opal/consoles/serial@0 (boot console)
[    1.201674][    T1] hvc0: No interrupts property, using OPAL event
[    1.204926][    T1] Serial: 8250/16550 driver, 4 ports, IRQ sharing disabled
[    1.236888][    T1] brd: module loaded
[    1.248508][    T1] loop: module loaded
[    1.249225][    T1] ipr: IBM Power RAID SCSI Device Driver version: 2.6.4 (March 14, 2017)
[    1.253686][    T1] e100: Intel(R) PRO/100 Network Driver
[    1.253894][    T1] e100: Copyright(c) 1999-2006 Intel Corporation
[    1.254156][    T1] e1000: Intel(R) PRO/1000 Network Driver
[    1.254322][    T1] e1000: Copyright (c) 1999-2006 Intel Corporation.
[    1.254585][    T1] e1000e: Intel(R) PRO/1000 Network Driver
[    1.254757][    T1] e1000e: Copyright(c) 1999 - 2015 Intel Corporation.
[    1.491037][    T1] rtc-opal opal-rtc: registered as rtc0
[    1.700909][    T1] rtc-opal opal-rtc: setting system clock to 2023-08-12T06:59:34 UTC (1691823574)
[    1.701663][    T1] i2c_dev: i2c /dev entries driver
[    1.704309][    T1] device-mapper: core: CONFIG_IMA_DISABLE_HTABLE is disabled. Duplicate IMA measurements will not be recorded in the IMA log.
[    1.704762][    T1] device-mapper: uevent: version 1.0.3
[    1.706000][    T1] device-mapper: ioctl: 4.48.0-ioctl (2023-03-01) initialised: dm-devel@redhat.com
[    1.706391][    T1] powernv-cpufreq: ibm,pstate-min node not found
[    1.706585][    T1] powernv-cpufreq: Platform driver disabled. System does not support PState control
[    1.709762][    T1] usbcore: registered new interface driver usbhid
[    1.710046][    T1] usbhid: USB HID core driver
[    1.710907][    T1] ipip: IPv4 and MPLS over IPv4 tunneling driver
[    1.714545][    T1] NET: Registered PF_INET6 protocol family
[    1.722536][    T1] Segment Routing with IPv6
[    1.722864][    T1] In-situ OAM (IOAM) with IPv6
[    1.723566][    T1] sit: IPv6, IPv4 and MPLS over IPv4 tunneling driver
[    1.725851][    T1] NET: Registered PF_PACKET protocol family
[    1.727533][    T1] 9pnet: Installing 9P2000 support
[    1.728005][    T1] Key type dns_resolver registered
[    1.728697][    T1] secvar-sysfs: Failed to retrieve secvar operations
[    1.728943][    T1] drmem: No dynamic reconfiguration memory found
[    1.730593][    T1] Running code patching self-tests ...
[    1.753047][    T1] registered taskstats version 1
[    1.754648][    T1] Loading compiled-in X.509 certificates
[    1.765465][   T49] cryptomgr_probe (49) used greatest stack depth: 15248 bytes left
[    1.775451][    T1] Loaded X.509 cert 'Build time autogenerated kernel key: 354e6cb6cbac11b8a44b926edb13d1d9c3aa74ba'
[    1.796980][    T1] page_owner is disabled
[    1.798967][    T1] Secure boot mode disabled
[    1.799651][    T1] ima: No TPM chip found, activating TPM-bypass!
[    1.800021][    T1] Loading compiled-in module X.509 certificates
[    1.802251][    T1] Loaded X.509 cert 'Build time autogenerated kernel key: 354e6cb6cbac11b8a44b926edb13d1d9c3aa74ba'
[    1.802630][    T1] ima: Allocated hash algorithm: sha256
[    1.806251][    T1] Secure boot mode disabled
[    1.806562][    T1] Trusted boot mode disabled
[    1.806750][    T1] ima: No architecture policies found
[    1.808543][    T1] printk: console [netcon0] enabled
[    1.808775][    T1] netconsole: network logging started
[    1.899912][    T1] Freeing unused kernel image (initmem) memory: 6528K
[    1.908568][    T1] Checked W+X mappings: passed, no W+X pages found
[    1.909567][    T1] rodata_test: all tests were successful
[    1.909967][    T1] Run /init as init process
[    2.148941][   T51] mount (51) used greatest stack depth: 11232 bytes left
[    2.568037][   T58] ln (58) used greatest stack depth: 10000 bytes left
Starting syslogd: OK
Starting klogd: OK
Running sysctl: OK
Saving 256 bits of creditable seed for next boot
Starting network: OK
Linux version 6.5.0-rc5-next-20230809-cbl-00030-g8150cbc757fd (nathan@dev-arch.m3-large-x86-01) (ClangBuiltLinux clang version 14.0.6 (https://github.com/llvm/llvm-project f28c006a5895fc0e329fe15fead81e37457cb1d1), ClangBuiltLinux LLD 14.0.6) #1 SMP Sat Aug 12 06:59:18 UTC 2023
Stopping network: OK
Seeding 256 bits and crediting
Saving 256 bits of creditable seed for next boot
Stopping klogd: OK
Stopping syslogd: OK
umount: devtmpfs busy - remounted read-only
umount: can't unmount /: Invalid argument

The system is going down NOW!

Sent SIGTERM to all processes

Sent SIGKILL to all processes

Requesting system poweroff
[    7.284187][  T114] reboot: Power down
[   10.091617346,5] OPAL: Shutdown request type 0x0...
$ timeout --foreground 3m stdbuf -eL -oL /usr/sbin/qemu-system-ppc64 -display none -nodefaults -device ipmi-bmc-sim,id=bmc0 -device isa-ipmi-bt,bmc=bmc0,irq=10 -machine powernv -kernel /home/nathan/tmp/build/cbl_lkt/linux-next/powerpc/arch/powerpc/boot/zImage.epapr -initrd /home/nathan/cbl/llvm-kernel-testing/src/boot-utils/images/ppc64le/rootfs.cpio -m 2G -serial mon:stdio
