/home/nathan/cbl/src/linux-next/drivers/block/rbd.c:6149:17: warning: result of comparison of constant 2305843009213693948 with expression of type 'u32' (aka 'unsigned int') is always false [-Wtautological-constant-out-of-range-compare]
        if (snap_count > (SIZE_MAX - sizeof (struct ceph_snap_context))
            ~~~~~~~~~~ ^ ~~~~~~~~~~~~~~~~~~~~~~~~~~~~~~~~~~~~~~~~~~~~~~
1 warning generated.
/home/nathan/cbl/src/linux-next/drivers/net/wireless/ath/ath9k/main.c:1566:21: warning: parameter 'changed_flags' set but not used [-Wunused-but-set-parameter]
                                   unsigned int changed_flags,
                                                ^
1 warning generated.
/home/nathan/cbl/src/linux-next/drivers/net/wireless/ath/ath5k/mac80211-ops.c:367:62: warning: parameter 'changed_flags' set but not used [-Wunused-but-set-parameter]
ath5k_configure_filter(struct ieee80211_hw *hw, unsigned int changed_flags,
                                                             ^
1 warning generated.
/home/nathan/cbl/src/linux-next/drivers/net/wireless/ath/ath9k/htc_drv_main.c:1258:25: warning: parameter 'changed_flags' set but not used [-Wunused-but-set-parameter]
                                       unsigned int changed_flags,
                                                    ^
1 warning generated.
/home/nathan/cbl/src/linux-next/net/ceph/osdmap.c:1441:10: warning: result of comparison of constant 4611686018427387891 with expression of type 'u32' (aka 'unsigned int') is always false [-Wtautological-constant-out-of-range-compare]
        if (len > (SIZE_MAX - sizeof(*pg)) / sizeof(u32))
            ~~~ ^ ~~~~~~~~~~~~~~~~~~~~~~~~~~~~~~~~~~~~~~
/home/nathan/cbl/src/linux-next/net/ceph/osdmap.c:1624:10: warning: result of comparison of constant 2305843009213693945 with expression of type 'u32' (aka 'unsigned int') is always false [-Wtautological-constant-out-of-range-compare]
        if (len > (SIZE_MAX - sizeof(*pg)) / (2 * sizeof(u32)))
            ~~~ ^ ~~~~~~~~~~~~~~~~~~~~~~~~~~~~~~~~~~~~~~~~~~~~
2 warnings generated.
/home/nathan/cbl/src/linux-next/drivers/scsi/ibmvscsi_tgt/ibmvscsi_tgt.c:1630:32: warning: result of comparison of constant 65536 with expression of type 'u16' (aka 'unsigned short') is always false [-Wtautological-constant-out-of-range-compare]
        if ((olen < min_len) || (olen > PAGE_SIZE)) {
                                 ~~~~ ^ ~~~~~~~~~
1 warning generated.
/home/nathan/cbl/src/linux-next/drivers/net/ethernet/qlogic/qed/qed_vf.c:63:67: warning: parameter 'resp_size' set but not used [-Wunused-but-set-parameter]
static int qed_send_msg2pf(struct qed_hwfn *p_hwfn, u8 *done, u32 resp_size)
                                                                  ^
1 warning generated.
/home/nathan/cbl/src/linux-next/drivers/md/dm-integrity.c:4159:12: warning: result of comparison of constant 42949672950 with expression of type 'unsigned int' is always false [-Wtautological-constant-out-of-range-compare]
                        if (val >= (uint64_t)UINT_MAX * 1000 / HZ) {
                            ~~~ ^  ~~~~~~~~~~~~~~~~~~~~~~~~~~~~~~
1 warning generated.
/home/nathan/cbl/src/linux-next/drivers/net/ethernet/mellanox/mlx5/core/en/xsk/setup.c:32:22: warning: result of comparison of constant 65536 with expression of type 'u16' (aka 'unsigned short') is always false [-Wtautological-constant-out-of-range-compare]
        if (xsk->chunk_size > PAGE_SIZE || xsk->chunk_size < MLX5E_MIN_XSK_CHUNK_SIZE) {
            ~~~~~~~~~~~~~~~ ^ ~~~~~~~~~
1 warning generated.
/home/nathan/cbl/src/linux-next/fs/nilfs2/ioctl.c:63:19: warning: result of comparison of constant 65536 with expression of type '__u16' (aka 'unsigned short') is always false [-Wtautological-constant-out-of-range-compare]
        if (argv->v_size > PAGE_SIZE)
            ~~~~~~~~~~~~ ^ ~~~~~~~~~
1 warning generated.
/home/nathan/cbl/src/linux-next/fs/ceph/snap.c:372:10: warning: result of comparison of constant 2305843009213693948 with expression of type 'u32' (aka 'unsigned int') is always false [-Wtautological-constant-out-of-range-compare]
        if (num > (SIZE_MAX - sizeof(*snapc)) / sizeof(u64))
            ~~~ ^ ~~~~~~~~~~~~~~~~~~~~~~~~~~~~~~~~~~~~~~~~~
1 warning generated.
/home/nathan/cbl/src/linux-next/drivers/infiniband/core/uverbs_ioctl.c:90:39: warning: result of comparison of constant 65536 with expression of type 'u16' (aka 'unsigned short') is always false [-Wtautological-constant-out-of-range-compare]
        WARN_ON_ONCE(method_elm->bundle_size > PAGE_SIZE);
        ~~~~~~~~~~~~~~~~~~~~~~~~~~~~~~~~~~~~~^~~~~~~~~~~~
/home/nathan/cbl/src/linux-next/include/asm-generic/bug.h:111:25: note: expanded from macro 'WARN_ON_ONCE'
        int __ret_warn_on = !!(condition);                      \
                               ^~~~~~~~~
/home/nathan/cbl/src/linux-next/drivers/infiniband/core/uverbs_ioctl.c:629:17: warning: result of comparison of constant 65536 with expression of type '__u16' (aka 'unsigned short') is always false [-Wtautological-constant-out-of-range-compare]
        if (hdr.length > PAGE_SIZE ||
            ~~~~~~~~~~ ^ ~~~~~~~~~
2 warnings generated.
WARN: multiple IDs found for 'tcp_sock': 6928, 14504 - using 6928
WARN: multiple IDs found for 'inet_connection_sock': 6931, 81055 - using 6931

[01;32mQEMU location: [0m/usr/sbin[0m

[01;32mQEMU version: [0mQEMU emulator version 8.0.3[0m
[    0.014828824,5] OPAL v7.0 starting...
[    0.015383403,7] initial console log level: memory 7, driver 5
[    0.015439291,6] CPU: P9 generation processor (max 4 threads/core)
[    0.015465946,7] CPU: Boot CPU PIR is 0x0000 PVR is 0x004e1200
[    0.015581678,7] OPAL table: 0x3018a660 .. 0x3018ac20, branch table: 0x30120000
[    0.015745943,7] Assigning physical memory map table for nimbus
[    0.016093336,7] FDT: Parsing fdt @0x1000000
[    0.018368908,5] CHIP: Detected QEMU simulator
[    0.018577951,6] CHIP: Initialised chip 0 from xscom@603fc00000000
[    0.018912955,6] P9 DD2.00 detected
[    0.018929904,5] CHIP: Chip ID 0000 type: P9N DD2.00
[    0.018940768,7] XSCOM: Base address: 0x603fc00000000
[    0.018966058,7] XSTOP: ibm,sw-checkstop-fir prop not found
[    0.019059645,6] MFSI 0:0: Initialized
[    0.019070464,6] MFSI 0:2: Initialized
[    0.019079770,6] MFSI 0:1: Initialized
[    0.019634143,6] LPC: LPC[000]: Initialized
[    0.019642725,7] LPC: access via MMIO @0x6030000000000
[    0.019668753,7] LPC: Default bus on chip 0x0
[    0.019749311,7] CPU: New max PIR set to 0x3
[    0.020262805,7] MEM: parsing reserved memory from reserved-names/-ranges properties
[    0.020349914,7] HOMER: Init chip 0
[    0.020381657,7]   PBA BAR0 : 0x0000203ffd800000
[    0.020389223,7]   PBA MASK0: 0x0000000000300000
[    0.020418227,7]   HOMER Image at 0x203ffd800000 size 4MB
[    0.020460865,4] HOMER image is not reserved! Reserving
[    0.020520817,7]   PBA BAR2 : 0x0000203fff800000
[    0.020526834,7]   PBA MASK2: 0x0000000000700000
[    0.020544983,7]   OCC Common Area at 0x203fff800000 size 8MB
[    0.020584918,4] OCC common area is not reserved! Reserving
[    0.020653272,7] CPU: decrementer bits 56
[    0.020732655,6] CPU: CPU from DT PIR=0x0000 Server#=0x0 State=4
[    0.020829048,6] CPU:  1 secondary threads
[    0.022089507,5] PLAT: Using SuperIO UART
[    0.022368720,7] UART: Using LPC IRQ 4
[    0.024821870,5] PLAT: Detected QEMU POWER9 platform
[    0.024901411,5] PLAT: Detected BMC platform ast2500:openbmc
[    0.040066553,5] CPU: All 1 processors called in...
[    0.041097225,7] LPC: Routing irq 10, policy: 0 (r=1)
[    0.041173473,7] LPC: SerIRQ 10 using route 0 targetted at OPAL
[    0.062884231,5] HIOMAP: Negotiated hiomap protocol v2
[    0.062955519,5] HIOMAP: Block size is 4KiB
[    0.063009433,5] HIOMAP: BMC suggested flash timeout of 0s
[    0.063092981,5] HIOMAP: Flash size is 128MiB
[    0.063165121,5] HIOMAP: Erase granule size is 4KiB
[    0.079634099,3] FFS: Reading the flash has returned all 0xFF.
[    0.079705685,3]      Are you reading erased flash?
[    0.079762518,3]      Is something else using the flash controller?
[    0.079845748,4] FLASH: No ffs info; using raw device only
[    0.085146642,3] FFS: Reading the flash has returned all 0xFF.
[    0.085215053,3]      Are you reading erased flash?
[    0.085269597,3]      Is something else using the flash controller?
[    0.085343953,3] FLASH: Can't open ffs handle
[    0.090559376,3] FFS: Reading the flash has returned all 0xFF.
[    0.090625780,3]      Are you reading erased flash?
[    0.090679961,3]      Is something else using the flash controller?
[    0.090750849,3] FLASH: Can't open ffs handle
[    0.095959044,3] FFS: Reading the flash has returned all 0xFF.
[    0.096025880,3]      Are you reading erased flash?
[    0.096080137,3]      Is something else using the flash controller?
[    0.096150194,3] FLASH: Can't open ffs handle
[    0.101356224,3] FFS: Reading the flash has returned all 0xFF.
[    0.101422875,3]      Are you reading erased flash?
[    0.101480261,3]      Is something else using the flash controller?
[    0.101568283,3] FLASH: Can't open ffs handle
[    0.106854727,3] FFS: Reading the flash has returned all 0xFF.
[    0.106920880,3]      Are you reading erased flash?
[    0.106974994,3]      Is something else using the flash controller?
[    0.107043281,3] FLASH: Can't open ffs handle
[    0.112252846,3] FFS: Reading the flash has returned all 0xFF.
[    0.112339605,3]      Are you reading erased flash?
[    0.112448787,3]      Is something else using the flash controller?
[    0.112576615,3] FLASH: Can't open ffs handle
[    0.123843662,2] NVRAM: Failed to load
[    0.123903860,2] NVRAM: Failed to load
[    0.123968064,5] STB: secure boot not supported
[    0.124045226,5] STB: trusted boot not supported
[    0.124312307,4] FLASH: Can't load resource id:4. No system flash found
[    0.124557309,4] FLASH: Can't load resource id:3. No system flash found
[    0.124716127,2] NVRAM: Failed to load
[    0.124867568,7] LPC: Routing irq 4, policy: 0 (r=1)
[    0.124882849,7] LPC: SerIRQ 4 using route 1 targetted at OPAL
[    0.125272691,3] SLW: Failed to set HRMOR for CPU 0,RC=0x1
[    0.125478738,5] Unable to log error
[    0.125548820,3] Disabling deep stop states
[    0.125733394,2] NVRAM: Failed to load
[    0.126047875,3] OCC: Chip: 0: OCC not active
[    0.126107020,3] OCC: Initialization on all chips did not complete(timed out)
[    0.126219009,5] Unable to log error
[    0.126295483,2] NVRAM: Failed to load
[    0.126358297,2] NVRAM: Failed to load
[    0.126410492,2] NVRAM: Failed to load
[    0.126655079,4] FLASH: Can't load resource id:2. No system flash found
[    0.126928249,4] FLASH: Can't load resource id:0. No system flash found
[    0.127022196,4] FLASH: Can't load resource id:1. No system flash found
[    0.127193155,3] IMC: IMC Catalog load failed
[    0.127478113,2] NVRAM: Failed to load
[    0.127531663,2] NVRAM: Failed to load
[    0.127584854,2] NVRAM: Failed to load
[    0.127908398,5] PCI: Resetting PHBs and training links...
[    0.128025536,5] PCI: Probing slots...
[    0.128089165,5] PCI Summary:
[    0.128190581,4] FLASH: Failed to load VERSION data
[    0.345438354,2] NVRAM: Failed to load
[    0.345995087,5] INIT: Waiting for kernel...
[    0.346056008,5] INIT: platform wait for kernel load failed
[    0.346140613,5] INIT: Assuming kernel at 0x20000000
[    0.346250528,5] INIT: 64-bit LE kernel discovered
[    0.346504944,3] OCC: Chip 0 sensor data invalid
[    0.346782930,2] NVRAM: Failed to load
[    0.353367337,5] INIT: Starting kernel at 0x20010000, fdt at 0x30758170 15742 bytes


zImage starting: loaded at 0x0000000020010000 (sp: 0x0000000020e0fda0)

Allocating 0x2cbb848 bytes for kernel...

Decompressing (0x0000000000000000 <- 0x0000000020023000:0x0000000020e0e7c7)...

Done! Decompressed 0x2ae0000 bytes


Linux/PowerPC load: 

Finalizing device tree... flat tree at 0x20e10ca0

[    0.000000] OF: reserved mem: 0x0000000030000000..0x00000000305fffff (6144 KiB) map non-reusable ibm,firmware-code@30000000
[    0.000000] OF: reserved mem: 0x0000000030600000..0x0000000030ffffff (10240 KiB) map non-reusable ibm,firmware-heap@30600000
[    0.000000] OF: reserved mem: 0x0000000031000000..0x0000000031c0ffff (12352 KiB) map non-reusable ibm,firmware-data@31000000
[    0.000000] OF: reserved mem: 0x0000000031c10000..0x0000000031c2ffff (128 KiB) map non-reusable ibm,firmware-stacks@31c10000
[    0.000000] OF: reserved mem: 0x0000000031c30000..0x000000003290ffff (13184 KiB) map non-reusable ibm,firmware-allocs-memory@31c30000
[    0.000000] OF: reserved mem: 0x0000203ffd800000..0x0000203ffdbfffff (4096 KiB) map non-reusable ibm,homer-image@203ffd800000
[    0.000000] OF: reserved mem: 0x0000203fff800000..0x0000203fffffffff (8192 KiB) map non-reusable ibm,occ-common-area@203fff800000
[    0.000000] dt-cpu-ftrs: setup for ISA 3000
[    0.000000] dt-cpu-ftrs: final cpu/mmu features = 0x0003c06b8f5fb187 0x3c007041
[    0.000000] Activating Kernel Userspace Access Prevention
[    0.000000] Activating Kernel Userspace Execution Prevention
[    0.000000] radix-mmu: Mapped 0x0000000000000000-0x00000000027b0000 with 64.0 KiB pages (exec)
[    0.000000] radix-mmu: Mapped 0x00000000027b0000-0x0000000080000000 with 64.0 KiB pages
[    0.000000] radix-mmu: Initializing Radix MMU
[    0.000000] Linux version 6.5.0-rc5-next-20230809-cbl (nathan@dev-arch.m3-large-x86-01) (ClangBuiltLinux clang version 14.0.6 (https://github.com/llvm/llvm-project f28c006a5895fc0e329fe15fead81e37457cb1d1), ClangBuiltLinux LLD 14.0.6) #1 SMP Sat Aug 12 07:18:49 UTC 2023
[    0.000000] Found initrd at 0xc000000028000000:0xc000000028878600
[    0.000000] Hardware name: IBM PowerNV (emulated by qemu) POWER9 0x4e1200 opal:v7.0 PowerNV
[    0.000000] printk: bootconsole [udbg0] enabled
[    0.000000] CPU maps initialized for 1 thread per core
[    0.000000] -----------------------------------------------------
[    0.000000] phys_mem_size     = 0x80000000
[    0.000000] dcache_bsize      = 0x80
[    0.000000] icache_bsize      = 0x80
[    0.000000] cpu_features      = 0x0003c06b8f4fb187
[    0.000000]   possible        = 0x001ffbfbcf5fb187
[    0.000000]   always          = 0x0000000380008181
[    0.000000] cpu_user_features = 0xdc0065c2 0xaef00000
[    0.000000] mmu_features      = 0x3c007641
[    0.000000] firmware_features = 0x0000000110000000
[    0.000000] vmalloc start     = 0xc008000000000000
[    0.000000] IO start          = 0xc00a000000000000
[    0.000000] vmemmap start     = 0xc00c000000000000
[    0.000000] -----------------------------------------------------
[    0.000000] numa:   NODE_DATA [mem 0x7bf84280-0x7bf8bfff]
[    0.000000] kvm_cma_reserve: reserving 102 MiB for global area
[    0.000000] cma: Reserved 112 MiB at 0x0000000073000000 on node -1
[    0.000000] rfi-flush: fallback displacement flush available
[    0.000000] count-cache-flush: flush disabled.
[    0.000000] link-stack-flush: flush disabled.
[    0.000000] stf-barrier: eieio barrier available
[    0.000000] barrier-nospec: using ORI speculation barrier
[    0.000000] Zone ranges:
[    0.000000]   Normal   [mem 0x0000000000000000-0x000000007fffffff]
[    0.000000]   Device   empty
[    0.000000] Movable zone start for each node
[    0.000000] Early memory node ranges
[    0.000000]   node   0: [mem 0x0000000000000000-0x000000007fffffff]
[    0.000000] Initmem setup node 0 [mem 0x0000000000000000-0x000000007fffffff]
[    0.000000] percpu: Embedded 10 pages/cpu s603176 r0 d52184 u655360
[    0.000000] Kernel command line: 
[    0.000000] random: crng init done
[    0.000000] Dentry cache hash table entries: 262144 (order: 5, 2097152 bytes, linear)
[    0.000000] Inode-cache hash table entries: 131072 (order: 4, 1048576 bytes, linear)
[    0.000000] Fallback order for Node 0: 0 
[    0.000000] Built 1 zonelists, mobility grouping on.  Total pages: 32736
[    0.000000] Policy zone: Normal
[    0.000000] mem auto-init: stack:all(zero), heap alloc:off, heap free:off
[    0.000000] Memory: 1763712K/2097152K available (20544K kernel code, 3264K rwdata, 12224K rodata, 7872K init, 1902K bss, 218752K reserved, 114688K cma-reserved)
[    0.000000] SLUB: HWalign=128, Order=0-3, MinObjects=0, CPUs=1, Nodes=1
[    0.000000] ftrace: allocating 46936 entries in 18 pages
[    0.000000] ftrace: allocated 18 pages with 2 groups
[    0.000000] trace event string verifier disabled
[    0.000000] rcu: Hierarchical RCU implementation.
[    0.000000] rcu: 	RCU restricting CPUs from NR_CPUS=2048 to nr_cpu_ids=1.
[    0.000000] 	Rude variant of Tasks RCU enabled.
[    0.000000] 	Tracing variant of Tasks RCU enabled.
[    0.000000] rcu: RCU calculated value of scheduler-enlistment delay is 10 jiffies.
[    0.000000] rcu: Adjusting geometry for rcu_fanout_leaf=16, nr_cpu_ids=1
[    0.000000] NR_IRQS: 512, nr_irqs: 512, preallocated irqs: 16
[    0.000000] xive: Interrupt handling initialized with native backend
[    0.000000] xive: Using priority 7 for all interrupts
[    0.000000] xive: Using 64kB queues
[    0.000000] rcu: srcu_init: Setting srcu_struct sizes based on contention.
[    0.000073] time_init: 56 bit decrementer (max: 7fffffffffffff)
[    0.001220] clocksource: timebase: mask: 0xffffffffffffffff max_cycles: 0x761537d007, max_idle_ns: 440795202126 ns
[    0.002453] clocksource: timebase mult[1f40000] shift[24] registered
[    0.011433] kfence: initialized - using 33554432 bytes for 255 objects at 0x(____ptrval____)-0x(____ptrval____)
[    0.022713] Console: colour dummy device 80x25
[    0.023921] printk: console [hvc0] enabled
[    0.023921] printk: console [hvc0] enabled
[    0.024736] printk: bootconsole [udbg0] disabled
[    0.024736] printk: bootconsole [udbg0] disabled
[    0.027770] pid_max: default: 32768 minimum: 301
[    0.031380] LSM: initializing lsm=lockdown,capability,yama,selinux,bpf,landlock,integrity
[    0.033184] Yama: becoming mindful.
[    0.033633] SELinux:  Initializing.
[    0.037242] LSM support for eBPF active
[    0.037438] landlock: Up and running.
[    0.039742] Mount-cache hash table entries: 8192 (order: 0, 65536 bytes, linear)
[    0.040016] Mountpoint-cache hash table entries: 8192 (order: 0, 65536 bytes, linear)
[    0.095655] RCU Tasks Rude: Setting shift to 0 and lim to 1 rcu_task_cb_adjust=1.
[    0.096253] RCU Tasks Trace: Setting shift to 0 and lim to 1 rcu_task_cb_adjust=1.
[    0.097493] POWER9 performance monitor hardware support registered
[    0.099010] rcu: Hierarchical SRCU implementation.
[    0.099195] rcu: 	Max phase no-delay instances is 1000.
[    0.117525] smp: Bringing up secondary CPUs ...
[    0.118578] smp: Brought up 1 node, 1 CPU
[    0.118900] numa: Node 0 CPUs: 0
[    0.135628] devtmpfs: initialized
[    0.150605] clocksource: jiffies: mask: 0xffffffff max_cycles: 0xffffffff, max_idle_ns: 19112604462750000 ns
[    0.151035] futex hash table entries: 256 (order: -1, 32768 bytes, linear)
[    0.173553] NET: Registered PF_NETLINK/PF_ROUTE protocol family
[    0.179160] audit: initializing netlink subsys (disabled)
[    0.186712] audit: type=2000 audit(1691824784.160:1): state=initialized audit_enabled=0 res=1
[    0.187484] thermal_sys: Registered thermal governor 'fair_share'
[    0.187549] thermal_sys: Registered thermal governor 'step_wise'
[    0.188182] cpuidle: using governor menu
[    0.189661] Failed to initialize. Disabling HugeTLB
[    0.190180] nvram: No room to create lnx,oops-log partition, deleting any obsolete OS partitions...
[    0.190627] nvram: Failed to find or create lnx,oops-log partition, err -28
[    0.190845] nvram: Failed to initialize oops partition!
[    0.198053] EEH: PowerNV platform initialized
[    0.221514] cpuidle-powernv: Default stop: psscr = 0x0000000000000330,mask=0x00000000003003ff
[    0.221971] cpuidle-powernv: Deepest stop: psscr = 0x0000000000300331,mask=0x00000000003003ff
[    0.222209] cpuidle-powernv: First stop level that may lose SPRs = 0x10
[    0.222390] cpuidle-powernv: First stop level that may lose timebase = 0x10
[    0.225407] kprobes: kprobe jump-optimization is enabled. All kprobes are optimized if possible.
[    0.283473] raid6: skipped pq benchmark and selected vpermxor8
[    0.283705] raid6: using intx1 recovery algorithm
[    0.286902] iommu: Default domain type: Translated
[    0.287134] iommu: DMA domain TLB invalidation policy: lazy mode
[    0.289950] SCSI subsystem initialized
[    0.292213] usbcore: registered new interface driver usbfs
[    0.292700] usbcore: registered new interface driver hub
[    0.293019] usbcore: registered new device driver usb
[    0.294184] pps_core: LinuxPPS API ver. 1 registered
[    0.294365] pps_core: Software ver. 5.3.6 - Copyright 2005-2007 Rodolfo Giometti <giometti@linux.it>
[    0.294709] PTP clock support registered
[    0.321408] EDAC MC: Ver: 3.0.0
[    0.333695] NetLabel: Initializing
[    0.333830] NetLabel:  domain hash size = 128
[    0.333960] NetLabel:  protocols = UNLABELED CIPSOv4 CALIPSO
[    0.335054] NetLabel:  unlabeled traffic allowed by default
[    0.335279] mctp: management component transport protocol core
[    0.335460] NET: Registered PF_MCTP protocol family
[    0.336419] PCI: Probing PCI hardware
[    0.342123] vgaarb: loaded
[    0.347862] clocksource: Switched to clocksource timebase
[    0.383092] VFS: Disk quotas dquot_6.6.0
[    0.383537] VFS: Dquot-cache hash table entries: 8192 (order 0, 65536 bytes)
[    0.385733] hugetlbfs: disabling because there are no supported hugepage sizes
[    0.413436] NET: Registered PF_INET protocol family
[    0.414890] IP idents hash table entries: 32768 (order: 2, 262144 bytes, linear)
[    0.424400] tcp_listen_portaddr_hash hash table entries: 4096 (order: 0, 65536 bytes, linear)
[    0.424757] Table-perturb hash table entries: 65536 (order: 2, 262144 bytes, linear)
[    0.425365] TCP established hash table entries: 16384 (order: 1, 131072 bytes, linear)
[    0.425899] TCP bind hash table entries: 16384 (order: 3, 524288 bytes, linear)
[    0.426537] TCP: Hash tables configured (established 16384 bind 16384)
[    0.428469] MPTCP token hash table entries: 4096 (order: 0, 98304 bytes, linear)
[    0.428985] UDP hash table entries: 2048 (order: 0, 65536 bytes, linear)
[    0.429495] UDP-Lite hash table entries: 2048 (order: 0, 65536 bytes, linear)
[    0.431442] NET: Registered PF_UNIX/PF_LOCAL protocol family
[    0.432176] NET: Registered PF_XDP protocol family
[    0.432529] PCI: CLS 0 bytes, default 128
[    0.436379] Trying to unpack rootfs image as initramfs...
[    0.439500] rtas_flash: no firmware flash support
[    0.461944] Initialise system trusted keyrings
[    0.464372] Key type blacklist registered
[    0.465770] workingset: timestamp_bits=38 max_order=15 bucket_order=0
[    0.466235] zbud: loaded
[    0.503725] integrity: Platform Keyring initialized
[    0.571089] Freeing initrd memory: 8640K
[    0.571610] NET: Registered PF_ALG protocol family
[    0.572030] xor: measuring software checksum speed
[    0.576155]    8regs           :  2619 MB/sec
[    0.581552]    8regs_prefetch  :  2289 MB/sec
[    0.585585]    32regs          :  2665 MB/sec
[    0.590589]    32regs_prefetch :  2204 MB/sec
[    0.622127]    altivec         :   323 MB/sec
[    0.622304] xor: using function: 32regs (2665 MB/sec)
[    0.622745] Key type asymmetric registered
[    0.622948] Asymmetric key parser 'x509' registered
[    0.647418] Block layer SCSI generic (bsg) driver version 0.4 loaded (major 245)
[    0.648676] io scheduler mq-deadline registered
[    0.648894] io scheduler kyber registered
[    0.649296] io scheduler bfq registered
[    0.666990] atomic64_test: passed
[    0.670125] shpchp: Standard Hot Plug PCI Controller Driver version: 0.4
[    0.672592] hvc0: raw protocol on /ibm,opal/consoles/serial@0 (boot console)
[    0.672938] hvc0: No interrupts property, using OPAL event
[    0.675500] Serial: 8250/16550 driver, 32 ports, IRQ sharing enabled
[    0.708340] usbcore: registered new interface driver usbserial_generic
[    0.708796] usbserial: USB Serial support registered for generic
[    0.709710] mousedev: PS/2 mouse device common for all mice
[    0.712293] device-mapper: core: CONFIG_IMA_DISABLE_HTABLE is disabled. Duplicate IMA measurements will not be recorded in the IMA log.
[    0.712702] device-mapper: uevent: version 1.0.3
[    0.713770] device-mapper: ioctl: 4.48.0-ioctl (2023-03-01) initialised: dm-devel@redhat.com
[    0.715731] powernv-cpufreq: ibm,pstate-min node not found
[    0.715938] powernv-cpufreq: Platform driver disabled. System does not support PState control
[    0.718262] hid: raw HID events driver (C) Jiri Kosina
[    0.718947] usbcore: registered new interface driver usbhid
[    0.719133] usbhid: USB HID core driver
[    0.719915] drop_monitor: Initializing network drop monitor service
[    0.790122] Initializing XFRM netlink socket
[    0.791044] NET: Registered PF_INET6 protocol family
[    0.804348] Segment Routing with IPv6
[    0.804577] RPL Segment Routing with IPv6
[    0.804919] In-situ OAM (IOAM) with IPv6
[    0.805597] mip6: Mobile IPv6
[    0.806009] NET: Registered PF_PACKET protocol family
[    0.806905] secvar-sysfs: Failed to retrieve secvar operations
[    0.807157] drmem: No dynamic reconfiguration memory found
[    0.827304] registered taskstats version 1
[    0.831005] Loading compiled-in X.509 certificates
[    0.879974] Loaded X.509 cert 'Build time autogenerated kernel key: b21debe26136ef7c149397d607781936a7be7b2f'
[    0.900316] page_owner is disabled
[    0.901085] Key type .fscrypt registered
[    0.901234] Key type fscrypt-provisioning registered
[    0.909877] Btrfs loaded, zoned=yes, fsverity=yes
[    0.911168] Key type big_key registered
[    0.921637] Key type encrypted registered
[    0.922254] Secure boot mode disabled
[    0.922897] ima: No TPM chip found, activating TPM-bypass!
[    0.923135] Loading compiled-in module X.509 certificates
[    0.925530] Loaded X.509 cert 'Build time autogenerated kernel key: b21debe26136ef7c149397d607781936a7be7b2f'
[    0.925888] ima: Allocated hash algorithm: sha256
[    0.928462] Secure boot mode disabled
[    0.928764] Trusted boot mode disabled
[    0.928926] ima: No architecture policies found
[    0.929742] evm: Initialising EVM extended attributes:
[    0.929912] evm: security.selinux
[    0.930048] evm: security.SMACK64 (disabled)
[    0.930176] evm: security.SMACK64EXEC (disabled)
[    0.930307] evm: security.SMACK64TRANSMUTE (disabled)
[    0.930475] evm: security.SMACK64MMAP (disabled)
[    0.930620] evm: security.apparmor (disabled)
[    0.930739] evm: security.ima
[    0.930824] evm: security.capability
[    0.930936] evm: HMAC attrs: 0x1
[    1.051792] alg: No test for 842 (842-scomp)
[    1.052200] alg: No test for 842 (842-generic)
[    1.579495] clk: Disabling unused clocks
[    1.698532] Freeing unused kernel image (initmem) memory: 7872K
[    1.707261] Checked W+X mappings: passed, no W+X pages found
[    1.708200] Run /init as init process
Starting syslogd: OK
Starting klogd: OK
Running sysctl: OK
Saving 256 bits of creditable seed for next boot
Starting network: OK
Linux version 6.5.0-rc5-next-20230809-cbl (nathan@dev-arch.m3-large-x86-01) (ClangBuiltLinux clang version 14.0.6 (https://github.com/llvm/llvm-project f28c006a5895fc0e329fe15fead81e37457cb1d1), ClangBuiltLinux LLD 14.0.6) #1 SMP Sat Aug 12 07:18:49 UTC 2023
Stopping network: OK
Seeding 256 bits and crediting
Saving 256 bits of creditable seed for next boot
Stopping klogd: OK
Stopping syslogd: OK
umount: devtmpfs busy - remounted read-only
umount: can't unmount /: Invalid argument

The system is going down NOW!

Sent SIGTERM to all processes

Sent SIGKILL to all processes

Requesting system poweroff
[    7.009819] reboot: Power down
[   10.020799288,5] OPAL: Shutdown request type 0x0...
$ timeout --foreground 3m stdbuf -eL -oL /usr/sbin/qemu-system-ppc64 -display none -nodefaults -device ipmi-bmc-sim,id=bmc0 -device isa-ipmi-bt,bmc=bmc0,irq=10 -machine powernv -kernel /home/nathan/tmp/build/cbl_lkt/linux-next/powerpc/arch/powerpc/boot/zImage.epapr -initrd /home/nathan/cbl/llvm-kernel-testing/src/boot-utils/images/ppc64le/rootfs.cpio -m 2G -serial mon:stdio
