/home/nathan/cbl/src/linux-next/fs/nilfs2/ioctl.c:63:19: warning: result of comparison of constant 65536 with expression of type '__u16' (aka 'unsigned short') is always false [-Wtautological-constant-out-of-range-compare]
        if (argv->v_size > PAGE_SIZE)
            ~~~~~~~~~~~~ ^ ~~~~~~~~~
1 warning generated.
/home/nathan/cbl/src/linux-next/drivers/infiniband/core/uverbs_ioctl.c:90:39: warning: result of comparison of constant 65536 with expression of type 'u16' (aka 'unsigned short') is always false [-Wtautological-constant-out-of-range-compare]
        WARN_ON_ONCE(method_elm->bundle_size > PAGE_SIZE);
        ~~~~~~~~~~~~~~~~~~~~~~~~~~~~~~~~~~~~~^~~~~~~~~~~~
/home/nathan/cbl/src/linux-next/include/asm-generic/bug.h:111:25: note: expanded from macro 'WARN_ON_ONCE'
        int __ret_warn_on = !!(condition);                      \
                               ^~~~~~~~~
/home/nathan/cbl/src/linux-next/drivers/infiniband/core/uverbs_ioctl.c:629:17: warning: result of comparison of constant 65536 with expression of type '__u16' (aka 'unsigned short') is always false [-Wtautological-constant-out-of-range-compare]
        if (hdr.length > PAGE_SIZE ||
            ~~~~~~~~~~ ^ ~~~~~~~~~
2 warnings generated.
/home/nathan/cbl/src/linux-next/drivers/net/ethernet/mellanox/mlx5/core/en/xsk/setup.c:32:22: warning: result of comparison of constant 65536 with expression of type 'u16' (aka 'unsigned short') is always false [-Wtautological-constant-out-of-range-compare]
        if (xsk->chunk_size > PAGE_SIZE || xsk->chunk_size < MLX5E_MIN_XSK_CHUNK_SIZE) {
            ~~~~~~~~~~~~~~~ ^ ~~~~~~~~~
1 warning generated.

[01;32mQEMU location: [0m/usr/sbin[0m

[01;32mQEMU version: [0mQEMU emulator version 8.0.3[0m
[    0.014857591,5] OPAL v7.0 starting...
[    0.015437280,7] initial console log level: memory 7, driver 5
[    0.015492630,6] CPU: P9 generation processor (max 4 threads/core)
[    0.015520033,7] CPU: Boot CPU PIR is 0x0000 PVR is 0x004e1200
[    0.015638382,7] OPAL table: 0x3018a660 .. 0x3018ac20, branch table: 0x30120000
[    0.015803514,7] Assigning physical memory map table for nimbus
[    0.016140180,7] FDT: Parsing fdt @0x1000000
[    0.018426494,5] CHIP: Detected QEMU simulator
[    0.018634829,6] CHIP: Initialised chip 0 from xscom@603fc00000000
[    0.018972506,6] P9 DD2.00 detected
[    0.018989080,5] CHIP: Chip ID 0000 type: P9N DD2.00
[    0.018997523,7] XSCOM: Base address: 0x603fc00000000
[    0.019017735,7] XSTOP: ibm,sw-checkstop-fir prop not found
[    0.019095394,6] MFSI 0:0: Initialized
[    0.019106039,6] MFSI 0:2: Initialized
[    0.019114959,6] MFSI 0:1: Initialized
[    0.019693432,6] LPC: LPC[000]: Initialized
[    0.019701747,7] LPC: access via MMIO @0x6030000000000
[    0.019727719,7] LPC: Default bus on chip 0x0
[    0.019807682,7] CPU: New max PIR set to 0x3
[    0.020318704,7] MEM: parsing reserved memory from reserved-names/-ranges properties
[    0.020407192,7] HOMER: Init chip 0
[    0.020438961,7]   PBA BAR0 : 0x0000203ffd800000
[    0.020446599,7]   PBA MASK0: 0x0000000000300000
[    0.020476095,7]   HOMER Image at 0x203ffd800000 size 4MB
[    0.020519949,4] HOMER image is not reserved! Reserving
[    0.020569775,7]   PBA BAR2 : 0x0000203fff800000
[    0.020574761,7]   PBA MASK2: 0x0000000000700000
[    0.020589530,7]   OCC Common Area at 0x203fff800000 size 8MB
[    0.020619185,4] OCC common area is not reserved! Reserving
[    0.020680624,7] CPU: decrementer bits 56
[    0.020760002,6] CPU: CPU from DT PIR=0x0000 Server#=0x0 State=4
[    0.020856061,6] CPU:  1 secondary threads
[    0.022131294,5] PLAT: Using SuperIO UART
[    0.022403638,7] UART: Using LPC IRQ 4
[    0.024956751,5] PLAT: Detected QEMU POWER9 platform
[    0.025037976,5] PLAT: Detected BMC platform ast2500:openbmc
[    0.041595237,5] CPU: All 1 processors called in...
[    0.042708036,7] LPC: Routing irq 10, policy: 0 (r=1)
[    0.042781643,7] LPC: SerIRQ 10 using route 0 targetted at OPAL
[    0.064465623,5] HIOMAP: Negotiated hiomap protocol v2
[    0.064538670,5] HIOMAP: Block size is 4KiB
[    0.064595072,5] HIOMAP: BMC suggested flash timeout of 0s
[    0.064688777,5] HIOMAP: Flash size is 128MiB
[    0.064758419,5] HIOMAP: Erase granule size is 4KiB
[    0.081258426,3] FFS: Reading the flash has returned all 0xFF.
[    0.081330710,3]      Are you reading erased flash?
[    0.081387692,3]      Is something else using the flash controller?
[    0.081470716,4] FLASH: No ffs info; using raw device only
[    0.086777833,3] FFS: Reading the flash has returned all 0xFF.
[    0.086847393,3]      Are you reading erased flash?
[    0.086903200,3]      Is something else using the flash controller?
[    0.086979141,3] FLASH: Can't open ffs handle
[    0.092195871,3] FFS: Reading the flash has returned all 0xFF.
[    0.092262696,3]      Are you reading erased flash?
[    0.092319457,3]      Is something else using the flash controller?
[    0.092388586,3] FLASH: Can't open ffs handle
[    0.097595267,3] FFS: Reading the flash has returned all 0xFF.
[    0.097661636,3]      Are you reading erased flash?
[    0.097715863,3]      Is something else using the flash controller?
[    0.097784904,3] FLASH: Can't open ffs handle
[    0.102990642,3] FFS: Reading the flash has returned all 0xFF.
[    0.103057734,3]      Are you reading erased flash?
[    0.103126416,3]      Is something else using the flash controller?
[    0.103268808,3] FLASH: Can't open ffs handle
[    0.108555719,3] FFS: Reading the flash has returned all 0xFF.
[    0.108623585,3]      Are you reading erased flash?
[    0.108678940,3]      Is something else using the flash controller?
[    0.108758975,3] FLASH: Can't open ffs handle
[    0.113995722,3] FFS: Reading the flash has returned all 0xFF.
[    0.114143433,3]      Are you reading erased flash?
[    0.114210812,3]      Is something else using the flash controller?
[    0.114280777,3] FLASH: Can't open ffs handle
[    0.125518641,2] NVRAM: Failed to load
[    0.125578900,2] NVRAM: Failed to load
[    0.125646818,5] STB: secure boot not supported
[    0.125723057,5] STB: trusted boot not supported
[    0.125987988,4] FLASH: Can't load resource id:4. No system flash found
[    0.126251520,4] FLASH: Can't load resource id:3. No system flash found
[    0.126390521,2] NVRAM: Failed to load
[    0.126543506,7] LPC: Routing irq 4, policy: 0 (r=1)
[    0.126558998,7] LPC: SerIRQ 4 using route 1 targetted at OPAL
[    0.126943324,3] SLW: Failed to set HRMOR for CPU 0,RC=0x1
[    0.127154224,5] Unable to log error
[    0.127222398,3] Disabling deep stop states
[    0.127412625,2] NVRAM: Failed to load
[    0.127732466,3] OCC: Chip: 0: OCC not active
[    0.127791833,3] OCC: Initialization on all chips did not complete(timed out)
[    0.127882517,5] Unable to log error
[    0.127954564,2] NVRAM: Failed to load
[    0.128016568,2] NVRAM: Failed to load
[    0.128069281,2] NVRAM: Failed to load
[    0.128314053,4] FLASH: Can't load resource id:2. No system flash found
[    0.128562969,4] FLASH: Can't load resource id:0. No system flash found
[    0.128659075,4] FLASH: Can't load resource id:1. No system flash found
[    0.128827542,3] IMC: IMC Catalog load failed
[    0.129110222,2] NVRAM: Failed to load
[    0.129164305,2] NVRAM: Failed to load
[    0.129218117,2] NVRAM: Failed to load
[    0.129569356,5] PCI: Resetting PHBs and training links...
[    0.129688700,5] PCI: Probing slots...
[    0.129752786,5] PCI Summary:
[    0.129878789,4] FLASH: Failed to load VERSION data
[    0.347078895,2] NVRAM: Failed to load
[    0.347613616,5] INIT: Waiting for kernel...
[    0.347674362,5] INIT: platform wait for kernel load failed
[    0.347757885,5] INIT: Assuming kernel at 0x20000000
[    0.347876680,5] INIT: 64-bit LE kernel discovered
[    0.348131090,3] OCC: Chip 0 sensor data invalid
[    0.348410493,2] NVRAM: Failed to load
[    0.354829511,5] INIT: Starting kernel at 0x20010000, fdt at 0x30758170 15742 bytes


zImage starting: loaded at 0x0000000020010000 (sp: 0x00000000207f0da0)

Allocating 0x255a1c8 bytes for kernel...

Decompressing (0x0000000000000000 <- 0x0000000020023000:0x00000000207ef6a2)...

Done! Decompressed 0x2420000 bytes


Linux/PowerPC load: 

Finalizing device tree... flat tree at 0x207f1ca0

[    0.000000][    T0] OF: reserved mem: 0x0000000030000000..0x00000000305fffff (6144 KiB) map non-reusable ibm,firmware-code@30000000
[    0.000000][    T0] OF: reserved mem: 0x0000000030600000..0x0000000030ffffff (10240 KiB) map non-reusable ibm,firmware-heap@30600000
[    0.000000][    T0] OF: reserved mem: 0x0000000031000000..0x0000000031c0ffff (12352 KiB) map non-reusable ibm,firmware-data@31000000
[    0.000000][    T0] OF: reserved mem: 0x0000000031c10000..0x0000000031c2ffff (128 KiB) map non-reusable ibm,firmware-stacks@31c10000
[    0.000000][    T0] OF: reserved mem: 0x0000000031c30000..0x000000003290ffff (13184 KiB) map non-reusable ibm,firmware-allocs-memory@31c30000
[    0.000000][    T0] OF: reserved mem: 0x0000203ffd800000..0x0000203ffdbfffff (4096 KiB) map non-reusable ibm,homer-image@203ffd800000
[    0.000000][    T0] OF: reserved mem: 0x0000203fff800000..0x0000203fffffffff (8192 KiB) map non-reusable ibm,occ-common-area@203fff800000
[    0.000000][    T0] dt-cpu-ftrs: setup for ISA 3000
[    0.000000][    T0] dt-cpu-ftrs: final cpu/mmu features = 0x0003c06b8f5fb187 0x3c007041
[    0.000000][    T0] Activating Kernel Userspace Access Prevention
[    0.000000][    T0] Activating Kernel Userspace Execution Prevention
[    0.000000][    T0] radix-mmu: Mapped 0x0000000000000000-0x00000000021c0000 with 64.0 KiB pages (exec)
[    0.000000][    T0] radix-mmu: Mapped 0x00000000021c0000-0x0000000080000000 with 64.0 KiB pages
[    0.000000][    T0] radix-mmu: Initializing Radix MMU
[    0.000000][    T0] Linux version 6.5.0-rc5-next-20230809-cbl-00030-g8150cbc757fd (nathan@dev-arch.m3-large-x86-01) (ClangBuiltLinux clang version 14.0.6 (https://github.com/llvm/llvm-project f28c006a5895fc0e329fe15fead81e37457cb1d1), ClangBuiltLinux LLD 14.0.6) #1 SMP Sat Aug 12 06:57:49 UTC 2023
[    0.000000][    T0] Found initrd at 0xc000000028000000:0xc000000028878600
[    0.000000][    T0] Hardware name: IBM PowerNV (emulated by qemu) POWER9 0x4e1200 opal:v7.0 PowerNV
[    0.000000][    T0] printk: bootconsole [udbg0] enabled
[    0.000000][    T0] CPU maps initialized for 1 thread per core
[    0.000000][    T0] -----------------------------------------------------
[    0.000000][    T0] phys_mem_size     = 0x80000000
[    0.000000][    T0] dcache_bsize      = 0x80
[    0.000000][    T0] icache_bsize      = 0x80
[    0.000000][    T0] cpu_features      = 0x0003c06b8f4fb187
[    0.000000][    T0]   possible        = 0x001ffbfbcf5fb187
[    0.000000][    T0]   always          = 0x0000000380008181
[    0.000000][    T0] cpu_user_features = 0xdc0065c2 0xaef00000
[    0.000000][    T0] mmu_features      = 0x3c007641
[    0.000000][    T0] firmware_features = 0x0000000010000000
[    0.000000][    T0] vmalloc start     = 0xc008000000000000
[    0.000000][    T0] IO start          = 0xc00a000000000000
[    0.000000][    T0] vmemmap start     = 0xc00c000000000000
[    0.000000][    T0] -----------------------------------------------------
[    0.000000][    T0] numa:   NODE_DATA [mem 0x7bf84980-0x7bf8bfff]
[    0.000000][    T0] kvm_cma_reserve: reserving 102 MiB for global area
[    0.000000][    T0] cma: Reserved 112 MiB at 0x0000000073000000 on node -1
[    0.000000][    T0] rfi-flush: fallback displacement flush available
[    0.000000][    T0] count-cache-flush: flush disabled.
[    0.000000][    T0] link-stack-flush: flush disabled.
[    0.000000][    T0] stf-barrier: eieio barrier available
[    0.000000][    T0] barrier-nospec: using ORI speculation barrier
[    0.000000][    T0] Zone ranges:
[    0.000000][    T0]   Normal   [mem 0x0000000000000000-0x000000007fffffff]
[    0.000000][    T0]   Device   empty
[    0.000000][    T0] Movable zone start for each node
[    0.000000][    T0] Early memory node ranges
[    0.000000][    T0]   node   0: [mem 0x0000000000000000-0x000000007fffffff]
[    0.000000][    T0] Initmem setup node 0 [mem 0x0000000000000000-0x000000007fffffff]
[    0.000000][    T0] percpu: Embedded 10 pages/cpu s580520 r0 d74840 u655360
[    0.000000][    T0] Kernel command line: 
[    0.000000][    T0] random: crng init done
[    0.000000][    T0] Dentry cache hash table entries: 262144 (order: 5, 2097152 bytes, linear)
[    0.000000][    T0] Inode-cache hash table entries: 131072 (order: 4, 1048576 bytes, linear)
[    0.000000][    T0] Fallback order for Node 0: 0 
[    0.000000][    T0] Built 1 zonelists, mobility grouping on.  Total pages: 32736
[    0.000000][    T0] Policy zone: Normal
[    0.000000][    T0] mem auto-init: stack:all(zero), heap alloc:off, heap free:off
[    0.000000][    T0] Memory: 0K/2097152K available (14912K kernel code, 2432K rwdata, 17856K rodata, 1792K init, 1256K bss, 177856K reserved, 114688K cma-reserved)
[    0.000000][    T0] SLUB: HWalign=128, Order=0-3, MinObjects=0, CPUs=1, Nodes=1
[    0.000000][    T0] ftrace: allocating 34218 entries in 13 pages
[    0.000000][    T0] ftrace: allocated 13 pages with 3 groups
[    0.000000][    T0] trace event string verifier disabled
[    0.000000][    T0] rcu: Hierarchical RCU implementation.
[    0.000000][    T0] rcu: 	RCU event tracing is enabled.
[    0.000000][    T0] rcu: 	RCU restricting CPUs from NR_CPUS=2048 to nr_cpu_ids=1.
[    0.000000][    T0] 	Rude variant of Tasks RCU enabled.
[    0.000000][    T0] 	Tracing variant of Tasks RCU enabled.
[    0.000000][    T0] rcu: RCU calculated value of scheduler-enlistment delay is 10 jiffies.
[    0.000000][    T0] rcu: Adjusting geometry for rcu_fanout_leaf=16, nr_cpu_ids=1
[    0.000000][    T0] NR_IRQS: 512, nr_irqs: 512, preallocated irqs: 16
[    0.000000][    T0] xive: Interrupt handling initialized with native backend
[    0.000000][    T0] xive: Using priority 7 for all interrupts
[    0.000000][    T0] xive: Using 64kB queues
[    0.000000][    T0] rcu: srcu_init: Setting srcu_struct sizes based on contention.
[    0.000075][    T0] time_init: 56 bit decrementer (max: 7fffffffffffff)
[    0.001227][    T0] clocksource: timebase: mask: 0xffffffffffffffff max_cycles: 0x761537d007, max_idle_ns: 440795202126 ns
[    0.002468][    T0] clocksource: timebase mult[1f40000] shift[24] registered
[    0.010405][    T0] Console: colour dummy device 80x25
[    0.011559][    T0] printk: console [hvc0] enabled
[    0.011559][    T0] printk: console [hvc0] enabled
[    0.012451][    T0] printk: bootconsole [udbg0] disabled
[    0.012451][    T0] printk: bootconsole [udbg0] disabled
[    0.019756][    T0] pid_max: default: 32768 minimum: 301
[    0.022176][    T0] Mount-cache hash table entries: 8192 (order: 0, 65536 bytes, linear)
[    0.022460][    T0] Mountpoint-cache hash table entries: 8192 (order: 0, 65536 bytes, linear)
[    0.066165][    T1] RCU Tasks Rude: Setting shift to 0 and lim to 1 rcu_task_cb_adjust=1.
[    0.066713][    T1] RCU Tasks Trace: Setting shift to 0 and lim to 1 rcu_task_cb_adjust=1.
[    0.067831][    T1] POWER9 performance monitor hardware support registered
[    0.069231][    T1] rcu: Hierarchical SRCU implementation.
[    0.069456][    T1] rcu: 	Max phase no-delay instances is 1000.
[    0.087461][    T1] smp: Bringing up secondary CPUs ...
[    0.088482][    T1] smp: Brought up 1 node, 1 CPU
[    0.088783][    T1] numa: Node 0 CPUs: 0
[    0.100939][   T19] node 0 deferred pages initialised in 0ms
[    0.106390][   T19] pgdatinit0 (19) used greatest stack depth: 14176 bytes left
[    0.116904][    T1] devtmpfs: initialized
[    0.130796][    T1] clocksource: jiffies: mask: 0xffffffff max_cycles: 0xffffffff, max_idle_ns: 19112604462750000 ns
[    0.131230][    T1] futex hash table entries: 256 (order: -1, 32768 bytes, linear)
[    0.138891][    T1] NET: Registered PF_NETLINK/PF_ROUTE protocol family
[    0.142089][    T1] audit: initializing netlink subsys (disabled)
[    0.148147][   T22] audit: type=2000 audit(1691823478.130:1): state=initialized audit_enabled=0 res=1
[    0.149070][    T1] cpuidle: using governor menu
[    0.150354][    T1] Failed to initialize. Disabling HugeTLB
[    0.150828][    T1] nvram: No room to create lnx,oops-log partition, deleting any obsolete OS partitions...
[    0.151304][    T1] nvram: Failed to find or create lnx,oops-log partition, err -28
[    0.151522][    T1] nvram: Failed to initialize oops partition!
[    0.158532][    T1] EEH: PowerNV platform initialized
[    0.175175][    T1] cpuidle-powernv: Default stop: psscr = 0x0000000000000330,mask=0x00000000003003ff
[    0.175652][    T1] cpuidle-powernv: Deepest stop: psscr = 0x0000000000300331,mask=0x00000000003003ff
[    0.175906][    T1] cpuidle-powernv: First stop level that may lose SPRs = 0x10
[    0.176105][    T1] cpuidle-powernv: First stop level that may lose timebase = 0x10
[    0.181759][    T1] kprobes: kprobe jump-optimization is enabled. All kprobes are optimized if possible.
[    0.227972][    T1] iommu: Default domain type: Translated
[    0.228179][    T1] iommu: DMA domain TLB invalidation policy: strict mode
[    0.230790][    T1] SCSI subsystem initialized
[    0.232515][    T1] usbcore: registered new interface driver usbfs
[    0.233074][    T1] usbcore: registered new interface driver hub
[    0.233428][    T1] usbcore: registered new device driver usb
[    0.247865][    T1] PCI: Probing PCI hardware
[    0.252602][    T1] vgaarb: loaded
[    0.254270][    T1] clocksource: Switched to clocksource timebase
[    0.258406][    T1] hugetlbfs: disabling because there are no supported hugepage sizes
[    0.288452][    T1] NET: Registered PF_INET protocol family
[    0.290209][    T1] IP idents hash table entries: 32768 (order: 2, 262144 bytes, linear)
[    0.297319][    T1] tcp_listen_portaddr_hash hash table entries: 4096 (order: 0, 65536 bytes, linear)
[    0.297685][    T1] Table-perturb hash table entries: 65536 (order: 2, 262144 bytes, linear)
[    0.297977][    T1] TCP established hash table entries: 16384 (order: 1, 131072 bytes, linear)
[    0.298534][    T1] TCP bind hash table entries: 16384 (order: 3, 524288 bytes, linear)
[    0.299192][    T1] TCP: Hash tables configured (established 16384 bind 16384)
[    0.300407][    T1] UDP hash table entries: 2048 (order: 0, 65536 bytes, linear)
[    0.300938][    T1] UDP-Lite hash table entries: 2048 (order: 0, 65536 bytes, linear)
[    0.302340][    T1] NET: Registered PF_UNIX/PF_LOCAL protocol family
[    0.303146][    T1] PCI: CLS 0 bytes, default 128
[    0.311361][   T11] Trying to unpack rootfs image as initramfs...
[    0.345363][    T1] workingset: timestamp_bits=38 max_order=15 bucket_order=0
[    0.350201][    T1] Block layer SCSI generic (bsg) driver version 0.4 loaded (major 250)
[    0.350563][    T1] io scheduler mq-deadline registered
[    0.350812][    T1] io scheduler kyber registered
[    0.365838][    T1] IPMI message handler: version 39.2
[    0.366214][    T1] ipmi device interface
[    0.379774][   T11] Freeing initrd memory: 8640K
[    2.668470][    T1] ipmi-powernv ibm,opal:ipmi: IPMI message handler: Found new BMC (man_id: 0x000000, prod_id: 0x0000, dev_id: 0x20)
[    2.868907][    T1] hvc0: raw protocol on /ibm,opal/consoles/serial@0 (boot console)
[    2.869222][    T1] hvc0: No interrupts property, using OPAL event
[    2.871513][    T1] Serial: 8250/16550 driver, 4 ports, IRQ sharing disabled
[    2.888671][    T1] loop: module loaded
[    2.889120][    T1] Adaptec aacraid driver 1.2.1[50983]-custom
[    2.889402][    T1] ipr: IBM Power RAID SCSI Device Driver version: 2.6.4 (March 14, 2017)
[    3.022074][   T43] modprobe (43) used greatest stack depth: 11456 bytes left
[    3.033179][    T1] 1 fixed-partitions partitions found on MTD device flash@0
[    3.033685][    T1] Creating 1 MTD partitions on "flash@0":
[    3.034409][    T1] 0x000000000000-0x000008000000 : "PNOR"
[    3.075754][    T1] e100: Intel(R) PRO/100 Network Driver
[    3.075962][    T1] e100: Copyright(c) 1999-2006 Intel Corporation
[    3.076211][    T1] e1000: Intel(R) PRO/1000 Network Driver
[    3.076376][    T1] e1000: Copyright (c) 1999-2006 Intel Corporation.
[    3.076631][    T1] e1000e: Intel(R) PRO/1000 Network Driver
[    3.076800][    T1] e1000e: Copyright(c) 1999 - 2015 Intel Corporation.
[    3.077092][    T1] igb: Intel(R) Gigabit Ethernet Network Driver
[    3.077287][    T1] igb: Copyright (c) 2007-2014 Intel Corporation.
[    3.078364][    T1] usbcore: registered new interface driver usb-storage
[    3.286935][    T1] rtc-opal opal-rtc: registered as rtc0
[    3.495138][    T1] rtc-opal opal-rtc: setting system clock to 2023-08-12T06:58:03 UTC (1691823483)
[    3.496136][    T1] i2c_dev: i2c /dev entries driver
[    3.500552][    T1] device-mapper: uevent: version 1.0.3
[    3.504804][    T1] device-mapper: ioctl: 4.48.0-ioctl (2023-03-01) initialised: dm-devel@redhat.com
[    3.505201][    T1] powernv-cpufreq: ibm,pstate-min node not found
[    3.505380][    T1] powernv-cpufreq: Platform driver disabled. System does not support PState control
[    3.511156][    T1] ipip: IPv4 and MPLS over IPv4 tunneling driver
[    3.523651][    T1] NET: Registered PF_INET6 protocol family
[    3.543983][    T1] Segment Routing with IPv6
[    3.544420][    T1] In-situ OAM (IOAM) with IPv6
[    3.545515][    T1] NET: Registered PF_PACKET protocol family
[    3.547194][    T1] Key type dns_resolver registered
[    3.549174][    T1] drmem: No dynamic reconfiguration memory found
[    3.551155][    T1] Running code patching self-tests ...
[    3.576993][    T1] registered taskstats version 1
[    3.657601][    T1] Freeing unused kernel image (initmem) memory: 1792K
[    3.676489][    T1] Run /init as init process
Starting syslogd: OK
Starting klogd: OK
Running sysctl: OK
[    4.934322][   T68] S02sysctl (68) used greatest stack depth: 11280 bytes left
Saving 256 bits of creditable seed for next boot
Starting network: [    5.396546][   T83] ip (83) used greatest stack depth: 10640 bytes left
OK
Linux version 6.5.0-rc5-next-20230809-cbl-00030-g8150cbc757fd (nathan@dev-arch.m3-large-x86-01) (ClangBuiltLinux clang version 14.0.6 (https://github.com/llvm/llvm-project f28c006a5895fc0e329fe15fead81e37457cb1d1), ClangBuiltLinux LLD 14.0.6) #1 SMP Sat Aug 12 06:57:49 UTC 2023
Stopping network: OK
Seeding 256 bits and crediting
Saving 256 bits of creditable seed for next boot
Stopping klogd: OK
Stopping syslogd: OK
umount: devtmpfs busy - remounted read-only
umount: can't unmount /: Invalid argument

The system is going down NOW!

Sent SIGTERM to all processes

Sent SIGKILL to all processes

Requesting system poweroff
[    8.640335][  T110] reboot: Power down
[   11.007190131,5] OPAL: Shutdown request type 0x0...
$ timeout --foreground 3m stdbuf -eL -oL /usr/sbin/qemu-system-ppc64 -display none -nodefaults -device ipmi-bmc-sim,id=bmc0 -device isa-ipmi-bt,bmc=bmc0,irq=10 -machine powernv -kernel /home/nathan/tmp/build/cbl_lkt/linux-next/powerpc/arch/powerpc/boot/zImage.epapr -initrd /home/nathan/cbl/llvm-kernel-testing/src/boot-utils/images/ppc64le/rootfs.cpio -m 2G -serial mon:stdio
