/home/nathan/cbl/src/linux-next/net/ipv4/tcp_output.c:186:3: warning: result of comparison of constant -1 with expression of type 'u8' (aka 'unsigned char') is always false [-Wtautological-constant-out-of-range-compare]
                NET_ADD_STATS(sock_net(sk), LINUX_MIB_TCPACKCOMPRESSED,
                ^~~~~~~~~~~~~~~~~~~~~~~~~~~~~~~~~~~~~~~~~~~~~~~~~~~~~~~
/home/nathan/cbl/src/linux-next/include/net/ip.h:301:41: note: expanded from macro 'NET_ADD_STATS'
#define NET_ADD_STATS(net, field, adnd) SNMP_ADD_STATS((net)->mib.net_statistics, field, adnd)
                                        ^~~~~~~~~~~~~~~~~~~~~~~~~~~~~~~~~~~~~~~~~~~~~~~~~~~~~~
/home/nathan/cbl/src/linux-next/include/net/snmp.h:143:4: note: expanded from macro 'SNMP_ADD_STATS'
                        this_cpu_add(mib->mibs[field], addend)
                        ^~~~~~~~~~~~~~~~~~~~~~~~~~~~~~~~~~~~~~
/home/nathan/cbl/src/linux-next/include/linux/percpu-defs.h:491:33: note: expanded from macro 'this_cpu_add'
#define this_cpu_add(pcp, val)          __pcpu_size_call(this_cpu_add_, pcp, val)
                                        ^~~~~~~~~~~~~~~~~~~~~~~~~~~~~~~~~~~~~~~~~
note: (skipping 1 expansions in backtrace; use -fmacro-backtrace-limit=0 to see all)
<scratch space>:133:1: note: expanded from here
this_cpu_add_8
^
/home/nathan/cbl/src/linux-next/arch/x86/include/asm/percpu.h:370:35: note: expanded from macro 'this_cpu_add_8'
#define this_cpu_add_8(pcp, val)                percpu_add_op(8, volatile, (pcp), val)
                                                ^~~~~~~~~~~~~~~~~~~~~~~~~~~~~~~~~~~~~~
/home/nathan/cbl/src/linux-next/arch/x86/include/asm/percpu.h:127:31: note: expanded from macro 'percpu_add_op'
                              ((val) == 1 || (val) == -1)) ?            \
                                             ~~~~~ ^  ~~
1 warning generated.
/home/nathan/cbl/src/linux-next/drivers/block/rbd.c:6149:17: warning: result of comparison of constant 2305843009213693948 with expression of type 'u32' (aka 'unsigned int') is always false [-Wtautological-constant-out-of-range-compare]
        if (snap_count > (SIZE_MAX - sizeof (struct ceph_snap_context))
            ~~~~~~~~~~ ^ ~~~~~~~~~~~~~~~~~~~~~~~~~~~~~~~~~~~~~~~~~~~~~~
1 warning generated.
/home/nathan/cbl/src/linux-next/drivers/net/wireless/ath/ath5k/mac80211-ops.c:367:62: warning: parameter 'changed_flags' set but not used [-Wunused-but-set-parameter]
ath5k_configure_filter(struct ieee80211_hw *hw, unsigned int changed_flags,
                                                             ^
1 warning generated.
/home/nathan/cbl/src/linux-next/drivers/net/wireless/ath/ath9k/main.c:1566:21: warning: parameter 'changed_flags' set but not used [-Wunused-but-set-parameter]
                                   unsigned int changed_flags,
                                                ^
1 warning generated.
/home/nathan/cbl/src/linux-next/net/ceph/osdmap.c:1441:10: warning: result of comparison of constant 4611686018427387891 with expression of type 'u32' (aka 'unsigned int') is always false [-Wtautological-constant-out-of-range-compare]
        if (len > (SIZE_MAX - sizeof(*pg)) / sizeof(u32))
            ~~~ ^ ~~~~~~~~~~~~~~~~~~~~~~~~~~~~~~~~~~~~~~
/home/nathan/cbl/src/linux-next/net/ceph/osdmap.c:1624:10: warning: result of comparison of constant 2305843009213693945 with expression of type 'u32' (aka 'unsigned int') is always false [-Wtautological-constant-out-of-range-compare]
        if (len > (SIZE_MAX - sizeof(*pg)) / (2 * sizeof(u32)))
            ~~~ ^ ~~~~~~~~~~~~~~~~~~~~~~~~~~~~~~~~~~~~~~~~~~~~
2 warnings generated.
/home/nathan/cbl/src/linux-next/drivers/net/wireless/ath/ath9k/htc_drv_main.c:1258:25: warning: parameter 'changed_flags' set but not used [-Wunused-but-set-parameter]
                                       unsigned int changed_flags,
                                                    ^
1 warning generated.
/home/nathan/cbl/src/linux-next/drivers/net/ethernet/qlogic/qed/qed_vf.c:63:67: warning: parameter 'resp_size' set but not used [-Wunused-but-set-parameter]
static int qed_send_msg2pf(struct qed_hwfn *p_hwfn, u8 *done, u32 resp_size)
                                                                  ^
1 warning generated.
/home/nathan/cbl/src/linux-next/fs/ceph/snap.c:372:10: warning: result of comparison of constant 2305843009213693948 with expression of type 'u32' (aka 'unsigned int') is always false [-Wtautological-constant-out-of-range-compare]
        if (num > (SIZE_MAX - sizeof(*snapc)) / sizeof(u64))
            ~~~ ^ ~~~~~~~~~~~~~~~~~~~~~~~~~~~~~~~~~~~~~~~~~
1 warning generated.
WARN: multiple IDs found for 'inode': 388, 30684 - using 388
WARN: multiple IDs found for 'seq_file': 817, 30751 - using 817
WARN: multiple IDs found for 'file': 526, 30765 - using 526
WARN: multiple IDs found for 'task_struct': 560, 30774 - using 560
WARN: multiple IDs found for 'cgroup': 801, 30795 - using 801
WARN: multiple IDs found for 'vm_area_struct': 841, 30814 - using 841
WARN: multiple IDs found for 'path': 1686, 31096 - using 1686
WARN: multiple IDs found for 'inet_connection_sock': 9438, 93266 - using 9438
WARN: multiple IDs found for 'file': 526, 112235 - using 526
WARN: multiple IDs found for 'task_struct': 560, 112244 - using 560
WARN: multiple IDs found for 'cgroup': 801, 112259 - using 801
WARN: multiple IDs found for 'seq_file': 817, 112285 - using 817
WARN: multiple IDs found for 'inode': 388, 112618 - using 388
WARN: multiple IDs found for 'path': 1686, 112654 - using 1686
WARN: multiple IDs found for 'vm_area_struct': 841, 112833 - using 841
WARN: multiple IDs found for 'tcp_sock': 9435, 117492 - using 9435

[01;32mQEMU location: [0m/usr/sbin[0m

[01;32mQEMU version: [0mQEMU emulator version 8.0.3[0m
[    0.000000] Linux version 6.5.0-rc5-next-20230809-cbl (nathan@dev-arch.m3-large-x86-01) (ClangBuiltLinux clang version 14.0.6 (https://github.com/llvm/llvm-project f28c006a5895fc0e329fe15fead81e37457cb1d1), ClangBuiltLinux LLD 14.0.6) #1 SMP PREEMPT_DYNAMIC Sat Aug 12 08:28:58 UTC 2023
[    0.000000] Command line: console=ttyS0 earlycon=uart8250,io,0x3f8
[    0.000000] BIOS-provided physical RAM map:
[    0.000000] BIOS-e820: [mem 0x0000000000000000-0x000000000009fbff] usable
[    0.000000] BIOS-e820: [mem 0x000000000009fc00-0x000000000009ffff] reserved
[    0.000000] BIOS-e820: [mem 0x00000000000f0000-0x00000000000fffff] reserved
[    0.000000] BIOS-e820: [mem 0x0000000000100000-0x000000001ffdffff] usable
[    0.000000] BIOS-e820: [mem 0x000000001ffe0000-0x000000001fffffff] reserved
[    0.000000] BIOS-e820: [mem 0x00000000feffc000-0x00000000feffffff] reserved
[    0.000000] BIOS-e820: [mem 0x00000000fffc0000-0x00000000ffffffff] reserved
[    0.000000] BIOS-e820: [mem 0x000000fd00000000-0x000000ffffffffff] reserved
[    0.000000] earlycon: uart8250 at I/O port 0x3f8 (options '')
[    0.000000] printk: bootconsole [uart8250] enabled
[    0.000000] NX (Execute Disable) protection: active
[    0.000000] SMBIOS 2.8 present.
[    0.000000] DMI: QEMU Standard PC (i440FX + PIIX, 1996), BIOS Arch Linux 1.16.2-1-1 04/01/2014
[    0.000000] Hypervisor detected: KVM
[    0.000000] kvm-clock: Using msrs 4b564d01 and 4b564d00
[    0.000001] kvm-clock: using sched offset of 198403012 cycles
[    0.000508] clocksource: kvm-clock: mask: 0xffffffffffffffff max_cycles: 0x1cd42e4dffb, max_idle_ns: 881590591483 ns
[    0.002106] tsc: Detected 2495.312 MHz processor
[    0.002695] last_pfn = 0x1ffe0 max_arch_pfn = 0x400000000
[    0.003267] MTRR map: 4 entries (3 fixed + 1 variable; max 19), built from 8 variable MTRRs
[    0.004087] x86/PAT: Configuration [0-7]: WB  WC  UC- UC  WB  WP  UC- WT  
[    0.007228] found SMP MP-table at [mem 0x000f6e60-0x000f6e6f]
[    0.007813] Using GB pages for direct mapping
[    0.008382] RAMDISK: [mem 0x1fad3000-0x1ffdffff]
[    0.008884] ACPI: Early table checksum verification disabled
[    0.009442] ACPI: RSDP 0x00000000000F6C90 000014 (v00 BOCHS )
[    0.010004] ACPI: RSDT 0x000000001FFE31D1 000034 (v01 BOCHS  BXPC     00000001 BXPC 00000001)
[    0.010832] ACPI: FACP 0x000000001FFE2E8D 000074 (v01 BOCHS  BXPC     00000001 BXPC 00000001)
[    0.011664] ACPI: DSDT 0x000000001FFE0040 002E4D (v01 BOCHS  BXPC     00000001 BXPC 00000001)
[    0.012498] ACPI: FACS 0x000000001FFE0000 000040
[    0.012949] ACPI: APIC 0x000000001FFE2F01 000270 (v01 BOCHS  BXPC     00000001 BXPC 00000001)
[    0.013772] ACPI: HPET 0x000000001FFE3171 000038 (v01 BOCHS  BXPC     00000001 BXPC 00000001)
[    0.014644] ACPI: WAET 0x000000001FFE31A9 000028 (v01 BOCHS  BXPC     00000001 BXPC 00000001)
[    0.015515] ACPI: Reserving FACP table memory at [mem 0x1ffe2e8d-0x1ffe2f00]
[    0.016200] ACPI: Reserving DSDT table memory at [mem 0x1ffe0040-0x1ffe2e8c]
[    0.016899] ACPI: Reserving FACS table memory at [mem 0x1ffe0000-0x1ffe003f]
[    0.017584] ACPI: Reserving APIC table memory at [mem 0x1ffe2f01-0x1ffe3170]
[    0.018278] ACPI: Reserving HPET table memory at [mem 0x1ffe3171-0x1ffe31a8]
[    0.018961] ACPI: Reserving WAET table memory at [mem 0x1ffe31a9-0x1ffe31d0]
[    0.019859] No NUMA configuration found
[    0.020237] Faking a node at [mem 0x0000000000000000-0x000000001ffdffff]
[    0.020896] NODE_DATA(0) allocated [mem 0x1faa8000-0x1fad2fff]
[    0.021643] Zone ranges:
[    0.021899]   DMA      [mem 0x0000000000001000-0x0000000000ffffff]
[    0.022504]   DMA32    [mem 0x0000000001000000-0x000000001ffdffff]
[    0.023112]   Normal   empty
[    0.023392]   Device   empty
[    0.023669] Movable zone start for each node
[    0.024085] Early memory node ranges
[    0.024473]   node   0: [mem 0x0000000000001000-0x000000000009efff]
[    0.025084]   node   0: [mem 0x0000000000100000-0x000000001ffdffff]
[    0.025701] Initmem setup node 0 [mem 0x0000000000001000-0x000000001ffdffff]
[    0.026576] On node 0, zone DMA: 1 pages in unavailable ranges
[    0.026596] On node 0, zone DMA: 97 pages in unavailable ranges
[    0.028259] On node 0, zone DMA32: 32 pages in unavailable ranges
[    0.029049] ACPI: PM-Timer IO Port: 0x608
[    0.030058] ACPI: LAPIC_NMI (acpi_id[0xff] dfl dfl lint[0x1])
[    0.030643] IOAPIC[0]: apic_id 0, version 17, address 0xfec00000, GSI 0-23
[    0.031313] ACPI: INT_SRC_OVR (bus 0 bus_irq 0 global_irq 2 dfl dfl)
[    0.031946] ACPI: INT_SRC_OVR (bus 0 bus_irq 5 global_irq 5 high level)
[    0.032593] ACPI: INT_SRC_OVR (bus 0 bus_irq 9 global_irq 9 high level)
[    0.033243] ACPI: INT_SRC_OVR (bus 0 bus_irq 10 global_irq 10 high level)
[    0.033910] ACPI: INT_SRC_OVR (bus 0 bus_irq 11 global_irq 11 high level)
[    0.034575] ACPI: Using ACPI (MADT) for SMP configuration information
[    0.035211] ACPI: HPET id: 0x8086a201 base: 0xfed00000
[    0.035706] TSC deadline timer available
[    0.036090] smpboot: Allowing 64 CPUs, 0 hotplug CPUs
[    0.036640] kvm-guest: KVM setup pv remote TLB flush
[    0.037127] kvm-guest: setup PV sched yield
[    0.037548] PM: hibernation: Registered nosave memory: [mem 0x00000000-0x00000fff]
[    0.038291] PM: hibernation: Registered nosave memory: [mem 0x0009f000-0x0009ffff]
[    0.039035] PM: hibernation: Registered nosave memory: [mem 0x000a0000-0x000effff]
[    0.039766] PM: hibernation: Registered nosave memory: [mem 0x000f0000-0x000fffff]
[    0.040545] [mem 0x20000000-0xfeffbfff] available for PCI devices
[    0.041137] Booting paravirtualized kernel on KVM
[    0.041602] clocksource: refined-jiffies: mask: 0xffffffff max_cycles: 0xffffffff, max_idle_ns: 1910969940391419 ns
[    0.048309] setup_percpu: NR_CPUS:8192 nr_cpumask_bits:64 nr_cpu_ids:64 nr_node_ids:1
[    0.051958] percpu: Embedded 64 pages/cpu s225280 r8192 d28672 u262144
[    0.052725] kvm-guest: PV spinlocks enabled
[    0.053145] PV qspinlock hash table entries: 256 (order: 0, 4096 bytes, linear)
[    0.053876] Kernel command line: console=ttyS0 earlycon=uart8250,io,0x3f8
[    0.054828] random: crng init done
[    0.055166] printk: log_buf_len individual max cpu contribution: 4096 bytes
[    0.055902] printk: log_buf_len total cpu_extra contributions: 258048 bytes
[    0.056589] printk: log_buf_len min size: 262144 bytes
[    0.057482] printk: log_buf_len: 524288 bytes
[    0.057916] printk: early log buf free: 255704(97%)
[    0.058598] Dentry cache hash table entries: 65536 (order: 7, 524288 bytes, linear)
[    0.059379] Inode-cache hash table entries: 32768 (order: 6, 262144 bytes, linear)
[    0.060495] Fallback order for Node 0: 0 
[    0.060507] Built 1 zonelists, mobility grouping on.  Total pages: 128736
[    0.061584] Policy zone: DMA32
[    0.062156] mem auto-init: stack:all(zero), heap alloc:off, heap free:off
[    0.063839] Memory: 437764K/523768K available (18432K kernel code, 3182K rwdata, 13056K rodata, 3064K init, 4692K bss, 85744K reserved, 0K cma-reserved)
[    0.065455] SLUB: HWalign=64, Order=0-3, MinObjects=0, CPUs=64, Nodes=1
[    0.066146] ftrace: allocating 53648 entries in 210 pages
[    0.066915] ftrace: allocated 210 pages with 4 groups
[    0.068433] Dynamic Preempt: voluntary
[    0.069136] rcu: Preemptible hierarchical RCU implementation.
[    0.069714] rcu: 	RCU restricting CPUs from NR_CPUS=8192 to nr_cpu_ids=64.
[    0.070449] 	Trampoline variant of Tasks RCU enabled.
[    0.070945] 	Rude variant of Tasks RCU enabled.
[    0.071429] 	Tracing variant of Tasks RCU enabled.
[    0.071904] rcu: RCU calculated value of scheduler-enlistment delay is 100 jiffies.
[    0.072665] rcu: Adjusting geometry for rcu_fanout_leaf=16, nr_cpu_ids=64
[    0.076571] NR_IRQS: 524544, nr_irqs: 936, preallocated irqs: 16
[    0.077419] rcu: srcu_init: Setting srcu_struct sizes based on contention.
[    0.078193] kfence: initialized - using 2097152 bytes for 255 objects at 0x(____ptrval____)-0x(____ptrval____)
[    0.079358] Console: colour *CGA 80x25
[    0.079756] printk: console [ttyS0] enabled
[    0.079756] printk: console [ttyS0] enabled
[    0.080595] printk: bootconsole [uart8250] disabled
[    0.080595] printk: bootconsole [uart8250] disabled
[    0.081611] ACPI: Core revision 20230628
[    0.082136] clocksource: hpet: mask: 0xffffffff max_cycles: 0xffffffff, max_idle_ns: 19112604467 ns
[    0.083144] APIC: Switch to symmetric I/O mode setup
[    0.083889] x2apic enabled
[    0.084384] Switched APIC routing to physical x2apic.
[    0.084903] kvm-guest: setup PV IPIs
[    0.086285] ..TIMER: vector=0x30 apic1=0 pin1=2 apic2=-1 pin2=-1
[    0.087415] tsc: Marking TSC unstable due to TSCs unsynchronized
[    0.088571] Calibrating delay loop (skipped) preset value.. 4990.62 BogoMIPS (lpj=2495312)
[    0.090817] x86/cpu: User Mode Instruction Prevention (UMIP) activated
[    0.091661] Last level iTLB entries: 4KB 512, 2MB 255, 4MB 127
[    0.092570] Last level dTLB entries: 4KB 512, 2MB 255, 4MB 127, 1GB 0
[    0.093579] Spectre V1 : Mitigation: usercopy/swapgs barriers and __user pointer sanitization
[    0.094570] Spectre V2 : Mitigation: Retpolines
[    0.095569] Spectre V2 : Spectre v2 / SpectreRSB mitigation: Filling RSB on context switch
[    0.096569] Spectre V2 : Spectre v2 / SpectreRSB : Filling RSB on VMEXIT
[    0.097569] Spectre V2 : Enabling Speculation Barrier for firmware calls
[    0.098570] RETBleed: Mitigation: IBPB
[    0.099239] Spectre V2 : mitigation: Enabling conditional Indirect Branch Prediction Barrier
[    0.099570] Speculative Store Bypass: Mitigation: Speculative Store Bypass disabled via prctl
[    0.100571] Speculative Return Stack Overflow: Retbleed IBPB mitigation enabled, using same for SRSO
[    0.101588] x86/fpu: Supporting XSAVE feature 0x001: 'x87 floating point registers'
[    0.102570] x86/fpu: Supporting XSAVE feature 0x002: 'SSE registers'
[    0.103569] x86/fpu: Supporting XSAVE feature 0x004: 'AVX registers'
[    0.104571] x86/fpu: xstate_offset[2]:  576, xstate_sizes[2]:  256
[    0.105570] x86/fpu: Enabled xstate features 0x7, context size is 832 bytes, using 'compacted' format.
[    0.113812] Freeing SMP alternatives memory: 52K
[    0.114570] pid_max: default: 65536 minimum: 512
[    0.115445] LSM: initializing lsm=lockdown,capability,yama,selinux,bpf,landlock,integrity
[    0.115582] Yama: becoming mindful.
[    0.116572] SELinux:  Initializing.
[    0.117239] LSM support for eBPF active
[    0.117571] landlock: Up and running.
[    0.118602] Mount-cache hash table entries: 1024 (order: 1, 8192 bytes, linear)
[    0.119570] Mountpoint-cache hash table entries: 1024 (order: 1, 8192 bytes, linear)
[    0.121785] smpboot: CPU0: AMD EPYC 7502P 32-Core Processor (family: 0x17, model: 0x31, stepping: 0x0)
[    0.122730] RCU Tasks: Setting shift to 6 and lim to 1 rcu_task_cb_adjust=1.
[    0.123591] RCU Tasks Rude: Setting shift to 6 and lim to 1 rcu_task_cb_adjust=1.
[    0.124591] RCU Tasks Trace: Setting shift to 6 and lim to 1 rcu_task_cb_adjust=1.
[    0.125588] Performance Events: Fam17h+ core perfctr, AMD PMU driver.
[    0.126573] ... version:                0
[    0.127276] ... bit width:              48
[    0.127571] ... generic registers:      6
[    0.128269] ... value mask:             0000ffffffffffff
[    0.128571] ... max period:             00007fffffffffff
[    0.129503] ... fixed-purpose events:   0
[    0.129571] ... event mask:             000000000000003f
[    0.130682] signal: max sigframe size: 1776
[    0.131473] rcu: Hierarchical SRCU implementation.
[    0.131571] rcu: 	Max phase no-delay instances is 400.
[    0.133325] smp: Bringing up secondary CPUs ...
[    0.133663] smpboot: x86: Booting SMP configuration:
[    0.134530] .... node  #0, CPUs:        #1  #2  #3  #4  #5  #6  #7  #8  #9 #10 #11 #12 #13 #14 #15 #16 #17 #18 #19 #20 #21 #22 #23 #24 #25 #26 #27 #28 #29 #30 #31 #32 #33 #34 #35 #36 #37 #38 #39 #40 #41 #42 #43 #44 #45 #46 #47 #48 #49 #50 #51 #52 #53 #54 #55 #56 #57 #58 #59 #60 #61 #62 #63
[    0.178803] smp: Brought up 1 node, 64 CPUs
[    0.180281] smpboot: Max logical packages: 1
[    0.180573] smpboot: Total of 64 processors activated (319399.93 BogoMIPS)
[    0.184045] devtmpfs: initialized
[    0.184638] x86/mm: Memory block size: 128MB
[    0.186018] clocksource: jiffies: mask: 0xffffffff max_cycles: 0xffffffff, max_idle_ns: 1911260446275000 ns
[    0.186576] futex hash table entries: 16384 (order: 8, 1048576 bytes, linear)
[    0.187711] pinctrl core: initialized pinctrl subsystem
[    0.188723] PM: RTC time: 08:30:08, date: 2023-08-12
[    0.190283] NET: Registered PF_NETLINK/PF_ROUTE protocol family
[    0.190671] DMA: preallocated 128 KiB GFP_KERNEL pool for atomic allocations
[    0.191574] DMA: preallocated 128 KiB GFP_KERNEL|GFP_DMA pool for atomic allocations
[    0.192574] DMA: preallocated 128 KiB GFP_KERNEL|GFP_DMA32 pool for atomic allocations
[    0.193585] audit: initializing netlink subsys (disabled)
[    0.194604] audit: type=2000 audit(1691829009.070:1): state=initialized audit_enabled=0 res=1
[    0.194672] thermal_sys: Registered thermal governor 'fair_share'
[    0.195572] thermal_sys: Registered thermal governor 'bang_bang'
[    0.196571] thermal_sys: Registered thermal governor 'step_wise'
[    0.197571] thermal_sys: Registered thermal governor 'user_space'
[    0.198626] cpuidle: using governor menu
[    0.202045] acpiphp: ACPI Hot Plug PCI Controller Driver version: 0.5
[    0.202713] PCI: Using configuration type 1 for base access
[    0.203572] PCI: Using configuration type 1 for extended access
[    0.206260] kprobes: kprobe jump-optimization is enabled. All kprobes are optimized if possible.
[    0.228960] HugeTLB: registered 1.00 GiB page size, pre-allocated 0 pages
[    0.229572] HugeTLB: 16380 KiB vmemmap can be freed for a 1.00 GiB page
[    0.230572] HugeTLB: registered 2.00 MiB page size, pre-allocated 0 pages
[    0.231571] HugeTLB: 28 KiB vmemmap can be freed for a 2.00 MiB page
[    0.232706] cryptd: max_cpu_qlen set to 1000
[    0.233657] raid6: skipped pq benchmark and selected avx2x4
[    0.234575] raid6: using avx2x2 recovery algorithm
[    0.235510] ACPI: Added _OSI(Module Device)
[    0.235572] ACPI: Added _OSI(Processor Device)
[    0.236335] ACPI: Added _OSI(3.0 _SCP Extensions)
[    0.236571] ACPI: Added _OSI(Processor Aggregator Device)
[    0.238337] ACPI: 1 ACPI AML tables successfully acquired and loaded
[    0.239212] ACPI: _OSC evaluation for CPUs failed, trying _PDC
[    0.239785] ACPI: Interpreter enabled
[    0.240446] ACPI: PM: (supports S0 S3 S4 S5)
[    0.240572] ACPI: Using IOAPIC for interrupt routing
[    0.241555] PCI: Using host bridge windows from ACPI; if necessary, use "pci=nocrs" and report a bug
[    0.241571] PCI: Using E820 reservations for host bridge windows
[    0.242692] ACPI: Enabled 2 GPEs in block 00 to 0F
[    0.246876] ACPI: PCI Root Bridge [PCI0] (domain 0000 [bus 00-ff])
[    0.247577] acpi PNP0A03:00: _OSC: OS supports [ExtendedConfig ASPM ClockPM Segments MSI EDR HPX-Type3]
[    0.248837] acpiphp: Slot [2] registered
[    0.249551] acpiphp: Slot [3] registered
[    0.249589] acpiphp: Slot [4] registered
[    0.250307] acpiphp: Slot [5] registered
[    0.250583] acpiphp: Slot [6] registered
[    0.251297] acpiphp: Slot [7] registered
[    0.251584] acpiphp: Slot [8] registered
[    0.252304] acpiphp: Slot [9] registered
[    0.252583] acpiphp: Slot [10] registered
[    0.253314] acpiphp: Slot [11] registered
[    0.253584] acpiphp: Slot [12] registered
[    0.254317] acpiphp: Slot [13] registered
[    0.254583] acpiphp: Slot [14] registered
[    0.255308] acpiphp: Slot [15] registered
[    0.255584] acpiphp: Slot [16] registered
[    0.256325] acpiphp: Slot [17] registered
[    0.256583] acpiphp: Slot [18] registered
[    0.257319] acpiphp: Slot [19] registered
[    0.257584] acpiphp: Slot [20] registered
[    0.258327] acpiphp: Slot [21] registered
[    0.258583] acpiphp: Slot [22] registered
[    0.259330] acpiphp: Slot [23] registered
[    0.259584] acpiphp: Slot [24] registered
[    0.260312] acpiphp: Slot [25] registered
[    0.260583] acpiphp: Slot [26] registered
[    0.261332] acpiphp: Slot [27] registered
[    0.261584] acpiphp: Slot [28] registered
[    0.262327] acpiphp: Slot [29] registered
[    0.262583] acpiphp: Slot [30] registered
[    0.263338] acpiphp: Slot [31] registered
[    0.263580] PCI host bridge to bus 0000:00
[    0.264302] pci_bus 0000:00: root bus resource [io  0x0000-0x0cf7 window]
[    0.264571] pci_bus 0000:00: root bus resource [io  0x0d00-0xffff window]
[    0.265572] pci_bus 0000:00: root bus resource [mem 0x000a0000-0x000bffff window]
[    0.266571] pci_bus 0000:00: root bus resource [mem 0x20000000-0xfebfffff window]
[    0.267572] pci_bus 0000:00: root bus resource [mem 0x100000000-0x17fffffff window]
[    0.268572] pci_bus 0000:00: root bus resource [bus 00-ff]
[    0.269672] pci 0000:00:00.0: [8086:1237] type 00 class 0x060000
[    0.270923] pci 0000:00:01.0: [8086:7000] type 00 class 0x060100
[    0.272014] pci 0000:00:01.1: [8086:7010] type 00 class 0x010180
[    0.273839] pci 0000:00:01.1: reg 0x20: [io  0xc000-0xc00f]
[    0.274990] pci 0000:00:01.1: legacy IDE quirk: reg 0x10: [io  0x01f0-0x01f7]
[    0.275572] pci 0000:00:01.1: legacy IDE quirk: reg 0x14: [io  0x03f6]
[    0.276571] pci 0000:00:01.1: legacy IDE quirk: reg 0x18: [io  0x0170-0x0177]
[    0.277572] pci 0000:00:01.1: legacy IDE quirk: reg 0x1c: [io  0x0376]
[    0.278696] pci 0000:00:01.3: [8086:7113] type 00 class 0x068000
[    0.279914] pci 0000:00:01.3: quirk: [io  0x0600-0x063f] claimed by PIIX4 ACPI
[    0.280578] pci 0000:00:01.3: quirk: [io  0x0700-0x070f] claimed by PIIX4 SMB
[    0.281997] ACPI: PCI: Interrupt link LNKA configured for IRQ 10
[    0.282710] ACPI: PCI: Interrupt link LNKB configured for IRQ 10
[    0.283697] ACPI: PCI: Interrupt link LNKC configured for IRQ 11
[    0.284690] ACPI: PCI: Interrupt link LNKD configured for IRQ 11
[    0.285665] ACPI: PCI: Interrupt link LNKS configured for IRQ 9
[    0.288274] iommu: Default domain type: Translated
[    0.288573] iommu: DMA domain TLB invalidation policy: lazy mode
[    0.289649] SCSI subsystem initialized
[    0.290624] ACPI: bus type USB registered
[    0.291380] usbcore: registered new interface driver usbfs
[    0.291578] usbcore: registered new interface driver hub
[    0.292539] usbcore: registered new device driver usb
[    0.292603] pps_core: LinuxPPS API ver. 1 registered
[    0.293476] pps_core: Software ver. 5.3.6 - Copyright 2005-2007 Rodolfo Giometti <giometti@linux.it>
[    0.293578] PTP clock support registered
[    0.294312] EDAC MC: Ver: 3.0.0
[    0.294751] NetLabel: Initializing
[    0.295366] NetLabel:  domain hash size = 128
[    0.295572] NetLabel:  protocols = UNLABELED CIPSOv4 CALIPSO
[    0.296584] NetLabel:  unlabeled traffic allowed by default
[    0.297574] mctp: management component transport protocol core
[    0.298572] NET: Registered PF_MCTP protocol family
[    0.299472] PCI: Using ACPI for IRQ routing
[    0.299638] vgaarb: loaded
[    0.300069] hpet0: at MMIO 0xfed00000, IRQs 2, 8, 0
[    0.300572] hpet0: 3 comparators, 64-bit 100.000000 MHz counter
[    0.308808] clocksource: Switched to clocksource kvm-clock
[    0.312080] VFS: Disk quotas dquot_6.6.0
[    0.312810] VFS: Dquot-cache hash table entries: 512 (order 0, 4096 bytes)
[    0.314093] pnp: PnP ACPI init
[    0.314828] pnp: PnP ACPI: found 5 devices
[    0.322175] clocksource: acpi_pm: mask: 0xffffff max_cycles: 0xffffff, max_idle_ns: 2085701024 ns
[    0.323906] NET: Registered PF_INET protocol family
[    0.324795] IP idents hash table entries: 8192 (order: 4, 65536 bytes, linear)
[    0.326621] tcp_listen_portaddr_hash hash table entries: 256 (order: 0, 4096 bytes, linear)
[    0.328083] Table-perturb hash table entries: 65536 (order: 6, 262144 bytes, linear)
[    0.329431] TCP established hash table entries: 4096 (order: 3, 32768 bytes, linear)
[    0.330815] TCP bind hash table entries: 4096 (order: 5, 131072 bytes, linear)
[    0.332087] TCP: Hash tables configured (established 4096 bind 4096)
[    0.333409] MPTCP token hash table entries: 512 (order: 1, 12288 bytes, linear)
[    0.334703] UDP hash table entries: 256 (order: 1, 8192 bytes, linear)
[    0.335882] UDP-Lite hash table entries: 256 (order: 1, 8192 bytes, linear)
[    0.337217] NET: Registered PF_UNIX/PF_LOCAL protocol family
[    0.338256] NET: Registered PF_XDP protocol family
[    0.339100] pci_bus 0000:00: resource 4 [io  0x0000-0x0cf7 window]
[    0.340205] pci_bus 0000:00: resource 5 [io  0x0d00-0xffff window]
[    0.341284] pci_bus 0000:00: resource 6 [mem 0x000a0000-0x000bffff window]
[    0.342482] pci_bus 0000:00: resource 7 [mem 0x20000000-0xfebfffff window]
[    0.343682] pci_bus 0000:00: resource 8 [mem 0x100000000-0x17fffffff window]
[    0.344913] pci 0000:00:01.0: PIIX3: Enabling Passive Release
[    0.345895] pci 0000:00:00.0: Limiting direct PCI/PCI transfers
[    0.346939] PCI: CLS 0 bytes, default 64
[    0.347688] Trying to unpack rootfs image as initramfs...
[    0.352361] Freeing initrd memory: 5172K
[    0.361004] Initialise system trusted keyrings
[    0.361813] Key type blacklist registered
[    0.362610] workingset: timestamp_bits=36 max_order=17 bucket_order=0
[    0.363725] zbud: loaded
[    0.366363] integrity: Platform Keyring initialized
[    0.367282] integrity: Machine keyring initialized
[    0.375217] NET: Registered PF_ALG protocol family
[    0.376101] xor: measuring software checksum speed
[    0.377379]    prefetch64-sse  : 22536 MB/sec
[    0.378634]    generic_sse     : 20191 MB/sec
[    0.379390] xor: using function: prefetch64-sse (22536 MB/sec)
[    0.380388] Key type asymmetric registered
[    0.381081] Asymmetric key parser 'x509' registered
[    0.383270] Block layer SCSI generic (bsg) driver version 0.4 loaded (major 245)
[    0.384660] io scheduler mq-deadline registered
[    0.385478] io scheduler kyber registered
[    0.386181] io scheduler bfq registered
[    0.390276] atomic64_test: passed for x86-64 platform with CX8 and with SSE
[    0.391823] shpchp: Standard Hot Plug PCI Controller Driver version: 0.4
[    0.393093] input: Power Button as /devices/LNXSYSTM:00/LNXPWRBN:00/input/input0
[    0.394472] ACPI: button: Power Button [PWRF]
[    0.396924] Serial: 8250/16550 driver, 32 ports, IRQ sharing enabled
[    0.398201] 00:03: ttyS0 at I/O 0x3f8 (irq = 4, base_baud = 115200) is a 16550A
[    0.401444] Non-volatile memory driver v1.3
[    0.402208] Linux agpgart interface v0.103
[    0.402995] ACPI: bus type drm_connector registered
[    0.409830] scsi host0: ata_piix
[    0.410573] scsi host1: ata_piix
[    0.411163] ata1: PATA max MWDMA2 cmd 0x1f0 ctl 0x3f6 bmdma 0xc000 irq 14
[    0.412362] ata2: PATA max MWDMA2 cmd 0x170 ctl 0x376 bmdma 0xc008 irq 15
[    0.413782] usbcore: registered new interface driver usbserial_generic
[    0.415138] usbserial: USB Serial support registered for generic
[    0.416210] i8042: PNP: PS/2 Controller [PNP0303:KBD,PNP0f13:MOU] at 0x60,0x64 irq 1,12
[    0.418336] serio: i8042 KBD port at 0x60,0x64 irq 1
[    0.419212] serio: i8042 AUX port at 0x60,0x64 irq 12
[    0.420166] mousedev: PS/2 mouse device common for all mice
[    0.421248] rtc_cmos 00:04: RTC can wake from S4
[    0.422727] input: AT Translated Set 2 keyboard as /devices/platform/i8042/serio0/input/input1
[    0.424349] rtc_cmos 00:04: registered as rtc0
[    0.425205] rtc_cmos 00:04: setting system clock to 2023-08-12T08:30:08 UTC (1691829008)
[    0.426666] rtc_cmos 00:04: alarms up to one day, y3k, 242 bytes nvram, hpet irqs
[    0.428104] device-mapper: core: CONFIG_IMA_DISABLE_HTABLE is disabled. Duplicate IMA measurements will not be recorded in the IMA log.
[    0.430338] device-mapper: uevent: version 1.0.3
[ vmport: unknown command 56
   0.431402] device-mapper: ioctl: 4.48.0-ioctl (2023-03-01) initialised: dm-devel@redhat.com
[    0.431571] input: VirtualPS/2 VMware VMMouse as /devices/platform/i8042/serio1/input/input4
[    0.432963] amd_pstate: the _CPC object is not present in SBIOS or ACPI disabled
[    0.434803] input: VirtualPS/2 VMware VMMouse as /devices/platform/i8042/serio1/input/input3
[    0.435711] hid: raw HID events driver (C) Jiri Kosina
[    0.438105] usbcore: registered new interface driver usbhid
[    0.439019] usbhid: USB HID core driver
[    0.439744] drop_monitor: Initializing network drop monitor service
[    0.452790] Initializing XFRM netlink socket
[    0.453567] NET: Registered PF_INET6 protocol family
[    0.455709] Segment Routing with IPv6
[    0.456343] RPL Segment Routing with IPv6
[    0.457026] In-situ OAM (IOAM) with IPv6
[    0.457720] mip6: Mobile IPv6
[    0.458222] NET: Registered PF_PACKET protocol family
[    0.463265] IPI shorthand broadcast: enabled
[    0.464016] AVX2 version of gcm_enc/dec engaged.
[    0.465685] AES CTR mode by8 optimization enabled
[    0.467932] sched_clock: Marking stable (461001155, 6449204)->(526231529, -58781170)
[    0.469522] registered taskstats version 1
[    0.473704] Loading compiled-in X.509 certificates
[    0.481692] Loaded X.509 cert 'Build time autogenerated kernel key: 98bb5bafa24b265aecc3e814ab025e3fc52fe743'
[    0.485232] page_owner is disabled
[    0.485982] Key type .fscrypt registered
[    0.486716] Key type fscrypt-provisioning registered
[    0.488175] Btrfs loaded, zoned=yes, fsverity=yes
[    0.489063] Key type big_key registered
[    0.492380] Key type encrypted registered
[    0.493160] ima: No TPM chip found, activating TPM-bypass!
[    0.494170] Loading compiled-in module X.509 certificates
[    0.495533] Loaded X.509 cert 'Build time autogenerated kernel key: 98bb5bafa24b265aecc3e814ab025e3fc52fe743'
[    0.497325] ima: Allocated hash algorithm: sha256
[    0.498209] ima: No architecture policies found
[    0.499056] evm: Initialising EVM extended attributes:
[    0.499993] evm: security.selinux
[    0.500606] evm: security.SMACK64 (disabled)
[    0.501376] evm: security.SMACK64EXEC (disabled)
[    0.502217] evm: security.SMACK64TRANSMUTE (disabled)
[    0.503135] evm: security.SMACK64MMAP (disabled)
[    0.503972] evm: security.apparmor (disabled)
[    0.504772] evm: security.ima
[    0.505312] evm: security.capability
[    0.505964] evm: HMAC attrs: 0x1
[    0.528761] alg: No test for 842 (842-scomp)
[    0.529615] alg: No test for 842 (842-generic)
[    0.617817] PM:   Magic number: 3:239:523
[    0.622140] RAS: Correctable Errors collector initialized.
[    0.623232] clk: Disabling unused clocks
[    0.626880] Freeing unused decrypted memory: 2036K
[    0.628209] Freeing unused kernel image (initmem) memory: 3064K
[    0.629105] Write protecting the kernel read-only data: 32768k
[    0.630587] Freeing unused kernel image (rodata/data gap) memory: 1280K
[    0.669583] x86/mm: Checked W+X mappings: passed, no W+X pages found.
[    0.670567] Run /init as init process
Starting syslogd: OK
Starting klogd: OK
Running sysctl: OK
Saving 256 bits of creditable seed for next boot
Starting network: OK
Linux version 6.5.0-rc5-next-20230809-cbl (nathan@dev-arch.m3-large-x86-01) (ClangBuiltLinux clang version 14.0.6 (https://github.com/llvm/llvm-project f28c006a5895fc0e329fe15fead81e37457cb1d1), ClangBuiltLinux LLD 14.0.6) #1 SMP PREEMPT_DYNAMIC Sat Aug 12 08:28:58 UTC 2023
Stopping network: OK
Seeding 256 bits and crediting
Saving 256 bits of creditable seed for next boot
Stopping klogd: OK
Stopping syslogd: OK
umount: devtmpfs busy - remounted read-only
umount: can't unmount /: Invalid argument

The system is going down NOW!

Sent SIGTERM to all processes

Sent SIGKILL to all processes

Requesting system poweroff
[    2.750973] ACPI: PM: Preparing to enter system sleep state S5
[    2.751894] reboot: Power down
$ timeout --foreground 3m stdbuf -eL -oL /usr/sbin/qemu-system-x86_64 -display none -nodefaults -d unimp,guest_errors -append 'console=ttyS0 earlycon=uart8250,io,0x3f8' -kernel /home/nathan/tmp/build/cbl_lkt/linux-next/x86_64/arch/x86/boot/bzImage -initrd /home/nathan/cbl/llvm-kernel-testing/src/boot-utils/images/x86_64/rootfs.cpio -cpu host -enable-kvm -m 512m -smp 64 -serial mon:stdio
