/home/nathan/cbl/src/linux-next/net/ipv4/tcp_output.c:186:3: warning: result of comparison of constant -1 with expression of type 'u8' (aka 'unsigned char') is always false [-Wtautological-constant-out-of-range-compare]
                NET_ADD_STATS(sock_net(sk), LINUX_MIB_TCPACKCOMPRESSED,
                ^~~~~~~~~~~~~~~~~~~~~~~~~~~~~~~~~~~~~~~~~~~~~~~~~~~~~~~
/home/nathan/cbl/src/linux-next/include/net/ip.h:301:41: note: expanded from macro 'NET_ADD_STATS'
#define NET_ADD_STATS(net, field, adnd) SNMP_ADD_STATS((net)->mib.net_statistics, field, adnd)
                                        ^~~~~~~~~~~~~~~~~~~~~~~~~~~~~~~~~~~~~~~~~~~~~~~~~~~~~~
/home/nathan/cbl/src/linux-next/include/net/snmp.h:143:4: note: expanded from macro 'SNMP_ADD_STATS'
                        this_cpu_add(mib->mibs[field], addend)
                        ^~~~~~~~~~~~~~~~~~~~~~~~~~~~~~~~~~~~~~
/home/nathan/cbl/src/linux-next/include/linux/percpu-defs.h:491:33: note: expanded from macro 'this_cpu_add'
#define this_cpu_add(pcp, val)          __pcpu_size_call(this_cpu_add_, pcp, val)
                                        ^~~~~~~~~~~~~~~~~~~~~~~~~~~~~~~~~~~~~~~~~
note: (skipping 1 expansions in backtrace; use -fmacro-backtrace-limit=0 to see all)
<scratch space>:45:1: note: expanded from here
this_cpu_add_8
^
/home/nathan/cbl/src/linux-next/arch/x86/include/asm/percpu.h:370:35: note: expanded from macro 'this_cpu_add_8'
#define this_cpu_add_8(pcp, val)                percpu_add_op(8, volatile, (pcp), val)
                                                ^~~~~~~~~~~~~~~~~~~~~~~~~~~~~~~~~~~~~~
/home/nathan/cbl/src/linux-next/arch/x86/include/asm/percpu.h:127:31: note: expanded from macro 'percpu_add_op'
                              ((val) == 1 || (val) == -1)) ?            \
                                             ~~~~~ ^  ~~
1 warning generated.
/home/nathan/cbl/src/linux-next/drivers/block/rbd.c:6149:17: warning: result of comparison of constant 2305843009213693948 with expression of type 'u32' (aka 'unsigned int') is always false [-Wtautological-constant-out-of-range-compare]
        if (snap_count > (SIZE_MAX - sizeof (struct ceph_snap_context))
            ~~~~~~~~~~ ^ ~~~~~~~~~~~~~~~~~~~~~~~~~~~~~~~~~~~~~~~~~~~~~~
1 warning generated.
/home/nathan/cbl/src/linux-next/drivers/net/wireless/ath/ath9k/main.c:1566:21: warning: parameter 'changed_flags' set but not used [-Wunused-but-set-parameter]
                                   unsigned int changed_flags,
                                                ^
1 warning generated.
/home/nathan/cbl/src/linux-next/drivers/net/wireless/ath/ath5k/mac80211-ops.c:367:62: warning: parameter 'changed_flags' set but not used [-Wunused-but-set-parameter]
ath5k_configure_filter(struct ieee80211_hw *hw, unsigned int changed_flags,
                                                             ^
1 warning generated.
/home/nathan/cbl/src/linux-next/drivers/net/wireless/ath/ath9k/htc_drv_main.c:1258:25: warning: parameter 'changed_flags' set but not used [-Wunused-but-set-parameter]
                                       unsigned int changed_flags,
                                                    ^
1 warning generated.
/home/nathan/cbl/src/linux-next/net/ceph/osdmap.c:1441:10: warning: result of comparison of constant 4611686018427387891 with expression of type 'u32' (aka 'unsigned int') is always false [-Wtautological-constant-out-of-range-compare]
        if (len > (SIZE_MAX - sizeof(*pg)) / sizeof(u32))
            ~~~ ^ ~~~~~~~~~~~~~~~~~~~~~~~~~~~~~~~~~~~~~~
/home/nathan/cbl/src/linux-next/net/ceph/osdmap.c:1624:10: warning: result of comparison of constant 2305843009213693945 with expression of type 'u32' (aka 'unsigned int') is always false [-Wtautological-constant-out-of-range-compare]
        if (len > (SIZE_MAX - sizeof(*pg)) / (2 * sizeof(u32)))
            ~~~ ^ ~~~~~~~~~~~~~~~~~~~~~~~~~~~~~~~~~~~~~~~~~~~~
2 warnings generated.
/home/nathan/cbl/src/linux-next/drivers/md/dm-integrity.c:4159:12: warning: result of comparison of constant 17179869180 with expression of type 'unsigned int' is always false [-Wtautological-constant-out-of-range-compare]
                        if (val >= (uint64_t)UINT_MAX * 1000 / HZ) {
                            ~~~ ^  ~~~~~~~~~~~~~~~~~~~~~~~~~~~~~~
1 warning generated.
/home/nathan/cbl/src/linux-next/fs/ceph/snap.c:372:10: warning: result of comparison of constant 2305843009213693948 with expression of type 'u32' (aka 'unsigned int') is always false [-Wtautological-constant-out-of-range-compare]
        if (num > (SIZE_MAX - sizeof(*snapc)) / sizeof(u64))
            ~~~ ^ ~~~~~~~~~~~~~~~~~~~~~~~~~~~~~~~~~~~~~~~~~
1 warning generated.
/home/nathan/cbl/src/linux-next/drivers/net/ethernet/qlogic/qed/qed_vf.c:63:67: warning: parameter 'resp_size' set but not used [-Wunused-but-set-parameter]
static int qed_send_msg2pf(struct qed_hwfn *p_hwfn, u8 *done, u32 resp_size)
                                                                  ^
1 warning generated.
WARN: multiple IDs found for 'file': 318, 21899 - using 318
WARN: multiple IDs found for 'task_struct': 352, 21908 - using 352
WARN: multiple IDs found for 'cgroup': 598, 21923 - using 598
WARN: multiple IDs found for 'seq_file': 614, 21949 - using 614
WARN: multiple IDs found for 'inode': 181, 22282 - using 181
WARN: multiple IDs found for 'path': 1476, 22318 - using 1476
WARN: multiple IDs found for 'vm_area_struct': 638, 22497 - using 638
WARN: multiple IDs found for 'inet_connection_sock': 5666, 61628 - using 5666
WARN: multiple IDs found for 'tcp_sock': 7832, 66564 - using 7832

[01;32mQEMU location: [0m/usr/sbin[0m

[01;32mQEMU version: [0mQEMU emulator version 8.0.3[0m
[    0.000000] Linux version 6.5.0-rc5-next-20230809-cbl (nathan@dev-arch.m3-large-x86-01) (ClangBuiltLinux clang version 14.0.6 (https://github.com/llvm/llvm-project f28c006a5895fc0e329fe15fead81e37457cb1d1), ClangBuiltLinux LLD 14.0.6) #1 SMP PREEMPT_DYNAMIC Sat Aug 12 08:23:19 UTC 2023
[    0.000000] Command line: console=ttyS0 earlycon=uart8250,io,0x3f8
[    0.000000] BIOS-provided physical RAM map:
[    0.000000] BIOS-e820: [mem 0x0000000000000000-0x000000000009fbff] usable
[    0.000000] BIOS-e820: [mem 0x000000000009fc00-0x000000000009ffff] reserved
[    0.000000] BIOS-e820: [mem 0x00000000000f0000-0x00000000000fffff] reserved
[    0.000000] BIOS-e820: [mem 0x0000000000100000-0x000000001ffdffff] usable
[    0.000000] BIOS-e820: [mem 0x000000001ffe0000-0x000000001fffffff] reserved
[    0.000000] BIOS-e820: [mem 0x00000000feffc000-0x00000000feffffff] reserved
[    0.000000] BIOS-e820: [mem 0x00000000fffc0000-0x00000000ffffffff] reserved
[    0.000000] BIOS-e820: [mem 0x000000fd00000000-0x000000ffffffffff] reserved
[    0.000000] earlycon: uart8250 at I/O port 0x3f8 (options '')
[    0.000000] printk: bootconsole [uart8250] enabled
[    0.000000] NX (Execute Disable) protection: active
[    0.000000] SMBIOS 2.8 present.
[    0.000000] DMI: QEMU Standard PC (i440FX + PIIX, 1996), BIOS Arch Linux 1.16.2-1-1 04/01/2014
[    0.000000] Hypervisor detected: KVM
[    0.000000] kvm-clock: Using msrs 4b564d01 and 4b564d00
[    0.000000] kvm-clock: using sched offset of 980677774 cycles
[    0.000470] clocksource: kvm-clock: mask: 0xffffffffffffffff max_cycles: 0x1cd42e4dffb, max_idle_ns: 881590591483 ns
[    0.001942] tsc: Detected 2495.312 MHz processor
[    0.002489] last_pfn = 0x1ffe0 max_arch_pfn = 0x400000000
[    0.003001] MTRR map: 4 entries (3 fixed + 1 variable; max 19), built from 8 variable MTRRs
[    0.003757] x86/PAT: Configuration [0-7]: WB  WC  UC- UC  WB  WP  UC- WT  
[    0.006979] found SMP MP-table at [mem 0x000f6e60-0x000f6e6f]
[    0.007553] Using GB pages for direct mapping
[    0.008097] RAMDISK: [mem 0x1fad3000-0x1ffdffff]
[    0.008616] ACPI: Early table checksum verification disabled
[    0.009154] ACPI: RSDP 0x00000000000F6C90 000014 (v00 BOCHS )
[    0.009672] ACPI: RSDT 0x000000001FFE31D1 000034 (v01 BOCHS  BXPC     00000001 BXPC 00000001)
[    0.010432] ACPI: FACP 0x000000001FFE2E8D 000074 (v01 BOCHS  BXPC     00000001 BXPC 00000001)
[    0.011237] ACPI: DSDT 0x000000001FFE0040 002E4D (v01 BOCHS  BXPC     00000001 BXPC 00000001)
[    0.011990] ACPI: FACS 0x000000001FFE0000 000040
[    0.012450] ACPI: APIC 0x000000001FFE2F01 000270 (v01 BOCHS  BXPC     00000001 BXPC 00000001)
[    0.013202] ACPI: HPET 0x000000001FFE3171 000038 (v01 BOCHS  BXPC     00000001 BXPC 00000001)
[    0.013973] ACPI: WAET 0x000000001FFE31A9 000028 (v01 BOCHS  BXPC     00000001 BXPC 00000001)
[    0.014730] ACPI: Reserving FACP table memory at [mem 0x1ffe2e8d-0x1ffe2f00]
[    0.015360] ACPI: Reserving DSDT table memory at [mem 0x1ffe0040-0x1ffe2e8c]
[    0.015987] ACPI: Reserving FACS table memory at [mem 0x1ffe0000-0x1ffe003f]
[    0.016617] ACPI: Reserving APIC table memory at [mem 0x1ffe2f01-0x1ffe3170]
[    0.017245] ACPI: Reserving HPET table memory at [mem 0x1ffe3171-0x1ffe31a8]
[    0.017865] ACPI: Reserving WAET table memory at [mem 0x1ffe31a9-0x1ffe31d0]
[    0.018703] No NUMA configuration found
[    0.019045] Faking a node at [mem 0x0000000000000000-0x000000001ffdffff]
[    0.019647] NODE_DATA(0) allocated [mem 0x1faa8000-0x1fad2fff]
[    0.020328] Zone ranges:
[    0.020555]   DMA      [mem 0x0000000000001000-0x0000000000ffffff]
[    0.021097]   DMA32    [mem 0x0000000001000000-0x000000001ffdffff]
[    0.021655]   Normal   empty
[    0.021910]   Device   empty
[    0.022169] Movable zone start for each node
[    0.022554] Early memory node ranges
[    0.022871]   node   0: [mem 0x0000000000001000-0x000000000009efff]
[    0.023433]   node   0: [mem 0x0000000000100000-0x000000001ffdffff]
[    0.023987] Initmem setup node 0 [mem 0x0000000000001000-0x000000001ffdffff]
[    0.024799] On node 0, zone DMA: 1 pages in unavailable ranges
[    0.024828] On node 0, zone DMA: 97 pages in unavailable ranges
[    0.026169] On node 0, zone DMA32: 32 pages in unavailable ranges
[    0.026922] ACPI: PM-Timer IO Port: 0x608
[    0.027828] ACPI: LAPIC_NMI (acpi_id[0xff] dfl dfl lint[0x1])
[    0.028356] IOAPIC[0]: apic_id 0, version 17, address 0xfec00000, GSI 0-23
[    0.028968] ACPI: INT_SRC_OVR (bus 0 bus_irq 0 global_irq 2 dfl dfl)
[    0.029584] ACPI: INT_SRC_OVR (bus 0 bus_irq 5 global_irq 5 high level)
[    0.030190] ACPI: INT_SRC_OVR (bus 0 bus_irq 9 global_irq 9 high level)
[    0.030808] ACPI: INT_SRC_OVR (bus 0 bus_irq 10 global_irq 10 high level)
[    0.031418] ACPI: INT_SRC_OVR (bus 0 bus_irq 11 global_irq 11 high level)
[    0.032028] ACPI: Using ACPI (MADT) for SMP configuration information
[    0.032629] ACPI: HPET id: 0x8086a201 base: 0xfed00000
[    0.033079] TSC deadline timer available
[    0.033474] smpboot: Allowing 64 CPUs, 0 hotplug CPUs
[    0.033933] kvm-guest: KVM setup pv remote TLB flush
[    0.034376] kvm-guest: setup PV sched yield
[    0.034752] PM: hibernation: Registered nosave memory: [mem 0x00000000-0x00000fff]
[    0.035477] PM: hibernation: Registered nosave memory: [mem 0x0009f000-0x0009ffff]
[    0.036159] PM: hibernation: Registered nosave memory: [mem 0x000a0000-0x000effff]
[    0.036861] PM: hibernation: Registered nosave memory: [mem 0x000f0000-0x000fffff]
[    0.037533] [mem 0x20000000-0xfeffbfff] available for PCI devices
[    0.038070] Booting paravirtualized kernel on KVM
[    0.038497] clocksource: refined-jiffies: mask: 0xffffffff max_cycles: 0xffffffff, max_idle_ns: 7645519600211568 ns
[    0.043742] setup_percpu: NR_CPUS:8192 nr_cpumask_bits:64 nr_cpu_ids:64 nr_node_ids:1
[    0.047340] percpu: Embedded 63 pages/cpu s221184 r8192 d28672 u262144
[    0.048019] kvm-guest: PV spinlocks enabled
[    0.048402] PV qspinlock hash table entries: 256 (order: 0, 4096 bytes, linear)
[    0.049064] Kernel command line: console=ttyS0 earlycon=uart8250,io,0x3f8
[    0.049753] random: crng init done
[    0.050059] printk: log_buf_len individual max cpu contribution: 4096 bytes
[    0.050697] printk: log_buf_len total cpu_extra contributions: 258048 bytes
[    0.051325] printk: log_buf_len min size: 131072 bytes
[    0.052251] printk: log_buf_len: 524288 bytes
[    0.052655] printk: early log buf free: 124632(95%)
[    0.053275] Dentry cache hash table entries: 65536 (order: 7, 524288 bytes, linear)
[    0.053992] Inode-cache hash table entries: 32768 (order: 6, 262144 bytes, linear)
[    0.055073] Fallback order for Node 0: 0 
[    0.055086] Built 1 zonelists, mobility grouping on.  Total pages: 128736
[    0.056108] Policy zone: DMA32
[    0.056436] mem auto-init: stack:all(zero), heap alloc:on, heap free:off
[    0.058152] Memory: 260860K/523768K available (14336K kernel code, 2300K rwdata, 9444K rodata, 2812K init, 4996K bss, 72912K reserved, 0K cma-reserved)
[    0.059719] SLUB: HWalign=64, Order=0-3, MinObjects=0, CPUs=64, Nodes=1
[    0.060347] ftrace: allocating 42393 entries in 166 pages
[    0.061018] ftrace: allocated 166 pages with 4 groups
[    0.062289] Dynamic Preempt: voluntary
[    0.062971] rcu: Preemptible hierarchical RCU implementation.
[    0.063502] rcu: 	RCU restricting CPUs from NR_CPUS=8192 to nr_cpu_ids=64.
[    0.064143] 	Trampoline variant of Tasks RCU enabled.
[    0.064630] 	Rude variant of Tasks RCU enabled.
[    0.065035] 	Tracing variant of Tasks RCU enabled.
[    0.065478] rcu: RCU calculated value of scheduler-enlistment delay is 25 jiffies.
[    0.066161] rcu: Adjusting geometry for rcu_fanout_leaf=16, nr_cpu_ids=64
[    0.069584] NR_IRQS: 524544, nr_irqs: 936, preallocated irqs: 16
[    0.070351] rcu: srcu_init: Setting srcu_struct sizes based on contention.
[    0.071164] Console: colour *CGA 80x25
[    0.071534] printk: console [ttyS0] enabled
[    0.071534] printk: console [ttyS0] enabled
[    0.072339] printk: bootconsole [uart8250] disabled
[    0.072339] printk: bootconsole [uart8250] disabled
[    0.073296] ACPI: Core revision 20230628
[    0.073789] clocksource: hpet: mask: 0xffffffff max_cycles: 0xffffffff, max_idle_ns: 19112604467 ns
[    0.074697] APIC: Switch to symmetric I/O mode setup
[    0.075390] x2apic enabled
[    0.075825] Switched APIC routing to physical x2apic.
[    0.076294] kvm-guest: setup PV IPIs
[    0.077630] ..TIMER: vector=0x30 apic1=0 pin1=2 apic2=-1 pin2=-1
[    0.078669] tsc: Marking TSC unstable due to TSCs unsynchronized
[    0.079736] Calibrating delay loop (skipped) preset value.. 4990.62 BogoMIPS (lpj=9981248)
[    0.081327] x86/cpu: User Mode Instruction Prevention (UMIP) activated
[    0.082531] Last level iTLB entries: 4KB 512, 2MB 255, 4MB 127
[    0.083735] Last level dTLB entries: 4KB 512, 2MB 255, 4MB 127, 1GB 0
[    0.084830] Spectre V1 : Mitigation: usercopy/swapgs barriers and __user pointer sanitization
[    0.086264] Spectre V2 : Mitigation: Retpolines
[    0.087734] Spectre V2 : Spectre v2 / SpectreRSB mitigation: Filling RSB on context switch
[    0.089112] Spectre V2 : Spectre v2 / SpectreRSB : Filling RSB on VMEXIT
[    0.090220] Spectre V2 : Enabling Speculation Barrier for firmware calls
[    0.091341] RETBleed: Mitigation: IBPB
[    0.091736] Spectre V2 : mitigation: Enabling conditional Indirect Branch Prediction Barrier
[    0.093176] Speculative Store Bypass: Mitigation: Speculative Store Bypass disabled via prctl
[    0.094596] Speculative Return Stack Overflow: Retbleed IBPB mitigation enabled, using same for SRSO
[    0.095748] x86/fpu: Supporting XSAVE feature 0x001: 'x87 floating point registers'
[    0.097007] x86/fpu: Supporting XSAVE feature 0x002: 'SSE registers'
[    0.098103] x86/fpu: Supporting XSAVE feature 0x004: 'AVX registers'
[    0.099734] x86/fpu: xstate_offset[2]:  576, xstate_sizes[2]:  256
[    0.100763] x86/fpu: Enabled xstate features 0x7, context size is 832 bytes, using 'compacted' format.
[    0.108196] Freeing SMP alternatives memory: 40K
[    0.109033] pid_max: default: 65536 minimum: 512
[    0.109845] LSM: initializing lsm=lockdown,capability,landlock,yama,apparmor,tomoyo,bpf,integrity
[    0.111346] landlock: Up and running.
[    0.111734] Yama: becoming mindful.
[    0.112333] AppArmor: AppArmor initialized
[    0.113038] TOMOYO Linux initialized
[    0.113663] LSM support for eBPF active
[    0.114384] Mount-cache hash table entries: 1024 (order: 1, 8192 bytes, linear)
[    0.115735] Mountpoint-cache hash table entries: 1024 (order: 1, 8192 bytes, linear)
[    0.117329] smpboot: CPU0: AMD EPYC 7502P 32-Core Processor (family: 0x17, model: 0x31, stepping: 0x0)
[    0.118968] RCU Tasks: Setting shift to 6 and lim to 1 rcu_task_cb_adjust=1.
[    0.119733] RCU Tasks Rude: Setting shift to 6 and lim to 1 rcu_task_cb_adjust=1.
[    0.119759] RCU Tasks Trace: Setting shift to 6 and lim to 1 rcu_task_cb_adjust=1.
[    0.121003] Performance Events: Fam17h+ core perfctr, AMD PMU driver.
[    0.122086] ... version:                0
[    0.122742] ... bit width:              48
[    0.123406] ... generic registers:      6
[    0.123736] ... value mask:             0000ffffffffffff
[    0.124648] ... max period:             00007fffffffffff
[    0.125560] ... fixed-purpose events:   0
[    0.126215] ... event mask:             000000000000003f
[    0.127228] signal: max sigframe size: 1776
[    0.127761] rcu: Hierarchical SRCU implementation.
[    0.128597] rcu: 	Max phase no-delay instances is 1000.
[    0.130165] smp: Bringing up secondary CPUs ...
[    0.131057] smpboot: x86: Booting SMP configuration:
[    0.131739] .... node  #0, CPUs:        #1  #2  #3  #4  #5  #6  #7  #8  #9 #10 #11 #12 #13 #14 #15 #16 #17 #18 #19 #20 #21 #22 #23 #24 #25 #26 #27 #28 #29 #30 #31 #32 #33 #34 #35 #36 #37 #38 #39 #40 #41 #42 #43 #44 #45 #46 #47 #48 #49 #50 #51 #52 #53 #54 #55 #56 #57 #58 #59 #60 #61 #62 #63
[    0.171966] smp: Brought up 1 node, 64 CPUs
[    0.176471] smpboot: Max logical packages: 1
[    0.177210] smpboot: Total of 64 processors activated (319399.93 BogoMIPS)
[    0.181047] node 0 deferred pages initialised in 0ms
[    0.181291] devtmpfs: initialized
[    0.183779] x86/mm: Memory block size: 128MB
[    0.184807] clocksource: jiffies: mask: 0xffffffff max_cycles: 0xffffffff, max_idle_ns: 7645041785100000 ns
[    0.185612] futex hash table entries: 16384 (order: 8, 1048576 bytes, linear)
[    0.187857] pinctrl core: initialized pinctrl subsystem
[    0.189831] NET: Registered PF_NETLINK/PF_ROUTE protocol family
[    0.190963] DMA: preallocated 128 KiB GFP_KERNEL pool for atomic allocations
[    0.191800] DMA: preallocated 128 KiB GFP_KERNEL|GFP_DMA pool for atomic allocations
[    0.193158] DMA: preallocated 128 KiB GFP_KERNEL|GFP_DMA32 pool for atomic allocations
[    0.194552] audit: initializing netlink subsys (disabled)
[    0.195652] audit: type=2000 audit(1691828661.081:1): state=initialized audit_enabled=0 res=1
[    0.195771] thermal_sys: Registered thermal governor 'fair_share'
[    0.197231] thermal_sys: Registered thermal governor 'bang_bang'
[    0.198295] thermal_sys: Registered thermal governor 'step_wise'
[    0.199356] thermal_sys: Registered thermal governor 'user_space'
[    0.199738] thermal_sys: Registered thermal governor 'power_allocator'
[    0.200853] cpuidle: using governor ladder
[    0.201648] cpuidle: using governor menu
[    0.203992] acpiphp: ACPI Hot Plug PCI Controller Driver version: 0.5
[    0.205308] PCI: Using configuration type 1 for base access
[    0.206289] PCI: Using configuration type 1 for extended access
[    0.209329] kprobes: kprobe jump-optimization is enabled. All kprobes are optimized if possible.
[    0.216772] HugeTLB: registered 1.00 GiB page size, pre-allocated 0 pages
[    0.216920] HugeTLB: 16380 KiB vmemmap can be freed for a 1.00 GiB page
[    0.218050] HugeTLB: registered 2.00 MiB page size, pre-allocated 0 pages
[    0.219737] HugeTLB: 28 KiB vmemmap can be freed for a 2.00 MiB page
[    0.220889] ACPI: Added _OSI(Module Device)
[    0.220889] ACPI: Added _OSI(Processor Device)
[    0.221298] ACPI: Added _OSI(3.0 _SCP Extensions)
[    0.222112] ACPI: Added _OSI(Processor Aggregator Device)
[    0.224568] ACPI: 1 ACPI AML tables successfully acquired and loaded
[    0.228443] ACPI: _OSC evaluation for CPUs failed, trying _PDC
[    0.229140] ACPI: Interpreter enabled
[    0.229810] ACPI: PM: (supports S0 S3 S4 S5)
[    0.231740] ACPI: Using IOAPIC for interrupt routing
[    0.232639] PCI: Using host bridge windows from ACPI; if necessary, use "pci=nocrs" and report a bug
[    0.234279] PCI: Using E820 reservations for host bridge windows
[    0.235452] ACPI: Enabled 2 GPEs in block 00 to 0F
[    0.239434] ACPI: PCI Root Bridge [PCI0] (domain 0000 [bus 00-ff])
[    0.239741] acpi PNP0A03:00: _OSC: OS supports [ExtendedConfig ASPM ClockPM Segments MSI HPX-Type3]
[    0.241659] acpiphp: Slot [2] registered
[    0.242364] acpiphp: Slot [3] registered
[    0.243052] acpiphp: Slot [4] registered
[    0.243751] acpiphp: Slot [5] registered
[    0.244460] acpiphp: Slot [6] registered
[    0.245160] acpiphp: Slot [7] registered
[    0.245862] acpiphp: Slot [8] registered
[    0.246562] acpiphp: Slot [9] registered
[    0.247256] acpiphp: Slot [10] registered
[    0.247750] acpiphp: Slot [11] registered
[    0.248477] acpiphp: Slot [12] registered
[    0.249199] acpiphp: Slot [13] registered
[    0.249911] acpiphp: Slot [14] registered
[    0.250630] acpiphp: Slot [15] registered
[    0.251372] acpiphp: Slot [16] registered
[    0.251750] acpiphp: Slot [17] registered
[    0.252461] acpiphp: Slot [18] registered
[    0.253181] acpiphp: Slot [19] registered
[    0.253896] acpiphp: Slot [20] registered
[    0.254613] acpiphp: Slot [21] registered
[    0.255351] acpiphp: Slot [22] registered
[    0.255748] acpiphp: Slot [23] registered
[    0.256458] acpiphp: Slot [24] registered
[    0.257162] acpiphp: Slot [25] registered
[    0.257910] acpiphp: Slot [26] registered
[    0.258681] acpiphp: Slot [27] registered
[    0.259398] acpiphp: Slot [28] registered
[    0.259750] acpiphp: Slot [29] registered
[    0.260476] acpiphp: Slot [30] registered
[    0.261196] acpiphp: Slot [31] registered
[    0.261905] PCI host bridge to bus 0000:00
[    0.262647] pci_bus 0000:00: root bus resource [io  0x0000-0x0cf7 window]
[    0.263737] pci_bus 0000:00: root bus resource [io  0x0d00-0xffff window]
[    0.264919] pci_bus 0000:00: root bus resource [mem 0x000a0000-0x000bffff window]
[    0.266244] pci_bus 0000:00: root bus resource [mem 0x20000000-0xfebfffff window]
[    0.267547] pci_bus 0000:00: root bus resource [mem 0x100000000-0x17fffffff window]
[    0.267737] pci_bus 0000:00: root bus resource [bus 00-ff]
[    0.268846] pci 0000:00:00.0: [8086:1237] type 00 class 0x060000
[    0.270338] pci 0000:00:01.0: [8086:7000] type 00 class 0x060100
[    0.271886] pci 0000:00:01.1: [8086:7010] type 00 class 0x010180
[    0.274272] pci 0000:00:01.1: reg 0x20: [io  0xc000-0xc00f]
[    0.275928] pci 0000:00:01.1: legacy IDE quirk: reg 0x10: [io  0x01f0-0x01f7]
[    0.277193] pci 0000:00:01.1: legacy IDE quirk: reg 0x14: [io  0x03f6]
[    0.278335] pci 0000:00:01.1: legacy IDE quirk: reg 0x18: [io  0x0170-0x0177]
[    0.279611] pci 0000:00:01.1: legacy IDE quirk: reg 0x1c: [io  0x0376]
[    0.279892] pci 0000:00:01.3: [8086:7113] type 00 class 0x068000
[    0.281331] pci 0000:00:01.3: quirk: [io  0x0600-0x063f] claimed by PIIX4 ACPI
[    0.282590] pci 0000:00:01.3: quirk: [io  0x0700-0x070f] claimed by PIIX4 SMB
[    0.284178] ACPI: PCI: Interrupt link LNKA configured for IRQ 10
[    0.285353] ACPI: PCI: Interrupt link LNKB configured for IRQ 10
[    0.286497] ACPI: PCI: Interrupt link LNKC configured for IRQ 11
[    0.287625] ACPI: PCI: Interrupt link LNKD configured for IRQ 11
[    0.287827] ACPI: PCI: Interrupt link LNKS configured for IRQ 9
[    0.290568] iommu: Default domain type: Translated
[    0.290568] iommu: DMA domain TLB invalidation policy: lazy mode
[    0.291806] pps_core: LinuxPPS API ver. 1 registered
[    0.292659] pps_core: Software ver. 5.3.6 - Copyright 2005-2007 Rodolfo Giometti <giometti@linux.it>
[    0.294290] PTP clock support registered
[    0.295016] EDAC MC: Ver: 3.0.0
[    0.295915] NetLabel: Initializing
[    0.296523] NetLabel:  domain hash size = 128
[    0.297267] NetLabel:  protocols = UNLABELED CIPSOv4 CALIPSO
[    0.298330] NetLabel:  unlabeled traffic allowed by default
[    0.299308] PCI: Using ACPI for IRQ routing
[    0.299802] vgaarb: loaded
[    0.300307] hpet0: at MMIO 0xfed00000, IRQs 2, 8, 0
[    0.301162] hpet0: 3 comparators, 64-bit 100.000000 MHz counter
[    0.307221] clocksource: Switched to clocksource kvm-clock
[    0.307221] VFS: Disk quotas dquot_6.6.0
[    0.307221] VFS: Dquot-cache hash table entries: 512 (order 0, 4096 bytes)
[    0.307811] AppArmor: AppArmor Filesystem Enabled
[    0.308636] pnp: PnP ACPI init
[    0.309391] pnp: PnP ACPI: found 5 devices
[    0.316735] clocksource: acpi_pm: mask: 0xffffff max_cycles: 0xffffff, max_idle_ns: 2085701024 ns
[    0.318357] NET: Registered PF_INET protocol family
[    0.319277] IP idents hash table entries: 8192 (order: 4, 65536 bytes, linear)
[    0.320910] tcp_listen_portaddr_hash hash table entries: 256 (order: 0, 4096 bytes, linear)
[    0.322361] Table-perturb hash table entries: 65536 (order: 6, 262144 bytes, linear)
[    0.323710] TCP established hash table entries: 4096 (order: 3, 32768 bytes, linear)
[    0.325113] TCP bind hash table entries: 4096 (order: 5, 131072 bytes, linear)
[    0.326365] TCP: Hash tables configured (established 4096 bind 4096)
[    0.327735] MPTCP token hash table entries: 512 (order: 1, 12288 bytes, linear)
[    0.329119] UDP hash table entries: 256 (order: 1, 8192 bytes, linear)
[    0.330251] UDP-Lite hash table entries: 256 (order: 1, 8192 bytes, linear)
[    0.331573] NET: Registered PF_UNIX/PF_LOCAL protocol family
[    0.332587] NET: Registered PF_XDP protocol family
[    0.333435] pci_bus 0000:00: resource 4 [io  0x0000-0x0cf7 window]
[    0.334504] pci_bus 0000:00: resource 5 [io  0x0d00-0xffff window]
[    0.335634] pci_bus 0000:00: resource 6 [mem 0x000a0000-0x000bffff window]
[    0.336860] pci_bus 0000:00: resource 7 [mem 0x20000000-0xfebfffff window]
[    0.338071] pci_bus 0000:00: resource 8 [mem 0x100000000-0x17fffffff window]
[    0.339447] pci 0000:00:01.0: PIIX3: Enabling Passive Release
[    0.340462] pci 0000:00:00.0: Limiting direct PCI/PCI transfers
[    0.341541] PCI: CLS 0 bytes, default 64
[    0.342298] Trying to unpack rootfs image as initramfs...
[    0.342950] Initialise system trusted keyrings
[    0.344011] Key type blacklist registered
[    0.344809] workingset: timestamp_bits=36 max_order=17 bucket_order=0
[    0.345958] zbud: loaded
[    0.346976] integrity: Platform Keyring initialized
[    0.347538] Freeing initrd memory: 5172K
[    0.347881] integrity: Machine keyring initialized
[    0.349395] Key type asymmetric registered
[    0.350095] Asymmetric key parser 'x509' registered
[    0.353343] Block layer SCSI generic (bsg) driver version 0.4 loaded (major 247)
[    0.354734] io scheduler mq-deadline registered
[    0.357450] shpchp: Standard Hot Plug PCI Controller Driver version: 0.4
[    0.360407] Serial: 8250/16550 driver, 4 ports, IRQ sharing enabled
[    0.361795] 00:03: ttyS0 at I/O 0x3f8 (irq = 4, base_baud = 115200) is a 16550A
[    0.363501] Linux agpgart interface v0.103
[    0.364299] AMD-Vi: AMD IOMMUv2 functionality not available on this system - This is not a bug.
[    0.373703] i8042: PNP: PS/2 Controller [PNP0303:KBD,PNP0f13:MOU] at 0x60,0x64 irq 1,12
[    0.375840] serio: i8042 KBD port at 0x60,0x64 irq 1
[    0.376693] serio: i8042 AUX port at 0x60,0x64 irq 12
[    0.377677] mousedev: PS/2 mouse device common for all mice
[    0.378672] rtc_cmos 00:04: RTC can wake from S4
[    0.380129] input: AT Translated Set 2 keyboard as /devices/platform/i8042/serio0/input/input0
[    0.380887] rtc_cmos 00:04: registered as rtc0
[    0.382566] rtc_cmos 00:04: setting system clock to 2023-08-12T08:24:20 UTC (1691828660)
[    0.383978] rtc_cmos 00:04: alarms up to one day, y3k, 242 bytes nvram, hpet irqs
[    0.385294] amd_pstate: the _CPC object is not present in SBIOS or ACPI disabled
[    0.388131] ledtrig-cpu: registered to indicate activity on CPUs
[    0.399410] NET: Registered PF_INET6 protocol family
[    0.402765] Segment Routing with IPv6
[    0.403400] In-situ OAM (IOAM) with IPv6
[    0.404107] mip6: Mobile IPv6
[    0.404608] NET: Registered PF_PACKET protocol family
[    0.405564] mpls_gso: MPLS GSO support
[    0.410258] IPI shorthand broadcast: enabled
[    0.411894] sched_clock: Marking stable (409473317, 746141)->(432365562, -22146104)
[    0.413500] registered taskstats version 1
[    0.414632] Loading compiled-in X.509 certificates
[    0.428141] Loaded X.509 cert 'Build time autogenerated kernel key: a8eeb33b910a23491c9b31b681d9c0c9e36f1be8'
[    0.431105] Key type .fscrypt registered
[    0.431761] Key type fscrypt-provisioning registered
[    0.435340] Key type encrypted registered
[    0.436013] AppArmor: AppArmor sha1 policy hashing enabled
[    0.436955] ima: No TPM chip found, activating TPM-bypass!
[    0.437862] ima: Allocated hash algorithm: sha256
[    0.438646] ima: No architecture policies found
[    0.439415] evm: Initialising EVM extended attributes:
[    0.440294] evm: security.selinux
[    0.440858] evm: security.SMACK64 (disabled)
[    0.441574] evm: security.SMACK64EXEC (disabled)
[    0.442367] evm: security.SMACK64TRANSMUTE (disabled)
[    0.443194] evm: security.SMACK64MMAP (disabled)
[    0.444006] evm: security.apparmor
[    0.444566] evm: security.ima
[    0.445112] evm: security.capability
[    0.445705] evm: HMAC attrs: 0x1
[    0.520845] clk: Disabling unused clocks
[    0.523464] Freeing unused decrypted memory: 2036K
[    0.524880] Freeing unused kernel image (initmem) memory: 2812K
[    0.540798] Write protecting the kernel read-only data: 24576k
[    0.542378] Freeing unused kernel image (rodata/data gap) memory: 796K
[    0.581307] x86/mm: Checked W+X mappings: passed, no W+X pages found.
[    0.582206] Run /init as init process
[    0.584670] Not activating Mandatory Access Control as /sbin/tomoyo-init does not exist.
Starting syslogd: OK
Starting klogd: OK
Running sysctl: OK
Saving 256 bits of creditable seed for next boot
Starting network: OK
Linux version 6.5.0-rc5-next-20230809-cbl (nathan@dev-arch.m3-large-x86-01) (ClangBuiltLinux clang version 14.0.6 (https://github.com/llvm/llvm-project f28c006a5895fc0e329fe15fead81e37457cb1d1), ClangBuiltLinux LLD 14.0.6) #1 SMP PREEMPT_DYNAMIC Sat Aug 12 08:23:19 UTC 2023
Stopping network: OK
Seeding 256 bits and crediting
Saving 256 bits of creditable seed for next boot
Stopping klogd: OK
Stopping syslogd: OK
umount: devtmpfs busy - remounted read-only
umount: can't unmount /: Invalid argument

The system is going down NOW!

Sent SIGTERM to all processes

Sent SIGKILL to all processes

Requesting system poweroff
[    2.665100] ACPI: PM: Preparing to enter system sleep state S5
[    2.666011] reboot: Power down
$ timeout --foreground 3m stdbuf -eL -oL /usr/sbin/qemu-system-x86_64 -display none -nodefaults -d unimp,guest_errors -append 'console=ttyS0 earlycon=uart8250,io,0x3f8' -kernel /home/nathan/tmp/build/cbl_lkt/linux-next/x86_64/arch/x86/boot/bzImage -initrd /home/nathan/cbl/llvm-kernel-testing/src/boot-utils/images/x86_64/rootfs.cpio -cpu host -enable-kvm -m 512m -smp 64 -serial mon:stdio
