/home/nathan/cbl/src/linux-next/drivers/block/rbd.c:6149:17: warning: result of comparison of constant 2305843009213693948 with expression of type 'u32' (aka 'unsigned int') is always false [-Wtautological-constant-out-of-range-compare]
        if (snap_count > (SIZE_MAX - sizeof (struct ceph_snap_context))
            ~~~~~~~~~~ ^ ~~~~~~~~~~~~~~~~~~~~~~~~~~~~~~~~~~~~~~~~~~~~~~
1 warning generated.
/home/nathan/cbl/src/linux-next/net/ipv4/tcp_output.c:186:3: warning: result of comparison of constant -1 with expression of type 'u8' (aka 'unsigned char') is always false [-Wtautological-constant-out-of-range-compare]
                NET_ADD_STATS(sock_net(sk), LINUX_MIB_TCPACKCOMPRESSED,
                ^~~~~~~~~~~~~~~~~~~~~~~~~~~~~~~~~~~~~~~~~~~~~~~~~~~~~~~
/home/nathan/cbl/src/linux-next/include/net/ip.h:301:41: note: expanded from macro 'NET_ADD_STATS'
#define NET_ADD_STATS(net, field, adnd) SNMP_ADD_STATS((net)->mib.net_statistics, field, adnd)
                                        ^~~~~~~~~~~~~~~~~~~~~~~~~~~~~~~~~~~~~~~~~~~~~~~~~~~~~~
/home/nathan/cbl/src/linux-next/include/net/snmp.h:143:4: note: expanded from macro 'SNMP_ADD_STATS'
                        this_cpu_add(mib->mibs[field], addend)
                        ^~~~~~~~~~~~~~~~~~~~~~~~~~~~~~~~~~~~~~
/home/nathan/cbl/src/linux-next/include/linux/percpu-defs.h:491:33: note: expanded from macro 'this_cpu_add'
#define this_cpu_add(pcp, val)          __pcpu_size_call(this_cpu_add_, pcp, val)
                                        ^~~~~~~~~~~~~~~~~~~~~~~~~~~~~~~~~~~~~~~~~
note: (skipping 1 expansions in backtrace; use -fmacro-backtrace-limit=0 to see all)
<scratch space>:157:1: note: expanded from here
this_cpu_add_8
^
/home/nathan/cbl/src/linux-next/arch/x86/include/asm/percpu.h:370:35: note: expanded from macro 'this_cpu_add_8'
#define this_cpu_add_8(pcp, val)                percpu_add_op(8, volatile, (pcp), val)
                                                ^~~~~~~~~~~~~~~~~~~~~~~~~~~~~~~~~~~~~~
/home/nathan/cbl/src/linux-next/arch/x86/include/asm/percpu.h:127:31: note: expanded from macro 'percpu_add_op'
                              ((val) == 1 || (val) == -1)) ?            \
                                             ~~~~~ ^  ~~
1 warning generated.
/home/nathan/cbl/src/linux-next/drivers/net/wireless/ath/ath9k/main.c:1566:21: warning: parameter 'changed_flags' set but not used [-Wunused-but-set-parameter]
                                   unsigned int changed_flags,
                                                ^
1 warning generated.
/home/nathan/cbl/src/linux-next/drivers/net/wireless/ath/ath5k/mac80211-ops.c:367:62: warning: parameter 'changed_flags' set but not used [-Wunused-but-set-parameter]
ath5k_configure_filter(struct ieee80211_hw *hw, unsigned int changed_flags,
                                                             ^
1 warning generated.
/home/nathan/cbl/src/linux-next/drivers/net/wireless/ath/ath9k/htc_drv_main.c:1258:25: warning: parameter 'changed_flags' set but not used [-Wunused-but-set-parameter]
                                       unsigned int changed_flags,
                                                    ^
1 warning generated.
/home/nathan/cbl/src/linux-next/net/ceph/osdmap.c:1441:10: warning: result of comparison of constant 4611686018427387891 with expression of type 'u32' (aka 'unsigned int') is always false [-Wtautological-constant-out-of-range-compare]
        if (len > (SIZE_MAX - sizeof(*pg)) / sizeof(u32))
            ~~~ ^ ~~~~~~~~~~~~~~~~~~~~~~~~~~~~~~~~~~~~~~
/home/nathan/cbl/src/linux-next/net/ceph/osdmap.c:1624:10: warning: result of comparison of constant 2305843009213693945 with expression of type 'u32' (aka 'unsigned int') is always false [-Wtautological-constant-out-of-range-compare]
        if (len > (SIZE_MAX - sizeof(*pg)) / (2 * sizeof(u32)))
            ~~~ ^ ~~~~~~~~~~~~~~~~~~~~~~~~~~~~~~~~~~~~~~~~~~~~
2 warnings generated.
drivers/net/wireless/realtek/rtlwifi/rtl8192cu/hw.o: warning: objtool: rtl92cu_hw_init() falls through to next function rtl92cu_card_disable()
/home/nathan/cbl/src/linux-next/drivers/net/ethernet/qlogic/qed/qed_vf.c:63:67: warning: parameter 'resp_size' set but not used [-Wunused-but-set-parameter]
static int qed_send_msg2pf(struct qed_hwfn *p_hwfn, u8 *done, u32 resp_size)
                                                                  ^
1 warning generated.
/home/nathan/cbl/src/linux-next/fs/ceph/snap.c:372:10: warning: result of comparison of constant 2305843009213693948 with expression of type 'u32' (aka 'unsigned int') is always false [-Wtautological-constant-out-of-range-compare]
        if (num > (SIZE_MAX - sizeof(*snapc)) / sizeof(u64))
            ~~~ ^ ~~~~~~~~~~~~~~~~~~~~~~~~~~~~~~~~~~~~~~~~~
1 warning generated.

[01;32mQEMU location: [0m/usr/sbin[0m

[01;32mQEMU version: [0mQEMU emulator version 8.0.3[0m
[    0.000000] Linux version 6.5.0-rc5-next-20230809-cbl (nathan@dev-arch.m3-large-x86-01) (ClangBuiltLinux clang version 14.0.6 (https://github.com/llvm/llvm-project f28c006a5895fc0e329fe15fead81e37457cb1d1), ClangBuiltLinux LLD 14.0.6) #1 SMP PREEMPT_DYNAMIC Sat Aug 12 08:11:34 UTC 2023
[    0.000000] Command line: console=ttyS0 earlycon=uart8250,io,0x3f8
[    0.000000] BIOS-provided physical RAM map:
[    0.000000] BIOS-e820: [mem 0x0000000000000000-0x000000000009fbff] usable
[    0.000000] BIOS-e820: [mem 0x000000000009fc00-0x000000000009ffff] reserved
[    0.000000] BIOS-e820: [mem 0x00000000000f0000-0x00000000000fffff] reserved
[    0.000000] BIOS-e820: [mem 0x0000000000100000-0x000000001ffdffff] usable
[    0.000000] BIOS-e820: [mem 0x000000001ffe0000-0x000000001fffffff] reserved
[    0.000000] BIOS-e820: [mem 0x00000000feffc000-0x00000000feffffff] reserved
[    0.000000] BIOS-e820: [mem 0x00000000fffc0000-0x00000000ffffffff] reserved
[    0.000000] BIOS-e820: [mem 0x000000fd00000000-0x000000ffffffffff] reserved
[    0.000000] earlycon: uart8250 at I/O port 0x3f8 (options '')
[    0.000000] printk: bootconsole [uart8250] enabled
[    0.000000] NX (Execute Disable) protection: active
[    0.000000] SMBIOS 2.8 present.
[    0.000000] DMI: QEMU Standard PC (i440FX + PIIX, 1996), BIOS Arch Linux 1.16.2-1-1 04/01/2014
[    0.000000] Hypervisor detected: KVM
[    0.000000] kvm-clock: Using msrs 4b564d01 and 4b564d00
[    0.000000] kvm-clock: using sched offset of 150261106 cycles
[    0.000516] clocksource: kvm-clock: mask: 0xffffffffffffffff max_cycles: 0x1cd42e4dffb, max_idle_ns: 881590591483 ns
[    0.002088] tsc: Detected 2495.312 MHz processor
[    0.002699] last_pfn = 0x1ffe0 max_arch_pfn = 0x400000000
[    0.003271] MTRR map: 4 entries (3 fixed + 1 variable; max 19), built from 8 variable MTRRs
[    0.004085] x86/PAT: Configuration [0-7]: WB  WC  UC- UC  WB  WP  UC- WT  
[    0.007431] found SMP MP-table at [mem 0x000f6e60-0x000f6e6f]
[    0.008014] Using GB pages for direct mapping
[    0.008581] RAMDISK: [mem 0x1fad3000-0x1ffdffff]
[    0.009123] ACPI: Early table checksum verification disabled
[    0.009674] ACPI: RSDP 0x00000000000F6C90 000014 (v00 BOCHS )
[    0.010235] ACPI: RSDT 0x000000001FFE31D1 000034 (v01 BOCHS  BXPC     00000001 BXPC 00000001)
[    0.011112] ACPI: FACP 0x000000001FFE2E8D 000074 (v01 BOCHS  BXPC     00000001 BXPC 00000001)
[    0.011934] ACPI: DSDT 0x000000001FFE0040 002E4D (v01 BOCHS  BXPC     00000001 BXPC 00000001)
[    0.012796] ACPI: FACS 0x000000001FFE0000 000040
[    0.013241] ACPI: APIC 0x000000001FFE2F01 000270 (v01 BOCHS  BXPC     00000001 BXPC 00000001)
[    0.014066] ACPI: HPET 0x000000001FFE3171 000038 (v01 BOCHS  BXPC     00000001 BXPC 00000001)
[    0.014898] ACPI: WAET 0x000000001FFE31A9 000028 (v01 BOCHS  BXPC     00000001 BXPC 00000001)
[    0.015752] ACPI: Reserving FACP table memory at [mem 0x1ffe2e8d-0x1ffe2f00]
[    0.016476] ACPI: Reserving DSDT table memory at [mem 0x1ffe0040-0x1ffe2e8c]
[    0.017155] ACPI: Reserving FACS table memory at [mem 0x1ffe0000-0x1ffe003f]
[    0.017836] ACPI: Reserving APIC table memory at [mem 0x1ffe2f01-0x1ffe3170]
[    0.018511] ACPI: Reserving HPET table memory at [mem 0x1ffe3171-0x1ffe31a8]
[    0.019242] ACPI: Reserving WAET table memory at [mem 0x1ffe31a9-0x1ffe31d0]
[    0.020152] No NUMA configuration found
[    0.020527] Faking a node at [mem 0x0000000000000000-0x000000001ffdffff]
[    0.021181] NODE_DATA(0) allocated [mem 0x1face000-0x1fad2fff]
[    0.021751] Zone ranges:
[    0.022035]   DMA      [mem 0x0000000000001000-0x0000000000ffffff]
[    0.022644]   DMA32    [mem 0x0000000001000000-0x000000001ffdffff]
[    0.023287]   Normal   empty
[    0.023565] Movable zone start for each node
[    0.023979] Early memory node ranges
[    0.024322]   node   0: [mem 0x0000000000001000-0x000000000009efff]
[    0.024928]   node   0: [mem 0x0000000000100000-0x000000001ffdffff]
[    0.025535] Initmem setup node 0 [mem 0x0000000000001000-0x000000001ffdffff]
[    0.026402] On node 0, zone DMA: 1 pages in unavailable ranges
[    0.026422] On node 0, zone DMA: 97 pages in unavailable ranges
[    0.028120] On node 0, zone DMA32: 32 pages in unavailable ranges
[    0.028910] ACPI: PM-Timer IO Port: 0x608
[    0.029898] ACPI: LAPIC_NMI (acpi_id[0xff] dfl dfl lint[0x1])
[    0.030475] IOAPIC[0]: apic_id 0, version 17, address 0xfec00000, GSI 0-23
[    0.031148] ACPI: INT_SRC_OVR (bus 0 bus_irq 0 global_irq 2 dfl dfl)
[    0.031761] ACPI: INT_SRC_OVR (bus 0 bus_irq 5 global_irq 5 high level)
[    0.032408] ACPI: INT_SRC_OVR (bus 0 bus_irq 9 global_irq 9 high level)
[    0.033053] ACPI: INT_SRC_OVR (bus 0 bus_irq 10 global_irq 10 high level)
[    0.033703] ACPI: INT_SRC_OVR (bus 0 bus_irq 11 global_irq 11 high level)
[    0.034369] ACPI: Using ACPI (MADT) for SMP configuration information
[    0.034995] ACPI: HPET id: 0x8086a201 base: 0xfed00000
[    0.035492] TSC deadline timer available
[    0.035874] smpboot: Allowing 64 CPUs, 0 hotplug CPUs
[    0.036382] kvm-guest: KVM setup pv remote TLB flush
[    0.036871] kvm-guest: setup PV sched yield
[    0.037278] PM: hibernation: Registered nosave memory: [mem 0x00000000-0x00000fff]
[    0.038017] PM: hibernation: Registered nosave memory: [mem 0x0009f000-0x0009ffff]
[    0.038737] PM: hibernation: Registered nosave memory: [mem 0x000a0000-0x000effff]
[    0.039475] PM: hibernation: Registered nosave memory: [mem 0x000f0000-0x000fffff]
[    0.040211] [mem 0x20000000-0xfeffbfff] available for PCI devices
[    0.040805] Booting paravirtualized kernel on KVM
[    0.041310] clocksource: refined-jiffies: mask: 0xffffffff max_cycles: 0xffffffff, max_idle_ns: 1910969940391419 ns
[    0.042355] setup_percpu: NR_CPUS:256 nr_cpumask_bits:64 nr_cpu_ids:64 nr_node_ids:1
[    0.045836] percpu: Embedded 47 pages/cpu s155048 r8192 d29272 u262144
[    0.046579] Kernel command line: console=ttyS0 earlycon=uart8250,io,0x3f8
[    0.047315] random: crng init done
[    0.047647] printk: log_buf_len individual max cpu contribution: 4096 bytes
[    0.048371] printk: log_buf_len total cpu_extra contributions: 258048 bytes
[    0.049061] printk: log_buf_len min size: 262144 bytes
[    0.049939] printk: log_buf_len: 524288 bytes
[    0.050370] printk: early log buf free: 255856(97%)
[    0.051038] Dentry cache hash table entries: 65536 (order: 7, 524288 bytes, linear)
[    0.051848] Inode-cache hash table entries: 32768 (order: 6, 262144 bytes, linear)
[    0.052977] Fallback order for Node 0: 0 
[    0.052990] Built 1 zonelists, mobility grouping on.  Total pages: 128736
[    0.054079] Policy zone: DMA32
[    0.054387] mem auto-init: stack:off, heap alloc:on, heap free:off
[    0.056152] Memory: 473316K/523768K available (12288K kernel code, 1484K rwdata, 2324K rodata, 1424K init, 1048K bss, 50192K reserved, 0K cma-reserved)
[    0.057769] SLUB: HWalign=64, Order=0-3, MinObjects=0, CPUs=64, Nodes=1
[    0.058523] Dynamic Preempt: full
[    0.059221] rcu: Preemptible hierarchical RCU implementation.
[    0.059804] rcu: 	RCU restricting CPUs from NR_CPUS=256 to nr_cpu_ids=64.
[    0.060476] 	Trampoline variant of Tasks RCU enabled.
[    0.060979] 	Tracing variant of Tasks RCU enabled.
[    0.061450] rcu: RCU calculated value of scheduler-enlistment delay is 100 jiffies.
[    0.062241] rcu: Adjusting geometry for rcu_fanout_leaf=16, nr_cpu_ids=64
[    0.062947] NR_IRQS: 16640, nr_irqs: 936, preallocated irqs: 16
[    0.063749] rcu: srcu_init: Setting srcu_struct sizes based on contention.
[    0.064598] Console: colour *CGA 80x25
[    0.064999] printk: console [ttyS0] enabled
[    0.064999] printk: console [ttyS0] enabled
[    0.065835] printk: bootconsole [uart8250] disabled
[    0.065835] printk: bootconsole [uart8250] disabled
[    0.066848] ACPI: Core revision 20230628
[    0.067394] clocksource: hpet: mask: 0xffffffff max_cycles: 0xffffffff, max_idle_ns: 19112604467 ns
[    0.068390] APIC: Switch to symmetric I/O mode setup
[    0.069109] x2apic enabled
[    0.069598] Switched APIC routing to physical x2apic.
[    0.070119] kvm-guest: setup PV IPIs
[    0.071496] ..TIMER: vector=0x30 apic1=0 pin1=2 apic2=-1 pin2=-1
[    0.072616] tsc: Marking TSC unstable due to TSCs unsynchronized
[    0.073711] Calibrating delay loop (skipped) preset value.. 4990.62 BogoMIPS (lpj=2495312)
[    0.074875] x86/cpu: User Mode Instruction Prevention (UMIP) activated
[    0.076795] Last level iTLB entries: 4KB 512, 2MB 255, 4MB 127
[    0.077709] Last level dTLB entries: 4KB 512, 2MB 255, 4MB 127, 1GB 0
[    0.078713] Spectre V1 : Mitigation: usercopy/swapgs barriers and __user pointer sanitization
[    0.079710] Spectre V2 : Mitigation: Retpolines
[    0.080525] Spectre V2 : Spectre v2 / SpectreRSB mitigation: Filling RSB on context switch
[    0.080710] Spectre V2 : Spectre v2 / SpectreRSB : Filling RSB on VMEXIT
[    0.081709] Spectre V2 : Enabling Speculation Barrier for firmware calls
[    0.082710] RETBleed: Mitigation: IBPB
[    0.083711] Spectre V2 : mitigation: Enabling conditional Indirect Branch Prediction Barrier
[    0.084710] Speculative Store Bypass: Mitigation: Speculative Store Bypass disabled via prctl
[    0.085710] Speculative Return Stack Overflow: Retbleed IBPB mitigation enabled, using same for SRSO
[    0.086724] x86/fpu: Supporting XSAVE feature 0x001: 'x87 floating point registers'
[    0.087709] x86/fpu: Supporting XSAVE feature 0x002: 'SSE registers'
[    0.088709] x86/fpu: Supporting XSAVE feature 0x004: 'AVX registers'
[    0.089710] x86/fpu: xstate_offset[2]:  576, xstate_sizes[2]:  256
[    0.090709] x86/fpu: Enabled xstate features 0x7, context size is 832 bytes, using 'compacted' format.
[    0.095167] Freeing SMP alternatives memory: 36K
[    0.095710] pid_max: default: 65536 minimum: 512
[    0.096761] LSM: initializing lsm=capability,lockdown
[    0.097739] Mount-cache hash table entries: 1024 (order: 1, 8192 bytes, linear)
[    0.098710] Mountpoint-cache hash table entries: 1024 (order: 1, 8192 bytes, linear)
[    0.100960] smpboot: CPU0: AMD EPYC 7502P 32-Core Processor (family: 0x17, model: 0x31, stepping: 0x0)
[    0.101818] RCU Tasks: Setting shift to 6 and lim to 1 rcu_task_cb_adjust=1.
[    0.102731] RCU Tasks Trace: Setting shift to 6 and lim to 1 rcu_task_cb_adjust=1.
[    0.103726] Performance Events: Fam17h+ core perfctr, AMD PMU driver.
[    0.104713] ... version:                0
[    0.105418] ... bit width:              48
[    0.105711] ... generic registers:      6
[    0.106419] ... value mask:             0000ffffffffffff
[    0.106711] ... max period:             00007fffffffffff
[    0.107653] ... fixed-purpose events:   0
[    0.107711] ... event mask:             000000000000003f
[    0.108748] signal: max sigframe size: 1776
[    0.109505] rcu: Hierarchical SRCU implementation.
[    0.109711] rcu: 	Max phase no-delay instances is 400.
[    0.111124] smp: Bringing up secondary CPUs ...
[    0.111779] smpboot: x86: Booting SMP configuration:
[    0.112650] .... node  #0, CPUs:        #1  #2  #3  #4  #5  #6  #7  #8  #9 #10 #11 #12 #13 #14 #15 #16 #17 #18 #19 #20 #21 #22 #23 #24 #25 #26 #27 #28 #29 #30 #31 #32 #33 #34 #35 #36 #37 #38 #39 #40 #41 #42 #43 #44 #45 #46 #47 #48 #49 #50 #51 #52 #53 #54 #55 #56 #57 #58 #59 #60 #61 #62 #63
[    0.154981] smp: Brought up 1 node, 64 CPUs
[    0.156433] smpboot: Max logical packages: 1
[    0.156714] smpboot: Total of 64 processors activated (319399.93 BogoMIPS)
[    0.166050] devtmpfs: initialized
[    0.166895] clocksource: jiffies: mask: 0xffffffff max_cycles: 0xffffffff, max_idle_ns: 1911260446275000 ns
[    0.167788] futex hash table entries: 16384 (order: 8, 1048576 bytes, linear)
[    0.168808] pinctrl core: initialized pinctrl subsystem
[    0.170595] NET: Registered PF_NETLINK/PF_ROUTE protocol family
[    0.170788] audit: initializing netlink subsys (disabled)
[    0.171755] audit: type=2000 audit(1691827918.382:1): state=initialized audit_enabled=0 res=1
[    0.171797] thermal_sys: Registered thermal governor 'fair_share'
[    0.172712] thermal_sys: Registered thermal governor 'bang_bang'
[    0.173712] thermal_sys: Registered thermal governor 'step_wise'
[    0.174711] thermal_sys: Registered thermal governor 'user_space'
[    0.175764] cpuidle: using governor ladder
[    0.177461] cpuidle: using governor menu
[    0.178954] acpiphp: ACPI Hot Plug PCI Controller Driver version: 0.5
[    0.179822] PCI: Using configuration type 1 for base access
[    0.180711] PCI: Using configuration type 1 for extended access
[    0.183145] ACPI: Added _OSI(Module Device)
[    0.183713] ACPI: Added _OSI(Processor Device)
[    0.184473] ACPI: Added _OSI(3.0 _SCP Extensions)
[    0.184712] ACPI: Added _OSI(Processor Aggregator Device)
[    0.186489] ACPI: 1 ACPI AML tables successfully acquired and loaded
[    0.187339] ACPI: _OSC evaluation for CPUs failed, trying _PDC
[    0.187912] ACPI: Interpreter enabled
[    0.188628] ACPI: PM: (supports S0 S3 S4 S5)
[    0.188712] ACPI: Using IOAPIC for interrupt routing
[    0.189571] PCI: Using host bridge windows from ACPI; if necessary, use "pci=nocrs" and report a bug
[    0.189711] PCI: Using E820 reservations for host bridge windows
[    0.190813] ACPI: Enabled 2 GPEs in block 00 to 0F
[    0.194814] ACPI: PCI Root Bridge [PCI0] (domain 0000 [bus 00-ff])
[    0.195715] acpi PNP0A03:00: _OSC: OS supports [ExtendedConfig ASPM ClockPM Segments MSI HPX-Type3]
[    0.196960] acpiphp: Slot [2] registered
[    0.197671] acpiphp: Slot [3] registered
[    0.197725] acpiphp: Slot [4] registered
[    0.198428] acpiphp: Slot [5] registered
[    0.198724] acpiphp: Slot [6] registered
[    0.199427] acpiphp: Slot [7] registered
[    0.199722] acpiphp: Slot [8] registered
[    0.200451] acpiphp: Slot [9] registered
[    0.200724] acpiphp: Slot [10] registered
[    0.201472] acpiphp: Slot [11] registered
[    0.201725] acpiphp: Slot [12] registered
[    0.202444] acpiphp: Slot [13] registered
[    0.202722] acpiphp: Slot [14] registered
[    0.203478] acpiphp: Slot [15] registered
[    0.203724] acpiphp: Slot [16] registered
[    0.204436] acpiphp: Slot [17] registered
[    0.204723] acpiphp: Slot [18] registered
[    0.205474] acpiphp: Slot [19] registered
[    0.205724] acpiphp: Slot [20] registered
[    0.206451] acpiphp: Slot [21] registered
[    0.206722] acpiphp: Slot [22] registered
[    0.207480] acpiphp: Slot [23] registered
[    0.207724] acpiphp: Slot [24] registered
[    0.208448] acpiphp: Slot [25] registered
[    0.208724] acpiphp: Slot [26] registered
[    0.209480] acpiphp: Slot [27] registered
[    0.209724] acpiphp: Slot [28] registered
[    0.210448] acpiphp: Slot [29] registered
[    0.210722] acpiphp: Slot [30] registered
[    0.211478] acpiphp: Slot [31] registered
[    0.211722] PCI host bridge to bus 0000:00
[    0.212472] pci_bus 0000:00: root bus resource [io  0x0000-0x0cf7 window]
[    0.212712] pci_bus 0000:00: root bus resource [io  0x0d00-0xffff window]
[    0.213711] pci_bus 0000:00: root bus resource [mem 0x000a0000-0x000bffff window]
[    0.214712] pci_bus 0000:00: root bus resource [mem 0x20000000-0xfebfffff window]
[    0.215712] pci_bus 0000:00: root bus resource [mem 0x100000000-0x17fffffff window]
[    0.216711] pci_bus 0000:00: root bus resource [bus 00-ff]
[    0.217834] pci 0000:00:00.0: [8086:1237] type 00 class 0x060000
[    0.219051] pci 0000:00:01.0: [8086:7000] type 00 class 0x060100
[    0.220156] pci 0000:00:01.1: [8086:7010] type 00 class 0x010180
[    0.221968] pci 0000:00:01.1: reg 0x20: [io  0xc000-0xc00f]
[    0.223098] pci 0000:00:01.1: legacy IDE quirk: reg 0x10: [io  0x01f0-0x01f7]
[    0.223712] pci 0000:00:01.1: legacy IDE quirk: reg 0x14: [io  0x03f6]
[    0.224712] pci 0000:00:01.1: legacy IDE quirk: reg 0x18: [io  0x0170-0x0177]
[    0.225712] pci 0000:00:01.1: legacy IDE quirk: reg 0x1c: [io  0x0376]
[    0.226833] pci 0000:00:01.3: [8086:7113] type 00 class 0x068000
[    0.228050] pci 0000:00:01.3: quirk: [io  0x0600-0x063f] claimed by PIIX4 ACPI
[    0.228719] pci 0000:00:01.3: quirk: [io  0x0700-0x070f] claimed by PIIX4 SMB
[    0.230119] ACPI: PCI: Interrupt link LNKA configured for IRQ 10
[    0.230844] ACPI: PCI: Interrupt link LNKB configured for IRQ 10
[    0.231846] ACPI: PCI: Interrupt link LNKC configured for IRQ 11
[    0.232829] ACPI: PCI: Interrupt link LNKD configured for IRQ 11
[    0.233800] ACPI: PCI: Interrupt link LNKS configured for IRQ 9
[    0.236305] iommu: Default domain type: Translated
[    0.236712] iommu: DMA domain TLB invalidation policy: strict mode
[    0.237786] pps_core: LinuxPPS API ver. 1 registered
[    0.238669] pps_core: Software ver. 5.3.6 - Copyright 2005-2007 Rodolfo Giometti <giometti@linux.it>
[    0.238714] PTP clock support registered
[    0.239426] EDAC MC: Ver: 3.0.0
[    0.239856] PCI: Using ACPI for IRQ routing
[    0.240773] vgaarb: loaded
[    0.241215] hpet0: at MMIO 0xfed00000, IRQs 2, 8, 0
[    0.241712] hpet0: 3 comparators, 64-bit 100.000000 MHz counter
[    0.246637] clocksource: Switched to clocksource kvm-clock
[    0.247078] VFS: Disk quotas dquot_6.6.0
[    0.247862] VFS: Dquot-cache hash table entries: 512 (order 0, 4096 bytes)
[    0.249114] pnp: PnP ACPI init
[    0.249836] pnp: PnP ACPI: found 5 devices
[    0.257435] clocksource: acpi_pm: mask: 0xffffff max_cycles: 0xffffff, max_idle_ns: 2085701024 ns
[    0.259080] NET: Registered PF_INET protocol family
[    0.259956] IP idents hash table entries: 8192 (order: 4, 65536 bytes, linear)
[    0.261500] tcp_listen_portaddr_hash hash table entries: 256 (order: 0, 4096 bytes, linear)
[    0.262997] Table-perturb hash table entries: 65536 (order: 6, 262144 bytes, linear)
[    0.264402] TCP established hash table entries: 4096 (order: 3, 32768 bytes, linear)
[    0.265747] TCP bind hash table entries: 4096 (order: 5, 131072 bytes, linear)
[    0.267040] TCP: Hash tables configured (established 4096 bind 4096)
[    0.268419] MPTCP token hash table entries: 512 (order: 1, 12288 bytes, linear)
[    0.269681] UDP hash table entries: 256 (order: 1, 8192 bytes, linear)
[    0.270850] UDP-Lite hash table entries: 256 (order: 1, 8192 bytes, linear)
[    0.272137] NET: Registered PF_UNIX/PF_LOCAL protocol family
[    0.273168] NET: Registered PF_XDP protocol family
[    0.274001] pci_bus 0000:00: resource 4 [io  0x0000-0x0cf7 window]
[    0.275199] pci_bus 0000:00: resource 5 [io  0x0d00-0xffff window]
[    0.276264] pci_bus 0000:00: resource 6 [mem 0x000a0000-0x000bffff window]
[    0.277499] pci_bus 0000:00: resource 7 [mem 0x20000000-0xfebfffff window]
[    0.278721] pci_bus 0000:00: resource 8 [mem 0x100000000-0x17fffffff window]
[    0.279948] pci 0000:00:01.0: PIIX3: Enabling Passive Release
[    0.280943] pci 0000:00:00.0: Limiting direct PCI/PCI transfers
[    0.282027] PCI: CLS 0 bytes, default 64
[    0.282795] Trying to unpack rootfs image as initramfs...
[    0.283651] Initialise system trusted keyrings
[    0.284690] workingset: timestamp_bits=40 max_order=17 bucket_order=0
[    0.285880] zbud: loaded
[    0.286414] Key type asymmetric registered
[    0.287087] Asymmetric key parser 'x509' registered
[    0.287524] Freeing initrd memory: 5172K
[    0.287944] Block layer SCSI generic (bsg) driver version 0.4 loaded (major 246)
[    0.293069] shpchp: Standard Hot Plug PCI Controller Driver version: 0.4
[    0.296428] ERST DBG: ERST support is disabled.
[    0.297366] Serial: 8250/16550 driver, 4 ports, IRQ sharing enabled
[    0.298677] 00:03: ttyS0 at I/O 0x3f8 (irq = 4, base_baud = 115200) is a 16550A
[    0.307015] i8042: PNP: PS/2 Controller [PNP0303:KBD,PNP0f13:MOU] at 0x60,0x64 irq 1,12
[    0.309247] serio: i8042 KBD port at 0x60,0x64 irq 1
[    0.310167] serio: i8042 AUX port at 0x60,0x64 irq 12
[    0.311152] rtc_cmos 00:04: RTC can wake from S4
[    0.312656] input: AT Translated Set 2 keyboard as /devices/platform/i8042/serio0/input/input0
[    0.313843] rtc_cmos 00:04: registered as rtc0
[    0.315323] rtc_cmos 00:04: setting system clock to 2023-08-12T08:11:58 UTC (1691827918)
[    0.316787] rtc_cmos 00:04: alarms up to one day, y3k, 242 bytes nvram, hpet irqs
[    0.318089] amd_pstate: the _CPC object is not present in SBIOS or ACPI disabled
[    0.319565] gre: GRE over IPv4 demultiplexor driver
[    0.320457] NET: Registered PF_INET6 protocol family
[    0.324220] Segment Routing with IPv6
[    0.324900] In-situ OAM (IOAM) with IPv6
[    0.325653] Key type dns_resolver registered
[    0.330408] IPI shorthand broadcast: enabled
[    0.332692] sched_clock: Marking stable (327069517, 5261847)->(381823155, -49491791)
[    0.334371] registered taskstats version 1
[    0.335414] Loading compiled-in X.509 certificates
[    0.337931] Loaded X.509 cert 'Build time autogenerated kernel key: 25ab1055d657f0fc5b23911b8a09b2b8aad85b7c'
[    0.341937] zswap: loaded using pool lzo/zbud
[    0.343972] Key type .fscrypt registered
[    0.344731] Key type fscrypt-provisioning registered
[    0.345692] clk: Disabling unused clocks
[    0.347285] Freeing unused kernel image (initmem) memory: 1424K
[    0.368301] Write protecting the kernel read-only data: 16384k
[    0.369861] Freeing unused kernel image (rodata/data gap) memory: 1772K
[    0.370811] Run /init as init process
Starting syslogd: OK
Starting klogd: OK
Running sysctl: OK
Saving 256 bits of creditable seed for next boot
Starting network: OK
Linux version 6.5.0-rc5-next-20230809-cbl (nathan@dev-arch.m3-large-x86-01) (ClangBuiltLinux clang version 14.0.6 (https://github.com/llvm/llvm-project f28c006a5895fc0e329fe15fead81e37457cb1d1), ClangBuiltLinux LLD 14.0.6) #1 SMP PREEMPT_DYNAMIC Sat Aug 12 08:11:34 UTC 2023
Stopping network: OK
Seeding 256 bits and crediting
Saving 256 bits of creditable seed for next boot
Stopping klogd: OK
Stopping syslogd: OK
umount: devtmpfs busy - remounted read-only
umount: can't unmount /: Invalid argument

The system is going down NOW!

Sent SIGTERM to all processes

Sent SIGKILL to all processes

Requesting system poweroff
[    2.436997] ACPI: PM: Preparing to enter system sleep state S5
[    2.437977] reboot: Power down
$ timeout --foreground 3m stdbuf -eL -oL /usr/sbin/qemu-system-x86_64 -display none -nodefaults -d unimp,guest_errors -append 'console=ttyS0 earlycon=uart8250,io,0x3f8' -kernel /home/nathan/tmp/build/cbl_lkt/linux-next/x86_64/arch/x86/boot/bzImage -initrd /home/nathan/cbl/llvm-kernel-testing/src/boot-utils/images/x86_64/rootfs.cpio -cpu host -enable-kvm -m 512m -smp 64 -serial mon:stdio
