/home/nathan/cbl/src/linux-next/arch/arm/crypto/sha256_glue.c:37:5: warning: cast from 'void (*)(u32 *, const void *, unsigned int)' (aka 'void (*)(unsigned int *, const void *, unsigned int)') to 'sha256_block_fn *' (aka 'void (*)(struct sha256_state *, const unsigned char *, int)') converts to incompatible function type [-Wcast-function-type-strict]
                                (sha256_block_fn *)sha256_block_data_order);
                                ^~~~~~~~~~~~~~~~~~~~~~~~~~~~~~~~~~~~~~~~~~
/home/nathan/cbl/src/linux-next/arch/arm/crypto/sha256_glue.c:44:5: warning: cast from 'void (*)(u32 *, const void *, unsigned int)' (aka 'void (*)(unsigned int *, const void *, unsigned int)') to 'sha256_block_fn *' (aka 'void (*)(struct sha256_state *, const unsigned char *, int)') converts to incompatible function type [-Wcast-function-type-strict]
                                (sha256_block_fn *)sha256_block_data_order);
                                ^~~~~~~~~~~~~~~~~~~~~~~~~~~~~~~~~~~~~~~~~~
/home/nathan/cbl/src/linux-next/arch/arm/crypto/sha256_glue.c:52:10: warning: cast from 'void (*)(u32 *, const void *, unsigned int)' (aka 'void (*)(unsigned int *, const void *, unsigned int)') to 'sha256_block_fn *' (aka 'void (*)(struct sha256_state *, const unsigned char *, int)') converts to incompatible function type [-Wcast-function-type-strict]
                              (sha256_block_fn *)sha256_block_data_order);
                              ^~~~~~~~~~~~~~~~~~~~~~~~~~~~~~~~~~~~~~~~~~
3 warnings generated.
/home/nathan/cbl/src/linux-next/arch/arm/crypto/sha512-glue.c:34:3: warning: cast from 'void (*)(u64 *, const u8 *, int)' (aka 'void (*)(unsigned long long *, const unsigned char *, int)') to 'sha512_block_fn *' (aka 'void (*)(struct sha512_state *, const unsigned char *, int)') converts to incompatible function type [-Wcast-function-type-strict]
                (sha512_block_fn *)sha512_block_data_order);
                ^~~~~~~~~~~~~~~~~~~~~~~~~~~~~~~~~~~~~~~~~~
/home/nathan/cbl/src/linux-next/arch/arm/crypto/sha512-glue.c:40:3: warning: cast from 'void (*)(u64 *, const u8 *, int)' (aka 'void (*)(unsigned long long *, const unsigned char *, int)') to 'sha512_block_fn *' (aka 'void (*)(struct sha512_state *, const unsigned char *, int)') converts to incompatible function type [-Wcast-function-type-strict]
                (sha512_block_fn *)sha512_block_data_order);
                ^~~~~~~~~~~~~~~~~~~~~~~~~~~~~~~~~~~~~~~~~~
/home/nathan/cbl/src/linux-next/arch/arm/crypto/sha512-glue.c:48:3: warning: cast from 'void (*)(u64 *, const u8 *, int)' (aka 'void (*)(unsigned long long *, const unsigned char *, int)') to 'sha512_block_fn *' (aka 'void (*)(struct sha512_state *, const unsigned char *, int)') converts to incompatible function type [-Wcast-function-type-strict]
                (sha512_block_fn *)sha512_block_data_order);
                ^~~~~~~~~~~~~~~~~~~~~~~~~~~~~~~~~~~~~~~~~~
3 warnings generated.
/home/nathan/cbl/src/linux-next/arch/arm/mach-omap2/omap_hwmod.c:1723:3: warning: result of comparison of constant 2000 with expression of type 'u8' (aka 'unsigned char') is always false [-Wtautological-constant-out-of-range-compare]
                udelay(oh->class->sysc->srst_udelay);
                ^~~~~~~~~~~~~~~~~~~~~~~~~~~~~~~~~~~~
/home/nathan/cbl/src/linux-next/arch/arm/include/asm/delay.h:84:9: note: expanded from macro 'udelay'
          ((n) > (MAX_UDELAY_MS * 1000) ? __bad_udelay() :              \
           ~~~ ^ ~~~~~~~~~~~~~~~~~~~~~~
1 warning generated.
/home/nathan/cbl/src/linux-next/sound/pci/ctxfi/ctatc.c:115:25: warning: cast from 'int (*)(struct hw *, struct src_mgr **)' to 'create_t' (aka 'int (*)(struct hw *, void **)') converts to incompatible function type [-Wcast-function-type-strict]
        [SRC]           = { .create     = (create_t)src_mgr_create,
                                          ^~~~~~~~~~~~~~~~~~~~~~~~
/home/nathan/cbl/src/linux-next/sound/pci/ctxfi/ctatc.c:116:20: warning: cast from 'int (*)(struct src_mgr *)' to 'destroy_t' (aka 'int (*)(void *)') converts to incompatible function type [-Wcast-function-type-strict]
                            .destroy    = (destroy_t)src_mgr_destroy    },
                                          ^~~~~~~~~~~~~~~~~~~~~~~~~~
/home/nathan/cbl/src/linux-next/sound/pci/ctxfi/ctatc.c:117:27: warning: cast from 'int (*)(struct hw *, struct srcimp_mgr **)' to 'create_t' (aka 'int (*)(struct hw *, void **)') converts to incompatible function type [-Wcast-function-type-strict]
        [SRCIMP]        = { .create     = (create_t)srcimp_mgr_create,
                                          ^~~~~~~~~~~~~~~~~~~~~~~~~~~
/home/nathan/cbl/src/linux-next/sound/pci/ctxfi/ctatc.c:118:20: warning: cast from 'int (*)(struct srcimp_mgr *)' to 'destroy_t' (aka 'int (*)(void *)') converts to incompatible function type [-Wcast-function-type-strict]
                            .destroy    = (destroy_t)srcimp_mgr_destroy },
                                          ^~~~~~~~~~~~~~~~~~~~~~~~~~~~~
/home/nathan/cbl/src/linux-next/sound/pci/ctxfi/ctatc.c:119:25: warning: cast from 'int (*)(struct hw *, struct amixer_mgr **)' to 'create_t' (aka 'int (*)(struct hw *, void **)') converts to incompatible function type [-Wcast-function-type-strict]
        [AMIXER]        = { .create     = (create_t)amixer_mgr_create,
                                          ^~~~~~~~~~~~~~~~~~~~~~~~~~~
/home/nathan/cbl/src/linux-next/sound/pci/ctxfi/ctatc.c:120:19: warning: cast from 'int (*)(struct amixer_mgr *)' to 'destroy_t' (aka 'int (*)(void *)') converts to incompatible function type [-Wcast-function-type-strict]
                            .destroy    = (destroy_t)amixer_mgr_destroy },
                                          ^~~~~~~~~~~~~~~~~~~~~~~~~~~~~
/home/nathan/cbl/src/linux-next/sound/pci/ctxfi/ctatc.c:121:23: warning: cast from 'int (*)(struct hw *, struct sum_mgr **)' to 'create_t' (aka 'int (*)(struct hw *, void **)') converts to incompatible function type [-Wcast-function-type-strict]
        [SUM]           = { .create     = (create_t)sum_mgr_create,
                                          ^~~~~~~~~~~~~~~~~~~~~~~~
/home/nathan/cbl/src/linux-next/sound/pci/ctxfi/ctatc.c:122:19: warning: cast from 'int (*)(struct sum_mgr *)' to 'destroy_t' (aka 'int (*)(void *)') converts to incompatible function type [-Wcast-function-type-strict]
                            .destroy    = (destroy_t)sum_mgr_destroy    },
                                          ^~~~~~~~~~~~~~~~~~~~~~~~~~
/home/nathan/cbl/src/linux-next/sound/pci/ctxfi/ctatc.c:123:24: warning: cast from 'int (*)(struct hw *, struct daio_mgr **)' to 'create_t' (aka 'int (*)(struct hw *, void **)') converts to incompatible function type [-Wcast-function-type-strict]
        [DAIO]          = { .create     = (create_t)daio_mgr_create,
                                          ^~~~~~~~~~~~~~~~~~~~~~~~~
/home/nathan/cbl/src/linux-next/sound/pci/ctxfi/ctatc.c:124:19: warning: cast from 'int (*)(struct daio_mgr *)' to 'destroy_t' (aka 'int (*)(void *)') converts to incompatible function type [-Wcast-function-type-strict]
                            .destroy    = (destroy_t)daio_mgr_destroy   }
                                          ^~~~~~~~~~~~~~~~~~~~~~~~~~~
10 warnings generated.
/home/nathan/cbl/src/linux-next/arch/arm/mach-omap2/wd_timer.c:89:3: warning: result of comparison of constant 2000 with expression of type 'u8' (aka 'unsigned char') is always false [-Wtautological-constant-out-of-range-compare]
                udelay(oh->class->sysc->srst_udelay);
                ^~~~~~~~~~~~~~~~~~~~~~~~~~~~~~~~~~~~
/home/nathan/cbl/src/linux-next/arch/arm/include/asm/delay.h:84:9: note: expanded from macro 'udelay'
          ((n) > (MAX_UDELAY_MS * 1000) ? __bad_udelay() :              \
           ~~~ ^ ~~~~~~~~~~~~~~~~~~~~~~
1 warning generated.
/home/nathan/cbl/src/linux-next/lib/radix-tree.c:1136:50: warning: parameter 'slot' set but not used [-Wunused-but-set-parameter]
void __rcu **radix_tree_iter_resume(void __rcu **slot,
                                                 ^
1 warning generated.
/home/nathan/cbl/src/linux-next/sound/core/seq/seq_midi.c:135:30: warning: cast from 'int (*)(struct snd_rawmidi_substream *, const char *, int)' to 'snd_seq_dump_func_t' (aka 'int (*)(void *, void *, int)') converts to incompatible function type [-Wcast-function-type-strict]
                snd_seq_dump_var_event(ev, (snd_seq_dump_func_t)dump_midi, substream);
                                           ^~~~~~~~~~~~~~~~~~~~~~~~~~~~~~
1 warning generated.
/home/nathan/cbl/src/linux-next/sound/core/seq/seq_virmidi.c:83:31: warning: cast from 'int (*)(struct snd_rawmidi_substream *, const unsigned char *, int)' to 'snd_seq_dump_func_t' (aka 'int (*)(void *, void *, int)') converts to incompatible function type [-Wcast-function-type-strict]
                        snd_seq_dump_var_event(ev, (snd_seq_dump_func_t)snd_rawmidi_receive, vmidi->substream);
                                                   ^~~~~~~~~~~~~~~~~~~~~~~~~~~~~~~~~~~~~~~~
1 warning generated.
/home/nathan/cbl/src/linux-next/drivers/block/drbd/drbd_state.c:1632:3: warning: cast from 'int (*)(struct sk_buff *, unsigned int, struct drbd_resource_state_change *, enum drbd_notification_type)' to 'typeof (last_func)' (aka 'int (*)(struct sk_buff *, unsigned int, void *, enum drbd_notification_type)') converts to incompatible function type [-Wcast-function-type-strict]
                REMEMBER_STATE_CHANGE(notify_resource_state_change,
                ^~~~~~~~~~~~~~~~~~~~~~~~~~~~~~~~~~~~~~~~~~~~~~~~~~~
/home/nathan/cbl/src/linux-next/drivers/block/drbd/drbd_state.c:1619:17: note: expanded from macro 'REMEMBER_STATE_CHANGE'
           last_func = (typeof(last_func))func; \
                       ^~~~~~~~~~~~~~~~~~~~~~~
/home/nathan/cbl/src/linux-next/drivers/block/drbd/drbd_state.c:1641:4: warning: cast from 'int (*)(struct sk_buff *, unsigned int, struct drbd_connection_state_change *, enum drbd_notification_type)' to 'typeof (last_func)' (aka 'int (*)(struct sk_buff *, unsigned int, void *, enum drbd_notification_type)') converts to incompatible function type [-Wcast-function-type-strict]
                        REMEMBER_STATE_CHANGE(notify_connection_state_change,
                        ^~~~~~~~~~~~~~~~~~~~~~~~~~~~~~~~~~~~~~~~~~~~~~~~~~~~~
/home/nathan/cbl/src/linux-next/drivers/block/drbd/drbd_state.c:1619:17: note: expanded from macro 'REMEMBER_STATE_CHANGE'
           last_func = (typeof(last_func))func; \
                       ^~~~~~~~~~~~~~~~~~~~~~~
/home/nathan/cbl/src/linux-next/drivers/block/drbd/drbd_state.c:1650:4: warning: cast from 'int (*)(struct sk_buff *, unsigned int, struct drbd_device_state_change *, enum drbd_notification_type)' to 'typeof (last_func)' (aka 'int (*)(struct sk_buff *, unsigned int, void *, enum drbd_notification_type)') converts to incompatible function type [-Wcast-function-type-strict]
                        REMEMBER_STATE_CHANGE(notify_device_state_change,
                        ^~~~~~~~~~~~~~~~~~~~~~~~~~~~~~~~~~~~~~~~~~~~~~~~~
/home/nathan/cbl/src/linux-next/drivers/block/drbd/drbd_state.c:1619:17: note: expanded from macro 'REMEMBER_STATE_CHANGE'
           last_func = (typeof(last_func))func; \
                       ^~~~~~~~~~~~~~~~~~~~~~~
/home/nathan/cbl/src/linux-next/drivers/block/drbd/drbd_state.c:1664:4: warning: cast from 'int (*)(struct sk_buff *, unsigned int, struct drbd_peer_device_state_change *, enum drbd_notification_type)' to 'typeof (last_func)' (aka 'int (*)(struct sk_buff *, unsigned int, void *, enum drbd_notification_type)') converts to incompatible function type [-Wcast-function-type-strict]
                        REMEMBER_STATE_CHANGE(notify_peer_device_state_change,
                        ^~~~~~~~~~~~~~~~~~~~~~~~~~~~~~~~~~~~~~~~~~~~~~~~~~~~~~
/home/nathan/cbl/src/linux-next/drivers/block/drbd/drbd_state.c:1619:17: note: expanded from macro 'REMEMBER_STATE_CHANGE'
           last_func = (typeof(last_func))func; \
                       ^~~~~~~~~~~~~~~~~~~~~~~
4 warnings generated.
/home/nathan/cbl/src/linux-next/fs/ubifs/find.c:170:9: warning: cast from 'int (*)(struct ubifs_info *, const struct ubifs_lprops *, int, struct scan_data *)' to 'ubifs_lpt_scan_callback' (aka 'int (*)(struct ubifs_info *, const struct ubifs_lprops *, int, void *)') converts to incompatible function type [-Wcast-function-type-strict]
                                    (ubifs_lpt_scan_callback)scan_for_dirty_cb,
                                    ^~~~~~~~~~~~~~~~~~~~~~~~~~~~~~~~~~~~~~~~~~
/home/nathan/cbl/src/linux-next/fs/ubifs/find.c:449:9: warning: cast from 'int (*)(struct ubifs_info *, const struct ubifs_lprops *, int, struct scan_data *)' to 'ubifs_lpt_scan_callback' (aka 'int (*)(struct ubifs_info *, const struct ubifs_lprops *, int, void *)') converts to incompatible function type [-Wcast-function-type-strict]
                                    (ubifs_lpt_scan_callback)scan_for_free_cb,
                                    ^~~~~~~~~~~~~~~~~~~~~~~~~~~~~~~~~~~~~~~~~
/home/nathan/cbl/src/linux-next/fs/ubifs/find.c:629:9: warning: cast from 'int (*)(struct ubifs_info *, const struct ubifs_lprops *, int, struct scan_data *)' to 'ubifs_lpt_scan_callback' (aka 'int (*)(struct ubifs_info *, const struct ubifs_lprops *, int, void *)') converts to incompatible function type [-Wcast-function-type-strict]
                                    (ubifs_lpt_scan_callback)scan_for_idx_cb,
                                    ^~~~~~~~~~~~~~~~~~~~~~~~~~~~~~~~~~~~~~~~
/home/nathan/cbl/src/linux-next/fs/ubifs/find.c:757:7: warning: cast from 'int (*)(const struct ubifs_lprops **, const struct ubifs_lprops **)' to 'int (*)(const void *, const void *)' converts to incompatible function type [-Wcast-function-type-strict]
             (int (*)(const void *, const void *))cmp_dirty_idx, NULL);
             ^~~~~~~~~~~~~~~~~~~~~~~~~~~~~~~~~~~~~~~~~~~~~~~~~~
/home/nathan/cbl/src/linux-next/fs/ubifs/find.c:846:9: warning: cast from 'int (*)(struct ubifs_info *, const struct ubifs_lprops *, int, struct scan_data *)' to 'ubifs_lpt_scan_callback' (aka 'int (*)(struct ubifs_info *, const struct ubifs_lprops *, int, void *)') converts to incompatible function type [-Wcast-function-type-strict]
                                    (ubifs_lpt_scan_callback)scan_dirty_idx_cb,
                                    ^~~~~~~~~~~~~~~~~~~~~~~~~~~~~~~~~~~~~~~~~~
5 warnings generated.
/home/nathan/cbl/src/linux-next/drivers/net/wireless/ath/ath9k/main.c:1566:21: warning: parameter 'changed_flags' set but not used [-Wunused-but-set-parameter]
                                   unsigned int changed_flags,
                                                ^
1 warning generated.
/home/nathan/cbl/src/linux-next/fs/ubifs/lprops.c:1272:9: warning: cast from 'int (*)(struct ubifs_info *, const struct ubifs_lprops *, int, struct ubifs_lp_stats *)' to 'ubifs_lpt_scan_callback' (aka 'int (*)(struct ubifs_info *, const struct ubifs_lprops *, int, void *)') converts to incompatible function type [-Wcast-function-type-strict]
                                    (ubifs_lpt_scan_callback)scan_check_cb,
                                    ^~~~~~~~~~~~~~~~~~~~~~~~~~~~~~~~~~~~~~
1 warning generated.
/home/nathan/cbl/src/linux-next/drivers/net/wireless/broadcom/brcm80211/brcmsmac/phy_shim.c:64:34: warning: cast from 'void (*)(struct brcms_phy *)' to 'void (*)(void *)' converts to incompatible function type [-Wcast-function-type-strict]
                        brcms_init_timer(physhim->wl, (void (*)(void *))fn,
                                                      ^~~~~~~~~~~~~~~~~~~~
1 warning generated.
/home/nathan/cbl/src/linux-next/drivers/net/ethernet/brocade/bna/bnad.c:1995:4: warning: cast from 'void (*)(struct delayed_work *)' to 'work_func_t' (aka 'void (*)(struct work_struct *)') converts to incompatible function type [-Wcast-function-type-strict]
                        (work_func_t)bnad_tx_cleanup);
                        ^~~~~~~~~~~~~~~~~~~~~~~~~~~~
/home/nathan/cbl/src/linux-next/include/linux/workqueue.h:320:29: note: expanded from macro 'INIT_DELAYED_WORK'
        __INIT_DELAYED_WORK(_work, _func, 0)
                                   ^~~~~
/home/nathan/cbl/src/linux-next/include/linux/workqueue.h:305:30: note: expanded from macro '__INIT_DELAYED_WORK'
                INIT_WORK(&(_work)->work, (_func));                     \
                                           ^~~~~
/home/nathan/cbl/src/linux-next/include/linux/workqueue.h:298:24: note: expanded from macro 'INIT_WORK'
        __INIT_WORK((_work), (_func), 0)
                              ^~~~~
/home/nathan/cbl/src/linux-next/include/linux/workqueue.h:293:20: note: expanded from macro '__INIT_WORK'
                (_work)->func = (_func);                                \
                                 ^~~~~
/home/nathan/cbl/src/linux-next/drivers/net/ethernet/brocade/bna/bnad.c:2252:4: warning: cast from 'void (*)(void *)' to 'work_func_t' (aka 'void (*)(struct work_struct *)') converts to incompatible function type [-Wcast-function-type-strict]
                        (work_func_t)(bnad_rx_cleanup));
                        ^~~~~~~~~~~~~~~~~~~~~~~~~~~~~~
/home/nathan/cbl/src/linux-next/include/linux/workqueue.h:298:24: note: expanded from macro 'INIT_WORK'
        __INIT_WORK((_work), (_func), 0)
                              ^~~~~
/home/nathan/cbl/src/linux-next/include/linux/workqueue.h:293:20: note: expanded from macro '__INIT_WORK'
                (_work)->func = (_func);                                \
                                 ^~~~~
2 warnings generated.
/home/nathan/cbl/src/linux-next/drivers/net/wireless/ath/ath5k/mac80211-ops.c:367:62: warning: parameter 'changed_flags' set but not used [-Wunused-but-set-parameter]
ath5k_configure_filter(struct ieee80211_hw *hw, unsigned int changed_flags,
                                                             ^
1 warning generated.
/home/nathan/cbl/src/linux-next/drivers/net/wireless/ath/ath9k/htc_drv_main.c:1258:25: warning: parameter 'changed_flags' set but not used [-Wunused-but-set-parameter]
                                       unsigned int changed_flags,
                                                    ^
1 warning generated.
/home/nathan/cbl/src/linux-next/drivers/scsi/bfa/bfad_bsg.c:2138:29: warning: cast from 'void (*)(void *, enum bfa_status)' to 'bfa_cb_cbfn_t' (aka 'void (*)(void *, enum bfa_boolean)') converts to incompatible function type [-Wcast-function-type-strict]
        bfa_pending_q_init(&cb_qe, (bfa_cb_cbfn_t)bfad_hcb_comp,
                                   ^~~~~~~~~~~~~~~~~~~~~~~~~~~~
/home/nathan/cbl/src/linux-next/drivers/scsi/bfa/bfa.h:453:25: note: expanded from macro 'bfa_pending_q_init'
        (__qe)->hcb_qe.cbfn = (__cbfn);                         \
                               ^~~~~~
/home/nathan/cbl/src/linux-next/drivers/scsi/bfa/bfad_bsg.c:2162:29: warning: cast from 'void (*)(void *, enum bfa_status)' to 'bfa_cb_cbfn_t' (aka 'void (*)(void *, enum bfa_boolean)') converts to incompatible function type [-Wcast-function-type-strict]
        bfa_pending_q_init(&cb_qe, (bfa_cb_cbfn_t)bfad_hcb_comp, &fcomp, NULL);
                                   ^~~~~~~~~~~~~~~~~~~~~~~~~~~~
/home/nathan/cbl/src/linux-next/drivers/scsi/bfa/bfa.h:453:25: note: expanded from macro 'bfa_pending_q_init'
        (__qe)->hcb_qe.cbfn = (__cbfn);                         \
                               ^~~~~~
/home/nathan/cbl/src/linux-next/drivers/scsi/bfa/bfad_bsg.c:2446:29: warning: cast from 'void (*)(void *, enum bfa_status)' to 'bfa_cb_cbfn_t' (aka 'void (*)(void *, enum bfa_boolean)') converts to incompatible function type [-Wcast-function-type-strict]
        bfa_pending_q_init(&cb_qe, (bfa_cb_cbfn_t)bfad_hcb_comp,
                                   ^~~~~~~~~~~~~~~~~~~~~~~~~~~~
/home/nathan/cbl/src/linux-next/drivers/scsi/bfa/bfa.h:453:25: note: expanded from macro 'bfa_pending_q_init'
        (__qe)->hcb_qe.cbfn = (__cbfn);                         \
                               ^~~~~~
/home/nathan/cbl/src/linux-next/drivers/scsi/bfa/bfad_bsg.c:2477:29: warning: cast from 'void (*)(void *, enum bfa_status)' to 'bfa_cb_cbfn_t' (aka 'void (*)(void *, enum bfa_boolean)') converts to incompatible function type [-Wcast-function-type-strict]
        bfa_pending_q_init(&cb_qe, (bfa_cb_cbfn_t)bfad_hcb_comp,
                                   ^~~~~~~~~~~~~~~~~~~~~~~~~~~~
/home/nathan/cbl/src/linux-next/drivers/scsi/bfa/bfa.h:453:25: note: expanded from macro 'bfa_pending_q_init'
        (__qe)->hcb_qe.cbfn = (__cbfn);                         \
                               ^~~~~~
4 warnings generated.
/home/nathan/cbl/src/linux-next/drivers/scsi/bfa/bfa_core.c:1917:11: warning: cast from 'bfa_cb_cbfn_t' (aka 'void (*)(void *, enum bfa_boolean)') to 'bfa_cb_cbfn_status_t' (aka 'void (*)(void *, enum bfa_status)') converts to incompatible function type [-Wcast-function-type-strict]
                        cbfn = (bfa_cb_cbfn_status_t)(hcb_qe->cbfn);
                               ^~~~~~~~~~~~~~~~~~~~~~~~~~~~~~~~~~~~
1 warning generated.
/home/nathan/cbl/src/linux-next/drivers/media/usb/pvrusb2/pvrusb2-v4l2.c:1070:30: warning: cast from 'void (*)(struct pvr2_v4l2_fh *)' to 'pvr2_stream_callback' (aka 'void (*)(void *)') converts to incompatible function type [-Wcast-function-type-strict]
        pvr2_stream_set_callback(sp,(pvr2_stream_callback)pvr2_v4l2_notify,fh);
                                    ^~~~~~~~~~~~~~~~~~~~~~~~~~~~~~~~~~~~~~
1 warning generated.
/home/nathan/cbl/src/linux-next/drivers/media/usb/pvrusb2/pvrusb2-context.c:110:6: warning: cast from 'void (*)(struct pvr2_context *)' to 'void (*)(void *)' converts to incompatible function type [-Wcast-function-type-strict]
                                        (void (*)(void *))pvr2_context_notify,
                                        ^~~~~~~~~~~~~~~~~~~~~~~~~~~~~~~~~~~~~
1 warning generated.
/home/nathan/cbl/src/linux-next/drivers/media/usb/pvrusb2/pvrusb2-dvb.c:152:6: warning: cast from 'void (*)(struct pvr2_dvb_adapter *)' to 'pvr2_stream_callback' (aka 'void (*)(void *)') converts to incompatible function type [-Wcast-function-type-strict]
                                 (pvr2_stream_callback) pvr2_dvb_notify, adap);
                                 ^~~~~~~~~~~~~~~~~~~~~~~~~~~~~~~~~~~~~~
1 warning generated.
/home/nathan/cbl/src/linux-next/drivers/md/dm-integrity.c:4159:12: warning: result of comparison of constant 17179869180 with expression of type 'unsigned int' is always false [-Wtautological-constant-out-of-range-compare]
                        if (val >= (uint64_t)UINT_MAX * 1000 / HZ) {
                            ~~~ ^  ~~~~~~~~~~~~~~~~~~~~~~~~~~~~~~
1 warning generated.
/home/nathan/cbl/src/linux-next/drivers/net/ethernet/ti/cpts.c:691:12: warning: cast from 'void (*)(struct clk_hw *)' to 'void (*)(void *)' converts to incompatible function type [-Wcast-function-type-strict]
                                       (void(*)(void *))clk_hw_unregister_mux,
                                       ^~~~~~~~~~~~~~~~~~~~~~~~~~~~~~~~~~~~~~
/home/nathan/cbl/src/linux-next/include/linux/device.h:407:38: note: expanded from macro 'devm_add_action_or_reset'
        __devm_add_action_or_reset(release, action, data, #action)
                                            ^~~~~~
/home/nathan/cbl/src/linux-next/drivers/net/ethernet/ti/cpts.c:703:12: warning: cast from 'void (*)(struct device_node *)' to 'void (*)(void *)' converts to incompatible function type [-Wcast-function-type-strict]
                                       (void(*)(void *))of_clk_del_provider,
                                       ^~~~~~~~~~~~~~~~~~~~~~~~~~~~~~~~~~~~
/home/nathan/cbl/src/linux-next/include/linux/device.h:407:38: note: expanded from macro 'devm_add_action_or_reset'
        __devm_add_action_or_reset(release, action, data, #action)
                                            ^~~~~~
2 warnings generated.
/home/nathan/cbl/src/linux-next/drivers/gpu/drm/nouveau/nvkm/subdev/bios/shadow.c:161:10: warning: cast from 'void (*)(const struct firmware *)' to 'void (*)(void *)' converts to incompatible function type [-Wcast-function-type-strict]
        .fini = (void(*)(void *))release_firmware,
                ^~~~~~~~~~~~~~~~~~~~~~~~~~~~~~~~~
1 warning generated.

[01;32mQEMU location: [0m/usr/sbin[0m

[01;32mQEMU version: [0mQEMU emulator version 8.0.3[0m
[    0.000000] Booting Linux on physical CPU 0x0
[    0.000000] Linux version 6.5.0-rc5-next-20230809-ARCH-cbl (nathan@dev-arch.m3-large-x86-01) (ClangBuiltLinux clang version 16.0.6 (https://github.com/llvm/llvm-project 7cbf1a2591520c2491aa35339f227775f4d3adf6), ClangBuiltLinux LLD 16.0.6) #1 SMP PREEMPT Fri Aug 11 20:37:37 UTC 2023
[    0.000000] CPU: ARMv7 Processor [414fc0f0] revision 0 (ARMv7), cr=10c5387d
[    0.000000] CPU: div instructions available: patching division code
[    0.000000] CPU: PIPT / VIPT nonaliasing data cache, PIPT instruction cache
[    0.000000] OF: fdt: Machine model: linux,dummy-virt
[    0.000000] random: crng init done
[    0.000000] earlycon: pl11 at MMIO 0x09000000 (options '')
[    0.000000] printk: bootconsole [pl11] enabled
[    0.000000] Memory policy: Data cache writealloc
[    0.000000] efi: UEFI not found.
[    0.000000] cma: Reserved 64 MiB at 0x5c000000 on node -1
[    0.000000] Zone ranges:
[    0.000000]   DMA      [mem 0x0000000040000000-0x000000005fffffff]
[    0.000000]   Normal   empty
[    0.000000]   HighMem  empty
[    0.000000] Movable zone start for each node
[    0.000000] Early memory node ranges
[    0.000000]   node   0: [mem 0x0000000040000000-0x000000005fffffff]
[    0.000000] Initmem setup node 0 [mem 0x0000000040000000-0x000000005fffffff]
[    0.000000] psci: probing for conduit method from DT.
[    0.000000] psci: PSCIv1.1 detected in firmware.
[    0.000000] psci: Using standard PSCI v0.2 function IDs
[    0.000000] psci: Trusted OS migration not required
[    0.000000] psci: SMC Calling Convention v1.0
[    0.000000] percpu: Embedded 14 pages/cpu s27028 r8192 d22124 u57344
[    0.000000] Kernel command line: console=ttyAMA0 earlycon
[    0.000000] Dentry cache hash table entries: 65536 (order: 6, 262144 bytes, linear)
[    0.000000] Inode-cache hash table entries: 32768 (order: 5, 131072 bytes, linear)
[    0.000000] Built 1 zonelists, mobility grouping on.  Total pages: 129920
[    0.000000] mem auto-init: stack:off, heap alloc:on, heap free:off
[    0.000000] Memory: 419544K/524288K available (17408K kernel code, 1876K rwdata, 6388K rodata, 2048K init, 614K bss, 39208K reserved, 65536K cma-reserved, 0K highmem)
[    0.000000] SLUB: HWalign=64, Order=0-3, MinObjects=0, CPUs=1, Nodes=1
[    0.000000] rcu: Preemptible hierarchical RCU implementation.
[    0.000000] rcu: 	RCU restricting CPUs from NR_CPUS=8 to nr_cpu_ids=1.
[    0.000000] 	Trampoline variant of Tasks RCU enabled.
[    0.000000] 	Tracing variant of Tasks RCU enabled.
[    0.000000] rcu: RCU calculated value of scheduler-enlistment delay is 25 jiffies.
[    0.000000] rcu: Adjusting geometry for rcu_fanout_leaf=16, nr_cpu_ids=1
[    0.000000] NR_IRQS: 16, nr_irqs: 16, preallocated irqs: 16
[    0.000000] rcu: srcu_init: Setting srcu_struct sizes based on contention.
[    0.000000] arch_timer: cp15 timer(s) running at 62.50MHz (virt).
[    0.000000] clocksource: arch_sys_counter: mask: 0x1ffffffffffffff max_cycles: 0x1cd42e208c, max_idle_ns: 881590405314 ns
[    0.000122] sched_clock: 57 bits at 63MHz, resolution 16ns, wraps every 4398046511096ns
[    0.000395] Switching to timer-based delay loop, resolution 16ns
[    0.008668] Console: colour dummy device 80x30
[    0.010448] Calibrating delay loop (skipped), value calculated using timer frequency.. 125.00 BogoMIPS (lpj=250000)
[    0.010704] CPU: Testing write buffer coherency: ok
[    0.012118] CPU0: Spectre v2: firmware did not set auxiliary control register IBE bit, system vulnerable
[    0.012371] CPU0: Spectre BHB: enabling loop workaround for all CPUs
[    0.012544] pid_max: default: 32768 minimum: 301
[    0.014183] LSM: initializing lsm=capability,smack,integrity
[    0.015224] Smack:  Initializing.
[    0.015300] Smack:  IPv6 port labeling enabled.
[    0.018257] Mount-cache hash table entries: 1024 (order: 0, 4096 bytes, linear)
[    0.018396] Mountpoint-cache hash table entries: 1024 (order: 0, 4096 bytes, linear)
[    0.042652] /cpus/cpu@0 missing clock-frequency property
[    0.043202] CPU0: thread -1, cpu 0, socket 0, mpidr 80000000
[    0.053596] RCU Tasks: Setting shift to 0 and lim to 1 rcu_task_cb_adjust=1.
[    0.054226] RCU Tasks Trace: Setting shift to 0 and lim to 1 rcu_task_cb_adjust=1.
[    0.054840] Setting up static identity map for 0x40300000 - 0x403000ac
[    0.057318] rcu: Hierarchical SRCU implementation.
[    0.057435] rcu: 	Max phase no-delay instances is 1000.
[    0.061548] EFI services will not be available.
[    0.062817] smp: Bringing up secondary CPUs ...
[    0.063668] smp: Brought up 1 node, 1 CPU
[    0.063798] SMP: Total of 1 processors activated (125.00 BogoMIPS).
[    0.063937] CPU: All CPU(s) started in SVC mode.
[    0.078282] devtmpfs: initialized
[    0.088229] VFP support v0.3: implementor 41 architecture 4 part 30 variant f rev 0
[    0.113122] clocksource: jiffies: mask: 0xffffffff max_cycles: 0xffffffff, max_idle_ns: 7645041785100000 ns
[    0.113892] futex hash table entries: 256 (order: 2, 16384 bytes, linear)
[    0.127416] pinctrl core: initialized pinctrl subsystem
[    0.152947] NET: Registered PF_NETLINK/PF_ROUTE protocol family
[    0.185365] DMA: preallocated 256 KiB pool for atomic coherent allocations
[    0.187766] audit: initializing netlink subsys (disabled)
[    0.189978] audit: type=2000 audit(0.172:1): state=initialized audit_enabled=0 res=1
[    0.194822] thermal_sys: Registered thermal governor 'fair_share'
[    0.194871] thermal_sys: Registered thermal governor 'bang_bang'
[    0.195005] thermal_sys: Registered thermal governor 'step_wise'
[    0.195092] thermal_sys: Registered thermal governor 'user_space'
[    0.195546] cpuidle: using governor menu
[    0.196233] No ATAGs?
[    0.197398] hw-breakpoint: found 5 (+1 reserved) breakpoint and 4 watchpoint registers.
[    0.197554] hw-breakpoint: maximum watchpoint size is 8 bytes.
[    0.200423] Serial: AMBA PL011 UART driver
[    0.236392] 9000000.pl011: ttyAMA0 at MMIO 0x9000000 (irq = 28, base_baud = 0) is a PL011 rev1
[    0.237957] printk: console [ttyAMA0] enabled
[    0.237957] printk: console [ttyAMA0] enabled
[    0.238326] printk: bootconsole [pl11] disabled
[    0.238326] printk: bootconsole [pl11] disabled
[    0.258830] kprobes: kprobe jump-optimization is enabled. All kprobes are optimized if possible.
[    0.338136] raid6: neonx8   gen()   738 MB/s
[    0.407309] raid6: neonx4   gen()  2137 MB/s
[    0.476545] raid6: neonx2   gen()  1608 MB/s
[    0.545735] raid6: neonx1   gen()   906 MB/s
[    0.614955] raid6: int32x8  gen()   393 MB/s
[    0.684073] raid6: int32x4  gen()   486 MB/s
[    0.753260] raid6: int32x2  gen()   628 MB/s
[    0.822840] raid6: int32x1  gen()   523 MB/s
[    0.822962] raid6: using algorithm neonx4 gen() 2137 MB/s
[    0.892650] raid6: .... xor() 745 MB/s, rmw enabled
[    0.892795] raid6: using neon recovery algorithm
[    0.900928] iommu: Default domain type: Translated
[    0.901039] iommu: DMA domain TLB invalidation policy: strict mode
[    0.903962] SCSI subsystem initialized
[    0.906409] usbcore: registered new interface driver usbfs
[    0.906669] usbcore: registered new interface driver hub
[    0.906893] usbcore: registered new device driver usb
[    0.909093] mc: Linux media interface: v0.10
[    0.909323] videodev: Linux video capture interface: v2.00
[    0.909750] pps_core: LinuxPPS API ver. 1 registered
[    0.909833] pps_core: Software ver. 5.3.6 - Copyright 2005-2007 Rodolfo Giometti <giometti@linux.it>
[    0.910019] PTP clock support registered
[    0.910286] EDAC MC: Ver: 3.0.0
[    0.912420] scmi_core: SCMI protocol bus registered
[    0.914572] Advanced Linux Sound Architecture Driver Initialized.
[    0.924569] NetLabel: Initializing
[    0.924652] NetLabel:  domain hash size = 128
[    0.924719] NetLabel:  protocols = UNLABELED CIPSOv4 CALIPSO
[    0.925583] NetLabel:  unlabeled traffic allowed by default
[    0.926487] vgaarb: loaded
[    0.932898] clocksource: Switched to clocksource arch_sys_counter
[    0.936813] VFS: Disk quotas dquot_6.6.0
[    0.937045] VFS: Dquot-cache hash table entries: 1024 (order 0, 4096 bytes)
[    0.960922] NET: Registered PF_INET protocol family
[    0.962427] IP idents hash table entries: 8192 (order: 4, 65536 bytes, linear)
[    0.969739] tcp_listen_portaddr_hash hash table entries: 512 (order: 0, 4096 bytes, linear)
[    0.970063] Table-perturb hash table entries: 65536 (order: 6, 262144 bytes, linear)
[    0.970232] TCP established hash table entries: 4096 (order: 2, 16384 bytes, linear)
[    0.970522] TCP bind hash table entries: 4096 (order: 4, 65536 bytes, linear)
[    0.970830] TCP: Hash tables configured (established 4096 bind 4096)
[    0.972709] MPTCP token hash table entries: 512 (order: 1, 8192 bytes, linear)
[    0.973097] UDP hash table entries: 256 (order: 1, 8192 bytes, linear)
[    0.973424] UDP-Lite hash table entries: 256 (order: 1, 8192 bytes, linear)
[    0.974851] NET: Registered PF_UNIX/PF_LOCAL protocol family
[    0.977603] RPC: Registered named UNIX socket transport module.
[    0.977770] RPC: Registered udp transport module.
[    0.977851] RPC: Registered tcp transport module.
[    0.977917] RPC: Registered tcp-with-tls transport module.
[    0.977990] RPC: Registered tcp NFSv4.1 backchannel transport module.
[    0.978132] NET: Registered PF_XDP protocol family
[    0.978354] PCI: CLS 0 bytes, default 64
[    0.986944] Initialise system trusted keyrings
[    0.989217] workingset: timestamp_bits=14 max_order=17 bucket_order=3
[    0.989517] zbud: loaded
[    0.991209] Trying to unpack rootfs image as initramfs...
[    1.001299] NFS: Registering the id_resolver key type
[    1.001713] Key type id_resolver registered
[    1.001822] Key type id_legacy registered
[    1.002156] nfs4filelayout_init: NFSv4 File Layout Driver Registering...
[    1.002309] nfs4flexfilelayout_init: NFSv4 Flexfile Layout Driver Registering...
[    1.153473] Freeing initrd memory: 3824K
[    1.195725] xor: measuring software checksum speed
[    1.205297]    arm4regs        :  1073 MB/sec
[    1.214432]    8regs           :  1126 MB/sec
[    1.222941]    32regs          :  1224 MB/sec
[    1.233380]    neon            :  1113 MB/sec
[    1.233512] xor: using function: 32regs (1224 MB/sec)
[    1.233966] Key type asymmetric registered
[    1.234072] Asymmetric key parser 'x509' registered
[    1.234535] Block layer SCSI generic (bsg) driver version 0.4 loaded (major 245)
[    1.235571] io scheduler mq-deadline registered
[    1.235693] io scheduler kyber registered
[    1.235926] io scheduler bfq registered
[    1.253876] pl061_gpio 9030000.pl061: PL061 GPIO chip registered
[    1.257400] pci-host-generic 4010000000.pcie: host bridge /pcie@10000000 ranges:
[    1.258174] pci-host-generic 4010000000.pcie:       IO 0x003eff0000..0x003effffff -> 0x0000000000
[    1.258828] pci-host-generic 4010000000.pcie:      MEM 0x0010000000..0x003efeffff -> 0x0010000000
[    1.258989] pci-host-generic 4010000000.pcie:      MEM 0x8000000000..0xffffffffff -> 0x8000000000
[    1.259958] pci-host-generic 4010000000.pcie: can't claim ECAM area [mem 0x10000000-0x1fffffff]: address conflict with pcie@10000000 [mem 0x10000000-0x3efeffff]
[    1.260572] pci-host-generic: probe of 4010000000.pcie failed with error -16
[    1.281394] Serial: 8250/16550 driver, 6 ports, IRQ sharing enabled
[    1.289413] Serial: AMBA driver
[    1.328585] loop: module loaded
[    1.331061] Loading iSCSI transport class v2.0-870.
[    1.332414] iscsi: registered transport (tcp)
[    1.353522] usbcore: registered new interface driver uas
[    1.353743] usbcore: registered new interface driver usb-storage
[    1.353890] usbcore: registered new interface driver ums-cypress
[    1.354031] usbcore: registered new interface driver ums_eneub6250
[    1.354179] usbcore: registered new interface driver ums-freecom
[    1.354327] usbcore: registered new interface driver ums-isd200
[    1.354505] usbcore: registered new interface driver ums-usbat
[    1.364660] rtc-pl031 9010000.pl031: registered as rtc0
[    1.365725] rtc-pl031 9010000.pl031: setting system clock to 2023-08-11T20:38:12 UTC (1691786292)
[    1.369144] i2c_dev: i2c /dev entries driver
[    1.380733] sdhci: Secure Digital Host Controller Interface driver
[    1.380838] sdhci: Copyright(c) Pierre Ossman
[    1.382238] Synopsys Designware Multimedia Card Interface Driver
[    1.383276] VUB300 Driver rom wait states = 1C irqpoll timeout = 0400
[    1.384246] usbcore: registered new interface driver vub300
[    1.384503] usbcore: registered new interface driver ushc
[    1.385710] sdhci-pltfm: SDHCI platform and OF driver helper
[    1.389786] ledtrig-cpu: registered to indicate activity on CPUs
[    1.391563] hid: raw HID events driver (C) Jiri Kosina
[    1.392471] usbcore: registered new interface driver usbhid
[    1.392601] usbhid: USB HID core driver
[    1.401725] NET: Registered PF_INET6 protocol family
[    1.497500] Segment Routing with IPv6
[    1.497786] In-situ OAM (IOAM) with IPv6
[    1.498332] mip6: Mobile IPv6
[    1.498654] NET: Registered PF_PACKET protocol family
[    1.499189] Key type dns_resolver registered
[    1.499905] ThumbEE CPU extension supported.
[    1.500295] Registering SWP/SWPB emulation handler
[    1.526884] registered taskstats version 1
[    1.528262] Loading compiled-in X.509 certificates
[    1.546249] Key type .fscrypt registered
[    1.546341] Key type fscrypt-provisioning registered
[    1.558526] Btrfs loaded, zoned=yes, fsverity=yes
[    1.571618] input: gpio-keys as /devices/platform/gpio-keys/input/input0
[    1.578614] clk: Disabling unused clocks
[    1.579213] ALSA device list:
[    1.579334]   No soundcards found.
[    1.582288] uart-pl011 9000000.pl011: no DMA platform data
[    1.673950] Freeing unused kernel image (initmem) memory: 2048K
[    1.685239] Run /init as init process
Starting syslogd: OK
Starting klogd: OK
Running sysctl: OK
Saving 256 bits of creditable seed for next boot
Starting network: OK
Linux version 6.5.0-rc5-next-20230809-ARCH-cbl (nathan@dev-arch.m3-large-x86-01) (ClangBuiltLinux clang version 16.0.6 (https://github.com/llvm/llvm-project 7cbf1a2591520c2491aa35339f227775f4d3adf6), ClangBuiltLinux LLD 16.0.6) #1 SMP PREEMPT Fri Aug 11 20:37:37 UTC 2023
Stopping network: OK
Seeding 256 bits and crediting
Saving 256 bits of creditable seed for next boot
Stopping klogd: OK
Stopping syslogd: OK
umount: devtmpfs busy - remounted read-only
umount: can't unmount /: Invalid argument

The system is going down NOW!

Sent SIGTERM to all processes

Sent SIGKILL to all processes

Requesting system reboot
[    4.683908] reboot: Restarting system
$ timeout --foreground 3m stdbuf -eL -oL /usr/sbin/qemu-system-arm -display none -nodefaults -no-reboot -machine virt -append 'console=ttyAMA0 earlycon' -kernel /home/nathan/tmp/build/cbl_lkt/linux-next/arm/arch/arm/boot/zImage -initrd /home/nathan/cbl/llvm-kernel-testing/src/boot-utils/images/arm/rootfs.cpio -m 512m -serial mon:stdio
