/home/nathan/cbl/src/linux-next/drivers/bus/mhi/host/main.c:803:13: warning: parameter 'event_quota' set but not used [-Wunused-but-set-parameter]
                             u32 event_quota)
                                 ^
1 warning generated.
/home/nathan/cbl/src/linux-next/lib/radix-tree.c:1136:50: warning: parameter 'slot' set but not used [-Wunused-but-set-parameter]
void __rcu **radix_tree_iter_resume(void __rcu **slot,
                                                 ^
1 warning generated.
/home/nathan/cbl/src/linux-next/sound/soc/meson/aiu.c:249:12: warning: cast from 'void (*)(struct clk *)' to 'void (*)(void *)' converts to incompatible function type [-Wcast-function-type-strict]
                                       (void(*)(void *))clk_disable_unprepare,
                                       ^~~~~~~~~~~~~~~~~~~~~~~~~~~~~~~~~~~~~~
/home/nathan/cbl/src/linux-next/include/linux/device.h:407:38: note: expanded from macro 'devm_add_action_or_reset'
        __devm_add_action_or_reset(release, action, data, #action)
                                            ^~~~~~
1 warning generated.
/home/nathan/cbl/src/linux-next/drivers/firmware/dmi-id.c:174:17: warning: cast from 'void (*)(const void *)' to 'void (*)(struct device *)' converts to incompatible function type [-Wcast-function-type-strict]
        .dev_release = (void(*)(struct device *)) kfree,
                       ^~~~~~~~~~~~~~~~~~~~~~~~~~~~~~~~
1 warning generated.
/home/nathan/cbl/src/linux-next/sound/soc/meson/t9015.c:274:4: warning: cast from 'void (*)(struct clk *)' to 'void (*)(void *)' converts to incompatible function type [-Wcast-function-type-strict]
                        (void(*)(void *))clk_disable_unprepare,
                        ^~~~~~~~~~~~~~~~~~~~~~~~~~~~~~~~~~~~~~
/home/nathan/cbl/src/linux-next/include/linux/device.h:407:38: note: expanded from macro 'devm_add_action_or_reset'
        __devm_add_action_or_reset(release, action, data, #action)
                                            ^~~~~~
1 warning generated.
/home/nathan/cbl/src/linux-next/fs/ubifs/find.c:170:9: warning: cast from 'int (*)(struct ubifs_info *, const struct ubifs_lprops *, int, struct scan_data *)' to 'ubifs_lpt_scan_callback' (aka 'int (*)(struct ubifs_info *, const struct ubifs_lprops *, int, void *)') converts to incompatible function type [-Wcast-function-type-strict]
                                    (ubifs_lpt_scan_callback)scan_for_dirty_cb,
                                    ^~~~~~~~~~~~~~~~~~~~~~~~~~~~~~~~~~~~~~~~~~
/home/nathan/cbl/src/linux-next/fs/ubifs/find.c:449:9: warning: cast from 'int (*)(struct ubifs_info *, const struct ubifs_lprops *, int, struct scan_data *)' to 'ubifs_lpt_scan_callback' (aka 'int (*)(struct ubifs_info *, const struct ubifs_lprops *, int, void *)') converts to incompatible function type [-Wcast-function-type-strict]
                                    (ubifs_lpt_scan_callback)scan_for_free_cb,
                                    ^~~~~~~~~~~~~~~~~~~~~~~~~~~~~~~~~~~~~~~~~
/home/nathan/cbl/src/linux-next/fs/ubifs/find.c:629:9: warning: cast from 'int (*)(struct ubifs_info *, const struct ubifs_lprops *, int, struct scan_data *)' to 'ubifs_lpt_scan_callback' (aka 'int (*)(struct ubifs_info *, const struct ubifs_lprops *, int, void *)') converts to incompatible function type [-Wcast-function-type-strict]
                                    (ubifs_lpt_scan_callback)scan_for_idx_cb,
                                    ^~~~~~~~~~~~~~~~~~~~~~~~~~~~~~~~~~~~~~~~
/home/nathan/cbl/src/linux-next/fs/ubifs/find.c:757:7: warning: cast from 'int (*)(const struct ubifs_lprops **, const struct ubifs_lprops **)' to 'int (*)(const void *, const void *)' converts to incompatible function type [-Wcast-function-type-strict]
             (int (*)(const void *, const void *))cmp_dirty_idx, NULL);
             ^~~~~~~~~~~~~~~~~~~~~~~~~~~~~~~~~~~~~~~~~~~~~~~~~~
/home/nathan/cbl/src/linux-next/fs/ubifs/find.c:846:9: warning: cast from 'int (*)(struct ubifs_info *, const struct ubifs_lprops *, int, struct scan_data *)' to 'ubifs_lpt_scan_callback' (aka 'int (*)(struct ubifs_info *, const struct ubifs_lprops *, int, void *)') converts to incompatible function type [-Wcast-function-type-strict]
                                    (ubifs_lpt_scan_callback)scan_dirty_idx_cb,
                                    ^~~~~~~~~~~~~~~~~~~~~~~~~~~~~~~~~~~~~~~~~~
5 warnings generated.
/home/nathan/cbl/src/linux-next/drivers/nvmem/meson-efuse.c:78:12: warning: cast from 'void (*)(struct clk *)' to 'void (*)(void *)' converts to incompatible function type [-Wcast-function-type-strict]
                                       (void(*)(void *))clk_disable_unprepare,
                                       ^~~~~~~~~~~~~~~~~~~~~~~~~~~~~~~~~~~~~~
/home/nathan/cbl/src/linux-next/include/linux/device.h:407:38: note: expanded from macro 'devm_add_action_or_reset'
        __devm_add_action_or_reset(release, action, data, #action)
                                            ^~~~~~
1 warning generated.
/home/nathan/cbl/src/linux-next/fs/ubifs/lprops.c:1272:9: warning: cast from 'int (*)(struct ubifs_info *, const struct ubifs_lprops *, int, struct ubifs_lp_stats *)' to 'ubifs_lpt_scan_callback' (aka 'int (*)(struct ubifs_info *, const struct ubifs_lprops *, int, void *)') converts to incompatible function type [-Wcast-function-type-strict]
                                    (ubifs_lpt_scan_callback)scan_check_cb,
                                    ^~~~~~~~~~~~~~~~~~~~~~~~~~~~~~~~~~~~~~
1 warning generated.
/home/nathan/cbl/src/linux-next/sound/soc/qcom/qdsp6/q6apm-dai.c:355:38: warning: cast from 'void (*)(uint32_t, uint32_t, uint32_t *, void *)' (aka 'void (*)(unsigned int, unsigned int, unsigned int *, void *)') to 'q6apm_cb' (aka 'void (*)(unsigned int, unsigned int, void *, void *)') converts to incompatible function type [-Wcast-function-type-strict]
        prtd->graph = q6apm_graph_open(dev, (q6apm_cb)event_handler, prtd, graph_id);
                                            ^~~~~~~~~~~~~~~~~~~~~~~
/home/nathan/cbl/src/linux-next/sound/soc/qcom/qdsp6/q6apm-dai.c:499:38: warning: cast from 'void (*)(uint32_t, uint32_t, uint32_t *, void *)' (aka 'void (*)(unsigned int, unsigned int, unsigned int *, void *)') to 'q6apm_cb' (aka 'void (*)(unsigned int, unsigned int, void *, void *)') converts to incompatible function type [-Wcast-function-type-strict]
        prtd->graph = q6apm_graph_open(dev, (q6apm_cb)event_handler_compr, prtd, graph_id);
                                            ^~~~~~~~~~~~~~~~~~~~~~~~~~~~~
2 warnings generated.
/home/nathan/cbl/src/linux-next/drivers/gpu/drm/nouveau/nvkm/subdev/bios/shadow.c:161:10: warning: cast from 'void (*)(const struct firmware *)' to 'void (*)(void *)' converts to incompatible function type [-Wcast-function-type-strict]
        .fini = (void(*)(void *))release_firmware,
                ^~~~~~~~~~~~~~~~~~~~~~~~~~~~~~~~~
1 warning generated.

[01;32mQEMU location: [0m/usr/sbin[0m

[01;32mQEMU version: [0mQEMU emulator version 8.0.3[0m
[    0.000000] Booting Linux on physical CPU 0x0000000000 [0x000f0510]
[    0.000000] Linux version 6.5.0-rc5-next-20230809-cbl-00030-g8150cbc757fd (nathan@dev-arch.m3-large-x86-01) (ClangBuiltLinux clang version 16.0.6 (https://github.com/llvm/llvm-project 7cbf1a2591520c2491aa35339f227775f4d3adf6), ClangBuiltLinux LLD 16.0.6) #1 SMP PREEMPT Fri Aug 11 21:01:58 UTC 2023
[    0.000000] KASLR enabled
[    0.000000] random: crng init done
[    0.000000] Machine model: linux,dummy-virt
[    0.000000] efi: UEFI not found.
[    0.000000] earlycon: pl11 at MMIO 0x0000000009000000 (options '')
[    0.000000] printk: bootconsole [pl11] enabled
[    0.000000] NUMA: No NUMA configuration found
[    0.000000] NUMA: Faking a node at [mem 0x0000000040000000-0x000000005fffffff]
[    0.000000] NUMA: NODE_DATA [mem 0x5fef29c0-0x5fef4fff]
[    0.000000] Zone ranges:
[    0.000000]   DMA      [mem 0x0000000040000000-0x000000005fffffff]
[    0.000000]   DMA32    empty
[    0.000000]   Normal   empty
[    0.000000] Movable zone start for each node
[    0.000000] Early memory node ranges
[    0.000000]   node   0: [mem 0x0000000040000000-0x000000005fffffff]
[    0.000000] Initmem setup node 0 [mem 0x0000000040000000-0x000000005fffffff]
[    0.000000] cma: Reserved 32 MiB at 0x000000005d600000 on node -1
[    0.000000] psci: probing for conduit method from DT.
[    0.000000] psci: PSCIv1.1 detected in firmware.
[    0.000000] psci: Using standard PSCI v0.2 function IDs
[    0.000000] psci: Trusted OS migration not required
[    0.000000] psci: SMC Calling Convention v1.0
[    0.000000] percpu: Embedded 22 pages/cpu s50536 r8192 d31384 u90112
[    0.000000] Detected PIPT I-cache on CPU0
[    0.000000] CPU features: detected: Branch Target Identification
[    0.000000] CPU features: detected: Address authentication (IMP DEF algorithm)
[    0.000000] CPU features: detected: GIC system register CPU interface
[    0.000000] CPU features: detected: HCRX_EL2 register
[    0.000000] CPU features: detected: Virtualization Host Extensions
[    0.000000] CPU features: detected: Hardware dirty bit management
[    0.000000] CPU features: detected: Spectre-v4
[    0.000000] alternatives: applying boot alternatives
[    0.000000] Kernel command line: console=ttyAMA0 earlycon
[    0.000000] Dentry cache hash table entries: 65536 (order: 7, 524288 bytes, linear)
[    0.000000] Inode-cache hash table entries: 32768 (order: 6, 262144 bytes, linear)
[    0.000000] Fallback order for Node 0: 0 
[    0.000000] Built 1 zonelists, mobility grouping on.  Total pages: 129024
[    0.000000] Policy zone: DMA
[    0.000000] mem auto-init: stack:all(zero), heap alloc:off, heap free:off
[    0.000000] software IO TLB: area num 1.
[    0.000000] software IO TLB: mapped [mem 0x0000000059600000-0x000000005d600000] (64MB)
[    0.000000] Memory: 374052K/524288K available (18112K kernel code, 4260K rwdata, 10248K rodata, 2176K init, 599K bss, 117468K reserved, 32768K cma-reserved)
[    0.000000] SLUB: HWalign=64, Order=0-3, MinObjects=0, CPUs=1, Nodes=1
[    0.000000] rcu: Preemptible hierarchical RCU implementation.
[    0.000000] rcu: 	RCU event tracing is enabled.
[    0.000000] rcu: 	RCU restricting CPUs from NR_CPUS=256 to nr_cpu_ids=1.
[    0.000000] 	Trampoline variant of Tasks RCU enabled.
[    0.000000] 	Tracing variant of Tasks RCU enabled.
[    0.000000] rcu: RCU calculated value of scheduler-enlistment delay is 25 jiffies.
[    0.000000] rcu: Adjusting geometry for rcu_fanout_leaf=16, nr_cpu_ids=1
[    0.000000] NR_IRQS: 64, nr_irqs: 64, preallocated irqs: 0
[    0.000000] GICv3: GIC: Using split EOI/Deactivate mode
[    0.000000] GICv3: 256 SPIs implemented
[    0.000000] GICv3: 0 Extended SPIs implemented
[    0.000000] Root IRQ handler: gic_handle_irq
[    0.000000] GICv3: GICv3 features: 16 PPIs
[    0.000000] GICv3: GICv4 features: 
[    0.000000] GICv3: CPU0: found redistributor 0 region 0:0x00000000080a0000
[    0.000000] ITS [mem 0x08080000-0x0809ffff]
[    0.000000] ITS@0x0000000008080000: Single VMOVP capable
[    0.000000] ITS@0x0000000008080000: allocated 8192 Devices @42840000 (indirect, esz 8, psz 64K, shr 1)
[    0.000000] ITS@0x0000000008080000: allocated 8192 Interrupt Collections @42850000 (flat, esz 8, psz 64K, shr 1)
[    0.000000] ITS@0x0000000008080000: allocated 8192 Virtual CPUs @42860000 (indirect, esz 8, psz 64K, shr 1)
[    0.000000] GICv3: using LPI property table @0x0000000042870000
[    0.000000] ITS: Allocated DevID ffff as GICv4 proxy device (2 slots)
[    0.000000] ITS: Enabling GICv4 support
[    0.000000] GICv3: CPU0: using allocated LPI pending table @0x0000000042880000
[    0.000000] rcu: srcu_init: Setting srcu_struct sizes based on contention.
[    0.000000] arch_timer: cp15 timer(s) running at 62.50MHz (phys).
[    0.000000] clocksource: arch_sys_counter: mask: 0x1ffffffffffffff max_cycles: 0x1cd42e208c, max_idle_ns: 881590405314 ns
[    0.000087] sched_clock: 57 bits at 63MHz, resolution 16ns, wraps every 4398046511096ns
[    0.020258] Console: colour dummy device 80x25
[    0.026705] Calibrating delay loop (skipped), value calculated using timer frequency.. 125.00 BogoMIPS (lpj=250000)
[    0.027622] pid_max: default: 32768 minimum: 301
[    0.030231] LSM: initializing lsm=capability,integrity
[    0.033850] Mount-cache hash table entries: 1024 (order: 1, 8192 bytes, linear)
[    0.034023] Mountpoint-cache hash table entries: 1024 (order: 1, 8192 bytes, linear)
[    0.071810] cacheinfo: Unable to detect cache hierarchy for CPU 0
[    0.081234] RCU Tasks: Setting shift to 0 and lim to 1 rcu_task_cb_adjust=1.
[    0.081954] RCU Tasks Trace: Setting shift to 0 and lim to 1 rcu_task_cb_adjust=1.
[    0.083821] rcu: Hierarchical SRCU implementation.
[    0.083937] rcu: 	Max phase no-delay instances is 1000.
[    0.088934] Platform MSI: its@8080000 domain created
[    0.089499] PCI/MSI: /intc@8000000/its@8080000 domain created
[    0.090113] fsl-mc MSI: its@8080000 domain created
[    0.093170] EFI services will not be available.
[    0.094116] smp: Bringing up secondary CPUs ...
[    0.095185] smp: Brought up 1 node, 1 CPU
[    0.095279] SMP: Total of 1 processors activated.
[    0.095548] CPU features: detected: 32-bit EL0 Support
[    0.095664] CPU features: detected: 32-bit EL1 Support
[    0.095746] CPU features: detected: ARMv8.4 Translation Table Level
[    0.095853] CPU features: detected: Data cache clean to the PoU not required for I/D coherence
[    0.096004] CPU features: detected: Common not Private translations
[    0.096091] CPU features: detected: CRC32 instructions
[    0.096163] CPU features: detected: Data independent timing control (DIT)
[    0.096256] CPU features: detected: E0PD
[    0.096330] CPU features: detected: Enhanced Virtualization Traps
[    0.096528] CPU features: detected: Generic authentication (IMP DEF algorithm)
[    0.096633] CPU features: detected: RCpc load-acquire (LDAPR)
[    0.096712] CPU features: detected: LSE atomic instructions
[    0.096830] CPU features: detected: Privileged Access Never
[    0.098130] CPU features: detected: RAS Extension Support
[    0.098216] CPU features: detected: Random Number Generator
[    0.098294] CPU features: detected: Speculation barrier (SB)
[    0.098373] CPU features: detected: Stage-2 Force Write-Back
[    0.098453] CPU features: detected: TLB range maintenance instructions
[    0.098587] CPU features: detected: Scalable Matrix Extension
[    0.098669] CPU features: detected: FA64
[    0.098730] CPU features: detected: Speculative Store Bypassing Safe (SSBS)
[    0.098820] CPU features: detected: Scalable Vector Extension
[    0.111596] SVE: maximum available vector length 256 bytes per vector
[    0.116755] SVE: default vector length 64 bytes per vector
[    0.119311] SME: minimum available vector length 16 bytes per vector
[    0.119426] SME: maximum available vector length 256 bytes per vector
[    0.119522] SME: default vector length 32 bytes per vector
[    0.120036] CPU: All CPU(s) started at EL2
[    0.120135] alternatives: applying system-wide alternatives
[    0.168892] devtmpfs: initialized
[    0.194352] clocksource: jiffies: mask: 0xffffffff max_cycles: 0xffffffff, max_idle_ns: 7645041785100000 ns
[    0.195056] futex hash table entries: 256 (order: 2, 16384 bytes, linear)
[    0.200185] pinctrl core: initialized pinctrl subsystem
[    0.211027] DMI not present or invalid.
[    0.228037] NET: Registered PF_NETLINK/PF_ROUTE protocol family
[    0.239612] DMA: preallocated 128 KiB GFP_KERNEL pool for atomic allocations
[    0.240376] DMA: preallocated 128 KiB GFP_KERNEL|GFP_DMA pool for atomic allocations
[    0.240849] DMA: preallocated 128 KiB GFP_KERNEL|GFP_DMA32 pool for atomic allocations
[    0.241261] audit: initializing netlink subsys (disabled)
[    0.246936] audit: type=2000 audit(0.208:1): state=initialized audit_enabled=0 res=1
[    0.250846] thermal_sys: Registered thermal governor 'step_wise'
[    0.250947] thermal_sys: Registered thermal governor 'power_allocator'
[    0.251557] cpuidle: using governor menu
[    0.253398] hw-breakpoint: found 6 breakpoint and 4 watchpoint registers.
[    0.253987] ASID allocator initialised with 65536 entries
[    0.264758] Serial: AMBA PL011 UART driver
[    0.338043] 9000000.pl011: ttyAMA0 at MMIO 0x9000000 (irq = 14, base_baud = 0) is a PL011 rev1
[    0.339754] printk: console [ttyAMA0] enabled
[    0.339754] printk: console [ttyAMA0] enabled
[    0.340157] printk: bootconsole [pl11] disabled
[    0.340157] printk: bootconsole [pl11] disabled
[    0.362845] Modules: 2G module region forced by RANDOMIZE_MODULE_REGION_FULL
[    0.363028] Modules: 0 pages in range for non-PLT usage
[    0.363056] Modules: 515392 pages in range for PLT usage
[    0.368250] HugeTLB: registered 1.00 GiB page size, pre-allocated 0 pages
[    0.368431] HugeTLB: 0 KiB vmemmap can be freed for a 1.00 GiB page
[    0.368554] HugeTLB: registered 32.0 MiB page size, pre-allocated 0 pages
[    0.368645] HugeTLB: 0 KiB vmemmap can be freed for a 32.0 MiB page
[    0.369103] HugeTLB: registered 2.00 MiB page size, pre-allocated 0 pages
[    0.369204] HugeTLB: 0 KiB vmemmap can be freed for a 2.00 MiB page
[    0.369294] HugeTLB: registered 64.0 KiB page size, pre-allocated 0 pages
[    0.369382] HugeTLB: 0 KiB vmemmap can be freed for a 64.0 KiB page
[    0.380029] ACPI: Interpreter disabled.
[    0.390820] iommu: Default domain type: Translated
[    0.390970] iommu: DMA domain TLB invalidation policy: strict mode
[    0.392571] SCSI subsystem initialized
[    0.395243] usbcore: registered new interface driver usbfs
[    0.395580] usbcore: registered new interface driver hub
[    0.395838] usbcore: registered new device driver usb
[    0.400352] pps_core: LinuxPPS API ver. 1 registered
[    0.400450] pps_core: Software ver. 5.3.6 - Copyright 2005-2007 Rodolfo Giometti <giometti@linux.it>
[    0.400675] PTP clock support registered
[    0.401425] EDAC MC: Ver: 3.0.0
[    0.404500] scmi_core: SCMI protocol bus registered
[    0.408384] FPGA manager framework
[    0.409303] Advanced Linux Sound Architecture Driver Initialized.
[    0.421146] vgaarb: loaded
[    0.426653] clocksource: Switched to clocksource arch_sys_counter
[    0.429788] VFS: Disk quotas dquot_6.6.0
[    0.430059] VFS: Dquot-cache hash table entries: 512 (order 0, 4096 bytes)
[    0.432123] pnp: PnP ACPI: disabled
[    0.457574] NET: Registered PF_INET protocol family
[    0.459335] IP idents hash table entries: 8192 (order: 4, 65536 bytes, linear)
[    0.464412] tcp_listen_portaddr_hash hash table entries: 256 (order: 0, 4096 bytes, linear)
[    0.464672] Table-perturb hash table entries: 65536 (order: 6, 262144 bytes, linear)
[    0.464853] TCP established hash table entries: 4096 (order: 3, 32768 bytes, linear)
[    0.465181] TCP bind hash table entries: 4096 (order: 5, 131072 bytes, linear)
[    0.465465] TCP: Hash tables configured (established 4096 bind 4096)
[    0.466942] UDP hash table entries: 256 (order: 1, 8192 bytes, linear)
[    0.467361] UDP-Lite hash table entries: 256 (order: 1, 8192 bytes, linear)
[    0.468573] NET: Registered PF_UNIX/PF_LOCAL protocol family
[    0.471683] RPC: Registered named UNIX socket transport module.
[    0.471822] RPC: Registered udp transport module.
[    0.471899] RPC: Registered tcp transport module.
[    0.471973] RPC: Registered tcp-with-tls transport module.
[    0.472052] RPC: Registered tcp NFSv4.1 backchannel transport module.
[    0.472252] PCI: CLS 0 bytes, default 64
[    0.476144] kvm [1]: IPA Size Limit: 48 bits
[    0.476887] kvm [1]: GICv4 support disabled
[    0.476986] kvm [1]: GICv3: no GICV resource entry
[    0.477194] kvm [1]: disabling GICv2 emulation
[    0.477390] kvm [1]: GIC system register CPU interface enabled
[    0.480992] Unpacking initramfs...
[    0.482685] kvm [1]: vgic interrupt IRQ9
[    0.483332] kvm [1]: VHE mode initialized successfully
[    0.492947] Initialise system trusted keyrings
[    0.495135] workingset: timestamp_bits=42 max_order=17 bucket_order=0
[    0.497443] squashfs: version 4.0 (2009/01/31) Phillip Lougher
[    0.503931] NFS: Registering the id_resolver key type
[    0.504351] Key type id_resolver registered
[    0.504452] Key type id_legacy registered
[    0.504788] nfs4filelayout_init: NFSv4 File Layout Driver Registering...
[    0.504970] nfs4flexfilelayout_init: NFSv4 Flexfile Layout Driver Registering...
[    0.510515] 9p: Installing v9fs 9p2000 file system support
[    0.598461] Key type asymmetric registered
[    0.598628] Asymmetric key parser 'x509' registered
[    0.599021] Block layer SCSI generic (bsg) driver version 0.4 loaded (major 245)
[    0.599231] io scheduler mq-deadline registered
[    0.599401] io scheduler kyber registered
[    0.599810] io scheduler bfq registered
[    0.627371] Freeing initrd memory: 4428K
[    0.653841] pl061_gpio 9030000.pl061: PL061 GPIO chip registered
[    0.662790] pci-host-generic 4010000000.pcie: host bridge /pcie@10000000 ranges:
[    0.663586] pci-host-generic 4010000000.pcie:       IO 0x003eff0000..0x003effffff -> 0x0000000000
[    0.664272] pci-host-generic 4010000000.pcie:      MEM 0x0010000000..0x003efeffff -> 0x0010000000
[    0.664440] pci-host-generic 4010000000.pcie:      MEM 0x8000000000..0xffffffffff -> 0x8000000000
[    0.665100] pci-host-generic 4010000000.pcie: Memory resource size exceeds max for 32 bits
[    0.665776] pci-host-generic 4010000000.pcie: ECAM at [mem 0x4010000000-0x401fffffff] for [bus 00-ff]
[    0.667619] pci-host-generic 4010000000.pcie: PCI host bridge to bus 0000:00
[    0.667950] pci_bus 0000:00: root bus resource [bus 00-ff]
[    0.668098] pci_bus 0000:00: root bus resource [io  0x0000-0xffff]
[    0.668223] pci_bus 0000:00: root bus resource [mem 0x10000000-0x3efeffff]
[    0.668326] pci_bus 0000:00: root bus resource [mem 0x8000000000-0xffffffffff]
[    0.670074] pci 0000:00:00.0: [1b36:0008] type 00 class 0x060000
[    0.688142] EINJ: ACPI disabled.
[    0.783528] Serial: 8250/16550 driver, 4 ports, IRQ sharing enabled
[    0.794811] SuperH (H)SCI(F) driver initialized
[    0.796594] msm_serial: driver initialized
[    0.798718] STM32 USART driver initialized
[    0.828179] loop: module loaded
[    0.831930] megasas: 07.725.01.00-rc1
[    0.839000] physmap-flash 0.flash: physmap platform flash device: [mem 0x00000000-0x03ffffff]
[    0.840436] 0.flash: Found 2 x16 devices at 0x0 in 32-bit bank. Manufacturer ID 0x000000 Chip ID 0x000000
[    0.840985] Intel/Sharp Extended Query Table at 0x0031
[    0.841659] Using buffer write method
[    0.842469] physmap-flash 0.flash: physmap platform flash device: [mem 0x04000000-0x07ffffff]
[    0.842934] 0.flash: Found 2 x16 devices at 0x0 in 32-bit bank. Manufacturer ID 0x000000 Chip ID 0x000000
[    0.843131] Intel/Sharp Extended Query Table at 0x0031
[    0.843516] Using buffer write method
[    0.843692] Concatenating MTD devices:
[    0.843770] (0): "0.flash"
[    0.843839] (1): "0.flash"
[    0.843893] into device "0.flash"
[    0.941969] tun: Universal TUN/TAP device driver, 1.6
[    0.945518] thunder_xcv, ver 1.0
[    0.945699] thunder_bgx, ver 1.0
[    0.945858] nicpf, ver 1.0
[    0.950177] hns3: Hisilicon Ethernet Network Driver for Hip08 Family - version
[    0.950405] hns3: Copyright (c) 2017 Huawei Corporation.
[    0.950765] hclge is initializing
[    0.950995] e1000: Intel(R) PRO/1000 Network Driver
[    0.951081] e1000: Copyright (c) 1999-2006 Intel Corporation.
[    0.951276] e1000e: Intel(R) PRO/1000 Network Driver
[    0.951355] e1000e: Copyright(c) 1999 - 2015 Intel Corporation.
[    0.951547] igb: Intel(R) Gigabit Ethernet Network Driver
[    0.951631] igb: Copyright (c) 2007-2014 Intel Corporation.
[    0.951820] igbvf: Intel(R) Gigabit Virtual Function Network Driver
[    0.951916] igbvf: Copyright (c) 2009 - 2012 Intel Corporation.
[    0.953040] sky2: driver version 1.30
[    0.957429] VFIO - User Level meta-driver version: 0.3
[    0.967780] usbcore: registered new interface driver usb-storage
[    0.979625] rtc-pl031 9010000.pl031: registered as rtc0
[    0.980628] rtc-pl031 9010000.pl031: setting system clock to 2023-08-11T21:02:17 UTC (1691787737)
[    0.983674] i2c_dev: i2c /dev entries driver
[    1.006362] sdhci: Secure Digital Host Controller Interface driver
[    1.006463] sdhci: Copyright(c) Pierre Ossman
[    1.008857] Synopsys Designware Multimedia Card Interface Driver
[    1.011930] sdhci-pltfm: SDHCI platform and OF driver helper
[    1.018458] ledtrig-cpu: registered to indicate activity on CPUs
[    1.025367] usbcore: registered new interface driver usbhid
[    1.025468] usbhid: USB HID core driver
[    1.038227] hw perfevents: enabled with armv8_pmuv3 PMU driver, 7 counters available
[    1.054603] NET: Registered PF_PACKET protocol family
[    1.056079] 9pnet: Installing 9P2000 support
[    1.056438] Key type dns_resolver registered
[    1.090080] registered taskstats version 1
[    1.091483] Loading compiled-in X.509 certificates
[    1.127098] input: gpio-keys as /devices/platform/gpio-keys/input/input0
[    1.135988] clk: Disabling unused clocks
[    1.136616] ALSA device list:
[    1.136748]   No soundcards found.
[    1.139901] uart-pl011 9000000.pl011: no DMA platform data
[    1.208792] Freeing unused kernel memory: 2176K
[    1.209701] Run /init as init process
Starting syslogd: OK
Starting klogd: OK
Running sysctl: OK
Saving 256 bits of creditable seed for next boot
Starting network: OK
Linux version 6.5.0-rc5-next-20230809-cbl-00030-g8150cbc757fd (nathan@dev-arch.m3-large-x86-01) (ClangBuiltLinux clang version 16.0.6 (https://github.com/llvm/llvm-project 7cbf1a2591520c2491aa35339f227775f4d3adf6), ClangBuiltLinux LLD 16.0.6) #1 SMP PREEMPT Fri Aug 11 21:01:58 UTC 2023
Stopping network: OK
Seeding 256 bits and crediting
Saving 256 bits of creditable seed for next boot
Stopping klogd: OK
Stopping syslogd: OK
umount: devtmpfs busy - remounted read-only
umount: can't unmount /: Invalid argument

The system is going down NOW!

Sent SIGTERM to all processes

Sent SIGKILL to all processes

Requesting system poweroff
[    3.928878] Flash device refused suspend due to active operation (state 20)
[    3.929097] Flash device refused suspend due to active operation (state 20)
[    3.929722] kvm: exiting hardware virtualization
[    3.929869] reboot: Power down
$ timeout --foreground 3m stdbuf -eL -oL /usr/sbin/qemu-system-aarch64 -display none -nodefaults -cpu max,pauth-impdef=true -machine virt,gic-version=max,virtualization=true -append 'console=ttyAMA0 earlycon' -kernel /home/nathan/tmp/build/cbl_lkt/linux-next/arm64/arch/arm64/boot/Image.gz -initrd /home/nathan/cbl/llvm-kernel-testing/src/boot-utils/images/arm64/rootfs.cpio -m 512m -serial mon:stdio
