/home/nathan/cbl/src/linux-next/drivers/bus/mhi/host/main.c:803:13: warning: parameter 'event_quota' set but not used [-Wunused-but-set-parameter]
                             u32 event_quota)
                                 ^
1 warning generated.
/home/nathan/cbl/src/linux-next/lib/radix-tree.c:1136:50: warning: parameter 'slot' set but not used [-Wunused-but-set-parameter]
void __rcu **radix_tree_iter_resume(void __rcu **slot,
                                                 ^
1 warning generated.
/home/nathan/cbl/src/linux-next/sound/soc/meson/aiu.c:249:12: warning: cast from 'void (*)(struct clk *)' to 'void (*)(void *)' converts to incompatible function type [-Wcast-function-type-strict]
                                       (void(*)(void *))clk_disable_unprepare,
                                       ^~~~~~~~~~~~~~~~~~~~~~~~~~~~~~~~~~~~~~
/home/nathan/cbl/src/linux-next/include/linux/device.h:407:38: note: expanded from macro 'devm_add_action_or_reset'
        __devm_add_action_or_reset(release, action, data, #action)
                                            ^~~~~~
1 warning generated.
/home/nathan/cbl/src/linux-next/sound/soc/meson/t9015.c:274:4: warning: cast from 'void (*)(struct clk *)' to 'void (*)(void *)' converts to incompatible function type [-Wcast-function-type-strict]
                        (void(*)(void *))clk_disable_unprepare,
                        ^~~~~~~~~~~~~~~~~~~~~~~~~~~~~~~~~~~~~~
/home/nathan/cbl/src/linux-next/include/linux/device.h:407:38: note: expanded from macro 'devm_add_action_or_reset'
        __devm_add_action_or_reset(release, action, data, #action)
                                            ^~~~~~
1 warning generated.
/home/nathan/cbl/src/linux-next/sound/soc/qcom/qdsp6/q6apm-dai.c:355:38: warning: cast from 'void (*)(uint32_t, uint32_t, uint32_t *, void *)' (aka 'void (*)(unsigned int, unsigned int, unsigned int *, void *)') to 'q6apm_cb' (aka 'void (*)(unsigned int, unsigned int, void *, void *)') converts to incompatible function type [-Wcast-function-type-strict]
        prtd->graph = q6apm_graph_open(dev, (q6apm_cb)event_handler, prtd, graph_id);
                                            ^~~~~~~~~~~~~~~~~~~~~~~
/home/nathan/cbl/src/linux-next/sound/soc/qcom/qdsp6/q6apm-dai.c:499:38: warning: cast from 'void (*)(uint32_t, uint32_t, uint32_t *, void *)' (aka 'void (*)(unsigned int, unsigned int, unsigned int *, void *)') to 'q6apm_cb' (aka 'void (*)(unsigned int, unsigned int, void *, void *)') converts to incompatible function type [-Wcast-function-type-strict]
        prtd->graph = q6apm_graph_open(dev, (q6apm_cb)event_handler_compr, prtd, graph_id);
                                            ^~~~~~~~~~~~~~~~~~~~~~~~~~~~~
2 warnings generated.
/home/nathan/cbl/src/linux-next/drivers/nvmem/meson-efuse.c:78:12: warning: cast from 'void (*)(struct clk *)' to 'void (*)(void *)' converts to incompatible function type [-Wcast-function-type-strict]
                                       (void(*)(void *))clk_disable_unprepare,
                                       ^~~~~~~~~~~~~~~~~~~~~~~~~~~~~~~~~~~~~~
/home/nathan/cbl/src/linux-next/include/linux/device.h:407:38: note: expanded from macro 'devm_add_action_or_reset'
        __devm_add_action_or_reset(release, action, data, #action)
                                            ^~~~~~
1 warning generated.
/home/nathan/cbl/src/linux-next/fs/ubifs/find.c:170:9: warning: cast from 'int (*)(struct ubifs_info *, const struct ubifs_lprops *, int, struct scan_data *)' to 'ubifs_lpt_scan_callback' (aka 'int (*)(struct ubifs_info *, const struct ubifs_lprops *, int, void *)') converts to incompatible function type [-Wcast-function-type-strict]
                                    (ubifs_lpt_scan_callback)scan_for_dirty_cb,
                                    ^~~~~~~~~~~~~~~~~~~~~~~~~~~~~~~~~~~~~~~~~~
/home/nathan/cbl/src/linux-next/fs/ubifs/find.c:449:9: warning: cast from 'int (*)(struct ubifs_info *, const struct ubifs_lprops *, int, struct scan_data *)' to 'ubifs_lpt_scan_callback' (aka 'int (*)(struct ubifs_info *, const struct ubifs_lprops *, int, void *)') converts to incompatible function type [-Wcast-function-type-strict]
                                    (ubifs_lpt_scan_callback)scan_for_free_cb,
                                    ^~~~~~~~~~~~~~~~~~~~~~~~~~~~~~~~~~~~~~~~~
/home/nathan/cbl/src/linux-next/fs/ubifs/find.c:629:9: warning: cast from 'int (*)(struct ubifs_info *, const struct ubifs_lprops *, int, struct scan_data *)' to 'ubifs_lpt_scan_callback' (aka 'int (*)(struct ubifs_info *, const struct ubifs_lprops *, int, void *)') converts to incompatible function type [-Wcast-function-type-strict]
                                    (ubifs_lpt_scan_callback)scan_for_idx_cb,
                                    ^~~~~~~~~~~~~~~~~~~~~~~~~~~~~~~~~~~~~~~~
/home/nathan/cbl/src/linux-next/fs/ubifs/find.c:757:7: warning: cast from 'int (*)(const struct ubifs_lprops **, const struct ubifs_lprops **)' to 'int (*)(const void *, const void *)' converts to incompatible function type [-Wcast-function-type-strict]
             (int (*)(const void *, const void *))cmp_dirty_idx, NULL);
             ^~~~~~~~~~~~~~~~~~~~~~~~~~~~~~~~~~~~~~~~~~~~~~~~~~
/home/nathan/cbl/src/linux-next/fs/ubifs/find.c:846:9: warning: cast from 'int (*)(struct ubifs_info *, const struct ubifs_lprops *, int, struct scan_data *)' to 'ubifs_lpt_scan_callback' (aka 'int (*)(struct ubifs_info *, const struct ubifs_lprops *, int, void *)') converts to incompatible function type [-Wcast-function-type-strict]
                                    (ubifs_lpt_scan_callback)scan_dirty_idx_cb,
                                    ^~~~~~~~~~~~~~~~~~~~~~~~~~~~~~~~~~~~~~~~~~
5 warnings generated.
/home/nathan/cbl/src/linux-next/fs/ubifs/lprops.c:1272:9: warning: cast from 'int (*)(struct ubifs_info *, const struct ubifs_lprops *, int, struct ubifs_lp_stats *)' to 'ubifs_lpt_scan_callback' (aka 'int (*)(struct ubifs_info *, const struct ubifs_lprops *, int, void *)') converts to incompatible function type [-Wcast-function-type-strict]
                                    (ubifs_lpt_scan_callback)scan_check_cb,
                                    ^~~~~~~~~~~~~~~~~~~~~~~~~~~~~~~~~~~~~~
1 warning generated.
/home/nathan/cbl/src/linux-next/drivers/gpu/drm/nouveau/nvkm/subdev/bios/shadow.c:161:10: warning: cast from 'void (*)(const struct firmware *)' to 'void (*)(void *)' converts to incompatible function type [-Wcast-function-type-strict]
        .fini = (void(*)(void *))release_firmware,
                ^~~~~~~~~~~~~~~~~~~~~~~~~~~~~~~~~
1 warning generated.

[01;32mQEMU location: [0m/usr/sbin[0m

[01;32mQEMU version: [0mQEMU emulator version 8.0.3[0m
[    0.000000] Booting Linux on physical CPU 0x0000000000 [0x000f0510]
[    0.000000] Linux version 6.5.0-rc5-next-20230809-cbl-00030-g8150cbc757fd (nathan@dev-arch.m3-large-x86-01) (ClangBuiltLinux clang version 16.0.6 (https://github.com/llvm/llvm-project 7cbf1a2591520c2491aa35339f227775f4d3adf6), ClangBuiltLinux LLD 16.0.6) #1 SMP PREEMPT Fri Aug 11 20:56:15 UTC 2023
[    0.000000] KASLR enabled
[    0.000000] random: crng init done
[    0.000000] Machine model: linux,dummy-virt
[    0.000000] earlycon: pl11 at MMIO 0x0000000009000000 (options '')
[    0.000000] printk: bootconsole [pl11] enabled
[    0.000000] NUMA: No NUMA configuration found
[    0.000000] NUMA: Faking a node at [mem 0x0000000040000000-0x000000005fffffff]
[    0.000000] NUMA: NODE_DATA [mem 0x5fef19c0-0x5fef3fff]
[    0.000000] Zone ranges:
[    0.000000]   DMA      [mem 0x0000000040000000-0x000000005fffffff]
[    0.000000]   DMA32    empty
[    0.000000]   Normal   empty
[    0.000000] Movable zone start for each node
[    0.000000] Early memory node ranges
[    0.000000]   node   0: [mem 0x0000000040000000-0x000000005fffffff]
[    0.000000] Initmem setup node 0 [mem 0x0000000040000000-0x000000005fffffff]
[    0.000000] cma: Reserved 32 MiB at 0x000000005d600000 on node -1
[    0.000000] psci: probing for conduit method from DT.
[    0.000000] psci: PSCIv1.1 detected in firmware.
[    0.000000] psci: Using standard PSCI v0.2 function IDs
[    0.000000] psci: Trusted OS migration not required
[    0.000000] psci: SMC Calling Convention v1.0
[    0.000000] percpu: Embedded 22 pages/cpu s49960 r8192 d31960 u90112
[    0.000000] Detected PIPT I-cache on CPU0
[    0.000000] CPU features: detected: Branch Target Identification
[    0.000000] CPU features: detected: Address authentication (IMP DEF algorithm)
[    0.000000] CPU features: detected: GIC system register CPU interface
[    0.000000] CPU features: detected: HCRX_EL2 register
[    0.000000] CPU features: detected: Virtualization Host Extensions
[    0.000000] CPU features: detected: Hardware dirty bit management
[    0.000000] CPU features: detected: Spectre-v4
[    0.000000] alternatives: applying boot alternatives
[    0.000000] Kernel command line: console=ttyAMA0 earlycon
[    0.000000] Dentry cache hash table entries: 65536 (order: 7, 524288 bytes, linear)
[    0.000000] Inode-cache hash table entries: 32768 (order: 6, 262144 bytes, linear)
[    0.000000] Fallback order for Node 0: 0 
[    0.000000] Built 1 zonelists, mobility grouping on.  Total pages: 129024
[    0.000000] Policy zone: DMA
[    0.000000] mem auto-init: stack:all(zero), heap alloc:off, heap free:off
[    0.000000] software IO TLB: area num 1.
[    0.000000] software IO TLB: mapped [mem 0x0000000059600000-0x000000005d600000] (64MB)
[    0.000000] Memory: 376608K/524288K available (16384K kernel code, 4192K rwdata, 9784K rodata, 1920K init, 540K bss, 114912K reserved, 32768K cma-reserved)
[    0.000000] SLUB: HWalign=64, Order=0-3, MinObjects=0, CPUs=1, Nodes=1
[    0.000000] rcu: Preemptible hierarchical RCU implementation.
[    0.000000] rcu: 	RCU event tracing is enabled.
[    0.000000] rcu: 	RCU restricting CPUs from NR_CPUS=256 to nr_cpu_ids=1.
[    0.000000] 	Trampoline variant of Tasks RCU enabled.
[    0.000000] 	Tracing variant of Tasks RCU enabled.
[    0.000000] rcu: RCU calculated value of scheduler-enlistment delay is 25 jiffies.
[    0.000000] rcu: Adjusting geometry for rcu_fanout_leaf=16, nr_cpu_ids=1
[    0.000000] NR_IRQS: 64, nr_irqs: 64, preallocated irqs: 0
[    0.000000] GICv3: GIC: Using split EOI/Deactivate mode
[    0.000000] GICv3: 256 SPIs implemented
[    0.000000] GICv3: 0 Extended SPIs implemented
[    0.000000] Root IRQ handler: gic_handle_irq
[    0.000000] GICv3: GICv3 features: 16 PPIs
[    0.000000] GICv3: GICv4 features: 
[    0.000000] GICv3: CPU0: found redistributor 0 region 0:0x00000000080a0000
[    0.000000] ITS [mem 0x08080000-0x0809ffff]
[    0.000000] ITS@0x0000000008080000: Single VMOVP capable
[    0.000000] ITS@0x0000000008080000: allocated 8192 Devices @42440000 (indirect, esz 8, psz 64K, shr 1)
[    0.000000] ITS@0x0000000008080000: allocated 8192 Interrupt Collections @42450000 (flat, esz 8, psz 64K, shr 1)
[    0.000000] ITS@0x0000000008080000: allocated 8192 Virtual CPUs @42460000 (indirect, esz 8, psz 64K, shr 1)
[    0.000000] GICv3: using LPI property table @0x0000000042470000
[    0.000000] ITS: Allocated DevID ffff as GICv4 proxy device (2 slots)
[    0.000000] ITS: Enabling GICv4 support
[    0.000000] GICv3: CPU0: using allocated LPI pending table @0x0000000042480000
[    0.000000] rcu: srcu_init: Setting srcu_struct sizes based on contention.
[    0.000000] arch_timer: cp15 timer(s) running at 62.50MHz (phys).
[    0.000000] clocksource: arch_sys_counter: mask: 0x1ffffffffffffff max_cycles: 0x1cd42e208c, max_idle_ns: 881590405314 ns
[    0.000066] sched_clock: 57 bits at 63MHz, resolution 16ns, wraps every 4398046511096ns
[    0.019806] Console: colour dummy device 80x25
[    0.025873] Calibrating delay loop (skipped), value calculated using timer frequency.. 125.00 BogoMIPS (lpj=250000)
[    0.026776] pid_max: default: 32768 minimum: 301
[    0.029065] LSM: initializing lsm=capability,integrity
[    0.032814] Mount-cache hash table entries: 1024 (order: 1, 8192 bytes, linear)
[    0.032999] Mountpoint-cache hash table entries: 1024 (order: 1, 8192 bytes, linear)
[    0.068862] cacheinfo: Unable to detect cache hierarchy for CPU 0
[    0.077787] RCU Tasks: Setting shift to 0 and lim to 1 rcu_task_cb_adjust=1.
[    0.078498] RCU Tasks Trace: Setting shift to 0 and lim to 1 rcu_task_cb_adjust=1.
[    0.080301] rcu: Hierarchical SRCU implementation.
[    0.080417] rcu: 	Max phase no-delay instances is 1000.
[    0.085043] Platform MSI: its@8080000 domain created
[    0.085499] PCI/MSI: /intc@8000000/its@8080000 domain created
[    0.086098] fsl-mc MSI: its@8080000 domain created
[    0.089668] smp: Bringing up secondary CPUs ...
[    0.090658] smp: Brought up 1 node, 1 CPU
[    0.090754] SMP: Total of 1 processors activated.
[    0.091035] CPU features: detected: 32-bit EL0 Support
[    0.091161] CPU features: detected: 32-bit EL1 Support
[    0.091242] CPU features: detected: ARMv8.4 Translation Table Level
[    0.092561] CPU features: detected: Data cache clean to the PoU not required for I/D coherence
[    0.092727] CPU features: detected: Common not Private translations
[    0.092815] CPU features: detected: CRC32 instructions
[    0.092886] CPU features: detected: Data independent timing control (DIT)
[    0.092975] CPU features: detected: E0PD
[    0.093035] CPU features: detected: Enhanced Virtualization Traps
[    0.093173] CPU features: detected: Generic authentication (IMP DEF algorithm)
[    0.093272] CPU features: detected: RCpc load-acquire (LDAPR)
[    0.093350] CPU features: detected: LSE atomic instructions
[    0.093467] CPU features: detected: Privileged Access Never
[    0.093546] CPU features: detected: RAS Extension Support
[    0.093619] CPU features: detected: Random Number Generator
[    0.093693] CPU features: detected: Speculation barrier (SB)
[    0.093773] CPU features: detected: Stage-2 Force Write-Back
[    0.093852] CPU features: detected: TLB range maintenance instructions
[    0.094003] CPU features: detected: Scalable Matrix Extension
[    0.094103] CPU features: detected: FA64
[    0.094171] CPU features: detected: Speculative Store Bypassing Safe (SSBS)
[    0.094260] CPU features: detected: Scalable Vector Extension
[    0.105952] SVE: maximum available vector length 256 bytes per vector
[    0.111317] SVE: default vector length 64 bytes per vector
[    0.111552] SME: minimum available vector length 16 bytes per vector
[    0.111652] SME: maximum available vector length 256 bytes per vector
[    0.111752] SME: default vector length 32 bytes per vector
[    0.112273] CPU: All CPU(s) started at EL2
[    0.112367] alternatives: applying system-wide alternatives
[    0.163302] devtmpfs: initialized
[    0.185797] clocksource: jiffies: mask: 0xffffffff max_cycles: 0xffffffff, max_idle_ns: 7645041785100000 ns
[    0.186473] futex hash table entries: 256 (order: 2, 16384 bytes, linear)
[    0.193734] pinctrl core: initialized pinctrl subsystem
[    0.220085] NET: Registered PF_NETLINK/PF_ROUTE protocol family
[    0.231450] DMA: preallocated 128 KiB GFP_KERNEL pool for atomic allocations
[    0.232185] DMA: preallocated 128 KiB GFP_KERNEL|GFP_DMA pool for atomic allocations
[    0.232632] DMA: preallocated 128 KiB GFP_KERNEL|GFP_DMA32 pool for atomic allocations
[    0.233044] audit: initializing netlink subsys (disabled)
[    0.234967] audit: type=2000 audit(0.200:1): state=initialized audit_enabled=0 res=1
[    0.241705] thermal_sys: Registered thermal governor 'step_wise'
[    0.241809] thermal_sys: Registered thermal governor 'power_allocator'
[    0.242381] cpuidle: using governor menu
[    0.244087] hw-breakpoint: found 6 breakpoint and 4 watchpoint registers.
[    0.244652] ASID allocator initialised with 65536 entries
[    0.253528] Serial: AMBA PL011 UART driver
[    0.320039] 9000000.pl011: ttyAMA0 at MMIO 0x9000000 (irq = 14, base_baud = 0) is a PL011 rev1
[    0.321757] printk: console [ttyAMA0] enabled
[    0.321757] printk: console [ttyAMA0] enabled
[    0.322144] printk: bootconsole [pl11] disabled
[    0.322144] printk: bootconsole [pl11] disabled
[    0.339481] Modules: 2G module region forced by RANDOMIZE_MODULE_REGION_FULL
[    0.339664] Modules: 0 pages in range for non-PLT usage
[    0.339690] Modules: 516032 pages in range for PLT usage
[    0.344801] HugeTLB: registered 1.00 GiB page size, pre-allocated 0 pages
[    0.344985] HugeTLB: 0 KiB vmemmap can be freed for a 1.00 GiB page
[    0.345103] HugeTLB: registered 32.0 MiB page size, pre-allocated 0 pages
[    0.345195] HugeTLB: 0 KiB vmemmap can be freed for a 32.0 MiB page
[    0.345284] HugeTLB: registered 2.00 MiB page size, pre-allocated 0 pages
[    0.345375] HugeTLB: 0 KiB vmemmap can be freed for a 2.00 MiB page
[    0.345483] HugeTLB: registered 64.0 KiB page size, pre-allocated 0 pages
[    0.345592] HugeTLB: 0 KiB vmemmap can be freed for a 64.0 KiB page
[    0.364396] iommu: Default domain type: Translated
[    0.364541] iommu: DMA domain TLB invalidation policy: strict mode
[    0.366064] SCSI subsystem initialized
[    0.368455] usbcore: registered new interface driver usbfs
[    0.368812] usbcore: registered new interface driver hub
[    0.369055] usbcore: registered new device driver usb
[    0.372581] pps_core: LinuxPPS API ver. 1 registered
[    0.372678] pps_core: Software ver. 5.3.6 - Copyright 2005-2007 Rodolfo Giometti <giometti@linux.it>
[    0.372902] PTP clock support registered
[    0.373575] EDAC MC: Ver: 3.0.0
[    0.376395] scmi_core: SCMI protocol bus registered
[    0.379806] FPGA manager framework
[    0.381584] Advanced Linux Sound Architecture Driver Initialized.
[    0.392854] vgaarb: loaded
[    0.395233] clocksource: Switched to clocksource arch_sys_counter
[    0.396683] VFS: Disk quotas dquot_6.6.0
[    0.396910] VFS: Dquot-cache hash table entries: 512 (order 0, 4096 bytes)
[    0.423773] NET: Registered PF_INET protocol family
[    0.425379] IP idents hash table entries: 8192 (order: 4, 65536 bytes, linear)
[    0.430503] tcp_listen_portaddr_hash hash table entries: 256 (order: 0, 4096 bytes, linear)
[    0.430721] Table-perturb hash table entries: 65536 (order: 6, 262144 bytes, linear)
[    0.430988] TCP established hash table entries: 4096 (order: 3, 32768 bytes, linear)
[    0.431276] TCP bind hash table entries: 4096 (order: 5, 131072 bytes, linear)
[    0.431563] TCP: Hash tables configured (established 4096 bind 4096)
[    0.432760] UDP hash table entries: 256 (order: 1, 8192 bytes, linear)
[    0.433113] UDP-Lite hash table entries: 256 (order: 1, 8192 bytes, linear)
[    0.434276] NET: Registered PF_UNIX/PF_LOCAL protocol family
[    0.437253] RPC: Registered named UNIX socket transport module.
[    0.437393] RPC: Registered udp transport module.
[    0.437470] RPC: Registered tcp transport module.
[    0.437542] RPC: Registered tcp-with-tls transport module.
[    0.437629] RPC: Registered tcp NFSv4.1 backchannel transport module.
[    0.437822] PCI: CLS 0 bytes, default 64
[    0.442138] Unpacking initramfs...
[    0.444634] kvm [1]: IPA Size Limit: 48 bits
[    0.445355] kvm [1]: GICv4 support disabled
[    0.445449] kvm [1]: GICv3: no GICV resource entry
[    0.445647] kvm [1]: disabling GICv2 emulation
[    0.445866] kvm [1]: GIC system register CPU interface enabled
[    0.451147] kvm [1]: vgic interrupt IRQ9
[    0.451756] kvm [1]: VHE mode initialized successfully
[    0.460848] Initialise system trusted keyrings
[    0.462428] workingset: timestamp_bits=42 max_order=17 bucket_order=0
[    0.465411] squashfs: version 4.0 (2009/01/31) Phillip Lougher
[    0.472064] NFS: Registering the id_resolver key type
[    0.472449] Key type id_resolver registered
[    0.472548] Key type id_legacy registered
[    0.472924] nfs4filelayout_init: NFSv4 File Layout Driver Registering...
[    0.473107] nfs4flexfilelayout_init: NFSv4 Flexfile Layout Driver Registering...
[    0.475640] 9p: Installing v9fs 9p2000 file system support
[    0.563245] Key type asymmetric registered
[    0.563402] Asymmetric key parser 'x509' registered
[    0.563765] Block layer SCSI generic (bsg) driver version 0.4 loaded (major 245)
[    0.563971] io scheduler mq-deadline registered
[    0.564105] io scheduler kyber registered
[    0.564483] io scheduler bfq registered
[    0.586267] Freeing initrd memory: 4428K
[    0.614092] pl061_gpio 9030000.pl061: PL061 GPIO chip registered
[    0.621983] pci-host-generic 4010000000.pcie: host bridge /pcie@10000000 ranges:
[    0.622742] pci-host-generic 4010000000.pcie:       IO 0x003eff0000..0x003effffff -> 0x0000000000
[    0.623536] pci-host-generic 4010000000.pcie:      MEM 0x0010000000..0x003efeffff -> 0x0010000000
[    0.623714] pci-host-generic 4010000000.pcie:      MEM 0x8000000000..0xffffffffff -> 0x8000000000
[    0.624383] pci-host-generic 4010000000.pcie: Memory resource size exceeds max for 32 bits
[    0.625024] pci-host-generic 4010000000.pcie: ECAM at [mem 0x4010000000-0x401fffffff] for [bus 00-ff]
[    0.626649] pci-host-generic 4010000000.pcie: PCI host bridge to bus 0000:00
[    0.627050] pci_bus 0000:00: root bus resource [bus 00-ff]
[    0.627203] pci_bus 0000:00: root bus resource [io  0x0000-0xffff]
[    0.627324] pci_bus 0000:00: root bus resource [mem 0x10000000-0x3efeffff]
[    0.627427] pci_bus 0000:00: root bus resource [mem 0x8000000000-0xffffffffff]
[    0.628922] pci 0000:00:00.0: [1b36:0008] type 00 class 0x060000
[    0.728708] Serial: 8250/16550 driver, 4 ports, IRQ sharing enabled
[    0.738658] SuperH (H)SCI(F) driver initialized
[    0.740575] msm_serial: driver initialized
[    0.742548] STM32 USART driver initialized
[    0.769437] loop: module loaded
[    0.773023] megasas: 07.725.01.00-rc1
[    0.779835] physmap-flash 0.flash: physmap platform flash device: [mem 0x00000000-0x03ffffff]
[    0.787391] physmap-flash 0.flash: map_probe failed
[    0.809621] tun: Universal TUN/TAP device driver, 1.6
[    0.813350] thunder_xcv, ver 1.0
[    0.813531] thunder_bgx, ver 1.0
[    0.813712] nicpf, ver 1.0
[    0.818048] hns3: Hisilicon Ethernet Network Driver for Hip08 Family - version
[    0.818164] hns3: Copyright (c) 2017 Huawei Corporation.
[    0.818565] hclge is initializing
[    0.818790] e1000: Intel(R) PRO/1000 Network Driver
[    0.818873] e1000: Copyright (c) 1999-2006 Intel Corporation.
[    0.819156] e1000e: Intel(R) PRO/1000 Network Driver
[    0.819234] e1000e: Copyright(c) 1999 - 2015 Intel Corporation.
[    0.819430] igb: Intel(R) Gigabit Ethernet Network Driver
[    0.819518] igb: Copyright (c) 2007-2014 Intel Corporation.
[    0.819698] igbvf: Intel(R) Gigabit Virtual Function Network Driver
[    0.819801] igbvf: Copyright (c) 2009 - 2012 Intel Corporation.
[    0.820946] sky2: driver version 1.30
[    0.825437] VFIO - User Level meta-driver version: 0.3
[    0.835917] usbcore: registered new interface driver usb-storage
[    0.848096] rtc-pl031 9010000.pl031: registered as rtc0
[    0.848872] rtc-pl031 9010000.pl031: setting system clock to 2023-08-11T20:56:33 UTC (1691787393)
[    0.851885] i2c_dev: i2c /dev entries driver
[    0.875756] sdhci: Secure Digital Host Controller Interface driver
[    0.875861] sdhci: Copyright(c) Pierre Ossman
[    0.878198] Synopsys Designware Multimedia Card Interface Driver
[    0.881466] sdhci-pltfm: SDHCI platform and OF driver helper
[    0.888338] ledtrig-cpu: registered to indicate activity on CPUs
[    0.895061] usbcore: registered new interface driver usbhid
[    0.895161] usbhid: USB HID core driver
[    0.907736] hw perfevents: enabled with armv8_pmuv3 PMU driver, 7 counters available
[    0.921719] NET: Registered PF_PACKET protocol family
[    0.923276] 9pnet: Installing 9P2000 support
[    0.923623] Key type dns_resolver registered
[    0.953853] registered taskstats version 1
[    0.955224] Loading compiled-in X.509 certificates
[    0.990230] input: gpio-keys as /devices/platform/gpio-keys/input/input0
[    0.998526] clk: Disabling unused clocks
[    0.999278] ALSA device list:
[    0.999423]   No soundcards found.
[    1.002719] uart-pl011 9000000.pl011: no DMA platform data
[    1.068416] Freeing unused kernel memory: 1920K
[    1.069644] Run /init as init process
Starting syslogd: OK
Starting klogd: OK
Running sysctl: OK
Saving 256 bits of creditable seed for next boot
Starting network: OK
Linux version 6.5.0-rc5-next-20230809-cbl-00030-g8150cbc757fd (nathan@dev-arch.m3-large-x86-01) (ClangBuiltLinux clang version 16.0.6 (https://github.com/llvm/llvm-project 7cbf1a2591520c2491aa35339f227775f4d3adf6), ClangBuiltLinux LLD 16.0.6) #1 SMP PREEMPT Fri Aug 11 20:56:15 UTC 2023
Stopping network: OK
Seeding 256 bits and crediting
Saving 256 bits of creditable seed for next boot
Stopping klogd: OK
Stopping syslogd: OK
umount: devtmpfs busy - remounted read-only
umount: can't unmount /: Invalid argument

The system is going down NOW!

Sent SIGTERM to all processes

Sent SIGKILL to all processes

Requesting system poweroff
[    3.833721] kvm: exiting hardware virtualization
[    3.833917] reboot: Power down
$ timeout --foreground 3m stdbuf -eL -oL /usr/sbin/qemu-system-aarch64 -display none -nodefaults -cpu max,pauth-impdef=true -machine virt,gic-version=max,virtualization=true -append 'console=ttyAMA0 earlycon' -kernel /home/nathan/tmp/build/cbl_lkt/linux-next/arm64/arch/arm64/boot/Image.gz -initrd /home/nathan/cbl/llvm-kernel-testing/src/boot-utils/images/arm64be/rootfs.cpio -m 512m -serial mon:stdio
