/home/nathan/cbl/src/linux-next/drivers/bus/mhi/host/main.c:803:13: warning: parameter 'event_quota' set but not used [-Wunused-but-set-parameter]
                             u32 event_quota)
                                 ^
1 warning generated.
/home/nathan/cbl/src/linux-next/lib/radix-tree.c:1136:50: warning: parameter 'slot' set but not used [-Wunused-but-set-parameter]
void __rcu **radix_tree_iter_resume(void __rcu **slot,
                                                 ^
1 warning generated.
/home/nathan/cbl/src/linux-next/sound/soc/meson/aiu.c:249:12: warning: cast from 'void (*)(struct clk *)' to 'void (*)(void *)' converts to incompatible function type [-Wcast-function-type-strict]
                                       (void(*)(void *))clk_disable_unprepare,
                                       ^~~~~~~~~~~~~~~~~~~~~~~~~~~~~~~~~~~~~~
/home/nathan/cbl/src/linux-next/include/linux/device.h:407:38: note: expanded from macro 'devm_add_action_or_reset'
        __devm_add_action_or_reset(release, action, data, #action)
                                            ^~~~~~
1 warning generated.
/home/nathan/cbl/src/linux-next/sound/soc/meson/t9015.c:274:4: warning: cast from 'void (*)(struct clk *)' to 'void (*)(void *)' converts to incompatible function type [-Wcast-function-type-strict]
                        (void(*)(void *))clk_disable_unprepare,
                        ^~~~~~~~~~~~~~~~~~~~~~~~~~~~~~~~~~~~~~
/home/nathan/cbl/src/linux-next/include/linux/device.h:407:38: note: expanded from macro 'devm_add_action_or_reset'
        __devm_add_action_or_reset(release, action, data, #action)
                                            ^~~~~~
1 warning generated.
/home/nathan/cbl/src/linux-next/sound/soc/qcom/qdsp6/q6apm-dai.c:355:38: warning: cast from 'void (*)(uint32_t, uint32_t, uint32_t *, void *)' (aka 'void (*)(unsigned int, unsigned int, unsigned int *, void *)') to 'q6apm_cb' (aka 'void (*)(unsigned int, unsigned int, void *, void *)') converts to incompatible function type [-Wcast-function-type-strict]
        prtd->graph = q6apm_graph_open(dev, (q6apm_cb)event_handler, prtd, graph_id);
                                            ^~~~~~~~~~~~~~~~~~~~~~~
/home/nathan/cbl/src/linux-next/sound/soc/qcom/qdsp6/q6apm-dai.c:499:38: warning: cast from 'void (*)(uint32_t, uint32_t, uint32_t *, void *)' (aka 'void (*)(unsigned int, unsigned int, unsigned int *, void *)') to 'q6apm_cb' (aka 'void (*)(unsigned int, unsigned int, void *, void *)') converts to incompatible function type [-Wcast-function-type-strict]
        prtd->graph = q6apm_graph_open(dev, (q6apm_cb)event_handler_compr, prtd, graph_id);
                                            ^~~~~~~~~~~~~~~~~~~~~~~~~~~~~
2 warnings generated.
/home/nathan/cbl/src/linux-next/drivers/firmware/dmi-id.c:174:17: warning: cast from 'void (*)(const void *)' to 'void (*)(struct device *)' converts to incompatible function type [-Wcast-function-type-strict]
        .dev_release = (void(*)(struct device *)) kfree,
                       ^~~~~~~~~~~~~~~~~~~~~~~~~~~~~~~~
1 warning generated.
/home/nathan/cbl/src/linux-next/drivers/nvmem/meson-efuse.c:78:12: warning: cast from 'void (*)(struct clk *)' to 'void (*)(void *)' converts to incompatible function type [-Wcast-function-type-strict]
                                       (void(*)(void *))clk_disable_unprepare,
                                       ^~~~~~~~~~~~~~~~~~~~~~~~~~~~~~~~~~~~~~
/home/nathan/cbl/src/linux-next/include/linux/device.h:407:38: note: expanded from macro 'devm_add_action_or_reset'
        __devm_add_action_or_reset(release, action, data, #action)
                                            ^~~~~~
1 warning generated.
/home/nathan/cbl/src/linux-next/fs/ubifs/find.c:170:9: warning: cast from 'int (*)(struct ubifs_info *, const struct ubifs_lprops *, int, struct scan_data *)' to 'ubifs_lpt_scan_callback' (aka 'int (*)(struct ubifs_info *, const struct ubifs_lprops *, int, void *)') converts to incompatible function type [-Wcast-function-type-strict]
                                    (ubifs_lpt_scan_callback)scan_for_dirty_cb,
                                    ^~~~~~~~~~~~~~~~~~~~~~~~~~~~~~~~~~~~~~~~~~
/home/nathan/cbl/src/linux-next/fs/ubifs/find.c:449:9: warning: cast from 'int (*)(struct ubifs_info *, const struct ubifs_lprops *, int, struct scan_data *)' to 'ubifs_lpt_scan_callback' (aka 'int (*)(struct ubifs_info *, const struct ubifs_lprops *, int, void *)') converts to incompatible function type [-Wcast-function-type-strict]
                                    (ubifs_lpt_scan_callback)scan_for_free_cb,
                                    ^~~~~~~~~~~~~~~~~~~~~~~~~~~~~~~~~~~~~~~~~
/home/nathan/cbl/src/linux-next/fs/ubifs/find.c:629:9: warning: cast from 'int (*)(struct ubifs_info *, const struct ubifs_lprops *, int, struct scan_data *)' to 'ubifs_lpt_scan_callback' (aka 'int (*)(struct ubifs_info *, const struct ubifs_lprops *, int, void *)') converts to incompatible function type [-Wcast-function-type-strict]
                                    (ubifs_lpt_scan_callback)scan_for_idx_cb,
                                    ^~~~~~~~~~~~~~~~~~~~~~~~~~~~~~~~~~~~~~~~
/home/nathan/cbl/src/linux-next/fs/ubifs/find.c:757:7: warning: cast from 'int (*)(const struct ubifs_lprops **, const struct ubifs_lprops **)' to 'int (*)(const void *, const void *)' converts to incompatible function type [-Wcast-function-type-strict]
             (int (*)(const void *, const void *))cmp_dirty_idx, NULL);
             ^~~~~~~~~~~~~~~~~~~~~~~~~~~~~~~~~~~~~~~~~~~~~~~~~~
/home/nathan/cbl/src/linux-next/fs/ubifs/find.c:846:9: warning: cast from 'int (*)(struct ubifs_info *, const struct ubifs_lprops *, int, struct scan_data *)' to 'ubifs_lpt_scan_callback' (aka 'int (*)(struct ubifs_info *, const struct ubifs_lprops *, int, void *)') converts to incompatible function type [-Wcast-function-type-strict]
                                    (ubifs_lpt_scan_callback)scan_dirty_idx_cb,
                                    ^~~~~~~~~~~~~~~~~~~~~~~~~~~~~~~~~~~~~~~~~~
5 warnings generated.
/home/nathan/cbl/src/linux-next/fs/ubifs/lprops.c:1272:9: warning: cast from 'int (*)(struct ubifs_info *, const struct ubifs_lprops *, int, struct ubifs_lp_stats *)' to 'ubifs_lpt_scan_callback' (aka 'int (*)(struct ubifs_info *, const struct ubifs_lprops *, int, void *)') converts to incompatible function type [-Wcast-function-type-strict]
                                    (ubifs_lpt_scan_callback)scan_check_cb,
                                    ^~~~~~~~~~~~~~~~~~~~~~~~~~~~~~~~~~~~~~
1 warning generated.
/home/nathan/cbl/src/linux-next/drivers/gpu/drm/nouveau/nvkm/subdev/bios/shadow.c:161:10: warning: cast from 'void (*)(const struct firmware *)' to 'void (*)(void *)' converts to incompatible function type [-Wcast-function-type-strict]
        .fini = (void(*)(void *))release_firmware,
                ^~~~~~~~~~~~~~~~~~~~~~~~~~~~~~~~~
1 warning generated.

[01;32mQEMU location: [0m/usr/sbin[0m

[01;32mQEMU version: [0mQEMU emulator version 8.0.3[0m
[    0.000000] Booting Linux on physical CPU 0x0000000000 [0x000f0510]
[    0.000000] Linux version 6.5.0-rc5-next-20230809-cbl-00030-g8150cbc757fd (nathan@dev-arch.m3-large-x86-01) (ClangBuiltLinux clang version 16.0.6 (https://github.com/llvm/llvm-project 7cbf1a2591520c2491aa35339f227775f4d3adf6), ClangBuiltLinux LLD 16.0.6) #1 SMP PREEMPT Fri Aug 11 20:54:01 UTC 2023
[    0.000000] KASLR enabled
[    0.000000] random: crng init done
[    0.000000] Machine model: linux,dummy-virt
[    0.000000] efi: UEFI not found.
[    0.000000] earlycon: pl11 at MMIO 0x0000000009000000 (options '')
[    0.000000] printk: bootconsole [pl11] enabled
[    0.000000] NUMA: No NUMA configuration found
[    0.000000] NUMA: Faking a node at [mem 0x0000000040000000-0x000000005fffffff]
[    0.000000] NUMA: NODE_DATA [mem 0x5fef29c0-0x5fef4fff]
[    0.000000] Zone ranges:
[    0.000000]   DMA      [mem 0x0000000040000000-0x000000005fffffff]
[    0.000000]   DMA32    empty
[    0.000000]   Normal   empty
[    0.000000] Movable zone start for each node
[    0.000000] Early memory node ranges
[    0.000000]   node   0: [mem 0x0000000040000000-0x000000005fffffff]
[    0.000000] Initmem setup node 0 [mem 0x0000000040000000-0x000000005fffffff]
[    0.000000] cma: Reserved 32 MiB at 0x000000005d600000 on node -1
[    0.000000] psci: probing for conduit method from DT.
[    0.000000] psci: PSCIv1.1 detected in firmware.
[    0.000000] psci: Using standard PSCI v0.2 function IDs
[    0.000000] psci: Trusted OS migration not required
[    0.000000] psci: SMC Calling Convention v1.0
[    0.000000] percpu: Embedded 22 pages/cpu s50536 r8192 d31384 u90112
[    0.000000] Detected PIPT I-cache on CPU0
[    0.000000] CPU features: detected: Branch Target Identification
[    0.000000] CPU features: detected: Address authentication (IMP DEF algorithm)
[    0.000000] CPU features: detected: GIC system register CPU interface
[    0.000000] CPU features: detected: HCRX_EL2 register
[    0.000000] CPU features: detected: Virtualization Host Extensions
[    0.000000] CPU features: detected: Hardware dirty bit management
[    0.000000] CPU features: detected: Spectre-v4
[    0.000000] alternatives: applying boot alternatives
[    0.000000] Kernel command line: console=ttyAMA0 earlycon
[    0.000000] Dentry cache hash table entries: 65536 (order: 7, 524288 bytes, linear)
[    0.000000] Inode-cache hash table entries: 32768 (order: 6, 262144 bytes, linear)
[    0.000000] Fallback order for Node 0: 0 
[    0.000000] Built 1 zonelists, mobility grouping on.  Total pages: 129024
[    0.000000] Policy zone: DMA
[    0.000000] mem auto-init: stack:all(zero), heap alloc:off, heap free:off
[    0.000000] software IO TLB: area num 1.
[    0.000000] software IO TLB: mapped [mem 0x0000000059600000-0x000000005d600000] (64MB)
[    0.000000] Memory: 375268K/524288K available (16960K kernel code, 4256K rwdata, 10248K rodata, 2112K init, 599K bss, 116252K reserved, 32768K cma-reserved)
[    0.000000] SLUB: HWalign=64, Order=0-3, MinObjects=0, CPUs=1, Nodes=1
[    0.000000] rcu: Preemptible hierarchical RCU implementation.
[    0.000000] rcu: 	RCU event tracing is enabled.
[    0.000000] rcu: 	RCU restricting CPUs from NR_CPUS=256 to nr_cpu_ids=1.
[    0.000000] 	Trampoline variant of Tasks RCU enabled.
[    0.000000] 	Tracing variant of Tasks RCU enabled.
[    0.000000] rcu: RCU calculated value of scheduler-enlistment delay is 25 jiffies.
[    0.000000] rcu: Adjusting geometry for rcu_fanout_leaf=16, nr_cpu_ids=1
[    0.000000] NR_IRQS: 64, nr_irqs: 64, preallocated irqs: 0
[    0.000000] GICv3: GIC: Using split EOI/Deactivate mode
[    0.000000] GICv3: 256 SPIs implemented
[    0.000000] GICv3: 0 Extended SPIs implemented
[    0.000000] Root IRQ handler: gic_handle_irq
[    0.000000] GICv3: GICv3 features: 16 PPIs
[    0.000000] GICv3: GICv4 features: 
[    0.000000] GICv3: CPU0: found redistributor 0 region 0:0x00000000080a0000
[    0.000000] ITS [mem 0x08080000-0x0809ffff]
[    0.000000] ITS@0x0000000008080000: Single VMOVP capable
[    0.000000] ITS@0x0000000008080000: allocated 8192 Devices @42440000 (indirect, esz 8, psz 64K, shr 1)
[    0.000000] ITS@0x0000000008080000: allocated 8192 Interrupt Collections @42450000 (flat, esz 8, psz 64K, shr 1)
[    0.000000] ITS@0x0000000008080000: allocated 8192 Virtual CPUs @42460000 (indirect, esz 8, psz 64K, shr 1)
[    0.000000] GICv3: using LPI property table @0x0000000042470000
[    0.000000] ITS: Allocated DevID ffff as GICv4 proxy device (2 slots)
[    0.000000] ITS: Enabling GICv4 support
[    0.000000] GICv3: CPU0: using allocated LPI pending table @0x0000000042480000
[    0.000000] rcu: srcu_init: Setting srcu_struct sizes based on contention.
[    0.000000] arch_timer: cp15 timer(s) running at 62.50MHz (phys).
[    0.000000] clocksource: arch_sys_counter: mask: 0x1ffffffffffffff max_cycles: 0x1cd42e208c, max_idle_ns: 881590405314 ns
[    0.000065] sched_clock: 57 bits at 63MHz, resolution 16ns, wraps every 4398046511096ns
[    0.019647] Console: colour dummy device 80x25
[    0.025823] Calibrating delay loop (skipped), value calculated using timer frequency.. 125.00 BogoMIPS (lpj=250000)
[    0.026727] pid_max: default: 32768 minimum: 301
[    0.029041] LSM: initializing lsm=capability,integrity
[    0.032834] Mount-cache hash table entries: 1024 (order: 1, 8192 bytes, linear)
[    0.033013] Mountpoint-cache hash table entries: 1024 (order: 1, 8192 bytes, linear)
[    0.068904] cacheinfo: Unable to detect cache hierarchy for CPU 0
[    0.077867] RCU Tasks: Setting shift to 0 and lim to 1 rcu_task_cb_adjust=1.
[    0.078533] RCU Tasks Trace: Setting shift to 0 and lim to 1 rcu_task_cb_adjust=1.
[    0.080380] rcu: Hierarchical SRCU implementation.
[    0.080491] rcu: 	Max phase no-delay instances is 1000.
[    0.085261] Platform MSI: its@8080000 domain created
[    0.085818] PCI/MSI: /intc@8000000/its@8080000 domain created
[    0.086423] fsl-mc MSI: its@8080000 domain created
[    0.089505] EFI services will not be available.
[    0.090396] smp: Bringing up secondary CPUs ...
[    0.091391] smp: Brought up 1 node, 1 CPU
[    0.092713] SMP: Total of 1 processors activated.
[    0.092977] CPU features: detected: 32-bit EL0 Support
[    0.093083] CPU features: detected: 32-bit EL1 Support
[    0.093166] CPU features: detected: ARMv8.4 Translation Table Level
[    0.093278] CPU features: detected: Data cache clean to the PoU not required for I/D coherence
[    0.093423] CPU features: detected: Common not Private translations
[    0.093519] CPU features: detected: CRC32 instructions
[    0.093608] CPU features: detected: Data independent timing control (DIT)
[    0.093707] CPU features: detected: E0PD
[    0.093767] CPU features: detected: Enhanced Virtualization Traps
[    0.093906] CPU features: detected: Generic authentication (IMP DEF algorithm)
[    0.094001] CPU features: detected: RCpc load-acquire (LDAPR)
[    0.094081] CPU features: detected: LSE atomic instructions
[    0.094203] CPU features: detected: Privileged Access Never
[    0.094281] CPU features: detected: RAS Extension Support
[    0.094354] CPU features: detected: Random Number Generator
[    0.094429] CPU features: detected: Speculation barrier (SB)
[    0.094504] CPU features: detected: Stage-2 Force Write-Back
[    0.094582] CPU features: detected: TLB range maintenance instructions
[    0.094705] CPU features: detected: Scalable Matrix Extension
[    0.094786] CPU features: detected: FA64
[    0.094846] CPU features: detected: Speculative Store Bypassing Safe (SSBS)
[    0.094935] CPU features: detected: Scalable Vector Extension
[    0.107259] SVE: maximum available vector length 256 bytes per vector
[    0.111691] SVE: default vector length 64 bytes per vector
[    0.113815] SME: minimum available vector length 16 bytes per vector
[    0.113925] SME: maximum available vector length 256 bytes per vector
[    0.114021] SME: default vector length 32 bytes per vector
[    0.114493] CPU: All CPU(s) started at EL2
[    0.114589] alternatives: applying system-wide alternatives
[    0.162487] devtmpfs: initialized
[    0.186615] clocksource: jiffies: mask: 0xffffffff max_cycles: 0xffffffff, max_idle_ns: 7645041785100000 ns
[    0.187402] futex hash table entries: 256 (order: 2, 16384 bytes, linear)
[    0.192310] pinctrl core: initialized pinctrl subsystem
[    0.205176] DMI not present or invalid.
[    0.219145] NET: Registered PF_NETLINK/PF_ROUTE protocol family
[    0.230353] DMA: preallocated 128 KiB GFP_KERNEL pool for atomic allocations
[    0.231068] DMA: preallocated 128 KiB GFP_KERNEL|GFP_DMA pool for atomic allocations
[    0.231484] DMA: preallocated 128 KiB GFP_KERNEL|GFP_DMA32 pool for atomic allocations
[    0.231975] audit: initializing netlink subsys (disabled)
[    0.236179] audit: type=2000 audit(0.200:1): state=initialized audit_enabled=0 res=1
[    0.241019] thermal_sys: Registered thermal governor 'step_wise'
[    0.241127] thermal_sys: Registered thermal governor 'power_allocator'
[    0.241697] cpuidle: using governor menu
[    0.243505] hw-breakpoint: found 6 breakpoint and 4 watchpoint registers.
[    0.244098] ASID allocator initialised with 65536 entries
[    0.254292] Serial: AMBA PL011 UART driver
[    0.325239] 9000000.pl011: ttyAMA0 at MMIO 0x9000000 (irq = 14, base_baud = 0) is a PL011 rev1
[    0.326953] printk: console [ttyAMA0] enabled
[    0.326953] printk: console [ttyAMA0] enabled
[    0.327383] printk: bootconsole [pl11] disabled
[    0.327383] printk: bootconsole [pl11] disabled
[    0.345908] Modules: 2G module region forced by RANDOMIZE_MODULE_REGION_FULL
[    0.346079] Modules: 0 pages in range for non-PLT usage
[    0.346107] Modules: 515696 pages in range for PLT usage
[    0.351018] HugeTLB: registered 1.00 GiB page size, pre-allocated 0 pages
[    0.351234] HugeTLB: 0 KiB vmemmap can be freed for a 1.00 GiB page
[    0.351353] HugeTLB: registered 32.0 MiB page size, pre-allocated 0 pages
[    0.351446] HugeTLB: 0 KiB vmemmap can be freed for a 32.0 MiB page
[    0.351533] HugeTLB: registered 2.00 MiB page size, pre-allocated 0 pages
[    0.351622] HugeTLB: 0 KiB vmemmap can be freed for a 2.00 MiB page
[    0.351710] HugeTLB: registered 64.0 KiB page size, pre-allocated 0 pages
[    0.351797] HugeTLB: 0 KiB vmemmap can be freed for a 64.0 KiB page
[    0.362083] ACPI: Interpreter disabled.
[    0.372206] iommu: Default domain type: Translated
[    0.372327] iommu: DMA domain TLB invalidation policy: strict mode
[    0.373891] SCSI subsystem initialized
[    0.376412] usbcore: registered new interface driver usbfs
[    0.376805] usbcore: registered new interface driver hub
[    0.377071] usbcore: registered new device driver usb
[    0.380922] pps_core: LinuxPPS API ver. 1 registered
[    0.381019] pps_core: Software ver. 5.3.6 - Copyright 2005-2007 Rodolfo Giometti <giometti@linux.it>
[    0.381244] PTP clock support registered
[    0.381937] EDAC MC: Ver: 3.0.0
[    0.384942] scmi_core: SCMI protocol bus registered
[    0.388685] FPGA manager framework
[    0.390369] Advanced Linux Sound Architecture Driver Initialized.
[    0.401663] vgaarb: loaded
[    0.406734] clocksource: Switched to clocksource arch_sys_counter
[    0.408234] VFS: Disk quotas dquot_6.6.0
[    0.408463] VFS: Dquot-cache hash table entries: 512 (order 0, 4096 bytes)
[    0.409975] pnp: PnP ACPI: disabled
[    0.436539] NET: Registered PF_INET protocol family
[    0.438064] IP idents hash table entries: 8192 (order: 4, 65536 bytes, linear)
[    0.443696] tcp_listen_portaddr_hash hash table entries: 256 (order: 0, 4096 bytes, linear)
[    0.443895] Table-perturb hash table entries: 65536 (order: 6, 262144 bytes, linear)
[    0.444076] TCP established hash table entries: 4096 (order: 3, 32768 bytes, linear)
[    0.444356] TCP bind hash table entries: 4096 (order: 5, 131072 bytes, linear)
[    0.444651] TCP: Hash tables configured (established 4096 bind 4096)
[    0.445837] UDP hash table entries: 256 (order: 1, 8192 bytes, linear)
[    0.446209] UDP-Lite hash table entries: 256 (order: 1, 8192 bytes, linear)
[    0.447453] NET: Registered PF_UNIX/PF_LOCAL protocol family
[    0.450498] RPC: Registered named UNIX socket transport module.
[    0.450638] RPC: Registered udp transport module.
[    0.450717] RPC: Registered tcp transport module.
[    0.450790] RPC: Registered tcp-with-tls transport module.
[    0.450869] RPC: Registered tcp NFSv4.1 backchannel transport module.
[    0.451059] PCI: CLS 0 bytes, default 64
[    0.456192] kvm [1]: IPA Size Limit: 48 bits
[    0.456892] kvm [1]: GICv4 support disabled
[    0.456991] kvm [1]: GICv3: no GICV resource entry
[    0.457165] kvm [1]: disabling GICv2 emulation
[    0.457368] kvm [1]: GIC system register CPU interface enabled
[    0.459786] Unpacking initramfs...
[    0.462617] kvm [1]: vgic interrupt IRQ9
[    0.463223] kvm [1]: VHE mode initialized successfully
[    0.472200] Initialise system trusted keyrings
[    0.473649] workingset: timestamp_bits=42 max_order=17 bucket_order=0
[    0.480038] squashfs: version 4.0 (2009/01/31) Phillip Lougher
[    0.481875] NFS: Registering the id_resolver key type
[    0.482246] Key type id_resolver registered
[    0.482346] Key type id_legacy registered
[    0.486975] nfs4filelayout_init: NFSv4 File Layout Driver Registering...
[    0.487165] nfs4flexfilelayout_init: NFSv4 Flexfile Layout Driver Registering...
[    0.487970] 9p: Installing v9fs 9p2000 file system support
[    0.572442] Key type asymmetric registered
[    0.572585] Asymmetric key parser 'x509' registered
[    0.572948] Block layer SCSI generic (bsg) driver version 0.4 loaded (major 245)
[    0.573157] io scheduler mq-deadline registered
[    0.573463] io scheduler kyber registered
[    0.573876] io scheduler bfq registered
[    0.602364] Freeing initrd memory: 4428K
[    0.629760] pl061_gpio 9030000.pl061: PL061 GPIO chip registered
[    0.638550] pci-host-generic 4010000000.pcie: host bridge /pcie@10000000 ranges:
[    0.639333] pci-host-generic 4010000000.pcie:       IO 0x003eff0000..0x003effffff -> 0x0000000000
[    0.640066] pci-host-generic 4010000000.pcie:      MEM 0x0010000000..0x003efeffff -> 0x0010000000
[    0.640244] pci-host-generic 4010000000.pcie:      MEM 0x8000000000..0xffffffffff -> 0x8000000000
[    0.640924] pci-host-generic 4010000000.pcie: Memory resource size exceeds max for 32 bits
[    0.641541] pci-host-generic 4010000000.pcie: ECAM at [mem 0x4010000000-0x401fffffff] for [bus 00-ff]
[    0.643314] pci-host-generic 4010000000.pcie: PCI host bridge to bus 0000:00
[    0.643695] pci_bus 0000:00: root bus resource [bus 00-ff]
[    0.643851] pci_bus 0000:00: root bus resource [io  0x0000-0xffff]
[    0.643974] pci_bus 0000:00: root bus resource [mem 0x10000000-0x3efeffff]
[    0.644076] pci_bus 0000:00: root bus resource [mem 0x8000000000-0xffffffffff]
[    0.645748] pci 0000:00:00.0: [1b36:0008] type 00 class 0x060000
[    0.663504] EINJ: ACPI disabled.
[    0.756998] Serial: 8250/16550 driver, 4 ports, IRQ sharing enabled
[    0.767772] SuperH (H)SCI(F) driver initialized
[    0.769609] msm_serial: driver initialized
[    0.771753] STM32 USART driver initialized
[    0.800884] loop: module loaded
[    0.804751] megasas: 07.725.01.00-rc1
[    0.811710] physmap-flash 0.flash: physmap platform flash device: [mem 0x00000000-0x03ffffff]
[    0.813142] 0.flash: Found 2 x16 devices at 0x0 in 32-bit bank. Manufacturer ID 0x000000 Chip ID 0x000000
[    0.813690] Intel/Sharp Extended Query Table at 0x0031
[    0.814343] Using buffer write method
[    0.815144] physmap-flash 0.flash: physmap platform flash device: [mem 0x04000000-0x07ffffff]
[    0.815597] 0.flash: Found 2 x16 devices at 0x0 in 32-bit bank. Manufacturer ID 0x000000 Chip ID 0x000000
[    0.815787] Intel/Sharp Extended Query Table at 0x0031
[    0.816182] Using buffer write method
[    0.816351] Concatenating MTD devices:
[    0.816430] (0): "0.flash"
[    0.816500] (1): "0.flash"
[    0.816557] into device "0.flash"
[    0.912424] tun: Universal TUN/TAP device driver, 1.6
[    0.915987] thunder_xcv, ver 1.0
[    0.916163] thunder_bgx, ver 1.0
[    0.916328] nicpf, ver 1.0
[    0.920599] hns3: Hisilicon Ethernet Network Driver for Hip08 Family - version
[    0.920716] hns3: Copyright (c) 2017 Huawei Corporation.
[    0.921063] hclge is initializing
[    0.921289] e1000: Intel(R) PRO/1000 Network Driver
[    0.921375] e1000: Copyright (c) 1999-2006 Intel Corporation.
[    0.921568] e1000e: Intel(R) PRO/1000 Network Driver
[    0.921647] e1000e: Copyright(c) 1999 - 2015 Intel Corporation.
[    0.921830] igb: Intel(R) Gigabit Ethernet Network Driver
[    0.921917] igb: Copyright (c) 2007-2014 Intel Corporation.
[    0.922113] igbvf: Intel(R) Gigabit Virtual Function Network Driver
[    0.922235] igbvf: Copyright (c) 2009 - 2012 Intel Corporation.
[    0.923489] sky2: driver version 1.30
[    0.927803] VFIO - User Level meta-driver version: 0.3
[    0.938338] usbcore: registered new interface driver usb-storage
[    0.950302] rtc-pl031 9010000.pl031: registered as rtc0
[    0.951185] rtc-pl031 9010000.pl031: setting system clock to 2023-08-11T20:54:19 UTC (1691787259)
[    0.954063] i2c_dev: i2c /dev entries driver
[    0.977400] sdhci: Secure Digital Host Controller Interface driver
[    0.977498] sdhci: Copyright(c) Pierre Ossman
[    0.980016] Synopsys Designware Multimedia Card Interface Driver
[    0.983211] sdhci-pltfm: SDHCI platform and OF driver helper
[    0.989799] ledtrig-cpu: registered to indicate activity on CPUs
[    0.996836] usbcore: registered new interface driver usbhid
[    0.996940] usbhid: USB HID core driver
[    1.010000] hw perfevents: enabled with armv8_pmuv3 PMU driver, 7 counters available
[    1.026520] NET: Registered PF_PACKET protocol family
[    1.027985] 9pnet: Installing 9P2000 support
[    1.028346] Key type dns_resolver registered
[    1.061002] registered taskstats version 1
[    1.062297] Loading compiled-in X.509 certificates
[    1.097565] input: gpio-keys as /devices/platform/gpio-keys/input/input0
[    1.106068] clk: Disabling unused clocks
[    1.106785] ALSA device list:
[    1.106917]   No soundcards found.
[    1.109831] uart-pl011 9000000.pl011: no DMA platform data
[    1.177028] Freeing unused kernel memory: 2112K
[    1.177909] Run /init as init process
Starting syslogd: OK
Starting klogd: OK
Running sysctl: OK
Saving 256 bits of creditable seed for next boot
Starting network: OK
Linux version 6.5.0-rc5-next-20230809-cbl-00030-g8150cbc757fd (nathan@dev-arch.m3-large-x86-01) (ClangBuiltLinux clang version 16.0.6 (https://github.com/llvm/llvm-project 7cbf1a2591520c2491aa35339f227775f4d3adf6), ClangBuiltLinux LLD 16.0.6) #1 SMP PREEMPT Fri Aug 11 20:54:01 UTC 2023
Stopping network: OK
Seeding 256 bits and crediting
Saving 256 bits of creditable seed for next boot
Stopping klogd: OK
Stopping syslogd: OK
umount: devtmpfs busy - remounted read-only
umount: can't unmount /: Invalid argument

The system is going down NOW!

Sent SIGTERM to all processes

Sent SIGKILL to all processes

Requesting system poweroff
[    3.885031] Flash device refused suspend due to active operation (state 20)
[    3.885267] Flash device refused suspend due to active operation (state 20)
[    3.885845] kvm: exiting hardware virtualization
[    3.885985] reboot: Power down
$ timeout --foreground 3m stdbuf -eL -oL /usr/sbin/qemu-system-aarch64 -display none -nodefaults -cpu max,pauth-impdef=true -machine virt,gic-version=max,virtualization=true -append 'console=ttyAMA0 earlycon' -kernel /home/nathan/tmp/build/cbl_lkt/linux-next/arm64/arch/arm64/boot/Image.gz -initrd /home/nathan/cbl/llvm-kernel-testing/src/boot-utils/images/arm64/rootfs.cpio -m 512m -serial mon:stdio
