/home/nathan/cbl/src/linux-next/drivers/bus/mhi/host/main.c:803:13: warning: parameter 'event_quota' set but not used [-Wunused-but-set-parameter]
                             u32 event_quota)
                                 ^
1 warning generated.
/home/nathan/cbl/src/linux-next/lib/radix-tree.c:1136:50: warning: parameter 'slot' set but not used [-Wunused-but-set-parameter]
void __rcu **radix_tree_iter_resume(void __rcu **slot,
                                                 ^
1 warning generated.
/home/nathan/cbl/src/linux-next/sound/pci/aw2/aw2-alsa.c:363:11: warning: cast from 'void (*)(struct snd_pcm_substream *)' to 'snd_aw2_saa7146_it_cb' (aka 'void (*)(void *)') converts to incompatible function type [-Wcast-function-type-strict]
                                                    (snd_aw2_saa7146_it_cb)
                                                    ^~~~~~~~~~~~~~~~~~~~~~~
/home/nathan/cbl/src/linux-next/sound/pci/aw2/aw2-alsa.c:392:10: warning: cast from 'void (*)(struct snd_pcm_substream *)' to 'snd_aw2_saa7146_it_cb' (aka 'void (*)(void *)') converts to incompatible function type [-Wcast-function-type-strict]
                                                   (snd_aw2_saa7146_it_cb)
                                                   ^~~~~~~~~~~~~~~~~~~~~~~
2 warnings generated.
/home/nathan/cbl/src/linux-next/sound/pci/ctxfi/ctatc.c:115:25: warning: cast from 'int (*)(struct hw *, struct src_mgr **)' to 'create_t' (aka 'int (*)(struct hw *, void **)') converts to incompatible function type [-Wcast-function-type-strict]
        [SRC]           = { .create     = (create_t)src_mgr_create,
                                          ^~~~~~~~~~~~~~~~~~~~~~~~
/home/nathan/cbl/src/linux-next/sound/pci/ctxfi/ctatc.c:116:20: warning: cast from 'int (*)(struct src_mgr *)' to 'destroy_t' (aka 'int (*)(void *)') converts to incompatible function type [-Wcast-function-type-strict]
                            .destroy    = (destroy_t)src_mgr_destroy    },
                                          ^~~~~~~~~~~~~~~~~~~~~~~~~~
/home/nathan/cbl/src/linux-next/sound/pci/ctxfi/ctatc.c:117:27: warning: cast from 'int (*)(struct hw *, struct srcimp_mgr **)' to 'create_t' (aka 'int (*)(struct hw *, void **)') converts to incompatible function type [-Wcast-function-type-strict]
        [SRCIMP]        = { .create     = (create_t)srcimp_mgr_create,
                                          ^~~~~~~~~~~~~~~~~~~~~~~~~~~
/home/nathan/cbl/src/linux-next/sound/pci/ctxfi/ctatc.c:118:20: warning: cast from 'int (*)(struct srcimp_mgr *)' to 'destroy_t' (aka 'int (*)(void *)') converts to incompatible function type [-Wcast-function-type-strict]
                            .destroy    = (destroy_t)srcimp_mgr_destroy },
                                          ^~~~~~~~~~~~~~~~~~~~~~~~~~~~~
/home/nathan/cbl/src/linux-next/sound/pci/ctxfi/ctatc.c:119:25: warning: cast from 'int (*)(struct hw *, struct amixer_mgr **)' to 'create_t' (aka 'int (*)(struct hw *, void **)') converts to incompatible function type [-Wcast-function-type-strict]
        [AMIXER]        = { .create     = (create_t)amixer_mgr_create,
                                          ^~~~~~~~~~~~~~~~~~~~~~~~~~~
/home/nathan/cbl/src/linux-next/sound/pci/ctxfi/ctatc.c:120:19: warning: cast from 'int (*)(struct amixer_mgr *)' to 'destroy_t' (aka 'int (*)(void *)') converts to incompatible function type [-Wcast-function-type-strict]
                            .destroy    = (destroy_t)amixer_mgr_destroy },
                                          ^~~~~~~~~~~~~~~~~~~~~~~~~~~~~
/home/nathan/cbl/src/linux-next/sound/pci/ctxfi/ctatc.c:121:23: warning: cast from 'int (*)(struct hw *, struct sum_mgr **)' to 'create_t' (aka 'int (*)(struct hw *, void **)') converts to incompatible function type [-Wcast-function-type-strict]
        [SUM]           = { .create     = (create_t)sum_mgr_create,
                                          ^~~~~~~~~~~~~~~~~~~~~~~~
/home/nathan/cbl/src/linux-next/sound/pci/ctxfi/ctatc.c:122:19: warning: cast from 'int (*)(struct sum_mgr *)' to 'destroy_t' (aka 'int (*)(void *)') converts to incompatible function type [-Wcast-function-type-strict]
                            .destroy    = (destroy_t)sum_mgr_destroy    },
                                          ^~~~~~~~~~~~~~~~~~~~~~~~~~
/home/nathan/cbl/src/linux-next/sound/pci/ctxfi/ctatc.c:123:24: warning: cast from 'int (*)(struct hw *, struct daio_mgr **)' to 'create_t' (aka 'int (*)(struct hw *, void **)') converts to incompatible function type [-Wcast-function-type-strict]
        [DAIO]          = { .create     = (create_t)daio_mgr_create,
                                          ^~~~~~~~~~~~~~~~~~~~~~~~~
/home/nathan/cbl/src/linux-next/sound/pci/ctxfi/ctatc.c:124:19: warning: cast from 'int (*)(struct daio_mgr *)' to 'destroy_t' (aka 'int (*)(void *)') converts to incompatible function type [-Wcast-function-type-strict]
                            .destroy    = (destroy_t)daio_mgr_destroy   }
                                          ^~~~~~~~~~~~~~~~~~~~~~~~~~~
10 warnings generated.
/home/nathan/cbl/src/linux-next/sound/core/seq/seq_midi.c:135:30: warning: cast from 'int (*)(struct snd_rawmidi_substream *, const char *, int)' to 'snd_seq_dump_func_t' (aka 'int (*)(void *, void *, int)') converts to incompatible function type [-Wcast-function-type-strict]
                snd_seq_dump_var_event(ev, (snd_seq_dump_func_t)dump_midi, substream);
                                           ^~~~~~~~~~~~~~~~~~~~~~~~~~~~~~
1 warning generated.
/home/nathan/cbl/src/linux-next/sound/core/seq/seq_virmidi.c:83:31: warning: cast from 'int (*)(struct snd_rawmidi_substream *, const unsigned char *, int)' to 'snd_seq_dump_func_t' (aka 'int (*)(void *, void *, int)') converts to incompatible function type [-Wcast-function-type-strict]
                        snd_seq_dump_var_event(ev, (snd_seq_dump_func_t)snd_rawmidi_receive, vmidi->substream);
                                                   ^~~~~~~~~~~~~~~~~~~~~~~~~~~~~~~~~~~~~~~~
1 warning generated.
/home/nathan/cbl/src/linux-next/drivers/block/rbd.c:6149:17: warning: result of comparison of constant 2305843009213693948 with expression of type 'u32' (aka 'unsigned int') is always false [-Wtautological-constant-out-of-range-compare]
        if (snap_count > (SIZE_MAX - sizeof (struct ceph_snap_context))
            ~~~~~~~~~~ ^ ~~~~~~~~~~~~~~~~~~~~~~~~~~~~~~~~~~~~~~~~~~~~~~
1 warning generated.
/home/nathan/cbl/src/linux-next/drivers/block/drbd/drbd_state.c:1632:3: warning: cast from 'int (*)(struct sk_buff *, unsigned int, struct drbd_resource_state_change *, enum drbd_notification_type)' to 'typeof (last_func)' (aka 'int (*)(struct sk_buff *, unsigned int, void *, enum drbd_notification_type)') converts to incompatible function type [-Wcast-function-type-strict]
                REMEMBER_STATE_CHANGE(notify_resource_state_change,
                ^~~~~~~~~~~~~~~~~~~~~~~~~~~~~~~~~~~~~~~~~~~~~~~~~~~
/home/nathan/cbl/src/linux-next/drivers/block/drbd/drbd_state.c:1619:17: note: expanded from macro 'REMEMBER_STATE_CHANGE'
           last_func = (typeof(last_func))func; \
                       ^~~~~~~~~~~~~~~~~~~~~~~
/home/nathan/cbl/src/linux-next/drivers/block/drbd/drbd_state.c:1641:4: warning: cast from 'int (*)(struct sk_buff *, unsigned int, struct drbd_connection_state_change *, enum drbd_notification_type)' to 'typeof (last_func)' (aka 'int (*)(struct sk_buff *, unsigned int, void *, enum drbd_notification_type)') converts to incompatible function type [-Wcast-function-type-strict]
                        REMEMBER_STATE_CHANGE(notify_connection_state_change,
                        ^~~~~~~~~~~~~~~~~~~~~~~~~~~~~~~~~~~~~~~~~~~~~~~~~~~~~
/home/nathan/cbl/src/linux-next/drivers/block/drbd/drbd_state.c:1619:17: note: expanded from macro 'REMEMBER_STATE_CHANGE'
           last_func = (typeof(last_func))func; \
                       ^~~~~~~~~~~~~~~~~~~~~~~
/home/nathan/cbl/src/linux-next/drivers/block/drbd/drbd_state.c:1650:4: warning: cast from 'int (*)(struct sk_buff *, unsigned int, struct drbd_device_state_change *, enum drbd_notification_type)' to 'typeof (last_func)' (aka 'int (*)(struct sk_buff *, unsigned int, void *, enum drbd_notification_type)') converts to incompatible function type [-Wcast-function-type-strict]
                        REMEMBER_STATE_CHANGE(notify_device_state_change,
                        ^~~~~~~~~~~~~~~~~~~~~~~~~~~~~~~~~~~~~~~~~~~~~~~~~
/home/nathan/cbl/src/linux-next/drivers/block/drbd/drbd_state.c:1619:17: note: expanded from macro 'REMEMBER_STATE_CHANGE'
           last_func = (typeof(last_func))func; \
                       ^~~~~~~~~~~~~~~~~~~~~~~
/home/nathan/cbl/src/linux-next/drivers/block/drbd/drbd_state.c:1664:4: warning: cast from 'int (*)(struct sk_buff *, unsigned int, struct drbd_peer_device_state_change *, enum drbd_notification_type)' to 'typeof (last_func)' (aka 'int (*)(struct sk_buff *, unsigned int, void *, enum drbd_notification_type)') converts to incompatible function type [-Wcast-function-type-strict]
                        REMEMBER_STATE_CHANGE(notify_peer_device_state_change,
                        ^~~~~~~~~~~~~~~~~~~~~~~~~~~~~~~~~~~~~~~~~~~~~~~~~~~~~~
/home/nathan/cbl/src/linux-next/drivers/block/drbd/drbd_state.c:1619:17: note: expanded from macro 'REMEMBER_STATE_CHANGE'
           last_func = (typeof(last_func))func; \
                       ^~~~~~~~~~~~~~~~~~~~~~~
4 warnings generated.
/home/nathan/cbl/src/linux-next/sound/soc/meson/aiu.c:249:12: warning: cast from 'void (*)(struct clk *)' to 'void (*)(void *)' converts to incompatible function type [-Wcast-function-type-strict]
                                       (void(*)(void *))clk_disable_unprepare,
                                       ^~~~~~~~~~~~~~~~~~~~~~~~~~~~~~~~~~~~~~
/home/nathan/cbl/src/linux-next/include/linux/device.h:407:38: note: expanded from macro 'devm_add_action_or_reset'
        __devm_add_action_or_reset(release, action, data, #action)
                                            ^~~~~~
1 warning generated.
/home/nathan/cbl/src/linux-next/net/ceph/osdmap.c:1441:10: warning: result of comparison of constant 4611686018427387891 with expression of type 'u32' (aka 'unsigned int') is always false [-Wtautological-constant-out-of-range-compare]
        if (len > (SIZE_MAX - sizeof(*pg)) / sizeof(u32))
            ~~~ ^ ~~~~~~~~~~~~~~~~~~~~~~~~~~~~~~~~~~~~~~
/home/nathan/cbl/src/linux-next/net/ceph/osdmap.c:1624:10: warning: result of comparison of constant 2305843009213693945 with expression of type 'u32' (aka 'unsigned int') is always false [-Wtautological-constant-out-of-range-compare]
        if (len > (SIZE_MAX - sizeof(*pg)) / (2 * sizeof(u32)))
            ~~~ ^ ~~~~~~~~~~~~~~~~~~~~~~~~~~~~~~~~~~~~~~~~~~~~
/home/nathan/cbl/src/linux-next/sound/soc/meson/t9015.c:274:4: warning: cast from 'void (*)(struct clk *)' to 'void (*)(void *)' converts to incompatible function type [-Wcast-function-type-strict]
                        (void(*)(void *))clk_disable_unprepare,
                        ^~~~~~~~~~~~~~~~~~~~~~~~~~~~~~~~~~~~~~
/home/nathan/cbl/src/linux-next/include/linux/device.h:407:38: note: expanded from macro 'devm_add_action_or_reset'
        __devm_add_action_or_reset(release, action, data, #action)
                                            ^~~~~~
2 warnings generated.
1 warning generated.
/home/nathan/cbl/src/linux-next/fs/ubifs/find.c:170:9: warning: cast from 'int (*)(struct ubifs_info *, const struct ubifs_lprops *, int, struct scan_data *)' to 'ubifs_lpt_scan_callback' (aka 'int (*)(struct ubifs_info *, const struct ubifs_lprops *, int, void *)') converts to incompatible function type [-Wcast-function-type-strict]
                                    (ubifs_lpt_scan_callback)scan_for_dirty_cb,
                                    ^~~~~~~~~~~~~~~~~~~~~~~~~~~~~~~~~~~~~~~~~~
/home/nathan/cbl/src/linux-next/fs/ubifs/find.c:449:9: warning: cast from 'int (*)(struct ubifs_info *, const struct ubifs_lprops *, int, struct scan_data *)' to 'ubifs_lpt_scan_callback' (aka 'int (*)(struct ubifs_info *, const struct ubifs_lprops *, int, void *)') converts to incompatible function type [-Wcast-function-type-strict]
                                    (ubifs_lpt_scan_callback)scan_for_free_cb,
                                    ^~~~~~~~~~~~~~~~~~~~~~~~~~~~~~~~~~~~~~~~~
/home/nathan/cbl/src/linux-next/fs/ubifs/find.c:629:9: warning: cast from 'int (*)(struct ubifs_info *, const struct ubifs_lprops *, int, struct scan_data *)' to 'ubifs_lpt_scan_callback' (aka 'int (*)(struct ubifs_info *, const struct ubifs_lprops *, int, void *)') converts to incompatible function type [-Wcast-function-type-strict]
                                    (ubifs_lpt_scan_callback)scan_for_idx_cb,
                                    ^~~~~~~~~~~~~~~~~~~~~~~~~~~~~~~~~~~~~~~~
/home/nathan/cbl/src/linux-next/fs/ubifs/find.c:757:7: warning: cast from 'int (*)(const struct ubifs_lprops **, const struct ubifs_lprops **)' to 'int (*)(const void *, const void *)' converts to incompatible function type [-Wcast-function-type-strict]
             (int (*)(const void *, const void *))cmp_dirty_idx, NULL);
             ^~~~~~~~~~~~~~~~~~~~~~~~~~~~~~~~~~~~~~~~~~~~~~~~~~
/home/nathan/cbl/src/linux-next/fs/ubifs/find.c:846:9: warning: cast from 'int (*)(struct ubifs_info *, const struct ubifs_lprops *, int, struct scan_data *)' to 'ubifs_lpt_scan_callback' (aka 'int (*)(struct ubifs_info *, const struct ubifs_lprops *, int, void *)') converts to incompatible function type [-Wcast-function-type-strict]
                                    (ubifs_lpt_scan_callback)scan_dirty_idx_cb,
                                    ^~~~~~~~~~~~~~~~~~~~~~~~~~~~~~~~~~~~~~~~~~
5 warnings generated.
/home/nathan/cbl/src/linux-next/drivers/net/wireless/ath/ath9k/main.c:1566:21: warning: parameter 'changed_flags' set but not used [-Wunused-but-set-parameter]
                                   unsigned int changed_flags,
                                                ^
1 warning generated.
/home/nathan/cbl/src/linux-next/fs/ubifs/lprops.c:1272:9: warning: cast from 'int (*)(struct ubifs_info *, const struct ubifs_lprops *, int, struct ubifs_lp_stats *)' to 'ubifs_lpt_scan_callback' (aka 'int (*)(struct ubifs_info *, const struct ubifs_lprops *, int, void *)') converts to incompatible function type [-Wcast-function-type-strict]
                                    (ubifs_lpt_scan_callback)scan_check_cb,
                                    ^~~~~~~~~~~~~~~~~~~~~~~~~~~~~~~~~~~~~~
1 warning generated.
/home/nathan/cbl/src/linux-next/sound/soc/qcom/qdsp6/q6apm-dai.c:355:38: warning: cast from 'void (*)(uint32_t, uint32_t, uint32_t *, void *)' (aka 'void (*)(unsigned int, unsigned int, unsigned int *, void *)') to 'q6apm_cb' (aka 'void (*)(unsigned int, unsigned int, void *, void *)') converts to incompatible function type [-Wcast-function-type-strict]
        prtd->graph = q6apm_graph_open(dev, (q6apm_cb)event_handler, prtd, graph_id);
                                            ^~~~~~~~~~~~~~~~~~~~~~~
/home/nathan/cbl/src/linux-next/sound/soc/qcom/qdsp6/q6apm-dai.c:499:38: warning: cast from 'void (*)(uint32_t, uint32_t, uint32_t *, void *)' (aka 'void (*)(unsigned int, unsigned int, unsigned int *, void *)') to 'q6apm_cb' (aka 'void (*)(unsigned int, unsigned int, void *, void *)') converts to incompatible function type [-Wcast-function-type-strict]
        prtd->graph = q6apm_graph_open(dev, (q6apm_cb)event_handler_compr, prtd, graph_id);
                                            ^~~~~~~~~~~~~~~~~~~~~~~~~~~~~
2 warnings generated.
/home/nathan/cbl/src/linux-next/drivers/net/wireless/ath/ath5k/mac80211-ops.c:367:62: warning: parameter 'changed_flags' set but not used [-Wunused-but-set-parameter]
ath5k_configure_filter(struct ieee80211_hw *hw, unsigned int changed_flags,
                                                             ^
1 warning generated.
/home/nathan/cbl/src/linux-next/drivers/net/ethernet/brocade/bna/bnad.c:1995:4: warning: cast from 'void (*)(struct delayed_work *)' to 'work_func_t' (aka 'void (*)(struct work_struct *)') converts to incompatible function type [-Wcast-function-type-strict]
                        (work_func_t)bnad_tx_cleanup);
                        ^~~~~~~~~~~~~~~~~~~~~~~~~~~~
/home/nathan/cbl/src/linux-next/include/linux/workqueue.h:320:29: note: expanded from macro 'INIT_DELAYED_WORK'
        __INIT_DELAYED_WORK(_work, _func, 0)
                                   ^~~~~
/home/nathan/cbl/src/linux-next/include/linux/workqueue.h:305:30: note: expanded from macro '__INIT_DELAYED_WORK'
                INIT_WORK(&(_work)->work, (_func));                     \
                                           ^~~~~
/home/nathan/cbl/src/linux-next/include/linux/workqueue.h:298:24: note: expanded from macro 'INIT_WORK'
        __INIT_WORK((_work), (_func), 0)
                              ^~~~~
/home/nathan/cbl/src/linux-next/include/linux/workqueue.h:293:20: note: expanded from macro '__INIT_WORK'
                (_work)->func = (_func);                                \
                                 ^~~~~
/home/nathan/cbl/src/linux-next/drivers/net/ethernet/brocade/bna/bnad.c:2252:4: warning: cast from 'void (*)(void *)' to 'work_func_t' (aka 'void (*)(struct work_struct *)') converts to incompatible function type [-Wcast-function-type-strict]
                        (work_func_t)(bnad_rx_cleanup));
                        ^~~~~~~~~~~~~~~~~~~~~~~~~~~~~~
/home/nathan/cbl/src/linux-next/include/linux/workqueue.h:298:24: note: expanded from macro 'INIT_WORK'
        __INIT_WORK((_work), (_func), 0)
                              ^~~~~
/home/nathan/cbl/src/linux-next/include/linux/workqueue.h:293:20: note: expanded from macro '__INIT_WORK'
                (_work)->func = (_func);                                \
                                 ^~~~~
2 warnings generated.
/home/nathan/cbl/src/linux-next/drivers/net/ethernet/cavium/liquidio/cn23xx_pf_device.c:1493:16: warning: cast from 'void (*)(struct octeon_device *, struct octeon_mbox_cmd *, void *)' to 'octeon_mbox_callback_t' (aka 'void (*)(void *, void *, void *)') converts to incompatible function type [-Wcast-function-type-strict]
        mbox_cmd.fn = (octeon_mbox_callback_t)cn23xx_get_vf_stats_callback;
                      ^~~~~~~~~~~~~~~~~~~~~~~~~~~~~~~~~~~~~~~~~~~~~~~~~~~~
1 warning generated.
/home/nathan/cbl/src/linux-next/drivers/net/ethernet/cavium/liquidio/cn23xx_vf_device.c:432:16: warning: cast from 'void (*)(struct octeon_device *, struct octeon_mbox_cmd *, void *)' to 'octeon_mbox_callback_t' (aka 'void (*)(void *, void *, void *)') converts to incompatible function type [-Wcast-function-type-strict]
        mbox_cmd.fn = (octeon_mbox_callback_t)octeon_pfvf_hs_callback;
                      ^~~~~~~~~~~~~~~~~~~~~~~~~~~~~~~~~~~~~~~~~~~~~~~
1 warning generated.
/home/nathan/cbl/src/linux-next/drivers/net/wireless/broadcom/brcm80211/brcmsmac/phy_shim.c:64:34: warning: cast from 'void (*)(struct brcms_phy *)' to 'void (*)(void *)' converts to incompatible function type [-Wcast-function-type-strict]
                        brcms_init_timer(physhim->wl, (void (*)(void *))fn,
                                                      ^~~~~~~~~~~~~~~~~~~~
1 warning generated.
/home/nathan/cbl/src/linux-next/drivers/net/wireless/ath/ath9k/htc_drv_main.c:1258:25: warning: parameter 'changed_flags' set but not used [-Wunused-but-set-parameter]
                                       unsigned int changed_flags,
                                                    ^
1 warning generated.
/home/nathan/cbl/src/linux-next/fs/ceph/snap.c:372:10: warning: result of comparison of constant 2305843009213693948 with expression of type 'u32' (aka 'unsigned int') is always false [-Wtautological-constant-out-of-range-compare]
        if (num > (SIZE_MAX - sizeof(*snapc)) / sizeof(u64))
            ~~~ ^ ~~~~~~~~~~~~~~~~~~~~~~~~~~~~~~~~~~~~~~~~~
1 warning generated.
/home/nathan/cbl/src/linux-next/drivers/media/platform/mediatek/vcodec/mtk_vcodec_fw_vpu.c:38:32: warning: cast from 'mtk_vcodec_ipi_handler' (aka 'void (*)(void *, unsigned int, void *)') to 'ipi_handler_t' (aka 'void (*)(const void *, unsigned int, void *)') converts to incompatible function type [-Wcast-function-type-strict]
        ipi_handler_t handler_const = (ipi_handler_t)handler;
                                      ^~~~~~~~~~~~~~~~~~~~~~
1 warning generated.
/home/nathan/cbl/src/linux-next/drivers/firmware/dmi-id.c:174:17: warning: cast from 'void (*)(const void *)' to 'void (*)(struct device *)' converts to incompatible function type [-Wcast-function-type-strict]
        .dev_release = (void(*)(struct device *)) kfree,
                       ^~~~~~~~~~~~~~~~~~~~~~~~~~~~~~~~
1 warning generated.
/home/nathan/cbl/src/linux-next/drivers/media/usb/pvrusb2/pvrusb2-v4l2.c:1070:30: warning: cast from 'void (*)(struct pvr2_v4l2_fh *)' to 'pvr2_stream_callback' (aka 'void (*)(void *)') converts to incompatible function type [-Wcast-function-type-strict]
        pvr2_stream_set_callback(sp,(pvr2_stream_callback)pvr2_v4l2_notify,fh);
                                    ^~~~~~~~~~~~~~~~~~~~~~~~~~~~~~~~~~~~~~
1 warning generated.
/home/nathan/cbl/src/linux-next/drivers/media/usb/pvrusb2/pvrusb2-context.c:110:6: warning: cast from 'void (*)(struct pvr2_context *)' to 'void (*)(void *)' converts to incompatible function type [-Wcast-function-type-strict]
                                        (void (*)(void *))pvr2_context_notify,
                                        ^~~~~~~~~~~~~~~~~~~~~~~~~~~~~~~~~~~~~
1 warning generated.
/home/nathan/cbl/src/linux-next/drivers/gpu/drm/nouveau/nvkm/subdev/bios/shadow.c:161:10: warning: cast from 'void (*)(const struct firmware *)' to 'void (*)(void *)' converts to incompatible function type [-Wcast-function-type-strict]
        .fini = (void(*)(void *))release_firmware,
                ^~~~~~~~~~~~~~~~~~~~~~~~~~~~~~~~~
1 warning generated.
/home/nathan/cbl/src/linux-next/drivers/media/usb/pvrusb2/pvrusb2-dvb.c:152:6: warning: cast from 'void (*)(struct pvr2_dvb_adapter *)' to 'pvr2_stream_callback' (aka 'void (*)(void *)') converts to incompatible function type [-Wcast-function-type-strict]
                                 (pvr2_stream_callback) pvr2_dvb_notify, adap);
                                 ^~~~~~~~~~~~~~~~~~~~~~~~~~~~~~~~~~~~~~
1 warning generated.
/home/nathan/cbl/src/linux-next/drivers/scsi/csiostor/csio_lnode.c:1098:33: warning: cast from 'void (*)(struct csio_lnode *, enum csio_ln_ev)' to 'csio_sm_state_t' (aka 'void (*)(void *, unsigned int)') converts to incompatible function type [-Wcast-function-type-strict]
        return (csio_get_state(ln) == ((csio_sm_state_t)csio_lns_ready));
                                       ^~~~~~~~~~~~~~~~~~~~~~~~~~~~~~~
/home/nathan/cbl/src/linux-next/drivers/scsi/csiostor/csio_lnode.c:1369:29: warning: cast from 'void (*)(struct csio_lnode *, enum csio_ln_ev)' to 'csio_sm_state_t' (aka 'void (*)(void *, unsigned int)') converts to incompatible function type [-Wcast-function-type-strict]
        if (csio_get_state(ln) == ((csio_sm_state_t)csio_lns_uninit)) {
                                   ^~~~~~~~~~~~~~~~~~~~~~~~~~~~~~~~
/home/nathan/cbl/src/linux-next/drivers/scsi/csiostor/csio_lnode.c:1373:29: warning: cast from 'void (*)(struct csio_lnode *, enum csio_ln_ev)' to 'csio_sm_state_t' (aka 'void (*)(void *, unsigned int)') converts to incompatible function type [-Wcast-function-type-strict]
        if (csio_get_state(ln) == ((csio_sm_state_t)csio_lns_ready)) {
                                   ^~~~~~~~~~~~~~~~~~~~~~~~~~~~~~~
/home/nathan/cbl/src/linux-next/drivers/scsi/csiostor/csio_lnode.c:1377:29: warning: cast from 'void (*)(struct csio_lnode *, enum csio_ln_ev)' to 'csio_sm_state_t' (aka 'void (*)(void *, unsigned int)') converts to incompatible function type [-Wcast-function-type-strict]
        if (csio_get_state(ln) == ((csio_sm_state_t)csio_lns_offline)) {
                                   ^~~~~~~~~~~~~~~~~~~~~~~~~~~~~~~~~
4 warnings generated.
/home/nathan/cbl/src/linux-next/drivers/scsi/bfa/bfad_bsg.c:2138:29: warning: cast from 'void (*)(void *, enum bfa_status)' to 'bfa_cb_cbfn_t' (aka 'void (*)(void *, enum bfa_boolean)') converts to incompatible function type [-Wcast-function-type-strict]
        bfa_pending_q_init(&cb_qe, (bfa_cb_cbfn_t)bfad_hcb_comp,
                                   ^~~~~~~~~~~~~~~~~~~~~~~~~~~~
/home/nathan/cbl/src/linux-next/drivers/scsi/bfa/bfa.h:453:25: note: expanded from macro 'bfa_pending_q_init'
        (__qe)->hcb_qe.cbfn = (__cbfn);                         \
                               ^~~~~~
/home/nathan/cbl/src/linux-next/drivers/scsi/bfa/bfad_bsg.c:2162:29: warning: cast from 'void (*)(void *, enum bfa_status)' to 'bfa_cb_cbfn_t' (aka 'void (*)(void *, enum bfa_boolean)') converts to incompatible function type [-Wcast-function-type-strict]
        bfa_pending_q_init(&cb_qe, (bfa_cb_cbfn_t)bfad_hcb_comp, &fcomp, NULL);
                                   ^~~~~~~~~~~~~~~~~~~~~~~~~~~~
/home/nathan/cbl/src/linux-next/drivers/scsi/bfa/bfa.h:453:25: note: expanded from macro 'bfa_pending_q_init'
        (__qe)->hcb_qe.cbfn = (__cbfn);                         \
                               ^~~~~~
/home/nathan/cbl/src/linux-next/drivers/scsi/bfa/bfad_bsg.c:2446:29: warning: cast from 'void (*)(void *, enum bfa_status)' to 'bfa_cb_cbfn_t' (aka 'void (*)(void *, enum bfa_boolean)') converts to incompatible function type [-Wcast-function-type-strict]
        bfa_pending_q_init(&cb_qe, (bfa_cb_cbfn_t)bfad_hcb_comp,
                                   ^~~~~~~~~~~~~~~~~~~~~~~~~~~~
/home/nathan/cbl/src/linux-next/drivers/scsi/bfa/bfa.h:453:25: note: expanded from macro 'bfa_pending_q_init'
        (__qe)->hcb_qe.cbfn = (__cbfn);                         \
                               ^~~~~~
/home/nathan/cbl/src/linux-next/drivers/scsi/bfa/bfad_bsg.c:2477:29: warning: cast from 'void (*)(void *, enum bfa_status)' to 'bfa_cb_cbfn_t' (aka 'void (*)(void *, enum bfa_boolean)') converts to incompatible function type [-Wcast-function-type-strict]
        bfa_pending_q_init(&cb_qe, (bfa_cb_cbfn_t)bfad_hcb_comp,
                                   ^~~~~~~~~~~~~~~~~~~~~~~~~~~~
/home/nathan/cbl/src/linux-next/drivers/scsi/bfa/bfa.h:453:25: note: expanded from macro 'bfa_pending_q_init'
        (__qe)->hcb_qe.cbfn = (__cbfn);                         \
                               ^~~~~~
4 warnings generated.
/home/nathan/cbl/src/linux-next/drivers/scsi/bfa/bfa_core.c:1917:11: warning: cast from 'bfa_cb_cbfn_t' (aka 'void (*)(void *, enum bfa_boolean)') to 'bfa_cb_cbfn_status_t' (aka 'void (*)(void *, enum bfa_status)') converts to incompatible function type [-Wcast-function-type-strict]
                        cbfn = (bfa_cb_cbfn_status_t)(hcb_qe->cbfn);
                               ^~~~~~~~~~~~~~~~~~~~~~~~~~~~~~~~~~~~
1 warning generated.
/home/nathan/cbl/src/linux-next/drivers/md/dm-integrity.c:4159:12: warning: result of comparison of constant 14316557650 with expression of type 'unsigned int' is always false [-Wtautological-constant-out-of-range-compare]
                        if (val >= (uint64_t)UINT_MAX * 1000 / HZ) {
                            ~~~ ^  ~~~~~~~~~~~~~~~~~~~~~~~~~~~~~~
/home/nathan/cbl/src/linux-next/drivers/nvmem/meson-efuse.c:78:12: warning: cast from 'void (*)(struct clk *)' to 'void (*)(void *)' converts to incompatible function type [-Wcast-function-type-strict]
                                       (void(*)(void *))clk_disable_unprepare,
                                       ^~~~~~~~~~~~~~~~~~~~~~~~~~~~~~~~~~~~~~
/home/nathan/cbl/src/linux-next/include/linux/device.h:407:38: note: expanded from macro 'devm_add_action_or_reset'
        __devm_add_action_or_reset(release, action, data, #action)
                                            ^~~~~~
1 warning generated.
1 warning generated.
/home/nathan/cbl/src/linux-next/drivers/infiniband/ulp/srpt/ib_srpt.c:1811:5: warning: cast from 'void (*)(struct ib_event *, struct srpt_rdma_ch *)' to 'void (*)(struct ib_event *, void *)' converts to incompatible function type [-Wcast-function-type-strict]
                = (void(*)(struct ib_event *, void*))srpt_qp_event;
                  ^~~~~~~~~~~~~~~~~~~~~~~~~~~~~~~~~~~~~~~~~~~~~~~~
1 warning generated.
/home/nathan/cbl/src/linux-next/drivers/net/ethernet/qlogic/qed/qed_vf.c:63:67: warning: parameter 'resp_size' set but not used [-Wunused-but-set-parameter]
static int qed_send_msg2pf(struct qed_hwfn *p_hwfn, u8 *done, u32 resp_size)
                                                                  ^
1 warning generated.

[01;32mQEMU location: [0m/usr/sbin[0m

[01;32mQEMU version: [0mQEMU emulator version 8.0.3[0m
[    0.000000][    T0] Booting Linux on physical CPU 0x0000000000 [0x000f0510]
[    0.000000][    T0] Linux version 6.5.0-rc5-next-20230809-default-cbl (nathan@dev-arch.m3-large-x86-01) (ClangBuiltLinux clang version 16.0.6 (https://github.com/llvm/llvm-project 7cbf1a2591520c2491aa35339f227775f4d3adf6), ClangBuiltLinux LLD 16.0.6) #1 SMP PREEMPT_DYNAMIC Fri Aug 11 21:49:41 UTC 2023
[    0.000000][    T0] KASLR enabled
[    0.000000][    T0] random: crng init done
[    0.000000][    T0] Machine model: linux,dummy-virt
[    0.000000][    T0] efi: UEFI not found.
[    0.000000][    T0] earlycon: pl11 at MMIO 0x0000000009000000 (options '')
[    0.000000][    T0] printk: bootconsole [pl11] enabled
[    0.000000][    T0] NUMA: No NUMA configuration found
[    0.000000][    T0] NUMA: Faking a node at [mem 0x0000000040000000-0x000000005fffffff]
[    0.000000][    T0] NUMA: NODE_DATA [mem 0x5feefb00-0x5fef4fff]
[    0.000000][    T0] Zone ranges:
[    0.000000][    T0]   DMA      [mem 0x0000000040000000-0x000000005fffffff]
[    0.000000][    T0]   DMA32    empty
[    0.000000][    T0]   Normal   empty
[    0.000000][    T0]   Device   empty
[    0.000000][    T0] Movable zone start for each node
[    0.000000][    T0] Early memory node ranges
[    0.000000][    T0]   node   0: [mem 0x0000000040000000-0x000000005fffffff]
[    0.000000][    T0] Initmem setup node 0 [mem 0x0000000040000000-0x000000005fffffff]
[    0.000000][    T0] psci: probing for conduit method from DT.
[    0.000000][    T0] psci: PSCIv1.1 detected in firmware.
[    0.000000][    T0] psci: Using standard PSCI v0.2 function IDs
[    0.000000][    T0] psci: Trusted OS migration not required
[    0.000000][    T0] psci: SMC Calling Convention v1.0
[    0.000000][    T0] percpu: Embedded 32 pages/cpu s94184 r8192 d28696 u131072
[    0.000000][    T0] Detected PIPT I-cache on CPU0
[    0.000000][    T0] CPU features: detected: Branch Target Identification
[    0.000000][    T0] CPU features: detected: Address authentication (IMP DEF algorithm)
[    0.000000][    T0] CPU features: detected: GIC system register CPU interface
[    0.000000][    T0] CPU features: detected: HCRX_EL2 register
[    0.000000][    T0] CPU features: detected: Virtualization Host Extensions
[    0.000000][    T0] CPU features: detected: Hardware dirty bit management
[    0.000000][    T0] CPU features: detected: Spectre-v4
[    0.000000][    T0] alternatives: applying boot alternatives
[    0.000000][    T0] Kernel command line: console=ttyAMA0 earlycon
[    0.000000][    T0] Dentry cache hash table entries: 65536 (order: 7, 524288 bytes, linear)
[    0.000000][    T0] Inode-cache hash table entries: 32768 (order: 6, 262144 bytes, linear)
[    0.000000][    T0] Fallback order for Node 0: 0 
[    0.000000][    T0] Built 1 zonelists, mobility grouping on.  Total pages: 129024
[    0.000000][    T0] Policy zone: DMA
[    0.000000][    T0] mem auto-init: stack:off, heap alloc:off, heap free:off
[    0.000000][    T0] software IO TLB: area num 1.
[    0.000000][    T0] software IO TLB: mapped [mem 0x000000005b5c0000-0x000000005f5c0000] (64MB)
[    0.000000][    T0] Memory: 84756K/524288K available (16064K kernel code, 3624K rwdata, 14936K rodata, 10368K init, 1180K bss, 128396K reserved, 0K cma-reserved)
[    0.000000][    T0] SLUB: HWalign=64, Order=0-3, MinObjects=0, CPUs=1, Nodes=1
[    0.000000][    T0] ftrace: allocating 50702 entries in 199 pages
[    0.000000][    T0] ftrace: allocated 199 pages with 5 groups
[    0.000000][    T0] trace event string verifier disabled
[    0.000000][    T0] Dynamic Preempt: voluntary
[    0.000000][    T0] rcu: Preemptible hierarchical RCU implementation.
[    0.000000][    T0] rcu: 	RCU event tracing is enabled.
[    0.000000][    T0] rcu: 	RCU restricting CPUs from NR_CPUS=480 to nr_cpu_ids=1.
[    0.000000][    T0] 	Trampoline variant of Tasks RCU enabled.
[    0.000000][    T0] 	Rude variant of Tasks RCU enabled.
[    0.000000][    T0] 	Tracing variant of Tasks RCU enabled.
[    0.000000][    T0] rcu: RCU calculated value of scheduler-enlistment delay is 30 jiffies.
[    0.000000][    T0] rcu: Adjusting geometry for rcu_fanout_leaf=16, nr_cpu_ids=1
[    0.000000][    T0] NR_IRQS: 64, nr_irqs: 64, preallocated irqs: 0
[    0.000000][    T0] GICv3: GIC: Using split EOI/Deactivate mode
[    0.000000][    T0] GICv3: 256 SPIs implemented
[    0.000000][    T0] GICv3: 0 Extended SPIs implemented
[    0.000000][    T0] Root IRQ handler: gic_handle_irq
[    0.000000][    T0] GICv3: GICv3 features: 16 PPIs
[    0.000000][    T0] GICv3: GICv4 features: 
[    0.000000][    T0] GICv3: CPU0: found redistributor 0 region 0:0x00000000080a0000
[    0.000000][    T0] ITS [mem 0x08080000-0x0809ffff]
[    0.000000][    T0] ITS@0x0000000008080000: Single VMOVP capable
[    0.000000][    T0] ITS@0x0000000008080000: allocated 8192 Devices @431c0000 (indirect, esz 8, psz 64K, shr 1)
[    0.000000][    T0] ITS@0x0000000008080000: allocated 8192 Interrupt Collections @431d0000 (flat, esz 8, psz 64K, shr 1)
[    0.000000][    T0] ITS@0x0000000008080000: allocated 8192 Virtual CPUs @431e0000 (indirect, esz 8, psz 64K, shr 1)
[    0.000000][    T0] GICv3: using LPI property table @0x00000000431f0000
[    0.000000][    T0] ITS: Allocated DevID ffff as GICv4 proxy device (2 slots)
[    0.000000][    T0] ITS: Enabling GICv4 support
[    0.000000][    T0] GICv3: CPU0: using allocated LPI pending table @0x0000000043200000
[    0.000000][    T0] rcu: srcu_init: Setting srcu_struct sizes based on contention.
[    0.000000][    T0] arch_timer: cp15 timer(s) running at 62.50MHz (phys).
[    0.000000][    T0] clocksource: arch_sys_counter: mask: 0x1ffffffffffffff max_cycles: 0x1cd42e208c, max_idle_ns: 881590405314 ns
[    0.000074][    T0] sched_clock: 57 bits at 63MHz, resolution 16ns, wraps every 4398046511096ns
[    0.017381][    T0] Console: colour dummy device 80x25
[    0.025787][    T0] Calibrating delay loop (skipped), value calculated using timer frequency.. 125.20 BogoMIPS (lpj=208333)
[    0.026680][    T0] pid_max: default: 32768 minimum: 301
[    0.029690][    T0] LSM: initializing lsm=lockdown,capability,landlock,yama,apparmor,tomoyo,bpf,integrity
[    0.030618][    T0] landlock: Up and running.
[    0.030775][    T0] Yama: becoming mindful.
[    0.034884][    T0] AppArmor: AppArmor initialized
[    0.035045][    T0] TOMOYO Linux initialized
[    0.035740][    T0] LSM support for eBPF active
[    0.039927][    T0] Mount-cache hash table entries: 1024 (order: 1, 8192 bytes, linear)
[    0.041217][    T0] Mountpoint-cache hash table entries: 1024 (order: 1, 8192 bytes, linear)
[    0.078141][    T1] cacheinfo: Unable to detect cache hierarchy for CPU 0
[    0.087930][    T1] RCU Tasks: Setting shift to 0 and lim to 1 rcu_task_cb_adjust=1.
[    0.088374][    T1] RCU Tasks Rude: Setting shift to 0 and lim to 1 rcu_task_cb_adjust=1.
[    0.089093][    T1] RCU Tasks Trace: Setting shift to 0 and lim to 1 rcu_task_cb_adjust=1.
[    0.091132][    T1] rcu: Hierarchical SRCU implementation.
[    0.091255][    T1] rcu: 	Max phase no-delay instances is 1000.
[    0.100104][    T1] Platform MSI: its@8080000 domain created
[    0.100684][    T1] PCI/MSI: /intc@8000000/its@8080000 domain created
[    0.101418][    T1] fsl-mc MSI: its@8080000 domain created
[    0.104587][    T1] EFI services will not be available.
[    0.106328][    T1] smp: Bringing up secondary CPUs ...
[    0.107448][    T1] smp: Brought up 1 node, 1 CPU
[    0.107550][    T1] SMP: Total of 1 processors activated.
[    0.108244][    T1] CPU features: detected: 32-bit EL0 Support
[    0.108370][    T1] CPU features: detected: 32-bit EL1 Support
[    0.108461][    T1] CPU features: detected: ARMv8.4 Translation Table Level
[    0.108581][    T1] CPU features: detected: Data cache clean to the PoU not required for I/D coherence
[    0.108742][    T1] CPU features: detected: Common not Private translations
[    0.108864][    T1] CPU features: detected: CRC32 instructions
[    0.108966][    T1] CPU features: detected: Data cache clean to Point of Deep Persistence
[    0.109087][    T1] CPU features: detected: Data cache clean to Point of Persistence
[    0.109189][    T1] CPU features: detected: Data independent timing control (DIT)
[    0.109287][    T1] CPU features: detected: E0PD
[    0.109358][    T1] CPU features: detected: Enhanced Virtualization Traps
[    0.109503][    T1] CPU features: detected: Generic authentication (IMP DEF algorithm)
[    0.109607][    T1] CPU features: detected: RCpc load-acquire (LDAPR)
[    0.109694][    T1] CPU features: detected: LSE atomic instructions
[    0.109823][    T1] CPU features: detected: Privileged Access Never
[    0.109933][    T1] CPU features: detected: RAS Extension Support
[    0.110045][    T1] CPU features: detected: Random Number Generator
[    0.110137][    T1] CPU features: detected: Speculation barrier (SB)
[    0.110225][    T1] CPU features: detected: Stage-2 Force Write-Back
[    0.110313][    T1] CPU features: detected: TLB range maintenance instructions
[    0.110446][    T1] CPU features: detected: Scalable Matrix Extension
[    0.110536][    T1] CPU features: detected: FA64
[    0.110608][    T1] CPU features: detected: Speculative Store Bypassing Safe (SSBS)
[    0.110708][    T1] CPU features: detected: Scalable Vector Extension
[    0.124373][    T1] SVE: maximum available vector length 256 bytes per vector
[    0.124520][    T1] SVE: default vector length 64 bytes per vector
[    0.125000][    T1] SME: minimum available vector length 16 bytes per vector
[    0.125132][    T1] SME: maximum available vector length 256 bytes per vector
[    0.125235][    T1] SME: default vector length 32 bytes per vector
[    0.125684][    T1] CPU: All CPU(s) started at EL2
[    0.125787][    T1] alternatives: applying system-wide alternatives
[    0.153363][   T20] node 0 deferred pages initialised in 7ms
[    0.168717][    T1] devtmpfs: initialized
[    0.190944][    T1] clocksource: jiffies: mask: 0xffffffff max_cycles: 0xffffffff, max_idle_ns: 6370867519511994 ns
[    0.191442][    T1] futex hash table entries: 256 (order: 2, 16384 bytes, linear)
[    0.195483][    T1] pinctrl core: initialized pinctrl subsystem
[    0.206215][    T1] DMI not present or invalid.
[    0.217361][    T1] NET: Registered PF_NETLINK/PF_ROUTE protocol family
[    0.222792][    T1] DMA: preallocated 128 KiB GFP_KERNEL pool for atomic allocations
[    0.223192][    T1] DMA: preallocated 128 KiB GFP_KERNEL|GFP_DMA pool for atomic allocations
[    0.223434][    T1] DMA: preallocated 128 KiB GFP_KERNEL|GFP_DMA32 pool for atomic allocations
[    0.223935][    T1] audit: initializing netlink subsys (disabled)
[    0.226634][   T24] audit: type=2000 audit(0.189:1): state=initialized audit_enabled=0 res=1
[    0.234633][    T1] thermal_sys: Registered thermal governor 'fair_share'
[    0.234704][    T1] thermal_sys: Registered thermal governor 'bang_bang'
[    0.234845][    T1] thermal_sys: Registered thermal governor 'step_wise'
[    0.234943][    T1] thermal_sys: Registered thermal governor 'user_space'
[    0.235678][    T1] cpuidle: using governor ladder
[    0.236026][    T1] cpuidle: using governor menu
[    0.237390][    T1] hw-breakpoint: found 6 breakpoint and 4 watchpoint registers.
[    0.237934][    T1] ASID allocator initialised with 65536 entries
[    0.243623][    T1] Serial: AMBA PL011 UART driver
[    0.296754][    T1] 9000000.pl011: ttyAMA0 at MMIO 0x9000000 (irq = 14, base_baud = 0) is a PL011 rev1
[    0.298306][    T1] printk: console [ttyAMA0] enabled
[    0.298306][    T1] printk: console [ttyAMA0] enabled
[    0.298717][    T1] printk: bootconsole [pl11] disabled
[    0.298717][    T1] printk: bootconsole [pl11] disabled
[    0.315509][    T1] Modules: 2G module region forced by RANDOMIZE_MODULE_REGION_FULL
[    0.315690][    T1] Modules: 0 pages in range for non-PLT usage
[    0.315717][    T1] Modules: 512688 pages in range for PLT usage
[    0.349785][    T1] HugeTLB: registered 1.00 GiB page size, pre-allocated 0 pages
[    0.349994][    T1] HugeTLB: 0 KiB vmemmap can be freed for a 1.00 GiB page
[    0.350119][    T1] HugeTLB: registered 32.0 MiB page size, pre-allocated 0 pages
[    0.350224][    T1] HugeTLB: 0 KiB vmemmap can be freed for a 32.0 MiB page
[    0.350326][    T1] HugeTLB: registered 2.00 MiB page size, pre-allocated 0 pages
[    0.350429][    T1] HugeTLB: 0 KiB vmemmap can be freed for a 2.00 MiB page
[    0.350530][    T1] HugeTLB: registered 64.0 KiB page size, pre-allocated 0 pages
[    0.350631][    T1] HugeTLB: 0 KiB vmemmap can be freed for a 64.0 KiB page
[    0.362688][    T1] ACPI: Interpreter disabled.
[    0.366128][    T1] iommu: Default domain type: Passthrough
[    0.368779][    T1] SCSI subsystem initialized
[    0.371152][    T1] pps_core: LinuxPPS API ver. 1 registered
[    0.371255][    T1] pps_core: Software ver. 5.3.6 - Copyright 2005-2007 Rodolfo Giometti <giometti@linux.it>
[    0.371507][    T1] PTP clock support registered
[    0.372167][    T1] EDAC MC: Ver: 3.0.0
[    0.374763][    T1] scmi_core: SCMI protocol bus registered
[    0.386483][    T1] NetLabel: Initializing
[    0.386581][    T1] NetLabel:  domain hash size = 128
[    0.386667][    T1] NetLabel:  protocols = UNLABELED CIPSOv4 CALIPSO
[    0.387683][    T1] NetLabel:  unlabeled traffic allowed by default
[    0.387861][    T1] mctp: management component transport protocol core
[    0.387966][    T1] NET: Registered PF_MCTP protocol family
[    0.389609][    T1] vgaarb: loaded
[    0.394723][    T1] clocksource: Switched to clocksource arch_sys_counter
[    0.400544][    T1] VFS: Disk quotas dquot_6.6.0
[    0.400832][    T1] VFS: Dquot-cache hash table entries: 512 (order 0, 4096 bytes)
[    0.413673][    T1] AppArmor: AppArmor Filesystem Enabled
[    0.414107][    T1] pnp: PnP ACPI: disabled
[    0.472017][    T1] NET: Registered PF_INET protocol family
[    0.474894][    T1] IP idents hash table entries: 8192 (order: 4, 65536 bytes, linear)
[    0.489126][    T1] tcp_listen_portaddr_hash hash table entries: 256 (order: 0, 4096 bytes, linear)
[    0.489328][    T1] Table-perturb hash table entries: 65536 (order: 6, 262144 bytes, linear)
[    0.489520][    T1] TCP established hash table entries: 4096 (order: 3, 32768 bytes, linear)
[    0.489864][    T1] TCP bind hash table entries: 4096 (order: 5, 131072 bytes, linear)
[    0.490168][    T1] TCP: Hash tables configured (established 4096 bind 4096)
[    0.492170][    T1] MPTCP token hash table entries: 512 (order: 1, 12288 bytes, linear)
[    0.492630][    T1] UDP hash table entries: 256 (order: 1, 8192 bytes, linear)
[    0.493021][    T1] UDP-Lite hash table entries: 256 (order: 1, 8192 bytes, linear)
[    0.494698][    T1] NET: Registered PF_UNIX/PF_LOCAL protocol family
[    0.495258][    T1] NET: Registered PF_XDP protocol family
[    0.495525][    T1] PCI: CLS 0 bytes, default 64
[    0.498762][    T1] kvm [1]: IPA Size Limit: 48 bits
[    0.499458][    T1] kvm [1]: GICv4 support disabled
[    0.499569][    T1] kvm [1]: GICv3: no GICV resource entry
[    0.499811][    T1] kvm [1]: disabling GICv2 emulation
[    0.500012][    T1] kvm [1]: GIC system register CPU interface enabled
[    0.501278][    T1] kvm [1]: vgic interrupt IRQ9
[    0.501918][    T1] kvm [1]: VHE mode initialized successfully
[    0.506592][   T11] Trying to unpack rootfs image as initramfs...
[    0.517123][    T1] Initialise system trusted keyrings
[    0.523822][    T1] Key type blacklist registered
[    0.525292][    T1] workingset: timestamp_bits=40 max_order=17 bucket_order=0
[    0.525709][    T1] zbud: loaded
[    0.533557][    T1] integrity: Platform Keyring initialized
[    0.533826][    T1] integrity: Machine keyring initialized
[    0.624605][    T1] Key type asymmetric registered
[    0.624792][    T1] Asymmetric key parser 'x509' registered
[    0.653056][   T11] Freeing initrd memory: 4428K
[    0.676497][    T1] Block layer SCSI generic (bsg) driver version 0.4 loaded (major 245)
[    0.677449][    T1] io scheduler mq-deadline registered
[    0.677611][    T1] io scheduler kyber registered
[    0.678166][    T1] io scheduler bfq registered
[    0.712289][    T1] pl061_gpio 9030000.pl061: PL061 GPIO chip registered
[    0.714426][    T1] shpchp: Standard Hot Plug PCI Controller Driver version: 0.4
[    0.718951][    T1] pci-host-generic 4010000000.pcie: host bridge /pcie@10000000 ranges:
[    0.719743][    T1] pci-host-generic 4010000000.pcie:       IO 0x003eff0000..0x003effffff -> 0x0000000000
[    0.720397][    T1] pci-host-generic 4010000000.pcie:      MEM 0x0010000000..0x003efeffff -> 0x0010000000
[    0.720584][    T1] pci-host-generic 4010000000.pcie:      MEM 0x8000000000..0xffffffffff -> 0x8000000000
[    0.721298][    T1] pci-host-generic 4010000000.pcie: Memory resource size exceeds max for 32 bits
[    0.721901][    T1] pci-host-generic 4010000000.pcie: ECAM at [mem 0x4010000000-0x401fffffff] for [bus 00-ff]
[    0.723737][    T1] pci-host-generic 4010000000.pcie: PCI host bridge to bus 0000:00
[    0.724124][    T1] pci_bus 0000:00: root bus resource [bus 00-ff]
[    0.724301][    T1] pci_bus 0000:00: root bus resource [io  0x0000-0xffff]
[    0.724501][    T1] pci_bus 0000:00: root bus resource [mem 0x10000000-0x3efeffff]
[    0.724618][    T1] pci_bus 0000:00: root bus resource [mem 0x8000000000-0xffffffffff]
[    0.726284][    T1] pci 0000:00:00.0: [1b36:0008] type 00 class 0x060000
[    0.794791][    T1] Serial: 8250/16550 driver, 32 ports, IRQ sharing enabled
[    0.835040][    T1] Serial: AMBA driver
[    0.835679][    T1] SuperH (H)SCI(F) driver initialized
[    0.837577][    T1] msm_serial: driver initialized
[    0.855235][    T1] mousedev: PS/2 mouse device common for all mice
[    0.861854][    T1] rtc-pl031 9010000.pl031: registered as rtc0
[    0.862600][    T1] rtc-pl031 9010000.pl031: setting system clock to 2023-08-11T21:51:26 UTC (1691790686)
[    0.872004][    T1] ledtrig-cpu: registered to indicate activity on CPUs
[    0.875273][    T1] hid: raw HID events driver (C) Jiri Kosina
[    0.883478][    T1] hw perfevents: enabled with armv8_pmuv3 PMU driver, 7 counters available
[    0.887933][   T49] watchdog: Delayed init of the lockup detector failed: -19
[    0.888085][   T49] watchdog: Hard watchdog permanently disabled
[    0.889381][    T1]  cs_system_cfg: CoreSight Configuration manager initialised
[    0.893529][    T1] drop_monitor: Initializing network drop monitor service
[    1.010326][    T1] NET: Registered PF_INET6 protocol family
[    1.024989][    T1] Segment Routing with IPv6
[    1.025155][    T1] RPL Segment Routing with IPv6
[    1.025446][    T1] In-situ OAM (IOAM) with IPv6
[    1.056750][    T1] registered taskstats version 1
[    1.059852][    T1] Loading compiled-in X.509 certificates
[    1.131969][    T1] Loaded X.509 cert 'Build time autogenerated kernel key: 1f9b9f87caf5be413e9b18b1189b8e2d8d375af0'
[    1.163773][    T1] page_owner is disabled
[    1.164928][    T1] Key type .fscrypt registered
[    1.165054][    T1] Key type fscrypt-provisioning registered
[    1.177474][    T1] Key type encrypted registered
[    1.177806][    T1] AppArmor: AppArmor sha1 policy hashing enabled
[    1.178564][    T1] ima: No TPM chip found, activating TPM-bypass!
[    1.178720][    T1] Loading compiled-in module X.509 certificates
[    1.180674][    T1] Loaded X.509 cert 'Build time autogenerated kernel key: 1f9b9f87caf5be413e9b18b1189b8e2d8d375af0'
[    1.180904][    T1] ima: Allocated hash algorithm: sha256
[    1.183279][    T1] ima: No architecture policies found
[    1.183993][    T1] evm: Initialising EVM extended attributes:
[    1.184107][    T1] evm: security.selinux
[    1.184205][    T1] evm: security.SMACK64 (disabled)
[    1.184286][    T1] evm: security.SMACK64EXEC (disabled)
[    1.184503][    T1] evm: security.SMACK64TRANSMUTE (disabled)
[    1.184599][    T1] evm: security.SMACK64MMAP (disabled)
[    1.184680][    T1] evm: security.apparmor
[    1.184749][    T1] evm: security.ima
[    1.184812][    T1] evm: security.capability
[    1.184896][    T1] evm: HMAC attrs: 0x1
[    1.782000][    T1] clk: Disabling unused clocks
[    1.785810][    T1] uart-pl011 9000000.pl011: no DMA platform data
[    1.877869][    T1] Freeing unused kernel memory: 10368K
[    1.878836][    T1] Run /init as init process
[    2.041753][    T1] Not activating Mandatory Access Control as /sbin/tomoyo-init does not exist.
Starting syslogd: OK
Starting klogd: OK
Running sysctl: OK
Saving 256 bits of creditable seed for next boot
Starting network: OK
Linux version 6.5.0-rc5-next-20230809-default-cbl (nathan@dev-arch.m3-large-x86-01) (ClangBuiltLinux clang version 16.0.6 (https://github.com/llvm/llvm-project 7cbf1a2591520c2491aa35339f227775f4d3adf6), ClangBuiltLinux LLD 16.0.6) #1 SMP PREEMPT_DYNAMIC Fri Aug 11 21:49:41 UTC 2023
Stopping network: OK
Seeding 256 bits and crediting
Saving 256 bits of creditable seed for next boot
Stopping klogd: OK
Stopping syslogd: OK
umount: devtmpfs busy - remounted read-only
umount: can't unmount /: Invalid argument

The system is going down NOW!

Sent SIGTERM to all processes

Sent SIGKILL to all processes

Requesting system poweroff
[    4.830792][  T186] kvm: exiting hardware virtualization
[    4.831324][  T186] reboot: Power down
$ timeout --foreground 3m stdbuf -eL -oL /usr/sbin/qemu-system-aarch64 -display none -nodefaults -cpu max,pauth-impdef=true -machine virt,gic-version=max,virtualization=true -append 'console=ttyAMA0 earlycon' -kernel /home/nathan/tmp/build/cbl_lkt/linux-next/arm64/arch/arm64/boot/Image.gz -initrd /home/nathan/cbl/llvm-kernel-testing/src/boot-utils/images/arm64/rootfs.cpio -m 512m -serial mon:stdio
