Using /home/nathan/cbl/src/linux-next/arch/arm64/configs/defconfig as base
Merging /home/nathan/cbl/src/linux-next/arch/arm64/configs/virt.config
#
# merged configuration written to .config (needs make)
#
/home/nathan/cbl/src/linux-next/drivers/bus/mhi/host/main.c:803:13: warning: parameter 'event_quota' set but not used [-Wunused-but-set-parameter]
                             u32 event_quota)
                                 ^
1 warning generated.
/home/nathan/cbl/src/linux-next/lib/radix-tree.c:1136:50: warning: parameter 'slot' set but not used [-Wunused-but-set-parameter]
void __rcu **radix_tree_iter_resume(void __rcu **slot,
                                                 ^
1 warning generated.
/home/nathan/cbl/src/linux-next/drivers/firmware/dmi-id.c:174:17: warning: cast from 'void (*)(const void *)' to 'void (*)(struct device *)' converts to incompatible function type [-Wcast-function-type-strict]
        .dev_release = (void(*)(struct device *)) kfree,
                       ^~~~~~~~~~~~~~~~~~~~~~~~~~~~~~~~
1 warning generated.
/home/nathan/cbl/src/linux-next/drivers/gpu/drm/nouveau/nvkm/subdev/bios/shadow.c:161:10: warning: cast from 'void (*)(const struct firmware *)' to 'void (*)(void *)' converts to incompatible function type [-Wcast-function-type-strict]
        .fini = (void(*)(void *))release_firmware,
                ^~~~~~~~~~~~~~~~~~~~~~~~~~~~~~~~~
1 warning generated.

[01;32mQEMU location: [0m/usr/sbin[0m

[01;32mQEMU version: [0mQEMU emulator version 8.0.3[0m
[    0.000000] Booting Linux on physical CPU 0x0000000000 [0x000f0510]
[    0.000000] Linux version 6.5.0-rc5-next-20230809-cbl-00030-g8150cbc757fd (nathan@dev-arch.m3-large-x86-01) (ClangBuiltLinux clang version 16.0.6 (https://github.com/llvm/llvm-project 7cbf1a2591520c2491aa35339f227775f4d3adf6), ClangBuiltLinux LLD 16.0.6) #1 SMP PREEMPT Fri Aug 11 20:51:56 UTC 2023
[    0.000000] KASLR enabled
[    0.000000] random: crng init done
[    0.000000] Machine model: linux,dummy-virt
[    0.000000] efi: UEFI not found.
[    0.000000] earlycon: pl11 at MMIO 0x0000000009000000 (options '')
[    0.000000] printk: bootconsole [pl11] enabled
[    0.000000] NUMA: No NUMA configuration found
[    0.000000] NUMA: Faking a node at [mem 0x0000000040000000-0x000000005fffffff]
[    0.000000] NUMA: NODE_DATA [mem 0x5feed9c0-0x5feeffff]
[    0.000000] Zone ranges:
[    0.000000]   DMA      [mem 0x0000000040000000-0x000000005fffffff]
[    0.000000]   DMA32    empty
[    0.000000]   Normal   empty
[    0.000000] Movable zone start for each node
[    0.000000] Early memory node ranges
[    0.000000]   node   0: [mem 0x0000000040000000-0x000000005fffffff]
[    0.000000] Initmem setup node 0 [mem 0x0000000040000000-0x000000005fffffff]
[    0.000000] cma: Reserved 32 MiB at 0x000000005d600000 on node -1
[    0.000000] psci: probing for conduit method from DT.
[    0.000000] psci: PSCIv1.1 detected in firmware.
[    0.000000] psci: Using standard PSCI v0.2 function IDs
[    0.000000] psci: Trusted OS migration not required
[    0.000000] psci: SMC Calling Convention v1.0
[    0.000000] percpu: Embedded 22 pages/cpu s49192 r8192 d32728 u90112
[    0.000000] Detected PIPT I-cache on CPU0
[    0.000000] CPU features: detected: Branch Target Identification
[    0.000000] CPU features: detected: Address authentication (IMP DEF algorithm)
[    0.000000] CPU features: detected: GIC system register CPU interface
[    0.000000] CPU features: detected: HCRX_EL2 register
[    0.000000] CPU features: detected: Virtualization Host Extensions
[    0.000000] CPU features: detected: Hardware dirty bit management
[    0.000000] CPU features: detected: Spectre-v4
[    0.000000] alternatives: applying boot alternatives
[    0.000000] Kernel command line: console=ttyAMA0 earlycon
[    0.000000] Dentry cache hash table entries: 65536 (order: 7, 524288 bytes, linear)
[    0.000000] Inode-cache hash table entries: 32768 (order: 6, 262144 bytes, linear)
[    0.000000] Fallback order for Node 0: 0 
[    0.000000] Built 1 zonelists, mobility grouping on.  Total pages: 129024
[    0.000000] Policy zone: DMA
[    0.000000] mem auto-init: stack:all(zero), heap alloc:off, heap free:off
[    0.000000] software IO TLB: area num 1.
[    0.000000] software IO TLB: mapped [mem 0x0000000059600000-0x000000005d600000] (64MB)
[    0.000000] Memory: 388752K/524288K available (13312K kernel code, 1290K rwdata, 4548K rodata, 1024K init, 536K bss, 102768K reserved, 32768K cma-reserved)
[    0.000000] SLUB: HWalign=64, Order=0-3, MinObjects=0, CPUs=1, Nodes=1
[    0.000000] rcu: Preemptible hierarchical RCU implementation.
[    0.000000] rcu: 	RCU event tracing is enabled.
[    0.000000] rcu: 	RCU restricting CPUs from NR_CPUS=256 to nr_cpu_ids=1.
[    0.000000] 	Trampoline variant of Tasks RCU enabled.
[    0.000000] 	Tracing variant of Tasks RCU enabled.
[    0.000000] rcu: RCU calculated value of scheduler-enlistment delay is 25 jiffies.
[    0.000000] rcu: Adjusting geometry for rcu_fanout_leaf=16, nr_cpu_ids=1
[    0.000000] NR_IRQS: 64, nr_irqs: 64, preallocated irqs: 0
[    0.000000] GICv3: GIC: Using split EOI/Deactivate mode
[    0.000000] GICv3: 256 SPIs implemented
[    0.000000] GICv3: 0 Extended SPIs implemented
[    0.000000] Root IRQ handler: gic_handle_irq
[    0.000000] GICv3: GICv3 features: 16 PPIs
[    0.000000] GICv3: GICv4 features: 
[    0.000000] GICv3: CPU0: found redistributor 0 region 0:0x00000000080a0000
[    0.000000] ITS [mem 0x08080000-0x0809ffff]
[    0.000000] ITS@0x0000000008080000: Single VMOVP capable
[    0.000000] ITS@0x0000000008080000: allocated 8192 Devices @41840000 (indirect, esz 8, psz 64K, shr 1)
[    0.000000] ITS@0x0000000008080000: allocated 8192 Interrupt Collections @41850000 (flat, esz 8, psz 64K, shr 1)
[    0.000000] ITS@0x0000000008080000: allocated 8192 Virtual CPUs @41860000 (indirect, esz 8, psz 64K, shr 1)
[    0.000000] GICv3: using LPI property table @0x0000000041870000
[    0.000000] ITS: Allocated DevID ffff as GICv4 proxy device (2 slots)
[    0.000000] ITS: Enabling GICv4 support
[    0.000000] GICv3: CPU0: using allocated LPI pending table @0x0000000041880000
[    0.000000] rcu: srcu_init: Setting srcu_struct sizes based on contention.
[    0.000000] arch_timer: cp15 timer(s) running at 62.50MHz (phys).
[    0.000000] clocksource: arch_sys_counter: mask: 0x1ffffffffffffff max_cycles: 0x1cd42e208c, max_idle_ns: 881590405314 ns
[    0.000066] sched_clock: 57 bits at 63MHz, resolution 16ns, wraps every 4398046511096ns
[    0.019590] Console: colour dummy device 80x25
[    0.025622] Calibrating delay loop (skipped), value calculated using timer frequency.. 125.00 BogoMIPS (lpj=250000)
[    0.026526] pid_max: default: 32768 minimum: 301
[    0.029033] LSM: initializing lsm=capability,integrity
[    0.032797] Mount-cache hash table entries: 1024 (order: 1, 8192 bytes, linear)
[    0.032976] Mountpoint-cache hash table entries: 1024 (order: 1, 8192 bytes, linear)
[    0.068973] cacheinfo: Unable to detect cache hierarchy for CPU 0
[    0.077757] RCU Tasks: Setting shift to 0 and lim to 1 rcu_task_cb_adjust=1.
[    0.078548] RCU Tasks Trace: Setting shift to 0 and lim to 1 rcu_task_cb_adjust=1.
[    0.080317] rcu: Hierarchical SRCU implementation.
[    0.080426] rcu: 	Max phase no-delay instances is 1000.
[    0.084788] Platform MSI: its@8080000 domain created
[    0.085337] PCI/MSI: /intc@8000000/its@8080000 domain created
[    0.086396] EFI services will not be available.
[    0.087224] smp: Bringing up secondary CPUs ...
[    0.088218] smp: Brought up 1 node, 1 CPU
[    0.088309] SMP: Total of 1 processors activated.
[    0.088553] CPU features: detected: 32-bit EL0 Support
[    0.088656] CPU features: detected: 32-bit EL1 Support
[    0.088739] CPU features: detected: ARMv8.4 Translation Table Level
[    0.088877] CPU features: detected: Data cache clean to the PoU not required for I/D coherence
[    0.089051] CPU features: detected: Common not Private translations
[    0.089136] CPU features: detected: CRC32 instructions
[    0.089209] CPU features: detected: Data independent timing control (DIT)
[    0.089298] CPU features: detected: E0PD
[    0.089359] CPU features: detected: Enhanced Virtualization Traps
[    0.089495] CPU features: detected: Generic authentication (IMP DEF algorithm)
[    0.089591] CPU features: detected: RCpc load-acquire (LDAPR)
[    0.089670] CPU features: detected: LSE atomic instructions
[    0.089802] CPU features: detected: Privileged Access Never
[    0.089902] CPU features: detected: RAS Extension Support
[    0.089988] CPU features: detected: Random Number Generator
[    0.090064] CPU features: detected: Speculation barrier (SB)
[    0.091359] CPU features: detected: Stage-2 Force Write-Back
[    0.091448] CPU features: detected: TLB range maintenance instructions
[    0.091575] CPU features: detected: Scalable Matrix Extension
[    0.091656] CPU features: detected: FA64
[    0.091716] CPU features: detected: Speculative Store Bypassing Safe (SSBS)
[    0.091812] CPU features: detected: Scalable Vector Extension
[    0.104796] SVE: maximum available vector length 256 bytes per vector
[    0.109130] SVE: default vector length 64 bytes per vector
[    0.111220] SME: minimum available vector length 16 bytes per vector
[    0.111332] SME: maximum available vector length 256 bytes per vector
[    0.111427] SME: default vector length 32 bytes per vector
[    0.111928] CPU: All CPU(s) started at EL2
[    0.112036] alternatives: applying system-wide alternatives
[    0.157929] devtmpfs: initialized
[    0.181374] clocksource: jiffies: mask: 0xffffffff max_cycles: 0xffffffff, max_idle_ns: 7645041785100000 ns
[    0.182065] futex hash table entries: 256 (order: 2, 16384 bytes, linear)
[    0.188160] pinctrl core: initialized pinctrl subsystem
[    0.194106] DMI not present or invalid.
[    0.210008] NET: Registered PF_NETLINK/PF_ROUTE protocol family
[    0.221191] DMA: preallocated 128 KiB GFP_KERNEL pool for atomic allocations
[    0.221921] DMA: preallocated 128 KiB GFP_KERNEL|GFP_DMA pool for atomic allocations
[    0.222346] DMA: preallocated 128 KiB GFP_KERNEL|GFP_DMA32 pool for atomic allocations
[    0.222747] audit: initializing netlink subsys (disabled)
[    0.224952] audit: type=2000 audit(0.196:1): state=initialized audit_enabled=0 res=1
[    0.229445] thermal_sys: Registered thermal governor 'step_wise'
[    0.229545] thermal_sys: Registered thermal governor 'power_allocator'
[    0.230028] cpuidle: using governor menu
[    0.231552] hw-breakpoint: found 6 breakpoint and 4 watchpoint registers.
[    0.232168] ASID allocator initialised with 65536 entries
[    0.233773] Serial: AMBA PL011 UART driver
[    0.272781] 9000000.pl011: ttyAMA0 at MMIO 0x9000000 (irq = 14, base_baud = 0) is a PL011 rev1
[    0.274366] printk: console [ttyAMA0] enabled
[    0.274366] printk: console [ttyAMA0] enabled
[    0.274761] printk: bootconsole [pl11] disabled
[    0.274761] printk: bootconsole [pl11] disabled
[    0.294705] Modules: 2G module region forced by RANDOMIZE_MODULE_REGION_FULL
[    0.294882] Modules: 0 pages in range for non-PLT usage
[    0.294909] Modules: 519072 pages in range for PLT usage
[    0.299805] HugeTLB: registered 1.00 GiB page size, pre-allocated 0 pages
[    0.299986] HugeTLB: 0 KiB vmemmap can be freed for a 1.00 GiB page
[    0.300102] HugeTLB: registered 32.0 MiB page size, pre-allocated 0 pages
[    0.300194] HugeTLB: 0 KiB vmemmap can be freed for a 32.0 MiB page
[    0.300285] HugeTLB: registered 2.00 MiB page size, pre-allocated 0 pages
[    0.300377] HugeTLB: 0 KiB vmemmap can be freed for a 2.00 MiB page
[    0.300467] HugeTLB: registered 64.0 KiB page size, pre-allocated 0 pages
[    0.300554] HugeTLB: 0 KiB vmemmap can be freed for a 64.0 KiB page
[    0.309698] ACPI: Interpreter disabled.
[    0.311936] iommu: Default domain type: Translated
[    0.312053] iommu: DMA domain TLB invalidation policy: strict mode
[    0.313581] SCSI subsystem initialized
[    0.315860] usbcore: registered new interface driver usbfs
[    0.316180] usbcore: registered new interface driver hub
[    0.316466] usbcore: registered new device driver usb
[    0.317676] pps_core: LinuxPPS API ver. 1 registered
[    0.317772] pps_core: Software ver. 5.3.6 - Copyright 2005-2007 Rodolfo Giometti <giometti@linux.it>
[    0.317983] PTP clock support registered
[    0.318359] EDAC MC: Ver: 3.0.0
[    0.320514] scmi_core: SCMI protocol bus registered
[    0.322074] FPGA manager framework
[    0.323014] Advanced Linux Sound Architecture Driver Initialized.
[    0.334053] vgaarb: loaded
[    0.336873] clocksource: Switched to clocksource arch_sys_counter
[    0.338255] VFS: Disk quotas dquot_6.6.0
[    0.338468] VFS: Dquot-cache hash table entries: 512 (order 0, 4096 bytes)
[    0.343065] pnp: PnP ACPI: disabled
[    0.365711] NET: Registered PF_INET protocol family
[    0.367151] IP idents hash table entries: 8192 (order: 4, 65536 bytes, linear)
[    0.372238] tcp_listen_portaddr_hash hash table entries: 256 (order: 0, 4096 bytes, linear)
[    0.372441] Table-perturb hash table entries: 65536 (order: 6, 262144 bytes, linear)
[    0.372719] TCP established hash table entries: 4096 (order: 3, 32768 bytes, linear)
[    0.373014] TCP bind hash table entries: 4096 (order: 5, 131072 bytes, linear)
[    0.373303] TCP: Hash tables configured (established 4096 bind 4096)
[    0.374434] UDP hash table entries: 256 (order: 1, 8192 bytes, linear)
[    0.374789] UDP-Lite hash table entries: 256 (order: 1, 8192 bytes, linear)
[    0.375891] NET: Registered PF_UNIX/PF_LOCAL protocol family
[    0.378646] RPC: Registered named UNIX socket transport module.
[    0.378786] RPC: Registered udp transport module.
[    0.378866] RPC: Registered tcp transport module.
[    0.378940] RPC: Registered tcp-with-tls transport module.
[    0.379021] RPC: Registered tcp NFSv4.1 backchannel transport module.
[    0.379207] PCI: CLS 0 bytes, default 64
[    0.383395] Unpacking initramfs...
[    0.385693] kvm [1]: IPA Size Limit: 48 bits
[    0.386390] kvm [1]: GICv4 support disabled
[    0.386493] kvm [1]: GICv3: no GICV resource entry
[    0.386665] kvm [1]: disabling GICv2 emulation
[    0.386882] kvm [1]: GIC system register CPU interface enabled
[    0.387937] kvm [1]: vgic interrupt IRQ9
[    0.389384] kvm [1]: VHE mode initialized successfully
[    0.396466] Initialise system trusted keyrings
[    0.402482] workingset: timestamp_bits=42 max_order=17 bucket_order=0
[    0.408797] squashfs: version 4.0 (2009/01/31) Phillip Lougher
[    0.410386] NFS: Registering the id_resolver key type
[    0.410786] Key type id_resolver registered
[    0.410883] Key type id_legacy registered
[    0.411205] nfs4filelayout_init: NFSv4 File Layout Driver Registering...
[    0.411378] nfs4flexfilelayout_init: NFSv4 Flexfile Layout Driver Registering...
[    0.416721] 9p: Installing v9fs 9p2000 file system support
[    0.514022] Key type asymmetric registered
[    0.514197] Asymmetric key parser 'x509' registered
[    0.514609] Block layer SCSI generic (bsg) driver version 0.4 loaded (major 247)
[    0.514843] io scheduler mq-deadline registered
[    0.514975] io scheduler kyber registered
[    0.515356] io scheduler bfq registered
[    0.530966] Freeing initrd memory: 4428K
[    0.532400] pl061_gpio 9030000.pl061: PL061 GPIO chip registered
[    0.536394] pci-host-generic 4010000000.pcie: host bridge /pcie@10000000 ranges:
[    0.537320] pci-host-generic 4010000000.pcie:       IO 0x003eff0000..0x003effffff -> 0x0000000000
[    0.538001] pci-host-generic 4010000000.pcie:      MEM 0x0010000000..0x003efeffff -> 0x0010000000
[    0.538172] pci-host-generic 4010000000.pcie:      MEM 0x8000000000..0xffffffffff -> 0x8000000000
[    0.538841] pci-host-generic 4010000000.pcie: Memory resource size exceeds max for 32 bits
[    0.539443] pci-host-generic 4010000000.pcie: ECAM at [mem 0x4010000000-0x401fffffff] for [bus 00-ff]
[    0.541231] pci-host-generic 4010000000.pcie: PCI host bridge to bus 0000:00
[    0.541568] pci_bus 0000:00: root bus resource [bus 00-ff]
[    0.541716] pci_bus 0000:00: root bus resource [io  0x0000-0xffff]
[    0.541850] pci_bus 0000:00: root bus resource [mem 0x10000000-0x3efeffff]
[    0.541953] pci_bus 0000:00: root bus resource [mem 0x8000000000-0xffffffffff]
[    0.543565] pci 0000:00:00.0: [1b36:0008] type 00 class 0x060000
[    0.557827] EINJ: ACPI disabled.
[    0.578445] Serial: 8250/16550 driver, 4 ports, IRQ sharing enabled
[    0.585413] STM32 USART driver initialized
[    0.608599] loop: module loaded
[    0.610300] megasas: 07.725.01.00-rc1
[    0.621603] tun: Universal TUN/TAP device driver, 1.6
[    0.623726] thunder_xcv, ver 1.0
[    0.623904] thunder_bgx, ver 1.0
[    0.624059] nicpf, ver 1.0
[    0.625408] hns3: Hisilicon Ethernet Network Driver for Hip08 Family - version
[    0.625524] hns3: Copyright (c) 2017 Huawei Corporation.
[    0.625869] hclge is initializing
[    0.626085] e1000: Intel(R) PRO/1000 Network Driver
[    0.626167] e1000: Copyright (c) 1999-2006 Intel Corporation.
[    0.626360] e1000e: Intel(R) PRO/1000 Network Driver
[    0.626439] e1000e: Copyright(c) 1999 - 2015 Intel Corporation.
[    0.626636] igb: Intel(R) Gigabit Ethernet Network Driver
[    0.626724] igb: Copyright (c) 2007-2014 Intel Corporation.
[    0.626910] igbvf: Intel(R) Gigabit Virtual Function Network Driver
[    0.627005] igbvf: Copyright (c) 2009 - 2012 Intel Corporation.
[    0.627190] sky2: driver version 1.30
[    0.628819] VFIO - User Level meta-driver version: 0.3
[    0.633852] usbcore: registered new interface driver usb-storage
[    0.642388] rtc-pl031 9010000.pl031: registered as rtc0
[    0.643169] rtc-pl031 9010000.pl031: setting system clock to 2023-08-11T20:52:06 UTC (1691787126)
[    0.644515] i2c_dev: i2c /dev entries driver
[    0.649529] sdhci: Secure Digital Host Controller Interface driver
[    0.649629] sdhci: Copyright(c) Pierre Ossman
[    0.651051] Synopsys Designware Multimedia Card Interface Driver
[    0.652334] sdhci-pltfm: SDHCI platform and OF driver helper
[    0.657120] usbcore: registered new interface driver usbhid
[    0.657223] usbhid: USB HID core driver
[    0.661922] hw perfevents: enabled with armv8_pmuv3 PMU driver, 7 counters available
[    0.665906] NET: Registered PF_PACKET protocol family
[    0.667327] 9pnet: Installing 9P2000 support
[    0.667653] Key type dns_resolver registered
[    0.697785] registered taskstats version 1
[    0.699040] Loading compiled-in X.509 certificates
[    0.733356] input: gpio-keys as /devices/platform/gpio-keys/input/input0
[    0.741685] clk: Disabling unused clocks
[    0.742231] ALSA device list:
[    0.742360]   No soundcards found.
[    0.745578] uart-pl011 9000000.pl011: no DMA platform data
[    0.799941] Freeing unused kernel memory: 1024K
[    0.801088] Run /init as init process
Starting syslogd: OK
Starting klogd: OK
Running sysctl: OK
Saving 256 bits of creditable seed for next boot
Starting network: OK
Linux version 6.5.0-rc5-next-20230809-cbl-00030-g8150cbc757fd (nathan@dev-arch.m3-large-x86-01) (ClangBuiltLinux clang version 16.0.6 (https://github.com/llvm/llvm-project 7cbf1a2591520c2491aa35339f227775f4d3adf6), ClangBuiltLinux LLD 16.0.6) #1 SMP PREEMPT Fri Aug 11 20:51:56 UTC 2023
Stopping network: OK
Seeding 256 bits and crediting
Saving 256 bits of creditable seed for next boot
Stopping klogd: OK
Stopping syslogd: OK
umount: devtmpfs busy - remounted read-only
umount: can't unmount /: Invalid argument

The system is going down NOW!

Sent SIGTERM to all processes

Sent SIGKILL to all processes

Requesting system poweroff
[    3.557537] kvm: exiting hardware virtualization
[    3.557731] reboot: Power down
$ timeout --foreground 3m stdbuf -eL -oL /usr/sbin/qemu-system-aarch64 -display none -nodefaults -cpu max,pauth-impdef=true -machine virt,gic-version=max,virtualization=true -append 'console=ttyAMA0 earlycon' -kernel /home/nathan/tmp/build/cbl_lkt/linux-next/arm64/arch/arm64/boot/Image.gz -initrd /home/nathan/cbl/llvm-kernel-testing/src/boot-utils/images/arm64/rootfs.cpio -m 512m -serial mon:stdio
