Using /home/nathan/cbl/src/linux-next/arch/powerpc/configs/ppc64_defconfig as base
Merging /home/nathan/cbl/src/linux-next/arch/powerpc/configs/le.config
Merging /home/nathan/cbl/src/linux-next/arch/powerpc/configs/guest.config
Value of CONFIG_VIRTIO_BLK is redefined by fragment /home/nathan/cbl/src/linux-next/arch/powerpc/configs/guest.config:
Previous value: CONFIG_VIRTIO_BLK=m
New value: CONFIG_VIRTIO_BLK=y

Value of CONFIG_SCSI_VIRTIO is redefined by fragment /home/nathan/cbl/src/linux-next/arch/powerpc/configs/guest.config:
Previous value: CONFIG_SCSI_VIRTIO=m
New value: CONFIG_SCSI_VIRTIO=y

Value of CONFIG_VIRTIO_NET is redefined by fragment /home/nathan/cbl/src/linux-next/arch/powerpc/configs/guest.config:
Previous value: CONFIG_VIRTIO_NET=m
New value: CONFIG_VIRTIO_NET=y

Value of CONFIG_VIRTIO_CONSOLE is redefined by fragment /home/nathan/cbl/src/linux-next/arch/powerpc/configs/guest.config:
Previous value: CONFIG_VIRTIO_CONSOLE=m
New value: CONFIG_VIRTIO_CONSOLE=y

Value of CONFIG_VIRTIO_PCI is redefined by fragment /home/nathan/cbl/src/linux-next/arch/powerpc/configs/guest.config:
Previous value: CONFIG_VIRTIO_PCI=m
New value: CONFIG_VIRTIO_PCI=y

Value of CONFIG_VIRTIO_BALLOON is redefined by fragment /home/nathan/cbl/src/linux-next/arch/powerpc/configs/guest.config:
Previous value: CONFIG_VIRTIO_BALLOON=m
New value: CONFIG_VIRTIO_BALLOON=y

Value of CONFIG_VHOST_NET is redefined by fragment /home/nathan/cbl/src/linux-next/arch/powerpc/configs/guest.config:
Previous value: CONFIG_VHOST_NET=m
New value: CONFIG_VHOST_NET=y

Value of CONFIG_IBMVETH is redefined by fragment /home/nathan/cbl/src/linux-next/arch/powerpc/configs/guest.config:
Previous value: CONFIG_IBMVETH=m
New value: CONFIG_IBMVETH=y

Value of CONFIG_IBMVNIC is redefined by fragment /home/nathan/cbl/src/linux-next/arch/powerpc/configs/guest.config:
Previous value: CONFIG_IBMVNIC=m
New value: CONFIG_IBMVNIC=y

Merging /home/nathan/cbl/src/linux-next/arch/powerpc/configs/kvm_guest.config
#
# merged configuration written to .config (needs make)
#
/home/nathan/cbl/src/linux-next/lib/radix-tree.c:1136:50: warning: parameter 'slot' set but not used [-Wunused-but-set-parameter]
void __rcu **radix_tree_iter_resume(void __rcu **slot,
                                                 ^
1 warning generated.
/home/nathan/cbl/src/linux-next/drivers/block/floppy.c:2001:11: warning: cast from 'void (*)(void)' to 'done_f' (aka 'void (*)(int)') converts to incompatible function type [-Wcast-function-type-strict]
        .done           = (done_f)empty
                          ^~~~~~~~~~~~~
/home/nathan/cbl/src/linux-next/drivers/block/floppy.c:2008:11: warning: cast from 'void (*)(void)' to 'done_f' (aka 'void (*)(int)') converts to incompatible function type [-Wcast-function-type-strict]
        .done           = (done_f)empty
                          ^~~~~~~~~~~~~
2 warnings generated.
/home/nathan/cbl/src/linux-next/lib/kunit/test.c:815:38: warning: cast from 'void (*)(const void *)' to 'kunit_action_t *' (aka 'void (*)(void *)') converts to incompatible function type [-Wcast-function-type-strict]
        if (kunit_add_action_or_reset(test, (kunit_action_t *)kfree, data) != 0)
                                            ^~~~~~~~~~~~~~~~~~~~~~~
/home/nathan/cbl/src/linux-next/lib/kunit/test.c:827:29: warning: cast from 'void (*)(const void *)' to 'kunit_action_t *' (aka 'void (*)(void *)') converts to incompatible function type [-Wcast-function-type-strict]
        kunit_release_action(test, (kunit_action_t *)kfree, (void *)ptr);
                                   ^~~~~~~~~~~~~~~~~~~~~~~
2 warnings generated.
/home/nathan/cbl/src/linux-next/drivers/scsi/cxlflash/main.c:3493:3: warning: cast from 'int (*)(struct cxlflash_cfg *, struct ht_cxlflash_lun_provision *)' to 'hioctl' (aka 'int (*)(struct cxlflash_cfg *, void *)') converts to incompatible function type [-Wcast-function-type-strict]
                (hioctl)cxlflash_lun_provision },
                ^~~~~~~~~~~~~~~~~~~~~~~~~~~~~~
/home/nathan/cbl/src/linux-next/drivers/scsi/cxlflash/main.c:3495:3: warning: cast from 'int (*)(struct cxlflash_cfg *, struct ht_cxlflash_afu_debug *)' to 'hioctl' (aka 'int (*)(struct cxlflash_cfg *, void *)') converts to incompatible function type [-Wcast-function-type-strict]
                (hioctl)cxlflash_afu_debug },
                ^~~~~~~~~~~~~~~~~~~~~~~~~~
/home/nathan/cbl/src/linux-next/drivers/scsi/cxlflash/superpipe.c:2114:38: warning: cast from 'int (*)(struct scsi_device *, struct dk_cxlflash_attach *)' to 'sioctl' (aka 'int (*)(struct scsi_device *, void *)') converts to incompatible function type [-Wcast-function-type-strict]
        {sizeof(struct dk_cxlflash_attach), (sioctl)cxlflash_disk_attach},
                                            ^~~~~~~~~~~~~~~~~~~~~~~~~~~~
/home/nathan/cbl/src/linux-next/drivers/scsi/cxlflash/superpipe.c:2116:39: warning: cast from 'int (*)(struct scsi_device *, struct dk_cxlflash_release *)' to 'sioctl' (aka 'int (*)(struct scsi_device *, void *)') converts to incompatible function type [-Wcast-function-type-strict]
        {sizeof(struct dk_cxlflash_release), (sioctl)cxlflash_disk_release},
                                             ^~~~~~~~~~~~~~~~~~~~~~~~~~~~~
/home/nathan/cbl/src/linux-next/drivers/scsi/cxlflash/superpipe.c:2117:38: warning: cast from 'int (*)(struct scsi_device *, struct dk_cxlflash_detach *)' to 'sioctl' (aka 'int (*)(struct scsi_device *, void *)') converts to incompatible function type [-Wcast-function-type-strict]
        {sizeof(struct dk_cxlflash_detach), (sioctl)cxlflash_disk_detach},
                                            ^~~~~~~~~~~~~~~~~~~~~~~~~~~~
/home/nathan/cbl/src/linux-next/drivers/scsi/cxlflash/superpipe.c:2118:38: warning: cast from 'int (*)(struct scsi_device *, struct dk_cxlflash_verify *)' to 'sioctl' (aka 'int (*)(struct scsi_device *, void *)') converts to incompatible function type [-Wcast-function-type-strict]
        {sizeof(struct dk_cxlflash_verify), (sioctl)cxlflash_disk_verify},
                                            ^~~~~~~~~~~~~~~~~~~~~~~~~~~~
/home/nathan/cbl/src/linux-next/drivers/scsi/cxlflash/superpipe.c:2119:43: warning: cast from 'int (*)(struct scsi_device *, struct dk_cxlflash_recover_afu *)' to 'sioctl' (aka 'int (*)(struct scsi_device *, void *)') converts to incompatible function type [-Wcast-function-type-strict]
        {sizeof(struct dk_cxlflash_recover_afu), (sioctl)cxlflash_afu_recover},
                                                 ^~~~~~~~~~~~~~~~~~~~~~~~~~~~
/home/nathan/cbl/src/linux-next/drivers/scsi/cxlflash/superpipe.c:2120:42: warning: cast from 'int (*)(struct scsi_device *, struct dk_cxlflash_manage_lun *)' to 'sioctl' (aka 'int (*)(struct scsi_device *, void *)') converts to incompatible function type [-Wcast-function-type-strict]
        {sizeof(struct dk_cxlflash_manage_lun), (sioctl)cxlflash_manage_lun},
                                                ^~~~~~~~~~~~~~~~~~~~~~~~~~~
/home/nathan/cbl/src/linux-next/drivers/scsi/cxlflash/superpipe.c:2122:38: warning: cast from 'int (*)(struct scsi_device *, struct dk_cxlflash_resize *)' to 'sioctl' (aka 'int (*)(struct scsi_device *, void *)') converts to incompatible function type [-Wcast-function-type-strict]
        {sizeof(struct dk_cxlflash_resize), (sioctl)cxlflash_vlun_resize},
                                            ^~~~~~~~~~~~~~~~~~~~~~~~~~~~
/home/nathan/cbl/src/linux-next/drivers/scsi/cxlflash/superpipe.c:2123:37: warning: cast from 'int (*)(struct scsi_device *, struct dk_cxlflash_clone *)' to 'sioctl' (aka 'int (*)(struct scsi_device *, void *)') converts to incompatible function type [-Wcast-function-type-strict]
        {sizeof(struct dk_cxlflash_clone), (sioctl)cxlflash_disk_clone},
                                           ^~~~~~~~~~~~~~~~~~~~~~~~~~~
8 warnings generated.
2 warnings generated.
/home/nathan/cbl/src/linux-next/fs/nilfs2/ioctl.c:63:19: warning: result of comparison of constant 65536 with expression of type '__u16' (aka 'unsigned short') is always false [-Wtautological-constant-out-of-range-compare]
        if (argv->v_size > PAGE_SIZE)
            ~~~~~~~~~~~~ ^ ~~~~~~~~~
1 warning generated.
/home/nathan/cbl/src/linux-next/drivers/infiniband/core/uverbs_ioctl.c:90:39: warning: result of comparison of constant 65536 with expression of type 'u16' (aka 'unsigned short') is always false [-Wtautological-constant-out-of-range-compare]
        WARN_ON_ONCE(method_elm->bundle_size > PAGE_SIZE);
        ~~~~~~~~~~~~~~~~~~~~~~~~~~~~~~~~~~~~~^~~~~~~~~~~~
/home/nathan/cbl/src/linux-next/include/asm-generic/bug.h:111:25: note: expanded from macro 'WARN_ON_ONCE'
        int __ret_warn_on = !!(condition);                      \
                               ^~~~~~~~~
/home/nathan/cbl/src/linux-next/drivers/infiniband/core/uverbs_ioctl.c:629:17: warning: result of comparison of constant 65536 with expression of type '__u16' (aka 'unsigned short') is always false [-Wtautological-constant-out-of-range-compare]
        if (hdr.length > PAGE_SIZE ||
            ~~~~~~~~~~ ^ ~~~~~~~~~
2 warnings generated.

[01;32mQEMU location: [0m/usr/sbin[0m

[01;32mQEMU version: [0mQEMU emulator version 8.0.3[0m
[    0.014161735,5] OPAL v7.0 starting...
[    0.014703868,7] initial console log level: memory 7, driver 5
[    0.014750708,6] CPU: P9 generation processor (max 4 threads/core)
[    0.014775065,7] CPU: Boot CPU PIR is 0x0000 PVR is 0x004e1200
[    0.014895050,7] OPAL table: 0x3018a660 .. 0x3018ac20, branch table: 0x30120000
[    0.015061321,7] Assigning physical memory map table for nimbus
[    0.015401311,7] FDT: Parsing fdt @0x1000000
[    0.017640975,5] CHIP: Detected QEMU simulator
[    0.017824420,6] CHIP: Initialised chip 0 from xscom@603fc00000000
[    0.018166965,6] P9 DD2.00 detected
[    0.018183847,5] CHIP: Chip ID 0000 type: P9N DD2.00
[    0.018192680,7] XSCOM: Base address: 0x603fc00000000
[    0.018213343,7] XSTOP: ibm,sw-checkstop-fir prop not found
[    0.018289079,6] MFSI 0:0: Initialized
[    0.018299657,6] MFSI 0:2: Initialized
[    0.018308690,6] MFSI 0:1: Initialized
[    0.018869891,6] LPC: LPC[000]: Initialized
[    0.018878340,7] LPC: access via MMIO @0x6030000000000
[    0.018904563,7] LPC: Default bus on chip 0x0
[    0.018987352,7] CPU: New max PIR set to 0x3
[    0.019480343,7] MEM: parsing reserved memory from reserved-names/-ranges properties
[    0.019571504,7] HOMER: Init chip 0
[    0.019603642,7]   PBA BAR0 : 0x0000203ffd800000
[    0.019611511,7]   PBA MASK0: 0x0000000000300000
[    0.019644998,7]   HOMER Image at 0x203ffd800000 size 4MB
[    0.019699456,4] HOMER image is not reserved! Reserving
[    0.019756252,7]   PBA BAR2 : 0x0000203fff800000
[    0.019761576,7]   PBA MASK2: 0x0000000000700000
[    0.019776479,7]   OCC Common Area at 0x203fff800000 size 8MB
[    0.019806103,4] OCC common area is not reserved! Reserving
[    0.019871251,7] CPU: decrementer bits 56
[    0.019953563,6] CPU: CPU from DT PIR=0x0000 Server#=0x0 State=4
[    0.020049772,6] CPU:  1 secondary threads
[    0.021352557,5] PLAT: Using SuperIO UART
[    0.021626999,7] UART: Using LPC IRQ 4
[    0.024151062,5] PLAT: Detected QEMU POWER9 platform
[    0.024231968,5] PLAT: Detected BMC platform ast2500:openbmc
[    0.039410130,5] CPU: All 1 processors called in...
[    0.040466845,7] LPC: Routing irq 10, policy: 0 (r=1)
[    0.040540811,7] LPC: SerIRQ 10 using route 0 targetted at OPAL
[    0.062202631,5] HIOMAP: Negotiated hiomap protocol v2
[    0.062334641,5] HIOMAP: Block size is 4KiB
[    0.062436574,5] HIOMAP: BMC suggested flash timeout of 0s
[    0.062572251,5] HIOMAP: Flash size is 128MiB
[    0.062677699,5] HIOMAP: Erase granule size is 4KiB
[    0.079102412,3] FFS: Reading the flash has returned all 0xFF.
[    0.079188531,3]      Are you reading erased flash?
[    0.079258829,3]      Is something else using the flash controller?
[    0.079350436,4] FLASH: No ffs info; using raw device only
[    0.084651136,3] FFS: Reading the flash has returned all 0xFF.
[    0.084718541,3]      Are you reading erased flash?
[    0.084772537,3]      Is something else using the flash controller?
[    0.084849129,3] FLASH: Can't open ffs handle
[    0.090064993,3] FFS: Reading the flash has returned all 0xFF.
[    0.090133937,3]      Are you reading erased flash?
[    0.090187584,3]      Is something else using the flash controller?
[    0.090255117,3] FLASH: Can't open ffs handle
[    0.095461065,3] FFS: Reading the flash has returned all 0xFF.
[    0.095526772,3]      Are you reading erased flash?
[    0.095611998,3]      Is something else using the flash controller?
[    0.095753390,3] FLASH: Can't open ffs handle
[    0.101019089,3] FFS: Reading the flash has returned all 0xFF.
[    0.101084858,3]      Are you reading erased flash?
[    0.101138736,3]      Is something else using the flash controller?
[    0.101210291,3] FLASH: Can't open ffs handle
[    0.106437189,3] FFS: Reading the flash has returned all 0xFF.
[    0.106505220,3]      Are you reading erased flash?
[    0.106559077,3]      Is something else using the flash controller?
[    0.106626682,3] FLASH: Can't open ffs handle
[    0.111833374,3] FFS: Reading the flash has returned all 0xFF.
[    0.111901533,3]      Are you reading erased flash?
[    0.111960741,3]      Is something else using the flash controller?
[    0.112109848,3] FLASH: Can't open ffs handle
[    0.123392038,2] NVRAM: Failed to load
[    0.123452215,2] NVRAM: Failed to load
[    0.123517281,5] STB: secure boot not supported
[    0.123591909,5] STB: trusted boot not supported
[    0.123881053,4] FLASH: Can't load resource id:4. No system flash found
[    0.124128143,4] FLASH: Can't load resource id:3. No system flash found
[    0.124259609,2] NVRAM: Failed to load
[    0.124415056,7] LPC: Routing irq 4, policy: 0 (r=1)
[    0.124430696,7] LPC: SerIRQ 4 using route 1 targetted at OPAL
[    0.124793201,3] SLW: Failed to set HRMOR for CPU 0,RC=0x1
[    0.125005722,5] Unable to log error
[    0.125073707,3] Disabling deep stop states
[    0.125257240,2] NVRAM: Failed to load
[    0.125572807,3] OCC: Chip: 0: OCC not active
[    0.125629988,3] OCC: Initialization on all chips did not complete(timed out)
[    0.125721304,5] Unable to log error
[    0.125792730,2] NVRAM: Failed to load
[    0.125854667,2] NVRAM: Failed to load
[    0.125906647,2] NVRAM: Failed to load
[    0.126152326,4] FLASH: Can't load resource id:2. No system flash found
[    0.126394590,4] FLASH: Can't load resource id:0. No system flash found
[    0.126491116,4] FLASH: Can't load resource id:1. No system flash found
[    0.126656802,3] IMC: IMC Catalog load failed
[    0.126959889,2] NVRAM: Failed to load
[    0.127013351,2] NVRAM: Failed to load
[    0.127063166,2] NVRAM: Failed to load
[    0.127385167,5] PCI: Resetting PHBs and training links...
[    0.127505265,5] PCI: Probing slots...
[    0.127566771,5] PCI Summary:
[    0.127667699,4] FLASH: Failed to load VERSION data
[    0.344890601,2] NVRAM: Failed to load
[    0.345437490,5] INIT: Waiting for kernel...
[    0.345497534,5] INIT: platform wait for kernel load failed
[    0.345582734,5] INIT: Assuming kernel at 0x20000000
[    0.345687074,5] INIT: 64-bit LE kernel discovered
[    0.345940663,3] OCC: Chip 0 sensor data invalid
[    0.346198603,2] NVRAM: Failed to load
[    0.352663133,5] INIT: Starting kernel at 0x20010000, fdt at 0x30758170 15742 bytes


zImage starting: loaded at 0x0000000020010000 (sp: 0x00000000209dfda0)

Allocating 0x2b564d0 bytes for kernel...

Decompressing (0x0000000000000000 <- 0x0000000020023000:0x00000000209de794)...

Done! Decompressed 0x29b0000 bytes


Linux/PowerPC load: 

Finalizing device tree... flat tree at 0x209e0ca0

[    0.000000][    T0] OF: reserved mem: 0x0000000030000000..0x00000000305fffff (6144 KiB) map non-reusable ibm,firmware-code@30000000
[    0.000000][    T0] OF: reserved mem: 0x0000000030600000..0x0000000030ffffff (10240 KiB) map non-reusable ibm,firmware-heap@30600000
[    0.000000][    T0] OF: reserved mem: 0x0000000031000000..0x0000000031c0ffff (12352 KiB) map non-reusable ibm,firmware-data@31000000
[    0.000000][    T0] OF: reserved mem: 0x0000000031c10000..0x0000000031c2ffff (128 KiB) map non-reusable ibm,firmware-stacks@31c10000
[    0.000000][    T0] OF: reserved mem: 0x0000000031c30000..0x000000003290ffff (13184 KiB) map non-reusable ibm,firmware-allocs-memory@31c30000
[    0.000000][    T0] OF: reserved mem: 0x0000203ffd800000..0x0000203ffdbfffff (4096 KiB) map non-reusable ibm,homer-image@203ffd800000
[    0.000000][    T0] OF: reserved mem: 0x0000203fff800000..0x0000203fffffffff (8192 KiB) map non-reusable ibm,occ-common-area@203fff800000
[    0.000000][    T0] dt-cpu-ftrs: setup for ISA 3000
[    0.000000][    T0] dt-cpu-ftrs: final cpu/mmu features = 0x0003c06b8f5fb187 0x3c007041
[    0.000000][    T0] Activating Kernel Userspace Access Prevention
[    0.000000][    T0] Activating Kernel Userspace Execution Prevention
[    0.000000][    T0] radix-mmu: Mapped 0x0000000000000000-0x0000000002660000 with 64.0 KiB pages (exec)
[    0.000000][    T0] radix-mmu: Mapped 0x0000000002660000-0x0000000080000000 with 64.0 KiB pages
[    0.000000][    T0] radix-mmu: Initializing Radix MMU
[    0.000000][    T0] Linux version 6.5.0-rc5-next-20230809-cbl-00030-g8150cbc757fd (nathan@dev-arch.m3-large-x86-01) (ClangBuiltLinux clang version 16.0.6 (https://github.com/llvm/llvm-project 7cbf1a2591520c2491aa35339f227775f4d3adf6), ClangBuiltLinux LLD 16.0.6) #1 SMP Fri Aug 11 22:31:56 UTC 2023
[    0.000000][    T0] Found initrd at 0xc000000028000000:0xc000000028878600
[    0.000000][    T0] Hardware name: IBM PowerNV (emulated by qemu) POWER9 0x4e1200 opal:v7.0 PowerNV
[    0.000000][    T0] printk: bootconsole [udbg0] enabled
[    0.000000][    T0] CPU maps initialized for 1 thread per core
[    0.000000][    T0] -----------------------------------------------------
[    0.000000][    T0] phys_mem_size     = 0x80000000
[    0.000000][    T0] dcache_bsize      = 0x80
[    0.000000][    T0] icache_bsize      = 0x80
[    0.000000][    T0] cpu_features      = 0x0003c06b8f4fb187
[    0.000000][    T0]   possible        = 0x001ffbfbcf5fb187
[    0.000000][    T0]   always          = 0x0000000380008181
[    0.000000][    T0] cpu_user_features = 0xdc0065c2 0xaef00000
[    0.000000][    T0] mmu_features      = 0x3c007641
[    0.000000][    T0] firmware_features = 0x0000000110000000
[    0.000000][    T0] vmalloc start     = 0xc008000000000000
[    0.000000][    T0] IO start          = 0xc00a000000000000
[    0.000000][    T0] vmemmap start     = 0xc00c000000000000
[    0.000000][    T0] -----------------------------------------------------
[    0.000000][    T0] numa:   NODE_DATA [mem 0x7bf84880-0x7bf8bfff]
[    0.000000][    T0] kvm_cma_reserve: reserving 102 MiB for global area
[    0.000000][    T0] cma: Reserved 112 MiB at 0x0000000073000000 on node -1
[    0.000000][    T0] rfi-flush: fallback displacement flush available
[    0.000000][    T0] count-cache-flush: flush disabled.
[    0.000000][    T0] link-stack-flush: flush disabled.
[    0.000000][    T0] stf-barrier: eieio barrier available
[    0.000000][    T0] barrier-nospec: using ORI speculation barrier
[    0.000000][    T0] Zone ranges:
[    0.000000][    T0]   Normal   [mem 0x0000000000000000-0x000000007fffffff]
[    0.000000][    T0]   Device   empty
[    0.000000][    T0] Movable zone start for each node
[    0.000000][    T0] Early memory node ranges
[    0.000000][    T0]   node   0: [mem 0x0000000000000000-0x000000007fffffff]
[    0.000000][    T0] Initmem setup node 0 [mem 0x0000000000000000-0x000000007fffffff]
[    0.000000][    T0] percpu: Embedded 10 pages/cpu s599464 r0 d55896 u655360
[    0.000000][    T0] Kernel command line: 
[    0.000000][    T0] random: crng init done
[    0.000000][    T0] Dentry cache hash table entries: 262144 (order: 5, 2097152 bytes, linear)
[    0.000000][    T0] Inode-cache hash table entries: 131072 (order: 4, 1048576 bytes, linear)
[    0.000000][    T0] Fallback order for Node 0: 0 
[    0.000000][    T0] Built 1 zonelists, mobility grouping on.  Total pages: 32736
[    0.000000][    T0] Policy zone: Normal
[    0.000000][    T0] mem auto-init: stack:all(zero), heap alloc:off, heap free:off
[    0.000000][    T0] Memory: 1798208K/2097152K available (18368K kernel code, 3392K rwdata, 14400K rodata, 6528K init, 1689K bss, 184256K reserved, 114688K cma-reserved)
[    0.000000][    T0] SLUB: HWalign=128, Order=0-3, MinObjects=0, CPUs=1, Nodes=1
[    0.000000][    T0] ftrace: allocating 43516 entries in 16 pages
[    0.000000][    T0] ftrace: allocated 16 pages with 1 groups
[    0.000000][    T0] trace event string verifier disabled
[    0.000000][    T0] rcu: Hierarchical RCU implementation.
[    0.000000][    T0] rcu: 	RCU event tracing is enabled.
[    0.000000][    T0] rcu: 	RCU restricting CPUs from NR_CPUS=2048 to nr_cpu_ids=1.
[    0.000000][    T0] 	Rude variant of Tasks RCU enabled.
[    0.000000][    T0] 	Tracing variant of Tasks RCU enabled.
[    0.000000][    T0] rcu: RCU calculated value of scheduler-enlistment delay is 10 jiffies.
[    0.000000][    T0] rcu: Adjusting geometry for rcu_fanout_leaf=16, nr_cpu_ids=1
[    0.000000][    T0] NR_IRQS: 512, nr_irqs: 512, preallocated irqs: 16
[    0.000000][    T0] xive: Interrupt handling initialized with native backend
[    0.000000][    T0] xive: Using priority 7 for all interrupts
[    0.000000][    T0] xive: Using 64kB queues
[    0.000000][    T0] rcu: srcu_init: Setting srcu_struct sizes based on contention.
[    0.000064][    T0] time_init: 56 bit decrementer (max: 7fffffffffffff)
[    0.001189][    T0] clocksource: timebase: mask: 0xffffffffffffffff max_cycles: 0x761537d007, max_idle_ns: 440795202126 ns
[    0.002493][    T0] clocksource: timebase mult[1f40000] shift[24] registered
[    0.010298][    T0] Console: colour dummy device 80x25
[    0.011519][    T0] printk: console [hvc0] enabled
[    0.011519][    T0] printk: console [hvc0] enabled
[    0.012439][    T0] printk: bootconsole [udbg0] disabled
[    0.012439][    T0] printk: bootconsole [udbg0] disabled
[    0.021182][    T0] pid_max: default: 32768 minimum: 301
[    0.024273][    T0] LSM: initializing lsm=lockdown,capability,landlock,yama,selinux,bpf,integrity
[    0.026083][    T0] landlock: Up and running.
[    0.026268][    T0] Yama: becoming mindful.
[    0.026761][    T0] SELinux:  Initializing.
[    0.034615][    T0] LSM support for eBPF active
[    0.035390][    T0] stackdepot: allocating hash table of 131072 entries via kvcalloc
[    0.037559][    T0] Mount-cache hash table entries: 8192 (order: 0, 65536 bytes, linear)
[    0.037907][    T0] Mountpoint-cache hash table entries: 8192 (order: 0, 65536 bytes, linear)
[    0.085930][    T1] RCU Tasks Rude: Setting shift to 0 and lim to 1 rcu_task_cb_adjust=1.
[    0.087077][    T1] RCU Tasks Trace: Setting shift to 0 and lim to 1 rcu_task_cb_adjust=1.
[    0.088412][    T1] POWER9 performance monitor hardware support registered
[    0.089883][    T1] rcu: Hierarchical SRCU implementation.
[    0.090116][    T1] rcu: 	Max phase no-delay instances is 1000.
[    0.108515][    T1] smp: Bringing up secondary CPUs ...
[    0.109626][    T1] smp: Brought up 1 node, 1 CPU
[    0.109984][    T1] numa: Node 0 CPUs: 0
[    0.126811][    T1] devtmpfs: initialized
[    0.143449][    T1] clocksource: jiffies: mask: 0xffffffff max_cycles: 0xffffffff, max_idle_ns: 19112604462750000 ns
[    0.143900][    T1] futex hash table entries: 256 (order: -1, 32768 bytes, linear)
[    0.157758][    T1] NET: Registered PF_NETLINK/PF_ROUTE protocol family
[    0.162320][    T1] audit: initializing netlink subsys (disabled)
[    0.166193][   T21] audit: type=2000 audit(1691793129.140:1): state=initialized audit_enabled=0 res=1
[    0.170332][    T1] cpuidle: using governor menu
[    0.171687][    T1] Failed to initialize. Disabling HugeTLB
[    0.172268][    T1] nvram: No room to create lnx,oops-log partition, deleting any obsolete OS partitions...
[    0.172749][    T1] nvram: Failed to find or create lnx,oops-log partition, err -28
[    0.172988][    T1] nvram: Failed to initialize oops partition!
[    0.180551][    T1] EEH: PowerNV platform initialized
[    0.202493][    T1] cpuidle-powernv: Default stop: psscr = 0x0000000000000330,mask=0x00000000003003ff
[    0.202900][    T1] cpuidle-powernv: Deepest stop: psscr = 0x0000000000300331,mask=0x00000000003003ff
[    0.203186][    T1] cpuidle-powernv: First stop level that may lose SPRs = 0x10
[    0.203382][    T1] cpuidle-powernv: First stop level that may lose timebase = 0x10
[    0.206671][    T1] kprobes: kprobe jump-optimization is enabled. All kprobes are optimized if possible.
[    0.860619][    T1] iommu: Default domain type: Translated
[    0.860880][    T1] iommu: DMA domain TLB invalidation policy: strict mode
[    0.863749][    T1] SCSI subsystem initialized
[    0.865625][    T1] usbcore: registered new interface driver usbfs
[    0.866135][    T1] usbcore: registered new interface driver hub
[    0.866501][    T1] usbcore: registered new device driver usb
[    0.867115][    T1] pps_core: LinuxPPS API ver. 1 registered
[    0.867327][    T1] pps_core: Software ver. 5.3.6 - Copyright 2005-2007 Rodolfo Giometti <giometti@linux.it>
[    0.867696][    T1] PTP clock support registered
[    0.868467][    T1] EDAC MC: Ver: 3.0.0
[    0.915228][    T1] PCI: Probing PCI hardware
[    0.921154][    T1] vgaarb: loaded
[    0.922997][    T1] clocksource: Switched to clocksource timebase
[    0.967968][    T1] hugetlbfs: disabling because there are no supported hugepage sizes
[    0.988512][    T1] NET: Registered PF_INET protocol family
[    0.990002][    T1] IP idents hash table entries: 32768 (order: 2, 262144 bytes, linear)
[    0.998390][    T1] tcp_listen_portaddr_hash hash table entries: 4096 (order: 0, 65536 bytes, linear)
[    0.998810][    T1] Table-perturb hash table entries: 65536 (order: 2, 262144 bytes, linear)
[    0.999412][    T1] TCP established hash table entries: 16384 (order: 1, 131072 bytes, linear)
[    1.000018][    T1] TCP bind hash table entries: 16384 (order: 3, 524288 bytes, linear)
[    1.000678][    T1] TCP: Hash tables configured (established 16384 bind 16384)
[    1.002186][    T1] UDP hash table entries: 2048 (order: 0, 65536 bytes, linear)
[    1.002858][    T1] UDP-Lite hash table entries: 2048 (order: 0, 65536 bytes, linear)
[    1.004490][    T1] NET: Registered PF_UNIX/PF_LOCAL protocol family
[    1.008402][    T1] RPC: Registered named UNIX socket transport module.
[    1.008696][    T1] RPC: Registered udp transport module.
[    1.008865][    T1] RPC: Registered tcp transport module.
[    1.009023][    T1] RPC: Registered tcp-with-tls transport module.
[    1.009196][    T1] RPC: Registered tcp NFSv4.1 backchannel transport module.
[    1.009505][    T1] PCI: CLS 0 bytes, default 128
[    1.028601][    T1] Initialise system trusted keyrings
[    1.029960][    T1] Key type blacklist registered
[    1.031272][   T25] Trying to unpack rootfs image as initramfs...
[    1.033918][    T1] workingset: timestamp_bits=38 max_order=15 bucket_order=0
[    1.034410][    T1] zbud: loaded
[    1.054972][    T1] NFS: Registering the id_resolver key type
[    1.055448][    T1] Key type id_resolver registered
[    1.055621][    T1] Key type id_legacy registered
[    1.056697][    T1] SGI XFS with ACLs, security attributes, no debug enabled
[    1.074756][    T1] 9p: Installing v9fs 9p2000 file system support
[    1.080525][    T1] integrity: Platform Keyring initialized
[    1.080805][    T1] Key type asymmetric registered
[    1.081045][    T1] Asymmetric key parser 'x509' registered
[    1.081560][    T1] Block layer SCSI generic (bsg) driver version 0.4 loaded (major 247)
[    1.081909][    T1] io scheduler mq-deadline registered
[    1.082135][    T1] io scheduler kyber registered
[    1.144047][   T25] Freeing initrd memory: 8640K
[    1.196747][    T1] hvc0: raw protocol on /ibm,opal/consoles/serial@0 (boot console)
[    1.197188][    T1] hvc0: No interrupts property, using OPAL event
[    1.200400][    T1] Serial: 8250/16550 driver, 4 ports, IRQ sharing disabled
[    1.231857][    T1] brd: module loaded
[    1.243253][    T1] loop: module loaded
[    1.243977][    T1] ipr: IBM Power RAID SCSI Device Driver version: 2.6.4 (March 14, 2017)
[    1.248689][    T1] e100: Intel(R) PRO/100 Network Driver
[    1.248868][    T1] e100: Copyright(c) 1999-2006 Intel Corporation
[    1.249164][    T1] e1000: Intel(R) PRO/1000 Network Driver
[    1.249331][    T1] e1000: Copyright (c) 1999-2006 Intel Corporation.
[    1.249594][    T1] e1000e: Intel(R) PRO/1000 Network Driver
[    1.249768][    T1] e1000e: Copyright(c) 1999 - 2015 Intel Corporation.
[    1.493854][    T1] rtc-opal opal-rtc: registered as rtc0
[    1.703383][    T1] rtc-opal opal-rtc: setting system clock to 2023-08-11T22:32:11 UTC (1691793131)
[    1.704140][    T1] i2c_dev: i2c /dev entries driver
[    1.706752][    T1] device-mapper: core: CONFIG_IMA_DISABLE_HTABLE is disabled. Duplicate IMA measurements will not be recorded in the IMA log.
[    1.707212][    T1] device-mapper: uevent: version 1.0.3
[    1.708371][    T1] device-mapper: ioctl: 4.48.0-ioctl (2023-03-01) initialised: dm-devel@redhat.com
[    1.708766][    T1] powernv-cpufreq: ibm,pstate-min node not found
[    1.708965][    T1] powernv-cpufreq: Platform driver disabled. System does not support PState control
[    1.712245][    T1] usbcore: registered new interface driver usbhid
[    1.712449][    T1] usbhid: USB HID core driver
[    1.713376][    T1] ipip: IPv4 and MPLS over IPv4 tunneling driver
[    1.717044][    T1] NET: Registered PF_INET6 protocol family
[    1.725072][    T1] Segment Routing with IPv6
[    1.725405][    T1] In-situ OAM (IOAM) with IPv6
[    1.726127][    T1] sit: IPv6, IPv4 and MPLS over IPv4 tunneling driver
[    1.728401][    T1] NET: Registered PF_PACKET protocol family
[    1.730080][    T1] 9pnet: Installing 9P2000 support
[    1.730514][    T1] Key type dns_resolver registered
[    1.731237][    T1] secvar-sysfs: Failed to retrieve secvar operations
[    1.731487][    T1] drmem: No dynamic reconfiguration memory found
[    1.732971][    T1] Running code patching self-tests ...
[    1.755940][    T1] registered taskstats version 1
[    1.757503][    T1] Loading compiled-in X.509 certificates
[    1.768169][   T49] cryptomgr_probe (49) used greatest stack depth: 15200 bytes left
[    1.778244][    T1] Loaded X.509 cert 'Build time autogenerated kernel key: f1053b10182ce4fb5f7814a212aa394274d463db'
[    1.800416][    T1] page_owner is disabled
[    1.802431][    T1] Secure boot mode disabled
[    1.803272][    T1] ima: No TPM chip found, activating TPM-bypass!
[    1.803513][    T1] Loading compiled-in module X.509 certificates
[    1.805753][    T1] Loaded X.509 cert 'Build time autogenerated kernel key: f1053b10182ce4fb5f7814a212aa394274d463db'
[    1.806136][    T1] ima: Allocated hash algorithm: sha256
[    1.809607][    T1] Secure boot mode disabled
[    1.809918][    T1] Trusted boot mode disabled
[    1.810111][    T1] ima: No architecture policies found
[    1.811875][    T1] printk: console [netcon0] enabled
[    1.812114][    T1] netconsole: network logging started
[    1.920489][    T1] Freeing unused kernel image (initmem) memory: 6528K
[    1.929366][    T1] Checked W+X mappings: passed, no W+X pages found
[    1.930280][    T1] rodata_test: all tests were successful
[    1.930643][    T1] Run /init as init process
[    2.166640][   T51] mount (51) used greatest stack depth: 11920 bytes left
Starting syslogd: OK
Starting klogd: OK
Running sysctl: [    3.421950][   T75] xargs (75) used greatest stack depth: 11744 bytes left
OK
Saving 256 bits of creditable seed for next boot
Starting network: [    3.937968][   T87] ip (87) used greatest stack depth: 10272 bytes left
OK
Linux version 6.5.0-rc5-next-20230809-cbl-00030-g8150cbc757fd (nathan@dev-arch.m3-large-x86-01) (ClangBuiltLinux clang version 16.0.6 (https://github.com/llvm/llvm-project 7cbf1a2591520c2491aa35339f227775f4d3adf6), ClangBuiltLinux LLD 16.0.6) #1 SMP Fri Aug 11 22:31:56 UTC 2023
Stopping network: OK
Seeding 256 bits and crediting
Saving 256 bits of creditable seed for next boot
Stopping klogd: OK
Stopping syslogd: OK
umount: devtmpfs busy - remounted read-only
umount: can't unmount /: Invalid argument

The system is going down NOW!

Sent SIGTERM to all processes

Sent SIGKILL to all processes

Requesting system poweroff
[    7.224252][  T114] reboot: Power down
[   10.032813595,5] OPAL: Shutdown request type 0x0...
$ timeout --foreground 3m stdbuf -eL -oL /usr/sbin/qemu-system-ppc64 -display none -nodefaults -device ipmi-bmc-sim,id=bmc0 -device isa-ipmi-bt,bmc=bmc0,irq=10 -machine powernv -kernel /home/nathan/tmp/build/cbl_lkt/linux-next/powerpc/arch/powerpc/boot/zImage.epapr -initrd /home/nathan/cbl/llvm-kernel-testing/src/boot-utils/images/ppc64le/rootfs.cpio -m 2G -serial mon:stdio
