/home/nathan/cbl/src/linux-next/lib/radix-tree.c:1136:50: warning: parameter 'slot' set but not used [-Wunused-but-set-parameter]
void __rcu **radix_tree_iter_resume(void __rcu **slot,
                                                 ^
1 warning generated.
/home/nathan/cbl/src/linux-next/drivers/scsi/cxlflash/main.c:3493:3: warning: cast from 'int (*)(struct cxlflash_cfg *, struct ht_cxlflash_lun_provision *)' to 'hioctl' (aka 'int (*)(struct cxlflash_cfg *, void *)') converts to incompatible function type [-Wcast-function-type-strict]
                (hioctl)cxlflash_lun_provision },
                ^~~~~~~~~~~~~~~~~~~~~~~~~~~~~~
/home/nathan/cbl/src/linux-next/drivers/scsi/cxlflash/main.c:3495:3: warning: cast from 'int (*)(struct cxlflash_cfg *, struct ht_cxlflash_afu_debug *)' to 'hioctl' (aka 'int (*)(struct cxlflash_cfg *, void *)') converts to incompatible function type [-Wcast-function-type-strict]
                (hioctl)cxlflash_afu_debug },
                ^~~~~~~~~~~~~~~~~~~~~~~~~~
2 warnings generated.
/home/nathan/cbl/src/linux-next/drivers/scsi/cxlflash/superpipe.c:2114:38: warning: cast from 'int (*)(struct scsi_device *, struct dk_cxlflash_attach *)' to 'sioctl' (aka 'int (*)(struct scsi_device *, void *)') converts to incompatible function type [-Wcast-function-type-strict]
        {sizeof(struct dk_cxlflash_attach), (sioctl)cxlflash_disk_attach},
                                            ^~~~~~~~~~~~~~~~~~~~~~~~~~~~
/home/nathan/cbl/src/linux-next/drivers/scsi/cxlflash/superpipe.c:2116:39: warning: cast from 'int (*)(struct scsi_device *, struct dk_cxlflash_release *)' to 'sioctl' (aka 'int (*)(struct scsi_device *, void *)') converts to incompatible function type [-Wcast-function-type-strict]
        {sizeof(struct dk_cxlflash_release), (sioctl)cxlflash_disk_release},
                                             ^~~~~~~~~~~~~~~~~~~~~~~~~~~~~
/home/nathan/cbl/src/linux-next/drivers/scsi/cxlflash/superpipe.c:2117:38: warning: cast from 'int (*)(struct scsi_device *, struct dk_cxlflash_detach *)' to 'sioctl' (aka 'int (*)(struct scsi_device *, void *)') converts to incompatible function type [-Wcast-function-type-strict]
        {sizeof(struct dk_cxlflash_detach), (sioctl)cxlflash_disk_detach},
                                            ^~~~~~~~~~~~~~~~~~~~~~~~~~~~
/home/nathan/cbl/src/linux-next/drivers/scsi/cxlflash/superpipe.c:2118:38: warning: cast from 'int (*)(struct scsi_device *, struct dk_cxlflash_verify *)' to 'sioctl' (aka 'int (*)(struct scsi_device *, void *)') converts to incompatible function type [-Wcast-function-type-strict]
        {sizeof(struct dk_cxlflash_verify), (sioctl)cxlflash_disk_verify},
                                            ^~~~~~~~~~~~~~~~~~~~~~~~~~~~
/home/nathan/cbl/src/linux-next/drivers/scsi/cxlflash/superpipe.c:2119:43: warning: cast from 'int (*)(struct scsi_device *, struct dk_cxlflash_recover_afu *)' to 'sioctl' (aka 'int (*)(struct scsi_device *, void *)') converts to incompatible function type [-Wcast-function-type-strict]
        {sizeof(struct dk_cxlflash_recover_afu), (sioctl)cxlflash_afu_recover},
                                                 ^~~~~~~~~~~~~~~~~~~~~~~~~~~~
/home/nathan/cbl/src/linux-next/drivers/scsi/cxlflash/superpipe.c:2120:42: warning: cast from 'int (*)(struct scsi_device *, struct dk_cxlflash_manage_lun *)' to 'sioctl' (aka 'int (*)(struct scsi_device *, void *)') converts to incompatible function type [-Wcast-function-type-strict]
        {sizeof(struct dk_cxlflash_manage_lun), (sioctl)cxlflash_manage_lun},
                                                ^~~~~~~~~~~~~~~~~~~~~~~~~~~
/home/nathan/cbl/src/linux-next/drivers/scsi/cxlflash/superpipe.c:2122:38: warning: cast from 'int (*)(struct scsi_device *, struct dk_cxlflash_resize *)' to 'sioctl' (aka 'int (*)(struct scsi_device *, void *)') converts to incompatible function type [-Wcast-function-type-strict]
        {sizeof(struct dk_cxlflash_resize), (sioctl)cxlflash_vlun_resize},
                                            ^~~~~~~~~~~~~~~~~~~~~~~~~~~~
/home/nathan/cbl/src/linux-next/drivers/scsi/cxlflash/superpipe.c:2123:37: warning: cast from 'int (*)(struct scsi_device *, struct dk_cxlflash_clone *)' to 'sioctl' (aka 'int (*)(struct scsi_device *, void *)') converts to incompatible function type [-Wcast-function-type-strict]
        {sizeof(struct dk_cxlflash_clone), (sioctl)cxlflash_disk_clone},
                                           ^~~~~~~~~~~~~~~~~~~~~~~~~~~
8 warnings generated.
/home/nathan/cbl/src/linux-next/drivers/net/ethernet/mellanox/mlx5/core/en/xsk/setup.c:32:22: warning: result of comparison of constant 65536 with expression of type 'u16' (aka 'unsigned short') is always false [-Wtautological-constant-out-of-range-compare]
        if (xsk->chunk_size > PAGE_SIZE || xsk->chunk_size < MLX5E_MIN_XSK_CHUNK_SIZE) {
            ~~~~~~~~~~~~~~~ ^ ~~~~~~~~~
1 warning generated.
/home/nathan/cbl/src/linux-next/fs/nilfs2/ioctl.c:63:19: warning: result of comparison of constant 65536 with expression of type '__u16' (aka 'unsigned short') is always false [-Wtautological-constant-out-of-range-compare]
        if (argv->v_size > PAGE_SIZE)
            ~~~~~~~~~~~~ ^ ~~~~~~~~~
1 warning generated.
/home/nathan/cbl/src/linux-next/drivers/infiniband/core/uverbs_ioctl.c:90:39: warning: result of comparison of constant 65536 with expression of type 'u16' (aka 'unsigned short') is always false [-Wtautological-constant-out-of-range-compare]
        WARN_ON_ONCE(method_elm->bundle_size > PAGE_SIZE);
        ~~~~~~~~~~~~~~~~~~~~~~~~~~~~~~~~~~~~~^~~~~~~~~~~~
/home/nathan/cbl/src/linux-next/include/asm-generic/bug.h:111:25: note: expanded from macro 'WARN_ON_ONCE'
        int __ret_warn_on = !!(condition);                      \
                               ^~~~~~~~~
/home/nathan/cbl/src/linux-next/drivers/infiniband/core/uverbs_ioctl.c:629:17: warning: result of comparison of constant 65536 with expression of type '__u16' (aka 'unsigned short') is always false [-Wtautological-constant-out-of-range-compare]
        if (hdr.length > PAGE_SIZE ||
            ~~~~~~~~~~ ^ ~~~~~~~~~
2 warnings generated.

[01;32mQEMU location: [0m/usr/sbin[0m

[01;32mQEMU version: [0mQEMU emulator version 8.0.3[0m
[    0.014411144,5] OPAL v7.0 starting...
[    0.014982866,7] initial console log level: memory 7, driver 5
[    0.015031655,6] CPU: P9 generation processor (max 4 threads/core)
[    0.015056257,7] CPU: Boot CPU PIR is 0x0000 PVR is 0x004e1200
[    0.015176561,7] OPAL table: 0x3018a660 .. 0x3018ac20, branch table: 0x30120000
[    0.015342308,7] Assigning physical memory map table for nimbus
[    0.015682760,7] FDT: Parsing fdt @0x1000000
[    0.018002464,5] CHIP: Detected QEMU simulator
[    0.018188084,6] CHIP: Initialised chip 0 from xscom@603fc00000000
[    0.018530624,6] P9 DD2.00 detected
[    0.018547295,5] CHIP: Chip ID 0000 type: P9N DD2.00
[    0.018556154,7] XSCOM: Base address: 0x603fc00000000
[    0.018576873,7] XSTOP: ibm,sw-checkstop-fir prop not found
[    0.018652327,6] MFSI 0:0: Initialized
[    0.018662956,6] MFSI 0:2: Initialized
[    0.018672005,6] MFSI 0:1: Initialized
[    0.019227630,6] LPC: LPC[000]: Initialized
[    0.019236474,7] LPC: access via MMIO @0x6030000000000
[    0.019262287,7] LPC: Default bus on chip 0x0
[    0.019355817,7] CPU: New max PIR set to 0x3
[    0.019853871,7] MEM: parsing reserved memory from reserved-names/-ranges properties
[    0.019945632,7] HOMER: Init chip 0
[    0.019978011,7]   PBA BAR0 : 0x0000203ffd800000
[    0.019985665,7]   PBA MASK0: 0x0000000000300000
[    0.020015243,7]   HOMER Image at 0x203ffd800000 size 4MB
[    0.020060934,4] HOMER image is not reserved! Reserving
[    0.020111324,7]   PBA BAR2 : 0x0000203fff800000
[    0.020116263,7]   PBA MASK2: 0x0000000000700000
[    0.020130919,7]   OCC Common Area at 0x203fff800000 size 8MB
[    0.020160933,4] OCC common area is not reserved! Reserving
[    0.020226333,7] CPU: decrementer bits 56
[    0.020307286,6] CPU: CPU from DT PIR=0x0000 Server#=0x0 State=4
[    0.020426578,6] CPU:  1 secondary threads
[    0.021714625,5] PLAT: Using SuperIO UART
[    0.022012075,7] UART: Using LPC IRQ 4
[    0.024572517,5] PLAT: Detected QEMU POWER9 platform
[    0.024652926,5] PLAT: Detected BMC platform ast2500:openbmc
[    0.039844041,5] CPU: All 1 processors called in...
[    0.040914668,7] LPC: Routing irq 10, policy: 0 (r=1)
[    0.040992769,7] LPC: SerIRQ 10 using route 0 targetted at OPAL
[    0.062697335,5] HIOMAP: Negotiated hiomap protocol v2
[    0.062769982,5] HIOMAP: Block size is 4KiB
[    0.062826964,5] HIOMAP: BMC suggested flash timeout of 0s
[    0.062898195,5] HIOMAP: Flash size is 128MiB
[    0.062969935,5] HIOMAP: Erase granule size is 4KiB
[    0.079380625,3] FFS: Reading the flash has returned all 0xFF.
[    0.079454576,3]      Are you reading erased flash?
[    0.079511065,3]      Is something else using the flash controller?
[    0.079593674,4] FLASH: No ffs info; using raw device only
[    0.084890778,3] FFS: Reading the flash has returned all 0xFF.
[    0.084958116,3]      Are you reading erased flash?
[    0.085027394,3]      Is something else using the flash controller?
[    0.085170827,3] FLASH: Can't open ffs handle
[    0.090454681,3] FFS: Reading the flash has returned all 0xFF.
[    0.090520700,3]      Are you reading erased flash?
[    0.090574491,3]      Is something else using the flash controller?
[    0.090654731,3] FLASH: Can't open ffs handle
[    0.095930741,3] FFS: Reading the flash has returned all 0xFF.
[    0.095996284,3]      Are you reading erased flash?
[    0.096049475,3]      Is something else using the flash controller?
[    0.096118654,3] FLASH: Can't open ffs handle
[    0.101323900,3] FFS: Reading the flash has returned all 0xFF.
[    0.101397137,3]      Are you reading erased flash?
[    0.101486575,3]      Is something else using the flash controller?
[    0.101617225,3] FLASH: Can't open ffs handle
[    0.106891260,3] FFS: Reading the flash has returned all 0xFF.
[    0.106957254,3]      Are you reading erased flash?
[    0.107011204,3]      Is something else using the flash controller?
[    0.107079748,3] FLASH: Can't open ffs handle
[    0.112290682,3] FFS: Reading the flash has returned all 0xFF.
[    0.112356199,3]      Are you reading erased flash?
[    0.112410051,3]      Is something else using the flash controller?
[    0.112479123,3] FLASH: Can't open ffs handle
[    0.123589497,2] NVRAM: Failed to load
[    0.123649172,2] NVRAM: Failed to load
[    0.123713325,5] STB: secure boot not supported
[    0.123787419,5] STB: trusted boot not supported
[    0.124053048,4] FLASH: Can't load resource id:4. No system flash found
[    0.124299139,4] FLASH: Can't load resource id:3. No system flash found
[    0.124432235,2] NVRAM: Failed to load
[    0.124612690,7] LPC: Routing irq 4, policy: 0 (r=1)
[    0.124628556,7] LPC: SerIRQ 4 using route 1 targetted at OPAL
[    0.124993169,3] SLW: Failed to set HRMOR for CPU 0,RC=0x1
[    0.125219269,5] Unable to log error
[    0.125287653,3] Disabling deep stop states
[    0.125472320,2] NVRAM: Failed to load
[    0.125788170,3] OCC: Chip: 0: OCC not active
[    0.125845762,3] OCC: Initialization on all chips did not complete(timed out)
[    0.125936845,5] Unable to log error
[    0.126008267,2] NVRAM: Failed to load
[    0.126086285,2] NVRAM: Failed to load
[    0.126143431,2] NVRAM: Failed to load
[    0.126383478,4] FLASH: Can't load resource id:2. No system flash found
[    0.126652504,4] FLASH: Can't load resource id:0. No system flash found
[    0.126746763,4] FLASH: Can't load resource id:1. No system flash found
[    0.126912377,3] IMC: IMC Catalog load failed
[    0.127196268,2] NVRAM: Failed to load
[    0.127250408,2] NVRAM: Failed to load
[    0.127300721,2] NVRAM: Failed to load
[    0.127642881,5] PCI: Resetting PHBs and training links...
[    0.127761676,5] PCI: Probing slots...
[    0.127822694,5] PCI Summary:
[    0.127925423,4] FLASH: Failed to load VERSION data
[    0.345026596,2] NVRAM: Failed to load
[    0.345600781,5] INIT: Waiting for kernel...
[    0.345673167,5] INIT: platform wait for kernel load failed
[    0.345766534,5] INIT: Assuming kernel at 0x20000000
[    0.345872104,5] INIT: 64-bit LE kernel discovered
[    0.346125032,3] OCC: Chip 0 sensor data invalid
[    0.346383854,2] NVRAM: Failed to load
[    0.352952205,5] INIT: Starting kernel at 0x20010000, fdt at 0x30758170 15742 bytes


zImage starting: loaded at 0x0000000020010000 (sp: 0x00000000207cdda0)

Allocating 0x255a1c8 bytes for kernel...

Decompressing (0x0000000000000000 <- 0x0000000020023000:0x00000000207ccc58)...

Done! Decompressed 0x2420000 bytes


Linux/PowerPC load: 

Finalizing device tree... flat tree at 0x207ceca0

[    0.000000][    T0] OF: reserved mem: 0x0000000030000000..0x00000000305fffff (6144 KiB) map non-reusable ibm,firmware-code@30000000
[    0.000000][    T0] OF: reserved mem: 0x0000000030600000..0x0000000030ffffff (10240 KiB) map non-reusable ibm,firmware-heap@30600000
[    0.000000][    T0] OF: reserved mem: 0x0000000031000000..0x0000000031c0ffff (12352 KiB) map non-reusable ibm,firmware-data@31000000
[    0.000000][    T0] OF: reserved mem: 0x0000000031c10000..0x0000000031c2ffff (128 KiB) map non-reusable ibm,firmware-stacks@31c10000
[    0.000000][    T0] OF: reserved mem: 0x0000000031c30000..0x000000003290ffff (13184 KiB) map non-reusable ibm,firmware-allocs-memory@31c30000
[    0.000000][    T0] OF: reserved mem: 0x0000203ffd800000..0x0000203ffdbfffff (4096 KiB) map non-reusable ibm,homer-image@203ffd800000
[    0.000000][    T0] OF: reserved mem: 0x0000203fff800000..0x0000203fffffffff (8192 KiB) map non-reusable ibm,occ-common-area@203fff800000
[    0.000000][    T0] dt-cpu-ftrs: setup for ISA 3000
[    0.000000][    T0] dt-cpu-ftrs: final cpu/mmu features = 0x0003c06b8f5fb187 0x3c007041
[    0.000000][    T0] Activating Kernel Userspace Access Prevention
[    0.000000][    T0] Activating Kernel Userspace Execution Prevention
[    0.000000][    T0] radix-mmu: Mapped 0x0000000000000000-0x00000000021c0000 with 64.0 KiB pages (exec)
[    0.000000][    T0] radix-mmu: Mapped 0x00000000021c0000-0x0000000080000000 with 64.0 KiB pages
[    0.000000][    T0] radix-mmu: Initializing Radix MMU
[    0.000000][    T0] Linux version 6.5.0-rc5-next-20230809-cbl-00030-g8150cbc757fd (nathan@dev-arch.m3-large-x86-01) (ClangBuiltLinux clang version 16.0.6 (https://github.com/llvm/llvm-project 7cbf1a2591520c2491aa35339f227775f4d3adf6), ClangBuiltLinux LLD 16.0.6) #1 SMP Fri Aug 11 22:30:30 UTC 2023
[    0.000000][    T0] Found initrd at 0xc000000028000000:0xc000000028878600
[    0.000000][    T0] Hardware name: IBM PowerNV (emulated by qemu) POWER9 0x4e1200 opal:v7.0 PowerNV
[    0.000000][    T0] printk: bootconsole [udbg0] enabled
[    0.000000][    T0] CPU maps initialized for 1 thread per core
[    0.000000][    T0] -----------------------------------------------------
[    0.000000][    T0] phys_mem_size     = 0x80000000
[    0.000000][    T0] dcache_bsize      = 0x80
[    0.000000][    T0] icache_bsize      = 0x80
[    0.000000][    T0] cpu_features      = 0x0003c06b8f4fb187
[    0.000000][    T0]   possible        = 0x001ffbfbcf5fb187
[    0.000000][    T0]   always          = 0x0000000380008181
[    0.000000][    T0] cpu_user_features = 0xdc0065c2 0xaef00000
[    0.000000][    T0] mmu_features      = 0x3c007641
[    0.000000][    T0] firmware_features = 0x0000000010000000
[    0.000000][    T0] vmalloc start     = 0xc008000000000000
[    0.000000][    T0] IO start          = 0xc00a000000000000
[    0.000000][    T0] vmemmap start     = 0xc00c000000000000
[    0.000000][    T0] -----------------------------------------------------
[    0.000000][    T0] numa:   NODE_DATA [mem 0x7bf84980-0x7bf8bfff]
[    0.000000][    T0] kvm_cma_reserve: reserving 102 MiB for global area
[    0.000000][    T0] cma: Reserved 112 MiB at 0x0000000073000000 on node -1
[    0.000000][    T0] rfi-flush: fallback displacement flush available
[    0.000000][    T0] count-cache-flush: flush disabled.
[    0.000000][    T0] link-stack-flush: flush disabled.
[    0.000000][    T0] stf-barrier: eieio barrier available
[    0.000000][    T0] barrier-nospec: using ORI speculation barrier
[    0.000000][    T0] Zone ranges:
[    0.000000][    T0]   Normal   [mem 0x0000000000000000-0x000000007fffffff]
[    0.000000][    T0]   Device   empty
[    0.000000][    T0] Movable zone start for each node
[    0.000000][    T0] Early memory node ranges
[    0.000000][    T0]   node   0: [mem 0x0000000000000000-0x000000007fffffff]
[    0.000000][    T0] Initmem setup node 0 [mem 0x0000000000000000-0x000000007fffffff]
[    0.000000][    T0] percpu: Embedded 10 pages/cpu s580520 r0 d74840 u655360
[    0.000000][    T0] Kernel command line: 
[    0.000000][    T0] random: crng init done
[    0.000000][    T0] Dentry cache hash table entries: 262144 (order: 5, 2097152 bytes, linear)
[    0.000000][    T0] Inode-cache hash table entries: 131072 (order: 4, 1048576 bytes, linear)
[    0.000000][    T0] Fallback order for Node 0: 0 
[    0.000000][    T0] Built 1 zonelists, mobility grouping on.  Total pages: 32736
[    0.000000][    T0] Policy zone: Normal
[    0.000000][    T0] mem auto-init: stack:all(zero), heap alloc:off, heap free:off
[    0.000000][    T0] Memory: 0K/2097152K available (14784K kernel code, 2432K rwdata, 17984K rodata, 1792K init, 1256K bss, 177920K reserved, 114688K cma-reserved)
[    0.000000][    T0] SLUB: HWalign=128, Order=0-3, MinObjects=0, CPUs=1, Nodes=1
[    0.000000][    T0] ftrace: allocating 33840 entries in 13 pages
[    0.000000][    T0] ftrace: allocated 13 pages with 3 groups
[    0.000000][    T0] trace event string verifier disabled
[    0.000000][    T0] rcu: Hierarchical RCU implementation.
[    0.000000][    T0] rcu: 	RCU event tracing is enabled.
[    0.000000][    T0] rcu: 	RCU restricting CPUs from NR_CPUS=2048 to nr_cpu_ids=1.
[    0.000000][    T0] 	Rude variant of Tasks RCU enabled.
[    0.000000][    T0] 	Tracing variant of Tasks RCU enabled.
[    0.000000][    T0] rcu: RCU calculated value of scheduler-enlistment delay is 10 jiffies.
[    0.000000][    T0] rcu: Adjusting geometry for rcu_fanout_leaf=16, nr_cpu_ids=1
[    0.000000][    T0] NR_IRQS: 512, nr_irqs: 512, preallocated irqs: 16
[    0.000000][    T0] xive: Interrupt handling initialized with native backend
[    0.000000][    T0] xive: Using priority 7 for all interrupts
[    0.000000][    T0] xive: Using 64kB queues
[    0.000000][    T0] rcu: srcu_init: Setting srcu_struct sizes based on contention.
[    0.000057][    T0] time_init: 56 bit decrementer (max: 7fffffffffffff)
[    0.001164][    T0] clocksource: timebase: mask: 0xffffffffffffffff max_cycles: 0x761537d007, max_idle_ns: 440795202126 ns
[    0.002431][    T0] clocksource: timebase mult[1f40000] shift[24] registered
[    0.009786][    T0] Console: colour dummy device 80x25
[    0.010966][    T0] printk: console [hvc0] enabled
[    0.010966][    T0] printk: console [hvc0] enabled
[    0.011884][    T0] printk: bootconsole [udbg0] disabled
[    0.011884][    T0] printk: bootconsole [udbg0] disabled
[    0.019533][    T0] pid_max: default: 32768 minimum: 301
[    0.022011][    T0] Mount-cache hash table entries: 8192 (order: 0, 65536 bytes, linear)
[    0.022295][    T0] Mountpoint-cache hash table entries: 8192 (order: 0, 65536 bytes, linear)
[    0.067770][    T1] RCU Tasks Rude: Setting shift to 0 and lim to 1 rcu_task_cb_adjust=1.
[    0.068350][    T1] RCU Tasks Trace: Setting shift to 0 and lim to 1 rcu_task_cb_adjust=1.
[    0.069581][    T1] POWER9 performance monitor hardware support registered
[    0.070752][    T1] rcu: Hierarchical SRCU implementation.
[    0.071833][    T1] rcu: 	Max phase no-delay instances is 1000.
[    0.086916][    T1] smp: Bringing up secondary CPUs ...
[    0.087942][    T1] smp: Brought up 1 node, 1 CPU
[    0.088256][    T1] numa: Node 0 CPUs: 0
[    0.099038][   T19] node 0 deferred pages initialised in 0ms
[    0.104872][   T19] pgdatinit0 (19) used greatest stack depth: 14080 bytes left
[    0.115611][    T1] devtmpfs: initialized
[    0.130098][    T1] clocksource: jiffies: mask: 0xffffffff max_cycles: 0xffffffff, max_idle_ns: 19112604462750000 ns
[    0.130535][    T1] futex hash table entries: 256 (order: -1, 32768 bytes, linear)
[    0.138273][    T1] NET: Registered PF_NETLINK/PF_ROUTE protocol family
[    0.141712][    T1] audit: initializing netlink subsys (disabled)
[    0.148025][   T22] audit: type=2000 audit(1691793039.120:1): state=initialized audit_enabled=0 res=1
[    0.148967][    T1] cpuidle: using governor menu
[    0.150250][    T1] Failed to initialize. Disabling HugeTLB
[    0.150747][    T1] nvram: No room to create lnx,oops-log partition, deleting any obsolete OS partitions...
[    0.151223][    T1] nvram: Failed to find or create lnx,oops-log partition, err -28
[    0.151451][    T1] nvram: Failed to initialize oops partition!
[    0.158597][    T1] EEH: PowerNV platform initialized
[    0.175643][    T1] cpuidle-powernv: Default stop: psscr = 0x0000000000000330,mask=0x00000000003003ff
[    0.176048][    T1] cpuidle-powernv: Deepest stop: psscr = 0x0000000000300331,mask=0x00000000003003ff
[    0.176288][    T1] cpuidle-powernv: First stop level that may lose SPRs = 0x10
[    0.176482][    T1] cpuidle-powernv: First stop level that may lose timebase = 0x10
[    0.181721][    T1] kprobes: kprobe jump-optimization is enabled. All kprobes are optimized if possible.
[    0.228581][    T1] iommu: Default domain type: Translated
[    0.228795][    T1] iommu: DMA domain TLB invalidation policy: strict mode
[    0.231531][    T1] SCSI subsystem initialized
[    0.233116][    T1] usbcore: registered new interface driver usbfs
[    0.233611][    T1] usbcore: registered new interface driver hub
[    0.233952][    T1] usbcore: registered new device driver usb
[    0.247854][    T1] PCI: Probing PCI hardware
[    0.252250][    T1] vgaarb: loaded
[    0.253909][    T1] clocksource: Switched to clocksource timebase
[    0.260007][    T1] hugetlbfs: disabling because there are no supported hugepage sizes
[    0.289884][    T1] NET: Registered PF_INET protocol family
[    0.291638][    T1] IP idents hash table entries: 32768 (order: 2, 262144 bytes, linear)
[    0.299208][    T1] tcp_listen_portaddr_hash hash table entries: 4096 (order: 0, 65536 bytes, linear)
[    0.299576][    T1] Table-perturb hash table entries: 65536 (order: 2, 262144 bytes, linear)
[    0.299863][    T1] TCP established hash table entries: 16384 (order: 1, 131072 bytes, linear)
[    0.300383][    T1] TCP bind hash table entries: 16384 (order: 3, 524288 bytes, linear)
[    0.301043][    T1] TCP: Hash tables configured (established 16384 bind 16384)
[    0.302225][    T1] UDP hash table entries: 2048 (order: 0, 65536 bytes, linear)
[    0.302747][    T1] UDP-Lite hash table entries: 2048 (order: 0, 65536 bytes, linear)
[    0.304219][    T1] NET: Registered PF_UNIX/PF_LOCAL protocol family
[    0.304966][    T1] PCI: CLS 0 bytes, default 128
[    0.312655][   T11] Trying to unpack rootfs image as initramfs...
[    0.334160][    T1] workingset: timestamp_bits=38 max_order=15 bucket_order=0
[    0.339364][    T1] Block layer SCSI generic (bsg) driver version 0.4 loaded (major 250)
[    0.339815][    T1] io scheduler mq-deadline registered
[    0.340059][    T1] io scheduler kyber registered
[    0.355446][    T1] IPMI message handler: version 39.2
[    0.355768][    T1] ipmi device interface
[    0.381707][   T11] Freeing initrd memory: 8640K
[    2.667433][    T1] ipmi-powernv ibm,opal:ipmi: IPMI message handler: Found new BMC (man_id: 0x000000, prod_id: 0x0000, dev_id: 0x20)
[    2.868216][    T1] hvc0: raw protocol on /ibm,opal/consoles/serial@0 (boot console)
[    2.868536][    T1] hvc0: No interrupts property, using OPAL event
[    2.870834][    T1] Serial: 8250/16550 driver, 4 ports, IRQ sharing disabled
[    2.888060][    T1] loop: module loaded
[    2.888480][    T1] Adaptec aacraid driver 1.2.1[50983]-custom
[    2.888804][    T1] ipr: IBM Power RAID SCSI Device Driver version: 2.6.4 (March 14, 2017)
[    3.007912][   T43] modprobe (43) used greatest stack depth: 12304 bytes left
[    3.019231][    T1] 1 fixed-partitions partitions found on MTD device flash@0
[    3.019758][    T1] Creating 1 MTD partitions on "flash@0":
[    3.020317][    T1] 0x000000000000-0x000008000000 : "PNOR"
[    3.063399][    T1] e100: Intel(R) PRO/100 Network Driver
[    3.063667][    T1] e100: Copyright(c) 1999-2006 Intel Corporation
[    3.063933][    T1] e1000: Intel(R) PRO/1000 Network Driver
[    3.064104][    T1] e1000: Copyright (c) 1999-2006 Intel Corporation.
[    3.064368][    T1] e1000e: Intel(R) PRO/1000 Network Driver
[    3.064543][    T1] e1000e: Copyright(c) 1999 - 2015 Intel Corporation.
[    3.064798][    T1] igb: Intel(R) Gigabit Ethernet Network Driver
[    3.064982][    T1] igb: Copyright (c) 2007-2014 Intel Corporation.
[    3.066276][    T1] usbcore: registered new interface driver usb-storage
[    3.276198][    T1] rtc-opal opal-rtc: registered as rtc0
[    3.484645][    T1] rtc-opal opal-rtc: setting system clock to 2023-08-11T22:30:44 UTC (1691793044)
[    3.485556][    T1] i2c_dev: i2c /dev entries driver
[    3.489926][    T1] device-mapper: uevent: version 1.0.3
[    3.494029][    T1] device-mapper: ioctl: 4.48.0-ioctl (2023-03-01) initialised: dm-devel@redhat.com
[    3.494437][    T1] powernv-cpufreq: ibm,pstate-min node not found
[    3.494622][    T1] powernv-cpufreq: Platform driver disabled. System does not support PState control
[    3.500411][    T1] ipip: IPv4 and MPLS over IPv4 tunneling driver
[    3.512691][    T1] NET: Registered PF_INET6 protocol family
[    3.532086][    T1] Segment Routing with IPv6
[    3.532463][    T1] In-situ OAM (IOAM) with IPv6
[    3.533252][    T1] NET: Registered PF_PACKET protocol family
[    3.534725][    T1] Key type dns_resolver registered
[    3.536361][    T1] drmem: No dynamic reconfiguration memory found
[    3.538462][    T1] Running code patching self-tests ...
[    3.564155][    T1] registered taskstats version 1
[    3.642234][    T1] Freeing unused kernel image (initmem) memory: 1792K
[    3.665034][    T1] Run /init as init process
Starting syslogd: OK
Starting klogd: OK
Running sysctl: OK
Saving 256 bits of creditable seed for next boot
Starting network: [    5.450554][   T83] ip (83) used greatest stack depth: 10784 bytes left
OK
Linux version 6.5.0-rc5-next-20230809-cbl-00030-g8150cbc757fd (nathan@dev-arch.m3-large-x86-01) (ClangBuiltLinux clang version 16.0.6 (https://github.com/llvm/llvm-project 7cbf1a2591520c2491aa35339f227775f4d3adf6), ClangBuiltLinux LLD 16.0.6) #1 SMP Fri Aug 11 22:30:30 UTC 2023
Stopping network: OK
Seeding 256 bits and crediting
Saving 256 bits of creditable seed for next boot
Stopping klogd: OK
Stopping syslogd: OK
umount: devtmpfs busy - remounted read-only
umount: can't unmount /: Invalid argument

The system is going down NOW!

Sent SIGTERM to all processes

Sent SIGKILL to all processes

Requesting system poweroff
[    8.699381][  T110] reboot: Power down
[   10.494830336,5] OPAL: Shutdown request type 0x0...
$ timeout --foreground 3m stdbuf -eL -oL /usr/sbin/qemu-system-ppc64 -display none -nodefaults -device ipmi-bmc-sim,id=bmc0 -device isa-ipmi-bt,bmc=bmc0,irq=10 -machine powernv -kernel /home/nathan/tmp/build/cbl_lkt/linux-next/powerpc/arch/powerpc/boot/zImage.epapr -initrd /home/nathan/cbl/llvm-kernel-testing/src/boot-utils/images/ppc64le/rootfs.cpio -m 2G -serial mon:stdio
