/home/nathan/cbl/src/linux-next/drivers/bus/mhi/host/main.c:803:13: warning: parameter 'event_quota' set but not used [-Wunused-but-set-parameter]
                             u32 event_quota)
                                 ^
1 warning generated.
/home/nathan/cbl/src/linux-next/lib/radix-tree.c:1136:50: warning: parameter 'slot' set but not used [-Wunused-but-set-parameter]
void __rcu **radix_tree_iter_resume(void __rcu **slot,
                                                 ^
1 warning generated.
/home/nathan/cbl/src/linux-next/drivers/block/floppy.c:2001:11: warning: cast from 'void (*)(void)' to 'done_f' (aka 'void (*)(int)') converts to incompatible function type [-Wcast-function-type-strict]
        .done           = (done_f)empty
                          ^~~~~~~~~~~~~
/home/nathan/cbl/src/linux-next/drivers/block/floppy.c:2008:11: warning: cast from 'void (*)(void)' to 'done_f' (aka 'void (*)(int)') converts to incompatible function type [-Wcast-function-type-strict]
        .done           = (done_f)empty
                          ^~~~~~~~~~~~~
/home/nathan/cbl/src/linux-next/sound/pci/ctxfi/ctatc.c:115:25: warning: cast from 'int (*)(struct hw *, struct src_mgr **)' to 'create_t' (aka 'int (*)(struct hw *, void **)') converts to incompatible function type [-Wcast-function-type-strict]
        [SRC]           = { .create     = (create_t)src_mgr_create,
                                          ^~~~~~~~~~~~~~~~~~~~~~~~
/home/nathan/cbl/src/linux-next/sound/pci/ctxfi/ctatc.c:116:20: warning: cast from 'int (*)(struct src_mgr *)' to 'destroy_t' (aka 'int (*)(void *)') converts to incompatible function type [-Wcast-function-type-strict]
                            .destroy    = (destroy_t)src_mgr_destroy    },
                                          ^~~~~~~~~~~~~~~~~~~~~~~~~~
/home/nathan/cbl/src/linux-next/sound/pci/ctxfi/ctatc.c:117:27: warning: cast from 'int (*)(struct hw *, struct srcimp_mgr **)' to 'create_t' (aka 'int (*)(struct hw *, void **)') converts to incompatible function type [-Wcast-function-type-strict]
        [SRCIMP]        = { .create     = (create_t)srcimp_mgr_create,
                                          ^~~~~~~~~~~~~~~~~~~~~~~~~~~
/home/nathan/cbl/src/linux-next/sound/pci/ctxfi/ctatc.c:118:20: warning: cast from 'int (*)(struct srcimp_mgr *)' to 'destroy_t' (aka 'int (*)(void *)') converts to incompatible function type [-Wcast-function-type-strict]
                            .destroy    = (destroy_t)srcimp_mgr_destroy },
                                          ^~~~~~~~~~~~~~~~~~~~~~~~~~~~~
/home/nathan/cbl/src/linux-next/sound/pci/ctxfi/ctatc.c:119:25: warning: cast from 'int (*)(struct hw *, struct amixer_mgr **)' to 'create_t' (aka 'int (*)(struct hw *, void **)') converts to incompatible function type [-Wcast-function-type-strict]
        [AMIXER]        = { .create     = (create_t)amixer_mgr_create,
                                          ^~~~~~~~~~~~~~~~~~~~~~~~~~~
/home/nathan/cbl/src/linux-next/sound/pci/ctxfi/ctatc.c:120:19: warning: cast from 'int (*)(struct amixer_mgr *)' to 'destroy_t' (aka 'int (*)(void *)') converts to incompatible function type [-Wcast-function-type-strict]
                            .destroy    = (destroy_t)amixer_mgr_destroy },
                                          ^~~~~~~~~~~~~~~~~~~~~~~~~~~~~
/home/nathan/cbl/src/linux-next/sound/pci/ctxfi/ctatc.c:121:23: warning: cast from 'int (*)(struct hw *, struct sum_mgr **)' to 'create_t' (aka 'int (*)(struct hw *, void **)') converts to incompatible function type [-Wcast-function-type-strict]
        [SUM]           = { .create     = (create_t)sum_mgr_create,
                                          ^~~~~~~~~~~~~~~~~~~~~~~~
/home/nathan/cbl/src/linux-next/sound/pci/ctxfi/ctatc.c:122:19: warning: cast from 'int (*)(struct sum_mgr *)' to 'destroy_t' (aka 'int (*)(void *)') converts to incompatible function type [-Wcast-function-type-strict]
                            .destroy    = (destroy_t)sum_mgr_destroy    },
                                          ^~~~~~~~~~~~~~~~~~~~~~~~~~
/home/nathan/cbl/src/linux-next/sound/pci/ctxfi/ctatc.c:123:24: warning: cast from 'int (*)(struct hw *, struct daio_mgr **)' to 'create_t' (aka 'int (*)(struct hw *, void **)') converts to incompatible function type [-Wcast-function-type-strict]
        [DAIO]          = { .create     = (create_t)daio_mgr_create,
                                          ^~~~~~~~~~~~~~~~~~~~~~~~~
/home/nathan/cbl/src/linux-next/sound/pci/ctxfi/ctatc.c:124:19: warning: cast from 'int (*)(struct daio_mgr *)' to 'destroy_t' (aka 'int (*)(void *)') converts to incompatible function type [-Wcast-function-type-strict]
                            .destroy    = (destroy_t)daio_mgr_destroy   }
                                          ^~~~~~~~~~~~~~~~~~~~~~~~~~~
10 warnings generated.
2 warnings generated.
/home/nathan/cbl/src/linux-next/sound/core/seq/seq_midi.c:135:30: warning: cast from 'int (*)(struct snd_rawmidi_substream *, const char *, int)' to 'snd_seq_dump_func_t' (aka 'int (*)(void *, void *, int)') converts to incompatible function type [-Wcast-function-type-strict]
                snd_seq_dump_var_event(ev, (snd_seq_dump_func_t)dump_midi, substream);
                                           ^~~~~~~~~~~~~~~~~~~~~~~~~~~~~~
1 warning generated.
/home/nathan/cbl/src/linux-next/drivers/block/rbd.c:6149:17: warning: result of comparison of constant 2305843009213693948 with expression of type 'u32' (aka 'unsigned int') is always false [-Wtautological-constant-out-of-range-compare]
        if (snap_count > (SIZE_MAX - sizeof (struct ceph_snap_context))
            ~~~~~~~~~~ ^ ~~~~~~~~~~~~~~~~~~~~~~~~~~~~~~~~~~~~~~~~~~~~~~
/home/nathan/cbl/src/linux-next/sound/core/seq/seq_virmidi.c:83:31: warning: cast from 'int (*)(struct snd_rawmidi_substream *, const unsigned char *, int)' to 'snd_seq_dump_func_t' (aka 'int (*)(void *, void *, int)') converts to incompatible function type [-Wcast-function-type-strict]
                        snd_seq_dump_var_event(ev, (snd_seq_dump_func_t)snd_rawmidi_receive, vmidi->substream);
                                                   ^~~~~~~~~~~~~~~~~~~~~~~~~~~~~~~~~~~~~~~~
1 warning generated.
1 warning generated.
/home/nathan/cbl/src/linux-next/drivers/block/drbd/drbd_state.c:1632:3: warning: cast from 'int (*)(struct sk_buff *, unsigned int, struct drbd_resource_state_change *, enum drbd_notification_type)' to 'typeof (last_func)' (aka 'int (*)(struct sk_buff *, unsigned int, void *, enum drbd_notification_type)') converts to incompatible function type [-Wcast-function-type-strict]
                REMEMBER_STATE_CHANGE(notify_resource_state_change,
                ^~~~~~~~~~~~~~~~~~~~~~~~~~~~~~~~~~~~~~~~~~~~~~~~~~~
/home/nathan/cbl/src/linux-next/drivers/block/drbd/drbd_state.c:1619:17: note: expanded from macro 'REMEMBER_STATE_CHANGE'
           last_func = (typeof(last_func))func; \
                       ^~~~~~~~~~~~~~~~~~~~~~~
/home/nathan/cbl/src/linux-next/drivers/block/drbd/drbd_state.c:1641:4: warning: cast from 'int (*)(struct sk_buff *, unsigned int, struct drbd_connection_state_change *, enum drbd_notification_type)' to 'typeof (last_func)' (aka 'int (*)(struct sk_buff *, unsigned int, void *, enum drbd_notification_type)') converts to incompatible function type [-Wcast-function-type-strict]
                        REMEMBER_STATE_CHANGE(notify_connection_state_change,
                        ^~~~~~~~~~~~~~~~~~~~~~~~~~~~~~~~~~~~~~~~~~~~~~~~~~~~~
/home/nathan/cbl/src/linux-next/drivers/block/drbd/drbd_state.c:1619:17: note: expanded from macro 'REMEMBER_STATE_CHANGE'
           last_func = (typeof(last_func))func; \
                       ^~~~~~~~~~~~~~~~~~~~~~~
/home/nathan/cbl/src/linux-next/drivers/block/drbd/drbd_state.c:1650:4: warning: cast from 'int (*)(struct sk_buff *, unsigned int, struct drbd_device_state_change *, enum drbd_notification_type)' to 'typeof (last_func)' (aka 'int (*)(struct sk_buff *, unsigned int, void *, enum drbd_notification_type)') converts to incompatible function type [-Wcast-function-type-strict]
                        REMEMBER_STATE_CHANGE(notify_device_state_change,
                        ^~~~~~~~~~~~~~~~~~~~~~~~~~~~~~~~~~~~~~~~~~~~~~~~~
/home/nathan/cbl/src/linux-next/drivers/block/drbd/drbd_state.c:1619:17: note: expanded from macro 'REMEMBER_STATE_CHANGE'
           last_func = (typeof(last_func))func; \
                       ^~~~~~~~~~~~~~~~~~~~~~~
/home/nathan/cbl/src/linux-next/drivers/block/drbd/drbd_state.c:1664:4: warning: cast from 'int (*)(struct sk_buff *, unsigned int, struct drbd_peer_device_state_change *, enum drbd_notification_type)' to 'typeof (last_func)' (aka 'int (*)(struct sk_buff *, unsigned int, void *, enum drbd_notification_type)') converts to incompatible function type [-Wcast-function-type-strict]
                        REMEMBER_STATE_CHANGE(notify_peer_device_state_change,
                        ^~~~~~~~~~~~~~~~~~~~~~~~~~~~~~~~~~~~~~~~~~~~~~~~~~~~~~
/home/nathan/cbl/src/linux-next/drivers/block/drbd/drbd_state.c:1619:17: note: expanded from macro 'REMEMBER_STATE_CHANGE'
           last_func = (typeof(last_func))func; \
                       ^~~~~~~~~~~~~~~~~~~~~~~
4 warnings generated.
/home/nathan/cbl/src/linux-next/net/ceph/osdmap.c:1441:10: warning: result of comparison of constant 4611686018427387891 with expression of type 'u32' (aka 'unsigned int') is always false [-Wtautological-constant-out-of-range-compare]
        if (len > (SIZE_MAX - sizeof(*pg)) / sizeof(u32))
            ~~~ ^ ~~~~~~~~~~~~~~~~~~~~~~~~~~~~~~~~~~~~~~
/home/nathan/cbl/src/linux-next/net/ceph/osdmap.c:1624:10: warning: result of comparison of constant 2305843009213693945 with expression of type 'u32' (aka 'unsigned int') is always false [-Wtautological-constant-out-of-range-compare]
        if (len > (SIZE_MAX - sizeof(*pg)) / (2 * sizeof(u32)))
            ~~~ ^ ~~~~~~~~~~~~~~~~~~~~~~~~~~~~~~~~~~~~~~~~~~~~
2 warnings generated.
/home/nathan/cbl/src/linux-next/drivers/net/wireless/ath/ath9k/main.c:1566:21: warning: parameter 'changed_flags' set but not used [-Wunused-but-set-parameter]
                                   unsigned int changed_flags,
                                                ^
1 warning generated.
/home/nathan/cbl/src/linux-next/drivers/net/wireless/ath/ath5k/mac80211-ops.c:367:62: warning: parameter 'changed_flags' set but not used [-Wunused-but-set-parameter]
ath5k_configure_filter(struct ieee80211_hw *hw, unsigned int changed_flags,
                                                             ^
1 warning generated.
/home/nathan/cbl/src/linux-next/drivers/net/ethernet/brocade/bna/bnad.c:1995:4: warning: cast from 'void (*)(struct delayed_work *)' to 'work_func_t' (aka 'void (*)(struct work_struct *)') converts to incompatible function type [-Wcast-function-type-strict]
                        (work_func_t)bnad_tx_cleanup);
                        ^~~~~~~~~~~~~~~~~~~~~~~~~~~~
/home/nathan/cbl/src/linux-next/include/linux/workqueue.h:320:29: note: expanded from macro 'INIT_DELAYED_WORK'
        __INIT_DELAYED_WORK(_work, _func, 0)
                                   ^~~~~
/home/nathan/cbl/src/linux-next/include/linux/workqueue.h:305:30: note: expanded from macro '__INIT_DELAYED_WORK'
                INIT_WORK(&(_work)->work, (_func));                     \
                                           ^~~~~
/home/nathan/cbl/src/linux-next/include/linux/workqueue.h:298:24: note: expanded from macro 'INIT_WORK'
        __INIT_WORK((_work), (_func), 0)
                              ^~~~~
/home/nathan/cbl/src/linux-next/include/linux/workqueue.h:293:20: note: expanded from macro '__INIT_WORK'
                (_work)->func = (_func);                                \
                                 ^~~~~
/home/nathan/cbl/src/linux-next/drivers/net/ethernet/brocade/bna/bnad.c:2252:4: warning: cast from 'void (*)(void *)' to 'work_func_t' (aka 'void (*)(struct work_struct *)') converts to incompatible function type [-Wcast-function-type-strict]
                        (work_func_t)(bnad_rx_cleanup));
                        ^~~~~~~~~~~~~~~~~~~~~~~~~~~~~~
/home/nathan/cbl/src/linux-next/include/linux/workqueue.h:298:24: note: expanded from macro 'INIT_WORK'
        __INIT_WORK((_work), (_func), 0)
                              ^~~~~
/home/nathan/cbl/src/linux-next/include/linux/workqueue.h:293:20: note: expanded from macro '__INIT_WORK'
                (_work)->func = (_func);                                \
                                 ^~~~~
2 warnings generated.
/home/nathan/cbl/src/linux-next/drivers/net/ethernet/cavium/liquidio/cn23xx_pf_device.c:1493:16: warning: cast from 'void (*)(struct octeon_device *, struct octeon_mbox_cmd *, void *)' to 'octeon_mbox_callback_t' (aka 'void (*)(void *, void *, void *)') converts to incompatible function type [-Wcast-function-type-strict]
        mbox_cmd.fn = (octeon_mbox_callback_t)cn23xx_get_vf_stats_callback;
                      ^~~~~~~~~~~~~~~~~~~~~~~~~~~~~~~~~~~~~~~~~~~~~~~~~~~~
1 warning generated.
/home/nathan/cbl/src/linux-next/drivers/net/ethernet/cavium/liquidio/cn23xx_vf_device.c:432:16: warning: cast from 'void (*)(struct octeon_device *, struct octeon_mbox_cmd *, void *)' to 'octeon_mbox_callback_t' (aka 'void (*)(void *, void *, void *)') converts to incompatible function type [-Wcast-function-type-strict]
        mbox_cmd.fn = (octeon_mbox_callback_t)octeon_pfvf_hs_callback;
                      ^~~~~~~~~~~~~~~~~~~~~~~~~~~~~~~~~~~~~~~~~~~~~~~
1 warning generated.
/home/nathan/cbl/src/linux-next/drivers/net/wireless/ath/ath9k/htc_drv_main.c:1258:25: warning: parameter 'changed_flags' set but not used [-Wunused-but-set-parameter]
                                       unsigned int changed_flags,
                                                    ^
1 warning generated.
/home/nathan/cbl/src/linux-next/drivers/net/wireless/broadcom/brcm80211/brcmsmac/phy_shim.c:64:34: warning: cast from 'void (*)(struct brcms_phy *)' to 'void (*)(void *)' converts to incompatible function type [-Wcast-function-type-strict]
                        brcms_init_timer(physhim->wl, (void (*)(void *))fn,
                                                      ^~~~~~~~~~~~~~~~~~~~
1 warning generated.
/home/nathan/cbl/src/linux-next/drivers/scsi/bfa/bfad_bsg.c:2138:29: warning: cast from 'void (*)(void *, enum bfa_status)' to 'bfa_cb_cbfn_t' (aka 'void (*)(void *, enum bfa_boolean)') converts to incompatible function type [-Wcast-function-type-strict]
        bfa_pending_q_init(&cb_qe, (bfa_cb_cbfn_t)bfad_hcb_comp,
                                   ^~~~~~~~~~~~~~~~~~~~~~~~~~~~
/home/nathan/cbl/src/linux-next/drivers/scsi/bfa/bfa.h:453:25: note: expanded from macro 'bfa_pending_q_init'
        (__qe)->hcb_qe.cbfn = (__cbfn);                         \
                               ^~~~~~
/home/nathan/cbl/src/linux-next/drivers/scsi/bfa/bfad_bsg.c:2162:29: warning: cast from 'void (*)(void *, enum bfa_status)' to 'bfa_cb_cbfn_t' (aka 'void (*)(void *, enum bfa_boolean)') converts to incompatible function type [-Wcast-function-type-strict]
        bfa_pending_q_init(&cb_qe, (bfa_cb_cbfn_t)bfad_hcb_comp, &fcomp, NULL);
                                   ^~~~~~~~~~~~~~~~~~~~~~~~~~~~
/home/nathan/cbl/src/linux-next/drivers/scsi/bfa/bfa.h:453:25: note: expanded from macro 'bfa_pending_q_init'
        (__qe)->hcb_qe.cbfn = (__cbfn);                         \
                               ^~~~~~
/home/nathan/cbl/src/linux-next/drivers/scsi/bfa/bfad_bsg.c:2446:29: warning: cast from 'void (*)(void *, enum bfa_status)' to 'bfa_cb_cbfn_t' (aka 'void (*)(void *, enum bfa_boolean)') converts to incompatible function type [-Wcast-function-type-strict]
        bfa_pending_q_init(&cb_qe, (bfa_cb_cbfn_t)bfad_hcb_comp,
                                   ^~~~~~~~~~~~~~~~~~~~~~~~~~~~
/home/nathan/cbl/src/linux-next/drivers/scsi/bfa/bfa.h:453:25: note: expanded from macro 'bfa_pending_q_init'
        (__qe)->hcb_qe.cbfn = (__cbfn);                         \
                               ^~~~~~
/home/nathan/cbl/src/linux-next/drivers/scsi/bfa/bfad_bsg.c:2477:29: warning: cast from 'void (*)(void *, enum bfa_status)' to 'bfa_cb_cbfn_t' (aka 'void (*)(void *, enum bfa_boolean)') converts to incompatible function type [-Wcast-function-type-strict]
        bfa_pending_q_init(&cb_qe, (bfa_cb_cbfn_t)bfad_hcb_comp,
                                   ^~~~~~~~~~~~~~~~~~~~~~~~~~~~
/home/nathan/cbl/src/linux-next/drivers/scsi/bfa/bfa.h:453:25: note: expanded from macro 'bfa_pending_q_init'
        (__qe)->hcb_qe.cbfn = (__cbfn);                         \
                               ^~~~~~
4 warnings generated.
/home/nathan/cbl/src/linux-next/drivers/scsi/csiostor/csio_lnode.c:1098:33: warning: cast from 'void (*)(struct csio_lnode *, enum csio_ln_ev)' to 'csio_sm_state_t' (aka 'void (*)(void *, unsigned int)') converts to incompatible function type [-Wcast-function-type-strict]
        return (csio_get_state(ln) == ((csio_sm_state_t)csio_lns_ready));
                                       ^~~~~~~~~~~~~~~~~~~~~~~~~~~~~~~
/home/nathan/cbl/src/linux-next/drivers/scsi/csiostor/csio_lnode.c:1369:29: warning: cast from 'void (*)(struct csio_lnode *, enum csio_ln_ev)' to 'csio_sm_state_t' (aka 'void (*)(void *, unsigned int)') converts to incompatible function type [-Wcast-function-type-strict]
        if (csio_get_state(ln) == ((csio_sm_state_t)csio_lns_uninit)) {
                                   ^~~~~~~~~~~~~~~~~~~~~~~~~~~~~~~~
/home/nathan/cbl/src/linux-next/drivers/scsi/csiostor/csio_lnode.c:1373:29: warning: cast from 'void (*)(struct csio_lnode *, enum csio_ln_ev)' to 'csio_sm_state_t' (aka 'void (*)(void *, unsigned int)') converts to incompatible function type [-Wcast-function-type-strict]
        if (csio_get_state(ln) == ((csio_sm_state_t)csio_lns_ready)) {
                                   ^~~~~~~~~~~~~~~~~~~~~~~~~~~~~~~
/home/nathan/cbl/src/linux-next/drivers/scsi/csiostor/csio_lnode.c:1377:29: warning: cast from 'void (*)(struct csio_lnode *, enum csio_ln_ev)' to 'csio_sm_state_t' (aka 'void (*)(void *, unsigned int)') converts to incompatible function type [-Wcast-function-type-strict]
        if (csio_get_state(ln) == ((csio_sm_state_t)csio_lns_offline)) {
                                   ^~~~~~~~~~~~~~~~~~~~~~~~~~~~~~~~~
4 warnings generated.
/home/nathan/cbl/src/linux-next/drivers/media/usb/pvrusb2/pvrusb2-v4l2.c:1070:30: warning: cast from 'void (*)(struct pvr2_v4l2_fh *)' to 'pvr2_stream_callback' (aka 'void (*)(void *)') converts to incompatible function type [-Wcast-function-type-strict]
        pvr2_stream_set_callback(sp,(pvr2_stream_callback)pvr2_v4l2_notify,fh);
                                    ^~~~~~~~~~~~~~~~~~~~~~~~~~~~~~~~~~~~~~
1 warning generated.
/home/nathan/cbl/src/linux-next/drivers/scsi/cxlflash/main.c:3493:3: warning: cast from 'int (*)(struct cxlflash_cfg *, struct ht_cxlflash_lun_provision *)' to 'hioctl' (aka 'int (*)(struct cxlflash_cfg *, void *)') converts to incompatible function type [-Wcast-function-type-strict]
                (hioctl)cxlflash_lun_provision },
                ^~~~~~~~~~~~~~~~~~~~~~~~~~~~~~
/home/nathan/cbl/src/linux-next/drivers/scsi/cxlflash/main.c:3495:3: warning: cast from 'int (*)(struct cxlflash_cfg *, struct ht_cxlflash_afu_debug *)' to 'hioctl' (aka 'int (*)(struct cxlflash_cfg *, void *)') converts to incompatible function type [-Wcast-function-type-strict]
                (hioctl)cxlflash_afu_debug },
                ^~~~~~~~~~~~~~~~~~~~~~~~~~
/home/nathan/cbl/src/linux-next/drivers/media/usb/pvrusb2/pvrusb2-context.c:110:6: warning: cast from 'void (*)(struct pvr2_context *)' to 'void (*)(void *)' converts to incompatible function type [-Wcast-function-type-strict]
                                        (void (*)(void *))pvr2_context_notify,
                                        ^~~~~~~~~~~~~~~~~~~~~~~~~~~~~~~~~~~~~
/home/nathan/cbl/src/linux-next/drivers/scsi/cxlflash/superpipe.c:2114:38: warning: cast from 'int (*)(struct scsi_device *, struct dk_cxlflash_attach *)' to 'sioctl' (aka 'int (*)(struct scsi_device *, void *)') converts to incompatible function type [-Wcast-function-type-strict]
        {sizeof(struct dk_cxlflash_attach), (sioctl)cxlflash_disk_attach},
                                            ^~~~~~~~~~~~~~~~~~~~~~~~~~~~
/home/nathan/cbl/src/linux-next/drivers/scsi/cxlflash/superpipe.c:2116:39: warning: cast from 'int (*)(struct scsi_device *, struct dk_cxlflash_release *)' to 'sioctl' (aka 'int (*)(struct scsi_device *, void *)') converts to incompatible function type [-Wcast-function-type-strict]
        {sizeof(struct dk_cxlflash_release), (sioctl)cxlflash_disk_release},
                                             ^~~~~~~~~~~~~~~~~~~~~~~~~~~~~
/home/nathan/cbl/src/linux-next/drivers/scsi/cxlflash/superpipe.c:2117:38: warning: cast from 'int (*)(struct scsi_device *, struct dk_cxlflash_detach *)' to 'sioctl' (aka 'int (*)(struct scsi_device *, void *)') converts to incompatible function type [-Wcast-function-type-strict]
        {sizeof(struct dk_cxlflash_detach), (sioctl)cxlflash_disk_detach},
                                            ^~~~~~~~~~~~~~~~~~~~~~~~~~~~
/home/nathan/cbl/src/linux-next/drivers/scsi/cxlflash/superpipe.c:2118:38: warning: cast from 'int (*)(struct scsi_device *, struct dk_cxlflash_verify *)' to 'sioctl' (aka 'int (*)(struct scsi_device *, void *)') converts to incompatible function type [-Wcast-function-type-strict]
        {sizeof(struct dk_cxlflash_verify), (sioctl)cxlflash_disk_verify},
                                            ^~~~~~~~~~~~~~~~~~~~~~~~~~~~
/home/nathan/cbl/src/linux-next/drivers/scsi/cxlflash/superpipe.c:2119:43: warning: cast from 'int (*)(struct scsi_device *, struct dk_cxlflash_recover_afu *)' to 'sioctl' (aka 'int (*)(struct scsi_device *, void *)') converts to incompatible function type [-Wcast-function-type-strict]
        {sizeof(struct dk_cxlflash_recover_afu), (sioctl)cxlflash_afu_recover},
                                                 ^~~~~~~~~~~~~~~~~~~~~~~~~~~~
/home/nathan/cbl/src/linux-next/drivers/scsi/cxlflash/superpipe.c:2120:42: warning: cast from 'int (*)(struct scsi_device *, struct dk_cxlflash_manage_lun *)' to 'sioctl' (aka 'int (*)(struct scsi_device *, void *)') converts to incompatible function type [-Wcast-function-type-strict]
        {sizeof(struct dk_cxlflash_manage_lun), (sioctl)cxlflash_manage_lun},
                                                ^~~~~~~~~~~~~~~~~~~~~~~~~~~
/home/nathan/cbl/src/linux-next/drivers/scsi/cxlflash/superpipe.c:2122:38: warning: cast from 'int (*)(struct scsi_device *, struct dk_cxlflash_resize *)' to 'sioctl' (aka 'int (*)(struct scsi_device *, void *)') converts to incompatible function type [-Wcast-function-type-strict]
        {sizeof(struct dk_cxlflash_resize), (sioctl)cxlflash_vlun_resize},
                                            ^~~~~~~~~~~~~~~~~~~~~~~~~~~~
/home/nathan/cbl/src/linux-next/drivers/scsi/cxlflash/superpipe.c:2123:37: warning: cast from 'int (*)(struct scsi_device *, struct dk_cxlflash_clone *)' to 'sioctl' (aka 'int (*)(struct scsi_device *, void *)') converts to incompatible function type [-Wcast-function-type-strict]
        {sizeof(struct dk_cxlflash_clone), (sioctl)cxlflash_disk_clone},
                                           ^~~~~~~~~~~~~~~~~~~~~~~~~~~
1 warning generated.
2 warnings generated.
8 warnings generated.
/home/nathan/cbl/src/linux-next/drivers/scsi/bfa/bfa_core.c:1917:11: warning: cast from 'bfa_cb_cbfn_t' (aka 'void (*)(void *, enum bfa_boolean)') to 'bfa_cb_cbfn_status_t' (aka 'void (*)(void *, enum bfa_status)') converts to incompatible function type [-Wcast-function-type-strict]
                        cbfn = (bfa_cb_cbfn_status_t)(hcb_qe->cbfn);
                               ^~~~~~~~~~~~~~~~~~~~~~~~~~~~~~~~~~~~
/home/nathan/cbl/src/linux-next/drivers/md/dm-integrity.c:4159:12: warning: result of comparison of constant 17179869180 with expression of type 'unsigned int' is always false [-Wtautological-constant-out-of-range-compare]
                        if (val >= (uint64_t)UINT_MAX * 1000 / HZ) {
                            ~~~ ^  ~~~~~~~~~~~~~~~~~~~~~~~~~~~~~~
1 warning generated.
1 warning generated.
/home/nathan/cbl/src/linux-next/drivers/scsi/ibmvscsi_tgt/ibmvscsi_tgt.c:1630:32: warning: result of comparison of constant 65536 with expression of type 'u16' (aka 'unsigned short') is always false [-Wtautological-constant-out-of-range-compare]
        if ((olen < min_len) || (olen > PAGE_SIZE)) {
                                 ~~~~ ^ ~~~~~~~~~
/home/nathan/cbl/src/linux-next/drivers/media/usb/pvrusb2/pvrusb2-dvb.c:152:6: warning: cast from 'void (*)(struct pvr2_dvb_adapter *)' to 'pvr2_stream_callback' (aka 'void (*)(void *)') converts to incompatible function type [-Wcast-function-type-strict]
                                 (pvr2_stream_callback) pvr2_dvb_notify, adap);
                                 ^~~~~~~~~~~~~~~~~~~~~~~~~~~~~~~~~~~~~~
1 warning generated.
1 warning generated.
/home/nathan/cbl/src/linux-next/fs/ubifs/find.c:170:9: warning: cast from 'int (*)(struct ubifs_info *, const struct ubifs_lprops *, int, struct scan_data *)' to 'ubifs_lpt_scan_callback' (aka 'int (*)(struct ubifs_info *, const struct ubifs_lprops *, int, void *)') converts to incompatible function type [-Wcast-function-type-strict]
                                    (ubifs_lpt_scan_callback)scan_for_dirty_cb,
                                    ^~~~~~~~~~~~~~~~~~~~~~~~~~~~~~~~~~~~~~~~~~
/home/nathan/cbl/src/linux-next/fs/ubifs/find.c:449:9: warning: cast from 'int (*)(struct ubifs_info *, const struct ubifs_lprops *, int, struct scan_data *)' to 'ubifs_lpt_scan_callback' (aka 'int (*)(struct ubifs_info *, const struct ubifs_lprops *, int, void *)') converts to incompatible function type [-Wcast-function-type-strict]
                                    (ubifs_lpt_scan_callback)scan_for_free_cb,
                                    ^~~~~~~~~~~~~~~~~~~~~~~~~~~~~~~~~~~~~~~~~
/home/nathan/cbl/src/linux-next/fs/ubifs/find.c:629:9: warning: cast from 'int (*)(struct ubifs_info *, const struct ubifs_lprops *, int, struct scan_data *)' to 'ubifs_lpt_scan_callback' (aka 'int (*)(struct ubifs_info *, const struct ubifs_lprops *, int, void *)') converts to incompatible function type [-Wcast-function-type-strict]
                                    (ubifs_lpt_scan_callback)scan_for_idx_cb,
                                    ^~~~~~~~~~~~~~~~~~~~~~~~~~~~~~~~~~~~~~~~
/home/nathan/cbl/src/linux-next/fs/ubifs/find.c:757:7: warning: cast from 'int (*)(const struct ubifs_lprops **, const struct ubifs_lprops **)' to 'int (*)(const void *, const void *)' converts to incompatible function type [-Wcast-function-type-strict]
             (int (*)(const void *, const void *))cmp_dirty_idx, NULL);
             ^~~~~~~~~~~~~~~~~~~~~~~~~~~~~~~~~~~~~~~~~~~~~~~~~~
/home/nathan/cbl/src/linux-next/fs/ubifs/find.c:846:9: warning: cast from 'int (*)(struct ubifs_info *, const struct ubifs_lprops *, int, struct scan_data *)' to 'ubifs_lpt_scan_callback' (aka 'int (*)(struct ubifs_info *, const struct ubifs_lprops *, int, void *)') converts to incompatible function type [-Wcast-function-type-strict]
                                    (ubifs_lpt_scan_callback)scan_dirty_idx_cb,
                                    ^~~~~~~~~~~~~~~~~~~~~~~~~~~~~~~~~~~~~~~~~~
5 warnings generated.
/home/nathan/cbl/src/linux-next/fs/ubifs/lprops.c:1272:9: warning: cast from 'int (*)(struct ubifs_info *, const struct ubifs_lprops *, int, struct ubifs_lp_stats *)' to 'ubifs_lpt_scan_callback' (aka 'int (*)(struct ubifs_info *, const struct ubifs_lprops *, int, void *)') converts to incompatible function type [-Wcast-function-type-strict]
                                    (ubifs_lpt_scan_callback)scan_check_cb,
                                    ^~~~~~~~~~~~~~~~~~~~~~~~~~~~~~~~~~~~~~
1 warning generated.
/home/nathan/cbl/src/linux-next/drivers/net/ethernet/qlogic/qed/qed_vf.c:63:67: warning: parameter 'resp_size' set but not used [-Wunused-but-set-parameter]
static int qed_send_msg2pf(struct qed_hwfn *p_hwfn, u8 *done, u32 resp_size)
                                                                  ^
1 warning generated.
/home/nathan/cbl/src/linux-next/drivers/gpu/drm/nouveau/nvkm/subdev/bios/shadow.c:161:10: warning: cast from 'void (*)(const struct firmware *)' to 'void (*)(void *)' converts to incompatible function type [-Wcast-function-type-strict]
        .fini = (void(*)(void *))release_firmware,
                ^~~~~~~~~~~~~~~~~~~~~~~~~~~~~~~~~
1 warning generated.
/home/nathan/cbl/src/linux-next/drivers/gpu/drm/nouveau/nvkm/subdev/bios/shadowof.c:73:10: warning: cast from 'void (*)(const void *)' to 'void (*)(void *)' converts to incompatible function type [-Wcast-function-type-strict]
        .fini = (void(*)(void *))kfree,
                ^~~~~~~~~~~~~~~~~~~~~~
1 warning generated.
/home/nathan/cbl/src/linux-next/drivers/net/ethernet/mellanox/mlx5/core/en/xsk/setup.c:32:22: warning: result of comparison of constant 65536 with expression of type 'u16' (aka 'unsigned short') is always false [-Wtautological-constant-out-of-range-compare]
        if (xsk->chunk_size > PAGE_SIZE || xsk->chunk_size < MLX5E_MIN_XSK_CHUNK_SIZE) {
            ~~~~~~~~~~~~~~~ ^ ~~~~~~~~~
1 warning generated.
/home/nathan/cbl/src/linux-next/drivers/infiniband/ulp/srpt/ib_srpt.c:1811:5: warning: cast from 'void (*)(struct ib_event *, struct srpt_rdma_ch *)' to 'void (*)(struct ib_event *, void *)' converts to incompatible function type [-Wcast-function-type-strict]
                = (void(*)(struct ib_event *, void*))srpt_qp_event;
                  ^~~~~~~~~~~~~~~~~~~~~~~~~~~~~~~~~~~~~~~~~~~~~~~~
/home/nathan/cbl/src/linux-next/fs/nilfs2/ioctl.c:63:19: warning: result of comparison of constant 65536 with expression of type '__u16' (aka 'unsigned short') is always false [-Wtautological-constant-out-of-range-compare]
        if (argv->v_size > PAGE_SIZE)
            ~~~~~~~~~~~~ ^ ~~~~~~~~~
1 warning generated.
1 warning generated.
/home/nathan/cbl/src/linux-next/fs/ceph/snap.c:372:10: warning: result of comparison of constant 2305843009213693948 with expression of type 'u32' (aka 'unsigned int') is always false [-Wtautological-constant-out-of-range-compare]
        if (num > (SIZE_MAX - sizeof(*snapc)) / sizeof(u64))
            ~~~ ^ ~~~~~~~~~~~~~~~~~~~~~~~~~~~~~~~~~~~~~~~~~
1 warning generated.
/home/nathan/cbl/src/linux-next/drivers/infiniband/core/uverbs_ioctl.c:90:39: warning: result of comparison of constant 65536 with expression of type 'u16' (aka 'unsigned short') is always false [-Wtautological-constant-out-of-range-compare]
        WARN_ON_ONCE(method_elm->bundle_size > PAGE_SIZE);
        ~~~~~~~~~~~~~~~~~~~~~~~~~~~~~~~~~~~~~^~~~~~~~~~~~
/home/nathan/cbl/src/linux-next/include/asm-generic/bug.h:111:25: note: expanded from macro 'WARN_ON_ONCE'
        int __ret_warn_on = !!(condition);                      \
                               ^~~~~~~~~
/home/nathan/cbl/src/linux-next/drivers/infiniband/core/uverbs_ioctl.c:629:17: warning: result of comparison of constant 65536 with expression of type '__u16' (aka 'unsigned short') is always false [-Wtautological-constant-out-of-range-compare]
        if (hdr.length > PAGE_SIZE ||
            ~~~~~~~~~~ ^ ~~~~~~~~~
2 warnings generated.

[01;32mQEMU location: [0m/usr/sbin[0m

[01;32mQEMU version: [0mQEMU emulator version 8.0.3[0m
[    0.014667580,5] OPAL v7.0 starting...
[    0.015210525,7] initial console log level: memory 7, driver 5
[    0.015257041,6] CPU: P9 generation processor (max 4 threads/core)
[    0.015281833,7] CPU: Boot CPU PIR is 0x0000 PVR is 0x004e1200
[    0.015424594,7] OPAL table: 0x3018a660 .. 0x3018ac20, branch table: 0x30120000
[    0.015589239,7] Assigning physical memory map table for nimbus
[    0.015947928,7] FDT: Parsing fdt @0x1000000
[    0.018210009,5] CHIP: Detected QEMU simulator
[    0.018405139,6] CHIP: Initialised chip 0 from xscom@603fc00000000
[    0.018757195,6] P9 DD2.00 detected
[    0.018773969,5] CHIP: Chip ID 0000 type: P9N DD2.00
[    0.018782587,7] XSCOM: Base address: 0x603fc00000000
[    0.018803234,7] XSTOP: ibm,sw-checkstop-fir prop not found
[    0.018878585,6] MFSI 0:0: Initialized
[    0.018888932,6] MFSI 0:2: Initialized
[    0.018897761,6] MFSI 0:1: Initialized
[    0.019474448,6] LPC: LPC[000]: Initialized
[    0.019483051,7] LPC: access via MMIO @0x6030000000000
[    0.019509264,7] LPC: Default bus on chip 0x0
[    0.019594182,7] CPU: New max PIR set to 0x3
[    0.020090127,7] MEM: parsing reserved memory from reserved-names/-ranges properties
[    0.020178492,7] HOMER: Init chip 0
[    0.020210482,7]   PBA BAR0 : 0x0000203ffd800000
[    0.020218146,7]   PBA MASK0: 0x0000000000300000
[    0.020247514,7]   HOMER Image at 0x203ffd800000 size 4MB
[    0.020290968,4] HOMER image is not reserved! Reserving
[    0.020341106,7]   PBA BAR2 : 0x0000203fff800000
[    0.020345964,7]   PBA MASK2: 0x0000000000700000
[    0.020360348,7]   OCC Common Area at 0x203fff800000 size 8MB
[    0.020389926,4] OCC common area is not reserved! Reserving
[    0.020449164,7] CPU: decrementer bits 56
[    0.020531548,6] CPU: CPU from DT PIR=0x0000 Server#=0x0 State=4
[    0.020632179,6] CPU:  1 secondary threads
[    0.021896034,5] PLAT: Using SuperIO UART
[    0.022193647,7] UART: Using LPC IRQ 4
[    0.024782258,5] PLAT: Detected QEMU POWER9 platform
[    0.024863375,5] PLAT: Detected BMC platform ast2500:openbmc
[    0.040122171,5] CPU: All 1 processors called in...
[    0.041159604,7] LPC: Routing irq 10, policy: 0 (r=1)
[    0.041232626,7] LPC: SerIRQ 10 using route 0 targetted at OPAL
[    0.062960804,5] HIOMAP: Negotiated hiomap protocol v2
[    0.063061938,5] HIOMAP: Block size is 4KiB
[    0.063165153,5] HIOMAP: BMC suggested flash timeout of 0s
[    0.063296485,5] HIOMAP: Flash size is 128MiB
[    0.063401127,5] HIOMAP: Erase granule size is 4KiB
[    0.079778627,3] FFS: Reading the flash has returned all 0xFF.
[    0.079851387,3]      Are you reading erased flash?
[    0.079911565,3]      Is something else using the flash controller?
[    0.080013580,4] FLASH: No ffs info; using raw device only
[    0.085321333,3] FFS: Reading the flash has returned all 0xFF.
[    0.085389959,3]      Are you reading erased flash?
[    0.085444745,3]      Is something else using the flash controller?
[    0.085521512,3] FLASH: Can't open ffs handle
[    0.090750600,3] FFS: Reading the flash has returned all 0xFF.
[    0.090885128,3]      Are you reading erased flash?
[    0.090985866,3]      Is something else using the flash controller?
[    0.091113110,3] FLASH: Can't open ffs handle
[    0.096388453,3] FFS: Reading the flash has returned all 0xFF.
[    0.096454746,3]      Are you reading erased flash?
[    0.096508659,3]      Is something else using the flash controller?
[    0.096578414,3] FLASH: Can't open ffs handle
[    0.101794354,3] FFS: Reading the flash has returned all 0xFF.
[    0.101920162,3]      Are you reading erased flash?
[    0.102024778,3]      Is something else using the flash controller?
[    0.102178594,3] FLASH: Can't open ffs handle
[    0.107473276,3] FFS: Reading the flash has returned all 0xFF.
[    0.107542738,3]      Are you reading erased flash?
[    0.107597647,3]      Is something else using the flash controller?
[    0.107682832,3] FLASH: Can't open ffs handle
[    0.112961207,3] FFS: Reading the flash has returned all 0xFF.
[    0.113028171,3]      Are you reading erased flash?
[    0.113082675,3]      Is something else using the flash controller?
[    0.113152347,3] FLASH: Can't open ffs handle
[    0.124279178,2] NVRAM: Failed to load
[    0.124340324,2] NVRAM: Failed to load
[    0.124405118,5] STB: secure boot not supported
[    0.124484291,5] STB: trusted boot not supported
[    0.124776539,4] FLASH: Can't load resource id:4. No system flash found
[    0.125019628,4] FLASH: Can't load resource id:3. No system flash found
[    0.125151181,2] NVRAM: Failed to load
[    0.125310557,7] LPC: Routing irq 4, policy: 0 (r=1)
[    0.125325813,7] LPC: SerIRQ 4 using route 1 targetted at OPAL
[    0.125693704,3] SLW: Failed to set HRMOR for CPU 0,RC=0x1
[    0.125899987,5] Unable to log error
[    0.125972019,3] Disabling deep stop states
[    0.126179154,2] NVRAM: Failed to load
[    0.126499851,3] OCC: Chip: 0: OCC not active
[    0.126558259,3] OCC: Initialization on all chips did not complete(timed out)
[    0.126656057,5] Unable to log error
[    0.126746664,2] NVRAM: Failed to load
[    0.126809653,2] NVRAM: Failed to load
[    0.126862417,2] NVRAM: Failed to load
[    0.127105553,4] FLASH: Can't load resource id:2. No system flash found
[    0.127352443,4] FLASH: Can't load resource id:0. No system flash found
[    0.127446169,4] FLASH: Can't load resource id:1. No system flash found
[    0.127617903,3] IMC: IMC Catalog load failed
[    0.127900743,2] NVRAM: Failed to load
[    0.127954082,2] NVRAM: Failed to load
[    0.128006785,2] NVRAM: Failed to load
[    0.128356491,5] PCI: Resetting PHBs and training links...
[    0.128473706,5] PCI: Probing slots...
[    0.128538151,5] PCI Summary:
[    0.128641419,4] FLASH: Failed to load VERSION data
[    0.345775508,2] NVRAM: Failed to load
[    0.346311502,5] INIT: Waiting for kernel...
[    0.346371843,5] INIT: platform wait for kernel load failed
[    0.346455197,5] INIT: Assuming kernel at 0x20000000
[    0.346558740,5] INIT: 64-bit LE kernel discovered
[    0.346818461,3] OCC: Chip 0 sensor data invalid
[    0.347075318,2] NVRAM: Failed to load
[    0.353538283,5] INIT: Starting kernel at 0x20010000, fdt at 0x30758170 15742 bytes


zImage starting: loaded at 0x0000000020010000 (sp: 0x00000000206c4da0)

Allocating 0x28f32c8 bytes for kernel...

Decompressing (0x0000000000000000 <- 0x0000000020022000:0x00000000206c3f90)...

Done! Decompressed 0x2790000 bytes


Linux/PowerPC load: 

Finalizing device tree... flat tree at 0x206c60a0

[    0.000000] OF: reserved mem: 0x0000000030000000..0x00000000305fffff (6144 KiB) map non-reusable ibm,firmware-code@30000000
[    0.000000] OF: reserved mem: 0x0000000030600000..0x0000000030ffffff (10240 KiB) map non-reusable ibm,firmware-heap@30600000
[    0.000000] OF: reserved mem: 0x0000000031000000..0x0000000031c0ffff (12352 KiB) map non-reusable ibm,firmware-data@31000000
[    0.000000] OF: reserved mem: 0x0000000031c10000..0x0000000031c2ffff (128 KiB) map non-reusable ibm,firmware-stacks@31c10000
[    0.000000] OF: reserved mem: 0x0000000031c30000..0x000000003290ffff (13184 KiB) map non-reusable ibm,firmware-allocs-memory@31c30000
[    0.000000] OF: reserved mem: 0x0000203ffd800000..0x0000203ffdbfffff (4096 KiB) map non-reusable ibm,homer-image@203ffd800000
[    0.000000] OF: reserved mem: 0x0000203fff800000..0x0000203fffffffff (8192 KiB) map non-reusable ibm,occ-common-area@203fff800000
[    0.000000] dt-cpu-ftrs: setup for ISA 3000
[    0.000000] dt-cpu-ftrs: final cpu/mmu features = 0x0003c06b8f5fb187 0x3c007041
[    0.000000] Activating Kernel Userspace Access Prevention
[    0.000000] Activating Kernel Userspace Execution Prevention
[    0.000000] radix-mmu: Mapped 0x0000000000000000-0x0000000002550000 with 64.0 KiB pages (exec)
[    0.000000] radix-mmu: Mapped 0x0000000002550000-0x0000000080000000 with 64.0 KiB pages
[    0.000000] radix-mmu: Initializing Radix MMU
[    0.000000] Linux version 6.5.0-rc5-next-20230809-cbl (nathan@dev-arch.m3-large-x86-01) (ClangBuiltLinux clang version 16.0.6 (https://github.com/llvm/llvm-project 7cbf1a2591520c2491aa35339f227775f4d3adf6), ClangBuiltLinux LLD 16.0.6) #1 SMP Fri Aug 11 22:46:24 UTC 2023
[    0.000000] Found initrd at 0xc000000028000000:0xc000000028878600
[    0.000000] Hardware name: IBM PowerNV (emulated by qemu) POWER9 0x4e1200 opal:v7.0 PowerNV
[    0.000000] printk: bootconsole [udbg0] enabled
[    0.000000] CPU maps initialized for 1 thread per core
[    0.000000] -----------------------------------------------------
[    0.000000] phys_mem_size     = 0x80000000
[    0.000000] dcache_bsize      = 0x80
[    0.000000] icache_bsize      = 0x80
[    0.000000] cpu_features      = 0x0003c06b8f4fb187
[    0.000000]   possible        = 0x001ffbebcf5fb187
[    0.000000]   always          = 0x0000000380008181
[    0.000000] cpu_user_features = 0xdc0065c2 0xaef00000
[    0.000000] mmu_features      = 0x3c007641
[    0.000000] firmware_features = 0x0000000110000000
[    0.000000] vmalloc start     = 0xc008000000000000
[    0.000000] IO start          = 0xc00a000000000000
[    0.000000] vmemmap start     = 0xc00c000000000000
[    0.000000] -----------------------------------------------------
[    0.000000] numa:   NODE_DATA [mem 0x7bf86a00-0x7bf8bfff]
[    0.000000] kvm_cma_reserve: reserving 102 MiB for global area
[    0.000000] cma: Reserved 112 MiB at 0x0000000073000000 on node -1
[    0.000000] rfi-flush: fallback displacement flush available
[    0.000000] count-cache-flush: flush disabled.
[    0.000000] link-stack-flush: flush disabled.
[    0.000000] stf-barrier: eieio barrier available
[    0.000000] barrier-nospec: using ORI speculation barrier
[    0.000000] Zone ranges:
[    0.000000]   Normal   [mem 0x0000000000000000-0x000000007fffffff]
[    0.000000] Movable zone start for each node
[    0.000000] Early memory node ranges
[    0.000000]   node   0: [mem 0x0000000000000000-0x000000007fffffff]
[    0.000000] Initmem setup node 0 [mem 0x0000000000000000-0x000000007fffffff]
[    0.000000] percpu: Embedded 10 pages/cpu s601256 r0 d54104 u655360
[    0.000000] Kernel command line: console=ttyS0,9600 console=tty0
[    0.000000] random: crng init done
[    0.000000] Dentry cache hash table entries: 262144 (order: 5, 2097152 bytes, linear)
[    0.000000] Inode-cache hash table entries: 131072 (order: 4, 1048576 bytes, linear)
[    0.000000] Fallback order for Node 0: 0 
[    0.000000] Built 1 zonelists, mobility grouping on.  Total pages: 32736
[    0.000000] Policy zone: Normal
[    0.000000] mem auto-init: stack:all(zero), heap alloc:on, heap free:off
[    0.000000] Memory: 0K/2097152K available (14976K kernel code, 2304K rwdata, 17792K rodata, 5440K init, 1420K bss, 181824K reserved, 114688K cma-reserved)
[    0.000000] SLUB: HWalign=128, Order=0-3, MinObjects=0, CPUs=1, Nodes=1
[    0.000000] ftrace: allocating 34646 entries in 13 pages
[    0.000000] ftrace: allocated 13 pages with 3 groups
[    0.000000] trace event string verifier disabled
[    0.000000] rcu: Hierarchical RCU implementation.
[    0.000000] rcu: 	RCU restricting CPUs from NR_CPUS=2048 to nr_cpu_ids=1.
[    0.000000] 	Rude variant of Tasks RCU enabled.
[    0.000000] 	Tracing variant of Tasks RCU enabled.
[    0.000000] rcu: RCU calculated value of scheduler-enlistment delay is 25 jiffies.
[    0.000000] rcu: Adjusting geometry for rcu_fanout_leaf=16, nr_cpu_ids=1
[    0.000000] NR_IRQS: 512, nr_irqs: 512, preallocated irqs: 16
[    0.000000] xive: Interrupt handling initialized with native backend
[    0.000000] xive: Using priority 7 for all interrupts
[    0.000000] xive: Using 64kB queues
[    0.000000] rcu: srcu_init: Setting srcu_struct sizes based on contention.
[    0.000061] time_init: 56 bit decrementer (max: 7fffffffffffff)
[    0.001115] clocksource: timebase: mask: 0xffffffffffffffff max_cycles: 0x761537d007, max_idle_ns: 440795202126 ns
[    0.002368] clocksource: timebase mult[1f40000] shift[24] registered
[    0.014317] Console: colour dummy device 80x25
[    0.015339] printk: console [tty0] enabled
[    0.019821] printk: bootconsole [udbg0] disabled
[    0.000000] OF: reserved mem: 0x0000000030000000..0x00000000305fffff (6144 KiB) map non-reusable ibm,firmware-code@30000000
[    0.000000] OF: reserved mem: 0x0000000030600000..0x0000000030ffffff (10240 KiB) map non-reusable ibm,firmware-heap@30600000
[    0.000000] OF: reserved mem: 0x0000000031000000..0x0000000031c0ffff (12352 KiB) map non-reusable ibm,firmware-data@31000000
[    0.000000] OF: reserved mem: 0x0000000031c10000..0x0000000031c2ffff (128 KiB) map non-reusable ibm,firmware-stacks@31c10000
[    0.000000] OF: reserved mem: 0x0000000031c30000..0x000000003290ffff (13184 KiB) map non-reusable ibm,firmware-allocs-memory@31c30000
[    0.000000] OF: reserved mem: 0x0000203ffd800000..0x0000203ffdbfffff (4096 KiB) map non-reusable ibm,homer-image@203ffd800000
[    0.000000] OF: reserved mem: 0x0000203fff800000..0x0000203fffffffff (8192 KiB) map non-reusable ibm,occ-common-area@203fff800000
[    0.000000] dt-cpu-ftrs: setup for ISA 3000
[    0.000000] dt-cpu-ftrs: final cpu/mmu features = 0x0003c06b8f5fb187 0x3c007041
[    0.000000] Activating Kernel Userspace Access Prevention
[    0.000000] Activating Kernel Userspace Execution Prevention
[    0.000000] radix-mmu: Mapped 0x0000000000000000-0x0000000002550000 with 64.0 KiB pages (exec)
[    0.000000] radix-mmu: Mapped 0x0000000002550000-0x0000000080000000 with 64.0 KiB pages
[    0.000000] radix-mmu: Initializing Radix MMU
[    0.000000] Linux version 6.5.0-rc5-next-20230809-cbl (nathan@dev-arch.m3-large-x86-01) (ClangBuiltLinux clang version 16.0.6 (https://github.com/llvm/llvm-project 7cbf1a2591520c2491aa35339f227775f4d3adf6), ClangBuiltLinux LLD 16.0.6) #1 SMP Fri Aug 11 22:46:24 UTC 2023
[    0.000000] Found initrd at 0xc000000028000000:0xc000000028878600
[    0.000000] Hardware name: IBM PowerNV (emulated by qemu) POWER9 0x4e1200 opal:v7.0 PowerNV
[    0.000000] printk: bootconsole [udbg0] enabled
[    0.000000] CPU maps initialized for 1 thread per core
[    0.000000] -----------------------------------------------------
[    0.000000] phys_mem_size     = 0x80000000
[    0.000000] dcache_bsize      = 0x80
[    0.000000] icache_bsize      = 0x80
[    0.000000] cpu_features      = 0x0003c06b8f4fb187
[    0.000000]   possible        = 0x001ffbebcf5fb187
[    0.000000]   always          = 0x0000000380008181
[    0.000000] cpu_user_features = 0xdc0065c2 0xaef00000
[    0.000000] mmu_features      = 0x3c007641
[    0.000000] firmware_features = 0x0000000110000000
[    0.000000] vmalloc start     = 0xc008000000000000
[    0.000000] IO start          = 0xc00a000000000000
[    0.000000] vmemmap start     = 0xc00c000000000000
[    0.000000] -----------------------------------------------------
[    0.000000] numa:   NODE_DATA [mem 0x7bf86a00-0x7bf8bfff]
[    0.000000] kvm_cma_reserve: reserving 102 MiB for global area
[    0.000000] cma: Reserved 112 MiB at 0x0000000073000000 on node -1
[    0.000000] rfi-flush: fallback displacement flush available
[    0.000000] count-cache-flush: flush disabled.
[    0.000000] link-stack-flush: flush disabled.
[    0.000000] stf-barrier: eieio barrier available
[    0.000000] barrier-nospec: using ORI speculation barrier
[    0.000000] Zone ranges:
[    0.000000]   Normal   [mem 0x0000000000000000-0x000000007fffffff]
[    0.000000] Movable zone start for each node
[    0.000000] Early memory node ranges
[    0.000000]   node   0: [mem 0x0000000000000000-0x000000007fffffff]
[    0.000000] Initmem setup node 0 [mem 0x0000000000000000-0x000000007fffffff]
[    0.000000] percpu: Embedded 10 pages/cpu s601256 r0 d54104 u655360
[    0.000000] Kernel command line: console=ttyS0,9600 console=tty0
[    0.000000] random: crng init done
[    0.000000] Dentry cache hash table entries: 262144 (order: 5, 2097152 bytes, linear)
[    0.000000] Inode-cache hash table entries: 131072 (order: 4, 1048576 bytes, linear)
[    0.000000] Fallback order for Node 0: 0 
[    0.000000] Built 1 zonelists, mobility grouping on.  Total pages: 32736
[    0.000000] Policy zone: Normal
[    0.000000] mem auto-init: stack:all(zero), heap alloc:on, heap free:off
[    0.000000] Memory: 0K/2097152K available (14976K kernel code, 2304K rwdata, 17792K rodata, 5440K init, 1420K bss, 181824K reserved, 114688K cma-reserved)
[    0.000000] SLUB: HWalign=128, Order=0-3, MinObjects=0, CPUs=1, Nodes=1
[    0.000000] ftrace: allocating 34646 entries in 13 pages
[    0.000000] ftrace: allocated 13 pages with 3 groups
[    0.000000] trace event string verifier disabled
[    0.000000] rcu: Hierarchical RCU implementation.
[    0.000000] rcu: 	RCU restricting CPUs from NR_CPUS=2048 to nr_cpu_ids=1.
[    0.000000] 	Rude variant of Tasks RCU enabled.
[    0.000000] 	Tracing variant of Tasks RCU enabled.
[    0.000000] rcu: RCU calculated value of scheduler-enlistment delay is 25 jiffies.
[    0.000000] rcu: Adjusting geometry for rcu_fanout_leaf=16, nr_cpu_ids=1
[    0.000000] NR_IRQS: 512, nr_irqs: 512, preallocated irqs: 16
[    0.000000] xive: Interrupt handling initialized with native backend
[    0.000000] xive: Using priority 7 for all interrupts
[    0.000000] xive: Using 64kB queues
[    0.000000] rcu: srcu_init: Setting srcu_struct sizes based on contention.
[    0.000061] time_init: 56 bit decrementer (max: 7fffffffffffff)
[    0.001115] clocksource: timebase: mask: 0xffffffffffffffff max_cycles: 0x761537d007, max_idle_ns: 440795202126 ns
[    0.002368] clocksource: timebase mult[1f40000] shift[24] registered
[    0.014317] Console: colour dummy device 80x25
[    0.015339] printk: console [tty0] enabled
[    0.019821] printk: bootconsole [udbg0] disabled
[    0.020855] printk: console [hvc0] enabled
[    0.036868] pid_max: default: 32768 minimum: 301
[    0.040063] LSM: initializing lsm=capability,landlock,yama,apparmor,tomoyo,bpf,integrity
[    0.041444] landlock: Up and running.
[    0.041597] Yama: becoming mindful.
[    0.045961] AppArmor: AppArmor initialized
[    0.046168] TOMOYO Linux initialized
[    0.047032] LSM support for eBPF active
[    0.048941] Mount-cache hash table entries: 8192 (order: 0, 65536 bytes, linear)
[    0.049225] Mountpoint-cache hash table entries: 8192 (order: 0, 65536 bytes, linear)
[    0.094855] RCU Tasks Rude: Setting shift to 0 and lim to 1 rcu_task_cb_adjust=1.
[    0.095633] RCU Tasks Trace: Setting shift to 0 and lim to 1 rcu_task_cb_adjust=1.
[    0.096928] POWER9 performance monitor hardware support registered
[    0.099679] rcu: Hierarchical SRCU implementation.
[    0.099885] rcu: 	Max phase no-delay instances is 1000.
[    0.118297] smp: Bringing up secondary CPUs ...
[    0.119389] smp: Brought up 1 node, 1 CPU
[    0.119701] numa: Node 0 CPUs: 0
[    0.133442] node 0 deferred pages initialised in 8ms
[    0.150414] devtmpfs: initialized
[    0.165760] clocksource: jiffies: mask: 0xffffffff max_cycles: 0xffffffff, max_idle_ns: 7645041785100000 ns
[    0.166212] futex hash table entries: 256 (order: -1, 32768 bytes, linear)
[    0.180462] NET: Registered PF_NETLINK/PF_ROUTE protocol family
[    0.185100] audit: initializing netlink subsys (disabled)
[    0.189452] audit: type=2000 audit(1691794028.168:1): state=initialized audit_enabled=0 res=1
[    0.192595] thermal_sys: Registered thermal governor 'fair_share'
[    0.192640] thermal_sys: Registered thermal governor 'bang_bang'
[    0.192849] thermal_sys: Registered thermal governor 'step_wise'
[    0.193018] thermal_sys: Registered thermal governor 'user_space'
[    0.193235] thermal_sys: Registered thermal governor 'power_allocator'
[    0.193947] cpuidle: using governor ladder
[    0.194472] cpuidle: using governor menu
[    0.195779] Failed to initialize. Disabling HugeTLB
[    0.196380] nvram: No room to create lnx,oops-log partition, deleting any obsolete OS partitions...
[    0.196862] nvram: Failed to find or create lnx,oops-log partition, err -28
[    0.197085] nvram: Failed to initialize oops partition!
[    0.204408] EEH: PowerNV platform initialized
[    0.225735] cpuidle-powernv: Default stop: psscr = 0x0000000000000330,mask=0x00000000003003ff
[    0.226144] cpuidle-powernv: Deepest stop: psscr = 0x0000000000300331,mask=0x00000000003003ff
[    0.226415] cpuidle-powernv: First stop level that may lose SPRs = 0x10
[    0.226612] cpuidle-powernv: First stop level that may lose timebase = 0x10
[    0.229870] kprobes: kprobe jump-optimization is enabled. All kprobes are optimized if possible.
[    0.270023] iommu: Default domain type: Translated
[    0.270264] iommu: DMA domain TLB invalidation policy: strict mode
[    0.272600] SCSI subsystem initialized
[    0.273998] pps_core: LinuxPPS API ver. 1 registered
[    0.274172] pps_core: Software ver. 5.3.6 - Copyright 2005-2007 Rodolfo Giometti <giometti@linux.it>
[    0.274511] PTP clock support registered
[    0.287768] NetLabel: Initializing
[    0.287913] NetLabel:  domain hash size = 128
[    0.288060] NetLabel:  protocols = UNLABELED CIPSOv4 CALIPSO
[    0.289281] NetLabel:  unlabeled traffic allowed by default
[    0.289592] PCI: Probing PCI hardware
[    0.294314] vgaarb: loaded
[    0.296217] clocksource: Switched to clocksource timebase
[    0.328869] VFS: Disk quotas dquot_6.6.0
[    0.329294] VFS: Dquot-cache hash table entries: 8192 (order 0, 65536 bytes)
[    0.330899] hugetlbfs: disabling because there are no supported hugepage sizes
[    0.334269] AppArmor: AppArmor Filesystem Enabled
[    0.350253] NET: Registered PF_INET protocol family
[    0.352346] IP idents hash table entries: 32768 (order: 2, 262144 bytes, linear)
[    0.361915] tcp_listen_portaddr_hash hash table entries: 4096 (order: 0, 65536 bytes, linear)
[    0.362334] Table-perturb hash table entries: 65536 (order: 2, 262144 bytes, linear)
[    0.362688] TCP established hash table entries: 16384 (order: 1, 131072 bytes, linear)
[    0.363329] TCP bind hash table entries: 16384 (order: 3, 524288 bytes, linear)
[    0.363980] TCP: Hash tables configured (established 16384 bind 16384)
[    0.366210] MPTCP token hash table entries: 4096 (order: 0, 98304 bytes, linear)
[    0.372932] UDP hash table entries: 2048 (order: 0, 65536 bytes, linear)
[    0.373462] UDP-Lite hash table entries: 2048 (order: 0, 65536 bytes, linear)
[    0.375702] NET: Registered PF_UNIX/PF_LOCAL protocol family
[    0.376464] NET: Registered PF_XDP protocol family
[    0.376893] PCI: CLS 0 bytes, default 128
[    0.388703] Trying to unpack rootfs image as initramfs...
[    0.394377] Initialise system trusted keyrings
[    0.396885] Key type blacklist registered
[    0.398173] workingset: timestamp_bits=38 max_order=15 bucket_order=0
[    0.398651] zbud: loaded
[    0.409226] integrity: Platform Keyring initialized
[    0.409468] Key type asymmetric registered
[    0.409699] Asymmetric key parser 'x509' registered
[    0.466215] Freeing initrd memory: 8640K
[    0.724586] Block layer SCSI generic (bsg) driver version 0.4 loaded (major 248)
[    0.735060] io scheduler mq-deadline registered
[    0.763391] hvc0: raw protocol on /ibm,opal/consoles/serial@0 (boot console)
[    0.766077] hvc0: No interrupts property, using OPAL event
[    0.774734] Serial: 8250/16550 driver, 4 ports, IRQ sharing disabled
[    0.786020] Linux agpgart interface v0.103
[    0.794262] mousedev: PS/2 mouse device common for all mice
[    1.024148] rtc-opal opal-rtc: registered as rtc0
[    1.225647] rtc-opal opal-rtc: setting system clock to 2023-08-11T22:47:10 UTC (1691794030)
[    1.230334] powernv-cpufreq: ibm,pstate-min node not found
[    1.230561] powernv-cpufreq: Platform driver disabled. System does not support PState control
[    1.233610] ledtrig-cpu: registered to indicate activity on CPUs
[    1.293211] NET: Registered PF_INET6 protocol family
[    1.448586] Segment Routing with IPv6
[    1.449129] In-situ OAM (IOAM) with IPv6
[    1.449843] mip6: Mobile IPv6
[    1.450274] NET: Registered PF_PACKET protocol family
[    1.451980] mpls_gso: MPLS GSO support
[    1.454039] drmem: No dynamic reconfiguration memory found
[    1.468261] registered taskstats version 1
[    1.471345] Loading compiled-in X.509 certificates
[    1.485360] Key type .fscrypt registered
[    1.485549] Key type fscrypt-provisioning registered
[    1.561839] Key type encrypted registered
[    1.562227] AppArmor: AppArmor sha1 policy hashing enabled
[    1.563244] ima: No TPM chip found, activating TPM-bypass!
[    1.563652] ima: Allocated hash algorithm: sha256
[    1.566092] ima: No architecture policies found
[    1.566965] evm: Initialising EVM extended attributes:
[    1.567151] evm: security.selinux
[    1.567300] evm: security.SMACK64 (disabled)
[    1.567438] evm: security.SMACK64EXEC (disabled)
[    1.567580] evm: security.SMACK64TRANSMUTE (disabled)
[    1.567735] evm: security.SMACK64MMAP (disabled)
[    1.567955] evm: security.apparmor
[    1.568074] evm: security.ima
[    1.568175] evm: security.capability
[    1.568301] evm: HMAC attrs: 0x1
[    2.226300] Freeing unused kernel image (initmem) memory: 5440K
[    2.227462] Run /init as init process
[    2.341385] Not activating Mandatory Access Control as /sbin/tomoyo-init does not exist.
[    7.418804] reboot: Power down
[   11.425281245,5] OPAL: Shutdown request type 0x0...
$ timeout --foreground 3m stdbuf -eL -oL /usr/sbin/qemu-system-ppc64 -display none -nodefaults -device ipmi-bmc-sim,id=bmc0 -device isa-ipmi-bt,bmc=bmc0,irq=10 -machine powernv -kernel /home/nathan/tmp/build/cbl_lkt/linux-next/powerpc/arch/powerpc/boot/zImage.epapr -initrd /home/nathan/cbl/llvm-kernel-testing/src/boot-utils/images/ppc64le/rootfs.cpio -m 2G -serial mon:stdio
