/home/nathan/cbl/src/linux-next/lib/radix-tree.c:1136:50: warning: parameter 'slot' set but not used [-Wunused-but-set-parameter]
void __rcu **radix_tree_iter_resume(void __rcu **slot,
                                                 ^
1 warning generated.
/home/nathan/cbl/src/linux-next/drivers/tty/hvc/hvc_iucv.c:1100:23: warning: cast from 'void (*)(const void *)' to 'void (*)(struct device *)' converts to incompatible function type [-Wcast-function-type-strict]
        priv->dev->release = (void (*)(struct device *)) kfree;
                             ^~~~~~~~~~~~~~~~~~~~~~~~~~~~~~~~~
1 warning generated.
/home/nathan/cbl/src/linux-next/drivers/block/rbd.c:6149:17: warning: result of comparison of constant 2305843009213693948 with expression of type 'u32' (aka 'unsigned int') is always false [-Wtautological-constant-out-of-range-compare]
        if (snap_count > (SIZE_MAX - sizeof (struct ceph_snap_context))
            ~~~~~~~~~~ ^ ~~~~~~~~~~~~~~~~~~~~~~~~~~~~~~~~~~~~~~~~~~~~~~
1 warning generated.
/home/nathan/cbl/src/linux-next/lib/kunit/test.c:815:38: warning: cast from 'void (*)(const void *)' to 'kunit_action_t *' (aka 'void (*)(void *)') converts to incompatible function type [-Wcast-function-type-strict]
        if (kunit_add_action_or_reset(test, (kunit_action_t *)kfree, data) != 0)
                                            ^~~~~~~~~~~~~~~~~~~~~~~
/home/nathan/cbl/src/linux-next/lib/kunit/test.c:827:29: warning: cast from 'void (*)(const void *)' to 'kunit_action_t *' (aka 'void (*)(void *)') converts to incompatible function type [-Wcast-function-type-strict]
        kunit_release_action(test, (kunit_action_t *)kfree, (void *)ptr);
                                   ^~~~~~~~~~~~~~~~~~~~~~~
2 warnings generated.
/home/nathan/cbl/src/linux-next/drivers/block/drbd/drbd_state.c:1632:3: warning: cast from 'int (*)(struct sk_buff *, unsigned int, struct drbd_resource_state_change *, enum drbd_notification_type)' to 'typeof (last_func)' (aka 'int (*)(struct sk_buff *, unsigned int, void *, enum drbd_notification_type)') converts to incompatible function type [-Wcast-function-type-strict]
                REMEMBER_STATE_CHANGE(notify_resource_state_change,
                ^~~~~~~~~~~~~~~~~~~~~~~~~~~~~~~~~~~~~~~~~~~~~~~~~~~
/home/nathan/cbl/src/linux-next/drivers/block/drbd/drbd_state.c:1619:17: note: expanded from macro 'REMEMBER_STATE_CHANGE'
           last_func = (typeof(last_func))func; \
                       ^~~~~~~~~~~~~~~~~~~~~~~
/home/nathan/cbl/src/linux-next/drivers/block/drbd/drbd_state.c:1641:4: warning: cast from 'int (*)(struct sk_buff *, unsigned int, struct drbd_connection_state_change *, enum drbd_notification_type)' to 'typeof (last_func)' (aka 'int (*)(struct sk_buff *, unsigned int, void *, enum drbd_notification_type)') converts to incompatible function type [-Wcast-function-type-strict]
                        REMEMBER_STATE_CHANGE(notify_connection_state_change,
                        ^~~~~~~~~~~~~~~~~~~~~~~~~~~~~~~~~~~~~~~~~~~~~~~~~~~~~
/home/nathan/cbl/src/linux-next/drivers/block/drbd/drbd_state.c:1619:17: note: expanded from macro 'REMEMBER_STATE_CHANGE'
           last_func = (typeof(last_func))func; \
                       ^~~~~~~~~~~~~~~~~~~~~~~
/home/nathan/cbl/src/linux-next/drivers/block/drbd/drbd_state.c:1650:4: warning: cast from 'int (*)(struct sk_buff *, unsigned int, struct drbd_device_state_change *, enum drbd_notification_type)' to 'typeof (last_func)' (aka 'int (*)(struct sk_buff *, unsigned int, void *, enum drbd_notification_type)') converts to incompatible function type [-Wcast-function-type-strict]
                        REMEMBER_STATE_CHANGE(notify_device_state_change,
                        ^~~~~~~~~~~~~~~~~~~~~~~~~~~~~~~~~~~~~~~~~~~~~~~~~
/home/nathan/cbl/src/linux-next/drivers/block/drbd/drbd_state.c:1619:17: note: expanded from macro 'REMEMBER_STATE_CHANGE'
           last_func = (typeof(last_func))func; \
                       ^~~~~~~~~~~~~~~~~~~~~~~
/home/nathan/cbl/src/linux-next/drivers/block/drbd/drbd_state.c:1664:4: warning: cast from 'int (*)(struct sk_buff *, unsigned int, struct drbd_peer_device_state_change *, enum drbd_notification_type)' to 'typeof (last_func)' (aka 'int (*)(struct sk_buff *, unsigned int, void *, enum drbd_notification_type)') converts to incompatible function type [-Wcast-function-type-strict]
                        REMEMBER_STATE_CHANGE(notify_peer_device_state_change,
                        ^~~~~~~~~~~~~~~~~~~~~~~~~~~~~~~~~~~~~~~~~~~~~~~~~~~~~~
/home/nathan/cbl/src/linux-next/drivers/block/drbd/drbd_state.c:1619:17: note: expanded from macro 'REMEMBER_STATE_CHANGE'
           last_func = (typeof(last_func))func; \
                       ^~~~~~~~~~~~~~~~~~~~~~~
4 warnings generated.
/home/nathan/cbl/src/linux-next/net/ceph/osdmap.c:1441:10: warning: result of comparison of constant 4611686018427387891 with expression of type 'u32' (aka 'unsigned int') is always false [-Wtautological-constant-out-of-range-compare]
        if (len > (SIZE_MAX - sizeof(*pg)) / sizeof(u32))
            ~~~ ^ ~~~~~~~~~~~~~~~~~~~~~~~~~~~~~~~~~~~~~~
/home/nathan/cbl/src/linux-next/net/ceph/osdmap.c:1624:10: warning: result of comparison of constant 2305843009213693945 with expression of type 'u32' (aka 'unsigned int') is always false [-Wtautological-constant-out-of-range-compare]
        if (len > (SIZE_MAX - sizeof(*pg)) / (2 * sizeof(u32)))
            ~~~ ^ ~~~~~~~~~~~~~~~~~~~~~~~~~~~~~~~~~~~~~~~~~~~~
2 warnings generated.
/home/nathan/cbl/src/linux-next/drivers/s390/net/netiucv.c:1716:18: warning: cast from 'void (*)(const void *)' to 'void (*)(struct device *)' converts to incompatible function type [-Wcast-function-type-strict]
                dev->release = (void (*)(struct device *))kfree;
                               ^~~~~~~~~~~~~~~~~~~~~~~~~~~~~~~~
/home/nathan/cbl/src/linux-next/drivers/s390/char/vmlogrdr.c:748:18: warning: cast from 'void (*)(const void *)' to 'void (*)(struct device *)' converts to incompatible function type [-Wcast-function-type-strict]
                dev->release = (void (*)(struct device *))kfree;
                               ^~~~~~~~~~~~~~~~~~~~~~~~~~~~~~~~
1 warning generated.
1 warning generated.
/home/nathan/cbl/src/linux-next/drivers/s390/net/smsgiucv_app.c:176:26: warning: cast from 'void (*)(const void *)' to 'void (*)(struct device *)' converts to incompatible function type [-Wcast-function-type-strict]
        smsg_app_dev->release = (void (*)(struct device *)) kfree;
                                ^~~~~~~~~~~~~~~~~~~~~~~~~~~~~~~~~
1 warning generated.
/home/nathan/cbl/src/linux-next/drivers/md/dm-integrity.c:4159:12: warning: result of comparison of constant 42949672950 with expression of type 'unsigned int' is always false [-Wtautological-constant-out-of-range-compare]
                        if (val >= (uint64_t)UINT_MAX * 1000 / HZ) {
                            ~~~ ^  ~~~~~~~~~~~~~~~~~~~~~~~~~~~~~~
1 warning generated.

[01;32mQEMU location: [0m/usr/sbin[0m

[01;32mQEMU version: [0mQEMU emulator version 8.0.3[0m
KASLR disabled: CPU has no PRNG
KASLR disabled: CPU has no PRNG
[    0.459378] Linux version 6.5.0-rc5-next-20230809-cbl-00030-g8150cbc757fd (nathan@dev-arch.m3-large-x86-01) (ClangBuiltLinux clang version 16.0.6 (https://github.com/llvm/llvm-project 7cbf1a2591520c2491aa35339f227775f4d3adf6), GNU ld (GNU Binutils) 2.41) #1 SMP Fri Aug 11 23:17:52 UTC 2023

[    0.460938] setup: Linux is running under KVM in 64-bit mode

[    0.476545] setup: The maximum memory size is 512MB

[    0.477072] setup: Relocating AMODE31 section of size 0x00003000

[    0.479739] cpu: 1 configured CPUs, 0 standby CPUs

[    0.982228] Write protected kernel read-only data: 21292k

[    0.996058] Zone ranges:

[    0.996072]   DMA      [mem 0x0000000000000000-0x000000007fffffff]

[    0.996823]   Normal   empty

[    0.996858] Movable zone start for each node

[    0.996884] Early memory node ranges

[    0.996908]   node   0: [mem 0x0000000000000000-0x000000001fffffff]

[    0.997282] Initmem setup node 0 [mem 0x0000000000000000-0x000000001fffffff]

[    1.015431] percpu: Embedded 30 pages/cpu s82816 r8192 d31872 u122880

[    1.017513] Kernel command line: 

[    1.020217] random: crng init done

[    1.020656] Dentry cache hash table entries: 65536 (order: 7, 524288 bytes, linear)

[    1.020867] Inode-cache hash table entries: 32768 (order: 6, 262144 bytes, linear)

[    1.021926] Fallback order for Node 0: 0 

[    1.022294] Built 1 zonelists, mobility grouping on.  Total pages: 129024

[    1.022328] Policy zone: DMA

[    1.022602] mem auto-init: stack:off, heap alloc:off, heap free:off

[    1.027842] Memory: 230484K/524288K available (16928K kernel code, 2752K rwdata, 4364K rodata, 6356K init, 912K bss, 48948K reserved, 0K cma-reserved)

[    1.032130] SLUB: HWalign=256, Order=0-3, MinObjects=0, CPUs=1, Nodes=1

[    1.032971] ftrace: allocating 44889 entries in 176 pages

[    1.179486] ftrace: allocated 176 pages with 3 groups

[    1.189797] rcu: Hierarchical RCU implementation.

[    1.189816] rcu: 	RCU event tracing is enabled.

[    1.189840] rcu: 	RCU restricting CPUs from NR_CPUS=512 to nr_cpu_ids=1.

[    1.189959] 	Rude variant of Tasks RCU enabled.

[    1.189969] 	Tracing variant of Tasks RCU enabled.

[    1.190050] rcu: RCU calculated value of scheduler-enlistment delay is 10 jiffies.

[    1.190074] rcu: Adjusting geometry for rcu_fanout_leaf=16, nr_cpu_ids=1

[    1.230095] NR_IRQS: 3, nr_irqs: 3, preallocated irqs: 3

[    1.232452] rcu: srcu_init: Setting srcu_struct sizes based on contention.

[    1.233691] clocksource: tod: mask: 0xffffffffffffffff max_cycles: 0x3b0a9be803b0a9, max_idle_ns: 1805497147909793 ns

[    1.238081] Console: colour dummy device 80x25

[    1.243011] printk: console [ttysclp0] enabled

[    1.249252] pid_max: default: 32768 minimum: 301

[    1.251548] LSM: initializing lsm=lockdown,capability,selinux,integrity

[    1.251993] SELinux:  Initializing.

[    1.253534] Mount-cache hash table entries: 1024 (order: 1, 8192 bytes, linear)

[    1.253581] Mountpoint-cache hash table entries: 1024 (order: 1, 8192 bytes, linear)

[    1.290632] RCU Tasks Rude: Setting shift to 0 and lim to 1 rcu_task_cb_adjust=1.

[    1.291040] RCU Tasks Trace: Setting shift to 0 and lim to 1 rcu_task_cb_adjust=1.

[    1.293101] rcu: Hierarchical SRCU implementation.

[    1.293148] rcu: 	Max phase no-delay instances is 1000.

[    1.297094] smp: Bringing up secondary CPUs ...

[    1.297889] smp: Brought up 1 node, 1 CPU

[    1.314056] node 0 deferred pages initialised in 10ms

[    1.326556] devtmpfs: initialized

[    1.333782] clocksource: jiffies: mask: 0xffffffff max_cycles: 0xffffffff, max_idle_ns: 19112604462750000 ns

[    1.333943] futex hash table entries: 256 (order: 4, 65536 bytes, linear)

[    1.338905] NET: Registered PF_NETLINK/PF_ROUTE protocol family

[    1.342168] audit: initializing netlink subsys (disabled)

[    1.349681] audit: type=2000 audit(1691795887.319:1): state=initialized audit_enabled=0 res=1

[    1.750243] raid6: vx128x8  gen()   846 MB/s

[    1.750312] raid6: using algorithm vx128x8 gen() 846 MB/s

[    1.920254] raid6: .... xor() 421 MB/s, rmw enabled

[    1.920297] raid6: using s390xc recovery algorithm

[    1.922126] iommu: Default domain type: Translated

[    1.922176] iommu: DMA domain TLB invalidation policy: strict mode

[    1.923768] SCSI subsystem initialized

[    1.944065] VFS: Disk quotas dquot_6.6.0

[    1.944188] VFS: Dquot-cache hash table entries: 512 (order 0, 4096 bytes)

[    1.945666] hugetlbfs: disabling because there are no supported hugepage sizes

[    1.992115] NET: Registered PF_INET protocol family

[    1.993425] IP idents hash table entries: 8192 (order: 4, 65536 bytes, linear)

[    1.999706] tcp_listen_portaddr_hash hash table entries: 256 (order: 0, 4096 bytes, linear)

[    1.999780] Table-perturb hash table entries: 65536 (order: 6, 262144 bytes, linear)

[    1.999847] TCP established hash table entries: 4096 (order: 3, 32768 bytes, linear)

[    2.000036] TCP bind hash table entries: 4096 (order: 5, 131072 bytes, linear)

[    2.000283] TCP: Hash tables configured (established 4096 bind 4096)

[    2.001768] MPTCP token hash table entries: 512 (order: 1, 12288 bytes, linear)

[    2.002010] UDP hash table entries: 256 (order: 1, 8192 bytes, linear)

[    2.002235] UDP-Lite hash table entries: 256 (order: 1, 8192 bytes, linear)

[    2.003544] NET: Registered PF_UNIX/PF_LOCAL protocol family

[    2.010365] Trying to unpack rootfs image as initramfs...

[    2.021973] hypfs: The hardware system does not support hypfs

[    2.032412] Initialise system trusted keyrings

[    2.033235] Key type blacklist registered

[    2.041110] workingset: timestamp_bits=45 max_order=17 bucket_order=0

[    2.041303] zbud: loaded

[    2.043736] fuse: init (API version 7.38)

[    2.045067] SGI XFS with ACLs, security attributes, realtime, quota, no debug enabled

[    2.055375] integrity: Platform Keyring initialized

[    2.143032] xor: automatically using best checksumming function   xc        

[    2.143098] Key type asymmetric registered

[    2.143161] Asymmetric key parser 'x509' registered

[    2.143448] Block layer SCSI generic (bsg) driver version 0.4 loaded (major 251)

[    2.150726] Freeing initrd memory: 7004K

[    2.152088] io scheduler mq-deadline registered

[    2.152167] io scheduler kyber registered

[    2.152363] io scheduler bfq registered

[    2.171651] atomic64_test: passed

[    2.175560] hvc_iucv: The z/VM IUCV HVC device driver cannot be used without z/VM

[    2.202489] brd: module loaded

[    2.203738] zram: Added device: zram0

[    2.204618] device-mapper: core: CONFIG_IMA_DISABLE_HTABLE is disabled. Duplicate IMA measurements will not be recorded in the IMA log.

[    2.204702] device-mapper: uevent: version 1.0.3

[    2.205522] device-mapper: ioctl: 4.48.0-ioctl (2023-03-01) initialised: dm-devel@redhat.com

[    2.206011] cio: Channel measurement facility initialized using format extended (mode autodetected)

[    2.208046] Discipline DIAG cannot be used without z/VM

[    2.210335] sclp_sd: Store Data request failed (eq=2, di=3, response=0x40f0, flags=0x00, status=0, rc=-5)

[    2.211633] ap: The hardware system does not support AP instructions

[    2.211685] qeth: loading core functions

[    2.212178] qeth: register layer 2 discipline

[    2.212209] qeth: register layer 3 discipline

[    2.213527] NET: Registered PF_INET6 protocol family

[    2.220476] Segment Routing with IPv6

[    2.220542] RPL Segment Routing with IPv6

[    2.220689] In-situ OAM (IOAM) with IPv6

[    2.221206] NET: Registered PF_PACKET protocol family

[    2.221574] bridge: filtering via arp/ip/ip6tables is no longer available by default. Update your scripts to load br_netfilter if you need this.

[    2.222419] Key type dns_resolver registered

[    2.231497] registered taskstats version 1

[    2.232462] Loading compiled-in X.509 certificates

[    2.356239] Loaded X.509 cert 'Build time autogenerated kernel key: deffc975ea5501e975dfe7d57679b10384ead08d'

[    2.368910] Key type .fscrypt registered

[    2.368949] Key type fscrypt-provisioning registered

[    2.373695] Btrfs loaded, zoned=no, fsverity=yes

[    2.375149] ima: No TPM chip found, activating TPM-bypass!

[    2.375292] ima: Allocated hash algorithm: sha256

[    2.376873] ima: No architecture policies found

[    2.378140] alg: No test for crc32be (crc32be-vx)

[    2.744596] Freeing unused kernel image (initmem) memory: 6356K

[    2.760806] Write protected read-only-after-init data: 172k

[    2.777674] Checked W+X mappings: passed, no unexpected W+X pages found

[    2.777791] Run /init as init process

Starting syslogd: OK
Starting klogd: OK
Running sysctl: OK
Saving 256 bits of creditable seed for next boot
Starting network: OK
Linux version 6.5.0-rc5-next-20230809-cbl-00030-g8150cbc757fd (nathan@dev-arch.m3-large-x86-01) (ClangBuiltLinux clang version 16.0.6 (https://github.com/llvm/llvm-project 7cbf1a2591520c2491aa35339f227775f4d3adf6), GNU ld (GNU Binutils) 2.41) #1 SMP Fri Aug 11 23:17:52 UTC 2023
Stopping network: OK
Seeding 256 bits and crediting
Saving 256 bits of creditable seed for next boot
Stopping klogd: OK
Stopping syslogd: OK
umount: devtmpfs busy - remounted read-only
umount: can't unmount /: Invalid argument

The system is going down NOW!

Sent SIGTERM to all processes

Sent SIGKILL to all processes

Requesting system poweroff
$ timeout --foreground 3m stdbuf -eL -oL /usr/sbin/qemu-system-s390x -display none -nodefaults -M s390-ccw-virtio -kernel /home/nathan/tmp/build/cbl_lkt/linux-next/s390/arch/s390/boot/bzImage -initrd /home/nathan/cbl/llvm-kernel-testing/src/boot-utils/images/s390/rootfs.cpio -m 512m -serial mon:stdio
