/home/nathan/cbl/src/linux-next/lib/radix-tree.c:1136:50: warning: parameter 'slot' set but not used [-Wunused-but-set-parameter]
void __rcu **radix_tree_iter_resume(void __rcu **slot,
                                                 ^
1 warning generated.
/home/nathan/cbl/src/linux-next/drivers/tty/hvc/hvc_iucv.c:1100:23: warning: cast from 'void (*)(const void *)' to 'void (*)(struct device *)' converts to incompatible function type [-Wcast-function-type-strict]
        priv->dev->release = (void (*)(struct device *)) kfree;
                             ^~~~~~~~~~~~~~~~~~~~~~~~~~~~~~~~~
1 warning generated.
/home/nathan/cbl/src/linux-next/drivers/block/rbd.c:6149:17: warning: result of comparison of constant 2305843009213693948 with expression of type 'u32' (aka 'unsigned int') is always false [-Wtautological-constant-out-of-range-compare]
        if (snap_count > (SIZE_MAX - sizeof (struct ceph_snap_context))
            ~~~~~~~~~~ ^ ~~~~~~~~~~~~~~~~~~~~~~~~~~~~~~~~~~~~~~~~~~~~~~
1 warning generated.
/home/nathan/cbl/src/linux-next/net/ceph/osdmap.c:1441:10: warning: result of comparison of constant 4611686018427387891 with expression of type 'u32' (aka 'unsigned int') is always false [-Wtautological-constant-out-of-range-compare]
        if (len > (SIZE_MAX - sizeof(*pg)) / sizeof(u32))
            ~~~ ^ ~~~~~~~~~~~~~~~~~~~~~~~~~~~~~~~~~~~~~~
/home/nathan/cbl/src/linux-next/net/ceph/osdmap.c:1624:10: warning: result of comparison of constant 2305843009213693945 with expression of type 'u32' (aka 'unsigned int') is always false [-Wtautological-constant-out-of-range-compare]
        if (len > (SIZE_MAX - sizeof(*pg)) / (2 * sizeof(u32)))
            ~~~ ^ ~~~~~~~~~~~~~~~~~~~~~~~~~~~~~~~~~~~~~~~~~~~~
2 warnings generated.
/home/nathan/cbl/src/linux-next/lib/kunit/test.c:815:38: warning: cast from 'void (*)(const void *)' to 'kunit_action_t *' (aka 'void (*)(void *)') converts to incompatible function type [-Wcast-function-type-strict]
        if (kunit_add_action_or_reset(test, (kunit_action_t *)kfree, data) != 0)
                                            ^~~~~~~~~~~~~~~~~~~~~~~
/home/nathan/cbl/src/linux-next/lib/kunit/test.c:827:29: warning: cast from 'void (*)(const void *)' to 'kunit_action_t *' (aka 'void (*)(void *)') converts to incompatible function type [-Wcast-function-type-strict]
        kunit_release_action(test, (kunit_action_t *)kfree, (void *)ptr);
                                   ^~~~~~~~~~~~~~~~~~~~~~~
2 warnings generated.
/home/nathan/cbl/src/linux-next/drivers/block/drbd/drbd_state.c:1632:3: warning: cast from 'int (*)(struct sk_buff *, unsigned int, struct drbd_resource_state_change *, enum drbd_notification_type)' to 'typeof (last_func)' (aka 'int (*)(struct sk_buff *, unsigned int, void *, enum drbd_notification_type)') converts to incompatible function type [-Wcast-function-type-strict]
                REMEMBER_STATE_CHANGE(notify_resource_state_change,
                ^~~~~~~~~~~~~~~~~~~~~~~~~~~~~~~~~~~~~~~~~~~~~~~~~~~
/home/nathan/cbl/src/linux-next/drivers/block/drbd/drbd_state.c:1619:17: note: expanded from macro 'REMEMBER_STATE_CHANGE'
           last_func = (typeof(last_func))func; \
                       ^~~~~~~~~~~~~~~~~~~~~~~
/home/nathan/cbl/src/linux-next/drivers/block/drbd/drbd_state.c:1641:4: warning: cast from 'int (*)(struct sk_buff *, unsigned int, struct drbd_connection_state_change *, enum drbd_notification_type)' to 'typeof (last_func)' (aka 'int (*)(struct sk_buff *, unsigned int, void *, enum drbd_notification_type)') converts to incompatible function type [-Wcast-function-type-strict]
                        REMEMBER_STATE_CHANGE(notify_connection_state_change,
                        ^~~~~~~~~~~~~~~~~~~~~~~~~~~~~~~~~~~~~~~~~~~~~~~~~~~~~
/home/nathan/cbl/src/linux-next/drivers/block/drbd/drbd_state.c:1619:17: note: expanded from macro 'REMEMBER_STATE_CHANGE'
           last_func = (typeof(last_func))func; \
                       ^~~~~~~~~~~~~~~~~~~~~~~
/home/nathan/cbl/src/linux-next/drivers/block/drbd/drbd_state.c:1650:4: warning: cast from 'int (*)(struct sk_buff *, unsigned int, struct drbd_device_state_change *, enum drbd_notification_type)' to 'typeof (last_func)' (aka 'int (*)(struct sk_buff *, unsigned int, void *, enum drbd_notification_type)') converts to incompatible function type [-Wcast-function-type-strict]
                        REMEMBER_STATE_CHANGE(notify_device_state_change,
                        ^~~~~~~~~~~~~~~~~~~~~~~~~~~~~~~~~~~~~~~~~~~~~~~~~
/home/nathan/cbl/src/linux-next/drivers/block/drbd/drbd_state.c:1619:17: note: expanded from macro 'REMEMBER_STATE_CHANGE'
           last_func = (typeof(last_func))func; \
                       ^~~~~~~~~~~~~~~~~~~~~~~
/home/nathan/cbl/src/linux-next/drivers/block/drbd/drbd_state.c:1664:4: warning: cast from 'int (*)(struct sk_buff *, unsigned int, struct drbd_peer_device_state_change *, enum drbd_notification_type)' to 'typeof (last_func)' (aka 'int (*)(struct sk_buff *, unsigned int, void *, enum drbd_notification_type)') converts to incompatible function type [-Wcast-function-type-strict]
                        REMEMBER_STATE_CHANGE(notify_peer_device_state_change,
                        ^~~~~~~~~~~~~~~~~~~~~~~~~~~~~~~~~~~~~~~~~~~~~~~~~~~~~~
/home/nathan/cbl/src/linux-next/drivers/block/drbd/drbd_state.c:1619:17: note: expanded from macro 'REMEMBER_STATE_CHANGE'
           last_func = (typeof(last_func))func; \
                       ^~~~~~~~~~~~~~~~~~~~~~~
4 warnings generated.
/home/nathan/cbl/src/linux-next/drivers/infiniband/ulp/srpt/ib_srpt.c:1811:5: warning: cast from 'void (*)(struct ib_event *, struct srpt_rdma_ch *)' to 'void (*)(struct ib_event *, void *)' converts to incompatible function type [-Wcast-function-type-strict]
                = (void(*)(struct ib_event *, void*))srpt_qp_event;
                  ^~~~~~~~~~~~~~~~~~~~~~~~~~~~~~~~~~~~~~~~~~~~~~~~
1 warning generated.
/home/nathan/cbl/src/linux-next/drivers/s390/char/vmlogrdr.c:748:18: warning: cast from 'void (*)(const void *)' to 'void (*)(struct device *)' converts to incompatible function type [-Wcast-function-type-strict]
                dev->release = (void (*)(struct device *))kfree;
                               ^~~~~~~~~~~~~~~~~~~~~~~~~~~~~~~~
1 warning generated.
/home/nathan/cbl/src/linux-next/drivers/s390/net/smsgiucv_app.c:176:26: warning: cast from 'void (*)(const void *)' to 'void (*)(struct device *)' converts to incompatible function type [-Wcast-function-type-strict]
        smsg_app_dev->release = (void (*)(struct device *)) kfree;
                                ^~~~~~~~~~~~~~~~~~~~~~~~~~~~~~~~~
1 warning generated.
/home/nathan/cbl/src/linux-next/fs/ceph/snap.c:372:10: warning: result of comparison of constant 2305843009213693948 with expression of type 'u32' (aka 'unsigned int') is always false [-Wtautological-constant-out-of-range-compare]
        if (num > (SIZE_MAX - sizeof(*snapc)) / sizeof(u64))
            ~~~ ^ ~~~~~~~~~~~~~~~~~~~~~~~~~~~~~~~~~~~~~~~~~
1 warning generated.
/home/nathan/cbl/src/linux-next/drivers/md/dm-integrity.c:4159:12: warning: result of comparison of constant 42949672950 with expression of type 'unsigned int' is always false [-Wtautological-constant-out-of-range-compare]
                        if (val >= (uint64_t)UINT_MAX * 1000 / HZ) {
                            ~~~ ^  ~~~~~~~~~~~~~~~~~~~~~~~~~~~~~~
1 warning generated.

[01;32mQEMU location: [0m/usr/sbin[0m

[01;32mQEMU version: [0mQEMU emulator version 8.0.3[0m
KASLR disabled: CPU has no PRNG
KASLR disabled: CPU has no PRNG
[    0.551661] Linux version 6.5.0-rc5-next-20230809-cbl (nathan@dev-arch.m3-large-x86-01) (ClangBuiltLinux clang version 16.0.6 (https://github.com/llvm/llvm-project 7cbf1a2591520c2491aa35339f227775f4d3adf6), GNU ld (GNU Binutils) 2.41) #1 SMP Fri Aug 11 23:29:48 UTC 2023

[    0.553209] setup: Linux is running under KVM in 64-bit mode

[    0.566551] setup: The maximum memory size is 512MB

[    0.567077] setup: Relocating AMODE31 section of size 0x00003000

[    0.569578] cpu: 1 configured CPUs, 0 standby CPUs

[    1.075420] Write protected kernel read-only data: 26144k

[    1.086546] Zone ranges:

[    1.086563]   DMA      [mem 0x0000000000000000-0x000000007fffffff]

[    1.087283]   Normal   empty

[    1.087310] Movable zone start for each node

[    1.087336] Early memory node ranges

[    1.087361]   node   0: [mem 0x0000000000000000-0x000000001fffffff]

[    1.087742] Initmem setup node 0 [mem 0x0000000000000000-0x000000001fffffff]

[    1.110109] percpu: Embedded 31 pages/cpu s87936 r8192 d30848 u126976

[    1.112129] Kernel command line: 

[    1.113621] random: crng init done

[    1.114060] Dentry cache hash table entries: 65536 (order: 7, 524288 bytes, linear)

[    1.114231] Inode-cache hash table entries: 32768 (order: 6, 262144 bytes, linear)

[    1.115291] Fallback order for Node 0: 0 

[    1.115635] Built 1 zonelists, mobility grouping on.  Total pages: 129024

[    1.115672] Policy zone: DMA

[    1.116795] mem auto-init: stack:all(zero), heap alloc:off, heap free:off

[    1.122043] Memory: 468592K/524288K available (17564K kernel code, 2792K rwdata, 8580K rodata, 5928K init, 840K bss, 55696K reserved, 0K cma-reserved)

[    1.129228] SLUB: HWalign=256, Order=0-3, MinObjects=0, CPUs=1, Nodes=1

[    1.130112] ftrace: allocating 37369 entries in 146 pages

[    1.213883] ftrace: allocated 146 pages with 3 groups

[    1.224143] rcu: Hierarchical RCU implementation.

[    1.224200] rcu: 	RCU restricting CPUs from NR_CPUS=512 to nr_cpu_ids=1.

[    1.224327] 	Rude variant of Tasks RCU enabled.

[    1.224339] 	Tracing variant of Tasks RCU enabled.

[    1.224410] rcu: RCU calculated value of scheduler-enlistment delay is 10 jiffies.

[    1.224434] rcu: Adjusting geometry for rcu_fanout_leaf=16, nr_cpu_ids=1

[    1.263528] NR_IRQS: 3, nr_irqs: 3, preallocated irqs: 3

[    1.265819] rcu: srcu_init: Setting srcu_struct sizes based on contention.

[    1.267017] clocksource: tod: mask: 0xffffffffffffffff max_cycles: 0x3b0a9be803b0a9, max_idle_ns: 1805497147909793 ns

[    1.269474] kfence: initialized - using 2097152 bytes for 255 objects at 0x(____ptrval____)-0x(____ptrval____)

[    1.272838] Console: colour dummy device 80x25

[    1.281739] printk: console [ttysclp0] enabled

[    1.284765] pid_max: default: 32768 minimum: 301

[    1.286486] LSM: initializing lsm=lockdown,capability,yama,selinux,bpf,landlock,integrity

[    1.287037] Yama: becoming mindful.

[    1.287340] SELinux:  Initializing.

[    1.288015] LSM support for eBPF active

[    1.288067] landlock: Up and running.

[    1.289277] Mount-cache hash table entries: 1024 (order: 1, 8192 bytes, linear)

[    1.289329] Mountpoint-cache hash table entries: 1024 (order: 1, 8192 bytes, linear)

[    1.328838] RCU Tasks Rude: Setting shift to 0 and lim to 1 rcu_task_cb_adjust=1.

[    1.329475] RCU Tasks Trace: Setting shift to 0 and lim to 1 rcu_task_cb_adjust=1.

[    1.331896] rcu: Hierarchical SRCU implementation.

[    1.331941] rcu: 	Max phase no-delay instances is 1000.

[    1.336243] smp: Bringing up secondary CPUs ...

[    1.337005] smp: Brought up 1 node, 1 CPU

[    1.352189] devtmpfs: initialized

[    1.359240] clocksource: jiffies: mask: 0xffffffff max_cycles: 0xffffffff, max_idle_ns: 19112604462750000 ns

[    1.359415] futex hash table entries: 256 (order: 4, 65536 bytes, linear)

[    1.375869] NET: Registered PF_NETLINK/PF_ROUTE protocol family

[    1.378875] audit: initializing netlink subsys (disabled)

[    1.381194] audit: type=2000 audit(1691796622.215:1): state=initialized audit_enabled=0 res=1

[    1.452283] raid6: skipped pq benchmark and selected vx128x8

[    1.452337] raid6: using s390xc recovery algorithm

[    1.454210] iommu: Default domain type: Translated

[    1.454257] iommu: DMA domain TLB invalidation policy: lazy mode

[    1.456010] SCSI subsystem initialized

[    1.457607] pps_core: LinuxPPS API ver. 1 registered

[    1.457632] pps_core: Software ver. 5.3.6 - Copyright 2005-2007 Rodolfo Giometti <giometti@linux.it>

[    1.457709] PTP clock support registered

[    1.503261] NetLabel: Initializing

[    1.503292] NetLabel:  domain hash size = 128

[    1.503306] NetLabel:  protocols = UNLABELED CIPSOv4 CALIPSO

[    1.503996] NetLabel:  unlabeled traffic allowed by default

[    1.504078] mctp: management component transport protocol core

[    1.504096] NET: Registered PF_MCTP protocol family

[    1.511834] VFS: Disk quotas dquot_6.6.0

[    1.511968] VFS: Dquot-cache hash table entries: 512 (order 0, 4096 bytes)

[    1.513459] hugetlbfs: disabling because there are no supported hugepage sizes

[    1.561640] NET: Registered PF_INET protocol family

[    1.562612] IP idents hash table entries: 8192 (order: 4, 65536 bytes, linear)

[    1.569815] tcp_listen_portaddr_hash hash table entries: 256 (order: 0, 4096 bytes, linear)

[    1.569901] Table-perturb hash table entries: 65536 (order: 6, 262144 bytes, linear)

[    1.570007] TCP established hash table entries: 4096 (order: 3, 32768 bytes, linear)

[    1.570194] TCP bind hash table entries: 4096 (order: 5, 131072 bytes, linear)

[    1.570500] TCP: Hash tables configured (established 4096 bind 4096)

[    1.572066] MPTCP token hash table entries: 512 (order: 1, 12288 bytes, linear)

[    1.572315] UDP hash table entries: 256 (order: 1, 8192 bytes, linear)

[    1.572545] UDP-Lite hash table entries: 256 (order: 1, 8192 bytes, linear)

[    1.573810] NET: Registered PF_UNIX/PF_LOCAL protocol family

[    1.574209] NET: Registered PF_XDP protocol family

[    1.577726] hypfs: The hardware system does not support hypfs

[    1.582693] Trying to unpack rootfs image as initramfs...

[    1.592885] Initialise system trusted keyrings

[    1.594493] Key type blacklist registered

[    1.595664] workingset: timestamp_bits=45 max_order=17 bucket_order=0

[    1.595884] zbud: loaded

[    1.606804] integrity: Platform Keyring initialized

[    1.717455] Freeing initrd memory: 7004K

[    1.718160] NET: Registered PF_ALG protocol family

[    1.718348] xor: automatically using best checksumming function   xc        

[    1.718382] Key type asymmetric registered

[    1.718444] Asymmetric key parser 'x509' registered

[    1.743640] Block layer SCSI generic (bsg) driver version 0.4 loaded (major 246)

[    1.744463] io scheduler mq-deadline registered

[    1.744542] io scheduler kyber registered

[    1.744733] io scheduler bfq registered

[    1.770455] atomic64_test: passed

[    1.774759] hvc_iucv: The z/VM IUCV HVC device driver cannot be used without z/VM

[    1.779971] device-mapper: core: CONFIG_IMA_DISABLE_HTABLE is disabled. Duplicate IMA measurements will not be recorded in the IMA log.

[    1.780070] device-mapper: uevent: version 1.0.3

[    1.781059] device-mapper: ioctl: 4.48.0-ioctl (2023-03-01) initialised: dm-devel@redhat.com

[    1.782954] cio: Channel measurement facility initialized using format extended (mode autodetected)

[    1.784472] sclp_sd: Store Data request failed (eq=2, di=3, response=0x40f0, flags=0x00, status=0, rc=-5)

[    1.785635] ap: The hardware system does not support AP instructions

[    1.785984] drop_monitor: Initializing network drop monitor service

[    1.838340] Initializing XFRM netlink socket

[    1.838865] NET: Registered PF_INET6 protocol family

[    1.854083] Segment Routing with IPv6

[    1.854150] RPL Segment Routing with IPv6

[    1.854371] In-situ OAM (IOAM) with IPv6

[    1.854859] mip6: Mobile IPv6

[    1.855082] NET: Registered PF_PACKET protocol family

[    1.868842] registered taskstats version 1

[    1.871531] Loading compiled-in X.509 certificates

[    1.927992] Loaded X.509 cert 'Build time autogenerated kernel key: f4425bf61fdc080e3d5355bdf921d02aee463406'

[    1.946627] page_owner is disabled

[    1.947385] Key type .fscrypt registered

[    1.947422] Key type fscrypt-provisioning registered

[    1.953173] Btrfs loaded, zoned=yes, fsverity=yes

[    1.954110] Key type big_key registered

[    1.965292] Key type encrypted registered

[    1.965780] ima: No TPM chip found, activating TPM-bypass!

[    1.965856] Loading compiled-in module X.509 certificates

[    1.968302] Loaded X.509 cert 'Build time autogenerated kernel key: f4425bf61fdc080e3d5355bdf921d02aee463406'

[    1.968380] ima: Allocated hash algorithm: sha256

[    1.970093] ima: No architecture policies found

[    1.971064] evm: Initialising EVM extended attributes:

[    1.971102] evm: security.selinux

[    1.971139] evm: security.SMACK64 (disabled)

[    1.971149] evm: security.SMACK64EXEC (disabled)

[    1.971158] evm: security.SMACK64TRANSMUTE (disabled)

[    1.971168] evm: security.SMACK64MMAP (disabled)

[    1.971176] evm: security.apparmor (disabled)

[    1.971185] evm: security.ima

[    1.971194] evm: security.capability

[    1.971217] evm: HMAC attrs: 0x1

[    2.127538] alg: No test for 842 (842-scomp)

[    2.127975] alg: No test for 842 (842-generic)

[    2.719274] clk: Disabling unused clocks

[    2.733569] Freeing unused kernel image (initmem) memory: 5928K

[    2.761113] Write protected read-only-after-init data: 184k

[    2.781478] Checked W+X mappings: passed, no unexpected W+X pages found

[    2.781784] Run /init as init process

Starting syslogd: OK
Starting klogd: OK
Running sysctl: OK
Saving 256 bits of creditable seed for next boot
Starting network: OK
Linux version 6.5.0-rc5-next-20230809-cbl (nathan@dev-arch.m3-large-x86-01) (ClangBuiltLinux clang version 16.0.6 (https://github.com/llvm/llvm-project 7cbf1a2591520c2491aa35339f227775f4d3adf6), GNU ld (GNU Binutils) 2.41) #1 SMP Fri Aug 11 23:29:48 UTC 2023
Stopping network: OK
Seeding 256 bits and crediting
Saving 256 bits of creditable seed for next boot
Stopping klogd: OK
Stopping syslogd: OK
umount: devtmpfs busy - remounted read-only
umount: can't unmount /: Invalid argument

The system is going down NOW!

Sent SIGTERM to all processes

Sent SIGKILL to all processes

Requesting system poweroff
$ timeout --foreground 3m stdbuf -eL -oL /usr/sbin/qemu-system-s390x -display none -nodefaults -M s390-ccw-virtio -kernel /home/nathan/tmp/build/cbl_lkt/linux-next/s390/arch/s390/boot/bzImage -initrd /home/nathan/cbl/llvm-kernel-testing/src/boot-utils/images/s390/rootfs.cpio -m 512m -serial mon:stdio
