/home/nathan/cbl/src/linux-next/drivers/bus/mhi/host/main.c:803:13: warning: parameter 'event_quota' set but not used [-Wunused-but-set-parameter]
                             u32 event_quota)
                                 ^
1 warning generated.
/home/nathan/cbl/src/linux-next/lib/radix-tree.c:1136:50: warning: parameter 'slot' set but not used [-Wunused-but-set-parameter]
void __rcu **radix_tree_iter_resume(void __rcu **slot,
                                                 ^
1 warning generated.
/home/nathan/cbl/src/linux-next/drivers/tty/hvc/hvc_iucv.c:1100:23: warning: cast from 'void (*)(const void *)' to 'void (*)(struct device *)' converts to incompatible function type [-Wcast-function-type-strict]
        priv->dev->release = (void (*)(struct device *)) kfree;
                             ^~~~~~~~~~~~~~~~~~~~~~~~~~~~~~~~~
1 warning generated.
/home/nathan/cbl/src/linux-next/drivers/block/rbd.c:6149:17: warning: result of comparison of constant 2305843009213693948 with expression of type 'u32' (aka 'unsigned int') is always false [-Wtautological-constant-out-of-range-compare]
        if (snap_count > (SIZE_MAX - sizeof (struct ceph_snap_context))
            ~~~~~~~~~~ ^ ~~~~~~~~~~~~~~~~~~~~~~~~~~~~~~~~~~~~~~~~~~~~~~
1 warning generated.
/home/nathan/cbl/src/linux-next/drivers/block/drbd/drbd_state.c:1632:3: warning: cast from 'int (*)(struct sk_buff *, unsigned int, struct drbd_resource_state_change *, enum drbd_notification_type)' to 'typeof (last_func)' (aka 'int (*)(struct sk_buff *, unsigned int, void *, enum drbd_notification_type)') converts to incompatible function type [-Wcast-function-type-strict]
                REMEMBER_STATE_CHANGE(notify_resource_state_change,
                ^~~~~~~~~~~~~~~~~~~~~~~~~~~~~~~~~~~~~~~~~~~~~~~~~~~
/home/nathan/cbl/src/linux-next/drivers/block/drbd/drbd_state.c:1619:17: note: expanded from macro 'REMEMBER_STATE_CHANGE'
           last_func = (typeof(last_func))func; \
                       ^~~~~~~~~~~~~~~~~~~~~~~
/home/nathan/cbl/src/linux-next/drivers/block/drbd/drbd_state.c:1641:4: warning: cast from 'int (*)(struct sk_buff *, unsigned int, struct drbd_connection_state_change *, enum drbd_notification_type)' to 'typeof (last_func)' (aka 'int (*)(struct sk_buff *, unsigned int, void *, enum drbd_notification_type)') converts to incompatible function type [-Wcast-function-type-strict]
                        REMEMBER_STATE_CHANGE(notify_connection_state_change,
                        ^~~~~~~~~~~~~~~~~~~~~~~~~~~~~~~~~~~~~~~~~~~~~~~~~~~~~
/home/nathan/cbl/src/linux-next/drivers/block/drbd/drbd_state.c:1619:17: note: expanded from macro 'REMEMBER_STATE_CHANGE'
           last_func = (typeof(last_func))func; \
                       ^~~~~~~~~~~~~~~~~~~~~~~
/home/nathan/cbl/src/linux-next/drivers/block/drbd/drbd_state.c:1650:4: warning: cast from 'int (*)(struct sk_buff *, unsigned int, struct drbd_device_state_change *, enum drbd_notification_type)' to 'typeof (last_func)' (aka 'int (*)(struct sk_buff *, unsigned int, void *, enum drbd_notification_type)') converts to incompatible function type [-Wcast-function-type-strict]
                        REMEMBER_STATE_CHANGE(notify_device_state_change,
                        ^~~~~~~~~~~~~~~~~~~~~~~~~~~~~~~~~~~~~~~~~~~~~~~~~
/home/nathan/cbl/src/linux-next/drivers/block/drbd/drbd_state.c:1619:17: note: expanded from macro 'REMEMBER_STATE_CHANGE'
           last_func = (typeof(last_func))func; \
                       ^~~~~~~~~~~~~~~~~~~~~~~
/home/nathan/cbl/src/linux-next/drivers/block/drbd/drbd_state.c:1664:4: warning: cast from 'int (*)(struct sk_buff *, unsigned int, struct drbd_peer_device_state_change *, enum drbd_notification_type)' to 'typeof (last_func)' (aka 'int (*)(struct sk_buff *, unsigned int, void *, enum drbd_notification_type)') converts to incompatible function type [-Wcast-function-type-strict]
                        REMEMBER_STATE_CHANGE(notify_peer_device_state_change,
                        ^~~~~~~~~~~~~~~~~~~~~~~~~~~~~~~~~~~~~~~~~~~~~~~~~~~~~~
/home/nathan/cbl/src/linux-next/drivers/block/drbd/drbd_state.c:1619:17: note: expanded from macro 'REMEMBER_STATE_CHANGE'
           last_func = (typeof(last_func))func; \
                       ^~~~~~~~~~~~~~~~~~~~~~~
4 warnings generated.
/home/nathan/cbl/src/linux-next/net/ceph/osdmap.c:1441:10: warning: result of comparison of constant 4611686018427387891 with expression of type 'u32' (aka 'unsigned int') is always false [-Wtautological-constant-out-of-range-compare]
        if (len > (SIZE_MAX - sizeof(*pg)) / sizeof(u32))
            ~~~ ^ ~~~~~~~~~~~~~~~~~~~~~~~~~~~~~~~~~~~~~~
/home/nathan/cbl/src/linux-next/net/ceph/osdmap.c:1624:10: warning: result of comparison of constant 2305843009213693945 with expression of type 'u32' (aka 'unsigned int') is always false [-Wtautological-constant-out-of-range-compare]
        if (len > (SIZE_MAX - sizeof(*pg)) / (2 * sizeof(u32)))
            ~~~ ^ ~~~~~~~~~~~~~~~~~~~~~~~~~~~~~~~~~~~~~~~~~~~~
2 warnings generated.
/home/nathan/cbl/src/linux-next/drivers/s390/net/netiucv.c:1716:18: warning: cast from 'void (*)(const void *)' to 'void (*)(struct device *)' converts to incompatible function type [-Wcast-function-type-strict]
                dev->release = (void (*)(struct device *))kfree;
                               ^~~~~~~~~~~~~~~~~~~~~~~~~~~~~~~~
/home/nathan/cbl/src/linux-next/drivers/s390/net/smsgiucv_app.c:176:26: warning: cast from 'void (*)(const void *)' to 'void (*)(struct device *)' converts to incompatible function type [-Wcast-function-type-strict]
        smsg_app_dev->release = (void (*)(struct device *)) kfree;
                                ^~~~~~~~~~~~~~~~~~~~~~~~~~~~~~~~~
1 warning generated.
1 warning generated.
/home/nathan/cbl/src/linux-next/drivers/s390/char/vmlogrdr.c:748:18: warning: cast from 'void (*)(const void *)' to 'void (*)(struct device *)' converts to incompatible function type [-Wcast-function-type-strict]
                dev->release = (void (*)(struct device *))kfree;
                               ^~~~~~~~~~~~~~~~~~~~~~~~~~~~~~~~
1 warning generated.
/home/nathan/cbl/src/linux-next/drivers/md/dm-integrity.c:4159:12: warning: result of comparison of constant 14316557650 with expression of type 'unsigned int' is always false [-Wtautological-constant-out-of-range-compare]
                        if (val >= (uint64_t)UINT_MAX * 1000 / HZ) {
                            ~~~ ^  ~~~~~~~~~~~~~~~~~~~~~~~~~~~~~~
1 warning generated.
/home/nathan/cbl/src/linux-next/fs/ceph/snap.c:372:10: warning: result of comparison of constant 2305843009213693948 with expression of type 'u32' (aka 'unsigned int') is always false [-Wtautological-constant-out-of-range-compare]
        if (num > (SIZE_MAX - sizeof(*snapc)) / sizeof(u64))
            ~~~ ^ ~~~~~~~~~~~~~~~~~~~~~~~~~~~~~~~~~~~~~~~~~
1 warning generated.

[01;32mQEMU location: [0m/usr/sbin[0m

[01;32mQEMU version: [0mQEMU emulator version 8.0.3[0m
KASLR disabled: CPU has no PRNG
KASLR disabled: CPU has no PRNG
[    0.429152][    T0] Linux version 6.5.0-rc5-next-20230809-default-cbl (nathan@dev-arch.m3-large-x86-01) (ClangBuiltLinux clang version 16.0.6 (https://github.com/llvm/llvm-project 7cbf1a2591520c2491aa35339f227775f4d3adf6), GNU ld (GNU Binutils) 2.41) #1 SMP Fri Aug 11 23:32:23 UTC 2023

[    0.430727][    T0] setup: Linux is running under KVM in 64-bit mode

[    0.442218][    T0] setup: The maximum memory size is 512MB

[    0.442729][    T0] setup: Relocating AMODE31 section of size 0x00003000

[    0.445215][    T0] cpu: 1 configured CPUs, 0 standby CPUs

[    0.953136][    T0] Write protected kernel read-only data: 20616k

[    0.964149][    T0] Zone ranges:

[    0.964164][    T0]   DMA      [mem 0x0000000000000000-0x000000007fffffff]

[    0.964895][    T0]   Normal   empty

[    0.964929][    T0] Movable zone start for each node

[    0.964955][    T0] Early memory node ranges

[    0.964980][    T0]   node   0: [mem 0x0000000000000000-0x000000001fffffff]

[    0.965371][    T0] Initmem setup node 0 [mem 0x0000000000000000-0x000000001fffffff]

[    0.986372][    T0] percpu: Embedded 31 pages/cpu s88192 r8192 d30592 u126976

[    0.988358][    T0] Kernel command line: 

[    0.989703][    T0] random: crng init done

[    0.990133][    T0] Dentry cache hash table entries: 65536 (order: 7, 524288 bytes, linear)

[    0.990306][    T0] Inode-cache hash table entries: 32768 (order: 6, 262144 bytes, linear)

[    0.991389][    T0] Fallback order for Node 0: 0 

[    0.991766][    T0] Built 1 zonelists, mobility grouping on.  Total pages: 129024

[    0.991802][    T0] Policy zone: DMA

[    0.992110][    T0] mem auto-init: stack:off, heap alloc:off, heap free:off

[    0.997317][    T0] Memory: 477924K/524288K available (13800K kernel code, 2468K rwdata, 6816K rodata, 4732K init, 896K bss, 46364K reserved, 0K cma-reserved)

[    1.004343][    T0] SLUB: HWalign=256, Order=0-3, MinObjects=0, CPUs=1, Nodes=1

[    1.005310][    T0] ftrace: allocating 29779 entries in 117 pages

[    1.083742][    T0] ftrace: allocated 117 pages with 5 groups

[    1.093194][    T0] rcu: Hierarchical RCU implementation.

[    1.093221][    T0] rcu: 	RCU event tracing is enabled.

[    1.093246][    T0] rcu: 	RCU restricting CPUs from NR_CPUS=512 to nr_cpu_ids=1.

[    1.093377][    T0] 	Rude variant of Tasks RCU enabled.

[    1.093390][    T0] 	Tracing variant of Tasks RCU enabled.

[    1.093485][    T0] rcu: RCU calculated value of scheduler-enlistment delay is 30 jiffies.

[    1.093515][    T0] rcu: Adjusting geometry for rcu_fanout_leaf=16, nr_cpu_ids=1

[    1.128124][    T0] NR_IRQS: 3, nr_irqs: 3, preallocated irqs: 3

[    1.130574][    T0] rcu: srcu_init: Setting srcu_struct sizes based on contention.

[    1.131783][    T0] clocksource: tod: mask: 0xffffffffffffffff max_cycles: 0x3b0a9be803b0a9, max_idle_ns: 1805497147909793 ns

[    1.141636][    T0] Console: colour dummy device 80x25

[    1.145429][    T0] printk: console [ttysclp0] enabled

[    1.148690][    T0] pid_max: default: 32768 minimum: 301

[    1.150495][    T0] LSM: initializing lsm=lockdown,capability,landlock,yama,apparmor,tomoyo,bpf,integrity

[    1.150990][    T0] landlock: Up and running.

[    1.151018][    T0] Yama: becoming mindful.

[    1.153404][    T0] AppArmor: AppArmor initialized

[    1.153476][    T0] TOMOYO Linux initialized

[    1.154135][    T0] LSM support for eBPF active

[    1.155355][    T0] Mount-cache hash table entries: 1024 (order: 1, 8192 bytes, linear)

[    1.155403][    T0] Mountpoint-cache hash table entries: 1024 (order: 1, 8192 bytes, linear)

[    1.192375][    T1] RCU Tasks Rude: Setting shift to 0 and lim to 1 rcu_task_cb_adjust=1.

[    1.192760][    T1] RCU Tasks Trace: Setting shift to 0 and lim to 1 rcu_task_cb_adjust=1.

[    1.194964][    T1] rcu: Hierarchical SRCU implementation.

[    1.195013][    T1] rcu: 	Max phase no-delay instances is 1000.

[    1.199801][    T1] smp: Bringing up secondary CPUs ...

[    1.200690][    T1] smp: Brought up 1 node, 1 CPU

[    1.215434][    T1] devtmpfs: initialized

[    1.222913][    T1] clocksource: jiffies: mask: 0xffffffff max_cycles: 0xffffffff, max_idle_ns: 6370867519511994 ns

[    1.223072][    T1] futex hash table entries: 256 (order: 4, 65536 bytes, linear)

[    1.239213][    T1] NET: Registered PF_NETLINK/PF_ROUTE protocol family

[    1.242206][    T1] audit: initializing netlink subsys (disabled)

[    1.247249][   T22] audit: type=2000 audit(1691796774.186:1): state=initialized audit_enabled=0 res=1

[    1.290040][    T1] iommu: Default domain type: Translated

[    1.290100][    T1] iommu: DMA domain TLB invalidation policy: strict mode

[    1.304101][    T1] NetLabel: Initializing

[    1.304135][    T1] NetLabel:  domain hash size = 128

[    1.304152][    T1] NetLabel:  protocols = UNLABELED CIPSOv4 CALIPSO

[    1.304838][    T1] NetLabel:  unlabeled traffic allowed by default

[    1.304928][    T1] mctp: management component transport protocol core

[    1.304949][    T1] NET: Registered PF_MCTP protocol family

[    1.312162][    T1] VFS: Disk quotas dquot_6.6.0

[    1.312310][    T1] VFS: Dquot-cache hash table entries: 512 (order 0, 4096 bytes)

[    1.317170][    T1] hugetlbfs: disabling because there are no supported hugepage sizes

[    1.319766][    T1] AppArmor: AppArmor Filesystem Enabled

[    1.358289][    T1] NET: Registered PF_INET protocol family

[    1.359280][    T1] IP idents hash table entries: 8192 (order: 4, 65536 bytes, linear)

[    1.366058][    T1] tcp_listen_portaddr_hash hash table entries: 256 (order: 0, 4096 bytes, linear)

[    1.366151][    T1] Table-perturb hash table entries: 65536 (order: 6, 262144 bytes, linear)

[    1.366226][    T1] TCP established hash table entries: 4096 (order: 3, 32768 bytes, linear)

[    1.366417][    T1] TCP bind hash table entries: 4096 (order: 5, 131072 bytes, linear)

[    1.366619][    T1] TCP: Hash tables configured (established 4096 bind 4096)

[    1.368187][    T1] MPTCP token hash table entries: 512 (order: 1, 12288 bytes, linear)

[    1.368435][    T1] UDP hash table entries: 256 (order: 1, 8192 bytes, linear)

[    1.368674][    T1] UDP-Lite hash table entries: 256 (order: 1, 8192 bytes, linear)

[    1.369916][    T1] NET: Registered PF_UNIX/PF_LOCAL protocol family

[    1.370378][    T1] NET: Registered PF_XDP protocol family

[    1.370720][    T1] PCI: CLS 0 bytes, default 256

[    1.373459][    T1] hypfs: The hardware system does not support hypfs

[    1.379871][   T11] Trying to unpack rootfs image as initramfs...

[    1.383192][    T1] Initialise system trusted keyrings

[    1.388424][    T1] Key type blacklist registered

[    1.389597][    T1] workingset: timestamp_bits=45 max_order=17 bucket_order=0

[    1.389793][    T1] zbud: loaded

[    1.397510][    T1] integrity: Platform Keyring initialized

[    1.504664][   T11] Freeing initrd memory: 7004K

[    1.505517][    T1] Key type asymmetric registered

[    1.505597][    T1] Asymmetric key parser 'x509' registered

[    1.531015][    T1] Block layer SCSI generic (bsg) driver version 0.4 loaded (major 250)

[    1.531797][    T1] io scheduler mq-deadline registered

[    1.531879][    T1] io scheduler kyber registered

[    1.532065][    T1] io scheduler bfq registered

[    1.546275][    T1] shpchp: Standard Hot Plug PCI Controller Driver version: 0.4

[    1.547284][    T1] hvc_iucv: The z/VM IUCV HVC device driver cannot be used without z/VM

[    1.549710][    T1] mousedev: PS/2 mouse device common for all mice

[    1.550622][    T1] cio: Channel measurement facility initialized using format extended (mode autodetected)

[    1.552328][   T11] sclp_sd: Store Data request failed (eq=2, di=3, response=0x40f0, flags=0x00, status=0, rc=-5)

[    1.553223][    T1] ap: The hardware system does not support AP instructions

[    1.553776][    T1] drop_monitor: Initializing network drop monitor service

[    1.597894][    T1] NET: Registered PF_INET6 protocol family

[    1.610928][    T1] Segment Routing with IPv6

[    1.611005][    T1] RPL Segment Routing with IPv6

[    1.611194][    T1] In-situ OAM (IOAM) with IPv6

[    1.622705][    T1] registered taskstats version 1

[    1.627299][    T1] Loading compiled-in X.509 certificates

[    1.745232][    T1] Loaded X.509 cert 'Build time autogenerated kernel key: 16e82edd9535e411a7d0817b7187214f2d2549c8'

[    1.757709][    T1] page_owner is disabled

[    1.758418][    T1] Key type .fscrypt registered

[    1.758461][    T1] Key type fscrypt-provisioning registered

[    1.771957][    T1] Key type encrypted registered

[    1.772056][    T1] AppArmor: AppArmor sha1 policy hashing enabled

[    1.772402][    T1] ima: No TPM chip found, activating TPM-bypass!

[    1.772482][    T1] Loading compiled-in module X.509 certificates

[    1.776378][    T1] Loaded X.509 cert 'Build time autogenerated kernel key: 16e82edd9535e411a7d0817b7187214f2d2549c8'

[    1.776489][    T1] ima: Allocated hash algorithm: sha256

[    1.778259][    T1] ima: No architecture policies found

[    1.778709][    T1] evm: Initialising EVM extended attributes:

[    1.778738][    T1] evm: security.selinux

[    1.778773][    T1] evm: security.SMACK64 (disabled)

[    1.778786][    T1] evm: security.SMACK64EXEC (disabled)

[    1.778797][    T1] evm: security.SMACK64TRANSMUTE (disabled)

[    1.778808][    T1] evm: security.SMACK64MMAP (disabled)

[    1.778819][    T1] evm: security.apparmor

[    1.778829][    T1] evm: security.ima

[    1.778840][    T1] evm: security.capability

[    1.778865][    T1] evm: HMAC attrs: 0x1

[    2.607566][    T1] clk: Disabling unused clocks

[    2.620359][    T1] Freeing unused kernel image (initmem) memory: 4732K

[    2.624419][    T1] Write protected read-only-after-init data: 156k

[    2.624570][    T1] Run /init as init process

[    2.815703][    T1] Not activating Mandatory Access Control as /sbin/tomoyo-init does not exist.

Starting syslogd: OK
Starting klogd: OK
Running sysctl: OK
Saving 256 bits of creditable seed for next boot
Starting network: OK
Linux version 6.5.0-rc5-next-20230809-default-cbl (nathan@dev-arch.m3-large-x86-01) (ClangBuiltLinux clang version 16.0.6 (https://github.com/llvm/llvm-project 7cbf1a2591520c2491aa35339f227775f4d3adf6), GNU ld (GNU Binutils) 2.41) #1 SMP Fri Aug 11 23:32:23 UTC 2023
Stopping network: OK
Seeding 256 bits and crediting
Saving 256 bits of creditable seed for next boot
Stopping klogd: OK
Stopping syslogd: OK
umount: devtmpfs busy - remounted read-only
umount: can't unmount /: Invalid argument

The system is going down NOW!

Sent SIGTERM to all processes

Sent SIGKILL to all processes

Requesting system poweroff
$ timeout --foreground 3m stdbuf -eL -oL /usr/sbin/qemu-system-s390x -display none -nodefaults -M s390-ccw-virtio -kernel /home/nathan/tmp/build/cbl_lkt/linux-next/s390/arch/s390/boot/bzImage -initrd /home/nathan/cbl/llvm-kernel-testing/src/boot-utils/images/s390/rootfs.cpio -m 512m -serial mon:stdio
