/home/nathan/cbl/src/linux-next/drivers/bus/mhi/host/main.c:803:13: warning: parameter 'event_quota' set but not used [-Wunused-but-set-parameter]
                             u32 event_quota)
                                 ^
1 warning generated.
/home/nathan/cbl/src/linux-next/lib/radix-tree.c:1136:50: warning: parameter 'slot' set but not used [-Wunused-but-set-parameter]
void __rcu **radix_tree_iter_resume(void __rcu **slot,
                                                 ^
1 warning generated.
/home/nathan/cbl/src/linux-next/sound/core/seq/seq_midi.c:135:30: warning: cast from 'int (*)(struct snd_rawmidi_substream *, const char *, int)' to 'snd_seq_dump_func_t' (aka 'int (*)(void *, void *, int)') converts to incompatible function type [-Wcast-function-type-strict]
                snd_seq_dump_var_event(ev, (snd_seq_dump_func_t)dump_midi, substream);
                                           ^~~~~~~~~~~~~~~~~~~~~~~~~~~~~~
1 warning generated.
/home/nathan/cbl/src/linux-next/sound/core/seq/seq_virmidi.c:83:31: warning: cast from 'int (*)(struct snd_rawmidi_substream *, const unsigned char *, int)' to 'snd_seq_dump_func_t' (aka 'int (*)(void *, void *, int)') converts to incompatible function type [-Wcast-function-type-strict]
                        snd_seq_dump_var_event(ev, (snd_seq_dump_func_t)snd_rawmidi_receive, vmidi->substream);
                                                   ^~~~~~~~~~~~~~~~~~~~~~~~~~~~~~~~~~~~~~~~
1 warning generated.
/home/nathan/cbl/src/linux-next/sound/pci/ctxfi/ctatc.c:115:25: warning: cast from 'int (*)(struct hw *, struct src_mgr **)' to 'create_t' (aka 'int (*)(struct hw *, void **)') converts to incompatible function type [-Wcast-function-type-strict]
        [SRC]           = { .create     = (create_t)src_mgr_create,
                                          ^~~~~~~~~~~~~~~~~~~~~~~~
/home/nathan/cbl/src/linux-next/sound/pci/ctxfi/ctatc.c:116:20: warning: cast from 'int (*)(struct src_mgr *)' to 'destroy_t' (aka 'int (*)(void *)') converts to incompatible function type [-Wcast-function-type-strict]
                            .destroy    = (destroy_t)src_mgr_destroy    },
                                          ^~~~~~~~~~~~~~~~~~~~~~~~~~
/home/nathan/cbl/src/linux-next/sound/pci/ctxfi/ctatc.c:117:27: warning: cast from 'int (*)(struct hw *, struct srcimp_mgr **)' to 'create_t' (aka 'int (*)(struct hw *, void **)') converts to incompatible function type [-Wcast-function-type-strict]
        [SRCIMP]        = { .create     = (create_t)srcimp_mgr_create,
                                          ^~~~~~~~~~~~~~~~~~~~~~~~~~~
/home/nathan/cbl/src/linux-next/sound/pci/ctxfi/ctatc.c:118:20: warning: cast from 'int (*)(struct srcimp_mgr *)' to 'destroy_t' (aka 'int (*)(void *)') converts to incompatible function type [-Wcast-function-type-strict]
                            .destroy    = (destroy_t)srcimp_mgr_destroy },
                                          ^~~~~~~~~~~~~~~~~~~~~~~~~~~~~
/home/nathan/cbl/src/linux-next/sound/pci/ctxfi/ctatc.c:119:25: warning: cast from 'int (*)(struct hw *, struct amixer_mgr **)' to 'create_t' (aka 'int (*)(struct hw *, void **)') converts to incompatible function type [-Wcast-function-type-strict]
        [AMIXER]        = { .create     = (create_t)amixer_mgr_create,
                                          ^~~~~~~~~~~~~~~~~~~~~~~~~~~
/home/nathan/cbl/src/linux-next/sound/pci/ctxfi/ctatc.c:120:19: warning: cast from 'int (*)(struct amixer_mgr *)' to 'destroy_t' (aka 'int (*)(void *)') converts to incompatible function type [-Wcast-function-type-strict]
                            .destroy    = (destroy_t)amixer_mgr_destroy },
                                          ^~~~~~~~~~~~~~~~~~~~~~~~~~~~~
/home/nathan/cbl/src/linux-next/sound/pci/ctxfi/ctatc.c:121:23: warning: cast from 'int (*)(struct hw *, struct sum_mgr **)' to 'create_t' (aka 'int (*)(struct hw *, void **)') converts to incompatible function type [-Wcast-function-type-strict]
        [SUM]           = { .create     = (create_t)sum_mgr_create,
                                          ^~~~~~~~~~~~~~~~~~~~~~~~
/home/nathan/cbl/src/linux-next/sound/pci/ctxfi/ctatc.c:122:19: warning: cast from 'int (*)(struct sum_mgr *)' to 'destroy_t' (aka 'int (*)(void *)') converts to incompatible function type [-Wcast-function-type-strict]
                            .destroy    = (destroy_t)sum_mgr_destroy    },
                                          ^~~~~~~~~~~~~~~~~~~~~~~~~~
/home/nathan/cbl/src/linux-next/sound/pci/ctxfi/ctatc.c:123:24: warning: cast from 'int (*)(struct hw *, struct daio_mgr **)' to 'create_t' (aka 'int (*)(struct hw *, void **)') converts to incompatible function type [-Wcast-function-type-strict]
        [DAIO]          = { .create     = (create_t)daio_mgr_create,
                                          ^~~~~~~~~~~~~~~~~~~~~~~~~
/home/nathan/cbl/src/linux-next/sound/pci/ctxfi/ctatc.c:124:19: warning: cast from 'int (*)(struct daio_mgr *)' to 'destroy_t' (aka 'int (*)(void *)') converts to incompatible function type [-Wcast-function-type-strict]
                            .destroy    = (destroy_t)daio_mgr_destroy   }
                                          ^~~~~~~~~~~~~~~~~~~~~~~~~~~
10 warnings generated.
/home/nathan/cbl/src/linux-next/net/ipv4/tcp_output.c:186:3: warning: result of comparison of constant -1 with expression of type 'u8' (aka 'unsigned char') is always false [-Wtautological-constant-out-of-range-compare]
                NET_ADD_STATS(sock_net(sk), LINUX_MIB_TCPACKCOMPRESSED,
                ^~~~~~~~~~~~~~~~~~~~~~~~~~~~~~~~~~~~~~~~~~~~~~~~~~~~~~~
/home/nathan/cbl/src/linux-next/include/net/ip.h:301:41: note: expanded from macro 'NET_ADD_STATS'
#define NET_ADD_STATS(net, field, adnd) SNMP_ADD_STATS((net)->mib.net_statistics, field, adnd)
                                        ^~~~~~~~~~~~~~~~~~~~~~~~~~~~~~~~~~~~~~~~~~~~~~~~~~~~~~
/home/nathan/cbl/src/linux-next/include/net/snmp.h:143:4: note: expanded from macro 'SNMP_ADD_STATS'
                        this_cpu_add(mib->mibs[field], addend)
                        ^~~~~~~~~~~~~~~~~~~~~~~~~~~~~~~~~~~~~~
/home/nathan/cbl/src/linux-next/include/linux/percpu-defs.h:491:33: note: expanded from macro 'this_cpu_add'
#define this_cpu_add(pcp, val)          __pcpu_size_call(this_cpu_add_, pcp, val)
                                        ^~~~~~~~~~~~~~~~~~~~~~~~~~~~~~~~~~~~~~~~~
note: (skipping 1 expansions in backtrace; use -fmacro-backtrace-limit=0 to see all)
<scratch space>:45:1: note: expanded from here
this_cpu_add_8
^
/home/nathan/cbl/src/linux-next/arch/x86/include/asm/percpu.h:370:35: note: expanded from macro 'this_cpu_add_8'
#define this_cpu_add_8(pcp, val)                percpu_add_op(8, volatile, (pcp), val)
                                                ^~~~~~~~~~~~~~~~~~~~~~~~~~~~~~~~~~~~~~
/home/nathan/cbl/src/linux-next/arch/x86/include/asm/percpu.h:127:31: note: expanded from macro 'percpu_add_op'
                              ((val) == 1 || (val) == -1)) ?            \
                                             ~~~~~ ^  ~~
1 warning generated.
/home/nathan/cbl/src/linux-next/drivers/block/floppy.c:2001:11: warning: cast from 'void (*)(void)' to 'done_f' (aka 'void (*)(int)') converts to incompatible function type [-Wcast-function-type-strict]
        .done           = (done_f)empty
                          ^~~~~~~~~~~~~
/home/nathan/cbl/src/linux-next/drivers/block/floppy.c:2008:11: warning: cast from 'void (*)(void)' to 'done_f' (aka 'void (*)(int)') converts to incompatible function type [-Wcast-function-type-strict]
        .done           = (done_f)empty
                          ^~~~~~~~~~~~~
2 warnings generated.
/home/nathan/cbl/src/linux-next/drivers/block/rbd.c:6149:17: warning: result of comparison of constant 2305843009213693948 with expression of type 'u32' (aka 'unsigned int') is always false [-Wtautological-constant-out-of-range-compare]
        if (snap_count > (SIZE_MAX - sizeof (struct ceph_snap_context))
            ~~~~~~~~~~ ^ ~~~~~~~~~~~~~~~~~~~~~~~~~~~~~~~~~~~~~~~~~~~~~~
1 warning generated.
/home/nathan/cbl/src/linux-next/arch/x86/kernel/paravirt.c:300:4: warning: cast from 'void (*)(struct mmu_gather *, struct page *)' to 'void (*)(struct mmu_gather *, void *)' converts to incompatible function type [-Wcast-function-type-strict]
                        (void (*)(struct mmu_gather *, void *))tlb_remove_page,
                        ^~~~~~~~~~~~~~~~~~~~~~~~~~~~~~~~~~~~~~~~~~~~~~~~~~~~~~
/home/nathan/cbl/src/linux-next/drivers/block/drbd/drbd_state.c:1632:3: warning: cast from 'int (*)(struct sk_buff *, unsigned int, struct drbd_resource_state_change *, enum drbd_notification_type)' to 'typeof (last_func)' (aka 'int (*)(struct sk_buff *, unsigned int, void *, enum drbd_notification_type)') converts to incompatible function type [-Wcast-function-type-strict]
                REMEMBER_STATE_CHANGE(notify_resource_state_change,
                ^~~~~~~~~~~~~~~~~~~~~~~~~~~~~~~~~~~~~~~~~~~~~~~~~~~
/home/nathan/cbl/src/linux-next/drivers/block/drbd/drbd_state.c:1619:17: note: expanded from macro 'REMEMBER_STATE_CHANGE'
           last_func = (typeof(last_func))func; \
                       ^~~~~~~~~~~~~~~~~~~~~~~
/home/nathan/cbl/src/linux-next/drivers/block/drbd/drbd_state.c:1641:4: warning: cast from 'int (*)(struct sk_buff *, unsigned int, struct drbd_connection_state_change *, enum drbd_notification_type)' to 'typeof (last_func)' (aka 'int (*)(struct sk_buff *, unsigned int, void *, enum drbd_notification_type)') converts to incompatible function type [-Wcast-function-type-strict]
                        REMEMBER_STATE_CHANGE(notify_connection_state_change,
                        ^~~~~~~~~~~~~~~~~~~~~~~~~~~~~~~~~~~~~~~~~~~~~~~~~~~~~
/home/nathan/cbl/src/linux-next/drivers/block/drbd/drbd_state.c:1619:17: note: expanded from macro 'REMEMBER_STATE_CHANGE'
           last_func = (typeof(last_func))func; \
                       ^~~~~~~~~~~~~~~~~~~~~~~
/home/nathan/cbl/src/linux-next/drivers/block/drbd/drbd_state.c:1650:4: warning: cast from 'int (*)(struct sk_buff *, unsigned int, struct drbd_device_state_change *, enum drbd_notification_type)' to 'typeof (last_func)' (aka 'int (*)(struct sk_buff *, unsigned int, void *, enum drbd_notification_type)') converts to incompatible function type [-Wcast-function-type-strict]
                        REMEMBER_STATE_CHANGE(notify_device_state_change,
                        ^~~~~~~~~~~~~~~~~~~~~~~~~~~~~~~~~~~~~~~~~~~~~~~~~
/home/nathan/cbl/src/linux-next/drivers/block/drbd/drbd_state.c:1619:17: note: expanded from macro 'REMEMBER_STATE_CHANGE'
           last_func = (typeof(last_func))func; \
                       ^~~~~~~~~~~~~~~~~~~~~~~
/home/nathan/cbl/src/linux-next/drivers/block/drbd/drbd_state.c:1664:4: warning: cast from 'int (*)(struct sk_buff *, unsigned int, struct drbd_peer_device_state_change *, enum drbd_notification_type)' to 'typeof (last_func)' (aka 'int (*)(struct sk_buff *, unsigned int, void *, enum drbd_notification_type)') converts to incompatible function type [-Wcast-function-type-strict]
                        REMEMBER_STATE_CHANGE(notify_peer_device_state_change,
                        ^~~~~~~~~~~~~~~~~~~~~~~~~~~~~~~~~~~~~~~~~~~~~~~~~~~~~~
/home/nathan/cbl/src/linux-next/drivers/block/drbd/drbd_state.c:1619:17: note: expanded from macro 'REMEMBER_STATE_CHANGE'
           last_func = (typeof(last_func))func; \
                       ^~~~~~~~~~~~~~~~~~~~~~~
1 warning generated.
4 warnings generated.
/home/nathan/cbl/src/linux-next/drivers/net/wireless/ath/ath9k/main.c:1566:21: warning: parameter 'changed_flags' set but not used [-Wunused-but-set-parameter]
                                   unsigned int changed_flags,
                                                ^
1 warning generated.
/home/nathan/cbl/src/linux-next/drivers/net/ethernet/brocade/bna/bnad.c:1995:4: warning: cast from 'void (*)(struct delayed_work *)' to 'work_func_t' (aka 'void (*)(struct work_struct *)') converts to incompatible function type [-Wcast-function-type-strict]
                        (work_func_t)bnad_tx_cleanup);
                        ^~~~~~~~~~~~~~~~~~~~~~~~~~~~
/home/nathan/cbl/src/linux-next/include/linux/workqueue.h:320:29: note: expanded from macro 'INIT_DELAYED_WORK'
        __INIT_DELAYED_WORK(_work, _func, 0)
                                   ^~~~~
/home/nathan/cbl/src/linux-next/include/linux/workqueue.h:305:30: note: expanded from macro '__INIT_DELAYED_WORK'
                INIT_WORK(&(_work)->work, (_func));                     \
                                           ^~~~~
/home/nathan/cbl/src/linux-next/include/linux/workqueue.h:298:24: note: expanded from macro 'INIT_WORK'
        __INIT_WORK((_work), (_func), 0)
                              ^~~~~
/home/nathan/cbl/src/linux-next/include/linux/workqueue.h:293:20: note: expanded from macro '__INIT_WORK'
                (_work)->func = (_func);                                \
                                 ^~~~~
/home/nathan/cbl/src/linux-next/drivers/net/ethernet/brocade/bna/bnad.c:2252:4: warning: cast from 'void (*)(void *)' to 'work_func_t' (aka 'void (*)(struct work_struct *)') converts to incompatible function type [-Wcast-function-type-strict]
                        (work_func_t)(bnad_rx_cleanup));
                        ^~~~~~~~~~~~~~~~~~~~~~~~~~~~~~
/home/nathan/cbl/src/linux-next/include/linux/workqueue.h:298:24: note: expanded from macro 'INIT_WORK'
        __INIT_WORK((_work), (_func), 0)
                              ^~~~~
/home/nathan/cbl/src/linux-next/include/linux/workqueue.h:293:20: note: expanded from macro '__INIT_WORK'
                (_work)->func = (_func);                                \
                                 ^~~~~
2 warnings generated.
/home/nathan/cbl/src/linux-next/drivers/net/wireless/ath/ath5k/mac80211-ops.c:367:62: warning: parameter 'changed_flags' set but not used [-Wunused-but-set-parameter]
ath5k_configure_filter(struct ieee80211_hw *hw, unsigned int changed_flags,
                                                             ^
1 warning generated.
/home/nathan/cbl/src/linux-next/drivers/net/ethernet/cavium/liquidio/cn23xx_vf_device.c:432:16: warning: cast from 'void (*)(struct octeon_device *, struct octeon_mbox_cmd *, void *)' to 'octeon_mbox_callback_t' (aka 'void (*)(void *, void *, void *)') converts to incompatible function type [-Wcast-function-type-strict]
        mbox_cmd.fn = (octeon_mbox_callback_t)octeon_pfvf_hs_callback;
                      ^~~~~~~~~~~~~~~~~~~~~~~~~~~~~~~~~~~~~~~~~~~~~~~
/home/nathan/cbl/src/linux-next/drivers/net/ethernet/cavium/liquidio/cn23xx_pf_device.c:1493:16: warning: cast from 'void (*)(struct octeon_device *, struct octeon_mbox_cmd *, void *)' to 'octeon_mbox_callback_t' (aka 'void (*)(void *, void *, void *)') converts to incompatible function type [-Wcast-function-type-strict]
        mbox_cmd.fn = (octeon_mbox_callback_t)cn23xx_get_vf_stats_callback;
                      ^~~~~~~~~~~~~~~~~~~~~~~~~~~~~~~~~~~~~~~~~~~~~~~~~~~~
1 warning generated.
1 warning generated.
/home/nathan/cbl/src/linux-next/drivers/net/wireless/broadcom/brcm80211/brcmsmac/phy_shim.c:64:34: warning: cast from 'void (*)(struct brcms_phy *)' to 'void (*)(void *)' converts to incompatible function type [-Wcast-function-type-strict]
                        brcms_init_timer(physhim->wl, (void (*)(void *))fn,
                                                      ^~~~~~~~~~~~~~~~~~~~
1 warning generated.
/home/nathan/cbl/src/linux-next/drivers/net/wireless/ath/ath9k/htc_drv_main.c:1258:25: warning: parameter 'changed_flags' set but not used [-Wunused-but-set-parameter]
                                       unsigned int changed_flags,
                                                    ^
1 warning generated.
/home/nathan/cbl/src/linux-next/net/ceph/osdmap.c:1441:10: warning: result of comparison of constant 4611686018427387891 with expression of type 'u32' (aka 'unsigned int') is always false [-Wtautological-constant-out-of-range-compare]
        if (len > (SIZE_MAX - sizeof(*pg)) / sizeof(u32))
            ~~~ ^ ~~~~~~~~~~~~~~~~~~~~~~~~~~~~~~~~~~~~~~
/home/nathan/cbl/src/linux-next/net/ceph/osdmap.c:1624:10: warning: result of comparison of constant 2305843009213693945 with expression of type 'u32' (aka 'unsigned int') is always false [-Wtautological-constant-out-of-range-compare]
        if (len > (SIZE_MAX - sizeof(*pg)) / (2 * sizeof(u32)))
            ~~~ ^ ~~~~~~~~~~~~~~~~~~~~~~~~~~~~~~~~~~~~~~~~~~~~
2 warnings generated.
/home/nathan/cbl/src/linux-next/drivers/firmware/dmi-id.c:174:17: warning: cast from 'void (*)(const void *)' to 'void (*)(struct device *)' converts to incompatible function type [-Wcast-function-type-strict]
        .dev_release = (void(*)(struct device *)) kfree,
                       ^~~~~~~~~~~~~~~~~~~~~~~~~~~~~~~~
1 warning generated.
/home/nathan/cbl/src/linux-next/fs/ubifs/find.c:170:9: warning: cast from 'int (*)(struct ubifs_info *, const struct ubifs_lprops *, int, struct scan_data *)' to 'ubifs_lpt_scan_callback' (aka 'int (*)(struct ubifs_info *, const struct ubifs_lprops *, int, void *)') converts to incompatible function type [-Wcast-function-type-strict]
                                    (ubifs_lpt_scan_callback)scan_for_dirty_cb,
                                    ^~~~~~~~~~~~~~~~~~~~~~~~~~~~~~~~~~~~~~~~~~
/home/nathan/cbl/src/linux-next/fs/ubifs/find.c:449:9: warning: cast from 'int (*)(struct ubifs_info *, const struct ubifs_lprops *, int, struct scan_data *)' to 'ubifs_lpt_scan_callback' (aka 'int (*)(struct ubifs_info *, const struct ubifs_lprops *, int, void *)') converts to incompatible function type [-Wcast-function-type-strict]
                                    (ubifs_lpt_scan_callback)scan_for_free_cb,
                                    ^~~~~~~~~~~~~~~~~~~~~~~~~~~~~~~~~~~~~~~~~
/home/nathan/cbl/src/linux-next/fs/ubifs/find.c:629:9: warning: cast from 'int (*)(struct ubifs_info *, const struct ubifs_lprops *, int, struct scan_data *)' to 'ubifs_lpt_scan_callback' (aka 'int (*)(struct ubifs_info *, const struct ubifs_lprops *, int, void *)') converts to incompatible function type [-Wcast-function-type-strict]
                                    (ubifs_lpt_scan_callback)scan_for_idx_cb,
                                    ^~~~~~~~~~~~~~~~~~~~~~~~~~~~~~~~~~~~~~~~
/home/nathan/cbl/src/linux-next/fs/ubifs/find.c:757:7: warning: cast from 'int (*)(const struct ubifs_lprops **, const struct ubifs_lprops **)' to 'int (*)(const void *, const void *)' converts to incompatible function type [-Wcast-function-type-strict]
             (int (*)(const void *, const void *))cmp_dirty_idx, NULL);
             ^~~~~~~~~~~~~~~~~~~~~~~~~~~~~~~~~~~~~~~~~~~~~~~~~~
/home/nathan/cbl/src/linux-next/fs/ubifs/find.c:846:9: warning: cast from 'int (*)(struct ubifs_info *, const struct ubifs_lprops *, int, struct scan_data *)' to 'ubifs_lpt_scan_callback' (aka 'int (*)(struct ubifs_info *, const struct ubifs_lprops *, int, void *)') converts to incompatible function type [-Wcast-function-type-strict]
                                    (ubifs_lpt_scan_callback)scan_dirty_idx_cb,
                                    ^~~~~~~~~~~~~~~~~~~~~~~~~~~~~~~~~~~~~~~~~~
5 warnings generated.
/home/nathan/cbl/src/linux-next/fs/ubifs/lprops.c:1272:9: warning: cast from 'int (*)(struct ubifs_info *, const struct ubifs_lprops *, int, struct ubifs_lp_stats *)' to 'ubifs_lpt_scan_callback' (aka 'int (*)(struct ubifs_info *, const struct ubifs_lprops *, int, void *)') converts to incompatible function type [-Wcast-function-type-strict]
                                    (ubifs_lpt_scan_callback)scan_check_cb,
                                    ^~~~~~~~~~~~~~~~~~~~~~~~~~~~~~~~~~~~~~
1 warning generated.
/home/nathan/cbl/src/linux-next/drivers/scsi/bfa/bfad_bsg.c:2138:29: warning: cast from 'void (*)(void *, enum bfa_status)' to 'bfa_cb_cbfn_t' (aka 'void (*)(void *, enum bfa_boolean)') converts to incompatible function type [-Wcast-function-type-strict]
        bfa_pending_q_init(&cb_qe, (bfa_cb_cbfn_t)bfad_hcb_comp,
                                   ^~~~~~~~~~~~~~~~~~~~~~~~~~~~
/home/nathan/cbl/src/linux-next/drivers/scsi/bfa/bfa.h:453:25: note: expanded from macro 'bfa_pending_q_init'
        (__qe)->hcb_qe.cbfn = (__cbfn);                         \
                               ^~~~~~
/home/nathan/cbl/src/linux-next/drivers/scsi/bfa/bfad_bsg.c:2162:29: warning: cast from 'void (*)(void *, enum bfa_status)' to 'bfa_cb_cbfn_t' (aka 'void (*)(void *, enum bfa_boolean)') converts to incompatible function type [-Wcast-function-type-strict]
        bfa_pending_q_init(&cb_qe, (bfa_cb_cbfn_t)bfad_hcb_comp, &fcomp, NULL);
                                   ^~~~~~~~~~~~~~~~~~~~~~~~~~~~
/home/nathan/cbl/src/linux-next/drivers/scsi/bfa/bfa.h:453:25: note: expanded from macro 'bfa_pending_q_init'
        (__qe)->hcb_qe.cbfn = (__cbfn);                         \
                               ^~~~~~
/home/nathan/cbl/src/linux-next/drivers/scsi/bfa/bfad_bsg.c:2446:29: warning: cast from 'void (*)(void *, enum bfa_status)' to 'bfa_cb_cbfn_t' (aka 'void (*)(void *, enum bfa_boolean)') converts to incompatible function type [-Wcast-function-type-strict]
        bfa_pending_q_init(&cb_qe, (bfa_cb_cbfn_t)bfad_hcb_comp,
                                   ^~~~~~~~~~~~~~~~~~~~~~~~~~~~
/home/nathan/cbl/src/linux-next/drivers/scsi/bfa/bfa.h:453:25: note: expanded from macro 'bfa_pending_q_init'
        (__qe)->hcb_qe.cbfn = (__cbfn);                         \
                               ^~~~~~
/home/nathan/cbl/src/linux-next/drivers/scsi/bfa/bfad_bsg.c:2477:29: warning: cast from 'void (*)(void *, enum bfa_status)' to 'bfa_cb_cbfn_t' (aka 'void (*)(void *, enum bfa_boolean)') converts to incompatible function type [-Wcast-function-type-strict]
        bfa_pending_q_init(&cb_qe, (bfa_cb_cbfn_t)bfad_hcb_comp,
                                   ^~~~~~~~~~~~~~~~~~~~~~~~~~~~
/home/nathan/cbl/src/linux-next/drivers/scsi/bfa/bfa.h:453:25: note: expanded from macro 'bfa_pending_q_init'
        (__qe)->hcb_qe.cbfn = (__cbfn);                         \
                               ^~~~~~
4 warnings generated.
/home/nathan/cbl/src/linux-next/drivers/scsi/bfa/bfa_core.c:1917:11: warning: cast from 'bfa_cb_cbfn_t' (aka 'void (*)(void *, enum bfa_boolean)') to 'bfa_cb_cbfn_status_t' (aka 'void (*)(void *, enum bfa_status)') converts to incompatible function type [-Wcast-function-type-strict]
                        cbfn = (bfa_cb_cbfn_status_t)(hcb_qe->cbfn);
                               ^~~~~~~~~~~~~~~~~~~~~~~~~~~~~~~~~~~~
1 warning generated.
/home/nathan/cbl/src/linux-next/drivers/scsi/csiostor/csio_lnode.c:1098:33: warning: cast from 'void (*)(struct csio_lnode *, enum csio_ln_ev)' to 'csio_sm_state_t' (aka 'void (*)(void *, unsigned int)') converts to incompatible function type [-Wcast-function-type-strict]
        return (csio_get_state(ln) == ((csio_sm_state_t)csio_lns_ready));
                                       ^~~~~~~~~~~~~~~~~~~~~~~~~~~~~~~
/home/nathan/cbl/src/linux-next/drivers/scsi/csiostor/csio_lnode.c:1369:29: warning: cast from 'void (*)(struct csio_lnode *, enum csio_ln_ev)' to 'csio_sm_state_t' (aka 'void (*)(void *, unsigned int)') converts to incompatible function type [-Wcast-function-type-strict]
        if (csio_get_state(ln) == ((csio_sm_state_t)csio_lns_uninit)) {
                                   ^~~~~~~~~~~~~~~~~~~~~~~~~~~~~~~~
/home/nathan/cbl/src/linux-next/drivers/scsi/csiostor/csio_lnode.c:1373:29: warning: cast from 'void (*)(struct csio_lnode *, enum csio_ln_ev)' to 'csio_sm_state_t' (aka 'void (*)(void *, unsigned int)') converts to incompatible function type [-Wcast-function-type-strict]
        if (csio_get_state(ln) == ((csio_sm_state_t)csio_lns_ready)) {
                                   ^~~~~~~~~~~~~~~~~~~~~~~~~~~~~~~
/home/nathan/cbl/src/linux-next/drivers/scsi/csiostor/csio_lnode.c:1377:29: warning: cast from 'void (*)(struct csio_lnode *, enum csio_ln_ev)' to 'csio_sm_state_t' (aka 'void (*)(void *, unsigned int)') converts to incompatible function type [-Wcast-function-type-strict]
        if (csio_get_state(ln) == ((csio_sm_state_t)csio_lns_offline)) {
                                   ^~~~~~~~~~~~~~~~~~~~~~~~~~~~~~~~~
4 warnings generated.
/home/nathan/cbl/src/linux-next/drivers/media/usb/pvrusb2/pvrusb2-v4l2.c:1070:30: warning: cast from 'void (*)(struct pvr2_v4l2_fh *)' to 'pvr2_stream_callback' (aka 'void (*)(void *)') converts to incompatible function type [-Wcast-function-type-strict]
        pvr2_stream_set_callback(sp,(pvr2_stream_callback)pvr2_v4l2_notify,fh);
                                    ^~~~~~~~~~~~~~~~~~~~~~~~~~~~~~~~~~~~~~
1 warning generated.
/home/nathan/cbl/src/linux-next/drivers/media/usb/pvrusb2/pvrusb2-context.c:110:6: warning: cast from 'void (*)(struct pvr2_context *)' to 'void (*)(void *)' converts to incompatible function type [-Wcast-function-type-strict]
                                        (void (*)(void *))pvr2_context_notify,
                                        ^~~~~~~~~~~~~~~~~~~~~~~~~~~~~~~~~~~~~
1 warning generated.
/home/nathan/cbl/src/linux-next/drivers/media/usb/pvrusb2/pvrusb2-dvb.c:152:6: warning: cast from 'void (*)(struct pvr2_dvb_adapter *)' to 'pvr2_stream_callback' (aka 'void (*)(void *)') converts to incompatible function type [-Wcast-function-type-strict]
                                 (pvr2_stream_callback) pvr2_dvb_notify, adap);
                                 ^~~~~~~~~~~~~~~~~~~~~~~~~~~~~~~~~~~~~~
1 warning generated.
/home/nathan/cbl/src/linux-next/drivers/md/dm-integrity.c:4159:12: warning: result of comparison of constant 17179869180 with expression of type 'unsigned int' is always false [-Wtautological-constant-out-of-range-compare]
                        if (val >= (uint64_t)UINT_MAX * 1000 / HZ) {
                            ~~~ ^  ~~~~~~~~~~~~~~~~~~~~~~~~~~~~~~
/home/nathan/cbl/src/linux-next/drivers/gpu/drm/nouveau/nvkm/subdev/bios/shadow.c:161:10: warning: cast from 'void (*)(const struct firmware *)' to 'void (*)(void *)' converts to incompatible function type [-Wcast-function-type-strict]
        .fini = (void(*)(void *))release_firmware,
                ^~~~~~~~~~~~~~~~~~~~~~~~~~~~~~~~~
1 warning generated.
1 warning generated.
/home/nathan/cbl/src/linux-next/fs/ceph/snap.c:372:10: warning: result of comparison of constant 2305843009213693948 with expression of type 'u32' (aka 'unsigned int') is always false [-Wtautological-constant-out-of-range-compare]
        if (num > (SIZE_MAX - sizeof(*snapc)) / sizeof(u64))
            ~~~ ^ ~~~~~~~~~~~~~~~~~~~~~~~~~~~~~~~~~~~~~~~~~
1 warning generated.
/home/nathan/cbl/src/linux-next/drivers/infiniband/ulp/srpt/ib_srpt.c:1811:5: warning: cast from 'void (*)(struct ib_event *, struct srpt_rdma_ch *)' to 'void (*)(struct ib_event *, void *)' converts to incompatible function type [-Wcast-function-type-strict]
                = (void(*)(struct ib_event *, void*))srpt_qp_event;
                  ^~~~~~~~~~~~~~~~~~~~~~~~~~~~~~~~~~~~~~~~~~~~~~~~
/home/nathan/cbl/src/linux-next/drivers/net/ethernet/qlogic/qed/qed_vf.c:63:67: warning: parameter 'resp_size' set but not used [-Wunused-but-set-parameter]
static int qed_send_msg2pf(struct qed_hwfn *p_hwfn, u8 *done, u32 resp_size)
                                                                  ^
1 warning generated.
1 warning generated.

[01;32mQEMU location: [0m/usr/sbin[0m

[01;32mQEMU version: [0mQEMU emulator version 8.0.3[0m
[    0.000000] Linux version 6.5.0-rc5-next-20230809-cbl (nathan@dev-arch.m3-large-x86-01) (ClangBuiltLinux clang version 16.0.6 (https://github.com/llvm/llvm-project 7cbf1a2591520c2491aa35339f227775f4d3adf6), ClangBuiltLinux LLD 16.0.6) #1 SMP PREEMPT_DYNAMIC Sat Aug 12 00:11:44 UTC 2023
[    0.000000] Command line: console=ttyS0 earlycon=uart8250,io,0x3f8
[    0.000000] BIOS-provided physical RAM map:
[    0.000000] BIOS-e820: [mem 0x0000000000000000-0x000000000009fbff] usable
[    0.000000] BIOS-e820: [mem 0x000000000009fc00-0x000000000009ffff] reserved
[    0.000000] BIOS-e820: [mem 0x00000000000f0000-0x00000000000fffff] reserved
[    0.000000] BIOS-e820: [mem 0x0000000000100000-0x000000001ffdffff] usable
[    0.000000] BIOS-e820: [mem 0x000000001ffe0000-0x000000001fffffff] reserved
[    0.000000] BIOS-e820: [mem 0x00000000feffc000-0x00000000feffffff] reserved
[    0.000000] BIOS-e820: [mem 0x00000000fffc0000-0x00000000ffffffff] reserved
[    0.000000] BIOS-e820: [mem 0x000000fd00000000-0x000000ffffffffff] reserved
[    0.000000] earlycon: uart8250 at I/O port 0x3f8 (options '')
[    0.000000] printk: bootconsole [uart8250] enabled
[    0.000000] NX (Execute Disable) protection: active
[    0.000000] SMBIOS 2.8 present.
[    0.000000] DMI: QEMU Standard PC (i440FX + PIIX, 1996), BIOS Arch Linux 1.16.2-1-1 04/01/2014
[    0.000000] Hypervisor detected: KVM
[    0.000000] kvm-clock: Using msrs 4b564d01 and 4b564d00
[    0.000000] kvm-clock: using sched offset of 1032930750 cycles
[    0.000499] clocksource: kvm-clock: mask: 0xffffffffffffffff max_cycles: 0x1cd42e4dffb, max_idle_ns: 881590591483 ns
[    0.002103] tsc: Detected 2495.312 MHz processor
[    0.002685] last_pfn = 0x1ffe0 max_arch_pfn = 0x400000000
[    0.003284] MTRR map: 4 entries (3 fixed + 1 variable; max 19), built from 8 variable MTRRs
[    0.004123] x86/PAT: Configuration [0-7]: WB  WC  UC- UC  WB  WP  UC- WT  
[    0.007548] found SMP MP-table at [mem 0x000f6e60-0x000f6e6f]
[    0.008171] Using GB pages for direct mapping
[    0.008682] RAMDISK: [mem 0x1fad3000-0x1ffdffff]
[    0.009224] ACPI: Early table checksum verification disabled
[    0.009766] ACPI: RSDP 0x00000000000F6C90 000014 (v00 BOCHS )
[    0.010322] ACPI: RSDT 0x000000001FFE31D1 000034 (v01 BOCHS  BXPC     00000001 BXPC 00000001)
[    0.011194] ACPI: FACP 0x000000001FFE2E8D 000074 (v01 BOCHS  BXPC     00000001 BXPC 00000001)
[    0.012042] ACPI: DSDT 0x000000001FFE0040 002E4D (v01 BOCHS  BXPC     00000001 BXPC 00000001)
[    0.012852] ACPI: FACS 0x000000001FFE0000 000040
[    0.013340] ACPI: APIC 0x000000001FFE2F01 000270 (v01 BOCHS  BXPC     00000001 BXPC 00000001)
[    0.014154] ACPI: HPET 0x000000001FFE3171 000038 (v01 BOCHS  BXPC     00000001 BXPC 00000001)
[    0.015010] ACPI: WAET 0x000000001FFE31A9 000028 (v01 BOCHS  BXPC     00000001 BXPC 00000001)
[    0.015838] ACPI: Reserving FACP table memory at [mem 0x1ffe2e8d-0x1ffe2f00]
[    0.016546] ACPI: Reserving DSDT table memory at [mem 0x1ffe0040-0x1ffe2e8c]
[    0.017265] ACPI: Reserving FACS table memory at [mem 0x1ffe0000-0x1ffe003f]
[    0.017935] ACPI: Reserving APIC table memory at [mem 0x1ffe2f01-0x1ffe3170]
[    0.018609] ACPI: Reserving HPET table memory at [mem 0x1ffe3171-0x1ffe31a8]
[    0.019284] ACPI: Reserving WAET table memory at [mem 0x1ffe31a9-0x1ffe31d0]
[    0.020197] No NUMA configuration found
[    0.020565] Faking a node at [mem 0x0000000000000000-0x000000001ffdffff]
[    0.021214] NODE_DATA(0) allocated [mem 0x1faa8000-0x1fad2fff]
[    0.021982] Zone ranges:
[    0.022248]   DMA      [mem 0x0000000000001000-0x0000000000ffffff]
[    0.022834]   DMA32    [mem 0x0000000001000000-0x000000001ffdffff]
[    0.023429]   Normal   empty
[    0.023703]   Device   empty
[    0.023983] Movable zone start for each node
[    0.024395] Early memory node ranges
[    0.024735]   node   0: [mem 0x0000000000001000-0x000000000009efff]
[    0.025338]   node   0: [mem 0x0000000000100000-0x000000001ffdffff]
[    0.025967] Initmem setup node 0 [mem 0x0000000000001000-0x000000001ffdffff]
[    0.026839] On node 0, zone DMA: 1 pages in unavailable ranges
[    0.026882] On node 0, zone DMA: 97 pages in unavailable ranges
[    0.028387] On node 0, zone DMA32: 32 pages in unavailable ranges
[    0.029175] ACPI: PM-Timer IO Port: 0x608
[    0.030203] ACPI: LAPIC_NMI (acpi_id[0xff] dfl dfl lint[0x1])
[    0.030772] IOAPIC[0]: apic_id 0, version 17, address 0xfec00000, GSI 0-23
[    0.031436] ACPI: INT_SRC_OVR (bus 0 bus_irq 0 global_irq 2 dfl dfl)
[    0.032076] ACPI: INT_SRC_OVR (bus 0 bus_irq 5 global_irq 5 high level)
[    0.032722] ACPI: INT_SRC_OVR (bus 0 bus_irq 9 global_irq 9 high level)
[    0.033358] ACPI: INT_SRC_OVR (bus 0 bus_irq 10 global_irq 10 high level)
[    0.034041] ACPI: INT_SRC_OVR (bus 0 bus_irq 11 global_irq 11 high level)
[    0.034703] ACPI: Using ACPI (MADT) for SMP configuration information
[    0.035366] ACPI: HPET id: 0x8086a201 base: 0xfed00000
[    0.035856] TSC deadline timer available
[    0.036246] smpboot: Allowing 64 CPUs, 0 hotplug CPUs
[    0.036743] kvm-guest: KVM setup pv remote TLB flush
[    0.037226] kvm-guest: setup PV sched yield
[    0.037629] PM: hibernation: Registered nosave memory: [mem 0x00000000-0x00000fff]
[    0.038358] PM: hibernation: Registered nosave memory: [mem 0x0009f000-0x0009ffff]
[    0.039083] PM: hibernation: Registered nosave memory: [mem 0x000a0000-0x000effff]
[    0.039812] PM: hibernation: Registered nosave memory: [mem 0x000f0000-0x000fffff]
[    0.040581] [mem 0x20000000-0xfeffbfff] available for PCI devices
[    0.041216] Booting paravirtualized kernel on KVM
[    0.041667] clocksource: refined-jiffies: mask: 0xffffffff max_cycles: 0xffffffff, max_idle_ns: 7645519600211568 ns
[    0.048019] setup_percpu: NR_CPUS:8192 nr_cpumask_bits:64 nr_cpu_ids:64 nr_node_ids:1
[    0.051647] percpu: Embedded 63 pages/cpu s221184 r8192 d28672 u262144
[    0.052454] kvm-guest: PV spinlocks enabled
[    0.052864] PV qspinlock hash table entries: 256 (order: 0, 4096 bytes, linear)
[    0.053586] Kernel command line: console=ttyS0 earlycon=uart8250,io,0x3f8
[    0.054360] random: crng init done
[    0.054690] printk: log_buf_len individual max cpu contribution: 4096 bytes
[    0.055398] printk: log_buf_len total cpu_extra contributions: 258048 bytes
[    0.056097] printk: log_buf_len min size: 131072 bytes
[    0.056969] printk: log_buf_len: 524288 bytes
[    0.057400] printk: early log buf free: 124632(95%)
[    0.058064] Dentry cache hash table entries: 65536 (order: 7, 524288 bytes, linear)
[    0.058837] Inode-cache hash table entries: 32768 (order: 6, 262144 bytes, linear)
[    0.060032] Fallback order for Node 0: 0 
[    0.060044] Built 1 zonelists, mobility grouping on.  Total pages: 128736
[    0.061107] Policy zone: DMA32
[    0.061414] mem auto-init: stack:all(zero), heap alloc:on, heap free:off
[    0.062901] Memory: 217784K/523768K available (16384K kernel code, 2300K rwdata, 10308K rodata, 3764K init, 4076K bss, 77016K reserved, 0K cma-reserved)
[    0.064577] SLUB: HWalign=64, Order=0-3, MinObjects=0, CPUs=64, Nodes=1
[    0.065304] ftrace: allocating 41745 entries in 164 pages
[    0.066020] ftrace: allocated 164 pages with 3 groups
[    0.067365] Dynamic Preempt: voluntary
[    0.068071] rcu: Preemptible hierarchical RCU implementation.
[    0.068641] rcu: 	RCU restricting CPUs from NR_CPUS=8192 to nr_cpu_ids=64.
[    0.069352] 	Trampoline variant of Tasks RCU enabled.
[    0.069841] 	Rude variant of Tasks RCU enabled.
[    0.070327] 	Tracing variant of Tasks RCU enabled.
[    0.070793] rcu: RCU calculated value of scheduler-enlistment delay is 25 jiffies.
[    0.071536] rcu: Adjusting geometry for rcu_fanout_leaf=16, nr_cpu_ids=64
[    0.075144] NR_IRQS: 524544, nr_irqs: 936, preallocated irqs: 16
[    0.075971] rcu: srcu_init: Setting srcu_struct sizes based on contention.
[    0.076841] Console: colour *CGA 80x25
[    0.077274] printk: console [ttyS0] enabled
[    0.077274] printk: console [ttyS0] enabled
[    0.078114] printk: bootconsole [uart8250] disabled
[    0.078114] printk: bootconsole [uart8250] disabled
[    0.079132] ACPI: Core revision 20230628
[    0.079635] clocksource: hpet: mask: 0xffffffff max_cycles: 0xffffffff, max_idle_ns: 19112604467 ns
[    0.080655] APIC: Switch to symmetric I/O mode setup
[    0.081404] x2apic enabled
[    0.081863] Switched APIC routing to physical x2apic.
[    0.082373] kvm-guest: setup PV IPIs
[    0.083776] ..TIMER: vector=0x30 apic1=0 pin1=2 apic2=-1 pin2=-1
[    0.084925] tsc: Marking TSC unstable due to TSCs unsynchronized
[    0.086010] Calibrating delay loop (skipped) preset value.. 4990.62 BogoMIPS (lpj=9981248)
[    0.087606] x86/cpu: User Mode Instruction Prevention (UMIP) activated
[    0.090096] Last level iTLB entries: 4KB 512, 2MB 255, 4MB 127
[    0.091114] Last level dTLB entries: 4KB 512, 2MB 255, 4MB 127, 1GB 0
[    0.092235] Spectre V1 : Mitigation: usercopy/swapgs barriers and __user pointer sanitization
[    0.093767] Spectre V2 : Mitigation: Retpolines
[    0.094009] Spectre V2 : Spectre v2 / SpectreRSB mitigation: Filling RSB on context switch
[    0.095431] Spectre V2 : Spectre v2 / SpectreRSB : Filling RSB on VMEXIT
[    0.096629] Spectre V2 : Enabling Speculation Barrier for firmware calls
[    0.098009] RETBleed: Mitigation: untrained return thunk
[    0.098925] Spectre V2 : mitigation: Enabling conditional Indirect Branch Prediction Barrier
[    0.100409] Speculative Store Bypass: Mitigation: Speculative Store Bypass disabled via prctl
[    0.102009] Speculative Return Stack Overflow: Mitigation: safe RET
[    0.103107] x86/fpu: Supporting XSAVE feature 0x001: 'x87 floating point registers'
[    0.104459] x86/fpu: Supporting XSAVE feature 0x002: 'SSE registers'
[    0.106010] x86/fpu: Supporting XSAVE feature 0x004: 'AVX registers'
[    0.107096] x86/fpu: xstate_offset[2]:  576, xstate_sizes[2]:  256
[    0.108151] x86/fpu: Enabled xstate features 0x7, context size is 832 bytes, using 'compacted' format.
[    0.116064] Freeing SMP alternatives memory: 40K
[    0.116928] pid_max: default: 65536 minimum: 512
[    0.117869] LSM: initializing lsm=lockdown,capability,landlock,yama,apparmor,tomoyo,bpf,integrity
[    0.118026] landlock: Up and running.
[    0.118665] Yama: becoming mindful.
[    0.119301] AppArmor: AppArmor initialized
[    0.120013] TOMOYO Linux initialized
[    0.122014] LSM support for eBPF active
[    0.122793] Mount-cache hash table entries: 1024 (order: 1, 8192 bytes, linear)
[    0.124098] Mountpoint-cache hash table entries: 1024 (order: 1, 8192 bytes, linear)
[    0.125898] smpboot: CPU0: AMD EPYC 7502P 32-Core Processor (family: 0x17, model: 0x31, stepping: 0x0)
[    0.126007] RCU Tasks: Setting shift to 6 and lim to 1 rcu_task_cb_adjust=1.
[    0.126007] RCU Tasks Rude: Setting shift to 6 and lim to 1 rcu_task_cb_adjust=1.
[    0.126049] RCU Tasks Trace: Setting shift to 6 and lim to 1 rcu_task_cb_adjust=1.
[    0.127419] Performance Events: Fam17h+ core perfctr, AMD PMU driver.
[    0.128612] ... version:                0
[    0.129348] ... bit width:              48
[    0.130011] ... generic registers:      6
[    0.130707] ... value mask:             0000ffffffffffff
[    0.131621] ... max period:             00007fffffffffff
[    0.132527] ... fixed-purpose events:   0
[    0.133260] ... event mask:             000000000000003f
[    0.134199] signal: max sigframe size: 1776
[    0.134960] rcu: Hierarchical SRCU implementation.
[    0.135789] rcu: 	Max phase no-delay instances is 1000.
[    0.137917] smp: Bringing up secondary CPUs ...
[    0.138198] smpboot: x86: Booting SMP configuration:
[    0.139065] .... node  #0, CPUs:        #1  #2  #3  #4  #5  #6  #7  #8  #9 #10 #11 #12 #13 #14 #15 #16 #17 #18 #19 #20 #21 #22 #23 #24 #25 #26 #27 #28 #29 #30 #31 #32 #33 #34 #35 #36 #37 #38 #39 #40 #41 #42 #43 #44 #45 #46 #47 #48 #49 #50 #51 #52 #53 #54 #55 #56 #57 #58 #59 #60 #61 #62 #63
[    0.194195] smp: Brought up 1 node, 64 CPUs
[    0.198765] smpboot: Max logical packages: 1
[    0.199516] smpboot: Total of 64 processors activated (319399.93 BogoMIPS)
[    0.212371] node 0 deferred pages initialised in 0ms
[    0.214375] devtmpfs: initialized
[    0.214733] x86/mm: Memory block size: 128MB
[    0.215923] clocksource: jiffies: mask: 0xffffffff max_cycles: 0xffffffff, max_idle_ns: 7645041785100000 ns
[    0.218318] futex hash table entries: 16384 (order: 8, 1048576 bytes, linear)
[    0.219728] pinctrl core: initialized pinctrl subsystem
[    0.221907] NET: Registered PF_NETLINK/PF_ROUTE protocol family
[    0.222231] DMA: preallocated 128 KiB GFP_KERNEL pool for atomic allocations
[    0.223537] DMA: preallocated 128 KiB GFP_KERNEL|GFP_DMA pool for atomic allocations
[    0.224998] DMA: preallocated 128 KiB GFP_KERNEL|GFP_DMA32 pool for atomic allocations
[    0.226046] audit: initializing netlink subsys (disabled)
[    0.227038] audit: type=2000 audit(1691799164.717:1): state=initialized audit_enabled=0 res=1
[    0.227038] thermal_sys: Registered thermal governor 'fair_share'
[    0.227583] thermal_sys: Registered thermal governor 'bang_bang'
[    0.228678] thermal_sys: Registered thermal governor 'step_wise'
[    0.230012] thermal_sys: Registered thermal governor 'user_space'
[    0.231103] thermal_sys: Registered thermal governor 'power_allocator'
[    0.232235] cpuidle: using governor ladder
[    0.234031] cpuidle: using governor menu
[    0.235148] acpiphp: ACPI Hot Plug PCI Controller Driver version: 0.5
[    0.238202] PCI: Using configuration type 1 for base access
[    0.239206] PCI: Using configuration type 1 for extended access
[    0.243642] kprobes: kprobe jump-optimization is enabled. All kprobes are optimized if possible.
[    0.250188] HugeTLB: registered 1.00 GiB page size, pre-allocated 0 pages
[    0.251246] HugeTLB: 16380 KiB vmemmap can be freed for a 1.00 GiB page
[    0.252427] HugeTLB: registered 2.00 MiB page size, pre-allocated 0 pages
[    0.253628] HugeTLB: 28 KiB vmemmap can be freed for a 2.00 MiB page
[    0.254230] ACPI: Added _OSI(Module Device)
[    0.254954] ACPI: Added _OSI(Processor Device)
[    0.255728] ACPI: Added _OSI(3.0 _SCP Extensions)
[    0.256578] ACPI: Added _OSI(Processor Aggregator Device)
[    0.260638] ACPI: 1 ACPI AML tables successfully acquired and loaded
[    0.263864] ACPI: _OSC evaluation for CPUs failed, trying _PDC
[    0.264824] ACPI: Interpreter enabled
[    0.265493] ACPI: PM: (supports S0 S3 S4 S5)
[    0.266013] ACPI: Using IOAPIC for interrupt routing
[    0.266875] PCI: Using host bridge windows from ACPI; if necessary, use "pci=nocrs" and report a bug
[    0.268414] PCI: Using E820 reservations for host bridge windows
[    0.269814] ACPI: Enabled 2 GPEs in block 00 to 0F
[    0.280169] ACPI: PCI Root Bridge [PCI0] (domain 0000 [bus 00-ff])
[    0.281247] acpi PNP0A03:00: _OSC: OS supports [ExtendedConfig ASPM ClockPM Segments MSI HPX-Type3]
[    0.282789] acpiphp: Slot [2] registered
[    0.283512] acpiphp: Slot [3] registered
[    0.284194] acpiphp: Slot [4] registered
[    0.284877] acpiphp: Slot [5] registered
[    0.285560] acpiphp: Slot [6] registered
[    0.286032] acpiphp: Slot [7] registered
[    0.286724] acpiphp: Slot [8] registered
[    0.287449] acpiphp: Slot [9] registered
[    0.288139] acpiphp: Slot [10] registered
[    0.288830] acpiphp: Slot [11] registered
[    0.289529] acpiphp: Slot [12] registered
[    0.294037] acpiphp: Slot [13] registered
[    0.294754] acpiphp: Slot [14] registered
[    0.295468] acpiphp: Slot [15] registered
[    0.296172] acpiphp: Slot [16] registered
[    0.296870] acpiphp: Slot [17] registered
[    0.297568] acpiphp: Slot [18] registered
[    0.298032] acpiphp: Slot [19] registered
[    0.298763] acpiphp: Slot [20] registered
[    0.299472] acpiphp: Slot [21] registered
[    0.300174] acpiphp: Slot [22] registered
[    0.300877] acpiphp: Slot [23] registered
[    0.301574] acpiphp: Slot [24] registered
[    0.302032] acpiphp: Slot [25] registered
[    0.302773] acpiphp: Slot [26] registered
[    0.303477] acpiphp: Slot [27] registered
[    0.304182] acpiphp: Slot [28] registered
[    0.304886] acpiphp: Slot [29] registered
[    0.305587] acpiphp: Slot [30] registered
[    0.306037] acpiphp: Slot [31] registered
[    0.306739] PCI host bridge to bus 0000:00
[    0.307435] pci_bus 0000:00: root bus resource [io  0x0000-0x0cf7 window]
[    0.308576] pci_bus 0000:00: root bus resource [io  0x0d00-0xffff window]
[    0.309710] pci_bus 0000:00: root bus resource [mem 0x000a0000-0x000bffff window]
[    0.310012] pci_bus 0000:00: root bus resource [mem 0x20000000-0xfebfffff window]
[    0.311259] pci_bus 0000:00: root bus resource [mem 0x100000000-0x17fffffff window]
[    0.312535] pci_bus 0000:00: root bus resource [bus 00-ff]
[    0.313683] pci 0000:00:00.0: [8086:1237] type 00 class 0x060000
[    0.314422] pci 0000:00:01.0: [8086:7000] type 00 class 0x060100
[    0.315946] pci 0000:00:01.1: [8086:7010] type 00 class 0x010180
[    0.318265] pci 0000:00:01.1: reg 0x20: [io  0xc000-0xc00f]
[    0.319780] pci 0000:00:01.1: legacy IDE quirk: reg 0x10: [io  0x01f0-0x01f7]
[    0.321054] pci 0000:00:01.1: legacy IDE quirk: reg 0x14: [io  0x03f6]
[    0.322012] pci 0000:00:01.1: legacy IDE quirk: reg 0x18: [io  0x0170-0x0177]
[    0.323441] pci 0000:00:01.1: legacy IDE quirk: reg 0x1c: [io  0x0376]
[    0.324746] pci 0000:00:01.3: [8086:7113] type 00 class 0x068000
[    0.326100] pci 0000:00:01.3: quirk: [io  0x0600-0x063f] claimed by PIIX4 ACPI
[    0.327309] pci 0000:00:01.3: quirk: [io  0x0700-0x070f] claimed by PIIX4 SMB
[    0.329227] ACPI: PCI: Interrupt link LNKA configured for IRQ 10
[    0.330189] ACPI: PCI: Interrupt link LNKB configured for IRQ 10
[    0.331364] ACPI: PCI: Interrupt link LNKC configured for IRQ 11
[    0.332588] ACPI: PCI: Interrupt link LNKD configured for IRQ 11
[    0.333768] ACPI: PCI: Interrupt link LNKS configured for IRQ 9
[    0.338152] iommu: Default domain type: Translated
[    0.338873] iommu: DMA domain TLB invalidation policy: lazy mode
[    0.340063] pps_core: LinuxPPS API ver. 1 registered
[    0.340907] pps_core: Software ver. 5.3.6 - Copyright 2005-2007 Rodolfo Giometti <giometti@linux.it>
[    0.346019] PTP clock support registered
[    0.346740] EDAC MC: Ver: 3.0.0
[    0.347375] NetLabel: Initializing
[    0.347375] NetLabel:  domain hash size = 128
[    0.347624] NetLabel:  protocols = UNLABELED CIPSOv4 CALIPSO
[    0.350033] NetLabel:  unlabeled traffic allowed by default
[    0.351043] PCI: Using ACPI for IRQ routing
[    0.351828] vgaarb: loaded
[    0.351828] hpet0: at MMIO 0xfed00000, IRQs 2, 8, 0
[    0.351828] hpet0: 3 comparators, 64-bit 100.000000 MHz counter
[    0.358010] clocksource: Switched to clocksource kvm-clock
[    0.363494] VFS: Disk quotas dquot_6.6.0
[    0.364225] VFS: Dquot-cache hash table entries: 512 (order 0, 4096 bytes)
[    0.365666] AppArmor: AppArmor Filesystem Enabled
[    0.366486] pnp: PnP ACPI init
[    0.367524] pnp: PnP ACPI: found 5 devices
[    0.376598] clocksource: acpi_pm: mask: 0xffffff max_cycles: 0xffffff, max_idle_ns: 2085701024 ns
[    0.378320] NET: Registered PF_INET protocol family
[    0.379276] IP idents hash table entries: 8192 (order: 4, 65536 bytes, linear)
[    0.381204] tcp_listen_portaddr_hash hash table entries: 256 (order: 0, 4096 bytes, linear)
[    0.382795] Table-perturb hash table entries: 65536 (order: 6, 262144 bytes, linear)
[    0.384207] TCP established hash table entries: 4096 (order: 3, 32768 bytes, linear)
[    0.385591] TCP bind hash table entries: 4096 (order: 5, 131072 bytes, linear)
[    0.386832] TCP: Hash tables configured (established 4096 bind 4096)
[    0.388117] MPTCP token hash table entries: 512 (order: 1, 12288 bytes, linear)
[    0.389386] UDP hash table entries: 256 (order: 1, 8192 bytes, linear)
[    0.390482] UDP-Lite hash table entries: 256 (order: 1, 8192 bytes, linear)
[    0.391790] NET: Registered PF_UNIX/PF_LOCAL protocol family
[    0.392756] NET: Registered PF_XDP protocol family
[    0.393633] pci_bus 0000:00: resource 4 [io  0x0000-0x0cf7 window]
[    0.394735] pci_bus 0000:00: resource 5 [io  0x0d00-0xffff window]
[    0.395784] pci_bus 0000:00: resource 6 [mem 0x000a0000-0x000bffff window]
[    0.397023] pci_bus 0000:00: resource 7 [mem 0x20000000-0xfebfffff window]
[    0.398204] pci_bus 0000:00: resource 8 [mem 0x100000000-0x17fffffff window]
[    0.399479] pci 0000:00:01.0: PIIX3: Enabling Passive Release
[    0.400478] pci 0000:00:00.0: Limiting direct PCI/PCI transfers
[    0.401500] PCI: CLS 0 bytes, default 64
[    0.402362] Trying to unpack rootfs image as initramfs...
[    0.404209] Initialise system trusted keyrings
[    0.404974] Key type blacklist registered
[    0.405757] workingset: timestamp_bits=36 max_order=17 bucket_order=0
[    0.406860] zbud: loaded
[    0.407941] integrity: Platform Keyring initialized
[    0.408787] integrity: Machine keyring initialized
[    0.409619] Key type asymmetric registered
[    0.410353] Asymmetric key parser 'x509' registered
[    0.412458] Freeing initrd memory: 5172K
[    0.416431] Block layer SCSI generic (bsg) driver version 0.4 loaded (major 247)
[    0.417824] io scheduler mq-deadline registered
[    0.421058] shpchp: Standard Hot Plug PCI Controller Driver version: 0.4
[    0.426303] Serial: 8250/16550 driver, 4 ports, IRQ sharing enabled
[    0.427701] 00:03: ttyS0 at I/O 0x3f8 (irq = 4, base_baud = 115200) is a 16550A
[    0.430466] Linux agpgart interface v0.103
[    0.431329] AMD-Vi: AMD IOMMUv2 functionality not available on this system - This is not a bug.
[    0.445735] i8042: PNP: PS/2 Controller [PNP0303:KBD,PNP0f13:MOU] at 0x60,0x64 irq 1,12
[    0.447839] serio: i8042 KBD port at 0x60,0x64 irq 1
[    0.448672] serio: i8042 AUX port at 0x60,0x64 irq 12
[    0.449774] mousedev: PS/2 mouse device common for all mice
[    0.450761] rtc_cmos 00:04: RTC can wake from S4
[    0.452220] rtc_cmos 00:04: registered as rtc0
[    0.452332] input: AT Translated Set 2 keyboard as /devices/platform/i8042/serio0/input/input0
[    0.453197] rtc_cmos 00:04: setting system clock to 2023-08-12T00:12:44 UTC (1691799164)
[    0.456074] rtc_cmos 00:04: alarms up to one day, y3k, 242 bytes nvram, hpet irqs
[    0.457432] amd_pstate: the _CPC object is not present in SBIOS or ACPI disabled
[    0.460378] ledtrig-cpu: registered to indicate activity on CPUs
[    0.474202] NET: Registered PF_INET6 protocol family
[    0.478004] Segment Routing with IPv6
[    0.478689] In-situ OAM (IOAM) with IPv6
[    0.479402] mip6: Mobile IPv6
[    0.479928] NET: Registered PF_PACKET protocol family
[    0.480922] mpls_gso: MPLS GSO support
[    0.487362] IPI shorthand broadcast: enabled
[    0.490599] sched_clock: Marking stable (484003177, 5329144)->(500985056, -11652735)
[    0.492415] registered taskstats version 1
[    0.493655] Loading compiled-in X.509 certificates
[    0.509900] Loaded X.509 cert 'Build time autogenerated kernel key: 1883a7c17922ff4af0df3b8847f15522381fad92'
[    0.515929] Key type .fscrypt registered
[    0.516678] Key type fscrypt-provisioning registered
[    0.520037] Key type encrypted registered
[    0.520762] AppArmor: AppArmor sha1 policy hashing enabled
[    0.521787] ima: No TPM chip found, activating TPM-bypass!
[    0.522790] ima: Allocated hash algorithm: sha256
[    0.523633] ima: No architecture policies found
[    0.524495] evm: Initialising EVM extended attributes:
[    0.525470] evm: security.selinux
[    0.526059] evm: security.SMACK64 (disabled)
[    0.526806] evm: security.SMACK64EXEC (disabled)
[    0.527662] evm: security.SMACK64TRANSMUTE (disabled)
[    0.528592] evm: security.SMACK64MMAP (disabled)
[    0.529424] evm: security.apparmor
[    0.530030] evm: security.ima
[    0.530561] evm: security.capability
[    0.531189] evm: HMAC attrs: 0x1
[    0.624913] clk: Disabling unused clocks
[    0.628791] Freeing unused decrypted memory: 2036K
[    0.630783] Freeing unused kernel image (initmem) memory: 3764K
[    0.637388] Write protecting the kernel read-only data: 28672k
[    0.639471] Freeing unused kernel image (rodata/data gap) memory: 1980K
[    0.718452] x86/mm: Checked W+X mappings: passed, no W+X pages found.
[    0.719450] Run /init as init process
[    0.722087] Not activating Mandatory Access Control as /sbin/tomoyo-init does not exist.
Starting syslogd: OK
Starting klogd: OK
Running sysctl: OK
Saving 256 bits of creditable seed for next boot
Starting network: OK
Linux version 6.5.0-rc5-next-20230809-cbl (nathan@dev-arch.m3-large-x86-01) (ClangBuiltLinux clang version 16.0.6 (https://github.com/llvm/llvm-project 7cbf1a2591520c2491aa35339f227775f4d3adf6), ClangBuiltLinux LLD 16.0.6) #1 SMP PREEMPT_DYNAMIC Sat Aug 12 00:11:44 UTC 2023
Stopping network: OK
Seeding 256 bits and crediting
Saving 256 bits of creditable seed for next boot
Stopping klogd: OK
Stopping syslogd: OK
umount: devtmpfs busy - remounted read-only
umount: can't unmount /: Invalid argument

The system is going down NOW!

Sent SIGTERM to all processes

Sent SIGKILL to all processes

Requesting system poweroff
[    2.797091] ACPI: PM: Preparing to enter system sleep state S5
[    2.798106] reboot: Power down
$ timeout --foreground 3m stdbuf -eL -oL /usr/sbin/qemu-system-x86_64 -display none -nodefaults -d unimp,guest_errors -append 'console=ttyS0 earlycon=uart8250,io,0x3f8' -kernel /home/nathan/tmp/build/cbl_lkt/linux-next/x86_64/arch/x86/boot/bzImage -initrd /home/nathan/cbl/llvm-kernel-testing/src/boot-utils/images/x86_64/rootfs.cpio -cpu host -enable-kvm -m 512m -smp 64 -serial mon:stdio
