/home/nathan/cbl/src/linux-next/drivers/bus/mhi/host/main.c:803:13: warning: parameter 'event_quota' set but not used [-Wunused-but-set-parameter]
                             u32 event_quota)
                                 ^
1 warning generated.
/home/nathan/cbl/src/linux-next/lib/radix-tree.c:1136:50: warning: parameter 'slot' set but not used [-Wunused-but-set-parameter]
void __rcu **radix_tree_iter_resume(void __rcu **slot,
                                                 ^
1 warning generated.
/home/nathan/cbl/src/linux-next/net/ipv4/tcp_output.c:186:3: warning: result of comparison of constant -1 with expression of type 'u8' (aka 'unsigned char') is always false [-Wtautological-constant-out-of-range-compare]
                NET_ADD_STATS(sock_net(sk), LINUX_MIB_TCPACKCOMPRESSED,
                ^~~~~~~~~~~~~~~~~~~~~~~~~~~~~~~~~~~~~~~~~~~~~~~~~~~~~~~
/home/nathan/cbl/src/linux-next/include/net/ip.h:301:41: note: expanded from macro 'NET_ADD_STATS'
#define NET_ADD_STATS(net, field, adnd) SNMP_ADD_STATS((net)->mib.net_statistics, field, adnd)
                                        ^~~~~~~~~~~~~~~~~~~~~~~~~~~~~~~~~~~~~~~~~~~~~~~~~~~~~~
/home/nathan/cbl/src/linux-next/include/net/snmp.h:143:4: note: expanded from macro 'SNMP_ADD_STATS'
                        this_cpu_add(mib->mibs[field], addend)
                        ^~~~~~~~~~~~~~~~~~~~~~~~~~~~~~~~~~~~~~
/home/nathan/cbl/src/linux-next/include/linux/percpu-defs.h:491:33: note: expanded from macro 'this_cpu_add'
#define this_cpu_add(pcp, val)          __pcpu_size_call(this_cpu_add_, pcp, val)
                                        ^~~~~~~~~~~~~~~~~~~~~~~~~~~~~~~~~~~~~~~~~
note: (skipping 1 expansions in backtrace; use -fmacro-backtrace-limit=0 to see all)
<scratch space>:157:1: note: expanded from here
this_cpu_add_8
^
/home/nathan/cbl/src/linux-next/arch/x86/include/asm/percpu.h:370:35: note: expanded from macro 'this_cpu_add_8'
#define this_cpu_add_8(pcp, val)                percpu_add_op(8, volatile, (pcp), val)
                                                ^~~~~~~~~~~~~~~~~~~~~~~~~~~~~~~~~~~~~~
/home/nathan/cbl/src/linux-next/arch/x86/include/asm/percpu.h:127:31: note: expanded from macro 'percpu_add_op'
                              ((val) == 1 || (val) == -1)) ?            \
                                             ~~~~~ ^  ~~
1 warning generated.
/home/nathan/cbl/src/linux-next/drivers/block/floppy.c:2001:11: warning: cast from 'void (*)(void)' to 'done_f' (aka 'void (*)(int)') converts to incompatible function type [-Wcast-function-type-strict]
        .done           = (done_f)empty
                          ^~~~~~~~~~~~~
/home/nathan/cbl/src/linux-next/drivers/block/floppy.c:2008:11: warning: cast from 'void (*)(void)' to 'done_f' (aka 'void (*)(int)') converts to incompatible function type [-Wcast-function-type-strict]
        .done           = (done_f)empty
                          ^~~~~~~~~~~~~
2 warnings generated.
/home/nathan/cbl/src/linux-next/sound/pci/aw2/aw2-alsa.c:363:11: warning: cast from 'void (*)(struct snd_pcm_substream *)' to 'snd_aw2_saa7146_it_cb' (aka 'void (*)(void *)') converts to incompatible function type [-Wcast-function-type-strict]
                                                    (snd_aw2_saa7146_it_cb)
                                                    ^~~~~~~~~~~~~~~~~~~~~~~
/home/nathan/cbl/src/linux-next/sound/pci/aw2/aw2-alsa.c:392:10: warning: cast from 'void (*)(struct snd_pcm_substream *)' to 'snd_aw2_saa7146_it_cb' (aka 'void (*)(void *)') converts to incompatible function type [-Wcast-function-type-strict]
                                                   (snd_aw2_saa7146_it_cb)
                                                   ^~~~~~~~~~~~~~~~~~~~~~~
2 warnings generated.
/home/nathan/cbl/src/linux-next/sound/core/seq/seq_midi.c:135:30: warning: cast from 'int (*)(struct snd_rawmidi_substream *, const char *, int)' to 'snd_seq_dump_func_t' (aka 'int (*)(void *, void *, int)') converts to incompatible function type [-Wcast-function-type-strict]
                snd_seq_dump_var_event(ev, (snd_seq_dump_func_t)dump_midi, substream);
                                           ^~~~~~~~~~~~~~~~~~~~~~~~~~~~~~
1 warning generated.
/home/nathan/cbl/src/linux-next/sound/core/seq/seq_virmidi.c:83:31: warning: cast from 'int (*)(struct snd_rawmidi_substream *, const unsigned char *, int)' to 'snd_seq_dump_func_t' (aka 'int (*)(void *, void *, int)') converts to incompatible function type [-Wcast-function-type-strict]
                        snd_seq_dump_var_event(ev, (snd_seq_dump_func_t)snd_rawmidi_receive, vmidi->substream);
                                                   ^~~~~~~~~~~~~~~~~~~~~~~~~~~~~~~~~~~~~~~~
1 warning generated.
/home/nathan/cbl/src/linux-next/sound/pci/ctxfi/ctatc.c:115:25: warning: cast from 'int (*)(struct hw *, struct src_mgr **)' to 'create_t' (aka 'int (*)(struct hw *, void **)') converts to incompatible function type [-Wcast-function-type-strict]
        [SRC]           = { .create     = (create_t)src_mgr_create,
                                          ^~~~~~~~~~~~~~~~~~~~~~~~
/home/nathan/cbl/src/linux-next/sound/pci/ctxfi/ctatc.c:116:20: warning: cast from 'int (*)(struct src_mgr *)' to 'destroy_t' (aka 'int (*)(void *)') converts to incompatible function type [-Wcast-function-type-strict]
                            .destroy    = (destroy_t)src_mgr_destroy    },
                                          ^~~~~~~~~~~~~~~~~~~~~~~~~~
/home/nathan/cbl/src/linux-next/sound/pci/ctxfi/ctatc.c:117:27: warning: cast from 'int (*)(struct hw *, struct srcimp_mgr **)' to 'create_t' (aka 'int (*)(struct hw *, void **)') converts to incompatible function type [-Wcast-function-type-strict]
        [SRCIMP]        = { .create     = (create_t)srcimp_mgr_create,
                                          ^~~~~~~~~~~~~~~~~~~~~~~~~~~
/home/nathan/cbl/src/linux-next/sound/pci/ctxfi/ctatc.c:118:20: warning: cast from 'int (*)(struct srcimp_mgr *)' to 'destroy_t' (aka 'int (*)(void *)') converts to incompatible function type [-Wcast-function-type-strict]
                            .destroy    = (destroy_t)srcimp_mgr_destroy },
                                          ^~~~~~~~~~~~~~~~~~~~~~~~~~~~~
/home/nathan/cbl/src/linux-next/sound/pci/ctxfi/ctatc.c:119:25: warning: cast from 'int (*)(struct hw *, struct amixer_mgr **)' to 'create_t' (aka 'int (*)(struct hw *, void **)') converts to incompatible function type [-Wcast-function-type-strict]
        [AMIXER]        = { .create     = (create_t)amixer_mgr_create,
                                          ^~~~~~~~~~~~~~~~~~~~~~~~~~~
/home/nathan/cbl/src/linux-next/sound/pci/ctxfi/ctatc.c:120:19: warning: cast from 'int (*)(struct amixer_mgr *)' to 'destroy_t' (aka 'int (*)(void *)') converts to incompatible function type [-Wcast-function-type-strict]
                            .destroy    = (destroy_t)amixer_mgr_destroy },
                                          ^~~~~~~~~~~~~~~~~~~~~~~~~~~~~
/home/nathan/cbl/src/linux-next/sound/pci/ctxfi/ctatc.c:121:23: warning: cast from 'int (*)(struct hw *, struct sum_mgr **)' to 'create_t' (aka 'int (*)(struct hw *, void **)') converts to incompatible function type [-Wcast-function-type-strict]
        [SUM]           = { .create     = (create_t)sum_mgr_create,
                                          ^~~~~~~~~~~~~~~~~~~~~~~~
/home/nathan/cbl/src/linux-next/sound/pci/ctxfi/ctatc.c:122:19: warning: cast from 'int (*)(struct sum_mgr *)' to 'destroy_t' (aka 'int (*)(void *)') converts to incompatible function type [-Wcast-function-type-strict]
                            .destroy    = (destroy_t)sum_mgr_destroy    },
                                          ^~~~~~~~~~~~~~~~~~~~~~~~~~
/home/nathan/cbl/src/linux-next/sound/pci/ctxfi/ctatc.c:123:24: warning: cast from 'int (*)(struct hw *, struct daio_mgr **)' to 'create_t' (aka 'int (*)(struct hw *, void **)') converts to incompatible function type [-Wcast-function-type-strict]
        [DAIO]          = { .create     = (create_t)daio_mgr_create,
                                          ^~~~~~~~~~~~~~~~~~~~~~~~~
/home/nathan/cbl/src/linux-next/sound/pci/ctxfi/ctatc.c:124:19: warning: cast from 'int (*)(struct daio_mgr *)' to 'destroy_t' (aka 'int (*)(void *)') converts to incompatible function type [-Wcast-function-type-strict]
                            .destroy    = (destroy_t)daio_mgr_destroy   }
                                          ^~~~~~~~~~~~~~~~~~~~~~~~~~~
10 warnings generated.
/home/nathan/cbl/src/linux-next/drivers/block/rbd.c:6149:17: warning: result of comparison of constant 2305843009213693948 with expression of type 'u32' (aka 'unsigned int') is always false [-Wtautological-constant-out-of-range-compare]
        if (snap_count > (SIZE_MAX - sizeof (struct ceph_snap_context))
            ~~~~~~~~~~ ^ ~~~~~~~~~~~~~~~~~~~~~~~~~~~~~~~~~~~~~~~~~~~~~~
1 warning generated.
/home/nathan/cbl/src/linux-next/drivers/block/drbd/drbd_state.c:1632:3: warning: cast from 'int (*)(struct sk_buff *, unsigned int, struct drbd_resource_state_change *, enum drbd_notification_type)' to 'typeof (last_func)' (aka 'int (*)(struct sk_buff *, unsigned int, void *, enum drbd_notification_type)') converts to incompatible function type [-Wcast-function-type-strict]
                REMEMBER_STATE_CHANGE(notify_resource_state_change,
                ^~~~~~~~~~~~~~~~~~~~~~~~~~~~~~~~~~~~~~~~~~~~~~~~~~~
/home/nathan/cbl/src/linux-next/drivers/block/drbd/drbd_state.c:1619:17: note: expanded from macro 'REMEMBER_STATE_CHANGE'
           last_func = (typeof(last_func))func; \
                       ^~~~~~~~~~~~~~~~~~~~~~~
/home/nathan/cbl/src/linux-next/drivers/block/drbd/drbd_state.c:1641:4: warning: cast from 'int (*)(struct sk_buff *, unsigned int, struct drbd_connection_state_change *, enum drbd_notification_type)' to 'typeof (last_func)' (aka 'int (*)(struct sk_buff *, unsigned int, void *, enum drbd_notification_type)') converts to incompatible function type [-Wcast-function-type-strict]
                        REMEMBER_STATE_CHANGE(notify_connection_state_change,
                        ^~~~~~~~~~~~~~~~~~~~~~~~~~~~~~~~~~~~~~~~~~~~~~~~~~~~~
/home/nathan/cbl/src/linux-next/drivers/block/drbd/drbd_state.c:1619:17: note: expanded from macro 'REMEMBER_STATE_CHANGE'
           last_func = (typeof(last_func))func; \
                       ^~~~~~~~~~~~~~~~~~~~~~~
/home/nathan/cbl/src/linux-next/drivers/block/drbd/drbd_state.c:1650:4: warning: cast from 'int (*)(struct sk_buff *, unsigned int, struct drbd_device_state_change *, enum drbd_notification_type)' to 'typeof (last_func)' (aka 'int (*)(struct sk_buff *, unsigned int, void *, enum drbd_notification_type)') converts to incompatible function type [-Wcast-function-type-strict]
                        REMEMBER_STATE_CHANGE(notify_device_state_change,
                        ^~~~~~~~~~~~~~~~~~~~~~~~~~~~~~~~~~~~~~~~~~~~~~~~~
/home/nathan/cbl/src/linux-next/drivers/block/drbd/drbd_state.c:1619:17: note: expanded from macro 'REMEMBER_STATE_CHANGE'
           last_func = (typeof(last_func))func; \
                       ^~~~~~~~~~~~~~~~~~~~~~~
/home/nathan/cbl/src/linux-next/drivers/block/drbd/drbd_state.c:1664:4: warning: cast from 'int (*)(struct sk_buff *, unsigned int, struct drbd_peer_device_state_change *, enum drbd_notification_type)' to 'typeof (last_func)' (aka 'int (*)(struct sk_buff *, unsigned int, void *, enum drbd_notification_type)') converts to incompatible function type [-Wcast-function-type-strict]
                        REMEMBER_STATE_CHANGE(notify_peer_device_state_change,
                        ^~~~~~~~~~~~~~~~~~~~~~~~~~~~~~~~~~~~~~~~~~~~~~~~~~~~~~
/home/nathan/cbl/src/linux-next/drivers/block/drbd/drbd_state.c:1619:17: note: expanded from macro 'REMEMBER_STATE_CHANGE'
           last_func = (typeof(last_func))func; \
                       ^~~~~~~~~~~~~~~~~~~~~~~
4 warnings generated.
/home/nathan/cbl/src/linux-next/arch/x86/kernel/paravirt.c:300:4: warning: cast from 'void (*)(struct mmu_gather *, struct page *)' to 'void (*)(struct mmu_gather *, void *)' converts to incompatible function type [-Wcast-function-type-strict]
                        (void (*)(struct mmu_gather *, void *))tlb_remove_page,
                        ^~~~~~~~~~~~~~~~~~~~~~~~~~~~~~~~~~~~~~~~~~~~~~~~~~~~~~
1 warning generated.
/home/nathan/cbl/src/linux-next/drivers/net/wireless/ath/ath9k/main.c:1566:21: warning: parameter 'changed_flags' set but not used [-Wunused-but-set-parameter]
                                   unsigned int changed_flags,
                                                ^
/home/nathan/cbl/src/linux-next/drivers/net/wireless/broadcom/brcm80211/brcmsmac/phy_shim.c:64:34: warning: cast from 'void (*)(struct brcms_phy *)' to 'void (*)(void *)' converts to incompatible function type [-Wcast-function-type-strict]
                        brcms_init_timer(physhim->wl, (void (*)(void *))fn,
                                                      ^~~~~~~~~~~~~~~~~~~~
1 warning generated.
1 warning generated.
/home/nathan/cbl/src/linux-next/net/ceph/osdmap.c:1441:10: warning: result of comparison of constant 4611686018427387891 with expression of type 'u32' (aka 'unsigned int') is always false [-Wtautological-constant-out-of-range-compare]
        if (len > (SIZE_MAX - sizeof(*pg)) / sizeof(u32))
            ~~~ ^ ~~~~~~~~~~~~~~~~~~~~~~~~~~~~~~~~~~~~~~
/home/nathan/cbl/src/linux-next/net/ceph/osdmap.c:1624:10: warning: result of comparison of constant 2305843009213693945 with expression of type 'u32' (aka 'unsigned int') is always false [-Wtautological-constant-out-of-range-compare]
        if (len > (SIZE_MAX - sizeof(*pg)) / (2 * sizeof(u32)))
            ~~~ ^ ~~~~~~~~~~~~~~~~~~~~~~~~~~~~~~~~~~~~~~~~~~~~
2 warnings generated.
/home/nathan/cbl/src/linux-next/drivers/net/ethernet/brocade/bna/bnad.c:1995:4: warning: cast from 'void (*)(struct delayed_work *)' to 'work_func_t' (aka 'void (*)(struct work_struct *)') converts to incompatible function type [-Wcast-function-type-strict]
                        (work_func_t)bnad_tx_cleanup);
                        ^~~~~~~~~~~~~~~~~~~~~~~~~~~~
/home/nathan/cbl/src/linux-next/include/linux/workqueue.h:320:29: note: expanded from macro 'INIT_DELAYED_WORK'
        __INIT_DELAYED_WORK(_work, _func, 0)
                                   ^~~~~
/home/nathan/cbl/src/linux-next/include/linux/workqueue.h:305:30: note: expanded from macro '__INIT_DELAYED_WORK'
                INIT_WORK(&(_work)->work, (_func));                     \
                                           ^~~~~
/home/nathan/cbl/src/linux-next/include/linux/workqueue.h:298:24: note: expanded from macro 'INIT_WORK'
        __INIT_WORK((_work), (_func), 0)
                              ^~~~~
/home/nathan/cbl/src/linux-next/include/linux/workqueue.h:293:20: note: expanded from macro '__INIT_WORK'
                (_work)->func = (_func);                                \
                                 ^~~~~
/home/nathan/cbl/src/linux-next/drivers/net/ethernet/brocade/bna/bnad.c:2252:4: warning: cast from 'void (*)(void *)' to 'work_func_t' (aka 'void (*)(struct work_struct *)') converts to incompatible function type [-Wcast-function-type-strict]
                        (work_func_t)(bnad_rx_cleanup));
                        ^~~~~~~~~~~~~~~~~~~~~~~~~~~~~~
/home/nathan/cbl/src/linux-next/include/linux/workqueue.h:298:24: note: expanded from macro 'INIT_WORK'
        __INIT_WORK((_work), (_func), 0)
                              ^~~~~
/home/nathan/cbl/src/linux-next/include/linux/workqueue.h:293:20: note: expanded from macro '__INIT_WORK'
                (_work)->func = (_func);                                \
                                 ^~~~~
2 warnings generated.
/home/nathan/cbl/src/linux-next/drivers/net/wireless/ath/ath5k/mac80211-ops.c:367:62: warning: parameter 'changed_flags' set but not used [-Wunused-but-set-parameter]
ath5k_configure_filter(struct ieee80211_hw *hw, unsigned int changed_flags,
                                                             ^
1 warning generated.
drivers/net/wireless/realtek/rtlwifi/rtl8192cu/hw.o: warning: objtool: rtl92cu_hw_init() falls through to next function rtl92cu_card_disable()
/home/nathan/cbl/src/linux-next/drivers/net/wireless/ath/ath9k/htc_drv_main.c:1258:25: warning: parameter 'changed_flags' set but not used [-Wunused-but-set-parameter]
                                       unsigned int changed_flags,
                                                    ^
1 warning generated.
/home/nathan/cbl/src/linux-next/drivers/firmware/dmi-id.c:174:17: warning: cast from 'void (*)(const void *)' to 'void (*)(struct device *)' converts to incompatible function type [-Wcast-function-type-strict]
        .dev_release = (void(*)(struct device *)) kfree,
                       ^~~~~~~~~~~~~~~~~~~~~~~~~~~~~~~~
1 warning generated.
/home/nathan/cbl/src/linux-next/drivers/net/ethernet/qlogic/qed/qed_vf.c:63:67: warning: parameter 'resp_size' set but not used [-Wunused-but-set-parameter]
static int qed_send_msg2pf(struct qed_hwfn *p_hwfn, u8 *done, u32 resp_size)
                                                                  ^
1 warning generated.
/home/nathan/cbl/src/linux-next/fs/ubifs/find.c:170:9: warning: cast from 'int (*)(struct ubifs_info *, const struct ubifs_lprops *, int, struct scan_data *)' to 'ubifs_lpt_scan_callback' (aka 'int (*)(struct ubifs_info *, const struct ubifs_lprops *, int, void *)') converts to incompatible function type [-Wcast-function-type-strict]
                                    (ubifs_lpt_scan_callback)scan_for_dirty_cb,
                                    ^~~~~~~~~~~~~~~~~~~~~~~~~~~~~~~~~~~~~~~~~~
/home/nathan/cbl/src/linux-next/fs/ubifs/find.c:449:9: warning: cast from 'int (*)(struct ubifs_info *, const struct ubifs_lprops *, int, struct scan_data *)' to 'ubifs_lpt_scan_callback' (aka 'int (*)(struct ubifs_info *, const struct ubifs_lprops *, int, void *)') converts to incompatible function type [-Wcast-function-type-strict]
                                    (ubifs_lpt_scan_callback)scan_for_free_cb,
                                    ^~~~~~~~~~~~~~~~~~~~~~~~~~~~~~~~~~~~~~~~~
/home/nathan/cbl/src/linux-next/fs/ubifs/find.c:629:9: warning: cast from 'int (*)(struct ubifs_info *, const struct ubifs_lprops *, int, struct scan_data *)' to 'ubifs_lpt_scan_callback' (aka 'int (*)(struct ubifs_info *, const struct ubifs_lprops *, int, void *)') converts to incompatible function type [-Wcast-function-type-strict]
                                    (ubifs_lpt_scan_callback)scan_for_idx_cb,
                                    ^~~~~~~~~~~~~~~~~~~~~~~~~~~~~~~~~~~~~~~~
/home/nathan/cbl/src/linux-next/fs/ubifs/find.c:757:7: warning: cast from 'int (*)(const struct ubifs_lprops **, const struct ubifs_lprops **)' to 'int (*)(const void *, const void *)' converts to incompatible function type [-Wcast-function-type-strict]
             (int (*)(const void *, const void *))cmp_dirty_idx, NULL);
             ^~~~~~~~~~~~~~~~~~~~~~~~~~~~~~~~~~~~~~~~~~~~~~~~~~
/home/nathan/cbl/src/linux-next/fs/ubifs/find.c:846:9: warning: cast from 'int (*)(struct ubifs_info *, const struct ubifs_lprops *, int, struct scan_data *)' to 'ubifs_lpt_scan_callback' (aka 'int (*)(struct ubifs_info *, const struct ubifs_lprops *, int, void *)') converts to incompatible function type [-Wcast-function-type-strict]
                                    (ubifs_lpt_scan_callback)scan_dirty_idx_cb,
                                    ^~~~~~~~~~~~~~~~~~~~~~~~~~~~~~~~~~~~~~~~~~
5 warnings generated.
/home/nathan/cbl/src/linux-next/fs/ubifs/lprops.c:1272:9: warning: cast from 'int (*)(struct ubifs_info *, const struct ubifs_lprops *, int, struct ubifs_lp_stats *)' to 'ubifs_lpt_scan_callback' (aka 'int (*)(struct ubifs_info *, const struct ubifs_lprops *, int, void *)') converts to incompatible function type [-Wcast-function-type-strict]
                                    (ubifs_lpt_scan_callback)scan_check_cb,
                                    ^~~~~~~~~~~~~~~~~~~~~~~~~~~~~~~~~~~~~~
1 warning generated.
drivers/net/ethernet/jme.o: warning: objtool: jme_check_link() falls through to next function jme_powersave_phy()
/home/nathan/cbl/src/linux-next/fs/ceph/snap.c:372:10: warning: result of comparison of constant 2305843009213693948 with expression of type 'u32' (aka 'unsigned int') is always false [-Wtautological-constant-out-of-range-compare]
        if (num > (SIZE_MAX - sizeof(*snapc)) / sizeof(u64))
            ~~~ ^ ~~~~~~~~~~~~~~~~~~~~~~~~~~~~~~~~~~~~~~~~~
1 warning generated.
/home/nathan/cbl/src/linux-next/drivers/infiniband/ulp/srpt/ib_srpt.c:1811:5: warning: cast from 'void (*)(struct ib_event *, struct srpt_rdma_ch *)' to 'void (*)(struct ib_event *, void *)' converts to incompatible function type [-Wcast-function-type-strict]
                = (void(*)(struct ib_event *, void*))srpt_qp_event;
                  ^~~~~~~~~~~~~~~~~~~~~~~~~~~~~~~~~~~~~~~~~~~~~~~~
1 warning generated.
/home/nathan/cbl/src/linux-next/drivers/gpu/drm/nouveau/nvkm/subdev/bios/shadow.c:161:10: warning: cast from 'void (*)(const struct firmware *)' to 'void (*)(void *)' converts to incompatible function type [-Wcast-function-type-strict]
        .fini = (void(*)(void *))release_firmware,
                ^~~~~~~~~~~~~~~~~~~~~~~~~~~~~~~~~
1 warning generated.
net/netfilter/ipvs/ip_vs_proto.o: warning: objtool: .init.text: unexpected end of section

[01;32mQEMU location: [0m/usr/sbin[0m

[01;32mQEMU version: [0mQEMU emulator version 8.0.3[0m
[    0.000000] Linux version 6.5.0-rc5-next-20230809-cbl (nathan@dev-arch.m3-large-x86-01) (ClangBuiltLinux clang version 16.0.6 (https://github.com/llvm/llvm-project 7cbf1a2591520c2491aa35339f227775f4d3adf6), ClangBuiltLinux LLD 16.0.6) #1 SMP PREEMPT_DYNAMIC Sat Aug 12 00:00:51 UTC 2023
[    0.000000] Command line: console=ttyS0 earlycon=uart8250,io,0x3f8
[    0.000000] BIOS-provided physical RAM map:
[    0.000000] BIOS-e820: [mem 0x0000000000000000-0x000000000009fbff] usable
[    0.000000] BIOS-e820: [mem 0x000000000009fc00-0x000000000009ffff] reserved
[    0.000000] BIOS-e820: [mem 0x00000000000f0000-0x00000000000fffff] reserved
[    0.000000] BIOS-e820: [mem 0x0000000000100000-0x000000001ffdffff] usable
[    0.000000] BIOS-e820: [mem 0x000000001ffe0000-0x000000001fffffff] reserved
[    0.000000] BIOS-e820: [mem 0x00000000feffc000-0x00000000feffffff] reserved
[    0.000000] BIOS-e820: [mem 0x00000000fffc0000-0x00000000ffffffff] reserved
[    0.000000] BIOS-e820: [mem 0x000000fd00000000-0x000000ffffffffff] reserved
[    0.000000] earlycon: uart8250 at I/O port 0x3f8 (options '')
[    0.000000] printk: bootconsole [uart8250] enabled
[    0.000000] NX (Execute Disable) protection: active
[    0.000000] SMBIOS 2.8 present.
[    0.000000] DMI: QEMU Standard PC (i440FX + PIIX, 1996), BIOS Arch Linux 1.16.2-1-1 04/01/2014
[    0.000000] Hypervisor detected: KVM
[    0.000000] kvm-clock: Using msrs 4b564d01 and 4b564d00
[    0.000000] kvm-clock: using sched offset of 162825668 cycles
[    0.000500] clocksource: kvm-clock: mask: 0xffffffffffffffff max_cycles: 0x1cd42e4dffb, max_idle_ns: 881590591483 ns
[    0.002044] tsc: Detected 2495.312 MHz processor
[    0.002638] last_pfn = 0x1ffe0 max_arch_pfn = 0x400000000
[    0.003199] MTRR map: 4 entries (3 fixed + 1 variable; max 19), built from 8 variable MTRRs
[    0.004002] x86/PAT: Configuration [0-7]: WB  WC  UC- UC  WB  WP  UC- WT  
[    0.007251] found SMP MP-table at [mem 0x000f6e60-0x000f6e6f]
[    0.007874] Using GB pages for direct mapping
[    0.008417] RAMDISK: [mem 0x1fad3000-0x1ffdffff]
[    0.008996] ACPI: Early table checksum verification disabled
[    0.009544] ACPI: RSDP 0x00000000000F6C90 000014 (v00 BOCHS )
[    0.010094] ACPI: RSDT 0x000000001FFE31D1 000034 (v01 BOCHS  BXPC     00000001 BXPC 00000001)
[    0.010913] ACPI: FACP 0x000000001FFE2E8D 000074 (v01 BOCHS  BXPC     00000001 BXPC 00000001)
[    0.011723] ACPI: DSDT 0x000000001FFE0040 002E4D (v01 BOCHS  BXPC     00000001 BXPC 00000001)
[    0.012546] ACPI: FACS 0x000000001FFE0000 000040
[    0.012986] ACPI: APIC 0x000000001FFE2F01 000270 (v01 BOCHS  BXPC     00000001 BXPC 00000001)
[    0.013805] ACPI: HPET 0x000000001FFE3171 000038 (v01 BOCHS  BXPC     00000001 BXPC 00000001)
[    0.014621] ACPI: WAET 0x000000001FFE31A9 000028 (v01 BOCHS  BXPC     00000001 BXPC 00000001)
[    0.015431] ACPI: Reserving FACP table memory at [mem 0x1ffe2e8d-0x1ffe2f00]
[    0.016108] ACPI: Reserving DSDT table memory at [mem 0x1ffe0040-0x1ffe2e8c]
[    0.016780] ACPI: Reserving FACS table memory at [mem 0x1ffe0000-0x1ffe003f]
[    0.017470] ACPI: Reserving APIC table memory at [mem 0x1ffe2f01-0x1ffe3170]
[    0.018143] ACPI: Reserving HPET table memory at [mem 0x1ffe3171-0x1ffe31a8]
[    0.019343] ACPI: Reserving WAET table memory at [mem 0x1ffe31a9-0x1ffe31d0]
[    0.020564] No NUMA configuration found
[    0.020929] Faking a node at [mem 0x0000000000000000-0x000000001ffdffff]
[    0.021563] NODE_DATA(0) allocated [mem 0x1face000-0x1fad2fff]
[    0.022130] Zone ranges:
[    0.022369]   DMA      [mem 0x0000000000001000-0x0000000000ffffff]
[    0.022959]   DMA32    [mem 0x0000000001000000-0x000000001ffdffff]
[    0.023548]   Normal   empty
[    0.023822] Movable zone start for each node
[    0.024223] Early memory node ranges
[    0.024562]   node   0: [mem 0x0000000000001000-0x000000000009efff]
[    0.025163]   node   0: [mem 0x0000000000100000-0x000000001ffdffff]
[    0.025762] Initmem setup node 0 [mem 0x0000000000001000-0x000000001ffdffff]
[    0.026621] On node 0, zone DMA: 1 pages in unavailable ranges
[    0.026641] On node 0, zone DMA: 97 pages in unavailable ranges
[    0.028276] On node 0, zone DMA32: 32 pages in unavailable ranges
[    0.029055] ACPI: PM-Timer IO Port: 0x608
[    0.030025] ACPI: LAPIC_NMI (acpi_id[0xff] dfl dfl lint[0x1])
[    0.030590] IOAPIC[0]: apic_id 0, version 17, address 0xfec00000, GSI 0-23
[    0.031248] ACPI: INT_SRC_OVR (bus 0 bus_irq 0 global_irq 2 dfl dfl)
[    0.031852] ACPI: INT_SRC_OVR (bus 0 bus_irq 5 global_irq 5 high level)
[    0.032484] ACPI: INT_SRC_OVR (bus 0 bus_irq 9 global_irq 9 high level)
[    0.033111] ACPI: INT_SRC_OVR (bus 0 bus_irq 10 global_irq 10 high level)
[    0.033757] ACPI: INT_SRC_OVR (bus 0 bus_irq 11 global_irq 11 high level)
[    0.034410] ACPI: Using ACPI (MADT) for SMP configuration information
[    0.035024] ACPI: HPET id: 0x8086a201 base: 0xfed00000
[    0.035517] TSC deadline timer available
[    0.035893] smpboot: Allowing 64 CPUs, 0 hotplug CPUs
[    0.036383] kvm-guest: KVM setup pv remote TLB flush
[    0.036864] kvm-guest: setup PV sched yield
[    0.037265] PM: hibernation: Registered nosave memory: [mem 0x00000000-0x00000fff]
[    0.037985] PM: hibernation: Registered nosave memory: [mem 0x0009f000-0x0009ffff]
[    0.038705] PM: hibernation: Registered nosave memory: [mem 0x000a0000-0x000effff]
[    0.039420] PM: hibernation: Registered nosave memory: [mem 0x000f0000-0x000fffff]
[    0.040140] [mem 0x20000000-0xfeffbfff] available for PCI devices
[    0.040716] Booting paravirtualized kernel on KVM
[    0.041167] clocksource: refined-jiffies: mask: 0xffffffff max_cycles: 0xffffffff, max_idle_ns: 1910969940391419 ns
[    0.042159] setup_percpu: NR_CPUS:256 nr_cpumask_bits:64 nr_cpu_ids:64 nr_node_ids:1
[    0.045392] percpu: Embedded 47 pages/cpu s155048 r8192 d29272 u262144
[    0.046153] Kernel command line: console=ttyS0 earlycon=uart8250,io,0x3f8
[    0.046914] random: crng init done
[    0.047246] printk: log_buf_len individual max cpu contribution: 4096 bytes
[    0.047925] printk: log_buf_len total cpu_extra contributions: 258048 bytes
[    0.048604] printk: log_buf_len min size: 262144 bytes
[    0.049456] printk: log_buf_len: 524288 bytes
[    0.049885] printk: early log buf free: 255856(97%)
[    0.050536] Dentry cache hash table entries: 65536 (order: 7, 524288 bytes, linear)
[    0.051305] Inode-cache hash table entries: 32768 (order: 6, 262144 bytes, linear)
[    0.052412] Fallback order for Node 0: 0 
[    0.052424] Built 1 zonelists, mobility grouping on.  Total pages: 128736
[    0.053487] Policy zone: DMA32
[    0.053786] mem auto-init: stack:off, heap alloc:on, heap free:off
[    0.055489] Memory: 473304K/523768K available (12288K kernel code, 1484K rwdata, 2320K rodata, 1428K init, 1044K bss, 50204K reserved, 0K cma-reserved)
[    0.057056] SLUB: HWalign=64, Order=0-3, MinObjects=0, CPUs=64, Nodes=1
[    0.057791] Dynamic Preempt: full
[    0.058413] rcu: Preemptible hierarchical RCU implementation.
[    0.058974] rcu: 	RCU restricting CPUs from NR_CPUS=256 to nr_cpu_ids=64.
[    0.059628] 	Trampoline variant of Tasks RCU enabled.
[    0.060123] 	Tracing variant of Tasks RCU enabled.
[    0.060588] rcu: RCU calculated value of scheduler-enlistment delay is 100 jiffies.
[    0.061325] rcu: Adjusting geometry for rcu_fanout_leaf=16, nr_cpu_ids=64
[    0.062016] NR_IRQS: 16640, nr_irqs: 936, preallocated irqs: 16
[    0.062804] rcu: srcu_init: Setting srcu_struct sizes based on contention.
[    0.063620] Console: colour *CGA 80x25
[    0.064009] printk: console [ttyS0] enabled
[    0.064009] printk: console [ttyS0] enabled
[    0.064828] printk: bootconsole [uart8250] disabled
[    0.064828] printk: bootconsole [uart8250] disabled
[    0.065814] ACPI: Core revision 20230628
[    0.066319] clocksource: hpet: mask: 0xffffffff max_cycles: 0xffffffff, max_idle_ns: 19112604467 ns
[    0.067286] APIC: Switch to symmetric I/O mode setup
[    0.068005] x2apic enabled
[    0.068496] Switched APIC routing to physical x2apic.
[    0.068996] kvm-guest: setup PV IPIs
[    0.070344] ..TIMER: vector=0x30 apic1=0 pin1=2 apic2=-1 pin2=-1
[    0.071443] tsc: Marking TSC unstable due to TSCs unsynchronized
[    0.072520] Calibrating delay loop (skipped) preset value.. 4990.62 BogoMIPS (lpj=2495312)
[    0.073673] x86/cpu: User Mode Instruction Prevention (UMIP) activated
[    0.074603] Last level iTLB entries: 4KB 512, 2MB 255, 4MB 127
[    0.075519] Last level dTLB entries: 4KB 512, 2MB 255, 4MB 127, 1GB 0
[    0.076522] Spectre V1 : Mitigation: usercopy/swapgs barriers and __user pointer sanitization
[    0.077519] Spectre V2 : Mitigation: Retpolines
[    0.078519] Spectre V2 : Spectre v2 / SpectreRSB mitigation: Filling RSB on context switch
[    0.079519] Spectre V2 : Spectre v2 / SpectreRSB : Filling RSB on VMEXIT
[    0.080519] Spectre V2 : Enabling Speculation Barrier for firmware calls
[    0.081519] RETBleed: Mitigation: IBPB
[    0.082521] Spectre V2 : mitigation: Enabling conditional Indirect Branch Prediction Barrier
[    0.083519] Speculative Store Bypass: Mitigation: Speculative Store Bypass disabled via prctl
[    0.084520] Speculative Return Stack Overflow: Retbleed IBPB mitigation enabled, using same for SRSO
[    0.085533] x86/fpu: Supporting XSAVE feature 0x001: 'x87 floating point registers'
[    0.086519] x86/fpu: Supporting XSAVE feature 0x002: 'SSE registers'
[    0.087519] x86/fpu: Supporting XSAVE feature 0x004: 'AVX registers'
[    0.088519] x86/fpu: xstate_offset[2]:  576, xstate_sizes[2]:  256
[    0.089519] x86/fpu: Enabled xstate features 0x7, context size is 832 bytes, using 'compacted' format.
[    0.093571] Freeing SMP alternatives memory: 36K
[    0.094383] pid_max: default: 65536 minimum: 512
[    0.094573] LSM: initializing lsm=capability,lockdown
[    0.095548] Mount-cache hash table entries: 1024 (order: 1, 8192 bytes, linear)
[    0.096519] Mountpoint-cache hash table entries: 1024 (order: 1, 8192 bytes, linear)
[    0.097793] smpboot: CPU0: AMD EPYC 7502P 32-Core Processor (family: 0x17, model: 0x31, stepping: 0x0)
[    0.098625] RCU Tasks: Setting shift to 6 and lim to 1 rcu_task_cb_adjust=1.
[    0.099539] RCU Tasks Trace: Setting shift to 6 and lim to 1 rcu_task_cb_adjust=1.
[    0.100534] Performance Events: Fam17h+ core perfctr, AMD PMU driver.
[    0.101522] ... version:                0
[    0.102223] ... bit width:              48
[    0.102520] ... generic registers:      6
[    0.103218] ... value mask:             0000ffffffffffff
[    0.103520] ... max period:             00007fffffffffff
[    0.104444] ... fixed-purpose events:   0
[    0.104520] ... event mask:             000000000000003f
[    0.105539] signal: max sigframe size: 1776
[    0.106280] rcu: Hierarchical SRCU implementation.
[    0.106521] rcu: 	Max phase no-delay instances is 400.
[    0.107717] smp: Bringing up secondary CPUs ...
[    0.108579] smpboot: x86: Booting SMP configuration:
[    0.109453] .... node  #0, CPUs:        #1  #2  #3  #4  #5  #6  #7  #8  #9 #10 #11 #12 #13 #14 #15 #16 #17 #18 #19 #20 #21 #22 #23 #24 #25 #26 #27 #28 #29 #30 #31 #32 #33 #34 #35 #36 #37 #38 #39 #40 #41 #42 #43 #44 #45 #46 #47 #48 #49 #50 #51 #52 #53 #54 #55 #56 #57 #58 #59 #60 #61 #62 #63
[    0.150791] smp: Brought up 1 node, 64 CPUs
[    0.152225] smpboot: Max logical packages: 1
[    0.152525] smpboot: Total of 64 processors activated (319399.93 BogoMIPS)
[    0.155930] devtmpfs: initialized
[    0.156726] clocksource: jiffies: mask: 0xffffffff max_cycles: 0xffffffff, max_idle_ns: 1911260446275000 ns
[    0.157587] futex hash table entries: 16384 (order: 8, 1048576 bytes, linear)
[    0.158623] pinctrl core: initialized pinctrl subsystem
[    0.160413] NET: Registered PF_NETLINK/PF_ROUTE protocol family
[    0.160605] audit: initializing netlink subsys (disabled)
[    0.161565] audit: type=2000 audit(1691798473.228:1): state=initialized audit_enabled=0 res=1
[    0.161609] thermal_sys: Registered thermal governor 'fair_share'
[    0.162522] thermal_sys: Registered thermal governor 'bang_bang'
[    0.163521] thermal_sys: Registered thermal governor 'step_wise'
[    0.164520] thermal_sys: Registered thermal governor 'user_space'
[    0.165574] cpuidle: using governor ladder
[    0.167279] cpuidle: using governor menu
[    0.168759] acpiphp: ACPI Hot Plug PCI Controller Driver version: 0.5
[    0.169630] PCI: Using configuration type 1 for base access
[    0.170520] PCI: Using configuration type 1 for extended access
[    0.172966] ACPI: Added _OSI(Module Device)
[    0.173522] ACPI: Added _OSI(Processor Device)
[    0.174296] ACPI: Added _OSI(3.0 _SCP Extensions)
[    0.174521] ACPI: Added _OSI(Processor Aggregator Device)
[    0.176251] ACPI: 1 ACPI AML tables successfully acquired and loaded
[    0.177120] ACPI: _OSC evaluation for CPUs failed, trying _PDC
[    0.177722] ACPI: Interpreter enabled
[    0.178412] ACPI: PM: (supports S0 S3 S4 S5)
[    0.178522] ACPI: Using IOAPIC for interrupt routing
[    0.179411] PCI: Using host bridge windows from ACPI; if necessary, use "pci=nocrs" and report a bug
[    0.179521] PCI: Using E820 reservations for host bridge windows
[    0.180622] ACPI: Enabled 2 GPEs in block 00 to 0F
[    0.184589] ACPI: PCI Root Bridge [PCI0] (domain 0000 [bus 00-ff])
[    0.185525] acpi PNP0A03:00: _OSC: OS supports [ExtendedConfig ASPM ClockPM Segments MSI HPX-Type3]
[    0.186777] acpiphp: Slot [2] registered
[    0.187490] acpiphp: Slot [3] registered
[    0.187534] acpiphp: Slot [4] registered
[    0.188269] acpiphp: Slot [5] registered
[    0.188533] acpiphp: Slot [6] registered
[    0.189243] acpiphp: Slot [7] registered
[    0.189532] acpiphp: Slot [8] registered
[    0.190281] acpiphp: Slot [9] registered
[    0.190533] acpiphp: Slot [10] registered
[    0.191266] acpiphp: Slot [11] registered
[    0.191534] acpiphp: Slot [12] registered
[    0.192284] acpiphp: Slot [13] registered
[    0.192532] acpiphp: Slot [14] registered
[    0.193265] acpiphp: Slot [15] registered
[    0.193533] acpiphp: Slot [16] registered
[    0.194278] acpiphp: Slot [17] registered
[    0.194532] acpiphp: Slot [18] registered
[    0.195267] acpiphp: Slot [19] registered
[    0.195533] acpiphp: Slot [20] registered
[    0.196266] acpiphp: Slot [21] registered
[    0.196532] acpiphp: Slot [22] registered
[    0.197280] acpiphp: Slot [23] registered
[    0.197534] acpiphp: Slot [24] registered
[    0.198252] acpiphp: Slot [25] registered
[    0.198533] acpiphp: Slot [26] registered
[    0.199286] acpiphp: Slot [27] registered
[    0.199533] acpiphp: Slot [28] registered
[    0.200248] acpiphp: Slot [29] registered
[    0.200535] acpiphp: Slot [30] registered
[    0.201309] acpiphp: Slot [31] registered
[    0.201529] PCI host bridge to bus 0000:00
[    0.202246] pci_bus 0000:00: root bus resource [io  0x0000-0x0cf7 window]
[    0.202521] pci_bus 0000:00: root bus resource [io  0x0d00-0xffff window]
[    0.203521] pci_bus 0000:00: root bus resource [mem 0x000a0000-0x000bffff window]
[    0.204522] pci_bus 0000:00: root bus resource [mem 0x20000000-0xfebfffff window]
[    0.205521] pci_bus 0000:00: root bus resource [mem 0x100000000-0x17fffffff window]
[    0.206521] pci_bus 0000:00: root bus resource [bus 00-ff]
[    0.207643] pci 0000:00:00.0: [8086:1237] type 00 class 0x060000
[    0.208877] pci 0000:00:01.0: [8086:7000] type 00 class 0x060100
[    0.209955] pci 0000:00:01.1: [8086:7010] type 00 class 0x010180
[    0.211794] pci 0000:00:01.1: reg 0x20: [io  0xc000-0xc00f]
[    0.212913] pci 0000:00:01.1: legacy IDE quirk: reg 0x10: [io  0x01f0-0x01f7]
[    0.213521] pci 0000:00:01.1: legacy IDE quirk: reg 0x14: [io  0x03f6]
[    0.214521] pci 0000:00:01.1: legacy IDE quirk: reg 0x18: [io  0x0170-0x0177]
[    0.215520] pci 0000:00:01.1: legacy IDE quirk: reg 0x1c: [io  0x0376]
[    0.216641] pci 0000:00:01.3: [8086:7113] type 00 class 0x068000
[    0.217873] pci 0000:00:01.3: quirk: [io  0x0600-0x063f] claimed by PIIX4 ACPI
[    0.218528] pci 0000:00:01.3: quirk: [io  0x0700-0x070f] claimed by PIIX4 SMB
[    0.219941] ACPI: PCI: Interrupt link LNKA configured for IRQ 10
[    0.220654] ACPI: PCI: Interrupt link LNKB configured for IRQ 10
[    0.221642] ACPI: PCI: Interrupt link LNKC configured for IRQ 11
[    0.222644] ACPI: PCI: Interrupt link LNKD configured for IRQ 11
[    0.223618] ACPI: PCI: Interrupt link LNKS configured for IRQ 9
[    0.226103] iommu: Default domain type: Translated
[    0.226521] iommu: DMA domain TLB invalidation policy: strict mode
[    0.227601] pps_core: LinuxPPS API ver. 1 registered
[    0.228496] pps_core: Software ver. 5.3.6 - Copyright 2005-2007 Rodolfo Giometti <giometti@linux.it>
[    0.228524] PTP clock support registered
[    0.229270] EDAC MC: Ver: 3.0.0
[    0.229662] PCI: Using ACPI for IRQ routing
[    0.230590] vgaarb: loaded
[    0.231011] hpet0: at MMIO 0xfed00000, IRQs 2, 8, 0
[    0.231522] hpet0: 3 comparators, 64-bit 100.000000 MHz counter
[    0.238270] clocksource: Switched to clocksource kvm-clock
[    0.239263] VFS: Disk quotas dquot_6.6.0
[    0.240237] VFS: Dquot-cache hash table entries: 512 (order 0, 4096 bytes)
[    0.241518] pnp: PnP ACPI init
[    0.242250] pnp: PnP ACPI: found 5 devices
[    0.249594] clocksource: acpi_pm: mask: 0xffffff max_cycles: 0xffffff, max_idle_ns: 2085701024 ns
[    0.251258] NET: Registered PF_INET protocol family
[    0.252193] IP idents hash table entries: 8192 (order: 4, 65536 bytes, linear)
[    0.253703] tcp_listen_portaddr_hash hash table entries: 256 (order: 0, 4096 bytes, linear)
[    0.255248] Table-perturb hash table entries: 65536 (order: 6, 262144 bytes, linear)
[    0.256595] TCP established hash table entries: 4096 (order: 3, 32768 bytes, linear)
[    0.258022] TCP bind hash table entries: 4096 (order: 5, 131072 bytes, linear)
[    0.259297] TCP: Hash tables configured (established 4096 bind 4096)
[    0.260566] MPTCP token hash table entries: 512 (order: 1, 12288 bytes, linear)
[    0.261899] UDP hash table entries: 256 (order: 1, 8192 bytes, linear)
[    0.263084] UDP-Lite hash table entries: 256 (order: 1, 8192 bytes, linear)
[    0.264452] NET: Registered PF_UNIX/PF_LOCAL protocol family
[    0.265453] NET: Registered PF_XDP protocol family
[    0.266343] pci_bus 0000:00: resource 4 [io  0x0000-0x0cf7 window]
[    0.267458] pci_bus 0000:00: resource 5 [io  0x0d00-0xffff window]
[    0.268529] pci_bus 0000:00: resource 6 [mem 0x000a0000-0x000bffff window]
[    0.269717] pci_bus 0000:00: resource 7 [mem 0x20000000-0xfebfffff window]
[    0.270948] pci_bus 0000:00: resource 8 [mem 0x100000000-0x17fffffff window]
[    0.272234] pci 0000:00:01.0: PIIX3: Enabling Passive Release
[    0.273270] pci 0000:00:00.0: Limiting direct PCI/PCI transfers
[    0.274364] PCI: CLS 0 bytes, default 64
[    0.275377] Trying to unpack rootfs image as initramfs...
[    0.276501] Initialise system trusted keyrings
[    0.277667] workingset: timestamp_bits=40 max_order=17 bucket_order=0
[    0.278815] zbud: loaded
[    0.279376] Key type asymmetric registered
[    0.280018] Freeing initrd memory: 5172K
[    0.280120] Asymmetric key parser 'x509' registered
[    0.282389] Block layer SCSI generic (bsg) driver version 0.4 loaded (major 246)
[    0.285244] shpchp: Standard Hot Plug PCI Controller Driver version: 0.4
[    0.288839] ERST DBG: ERST support is disabled.
[    0.289771] Serial: 8250/16550 driver, 4 ports, IRQ sharing enabled
[    0.291095] 00:03: ttyS0 at I/O 0x3f8 (irq = 4, base_baud = 115200) is a 16550A
[    0.298935] i8042: PNP: PS/2 Controller [PNP0303:KBD,PNP0f13:MOU] at 0x60,0x64 irq 1,12
[    0.301162] serio: i8042 KBD port at 0x60,0x64 irq 1
[    0.302090] serio: i8042 AUX port at 0x60,0x64 irq 12
[    0.303082] rtc_cmos 00:04: RTC can wake from S4
[    0.304647] input: AT Translated Set 2 keyboard as /devices/platform/i8042/serio0/input/input0
[    0.304680] rtc_cmos 00:04: registered as rtc0
[    0.307188] rtc_cmos 00:04: setting system clock to 2023-08-12T00:01:12 UTC (1691798472)
[    0.308611] rtc_cmos 00:04: alarms up to one day, y3k, 242 bytes nvram, hpet irqs
[    0.309881] amd_pstate: the _CPC object is not present in SBIOS or ACPI disabled
[    0.311362] gre: GRE over IPv4 demultiplexor driver
[    0.312245] NET: Registered PF_INET6 protocol family
[    0.316231] Segment Routing with IPv6
[    0.316882] In-situ OAM (IOAM) with IPv6
[    0.317673] Key type dns_resolver registered
[    0.322718] IPI shorthand broadcast: enabled
[    0.325477] sched_clock: Marking stable (320042634, 5031746)->(375543109, -50468729)
[    0.327205] registered taskstats version 1
[    0.328289] Loading compiled-in X.509 certificates
[    0.330768] Loaded X.509 cert 'Build time autogenerated kernel key: 865ba116ecb2cbfc69ae69f062949e1f286dbf5d'
[    0.334962] zswap: loaded using pool lzo/zbud
[    0.336928] Key type .fscrypt registered
[    0.337682] Key type fscrypt-provisioning registered
[    0.338704] clk: Disabling unused clocks
[    0.340340] Freeing unused kernel image (initmem) memory: 1428K
[    0.350056] Write protecting the kernel read-only data: 16384k
[    0.351724] Freeing unused kernel image (rodata/data gap) memory: 1776K
[    0.352741] Run /init as init process
Starting syslogd: OK
Starting klogd: OK
Running sysctl: OK
Saving 256 bits of creditable seed for next boot
Starting network: OK
Linux version 6.5.0-rc5-next-20230809-cbl (nathan@dev-arch.m3-large-x86-01) (ClangBuiltLinux clang version 16.0.6 (https://github.com/llvm/llvm-project 7cbf1a2591520c2491aa35339f227775f4d3adf6), ClangBuiltLinux LLD 16.0.6) #1 SMP PREEMPT_DYNAMIC Sat Aug 12 00:00:51 UTC 2023
Stopping network: OK
Seeding 256 bits and crediting
Saving 256 bits of creditable seed for next boot
Stopping klogd: OK
Stopping syslogd: OK
umount: devtmpfs busy - remounted read-only
umount: can't unmount /: Invalid argument

The system is going down NOW!

Sent SIGTERM to all processes

Sent SIGKILL to all processes

Requesting system poweroff
[    2.424837] ACPI: PM: Preparing to enter system sleep state S5
[    2.425739] reboot: Power down
$ timeout --foreground 3m stdbuf -eL -oL /usr/sbin/qemu-system-x86_64 -display none -nodefaults -d unimp,guest_errors -append 'console=ttyS0 earlycon=uart8250,io,0x3f8' -kernel /home/nathan/tmp/build/cbl_lkt/linux-next/x86_64/arch/x86/boot/bzImage -initrd /home/nathan/cbl/llvm-kernel-testing/src/boot-utils/images/x86_64/rootfs.cpio -cpu host -enable-kvm -m 512m -smp 64 -serial mon:stdio
