/home/nathan/cbl/src/linux-next/drivers/bus/mhi/host/main.c:803:13: warning: parameter 'event_quota' set but not used [-Wunused-but-set-parameter]
                             u32 event_quota)
                                 ^
1 warning generated.
/home/nathan/cbl/src/linux-next/lib/radix-tree.c:1136:50: warning: parameter 'slot' set but not used [-Wunused-but-set-parameter]
void __rcu **radix_tree_iter_resume(void __rcu **slot,
                                                 ^
1 warning generated.
/home/nathan/cbl/src/linux-next/drivers/block/floppy.c:2001:11: warning: cast from 'void (*)(void)' to 'done_f' (aka 'void (*)(int)') converts to incompatible function type [-Wcast-function-type-strict]
        .done           = (done_f)empty
                          ^~~~~~~~~~~~~
/home/nathan/cbl/src/linux-next/drivers/block/floppy.c:2008:11: warning: cast from 'void (*)(void)' to 'done_f' (aka 'void (*)(int)') converts to incompatible function type [-Wcast-function-type-strict]
        .done           = (done_f)empty
                          ^~~~~~~~~~~~~
2 warnings generated.
/home/nathan/cbl/src/linux-next/sound/core/seq/seq_midi.c:135:30: warning: cast from 'int (*)(struct snd_rawmidi_substream *, const char *, int)' to 'snd_seq_dump_func_t' (aka 'int (*)(void *, void *, int)') converts to incompatible function type [-Wcast-function-type-strict]
                snd_seq_dump_var_event(ev, (snd_seq_dump_func_t)dump_midi, substream);
                                           ^~~~~~~~~~~~~~~~~~~~~~~~~~~~~~
1 warning generated.
/home/nathan/cbl/src/linux-next/sound/core/seq/seq_virmidi.c:83:31: warning: cast from 'int (*)(struct snd_rawmidi_substream *, const unsigned char *, int)' to 'snd_seq_dump_func_t' (aka 'int (*)(void *, void *, int)') converts to incompatible function type [-Wcast-function-type-strict]
                        snd_seq_dump_var_event(ev, (snd_seq_dump_func_t)snd_rawmidi_receive, vmidi->substream);
                                                   ^~~~~~~~~~~~~~~~~~~~~~~~~~~~~~~~~~~~~~~~
/home/nathan/cbl/src/linux-next/drivers/block/rbd.c:6149:17: warning: result of comparison of constant 2305843009213693948 with expression of type 'u32' (aka 'unsigned int') is always false [-Wtautological-constant-out-of-range-compare]
        if (snap_count > (SIZE_MAX - sizeof (struct ceph_snap_context))
            ~~~~~~~~~~ ^ ~~~~~~~~~~~~~~~~~~~~~~~~~~~~~~~~~~~~~~~~~~~~~~
1 warning generated.
1 warning generated.
/home/nathan/cbl/src/linux-next/lib/kunit/test.c:815:38: warning: cast from 'void (*)(const void *)' to 'kunit_action_t *' (aka 'void (*)(void *)') converts to incompatible function type [-Wcast-function-type-strict]
        if (kunit_add_action_or_reset(test, (kunit_action_t *)kfree, data) != 0)
                                            ^~~~~~~~~~~~~~~~~~~~~~~
/home/nathan/cbl/src/linux-next/lib/kunit/test.c:827:29: warning: cast from 'void (*)(const void *)' to 'kunit_action_t *' (aka 'void (*)(void *)') converts to incompatible function type [-Wcast-function-type-strict]
        kunit_release_action(test, (kunit_action_t *)kfree, (void *)ptr);
                                   ^~~~~~~~~~~~~~~~~~~~~~~
2 warnings generated.
/home/nathan/cbl/src/linux-next/net/ipv4/tcp_output.c:186:3: warning: result of comparison of constant -1 with expression of type 'u8' (aka 'unsigned char') is always false [-Wtautological-constant-out-of-range-compare]
                NET_ADD_STATS(sock_net(sk), LINUX_MIB_TCPACKCOMPRESSED,
                ^~~~~~~~~~~~~~~~~~~~~~~~~~~~~~~~~~~~~~~~~~~~~~~~~~~~~~~
/home/nathan/cbl/src/linux-next/include/net/ip.h:301:41: note: expanded from macro 'NET_ADD_STATS'
#define NET_ADD_STATS(net, field, adnd) SNMP_ADD_STATS((net)->mib.net_statistics, field, adnd)
                                        ^~~~~~~~~~~~~~~~~~~~~~~~~~~~~~~~~~~~~~~~~~~~~~~~~~~~~~
/home/nathan/cbl/src/linux-next/include/net/snmp.h:143:4: note: expanded from macro 'SNMP_ADD_STATS'
                        this_cpu_add(mib->mibs[field], addend)
                        ^~~~~~~~~~~~~~~~~~~~~~~~~~~~~~~~~~~~~~
/home/nathan/cbl/src/linux-next/include/linux/percpu-defs.h:491:33: note: expanded from macro 'this_cpu_add'
#define this_cpu_add(pcp, val)          __pcpu_size_call(this_cpu_add_, pcp, val)
                                        ^~~~~~~~~~~~~~~~~~~~~~~~~~~~~~~~~~~~~~~~~
note: (skipping 1 expansions in backtrace; use -fmacro-backtrace-limit=0 to see all)
<scratch space>:133:1: note: expanded from here
this_cpu_add_8
^
/home/nathan/cbl/src/linux-next/arch/x86/include/asm/percpu.h:370:35: note: expanded from macro 'this_cpu_add_8'
#define this_cpu_add_8(pcp, val)                percpu_add_op(8, volatile, (pcp), val)
                                                ^~~~~~~~~~~~~~~~~~~~~~~~~~~~~~~~~~~~~~
/home/nathan/cbl/src/linux-next/arch/x86/include/asm/percpu.h:127:31: note: expanded from macro 'percpu_add_op'
                              ((val) == 1 || (val) == -1)) ?            \
                                             ~~~~~ ^  ~~
/home/nathan/cbl/src/linux-next/sound/pci/ctxfi/ctatc.c:115:25: warning: cast from 'int (*)(struct hw *, struct src_mgr **)' to 'create_t' (aka 'int (*)(struct hw *, void **)') converts to incompatible function type [-Wcast-function-type-strict]
        [SRC]           = { .create     = (create_t)src_mgr_create,
                                          ^~~~~~~~~~~~~~~~~~~~~~~~
/home/nathan/cbl/src/linux-next/sound/pci/ctxfi/ctatc.c:116:20: warning: cast from 'int (*)(struct src_mgr *)' to 'destroy_t' (aka 'int (*)(void *)') converts to incompatible function type [-Wcast-function-type-strict]
                            .destroy    = (destroy_t)src_mgr_destroy    },
                                          ^~~~~~~~~~~~~~~~~~~~~~~~~~
/home/nathan/cbl/src/linux-next/sound/pci/ctxfi/ctatc.c:117:27: warning: cast from 'int (*)(struct hw *, struct srcimp_mgr **)' to 'create_t' (aka 'int (*)(struct hw *, void **)') converts to incompatible function type [-Wcast-function-type-strict]
        [SRCIMP]        = { .create     = (create_t)srcimp_mgr_create,
                                          ^~~~~~~~~~~~~~~~~~~~~~~~~~~
/home/nathan/cbl/src/linux-next/sound/pci/ctxfi/ctatc.c:118:20: warning: cast from 'int (*)(struct srcimp_mgr *)' to 'destroy_t' (aka 'int (*)(void *)') converts to incompatible function type [-Wcast-function-type-strict]
                            .destroy    = (destroy_t)srcimp_mgr_destroy },
                                          ^~~~~~~~~~~~~~~~~~~~~~~~~~~~~
/home/nathan/cbl/src/linux-next/sound/pci/ctxfi/ctatc.c:119:25: warning: cast from 'int (*)(struct hw *, struct amixer_mgr **)' to 'create_t' (aka 'int (*)(struct hw *, void **)') converts to incompatible function type [-Wcast-function-type-strict]
        [AMIXER]        = { .create     = (create_t)amixer_mgr_create,
                                          ^~~~~~~~~~~~~~~~~~~~~~~~~~~
/home/nathan/cbl/src/linux-next/sound/pci/ctxfi/ctatc.c:120:19: warning: cast from 'int (*)(struct amixer_mgr *)' to 'destroy_t' (aka 'int (*)(void *)') converts to incompatible function type [-Wcast-function-type-strict]
                            .destroy    = (destroy_t)amixer_mgr_destroy },
                                          ^~~~~~~~~~~~~~~~~~~~~~~~~~~~~
/home/nathan/cbl/src/linux-next/sound/pci/ctxfi/ctatc.c:121:23: warning: cast from 'int (*)(struct hw *, struct sum_mgr **)' to 'create_t' (aka 'int (*)(struct hw *, void **)') converts to incompatible function type [-Wcast-function-type-strict]
        [SUM]           = { .create     = (create_t)sum_mgr_create,
                                          ^~~~~~~~~~~~~~~~~~~~~~~~
/home/nathan/cbl/src/linux-next/sound/pci/ctxfi/ctatc.c:122:19: warning: cast from 'int (*)(struct sum_mgr *)' to 'destroy_t' (aka 'int (*)(void *)') converts to incompatible function type [-Wcast-function-type-strict]
                            .destroy    = (destroy_t)sum_mgr_destroy    },
                                          ^~~~~~~~~~~~~~~~~~~~~~~~~~
/home/nathan/cbl/src/linux-next/sound/pci/ctxfi/ctatc.c:123:24: warning: cast from 'int (*)(struct hw *, struct daio_mgr **)' to 'create_t' (aka 'int (*)(struct hw *, void **)') converts to incompatible function type [-Wcast-function-type-strict]
        [DAIO]          = { .create     = (create_t)daio_mgr_create,
                                          ^~~~~~~~~~~~~~~~~~~~~~~~~
/home/nathan/cbl/src/linux-next/sound/pci/ctxfi/ctatc.c:124:19: warning: cast from 'int (*)(struct daio_mgr *)' to 'destroy_t' (aka 'int (*)(void *)') converts to incompatible function type [-Wcast-function-type-strict]
                            .destroy    = (destroy_t)daio_mgr_destroy   }
                                          ^~~~~~~~~~~~~~~~~~~~~~~~~~~
10 warnings generated.
1 warning generated.
/home/nathan/cbl/src/linux-next/drivers/block/drbd/drbd_state.c:1632:3: warning: cast from 'int (*)(struct sk_buff *, unsigned int, struct drbd_resource_state_change *, enum drbd_notification_type)' to 'typeof (last_func)' (aka 'int (*)(struct sk_buff *, unsigned int, void *, enum drbd_notification_type)') converts to incompatible function type [-Wcast-function-type-strict]
                REMEMBER_STATE_CHANGE(notify_resource_state_change,
                ^~~~~~~~~~~~~~~~~~~~~~~~~~~~~~~~~~~~~~~~~~~~~~~~~~~
/home/nathan/cbl/src/linux-next/drivers/block/drbd/drbd_state.c:1619:17: note: expanded from macro 'REMEMBER_STATE_CHANGE'
           last_func = (typeof(last_func))func; \
                       ^~~~~~~~~~~~~~~~~~~~~~~
/home/nathan/cbl/src/linux-next/drivers/block/drbd/drbd_state.c:1641:4: warning: cast from 'int (*)(struct sk_buff *, unsigned int, struct drbd_connection_state_change *, enum drbd_notification_type)' to 'typeof (last_func)' (aka 'int (*)(struct sk_buff *, unsigned int, void *, enum drbd_notification_type)') converts to incompatible function type [-Wcast-function-type-strict]
                        REMEMBER_STATE_CHANGE(notify_connection_state_change,
                        ^~~~~~~~~~~~~~~~~~~~~~~~~~~~~~~~~~~~~~~~~~~~~~~~~~~~~
/home/nathan/cbl/src/linux-next/drivers/block/drbd/drbd_state.c:1619:17: note: expanded from macro 'REMEMBER_STATE_CHANGE'
           last_func = (typeof(last_func))func; \
                       ^~~~~~~~~~~~~~~~~~~~~~~
/home/nathan/cbl/src/linux-next/drivers/block/drbd/drbd_state.c:1650:4: warning: cast from 'int (*)(struct sk_buff *, unsigned int, struct drbd_device_state_change *, enum drbd_notification_type)' to 'typeof (last_func)' (aka 'int (*)(struct sk_buff *, unsigned int, void *, enum drbd_notification_type)') converts to incompatible function type [-Wcast-function-type-strict]
                        REMEMBER_STATE_CHANGE(notify_device_state_change,
                        ^~~~~~~~~~~~~~~~~~~~~~~~~~~~~~~~~~~~~~~~~~~~~~~~~
/home/nathan/cbl/src/linux-next/drivers/block/drbd/drbd_state.c:1619:17: note: expanded from macro 'REMEMBER_STATE_CHANGE'
           last_func = (typeof(last_func))func; \
                       ^~~~~~~~~~~~~~~~~~~~~~~
/home/nathan/cbl/src/linux-next/drivers/block/drbd/drbd_state.c:1664:4: warning: cast from 'int (*)(struct sk_buff *, unsigned int, struct drbd_peer_device_state_change *, enum drbd_notification_type)' to 'typeof (last_func)' (aka 'int (*)(struct sk_buff *, unsigned int, void *, enum drbd_notification_type)') converts to incompatible function type [-Wcast-function-type-strict]
                        REMEMBER_STATE_CHANGE(notify_peer_device_state_change,
                        ^~~~~~~~~~~~~~~~~~~~~~~~~~~~~~~~~~~~~~~~~~~~~~~~~~~~~~
/home/nathan/cbl/src/linux-next/drivers/block/drbd/drbd_state.c:1619:17: note: expanded from macro 'REMEMBER_STATE_CHANGE'
           last_func = (typeof(last_func))func; \
                       ^~~~~~~~~~~~~~~~~~~~~~~
4 warnings generated.
/home/nathan/cbl/src/linux-next/drivers/net/wireless/ath/ath9k/main.c:1566:21: warning: parameter 'changed_flags' set but not used [-Wunused-but-set-parameter]
                                   unsigned int changed_flags,
                                                ^
1 warning generated.
/home/nathan/cbl/src/linux-next/drivers/net/wireless/ath/ath5k/mac80211-ops.c:367:62: warning: parameter 'changed_flags' set but not used [-Wunused-but-set-parameter]
ath5k_configure_filter(struct ieee80211_hw *hw, unsigned int changed_flags,
                                                             ^
1 warning generated.
/home/nathan/cbl/src/linux-next/arch/x86/kernel/paravirt.c:300:4: warning: cast from 'void (*)(struct mmu_gather *, struct page *)' to 'void (*)(struct mmu_gather *, void *)' converts to incompatible function type [-Wcast-function-type-strict]
                        (void (*)(struct mmu_gather *, void *))tlb_remove_page,
                        ^~~~~~~~~~~~~~~~~~~~~~~~~~~~~~~~~~~~~~~~~~~~~~~~~~~~~~
1 warning generated.
/home/nathan/cbl/src/linux-next/drivers/net/ethernet/brocade/bna/bnad.c:1995:4: warning: cast from 'void (*)(struct delayed_work *)' to 'work_func_t' (aka 'void (*)(struct work_struct *)') converts to incompatible function type [-Wcast-function-type-strict]
                        (work_func_t)bnad_tx_cleanup);
                        ^~~~~~~~~~~~~~~~~~~~~~~~~~~~
/home/nathan/cbl/src/linux-next/include/linux/workqueue.h:320:29: note: expanded from macro 'INIT_DELAYED_WORK'
        __INIT_DELAYED_WORK(_work, _func, 0)
                                   ^~~~~
/home/nathan/cbl/src/linux-next/include/linux/workqueue.h:305:30: note: expanded from macro '__INIT_DELAYED_WORK'
                INIT_WORK(&(_work)->work, (_func));                     \
                                           ^~~~~
/home/nathan/cbl/src/linux-next/include/linux/workqueue.h:298:24: note: expanded from macro 'INIT_WORK'
        __INIT_WORK((_work), (_func), 0)
                              ^~~~~
/home/nathan/cbl/src/linux-next/include/linux/workqueue.h:293:20: note: expanded from macro '__INIT_WORK'
                (_work)->func = (_func);                                \
                                 ^~~~~
/home/nathan/cbl/src/linux-next/drivers/net/ethernet/brocade/bna/bnad.c:2252:4: warning: cast from 'void (*)(void *)' to 'work_func_t' (aka 'void (*)(struct work_struct *)') converts to incompatible function type [-Wcast-function-type-strict]
                        (work_func_t)(bnad_rx_cleanup));
                        ^~~~~~~~~~~~~~~~~~~~~~~~~~~~~~
/home/nathan/cbl/src/linux-next/include/linux/workqueue.h:298:24: note: expanded from macro 'INIT_WORK'
        __INIT_WORK((_work), (_func), 0)
                              ^~~~~
/home/nathan/cbl/src/linux-next/include/linux/workqueue.h:293:20: note: expanded from macro '__INIT_WORK'
                (_work)->func = (_func);                                \
                                 ^~~~~
/home/nathan/cbl/src/linux-next/drivers/net/wireless/broadcom/brcm80211/brcmsmac/phy_shim.c:64:34: warning: cast from 'void (*)(struct brcms_phy *)' to 'void (*)(void *)' converts to incompatible function type [-Wcast-function-type-strict]
                        brcms_init_timer(physhim->wl, (void (*)(void *))fn,
                                                      ^~~~~~~~~~~~~~~~~~~~
1 warning generated.
2 warnings generated.
/home/nathan/cbl/src/linux-next/drivers/net/wireless/ath/ath9k/htc_drv_main.c:1258:25: warning: parameter 'changed_flags' set but not used [-Wunused-but-set-parameter]
                                       unsigned int changed_flags,
                                                    ^
1 warning generated.
/home/nathan/cbl/src/linux-next/drivers/media/usb/pvrusb2/pvrusb2-v4l2.c:1070:30: warning: cast from 'void (*)(struct pvr2_v4l2_fh *)' to 'pvr2_stream_callback' (aka 'void (*)(void *)') converts to incompatible function type [-Wcast-function-type-strict]
        pvr2_stream_set_callback(sp,(pvr2_stream_callback)pvr2_v4l2_notify,fh);
                                    ^~~~~~~~~~~~~~~~~~~~~~~~~~~~~~~~~~~~~~
/home/nathan/cbl/src/linux-next/drivers/media/usb/pvrusb2/pvrusb2-context.c:110:6: warning: cast from 'void (*)(struct pvr2_context *)' to 'void (*)(void *)' converts to incompatible function type [-Wcast-function-type-strict]
                                        (void (*)(void *))pvr2_context_notify,
                                        ^~~~~~~~~~~~~~~~~~~~~~~~~~~~~~~~~~~~~
1 warning generated.
1 warning generated.
/home/nathan/cbl/src/linux-next/drivers/media/usb/pvrusb2/pvrusb2-dvb.c:152:6: warning: cast from 'void (*)(struct pvr2_dvb_adapter *)' to 'pvr2_stream_callback' (aka 'void (*)(void *)') converts to incompatible function type [-Wcast-function-type-strict]
                                 (pvr2_stream_callback) pvr2_dvb_notify, adap);
                                 ^~~~~~~~~~~~~~~~~~~~~~~~~~~~~~~~~~~~~~
1 warning generated.
/home/nathan/cbl/src/linux-next/drivers/firmware/dmi-id.c:174:17: warning: cast from 'void (*)(const void *)' to 'void (*)(struct device *)' converts to incompatible function type [-Wcast-function-type-strict]
        .dev_release = (void(*)(struct device *)) kfree,
                       ^~~~~~~~~~~~~~~~~~~~~~~~~~~~~~~~
1 warning generated.
/home/nathan/cbl/src/linux-next/drivers/scsi/csiostor/csio_lnode.c:1098:33: warning: cast from 'void (*)(struct csio_lnode *, enum csio_ln_ev)' to 'csio_sm_state_t' (aka 'void (*)(void *, unsigned int)') converts to incompatible function type [-Wcast-function-type-strict]
        return (csio_get_state(ln) == ((csio_sm_state_t)csio_lns_ready));
                                       ^~~~~~~~~~~~~~~~~~~~~~~~~~~~~~~
/home/nathan/cbl/src/linux-next/drivers/scsi/csiostor/csio_lnode.c:1369:29: warning: cast from 'void (*)(struct csio_lnode *, enum csio_ln_ev)' to 'csio_sm_state_t' (aka 'void (*)(void *, unsigned int)') converts to incompatible function type [-Wcast-function-type-strict]
        if (csio_get_state(ln) == ((csio_sm_state_t)csio_lns_uninit)) {
                                   ^~~~~~~~~~~~~~~~~~~~~~~~~~~~~~~~
/home/nathan/cbl/src/linux-next/drivers/scsi/csiostor/csio_lnode.c:1373:29: warning: cast from 'void (*)(struct csio_lnode *, enum csio_ln_ev)' to 'csio_sm_state_t' (aka 'void (*)(void *, unsigned int)') converts to incompatible function type [-Wcast-function-type-strict]
        if (csio_get_state(ln) == ((csio_sm_state_t)csio_lns_ready)) {
                                   ^~~~~~~~~~~~~~~~~~~~~~~~~~~~~~~
/home/nathan/cbl/src/linux-next/drivers/scsi/csiostor/csio_lnode.c:1377:29: warning: cast from 'void (*)(struct csio_lnode *, enum csio_ln_ev)' to 'csio_sm_state_t' (aka 'void (*)(void *, unsigned int)') converts to incompatible function type [-Wcast-function-type-strict]
        if (csio_get_state(ln) == ((csio_sm_state_t)csio_lns_offline)) {
                                   ^~~~~~~~~~~~~~~~~~~~~~~~~~~~~~~~~
4 warnings generated.
/home/nathan/cbl/src/linux-next/drivers/scsi/bfa/bfad_bsg.c:2138:29: warning: cast from 'void (*)(void *, enum bfa_status)' to 'bfa_cb_cbfn_t' (aka 'void (*)(void *, enum bfa_boolean)') converts to incompatible function type [-Wcast-function-type-strict]
        bfa_pending_q_init(&cb_qe, (bfa_cb_cbfn_t)bfad_hcb_comp,
                                   ^~~~~~~~~~~~~~~~~~~~~~~~~~~~
/home/nathan/cbl/src/linux-next/drivers/scsi/bfa/bfa.h:453:25: note: expanded from macro 'bfa_pending_q_init'
        (__qe)->hcb_qe.cbfn = (__cbfn);                         \
                               ^~~~~~
/home/nathan/cbl/src/linux-next/drivers/scsi/bfa/bfad_bsg.c:2162:29: warning: cast from 'void (*)(void *, enum bfa_status)' to 'bfa_cb_cbfn_t' (aka 'void (*)(void *, enum bfa_boolean)') converts to incompatible function type [-Wcast-function-type-strict]
        bfa_pending_q_init(&cb_qe, (bfa_cb_cbfn_t)bfad_hcb_comp, &fcomp, NULL);
                                   ^~~~~~~~~~~~~~~~~~~~~~~~~~~~
/home/nathan/cbl/src/linux-next/drivers/scsi/bfa/bfa.h:453:25: note: expanded from macro 'bfa_pending_q_init'
        (__qe)->hcb_qe.cbfn = (__cbfn);                         \
                               ^~~~~~
/home/nathan/cbl/src/linux-next/drivers/scsi/bfa/bfad_bsg.c:2446:29: warning: cast from 'void (*)(void *, enum bfa_status)' to 'bfa_cb_cbfn_t' (aka 'void (*)(void *, enum bfa_boolean)') converts to incompatible function type [-Wcast-function-type-strict]
        bfa_pending_q_init(&cb_qe, (bfa_cb_cbfn_t)bfad_hcb_comp,
                                   ^~~~~~~~~~~~~~~~~~~~~~~~~~~~
/home/nathan/cbl/src/linux-next/drivers/scsi/bfa/bfa.h:453:25: note: expanded from macro 'bfa_pending_q_init'
        (__qe)->hcb_qe.cbfn = (__cbfn);                         \
                               ^~~~~~
/home/nathan/cbl/src/linux-next/drivers/scsi/bfa/bfad_bsg.c:2477:29: warning: cast from 'void (*)(void *, enum bfa_status)' to 'bfa_cb_cbfn_t' (aka 'void (*)(void *, enum bfa_boolean)') converts to incompatible function type [-Wcast-function-type-strict]
        bfa_pending_q_init(&cb_qe, (bfa_cb_cbfn_t)bfad_hcb_comp,
                                   ^~~~~~~~~~~~~~~~~~~~~~~~~~~~
/home/nathan/cbl/src/linux-next/drivers/scsi/bfa/bfa.h:453:25: note: expanded from macro 'bfa_pending_q_init'
        (__qe)->hcb_qe.cbfn = (__cbfn);                         \
                               ^~~~~~
4 warnings generated.
/home/nathan/cbl/src/linux-next/drivers/scsi/bfa/bfa_core.c:1917:11: warning: cast from 'bfa_cb_cbfn_t' (aka 'void (*)(void *, enum bfa_boolean)') to 'bfa_cb_cbfn_status_t' (aka 'void (*)(void *, enum bfa_status)') converts to incompatible function type [-Wcast-function-type-strict]
                        cbfn = (bfa_cb_cbfn_status_t)(hcb_qe->cbfn);
                               ^~~~~~~~~~~~~~~~~~~~~~~~~~~~~~~~~~~~
1 warning generated.
/home/nathan/cbl/src/linux-next/drivers/gpu/drm/nouveau/nvkm/subdev/bios/shadow.c:161:10: warning: cast from 'void (*)(const struct firmware *)' to 'void (*)(void *)' converts to incompatible function type [-Wcast-function-type-strict]
        .fini = (void(*)(void *))release_firmware,
                ^~~~~~~~~~~~~~~~~~~~~~~~~~~~~~~~~
1 warning generated.
/home/nathan/cbl/src/linux-next/net/ceph/osdmap.c:1441:10: warning: result of comparison of constant 4611686018427387891 with expression of type 'u32' (aka 'unsigned int') is always false [-Wtautological-constant-out-of-range-compare]
        if (len > (SIZE_MAX - sizeof(*pg)) / sizeof(u32))
            ~~~ ^ ~~~~~~~~~~~~~~~~~~~~~~~~~~~~~~~~~~~~~~
/home/nathan/cbl/src/linux-next/net/ceph/osdmap.c:1624:10: warning: result of comparison of constant 2305843009213693945 with expression of type 'u32' (aka 'unsigned int') is always false [-Wtautological-constant-out-of-range-compare]
        if (len > (SIZE_MAX - sizeof(*pg)) / (2 * sizeof(u32)))
            ~~~ ^ ~~~~~~~~~~~~~~~~~~~~~~~~~~~~~~~~~~~~~~~~~~~~
2 warnings generated.
/home/nathan/cbl/src/linux-next/drivers/net/ethernet/qlogic/qed/qed_vf.c:63:67: warning: parameter 'resp_size' set but not used [-Wunused-but-set-parameter]
static int qed_send_msg2pf(struct qed_hwfn *p_hwfn, u8 *done, u32 resp_size)
                                                                  ^
1 warning generated.
/home/nathan/cbl/src/linux-next/fs/ubifs/find.c:170:9: warning: cast from 'int (*)(struct ubifs_info *, const struct ubifs_lprops *, int, struct scan_data *)' to 'ubifs_lpt_scan_callback' (aka 'int (*)(struct ubifs_info *, const struct ubifs_lprops *, int, void *)') converts to incompatible function type [-Wcast-function-type-strict]
                                    (ubifs_lpt_scan_callback)scan_for_dirty_cb,
                                    ^~~~~~~~~~~~~~~~~~~~~~~~~~~~~~~~~~~~~~~~~~
/home/nathan/cbl/src/linux-next/fs/ubifs/find.c:449:9: warning: cast from 'int (*)(struct ubifs_info *, const struct ubifs_lprops *, int, struct scan_data *)' to 'ubifs_lpt_scan_callback' (aka 'int (*)(struct ubifs_info *, const struct ubifs_lprops *, int, void *)') converts to incompatible function type [-Wcast-function-type-strict]
                                    (ubifs_lpt_scan_callback)scan_for_free_cb,
                                    ^~~~~~~~~~~~~~~~~~~~~~~~~~~~~~~~~~~~~~~~~
/home/nathan/cbl/src/linux-next/fs/ubifs/find.c:629:9: warning: cast from 'int (*)(struct ubifs_info *, const struct ubifs_lprops *, int, struct scan_data *)' to 'ubifs_lpt_scan_callback' (aka 'int (*)(struct ubifs_info *, const struct ubifs_lprops *, int, void *)') converts to incompatible function type [-Wcast-function-type-strict]
                                    (ubifs_lpt_scan_callback)scan_for_idx_cb,
                                    ^~~~~~~~~~~~~~~~~~~~~~~~~~~~~~~~~~~~~~~~
/home/nathan/cbl/src/linux-next/fs/ubifs/find.c:757:7: warning: cast from 'int (*)(const struct ubifs_lprops **, const struct ubifs_lprops **)' to 'int (*)(const void *, const void *)' converts to incompatible function type [-Wcast-function-type-strict]
             (int (*)(const void *, const void *))cmp_dirty_idx, NULL);
             ^~~~~~~~~~~~~~~~~~~~~~~~~~~~~~~~~~~~~~~~~~~~~~~~~~
/home/nathan/cbl/src/linux-next/fs/ubifs/find.c:846:9: warning: cast from 'int (*)(struct ubifs_info *, const struct ubifs_lprops *, int, struct scan_data *)' to 'ubifs_lpt_scan_callback' (aka 'int (*)(struct ubifs_info *, const struct ubifs_lprops *, int, void *)') converts to incompatible function type [-Wcast-function-type-strict]
                                    (ubifs_lpt_scan_callback)scan_dirty_idx_cb,
                                    ^~~~~~~~~~~~~~~~~~~~~~~~~~~~~~~~~~~~~~~~~~
5 warnings generated.
/home/nathan/cbl/src/linux-next/fs/ubifs/lprops.c:1272:9: warning: cast from 'int (*)(struct ubifs_info *, const struct ubifs_lprops *, int, struct ubifs_lp_stats *)' to 'ubifs_lpt_scan_callback' (aka 'int (*)(struct ubifs_info *, const struct ubifs_lprops *, int, void *)') converts to incompatible function type [-Wcast-function-type-strict]
                                    (ubifs_lpt_scan_callback)scan_check_cb,
                                    ^~~~~~~~~~~~~~~~~~~~~~~~~~~~~~~~~~~~~~
1 warning generated.
/home/nathan/cbl/src/linux-next/drivers/infiniband/ulp/srpt/ib_srpt.c:1811:5: warning: cast from 'void (*)(struct ib_event *, struct srpt_rdma_ch *)' to 'void (*)(struct ib_event *, void *)' converts to incompatible function type [-Wcast-function-type-strict]
                = (void(*)(struct ib_event *, void*))srpt_qp_event;
                  ^~~~~~~~~~~~~~~~~~~~~~~~~~~~~~~~~~~~~~~~~~~~~~~~
1 warning generated.
/home/nathan/cbl/src/linux-next/fs/ceph/snap.c:372:10: warning: result of comparison of constant 2305843009213693948 with expression of type 'u32' (aka 'unsigned int') is always false [-Wtautological-constant-out-of-range-compare]
        if (num > (SIZE_MAX - sizeof(*snapc)) / sizeof(u64))
            ~~~ ^ ~~~~~~~~~~~~~~~~~~~~~~~~~~~~~~~~~~~~~~~~~
1 warning generated.
vmlinux.o: warning: objtool: set_ftrace_ops_ro+0x39: relocation to !ENDBR: machine_kexec_prepare+0x426

[01;32mQEMU location: [0m/usr/sbin[0m

[01;32mQEMU version: [0mQEMU emulator version 8.0.3[0m
[    0.000000] Linux version 6.5.0-rc5-next-20230809-cbl (nathan@dev-arch.m3-large-x86-01) (ClangBuiltLinux clang version 16.0.6 (https://github.com/llvm/llvm-project 7cbf1a2591520c2491aa35339f227775f4d3adf6), ClangBuiltLinux LLD 16.0.6) #1 SMP PREEMPT_DYNAMIC Sat Aug 12 00:16:59 UTC 2023
[    0.000000] Command line: console=ttyS0 earlycon=uart8250,io,0x3f8
[    0.000000] BIOS-provided physical RAM map:
[    0.000000] BIOS-e820: [mem 0x0000000000000000-0x000000000009fbff] usable
[    0.000000] BIOS-e820: [mem 0x000000000009fc00-0x000000000009ffff] reserved
[    0.000000] BIOS-e820: [mem 0x00000000000f0000-0x00000000000fffff] reserved
[    0.000000] BIOS-e820: [mem 0x0000000000100000-0x000000001ffdffff] usable
[    0.000000] BIOS-e820: [mem 0x000000001ffe0000-0x000000001fffffff] reserved
[    0.000000] BIOS-e820: [mem 0x00000000feffc000-0x00000000feffffff] reserved
[    0.000000] BIOS-e820: [mem 0x00000000fffc0000-0x00000000ffffffff] reserved
[    0.000000] BIOS-e820: [mem 0x000000fd00000000-0x000000ffffffffff] reserved
[    0.000000] earlycon: uart8250 at I/O port 0x3f8 (options '')
[    0.000000] printk: bootconsole [uart8250] enabled
[    0.000000] NX (Execute Disable) protection: active
[    0.000000] SMBIOS 2.8 present.
[    0.000000] DMI: QEMU Standard PC (i440FX + PIIX, 1996), BIOS Arch Linux 1.16.2-1-1 04/01/2014
[    0.000000] Hypervisor detected: KVM
[    0.000000] kvm-clock: Using msrs 4b564d01 and 4b564d00
[    0.000000] kvm-clock: using sched offset of 197751020 cycles
[    0.000514] clocksource: kvm-clock: mask: 0xffffffffffffffff max_cycles: 0x1cd42e4dffb, max_idle_ns: 881590591483 ns
[    0.002075] tsc: Detected 2495.312 MHz processor
[    0.002713] last_pfn = 0x1ffe0 max_arch_pfn = 0x400000000
[    0.003257] MTRR map: 4 entries (3 fixed + 1 variable; max 19), built from 8 variable MTRRs
[    0.004050] x86/PAT: Configuration [0-7]: WB  WC  UC- UC  WB  WP  UC- WT  
[    0.007522] found SMP MP-table at [mem 0x000f6e60-0x000f6e6f]
[    0.008095] Using GB pages for direct mapping
[    0.008689] RAMDISK: [mem 0x1fad3000-0x1ffdffff]
[    0.009179] ACPI: Early table checksum verification disabled
[    0.009768] ACPI: RSDP 0x00000000000F6C90 000014 (v00 BOCHS )
[    0.010314] ACPI: RSDT 0x000000001FFE31D1 000034 (v01 BOCHS  BXPC     00000001 BXPC 00000001)
[    0.011128] ACPI: FACP 0x000000001FFE2E8D 000074 (v01 BOCHS  BXPC     00000001 BXPC 00000001)
[    0.011991] ACPI: DSDT 0x000000001FFE0040 002E4D (v01 BOCHS  BXPC     00000001 BXPC 00000001)
[    0.012851] ACPI: FACS 0x000000001FFE0000 000040
[    0.013288] ACPI: APIC 0x000000001FFE2F01 000270 (v01 BOCHS  BXPC     00000001 BXPC 00000001)
[    0.014100] ACPI: HPET 0x000000001FFE3171 000038 (v01 BOCHS  BXPC     00000001 BXPC 00000001)
[    0.014960] ACPI: WAET 0x000000001FFE31A9 000028 (v01 BOCHS  BXPC     00000001 BXPC 00000001)
[    0.015811] ACPI: Reserving FACP table memory at [mem 0x1ffe2e8d-0x1ffe2f00]
[    0.016477] ACPI: Reserving DSDT table memory at [mem 0x1ffe0040-0x1ffe2e8c]
[    0.017160] ACPI: Reserving FACS table memory at [mem 0x1ffe0000-0x1ffe003f]
[    0.017835] ACPI: Reserving APIC table memory at [mem 0x1ffe2f01-0x1ffe3170]
[    0.018543] ACPI: Reserving HPET table memory at [mem 0x1ffe3171-0x1ffe31a8]
[    0.019208] ACPI: Reserving WAET table memory at [mem 0x1ffe31a9-0x1ffe31d0]
[    0.020131] No NUMA configuration found
[    0.020494] Faking a node at [mem 0x0000000000000000-0x000000001ffdffff]
[    0.021138] NODE_DATA(0) allocated [mem 0x1faa8000-0x1fad2fff]
[    0.021921] Zone ranges:
[    0.022162]   DMA      [mem 0x0000000000001000-0x0000000000ffffff]
[    0.022791]   DMA32    [mem 0x0000000001000000-0x000000001ffdffff]
[    0.023374]   Normal   empty
[    0.023658]   Device   empty
[    0.023933] Movable zone start for each node
[    0.024340] Early memory node ranges
[    0.024684]   node   0: [mem 0x0000000000001000-0x000000000009efff]
[    0.025277]   node   0: [mem 0x0000000000100000-0x000000001ffdffff]
[    0.025883] Initmem setup node 0 [mem 0x0000000000001000-0x000000001ffdffff]
[    0.026734] On node 0, zone DMA: 1 pages in unavailable ranges
[    0.026757] On node 0, zone DMA: 97 pages in unavailable ranges
[    0.028476] On node 0, zone DMA32: 32 pages in unavailable ranges
[    0.029288] ACPI: PM-Timer IO Port: 0x608
[    0.030270] ACPI: LAPIC_NMI (acpi_id[0xff] dfl dfl lint[0x1])
[    0.030843] IOAPIC[0]: apic_id 0, version 17, address 0xfec00000, GSI 0-23
[    0.031493] ACPI: INT_SRC_OVR (bus 0 bus_irq 0 global_irq 2 dfl dfl)
[    0.032109] ACPI: INT_SRC_OVR (bus 0 bus_irq 5 global_irq 5 high level)
[    0.032740] ACPI: INT_SRC_OVR (bus 0 bus_irq 9 global_irq 9 high level)
[    0.033370] ACPI: INT_SRC_OVR (bus 0 bus_irq 10 global_irq 10 high level)
[    0.034056] ACPI: INT_SRC_OVR (bus 0 bus_irq 11 global_irq 11 high level)
[    0.034747] ACPI: Using ACPI (MADT) for SMP configuration information
[    0.035354] ACPI: HPET id: 0x8086a201 base: 0xfed00000
[    0.035849] TSC deadline timer available
[    0.036223] smpboot: Allowing 64 CPUs, 0 hotplug CPUs
[    0.036726] kvm-guest: KVM setup pv remote TLB flush
[    0.037195] kvm-guest: setup PV sched yield
[    0.037596] PM: hibernation: Registered nosave memory: [mem 0x00000000-0x00000fff]
[    0.038324] PM: hibernation: Registered nosave memory: [mem 0x0009f000-0x0009ffff]
[    0.039046] PM: hibernation: Registered nosave memory: [mem 0x000a0000-0x000effff]
[    0.039770] PM: hibernation: Registered nosave memory: [mem 0x000f0000-0x000fffff]
[    0.040488] [mem 0x20000000-0xfeffbfff] available for PCI devices
[    0.041071] Booting paravirtualized kernel on KVM
[    0.041551] clocksource: refined-jiffies: mask: 0xffffffff max_cycles: 0xffffffff, max_idle_ns: 1910969940391419 ns
[    0.048628] setup_percpu: NR_CPUS:8192 nr_cpumask_bits:64 nr_cpu_ids:64 nr_node_ids:1
[    0.052163] percpu: Embedded 64 pages/cpu s225280 r8192 d28672 u262144
[    0.052906] kvm-guest: PV spinlocks enabled
[    0.053309] PV qspinlock hash table entries: 256 (order: 0, 4096 bytes, linear)
[    0.054058] Kernel command line: console=ttyS0 earlycon=uart8250,io,0x3f8
[    0.054984] random: crng init done
[    0.055315] printk: log_buf_len individual max cpu contribution: 4096 bytes
[    0.055991] printk: log_buf_len total cpu_extra contributions: 258048 bytes
[    0.056716] printk: log_buf_len min size: 262144 bytes
[    0.057580] printk: log_buf_len: 524288 bytes
[    0.058032] printk: early log buf free: 255704(97%)
[    0.058686] Dentry cache hash table entries: 65536 (order: 7, 524288 bytes, linear)
[    0.059447] Inode-cache hash table entries: 32768 (order: 6, 262144 bytes, linear)
[    0.060608] Fallback order for Node 0: 0 
[    0.060621] Built 1 zonelists, mobility grouping on.  Total pages: 128736
[    0.061719] Policy zone: DMA32
[    0.062267] mem auto-init: stack:all(zero), heap alloc:off, heap free:off
[    0.063788] Memory: 433664K/523768K available (20480K kernel code, 3182K rwdata, 14148K rodata, 4304K init, 5556K bss, 89844K reserved, 0K cma-reserved)
[    0.065406] SLUB: HWalign=64, Order=0-3, MinObjects=0, CPUs=64, Nodes=1
[    0.066082] ftrace: allocating 52784 entries in 207 pages
[    0.066874] ftrace: allocated 207 pages with 6 groups
[    0.068430] Dynamic Preempt: voluntary
[    0.069132] rcu: Preemptible hierarchical RCU implementation.
[    0.069695] rcu: 	RCU restricting CPUs from NR_CPUS=8192 to nr_cpu_ids=64.
[    0.070352] 	Trampoline variant of Tasks RCU enabled.
[    0.070848] 	Rude variant of Tasks RCU enabled.
[    0.071284] 	Tracing variant of Tasks RCU enabled.
[    0.071758] rcu: RCU calculated value of scheduler-enlistment delay is 100 jiffies.
[    0.072501] rcu: Adjusting geometry for rcu_fanout_leaf=16, nr_cpu_ids=64
[    0.076687] NR_IRQS: 524544, nr_irqs: 936, preallocated irqs: 16
[    0.077509] rcu: srcu_init: Setting srcu_struct sizes based on contention.
[    0.078319] kfence: initialized - using 2097152 bytes for 255 objects at 0x(____ptrval____)-0x(____ptrval____)
[    0.079577] Console: colour *CGA 80x25
[    0.079999] printk: console [ttyS0] enabled
[    0.079999] printk: console [ttyS0] enabled
[    0.080866] printk: bootconsole [uart8250] disabled
[    0.080866] printk: bootconsole [uart8250] disabled
[    0.081868] ACPI: Core revision 20230628
[    0.082381] clocksource: hpet: mask: 0xffffffff max_cycles: 0xffffffff, max_idle_ns: 19112604467 ns
[    0.083399] APIC: Switch to symmetric I/O mode setup
[    0.084166] x2apic enabled
[    0.084650] Switched APIC routing to physical x2apic.
[    0.085155] kvm-guest: setup PV IPIs
[    0.086507] ..TIMER: vector=0x30 apic1=0 pin1=2 apic2=-1 pin2=-1
[    0.087615] tsc: Marking TSC unstable due to TSCs unsynchronized
[    0.088709] Calibrating delay loop (skipped) preset value.. 4990.62 BogoMIPS (lpj=2495312)
[    0.090711] x86/cpu: User Mode Instruction Prevention (UMIP) activated
[    0.091806] Last level iTLB entries: 4KB 512, 2MB 255, 4MB 127
[    0.092708] Last level dTLB entries: 4KB 512, 2MB 255, 4MB 127, 1GB 0
[    0.093716] Spectre V1 : Mitigation: usercopy/swapgs barriers and __user pointer sanitization
[    0.094709] Spectre V2 : Mitigation: Retpolines
[    0.095708] Spectre V2 : Spectre v2 / SpectreRSB mitigation: Filling RSB on context switch
[    0.096709] Spectre V2 : Spectre v2 / SpectreRSB : Filling RSB on VMEXIT
[    0.097708] Spectre V2 : Enabling Speculation Barrier for firmware calls
[    0.098708] RETBleed: Mitigation: untrained return thunk
[    0.099709] Spectre V2 : mitigation: Enabling conditional Indirect Branch Prediction Barrier
[    0.100709] Speculative Store Bypass: Mitigation: Speculative Store Bypass disabled via prctl
[    0.101711] Speculative Return Stack Overflow: Mitigation: safe RET
[    0.102725] x86/fpu: Supporting XSAVE feature 0x001: 'x87 floating point registers'
[    0.103708] x86/fpu: Supporting XSAVE feature 0x002: 'SSE registers'
[    0.104708] x86/fpu: Supporting XSAVE feature 0x004: 'AVX registers'
[    0.105709] x86/fpu: xstate_offset[2]:  576, xstate_sizes[2]:  256
[    0.106708] x86/fpu: Enabled xstate features 0x7, context size is 832 bytes, using 'compacted' format.
[    0.114856] Freeing SMP alternatives memory: 52K
[    0.115709] pid_max: default: 65536 minimum: 512
[    0.116598] LSM: initializing lsm=lockdown,capability,yama,selinux,bpf,landlock,integrity
[    0.116733] Yama: becoming mindful.
[    0.117345] SELinux:  Initializing.
[    0.118398] LSM support for eBPF active
[    0.118710] landlock: Up and running.
[    0.119760] Mount-cache hash table entries: 1024 (order: 1, 8192 bytes, linear)
[    0.120710] Mountpoint-cache hash table entries: 1024 (order: 1, 8192 bytes, linear)
[    0.122948] smpboot: CPU0: AMD EPYC 7502P 32-Core Processor (family: 0x17, model: 0x31, stepping: 0x0)
[    0.123986] RCU Tasks: Setting shift to 6 and lim to 1 rcu_task_cb_adjust=1.
[    0.124734] RCU Tasks Rude: Setting shift to 6 and lim to 1 rcu_task_cb_adjust=1.
[    0.125741] RCU Tasks Trace: Setting shift to 6 and lim to 1 rcu_task_cb_adjust=1.
[    0.126744] Performance Events: Fam17h+ core perfctr, AMD PMU driver.
[    0.127712] ... version:                0
[    0.128430] ... bit width:              48
[    0.128710] ... generic registers:      6
[    0.129458] ... value mask:             0000ffffffffffff
[    0.129710] ... max period:             00007fffffffffff
[    0.130685] ... fixed-purpose events:   0
[    0.130711] ... event mask:             000000000000003f
[    0.131877] signal: max sigframe size: 1776
[    0.132634] rcu: Hierarchical SRCU implementation.
[    0.132711] rcu: 	Max phase no-delay instances is 400.
[    0.134911] smp: Bringing up secondary CPUs ...
[    0.135867] smpboot: x86: Booting SMP configuration:
[    0.136713] .... node  #0, CPUs:        #1  #2  #3  #4  #5  #6  #7  #8  #9 #10 #11 #12 #13 #14 #15 #16 #17 #18 #19 #20 #21 #22 #23 #24 #25 #26 #27 #28 #29 #30 #31 #32 #33 #34 #35 #36 #37 #38 #39 #40 #41 #42 #43 #44 #45 #46 #47 #48 #49 #50 #51 #52 #53 #54 #55 #56 #57 #58 #59 #60 #61 #62 #63
[    0.193997] smp: Brought up 1 node, 64 CPUs
[    0.195439] smpboot: Max logical packages: 1
[    0.195713] smpboot: Total of 64 processors activated (319399.93 BogoMIPS)
[    0.210379] devtmpfs: initialized
[    0.210795] x86/mm: Memory block size: 128MB
[    0.212236] clocksource: jiffies: mask: 0xffffffff max_cycles: 0xffffffff, max_idle_ns: 1911260446275000 ns
[    0.212716] futex hash table entries: 16384 (order: 8, 1048576 bytes, linear)
[    0.213911] pinctrl core: initialized pinctrl subsystem
[    0.214912] PM: RTC time: 00:18:08, date: 2023-08-12
[    0.216605] NET: Registered PF_NETLINK/PF_ROUTE protocol family
[    0.216914] DMA: preallocated 128 KiB GFP_KERNEL pool for atomic allocations
[    0.217714] DMA: preallocated 128 KiB GFP_KERNEL|GFP_DMA pool for atomic allocations
[    0.218714] DMA: preallocated 128 KiB GFP_KERNEL|GFP_DMA32 pool for atomic allocations
[    0.219732] audit: initializing netlink subsys (disabled)
[    0.220759] audit: type=2000 audit(1691799488.883:1): state=initialized audit_enabled=0 res=1
[    0.220906] thermal_sys: Registered thermal governor 'fair_share'
[    0.221711] thermal_sys: Registered thermal governor 'bang_bang'
[    0.222711] thermal_sys: Registered thermal governor 'step_wise'
[    0.223705] thermal_sys: Registered thermal governor 'user_space'
[    0.224784] cpuidle: using governor menu
[    0.228734] acpiphp: ACPI Hot Plug PCI Controller Driver version: 0.5
[    0.229919] PCI: Using configuration type 1 for base access
[    0.230711] PCI: Using configuration type 1 for extended access
[    0.234819] kprobes: kprobe jump-optimization is enabled. All kprobes are optimized if possible.
[    0.259779] HugeTLB: registered 1.00 GiB page size, pre-allocated 0 pages
[    0.260711] HugeTLB: 16380 KiB vmemmap can be freed for a 1.00 GiB page
[    0.261712] HugeTLB: registered 2.00 MiB page size, pre-allocated 0 pages
[    0.262711] HugeTLB: 28 KiB vmemmap can be freed for a 2.00 MiB page
[    0.263919] cryptd: max_cpu_qlen set to 1000
[    0.264858] raid6: skipped pq benchmark and selected avx2x4
[    0.265711] raid6: using avx2x2 recovery algorithm
[    0.266689] ACPI: Added _OSI(Module Device)
[    0.266712] ACPI: Added _OSI(Processor Device)
[    0.267468] ACPI: Added _OSI(3.0 _SCP Extensions)
[    0.267711] ACPI: Added _OSI(Processor Aggregator Device)
[    0.271211] ACPI: 1 ACPI AML tables successfully acquired and loaded
[    0.272774] ACPI: _OSC evaluation for CPUs failed, trying _PDC
[    0.274254] ACPI: Interpreter enabled
[    0.274733] ACPI: PM: (supports S0 S3 S4 S5)
[    0.275468] ACPI: Using IOAPIC for interrupt routing
[    0.276153] PCI: Using host bridge windows from ACPI; if necessary, use "pci=nocrs" and report a bug
[    0.276711] PCI: Using E820 reservations for host bridge windows
[    0.277984] ACPI: Enabled 2 GPEs in block 00 to 0F
[    0.287265] ACPI: PCI Root Bridge [PCI0] (domain 0000 [bus 00-ff])
[    0.287716] acpi PNP0A03:00: _OSC: OS supports [ExtendedConfig ASPM ClockPM Segments MSI EDR HPX-Type3]
[    0.289326] acpiphp: Slot [2] registered
[    0.289731] acpiphp: Slot [3] registered
[    0.290434] acpiphp: Slot [4] registered
[    0.290731] acpiphp: Slot [5] registered
[    0.291427] acpiphp: Slot [6] registered
[    0.291730] acpiphp: Slot [7] registered
[    0.292429] acpiphp: Slot [8] registered
[    0.292732] acpiphp: Slot [9] registered
[    0.293425] acpiphp: Slot [10] registered
[    0.293732] acpiphp: Slot [11] registered
[    0.294479] acpiphp: Slot [12] registered
[    0.294730] acpiphp: Slot [13] registered
[    0.295430] acpiphp: Slot [14] registered
[    0.295730] acpiphp: Slot [15] registered
[    0.296448] acpiphp: Slot [16] registered
[    0.296730] acpiphp: Slot [17] registered
[    0.297428] acpiphp: Slot [18] registered
[    0.297732] acpiphp: Slot [19] registered
[    0.298448] acpiphp: Slot [20] registered
[    0.298730] acpiphp: Slot [21] registered
[    0.299437] acpiphp: Slot [22] registered
[    0.299730] acpiphp: Slot [23] registered
[    0.300463] acpiphp: Slot [24] registered
[    0.300730] acpiphp: Slot [25] registered
[    0.301449] acpiphp: Slot [26] registered
[    0.301731] acpiphp: Slot [27] registered
[    0.302436] acpiphp: Slot [28] registered
[    0.302731] acpiphp: Slot [29] registered
[    0.303462] acpiphp: Slot [30] registered
[    0.303729] acpiphp: Slot [31] registered
[    0.304451] PCI host bridge to bus 0000:00
[    0.304712] pci_bus 0000:00: root bus resource [io  0x0000-0x0cf7 window]
[    0.305711] pci_bus 0000:00: root bus resource [io  0x0d00-0xffff window]
[    0.306713] pci_bus 0000:00: root bus resource [mem 0x000a0000-0x000bffff window]
[    0.307712] pci_bus 0000:00: root bus resource [mem 0x20000000-0xfebfffff window]
[    0.308711] pci_bus 0000:00: root bus resource [mem 0x100000000-0x17fffffff window]
[    0.309712] pci_bus 0000:00: root bus resource [bus 00-ff]
[    0.310794] pci 0000:00:00.0: [8086:1237] type 00 class 0x060000
[    0.312117] pci 0000:00:01.0: [8086:7000] type 00 class 0x060100
[    0.313212] pci 0000:00:01.1: [8086:7010] type 00 class 0x010180
[    0.314841] pci 0000:00:01.1: reg 0x20: [io  0xc000-0xc00f]
[    0.316254] pci 0000:00:01.1: legacy IDE quirk: reg 0x10: [io  0x01f0-0x01f7]
[    0.316712] pci 0000:00:01.1: legacy IDE quirk: reg 0x14: [io  0x03f6]
[    0.317711] pci 0000:00:01.1: legacy IDE quirk: reg 0x18: [io  0x0170-0x0177]
[    0.318711] pci 0000:00:01.1: legacy IDE quirk: reg 0x1c: [io  0x0376]
[    0.319878] pci 0000:00:01.3: [8086:7113] type 00 class 0x068000
[    0.321058] pci 0000:00:01.3: quirk: [io  0x0600-0x063f] claimed by PIIX4 ACPI
[    0.321718] pci 0000:00:01.3: quirk: [io  0x0700-0x070f] claimed by PIIX4 SMB
[    0.323349] ACPI: PCI: Interrupt link LNKA configured for IRQ 10
[    0.323911] ACPI: PCI: Interrupt link LNKB configured for IRQ 10
[    0.324885] ACPI: PCI: Interrupt link LNKC configured for IRQ 11
[    0.325875] ACPI: PCI: Interrupt link LNKD configured for IRQ 11
[    0.326837] ACPI: PCI: Interrupt link LNKS configured for IRQ 9
[    0.331552] iommu: Default domain type: Translated
[    0.331712] iommu: DMA domain TLB invalidation policy: lazy mode
[    0.332865] SCSI subsystem initialized
[    0.333765] ACPI: bus type USB registered
[    0.334499] usbcore: registered new interface driver usbfs
[    0.334722] usbcore: registered new interface driver hub
[    0.335670] usbcore: registered new device driver usb
[    0.335758] pps_core: LinuxPPS API ver. 1 registered
[    0.336595] pps_core: Software ver. 5.3.6 - Copyright 2005-2007 Rodolfo Giometti <giometti@linux.it>
[    0.336717] PTP clock support registered
[    0.337447] EDAC MC: Ver: 3.0.0
[    0.338023] NetLabel: Initializing
[    0.338712] NetLabel:  domain hash size = 128
[    0.339482] NetLabel:  protocols = UNLABELED CIPSOv4 CALIPSO
[    0.339734] NetLabel:  unlabeled traffic allowed by default
[    0.340675] mctp: management component transport protocol core
[    0.340711] NET: Registered PF_MCTP protocol family
[    0.341529] PCI: Using ACPI for IRQ routing
[    0.341786] vgaarb: loaded
[    0.342205] hpet0: at MMIO 0xfed00000, IRQs 2, 8, 0
[    0.342712] hpet0: 3 comparators, 64-bit 100.000000 MHz counter
[    0.347798] clocksource: Switched to clocksource kvm-clock
[    0.349145] VFS: Disk quotas dquot_6.6.0
[    0.349877] VFS: Dquot-cache hash table entries: 512 (order 0, 4096 bytes)
[    0.351120] pnp: PnP ACPI init
[    0.352047] pnp: PnP ACPI: found 5 devices
[    0.360338] clocksource: acpi_pm: mask: 0xffffff max_cycles: 0xffffff, max_idle_ns: 2085701024 ns
[    0.361942] NET: Registered PF_INET protocol family
[    0.362808] IP idents hash table entries: 8192 (order: 4, 65536 bytes, linear)
[    0.364717] tcp_listen_portaddr_hash hash table entries: 256 (order: 0, 4096 bytes, linear)
[    0.366129] Table-perturb hash table entries: 65536 (order: 6, 262144 bytes, linear)
[    0.367432] TCP established hash table entries: 4096 (order: 3, 32768 bytes, linear)
[    0.368775] TCP bind hash table entries: 4096 (order: 5, 131072 bytes, linear)
[    0.369986] TCP: Hash tables configured (established 4096 bind 4096)
[    0.371222] MPTCP token hash table entries: 512 (order: 1, 12288 bytes, linear)
[    0.372466] UDP hash table entries: 256 (order: 1, 8192 bytes, linear)
[    0.373554] UDP-Lite hash table entries: 256 (order: 1, 8192 bytes, linear)
[    0.374905] NET: Registered PF_UNIX/PF_LOCAL protocol family
[    0.375878] NET: Registered PF_XDP protocol family
[    0.376696] pci_bus 0000:00: resource 4 [io  0x0000-0x0cf7 window]
[    0.377744] pci_bus 0000:00: resource 5 [io  0x0d00-0xffff window]
[    0.378785] pci_bus 0000:00: resource 6 [mem 0x000a0000-0x000bffff window]
[    0.379932] pci_bus 0000:00: resource 7 [mem 0x20000000-0xfebfffff window]
[    0.381084] pci_bus 0000:00: resource 8 [mem 0x100000000-0x17fffffff window]
[    0.382299] pci 0000:00:01.0: PIIX3: Enabling Passive Release
[    0.383291] pci 0000:00:00.0: Limiting direct PCI/PCI transfers
[    0.384340] PCI: CLS 0 bytes, default 64
[    0.385115] Trying to unpack rootfs image as initramfs...
[    0.393201] Freeing initrd memory: 5172K
[    0.400903] Initialise system trusted keyrings
[    0.401735] Key type blacklist registered
[    0.402528] workingset: timestamp_bits=36 max_order=17 bucket_order=0
[    0.403687] zbud: loaded
[    0.405961] integrity: Platform Keyring initialized
[    0.406857] integrity: Machine keyring initialized
[    0.416229] NET: Registered PF_ALG protocol family
[    0.417152] xor: measuring software checksum speed
[    0.418484]    prefetch64-sse  : 20559 MB/sec
[    0.419781]    generic_sse     : 18662 MB/sec
[    0.420562] xor: using function: prefetch64-sse (20559 MB/sec)
[    0.421591] Key type asymmetric registered
[    0.422310] Asymmetric key parser 'x509' registered
[    0.425109] Block layer SCSI generic (bsg) driver version 0.4 loaded (major 245)
[    0.426523] io scheduler mq-deadline registered
[    0.427317] io scheduler kyber registered
[    0.428059] io scheduler bfq registered
[    0.432768] atomic64_test: passed for x86-64 platform with CX8 and with SSE
[    0.434363] shpchp: Standard Hot Plug PCI Controller Driver version: 0.4
[    0.435725] input: Power Button as /devices/LNXSYSTM:00/LNXPWRBN:00/input/input0
[    0.437122] ACPI: button: Power Button [PWRF]
[    0.441462] Serial: 8250/16550 driver, 32 ports, IRQ sharing enabled
[    0.442788] 00:03: ttyS0 at I/O 0x3f8 (irq = 4, base_baud = 115200) is a 16550A
[    0.447394] Non-volatile memory driver v1.3
[    0.448156] Linux agpgart interface v0.103
[    0.449020] ACPI: bus type drm_connector registered
[    0.459871] scsi host0: ata_piix
[    0.460676] scsi host1: ata_piix
[    0.461288] ata1: PATA max MWDMA2 cmd 0x1f0 ctl 0x3f6 bmdma 0xc000 irq 14
[    0.462472] ata2: PATA max MWDMA2 cmd 0x170 ctl 0x376 bmdma 0xc008 irq 15
[    0.464083] usbcore: registered new interface driver usbserial_generic
[    0.465280] usbserial: USB Serial support registered for generic
[    0.466365] i8042: PNP: PS/2 Controller [PNP0303:KBD,PNP0f13:MOU] at 0x60,0x64 irq 1,12
[    0.468492] serio: i8042 KBD port at 0x60,0x64 irq 1
[    0.469358] serio: i8042 AUX port at 0x60,0x64 irq 12
[    0.470356] mousedev: PS/2 mouse device common for all mice
[    0.471515] rtc_cmos 00:04: RTC can wake from S4
[    0.472805] input: AT Translated Set 2 keyboard as /devices/platform/i8042/serio0/input/input1
[    0.474654] rtc_cmos 00:04: registered as rtc0
[    0.475608] rtc_cmos 00:04: setting system clock to 2023-08-12T00:18:08 UTC (1691799488)
vmport: unknown command 56
[    0.477266] rtc_cmos 00:04: alarms up to one day, y3k, 242 bytes nvram, hpet irqs
[    0.477311] input: VirtualPS/2 VMware VMMouse as /devices/platform/i8042/serio1/input/input4
[    0.478566] device-mapper: core: CONFIG_IMA_DISABLE_HTABLE is disabled. Duplicate IMA measurements will not be recorded in the IMA log.
[    0.482088] device-mapper: uevent: version 1.0.3
[    0.483073] device-mapper: ioctl: 4.48.0-ioctl (2023-03-01) initialised: dm-devel@redhat.com
[    0.483104] input: VirtualPS/2 VMware VMMouse as /devices/platform/i8042/serio1/input/input3
[    0.484650] amd_pstate: the _CPC object is not present in SBIOS or ACPI disabled
[    0.487361] hid: raw HID events driver (C) Jiri Kosina
[    0.488390] usbcore: registered new interface driver usbhid
[    0.489320] usbhid: USB HID core driver
[    0.490193] drop_monitor: Initializing network drop monitor service
[    0.506767] Initializing XFRM netlink socket
[    0.507550] NET: Registered PF_INET6 protocol family
[    0.510386] Segment Routing with IPv6
[    0.511026] RPL Segment Routing with IPv6
[    0.511724] In-situ OAM (IOAM) with IPv6
[    0.512405] mip6: Mobile IPv6
[    0.512931] NET: Registered PF_PACKET protocol family
[    0.518978] IPI shorthand broadcast: enabled
[    0.519797] AVX2 version of gcm_enc/dec engaged.
[    0.521370] AES CTR mode by8 optimization enabled
[    0.525761] sched_clock: Marking stable (519001824, 6475334)->(577457588, -51980430)
[    0.527398] registered taskstats version 1
[    0.531579] Loading compiled-in X.509 certificates
[    0.541305] Loaded X.509 cert 'Build time autogenerated kernel key: 5f543afe72ba3379cb4d33c83ccb271b319df837'
[    0.548001] page_owner is disabled
[    0.548750] Key type .fscrypt registered
[    0.549426] Key type fscrypt-provisioning registered
[    0.551224] Btrfs loaded, zoned=yes, fsverity=yes
[    0.552076] Key type big_key registered
[    0.555399] Key type encrypted registered
[    0.556120] ima: No TPM chip found, activating TPM-bypass!
[    0.557047] Loading compiled-in module X.509 certificates
[    0.558384] Loaded X.509 cert 'Build time autogenerated kernel key: 5f543afe72ba3379cb4d33c83ccb271b319df837'
[    0.560050] ima: Allocated hash algorithm: sha256
[    0.560857] ima: No architecture policies found
[    0.561649] evm: Initialising EVM extended attributes:
[    0.562511] evm: security.selinux
[    0.563081] evm: security.SMACK64 (disabled)
[    0.563804] evm: security.SMACK64EXEC (disabled)
[    0.564569] evm: security.SMACK64TRANSMUTE (disabled)
[    0.565426] evm: security.SMACK64MMAP (disabled)
[    0.566208] evm: security.apparmor (disabled)
[    0.566944] evm: security.ima
[    0.567437] evm: security.capability
[    0.568051] evm: HMAC attrs: 0x1
[    0.595454] alg: No test for 842 (842-scomp)
[    0.596360] alg: No test for 842 (842-generic)
[    0.705496] PM:   Magic number: 3:182:304
[    0.706327] tty tty33: hash matches
[    0.714127] RAS: Correctable Errors collector initialized.
[    0.715300] clk: Disabling unused clocks
[    0.718571] Freeing unused decrypted memory: 2036K
[    0.720354] Freeing unused kernel image (initmem) memory: 4304K
[    0.724513] Write protecting the kernel read-only data: 34816k
[    0.726028] Freeing unused kernel image (rodata/data gap) memory: 188K
[    0.805297] x86/mm: Checked W+X mappings: passed, no W+X pages found.
[    0.806261] Run /init as init process
Starting syslogd: OK
Starting klogd: OK
Running sysctl: OK
Saving 256 bits of creditable seed for next boot
Starting network: OK
Linux version 6.5.0-rc5-next-20230809-cbl (nathan@dev-arch.m3-large-x86-01) (ClangBuiltLinux clang version 16.0.6 (https://github.com/llvm/llvm-project 7cbf1a2591520c2491aa35339f227775f4d3adf6), ClangBuiltLinux LLD 16.0.6) #1 SMP PREEMPT_DYNAMIC Sat Aug 12 00:16:59 UTC 2023
Stopping network: OK
Seeding 256 bits and crediting
Saving 256 bits of creditable seed for next boot
Stopping klogd: OK
Stopping syslogd: OK
umount: devtmpfs busy - remounted read-only
umount: can't unmount /: Invalid argument

The system is going down NOW!

Sent SIGTERM to all processes

Sent SIGKILL to all processes

Requesting system poweroff
[    2.882914] ACPI: PM: Preparing to enter system sleep state S5
[    2.883828] reboot: Power down
$ timeout --foreground 3m stdbuf -eL -oL /usr/sbin/qemu-system-x86_64 -display none -nodefaults -d unimp,guest_errors -append 'console=ttyS0 earlycon=uart8250,io,0x3f8' -kernel /home/nathan/tmp/build/cbl_lkt/linux-next/x86_64/arch/x86/boot/bzImage -initrd /home/nathan/cbl/llvm-kernel-testing/src/boot-utils/images/x86_64/rootfs.cpio -cpu host -enable-kvm -m 512m -smp 64 -serial mon:stdio
