/home/nathan/cbl/src/linux-next/arch/arm/boot/dts/aspeed/aspeed-bmc-ibm-bonnell.dts:238.6-19: Warning (reg_format): /ahb/apb/fsi@1e79b000/cfam@0,0/i2c@1800/i2c-bus@a/eeprom@50:reg: property has invalid length (4 bytes) (#address-cells == 2, #size-cells == 1)
/home/nathan/cbl/src/linux-next/arch/arm/boot/dts/aspeed/aspeed-bmc-ibm-bonnell.dts:247.6-19: Warning (reg_format): /ahb/apb/fsi@1e79b000/cfam@0,0/i2c@1800/i2c-bus@b/eeprom@50:reg: property has invalid length (4 bytes) (#address-cells == 2, #size-cells == 1)
/home/nathan/cbl/src/linux-next/arch/arm/boot/dts/aspeed/aspeed-bmc-ibm-bonnell.dts:256.6-19: Warning (reg_format): /ahb/apb/fsi@1e79b000/cfam@0,0/i2c@1800/i2c-bus@c/eeprom@50:reg: property has invalid length (4 bytes) (#address-cells == 2, #size-cells == 1)
/home/nathan/cbl/src/linux-next/arch/arm/boot/dts/aspeed/aspeed-bmc-ibm-bonnell.dts:265.6-19: Warning (reg_format): /ahb/apb/fsi@1e79b000/cfam@0,0/i2c@1800/i2c-bus@d/eeprom@50:reg: property has invalid length (4 bytes) (#address-cells == 2, #size-cells == 1)
arch/arm/boot/dts/aspeed/aspeed-bmc-ibm-bonnell.dtb: Warning (pci_device_reg): Failed prerequisite 'reg_format'
arch/arm/boot/dts/aspeed/aspeed-bmc-ibm-bonnell.dtb: Warning (pci_device_bus_num): Failed prerequisite 'reg_format'
/home/nathan/cbl/src/linux-next/arch/arm/boot/dts/aspeed/aspeed-bmc-ibm-bonnell.dts:233.27-240.6: Warning (i2c_bus_bridge): /ahb/apb/fsi@1e79b000/cfam@0,0/i2c@1800/i2c-bus@a: incorrect #address-cells for I2C bus
/home/nathan/cbl/src/linux-next/arch/arm/boot/dts/aspeed/aspeed-bmc-ibm-bonnell.dts:233.27-240.6: Warning (i2c_bus_bridge): /ahb/apb/fsi@1e79b000/cfam@0,0/i2c@1800/i2c-bus@a: incorrect #size-cells for I2C bus
/home/nathan/cbl/src/linux-next/arch/arm/boot/dts/aspeed/aspeed-bmc-ibm-bonnell.dts:242.27-249.6: Warning (i2c_bus_bridge): /ahb/apb/fsi@1e79b000/cfam@0,0/i2c@1800/i2c-bus@b: incorrect #address-cells for I2C bus
/home/nathan/cbl/src/linux-next/arch/arm/boot/dts/aspeed/aspeed-bmc-ibm-bonnell.dts:242.27-249.6: Warning (i2c_bus_bridge): /ahb/apb/fsi@1e79b000/cfam@0,0/i2c@1800/i2c-bus@b: incorrect #size-cells for I2C bus
/home/nathan/cbl/src/linux-next/arch/arm/boot/dts/aspeed/aspeed-bmc-ibm-bonnell.dts:251.27-258.6: Warning (i2c_bus_bridge): /ahb/apb/fsi@1e79b000/cfam@0,0/i2c@1800/i2c-bus@c: incorrect #address-cells for I2C bus
/home/nathan/cbl/src/linux-next/arch/arm/boot/dts/aspeed/aspeed-bmc-ibm-bonnell.dts:251.27-258.6: Warning (i2c_bus_bridge): /ahb/apb/fsi@1e79b000/cfam@0,0/i2c@1800/i2c-bus@c: incorrect #size-cells for I2C bus
/home/nathan/cbl/src/linux-next/arch/arm/boot/dts/aspeed/aspeed-bmc-ibm-bonnell.dts:260.27-267.6: Warning (i2c_bus_bridge): /ahb/apb/fsi@1e79b000/cfam@0,0/i2c@1800/i2c-bus@d: incorrect #address-cells for I2C bus
/home/nathan/cbl/src/linux-next/arch/arm/boot/dts/aspeed/aspeed-bmc-ibm-bonnell.dts:260.27-267.6: Warning (i2c_bus_bridge): /ahb/apb/fsi@1e79b000/cfam@0,0/i2c@1800/i2c-bus@d: incorrect #size-cells for I2C bus
arch/arm/boot/dts/aspeed/aspeed-bmc-ibm-bonnell.dtb: Warning (i2c_bus_reg): Failed prerequisite 'reg_format'
arch/arm/boot/dts/aspeed/aspeed-bmc-ibm-bonnell.dtb: Warning (i2c_bus_reg): Failed prerequisite 'i2c_bus_bridge'
arch/arm/boot/dts/aspeed/aspeed-bmc-ibm-bonnell.dtb: Warning (spi_bus_reg): Failed prerequisite 'reg_format'
/home/nathan/cbl/src/linux-next/arch/arm/boot/dts/aspeed/aspeed-bmc-ibm-bonnell.dts:236.15-239.7: Warning (avoid_default_addr_size): /ahb/apb/fsi@1e79b000/cfam@0,0/i2c@1800/i2c-bus@a/eeprom@50: Relying on default #address-cells value
/home/nathan/cbl/src/linux-next/arch/arm/boot/dts/aspeed/aspeed-bmc-ibm-bonnell.dts:236.15-239.7: Warning (avoid_default_addr_size): /ahb/apb/fsi@1e79b000/cfam@0,0/i2c@1800/i2c-bus@a/eeprom@50: Relying on default #size-cells value
/home/nathan/cbl/src/linux-next/arch/arm/boot/dts/aspeed/aspeed-bmc-ibm-bonnell.dts:245.15-248.7: Warning (avoid_default_addr_size): /ahb/apb/fsi@1e79b000/cfam@0,0/i2c@1800/i2c-bus@b/eeprom@50: Relying on default #address-cells value
/home/nathan/cbl/src/linux-next/arch/arm/boot/dts/aspeed/aspeed-bmc-ibm-bonnell.dts:245.15-248.7: Warning (avoid_default_addr_size): /ahb/apb/fsi@1e79b000/cfam@0,0/i2c@1800/i2c-bus@b/eeprom@50: Relying on default #size-cells value
/home/nathan/cbl/src/linux-next/arch/arm/boot/dts/aspeed/aspeed-bmc-ibm-bonnell.dts:254.15-257.7: Warning (avoid_default_addr_size): /ahb/apb/fsi@1e79b000/cfam@0,0/i2c@1800/i2c-bus@c/eeprom@50: Relying on default #address-cells value
/home/nathan/cbl/src/linux-next/arch/arm/boot/dts/aspeed/aspeed-bmc-ibm-bonnell.dts:254.15-257.7: Warning (avoid_default_addr_size): /ahb/apb/fsi@1e79b000/cfam@0,0/i2c@1800/i2c-bus@c/eeprom@50: Relying on default #size-cells value
/home/nathan/cbl/src/linux-next/arch/arm/boot/dts/aspeed/aspeed-bmc-ibm-bonnell.dts:263.15-266.7: Warning (avoid_default_addr_size): /ahb/apb/fsi@1e79b000/cfam@0,0/i2c@1800/i2c-bus@d/eeprom@50: Relying on default #address-cells value
/home/nathan/cbl/src/linux-next/arch/arm/boot/dts/aspeed/aspeed-bmc-ibm-bonnell.dts:263.15-266.7: Warning (avoid_default_addr_size): /ahb/apb/fsi@1e79b000/cfam@0,0/i2c@1800/i2c-bus@d/eeprom@50: Relying on default #size-cells value
/home/nathan/cbl/src/linux-next/arch/arm/mach-omap2/omap_hwmod.c:1723:3: warning: result of comparison of constant 2000 with expression of type 'u8' (aka 'unsigned char') is always false [-Wtautological-constant-out-of-range-compare]
                udelay(oh->class->sysc->srst_udelay);
                ^~~~~~~~~~~~~~~~~~~~~~~~~~~~~~~~~~~~
/home/nathan/cbl/src/linux-next/arch/arm/include/asm/delay.h:84:9: note: expanded from macro 'udelay'
          ((n) > (MAX_UDELAY_MS * 1000) ? __bad_udelay() :              \
           ~~~ ^ ~~~~~~~~~~~~~~~~~~~~~~
1 warning generated.
/home/nathan/cbl/src/linux-next/arch/arm/mach-omap2/wd_timer.c:89:3: warning: result of comparison of constant 2000 with expression of type 'u8' (aka 'unsigned char') is always false [-Wtautological-constant-out-of-range-compare]
                udelay(oh->class->sysc->srst_udelay);
                ^~~~~~~~~~~~~~~~~~~~~~~~~~~~~~~~~~~~
/home/nathan/cbl/src/linux-next/arch/arm/include/asm/delay.h:84:9: note: expanded from macro 'udelay'
          ((n) > (MAX_UDELAY_MS * 1000) ? __bad_udelay() :              \
           ~~~ ^ ~~~~~~~~~~~~~~~~~~~~~~
1 warning generated.
/home/nathan/cbl/src/linux-next/drivers/clk/actions/owl-pll.c:182:2: warning: result of comparison of constant 2000 with expression of type 'u8' (aka 'unsigned char') is always false [-Wtautological-constant-out-of-range-compare]
        udelay(pll_hw->delay);
        ^~~~~~~~~~~~~~~~~~~~~
/home/nathan/cbl/src/linux-next/arch/arm/include/asm/delay.h:84:9: note: expanded from macro 'udelay'
          ((n) > (MAX_UDELAY_MS * 1000) ? __bad_udelay() :              \
           ~~~ ^ ~~~~~~~~~~~~~~~~~~~~~~
1 warning generated.
/home/nathan/cbl/src/linux-next/drivers/net/wireless/ath/ath9k/main.c:1566:21: warning: parameter 'changed_flags' set but not used [-Wunused-but-set-parameter]
                                   unsigned int changed_flags,
                                                ^
1 warning generated.
/home/nathan/cbl/src/linux-next/drivers/net/wireless/ath/ath9k/htc_drv_main.c:1258:25: warning: parameter 'changed_flags' set but not used [-Wunused-but-set-parameter]
                                       unsigned int changed_flags,
                                                    ^
1 warning generated.
/home/nathan/cbl/src/linux-next/drivers/md/dm-integrity.c:4159:12: warning: result of comparison of constant 14316557650 with expression of type 'unsigned int' is always false [-Wtautological-constant-out-of-range-compare]
                        if (val >= (uint64_t)UINT_MAX * 1000 / HZ) {
                            ~~~ ^  ~~~~~~~~~~~~~~~~~~~~~~~~~~~~~~
1 warning generated.
WARN: resolve_btfids: unresolved symbol vfs_truncate
WARN: resolve_btfids: unresolved symbol vfs_fallocate
WARN: resolve_btfids: unresolved symbol bpf_obj_new_impl
WARN: resolve_btfids: unresolved symbol bpf_lsm_path_notify
WARN: resolve_btfids: unresolved symbol bpf_lsm_kernel_post_load_data
WARN: resolve_btfids: unresolved symbol bpf_lookup_user_key
WARN: resolve_btfids: unresolved symbol bpf_lookup_system_key

[01;32mQEMU location: [0m/usr/sbin[0m

[01;32mQEMU version: [0mQEMU emulator version 8.0.3[0m
[    0.000000][    T0] Booting Linux on physical CPU 0x0
[    0.000000][    T0] Linux version 6.5.0-rc5-next-20230809-default-cbl (nathan@dev-arch.m3-large-x86-01) (ClangBuiltLinux clang version 13.0.1 (https://github.com/llvm/llvm-project 75e33f71c2dae584b13a7d1186ae0a038ba98838), ClangBuiltLinux LLD 13.0.1 (https://github.com/llvm/llvm-project 75e33f71c2dae584b13a7d1186ae0a038ba98838)) #1 SMP Sat Aug 12 09:07:01 UTC 2023
[    0.000000][    T0] CPU: ARMv7 Processor [414fc0f0] revision 0 (ARMv7), cr=10c5387d
[    0.000000][    T0] CPU: div instructions available: patching division code
[    0.000000][    T0] CPU: PIPT / VIPT nonaliasing data cache, PIPT instruction cache
[    0.000000][    T0] OF: fdt: Machine model: linux,dummy-virt
[    0.000000][    T0] random: crng init done
[    0.000000][    T0] earlycon: pl11 at MMIO 0x09000000 (options '')
[    0.000000][    T0] printk: bootconsole [pl11] enabled
[    0.000000][    T0] Memory policy: Data cache writealloc
[    0.000000][    T0] efi: UEFI not found.
[    0.000000][    T0] cma: Reserved 64 MiB at 0x5c000000 on node -1
[    0.000000][    T0] Zone ranges:
[    0.000000][    T0]   DMA      [mem 0x0000000040000000-0x000000005fffffff]
[    0.000000][    T0]   Normal   empty
[    0.000000][    T0]   HighMem  empty
[    0.000000][    T0] Movable zone start for each node
[    0.000000][    T0] Early memory node ranges
[    0.000000][    T0]   node   0: [mem 0x0000000040000000-0x000000005fffffff]
[    0.000000][    T0] Initmem setup node 0 [mem 0x0000000040000000-0x000000005fffffff]
[    0.000000][    T0] psci: probing for conduit method from DT.
[    0.000000][    T0] psci: PSCIv1.1 detected in firmware.
[    0.000000][    T0] psci: Using standard PSCI v0.2 function IDs
[    0.000000][    T0] psci: Trusted OS migration not required
[    0.000000][    T0] psci: SMC Calling Convention v1.0
[    0.000000][    T0] percpu: Embedded 19 pages/cpu s48468 r8192 d21164 u77824
[    0.000000][    T0] Kernel command line: console=ttyAMA0 earlycon
[    0.000000][    T0] Dentry cache hash table entries: 65536 (order: 6, 262144 bytes, linear)
[    0.000000][    T0] Inode-cache hash table entries: 32768 (order: 5, 131072 bytes, linear)
[    0.000000][    T0] Built 1 zonelists, mobility grouping on.  Total pages: 129920
[    0.000000][    T0] mem auto-init: stack:off, heap alloc:off, heap free:off
[    0.000000][    T0] Memory: 414932K/524288K available (15360K kernel code, 2417K rwdata, 12596K rodata, 2048K init, 570K bss, 43820K reserved, 65536K cma-reserved, 0K highmem)
[    0.000000][    T0] SLUB: HWalign=64, Order=0-3, MinObjects=0, CPUs=1, Nodes=1
[    0.000000][    T0] ftrace: allocating 49700 entries in 146 pages
[    0.000000][    T0] ftrace: allocated 146 pages with 3 groups
[    0.000000][    T0] trace event string verifier disabled
[    0.000000][    T0] rcu: Hierarchical RCU implementation.
[    0.000000][    T0] rcu: 	RCU event tracing is enabled.
[    0.000000][    T0] rcu: 	RCU restricting CPUs from NR_CPUS=16 to nr_cpu_ids=1.
[    0.000000][    T0] 	Rude variant of Tasks RCU enabled.
[    0.000000][    T0] 	Tracing variant of Tasks RCU enabled.
[    0.000000][    T0] rcu: RCU calculated value of scheduler-enlistment delay is 30 jiffies.
[    0.000000][    T0] rcu: Adjusting geometry for rcu_fanout_leaf=16, nr_cpu_ids=1
[    0.000000][    T0] NR_IRQS: 16, nr_irqs: 16, preallocated irqs: 16
[    0.000000][    T0] GIC physical location is 0x8000000
[    0.000000][    T0] GICv2m: range[mem 0x08020000-0x08020fff], SPI[80:143]
[    0.000000][    T0] rcu: srcu_init: Setting srcu_struct sizes based on contention.
[    0.000000][    T0] arch_timer: cp15 timer(s) running at 62.50MHz (virt).
[    0.000000][    T0] clocksource: arch_sys_counter: mask: 0x1ffffffffffffff max_cycles: 0x1cd42e208c, max_idle_ns: 881590405314 ns
[    0.000127][    T0] sched_clock: 57 bits at 63MHz, resolution 16ns, wraps every 4398046511096ns
[    0.000419][    T0] Switching to timer-based delay loop, resolution 16ns
[    0.009497][    T0] Console: colour dummy device 80x30
[    0.011327][    T0] Calibrating delay loop (skipped), value calculated using timer frequency.. 125.20 BogoMIPS (lpj=208333)
[    0.011689][    T0] CPU: Testing write buffer coherency: ok
[    0.013696][    T0] CPU0: Spectre v2: firmware did not set auxiliary control register IBE bit, system vulnerable
[    0.013958][    T0] CPU0: Spectre BHB: enabling loop workaround for all CPUs
[    0.014178][    T0] pid_max: default: 32768 minimum: 301
[    0.016026][    T0] LSM: initializing lsm=lockdown,capability,landlock,yama,apparmor,tomoyo,bpf,integrity
[    0.016772][    T0] landlock: Up and running.
[    0.016860][    T0] Yama: becoming mindful.
[    0.019916][    T0] AppArmor: AppArmor initialized
[    0.020053][    T0] TOMOYO Linux initialized
[    0.020817][    T0] LSM support for eBPF active
[    0.023428][    T0] Mount-cache hash table entries: 1024 (order: 0, 4096 bytes, linear)
[    0.023584][    T0] Mountpoint-cache hash table entries: 1024 (order: 0, 4096 bytes, linear)
[    0.051731][    T1] /cpus/cpu@0 missing clock-frequency property
[    0.052183][    T1] CPU0: thread -1, cpu 0, socket 0, mpidr 80000000
[    0.060021][    T1] RCU Tasks Rude: Setting shift to 0 and lim to 1 rcu_task_cb_adjust=1.
[    0.060409][    T1] RCU Tasks Trace: Setting shift to 0 and lim to 1 rcu_task_cb_adjust=1.
[    0.061259][    T1] Setting up static identity map for 0x40300000 - 0x403000ac
[    0.063947][    T1] rcu: Hierarchical SRCU implementation.
[    0.064064][    T1] rcu: 	Max phase no-delay instances is 1000.
[    0.070366][    T1] EFI services will not be available.
[    0.071477][    T1] smp: Bringing up secondary CPUs ...
[    0.072644][    T1] smp: Brought up 1 node, 1 CPU
[    0.072788][    T1] SMP: Total of 1 processors activated (125.20 BogoMIPS).
[    0.072931][    T1] CPU: All CPU(s) started in SVC mode.
[    0.087783][    T1] devtmpfs: initialized
[    0.096762][    T1] VFP support v0.3: implementor 41 architecture 4 part 30 variant f rev 0
[    0.119799][    T1] clocksource: jiffies: mask: 0xffffffff max_cycles: 0xffffffff, max_idle_ns: 6370867519511994 ns
[    0.120606][    T1] futex hash table entries: 256 (order: 2, 16384 bytes, linear)
[    0.136156][    T1] pinctrl core: initialized pinctrl subsystem
[    0.149070][    T1] DMI not present or invalid.
[    0.173843][    T1] NET: Registered PF_NETLINK/PF_ROUTE protocol family
[    0.187333][    T1] DMA: preallocated 256 KiB pool for atomic coherent allocations
[    0.189320][    T1] audit: initializing netlink subsys (disabled)
[    0.195232][   T22] audit: type=2000 audit(0.173:1): state=initialized audit_enabled=0 res=1
[    0.198464][    T1] thermal_sys: Registered thermal governor 'fair_share'
[    0.198507][    T1] thermal_sys: Registered thermal governor 'bang_bang'
[    0.198614][    T1] thermal_sys: Registered thermal governor 'step_wise'
[    0.198709][    T1] thermal_sys: Registered thermal governor 'user_space'
[    0.199188][    T1] cpuidle: using governor ladder
[    0.199456][    T1] cpuidle: using governor menu
[    0.200099][    T1] No ATAGs?
[    0.201285][    T1] hw-breakpoint: found 5 (+1 reserved) breakpoint and 4 watchpoint registers.
[    0.201491][    T1] hw-breakpoint: maximum watchpoint size is 8 bytes.
[    0.202506][    T1] socfpga_setup_ocram_self_refresh: Unable to find mmio-sram in dtb
[    0.206687][    T1] Serial: AMBA PL011 UART driver
[    0.246234][    T1] 9000000.pl011: ttyAMA0 at MMIO 0x9000000 (irq = 28, base_baud = 0) is a PL011 rev1
[    0.247929][    T1] printk: console [ttyAMA0] enabled
[    0.247929][    T1] printk: console [ttyAMA0] enabled
[    0.248372][    T1] printk: bootconsole [pl11] disabled
[    0.248372][    T1] printk: bootconsole [pl11] disabled
[    0.264402][    T1] kprobes: kprobe jump-optimization is enabled. All kprobes are optimized if possible.
[    0.297067][    T1] cryptd: max_cpu_qlen set to 1000
[    0.305181][    T1] iommu: Default domain type: Passthrough
[    0.308844][    T1] SCSI subsystem initialized
[    0.310965][    T1] pps_core: LinuxPPS API ver. 1 registered
[    0.311059][    T1] pps_core: Software ver. 5.3.6 - Copyright 2005-2007 Rodolfo Giometti <giometti@linux.it>
[    0.311270][    T1] PTP clock support registered
[    0.311750][    T1] EDAC MC: Ver: 3.0.0
[    0.313709][    T1] scmi_core: SCMI protocol bus registered
[    0.324111][    T1] NetLabel: Initializing
[    0.324218][    T1] NetLabel:  domain hash size = 128
[    0.324310][    T1] NetLabel:  protocols = UNLABELED CIPSOv4 CALIPSO
[    0.325557][    T1] NetLabel:  unlabeled traffic allowed by default
[    0.325715][    T1] mctp: management component transport protocol core
[    0.325806][    T1] NET: Registered PF_MCTP protocol family
[    0.327077][    T1] vgaarb: loaded
[    0.334459][    T1] clocksource: Switched to clocksource arch_sys_counter
[    0.369557][    T1] VFS: Disk quotas dquot_6.6.0
[    0.369796][    T1] VFS: Dquot-cache hash table entries: 1024 (order 0, 4096 bytes)
[    0.376786][    T1] AppArmor: AppArmor Filesystem Enabled
[    0.395003][    T1] NET: Registered PF_INET protocol family
[    0.396532][    T1] IP idents hash table entries: 8192 (order: 4, 65536 bytes, linear)
[    0.404054][    T1] tcp_listen_portaddr_hash hash table entries: 512 (order: 0, 4096 bytes, linear)
[    0.404254][    T1] Table-perturb hash table entries: 65536 (order: 6, 262144 bytes, linear)
[    0.404421][    T1] TCP established hash table entries: 4096 (order: 2, 16384 bytes, linear)
[    0.404787][    T1] TCP bind hash table entries: 4096 (order: 4, 65536 bytes, linear)
[    0.405154][    T1] TCP: Hash tables configured (established 4096 bind 4096)
[    0.407134][    T1] MPTCP token hash table entries: 512 (order: 1, 8192 bytes, linear)
[    0.407552][    T1] UDP hash table entries: 256 (order: 1, 8192 bytes, linear)
[    0.407915][    T1] UDP-Lite hash table entries: 256 (order: 1, 8192 bytes, linear)
[    0.409636][    T1] NET: Registered PF_UNIX/PF_LOCAL protocol family
[    0.410201][    T1] NET: Registered PF_XDP protocol family
[    0.410524][    T1] PCI: CLS 0 bytes, default 64
[    0.420922][    T1] Initialise system trusted keyrings
[    0.424290][   T11] Trying to unpack rootfs image as initramfs...
[    0.427405][    T1] workingset: timestamp_bits=14 max_order=17 bucket_order=3
[    0.427759][    T1] zbud: loaded
[    0.612278][   T11] Freeing initrd memory: 3824K
[    0.612959][    T1] Key type asymmetric registered
[    0.613115][    T1] Asymmetric key parser 'x509' registered
[    0.645463][    T1] Block layer SCSI generic (bsg) driver version 0.4 loaded (major 246)
[    0.646372][    T1] io scheduler mq-deadline registered
[    0.646515][    T1] io scheduler kyber registered
[    0.647113][    T1] io scheduler bfq registered
[    0.674661][    T1] pl061_gpio 9030000.pl061: PL061 GPIO chip registered
[    0.676535][    T1] shpchp: Standard Hot Plug PCI Controller Driver version: 0.4
[    0.679628][    T1] pci-host-generic 4010000000.pcie: host bridge /pcie@10000000 ranges:
[    0.680481][    T1] pci-host-generic 4010000000.pcie:       IO 0x003eff0000..0x003effffff -> 0x0000000000
[    0.681110][    T1] pci-host-generic 4010000000.pcie:      MEM 0x0010000000..0x003efeffff -> 0x0010000000
[    0.681282][    T1] pci-host-generic 4010000000.pcie:      MEM 0x8000000000..0xffffffffff -> 0x8000000000
[    0.682228][    T1] pci-host-generic 4010000000.pcie: can't claim ECAM area [mem 0x10000000-0x1fffffff]: address conflict with pcie@10000000 [mem 0x10000000-0x3efeffff]
[    0.682722][    T1] pci-host-generic: probe of 4010000000.pcie failed with error -16
[    0.703625][    T1] Serial: 8250/16550 driver, 32 ports, IRQ sharing enabled
[    0.727447][    T1] Serial: AMBA driver
[    0.728806][    T1] msm_serial: driver initialized
[    0.729399][    T1] STMicroelectronics ASC driver initialized
[    0.748451][    T1] mousedev: PS/2 mouse device common for all mice
[    0.756810][    T1] rtc-pl031 9010000.pl031: registered as rtc0
[    0.757931][    T1] rtc-pl031 9010000.pl031: setting system clock to 2023-08-12T09:08:15 UTC (1691831295)
[    0.770665][    T1] ledtrig-cpu: registered to indicate activity on CPUs
[    0.772656][    T1] hid: raw HID events driver (C) Jiri Kosina
[    0.777589][   T48] watchdog: Delayed init of the lockup detector failed: -19
[    0.777697][   T48] watchdog: Hard watchdog permanently disabled
[    0.778912][    T1]  cs_system_cfg: CoreSight Configuration manager initialised
[    0.781820][    T1] drop_monitor: Initializing network drop monitor service
[    0.857968][    T1] NET: Registered PF_INET6 protocol family
[    0.871673][    T1] Segment Routing with IPv6
[    0.871810][    T1] RPL Segment Routing with IPv6
[    0.872060][    T1] In-situ OAM (IOAM) with IPv6
[    0.873534][    T1] ThumbEE CPU extension supported.
[    0.873841][    T1] Registering SWP/SWPB emulation handler
[    0.898222][    T1] registered taskstats version 1
[    0.900593][    T1] Loading compiled-in X.509 certificates
[    1.140481][    T1] Loaded X.509 cert 'Build time autogenerated kernel key: b47ea37b8b8f0bd137527950251249f35bc3c467'
[    1.155160][    T1] page_owner is disabled
[    1.155990][    T1] Key type .fscrypt registered
[    1.156079][    T1] Key type fscrypt-provisioning registered
[    1.157737][    T1] Key type encrypted registered
[    1.157879][    T1] AppArmor: AppArmor sha1 policy hashing enabled
[    1.158436][    T1] ima: No TPM chip found, activating TPM-bypass!
[    1.158635][    T1] Loading compiled-in module X.509 certificates
[    1.165669][    T1] Loaded X.509 cert 'Build time autogenerated kernel key: b47ea37b8b8f0bd137527950251249f35bc3c467'
[    1.165964][    T1] ima: Allocated hash algorithm: sha256
[    1.167886][    T1] ima: No architecture policies found
[    1.168534][    T1] evm: Initialising EVM extended attributes:
[    1.168636][    T1] evm: security.selinux
[    1.168720][    T1] evm: security.SMACK64 (disabled)
[    1.168788][    T1] evm: security.SMACK64EXEC (disabled)
[    1.168857][    T1] evm: security.SMACK64TRANSMUTE (disabled)
[    1.168929][    T1] evm: security.SMACK64MMAP (disabled)
[    1.168998][    T1] evm: security.apparmor
[    1.169056][    T1] evm: security.ima
[    1.169109][    T1] evm: security.capability
[    1.169183][    T1] evm: HMAC attrs: 0x1
[    1.243064][  T117] alg: No test for 842 (842-scomp)
[    1.243384][  T118] alg: No test for 842 (842-generic)
[    2.767028][    T1] clk: Disabling unused clocks
[    2.771123][    T1] uart-pl011 9000000.pl011: no DMA platform data
[    2.914200][    T1] Freeing unused kernel image (initmem) memory: 2048K
[    2.929285][    T1] Checked W+X mappings: passed, no W+X pages found
[    2.929658][    T1] Run /init as init process
[    3.002271][    T1] Not activating Mandatory Access Control as /sbin/tomoyo-init does not exist.
Starting syslogd: OK
Starting klogd: OK
Running sysctl: OK
Saving 256 bits of creditable seed for next boot
Starting network: OK
Linux version 6.5.0-rc5-next-20230809-default-cbl (nathan@dev-arch.m3-large-x86-01) (ClangBuiltLinux clang version 13.0.1 (https://github.com/llvm/llvm-project 75e33f71c2dae584b13a7d1186ae0a038ba98838), ClangBuiltLinux LLD 13.0.1 (https://github.com/llvm/llvm-project 75e33f71c2dae584b13a7d1186ae0a038ba98838)) #1 SMP Sat Aug 12 09:07:01 UTC 2023
Stopping network: OK
Seeding 256 bits and crediting
Saving 256 bits of creditable seed for next boot
Stopping klogd: OK
Stopping syslogd: OK
umount: devtmpfs busy - remounted read-only
umount: can't unmount /: Invalid argument

The system is going down NOW!

Sent SIGTERM to all processes

Sent SIGKILL to all processes

Requesting system reboot
[    5.531005][  T204] reboot: Restarting system
$ timeout --foreground 3m stdbuf -eL -oL /usr/sbin/qemu-system-arm -display none -nodefaults -no-reboot -machine virt -append 'console=ttyAMA0 earlycon' -kernel /home/nathan/tmp/build/cbl_lkt/linux-next/arm/arch/arm/boot/zImage -initrd /home/nathan/cbl/llvm-kernel-testing/src/boot-utils/images/arm/rootfs.cpio -m 512m -serial mon:stdio
