/home/nathan/cbl/src/linux-next/drivers/block/rbd.c:6149:17: warning: result of comparison of constant 2305843009213693948 with expression of type 'u32' (aka 'unsigned int') is always false [-Wtautological-constant-out-of-range-compare]
        if (snap_count > (SIZE_MAX - sizeof (struct ceph_snap_context))
            ~~~~~~~~~~ ^ ~~~~~~~~~~~~~~~~~~~~~~~~~~~~~~~~~~~~~~~~~~~~~~
1 warning generated.
/home/nathan/cbl/src/linux-next/drivers/net/wireless/ath/ath9k/main.c:1566:21: warning: parameter 'changed_flags' set but not used [-Wunused-but-set-parameter]
                                   unsigned int changed_flags,
                                                ^
1 warning generated.
/home/nathan/cbl/src/linux-next/drivers/net/wireless/ath/ath5k/mac80211-ops.c:367:62: warning: parameter 'changed_flags' set but not used [-Wunused-but-set-parameter]
ath5k_configure_filter(struct ieee80211_hw *hw, unsigned int changed_flags,
                                                             ^
1 warning generated.
/home/nathan/cbl/src/linux-next/net/ceph/osdmap.c:1441:10: warning: result of comparison of constant 4611686018427387891 with expression of type 'u32' (aka 'unsigned int') is always false [-Wtautological-constant-out-of-range-compare]
        if (len > (SIZE_MAX - sizeof(*pg)) / sizeof(u32))
            ~~~ ^ ~~~~~~~~~~~~~~~~~~~~~~~~~~~~~~~~~~~~~~
/home/nathan/cbl/src/linux-next/net/ceph/osdmap.c:1624:10: warning: result of comparison of constant 2305843009213693945 with expression of type 'u32' (aka 'unsigned int') is always false [-Wtautological-constant-out-of-range-compare]
        if (len > (SIZE_MAX - sizeof(*pg)) / (2 * sizeof(u32)))
            ~~~ ^ ~~~~~~~~~~~~~~~~~~~~~~~~~~~~~~~~~~~~~~~~~~~~
2 warnings generated.
/home/nathan/cbl/src/linux-next/drivers/net/wireless/ath/ath9k/htc_drv_main.c:1258:25: warning: parameter 'changed_flags' set but not used [-Wunused-but-set-parameter]
                                       unsigned int changed_flags,
                                                    ^
1 warning generated.
/home/nathan/cbl/src/linux-next/drivers/net/ethernet/qlogic/qed/qed_vf.c:63:67: warning: parameter 'resp_size' set but not used [-Wunused-but-set-parameter]
static int qed_send_msg2pf(struct qed_hwfn *p_hwfn, u8 *done, u32 resp_size)
                                                                  ^
1 warning generated.
/home/nathan/cbl/src/linux-next/drivers/md/dm-integrity.c:4159:12: warning: result of comparison of constant 17179869180 with expression of type 'unsigned int' is always false [-Wtautological-constant-out-of-range-compare]
                        if (val >= (uint64_t)UINT_MAX * 1000 / HZ) {
                            ~~~ ^  ~~~~~~~~~~~~~~~~~~~~~~~~~~~~~~
1 warning generated.
/home/nathan/cbl/src/linux-next/fs/ceph/snap.c:372:10: warning: result of comparison of constant 2305843009213693948 with expression of type 'u32' (aka 'unsigned int') is always false [-Wtautological-constant-out-of-range-compare]
        if (num > (SIZE_MAX - sizeof(*snapc)) / sizeof(u64))
            ~~~ ^ ~~~~~~~~~~~~~~~~~~~~~~~~~~~~~~~~~~~~~~~~~
1 warning generated.

[01;32mQEMU location: [0m/usr/sbin[0m

[01;32mQEMU version: [0mQEMU emulator version 8.0.3[0m
[    0.000000] Booting Linux on physical CPU 0x0000000000 [0x000f0510]
[    0.000000] Linux version 6.5.0-rc5-next-20230809-cbl (nathan@dev-arch.m3-large-x86-01) (ClangBuiltLinux clang version 13.0.1 (https://github.com/llvm/llvm-project 75e33f71c2dae584b13a7d1186ae0a038ba98838), ClangBuiltLinux LLD 13.0.1 (https://github.com/llvm/llvm-project 75e33f71c2dae584b13a7d1186ae0a038ba98838)) #1 SMP Sat Aug 12 09:57:02 UTC 2023
[    0.000000] KASLR enabled
[    0.000000] random: crng init done
[    0.000000] Machine model: linux,dummy-virt
[    0.000000] efi: UEFI not found.
[    0.000000] earlycon: pl11 at MMIO 0x0000000009000000 (options '')
[    0.000000] printk: bootconsole [pl11] enabled
[    0.000000] NUMA: No NUMA configuration found
[    0.000000] NUMA: Faking a node at [mem 0x0000000040000000-0x000000005fffffff]
[    0.000000] NUMA: NODE_DATA [mem 0x5fef1280-0x5fef3fff]
[    0.000000] Zone ranges:
[    0.000000]   DMA      [mem 0x0000000040000000-0x000000005fffffff]
[    0.000000]   DMA32    empty
[    0.000000]   Normal   empty
[    0.000000] Movable zone start for each node
[    0.000000] Early memory node ranges
[    0.000000]   node   0: [mem 0x0000000040000000-0x000000005fffffff]
[    0.000000] Initmem setup node 0 [mem 0x0000000040000000-0x000000005fffffff]
[    0.000000] cma: Reserved 64 MiB at 0x000000005b600000 on node -1
[    0.000000] psci: probing for conduit method from DT.
[    0.000000] psci: PSCIv1.1 detected in firmware.
[    0.000000] psci: Using standard PSCI v0.2 function IDs
[    0.000000] psci: Trusted OS migration not required
[    0.000000] psci: SMC Calling Convention v1.0
[    0.000000] percpu: Embedded 31 pages/cpu s89192 r8192 d29592 u126976
[    0.000000] Detected PIPT I-cache on CPU0
[    0.000000] CPU features: detected: Branch Target Identification
[    0.000000] CPU features: detected: Address authentication (IMP DEF algorithm)
[    0.000000] CPU features: detected: GIC system register CPU interface
[    0.000000] CPU features: detected: HCRX_EL2 register
[    0.000000] CPU features: detected: Virtualization Host Extensions
[    0.000000] CPU features: detected: Hardware dirty bit management
[    0.000000] CPU features: detected: Spectre-v4
[    0.000000] alternatives: applying boot alternatives
[    0.000000] Kernel command line: console=ttyAMA0 earlycon
[    0.000000] Dentry cache hash table entries: 65536 (order: 7, 524288 bytes, linear)
[    0.000000] Inode-cache hash table entries: 32768 (order: 6, 262144 bytes, linear)
[    0.000000] Fallback order for Node 0: 0 
[    0.000000] Built 1 zonelists, mobility grouping on.  Total pages: 129024
[    0.000000] Policy zone: DMA
[    0.000000] mem auto-init: stack:all(zero), heap alloc:on, heap free:off
[    0.000000] software IO TLB: area num 1.
[    0.000000] software IO TLB: mapped [mem 0x00000000575c0000-0x000000005b5c0000] (64MB)
[    0.000000] Memory: 100692K/524288K available (14848K kernel code, 2928K rwdata, 9780K rodata, 2048K init, 644K bss, 112452K reserved, 65536K cma-reserved)
[    0.000000] SLUB: HWalign=64, Order=0-3, MinObjects=0, CPUs=1, Nodes=1
[    0.000000] ftrace: allocating 47042 entries in 184 pages
[    0.000000] ftrace: allocated 184 pages with 4 groups
[    0.000000] trace event string verifier disabled
[    0.000000] rcu: Hierarchical RCU implementation.
[    0.000000] rcu: 	RCU restricting CPUs from NR_CPUS=256 to nr_cpu_ids=1.
[    0.000000] 	Rude variant of Tasks RCU enabled.
[    0.000000] 	Tracing variant of Tasks RCU enabled.
[    0.000000] rcu: RCU calculated value of scheduler-enlistment delay is 25 jiffies.
[    0.000000] rcu: Adjusting geometry for rcu_fanout_leaf=16, nr_cpu_ids=1
[    0.000000] NR_IRQS: 64, nr_irqs: 64, preallocated irqs: 0
[    0.000000] GICv3: GIC: Using split EOI/Deactivate mode
[    0.000000] GICv3: 256 SPIs implemented
[    0.000000] GICv3: 0 Extended SPIs implemented
[    0.000000] Root IRQ handler: gic_handle_irq
[    0.000000] GICv3: GICv3 features: 16 PPIs
[    0.000000] GICv3: GICv4 features: 
[    0.000000] GICv3: CPU0: found redistributor 0 region 0:0x00000000080a0000
[    0.000000] ITS [mem 0x08080000-0x0809ffff]
[    0.000000] ITS@0x0000000008080000: Single VMOVP capable
[    0.000000] ITS@0x0000000008080000: allocated 8192 Devices @421b0000 (indirect, esz 8, psz 64K, shr 1)
[    0.000000] ITS@0x0000000008080000: allocated 8192 Interrupt Collections @421c0000 (flat, esz 8, psz 64K, shr 1)
[    0.000000] ITS@0x0000000008080000: allocated 8192 Virtual CPUs @421d0000 (indirect, esz 8, psz 64K, shr 1)
[    0.000000] GICv3: using LPI property table @0x00000000421e0000
[    0.000000] ITS: Allocated DevID ffff as GICv4 proxy device (2 slots)
[    0.000000] ITS: Enabling GICv4 support
[    0.000000] GICv3: CPU0: using allocated LPI pending table @0x00000000421f0000
[    0.000000] rcu: srcu_init: Setting srcu_struct sizes based on contention.
[    0.000000] arch_timer: cp15 timer(s) running at 62.50MHz (phys).
[    0.000000] clocksource: arch_sys_counter: mask: 0x1ffffffffffffff max_cycles: 0x1cd42e208c, max_idle_ns: 881590405314 ns
[    0.000069] sched_clock: 57 bits at 63MHz, resolution 16ns, wraps every 4398046511096ns
[    0.019271] Console: colour dummy device 80x25
[    0.026045] Calibrating delay loop (skipped), value calculated using timer frequency.. 125.00 BogoMIPS (lpj=250000)
[    0.026999] pid_max: default: 32768 minimum: 301
[    0.030145] LSM: initializing lsm=lockdown,capability,landlock,yama,apparmor,tomoyo,bpf,integrity
[    0.031052] landlock: Up and running.
[    0.031128] Yama: becoming mindful.
[    0.035275] AppArmor: AppArmor initialized
[    0.035417] TOMOYO Linux initialized
[    0.036104] LSM support for eBPF active
[    0.039043] Mount-cache hash table entries: 1024 (order: 1, 8192 bytes, linear)
[    0.039209] Mountpoint-cache hash table entries: 1024 (order: 1, 8192 bytes, linear)
[    0.079459] cacheinfo: Unable to detect cache hierarchy for CPU 0
[    0.089161] RCU Tasks Rude: Setting shift to 0 and lim to 1 rcu_task_cb_adjust=1.
[    0.089856] RCU Tasks Trace: Setting shift to 0 and lim to 1 rcu_task_cb_adjust=1.
[    0.092119] rcu: Hierarchical SRCU implementation.
[    0.092238] rcu: 	Max phase no-delay instances is 1000.
[    0.101537] Platform MSI: its@8080000 domain created
[    0.102111] PCI/MSI: /intc@8000000/its@8080000 domain created
[    0.102736] fsl-mc MSI: its@8080000 domain created
[    0.104326] EFI services will not be available.
[    0.106271] smp: Bringing up secondary CPUs ...
[    0.107509] smp: Brought up 1 node, 1 CPU
[    0.107603] SMP: Total of 1 processors activated.
[    0.107835] CPU features: detected: 32-bit EL0 Support
[    0.107978] CPU features: detected: 32-bit EL1 Support
[    0.108055] CPU features: detected: ARMv8.4 Translation Table Level
[    0.108165] CPU features: detected: Data cache clean to the PoU not required for I/D coherence
[    0.108353] CPU features: detected: Common not Private translations
[    0.108436] CPU features: detected: CRC32 instructions
[    0.108508] CPU features: detected: Data cache clean to Point of Deep Persistence
[    0.108605] CPU features: detected: Data cache clean to Point of Persistence
[    0.108695] CPU features: detected: Data independent timing control (DIT)
[    0.108781] CPU features: detected: E0PD
[    0.108840] CPU features: detected: Enhanced Virtualization Traps
[    0.108994] CPU features: detected: Generic authentication (IMP DEF algorithm)
[    0.109091] CPU features: detected: RCpc load-acquire (LDAPR)
[    0.109165] CPU features: detected: LSE atomic instructions
[    0.109282] CPU features: detected: Privileged Access Never
[    0.109360] CPU features: detected: RAS Extension Support
[    0.109431] CPU features: detected: Random Number Generator
[    0.109502] CPU features: detected: Speculation barrier (SB)
[    0.109580] CPU features: detected: Stage-2 Force Write-Back
[    0.110139] CPU features: detected: TLB range maintenance instructions
[    0.110271] CPU features: detected: Scalable Matrix Extension
[    0.110348] CPU features: detected: FA64
[    0.110404] CPU features: detected: Speculative Store Bypassing Safe (SSBS)
[    0.110492] CPU features: detected: Scalable Vector Extension
[    0.123839] SVE: maximum available vector length 256 bytes per vector
[    0.127361] SVE: default vector length 64 bytes per vector
[    0.131833] SME: minimum available vector length 16 bytes per vector
[    0.131943] SME: maximum available vector length 256 bytes per vector
[    0.132037] SME: default vector length 32 bytes per vector
[    0.132531] CPU: All CPU(s) started at EL2
[    0.132621] alternatives: applying system-wide alternatives
[    0.180451] node 0 deferred pages initialised in 16ms
[    0.209550] devtmpfs: initialized
[    0.234500] clocksource: jiffies: mask: 0xffffffff max_cycles: 0xffffffff, max_idle_ns: 7645041785100000 ns
[    0.235200] futex hash table entries: 256 (order: 2, 16384 bytes, linear)
[    0.244029] pinctrl core: initialized pinctrl subsystem
[    0.252956] DMI not present or invalid.
[    0.271551] NET: Registered PF_NETLINK/PF_ROUTE protocol family
[    0.285163] DMA: preallocated 128 KiB GFP_KERNEL pool for atomic allocations
[    0.285921] DMA: preallocated 128 KiB GFP_KERNEL|GFP_DMA pool for atomic allocations
[    0.286527] DMA: preallocated 128 KiB GFP_KERNEL|GFP_DMA32 pool for atomic allocations
[    0.287041] audit: initializing netlink subsys (disabled)
[    0.289233] audit: type=2000 audit(0.252:1): state=initialized audit_enabled=0 res=1
[    0.295712] thermal_sys: Registered thermal governor 'fair_share'
[    0.295839] thermal_sys: Registered thermal governor 'bang_bang'
[    0.295985] thermal_sys: Registered thermal governor 'step_wise'
[    0.296072] thermal_sys: Registered thermal governor 'user_space'
[    0.296153] thermal_sys: Registered thermal governor 'power_allocator'
[    0.296653] cpuidle: using governor ladder
[    0.296953] cpuidle: using governor menu
[    0.298145] hw-breakpoint: found 6 breakpoint and 4 watchpoint registers.
[    0.298758] ASID allocator initialised with 65536 entries
[    0.301595] Serial: AMBA PL011 UART driver
[    0.346857] 9000000.pl011: ttyAMA0 at MMIO 0x9000000 (irq = 14, base_baud = 0) is a PL011 rev1
[    0.348585] printk: console [ttyAMA0] enabled
[    0.348585] printk: console [ttyAMA0] enabled
[    0.348953] printk: bootconsole [pl11] disabled
[    0.348953] printk: bootconsole [pl11] disabled
[    0.362309] Modules: 2G module region forced by RANDOMIZE_MODULE_REGION_FULL
[    0.362473] Modules: 0 pages in range for non-PLT usage
[    0.362498] Modules: 516672 pages in range for PLT usage
[    0.404125] HugeTLB: registered 1.00 GiB page size, pre-allocated 0 pages
[    0.404304] HugeTLB: 0 KiB vmemmap can be freed for a 1.00 GiB page
[    0.404499] HugeTLB: registered 32.0 MiB page size, pre-allocated 0 pages
[    0.404598] HugeTLB: 0 KiB vmemmap can be freed for a 32.0 MiB page
[    0.404683] HugeTLB: registered 2.00 MiB page size, pre-allocated 0 pages
[    0.404768] HugeTLB: 0 KiB vmemmap can be freed for a 2.00 MiB page
[    0.404852] HugeTLB: registered 64.0 KiB page size, pre-allocated 0 pages
[    0.404936] HugeTLB: 0 KiB vmemmap can be freed for a 64.0 KiB page
[    0.415278] ACPI: Interpreter disabled.
[    0.417954] iommu: Default domain type: Translated
[    0.418066] iommu: DMA domain TLB invalidation policy: strict mode
[    0.419733] pps_core: LinuxPPS API ver. 1 registered
[    0.419829] pps_core: Software ver. 5.3.6 - Copyright 2005-2007 Rodolfo Giometti <giometti@linux.it>
[    0.420035] PTP clock support registered
[    0.420357] EDAC MC: Ver: 3.0.0
[    0.422889] scmi_core: SCMI protocol bus registered
[    0.435959] NetLabel: Initializing
[    0.436036] NetLabel:  domain hash size = 128
[    0.436107] NetLabel:  protocols = UNLABELED CIPSOv4 CALIPSO
[    0.437221] NetLabel:  unlabeled traffic allowed by default
[    0.438175] vgaarb: loaded
[    0.443657] clocksource: Switched to clocksource arch_sys_counter
[    0.488953] VFS: Disk quotas dquot_6.6.0
[    0.489200] VFS: Dquot-cache hash table entries: 512 (order 0, 4096 bytes)
[    0.495179] AppArmor: AppArmor Filesystem Enabled
[    0.495694] pnp: PnP ACPI: disabled
[    0.521775] NET: Registered PF_INET protocol family
[    0.523455] IP idents hash table entries: 8192 (order: 4, 65536 bytes, linear)
[    0.532899] tcp_listen_portaddr_hash hash table entries: 256 (order: 0, 4096 bytes, linear)
[    0.533270] Table-perturb hash table entries: 65536 (order: 6, 262144 bytes, linear)
[    0.533458] TCP established hash table entries: 4096 (order: 3, 32768 bytes, linear)
[    0.533819] TCP bind hash table entries: 4096 (order: 5, 131072 bytes, linear)
[    0.534124] TCP: Hash tables configured (established 4096 bind 4096)
[    0.536074] MPTCP token hash table entries: 512 (order: 1, 12288 bytes, linear)
[    0.536494] UDP hash table entries: 256 (order: 1, 8192 bytes, linear)
[    0.537376] UDP-Lite hash table entries: 256 (order: 1, 8192 bytes, linear)
[    0.539018] NET: Registered PF_UNIX/PF_LOCAL protocol family
[    0.539612] NET: Registered PF_XDP protocol family
[    0.539876] PCI: CLS 0 bytes, default 64
[    0.541202] kvm [1]: IPA Size Limit: 48 bits
[    0.541900] kvm [1]: GICv4 support disabled
[    0.541998] kvm [1]: GICv3: no GICV resource entry
[    0.542183] kvm [1]: disabling GICv2 emulation
[    0.542405] kvm [1]: GIC system register CPU interface enabled
[    0.547622] kvm [1]: vgic interrupt IRQ9
[    0.548232] kvm [1]: VHE mode initialized successfully
[    0.550587] Trying to unpack rootfs image as initramfs...
[    0.559124] Initialise system trusted keyrings
[    0.565902] Key type blacklist registered
[    0.566789] workingset: timestamp_bits=42 max_order=17 bucket_order=0
[    0.567161] zbud: loaded
[    0.575514] integrity: Platform Keyring initialized
[    0.575737] integrity: Machine keyring initialized
[    0.575836] Key type asymmetric registered
[    0.575969] Asymmetric key parser 'x509' registered
[    0.644768] Freeing initrd memory: 4428K
[    0.734373] Block layer SCSI generic (bsg) driver version 0.4 loaded (major 246)
[    0.735496] io scheduler mq-deadline registered
[    0.761398] pl061_gpio 9030000.pl061: PL061 GPIO chip registered
[    0.763815] shpchp: Standard Hot Plug PCI Controller Driver version: 0.4
[    0.765244] pci-host-generic 4010000000.pcie: host bridge /pcie@10000000 ranges:
[    0.766040] pci-host-generic 4010000000.pcie:       IO 0x003eff0000..0x003effffff -> 0x0000000000
[    0.766823] pci-host-generic 4010000000.pcie:      MEM 0x0010000000..0x003efeffff -> 0x0010000000
[    0.766989] pci-host-generic 4010000000.pcie:      MEM 0x8000000000..0xffffffffff -> 0x8000000000
[    0.767703] pci-host-generic 4010000000.pcie: Memory resource size exceeds max for 32 bits
[    0.768305] pci-host-generic 4010000000.pcie: ECAM at [mem 0x4010000000-0x401fffffff] for [bus 00-ff]
[    0.770133] pci-host-generic 4010000000.pcie: PCI host bridge to bus 0000:00
[    0.770506] pci_bus 0000:00: root bus resource [bus 00-ff]
[    0.770667] pci_bus 0000:00: root bus resource [io  0x0000-0xffff]
[    0.770785] pci_bus 0000:00: root bus resource [mem 0x10000000-0x3efeffff]
[    0.770886] pci_bus 0000:00: root bus resource [mem 0x8000000000-0xffffffffff]
[    0.772636] pci 0000:00:00.0: [1b36:0008] type 00 class 0x060000
[    0.806206] Serial: 8250/16550 driver, 4 ports, IRQ sharing enabled
[    0.813881] Serial: AMBA driver
[    0.814029] SuperH (H)SCI(F) driver initialized
[    0.815562] msm_serial: driver initialized
[    0.822958] mousedev: PS/2 mouse device common for all mice
[    0.828746] rtc-pl031 9010000.pl031: registered as rtc0
[    0.829534] rtc-pl031 9010000.pl031: setting system clock to 2023-08-12T09:58:07 UTC (1691834287)
[    0.835894] ledtrig-cpu: registered to indicate activity on CPUs
[    0.843585] hw perfevents: enabled with armv8_pmuv3 PMU driver, 7 counters available
[    0.849786]  cs_system_cfg: CoreSight Configuration manager initialised
[    0.958990] NET: Registered PF_INET6 protocol family
[    0.982472] Segment Routing with IPv6
[    0.982804] In-situ OAM (IOAM) with IPv6
[    0.983668] mip6: Mobile IPv6
[    0.984003] NET: Registered PF_PACKET protocol family
[    0.984470] mpls_gso: MPLS GSO support
[    1.007971] registered taskstats version 1
[    1.010039] Loading compiled-in X.509 certificates
[    1.081649] Loaded X.509 cert 'Build time autogenerated kernel key: 2b04edd2c4c972cad2ac5fc8042e412f4e8d294b'
[    1.111024] Key type .fscrypt registered
[    1.111110] Key type fscrypt-provisioning registered
[    1.133445] Key type encrypted registered
[    1.133620] AppArmor: AppArmor sha1 policy hashing enabled
[    1.134399] ima: No TPM chip found, activating TPM-bypass!
[    1.134613] ima: Allocated hash algorithm: sha256
[    1.137044] ima: No architecture policies found
[    1.137793] evm: Initialising EVM extended attributes:
[    1.137888] evm: security.selinux
[    1.137976] evm: security.SMACK64 (disabled)
[    1.138039] evm: security.SMACK64EXEC (disabled)
[    1.138105] evm: security.SMACK64TRANSMUTE (disabled)
[    1.138179] evm: security.SMACK64MMAP (disabled)
[    1.138242] evm: security.apparmor
[    1.138294] evm: security.ima
[    1.138341] evm: security.capability
[    1.138405] evm: HMAC attrs: 0x1
[    1.455871] clk: Disabling unused clocks
[    1.459784] uart-pl011 9000000.pl011: no DMA platform data
[    1.539898] Freeing unused kernel memory: 2048K
[    1.589522] Checked W+X mappings: passed, no W+X pages found
[    1.590097] Run /init as init process
[    1.630430] Not activating Mandatory Access Control as /sbin/tomoyo-init does not exist.
Starting syslogd: OK
Starting klogd: OK
Running sysctl: OK
Saving 256 bits of creditable seed for next boot
Starting network: OK
Linux version 6.5.0-rc5-next-20230809-cbl (nathan@dev-arch.m3-large-x86-01) (ClangBuiltLinux clang version 13.0.1 (https://github.com/llvm/llvm-project 75e33f71c2dae584b13a7d1186ae0a038ba98838), ClangBuiltLinux LLD 13.0.1 (https://github.com/llvm/llvm-project 75e33f71c2dae584b13a7d1186ae0a038ba98838)) #1 SMP Sat Aug 12 09:57:02 UTC 2023
Stopping network: OK
Seeding 256 bits and crediting
Saving 256 bits of creditable seed for next boot
Stopping klogd: OK
Stopping syslogd: OK
umount: devtmpfs busy - remounted read-only
umount: can't unmount /: Invalid argument

The system is going down NOW!

Sent SIGTERM to all processes

Sent SIGKILL to all processes

Requesting system poweroff
[    4.370006] kvm: exiting hardware virtualization
[    4.370202] reboot: Power down
$ timeout --foreground 3m stdbuf -eL -oL /usr/sbin/qemu-system-aarch64 -display none -nodefaults -cpu max,pauth-impdef=true -machine virt,gic-version=max,virtualization=true -append 'console=ttyAMA0 earlycon' -kernel /home/nathan/tmp/build/cbl_lkt/linux-next/arm64/arch/arm64/boot/Image.gz -initrd /home/nathan/cbl/llvm-kernel-testing/src/boot-utils/images/arm64/rootfs.cpio -m 512m -serial mon:stdio
