/home/nathan/cbl/src/linux-next/drivers/block/rbd.c:6149:17: warning: result of comparison of constant 2305843009213693948 with expression of type 'u32' (aka 'unsigned int') is always false [-Wtautological-constant-out-of-range-compare]
        if (snap_count > (SIZE_MAX - sizeof (struct ceph_snap_context))
            ~~~~~~~~~~ ^ ~~~~~~~~~~~~~~~~~~~~~~~~~~~~~~~~~~~~~~~~~~~~~~
1 warning generated.
/home/nathan/cbl/src/linux-next/net/ceph/osdmap.c:1441:10: warning: result of comparison of constant 4611686018427387891 with expression of type 'u32' (aka 'unsigned int') is always false [-Wtautological-constant-out-of-range-compare]
        if (len > (SIZE_MAX - sizeof(*pg)) / sizeof(u32))
            ~~~ ^ ~~~~~~~~~~~~~~~~~~~~~~~~~~~~~~~~~~~~~~
/home/nathan/cbl/src/linux-next/net/ceph/osdmap.c:1624:10: warning: result of comparison of constant 2305843009213693945 with expression of type 'u32' (aka 'unsigned int') is always false [-Wtautological-constant-out-of-range-compare]
        if (len > (SIZE_MAX - sizeof(*pg)) / (2 * sizeof(u32)))
            ~~~ ^ ~~~~~~~~~~~~~~~~~~~~~~~~~~~~~~~~~~~~~~~~~~~~
2 warnings generated.
/home/nathan/cbl/src/linux-next/drivers/net/wireless/ath/ath9k/main.c:1566:21: warning: parameter 'changed_flags' set but not used [-Wunused-but-set-parameter]
                                   unsigned int changed_flags,
                                                ^
1 warning generated.
/home/nathan/cbl/src/linux-next/drivers/net/wireless/ath/ath5k/mac80211-ops.c:367:62: warning: parameter 'changed_flags' set but not used [-Wunused-but-set-parameter]
ath5k_configure_filter(struct ieee80211_hw *hw, unsigned int changed_flags,
                                                             ^
1 warning generated.
/home/nathan/cbl/src/linux-next/drivers/net/wireless/ath/ath9k/htc_drv_main.c:1258:25: warning: parameter 'changed_flags' set but not used [-Wunused-but-set-parameter]
                                       unsigned int changed_flags,
                                                    ^
1 warning generated.
/home/nathan/cbl/src/linux-next/fs/ceph/snap.c:372:10: warning: result of comparison of constant 2305843009213693948 with expression of type 'u32' (aka 'unsigned int') is always false [-Wtautological-constant-out-of-range-compare]
        if (num > (SIZE_MAX - sizeof(*snapc)) / sizeof(u64))
            ~~~ ^ ~~~~~~~~~~~~~~~~~~~~~~~~~~~~~~~~~~~~~~~~~
1 warning generated.

[01;32mQEMU location: [0m/usr/sbin[0m

[01;32mQEMU version: [0mQEMU emulator version 8.0.3[0m
[    0.000000] Booting Linux on physical CPU 0x0000000000 [0x000f0510]
[    0.000000] Linux version 6.5.0-rc5-next-20230809-ARCH-cbl (nathan@dev-arch.m3-large-x86-01) (ClangBuiltLinux clang version 13.0.1 (https://github.com/llvm/llvm-project 75e33f71c2dae584b13a7d1186ae0a038ba98838), ClangBuiltLinux LLD 13.0.1 (https://github.com/llvm/llvm-project 75e33f71c2dae584b13a7d1186ae0a038ba98838)) #1 SMP PREEMPT_DYNAMIC Sat Aug 12 09:52:04 UTC 2023
[    0.000000] random: crng init done
[    0.000000] Machine model: linux,dummy-virt
[    0.000000] efi: UEFI not found.
[    0.000000] earlycon: pl11 at MMIO 0x0000000009000000 (options '')
[    0.000000] printk: bootconsole [pl11] enabled
[    0.000000] Zone ranges:
[    0.000000]   DMA      [mem 0x0000000040000000-0x000000005fffffff]
[    0.000000]   DMA32    empty
[    0.000000]   Normal   empty
[    0.000000] Movable zone start for each node
[    0.000000] Early memory node ranges
[    0.000000]   node   0: [mem 0x0000000040000000-0x000000005fffffff]
[    0.000000] Initmem setup node 0 [mem 0x0000000040000000-0x000000005fffffff]
[    0.000000] cma: Reserved 64 MiB at 0x000000005b600000 on node -1
[    0.000000] psci: probing for conduit method from DT.
[    0.000000] psci: PSCIv1.1 detected in firmware.
[    0.000000] psci: Using standard PSCI v0.2 function IDs
[    0.000000] psci: Trusted OS migration not required
[    0.000000] psci: SMC Calling Convention v1.0
[    0.000000] percpu: Embedded 22 pages/cpu s51496 r8192 d30424 u90112
[    0.000000] Detected PIPT I-cache on CPU0
[    0.000000] CPU features: detected: Branch Target Identification
[    0.000000] CPU features: detected: Address authentication (IMP DEF algorithm)
[    0.000000] CPU features: detected: GIC system register CPU interface
[    0.000000] CPU features: detected: HCRX_EL2 register
[    0.000000] CPU features: detected: Virtualization Host Extensions
[    0.000000] CPU features: detected: Hardware dirty bit management
[    0.000000] CPU features: detected: Spectre-v4
[    0.000000] alternatives: applying boot alternatives
[    0.000000] Kernel command line: console=ttyAMA0 earlycon
[    0.000000] Dentry cache hash table entries: 65536 (order: 7, 524288 bytes, linear)
[    0.000000] Inode-cache hash table entries: 32768 (order: 6, 262144 bytes, linear)
[    0.000000] Built 1 zonelists, mobility grouping on.  Total pages: 129024
[    0.000000] mem auto-init: stack:off, heap alloc:off, heap free:off
[    0.000000] software IO TLB: area num 1.
[    0.000000] software IO TLB: mapped [mem 0x0000000057600000-0x000000005b600000] (64MB)
[    0.000000] Memory: 339304K/524288K available (19712K kernel code, 4524K rwdata, 10400K rodata, 1728K init, 970K bss, 119448K reserved, 65536K cma-reserved)
[    0.000000] SLUB: HWalign=64, Order=0-3, MinObjects=0, CPUs=1, Nodes=1
[    0.000000] Dynamic Preempt: full
[    0.000000] rcu: Preemptible hierarchical RCU implementation.
[    0.000000] rcu: 	RCU restricting CPUs from NR_CPUS=64 to nr_cpu_ids=1.
[    0.000000] 	Trampoline variant of Tasks RCU enabled.
[    0.000000] 	Tracing variant of Tasks RCU enabled.
[    0.000000] rcu: RCU calculated value of scheduler-enlistment delay is 100 jiffies.
[    0.000000] rcu: Adjusting geometry for rcu_fanout_leaf=16, nr_cpu_ids=1
[    0.000000] NR_IRQS: 64, nr_irqs: 64, preallocated irqs: 0
[    0.000000] GICv3: GIC: Using split EOI/Deactivate mode
[    0.000000] GICv3: 256 SPIs implemented
[    0.000000] GICv3: 0 Extended SPIs implemented
[    0.000000] Root IRQ handler: gic_handle_irq
[    0.000000] GICv3: GICv3 features: 16 PPIs
[    0.000000] GICv3: GICv4 features: 
[    0.000000] GICv3: CPU0: found redistributor 0 region 0:0x00000000080a0000
[    0.000000] ITS [mem 0x08080000-0x0809ffff]
[    0.000000] ITS@0x0000000008080000: Single VMOVP capable
[    0.000000] ITS@0x0000000008080000: allocated 8192 Devices @42840000 (indirect, esz 8, psz 64K, shr 1)
[    0.000000] ITS@0x0000000008080000: allocated 8192 Interrupt Collections @42850000 (flat, esz 8, psz 64K, shr 1)
[    0.000000] ITS@0x0000000008080000: allocated 8192 Virtual CPUs @42860000 (indirect, esz 8, psz 64K, shr 1)
[    0.000000] GICv3: using LPI property table @0x0000000042870000
[    0.000000] ITS: Allocated DevID ffff as GICv4 proxy device (2 slots)
[    0.000000] ITS: Enabling GICv4 support
[    0.000000] GICv3: CPU0: using allocated LPI pending table @0x0000000042880000
[    0.000000] rcu: srcu_init: Setting srcu_struct sizes based on contention.
[    0.000000] arch_timer: cp15 timer(s) running at 62.50MHz (phys).
[    0.000000] clocksource: arch_sys_counter: mask: 0x1ffffffffffffff max_cycles: 0x1cd42e208c, max_idle_ns: 881590405314 ns
[    0.000075] sched_clock: 57 bits at 63MHz, resolution 16ns, wraps every 4398046511096ns
[    0.019348] Console: colour dummy device 80x25
[    0.025693] Calibrating delay loop (skipped), value calculated using timer frequency.. 125.00 BogoMIPS (lpj=62500)
[    0.026958] pid_max: default: 32768 minimum: 301
[    0.030263] LSM: initializing lsm=capability,yama
[    0.030763] Yama: becoming mindful.
[    0.035271] Mount-cache hash table entries: 1024 (order: 1, 8192 bytes, linear)
[    0.035561] Mountpoint-cache hash table entries: 1024 (order: 1, 8192 bytes, linear)
[    0.076655] cacheinfo: Unable to detect cache hierarchy for CPU 0
[    0.088764] RCU Tasks: Setting shift to 0 and lim to 1 rcu_task_cb_adjust=1.
[    0.089438] RCU Tasks Trace: Setting shift to 0 and lim to 1 rcu_task_cb_adjust=1.
[    0.092288] rcu: Hierarchical SRCU implementation.
[    0.092404] rcu: 	Max phase no-delay instances is 400.
[    0.102272] Platform MSI: its@8080000 domain created
[    0.102976] PCI/MSI: /intc@8000000/its@8080000 domain created
[    0.103646] fsl-mc MSI: its@8080000 domain created
[    0.106036] EFI services will not be available.
[    0.108206] smp: Bringing up secondary CPUs ...
[    0.109615] smp: Brought up 1 node, 1 CPU
[    0.109721] SMP: Total of 1 processors activated.
[    0.111454] CPU features: detected: 32-bit EL0 Support
[    0.111571] CPU features: detected: 32-bit EL1 Support
[    0.111656] CPU features: detected: ARMv8.4 Translation Table Level
[    0.111775] CPU features: detected: Data cache clean to the PoU not required for I/D coherence
[    0.111919] CPU features: detected: Common not Private translations
[    0.112008] CPU features: detected: CRC32 instructions
[    0.112086] CPU features: detected: Data independent timing control (DIT)
[    0.112180] CPU features: detected: E0PD
[    0.113105] CPU features: detected: Enhanced Virtualization Traps
[    0.113703] CPU features: detected: Generic authentication (IMP DEF algorithm)
[    0.113819] CPU features: detected: RCpc load-acquire (LDAPR)
[    0.113923] CPU features: detected: LSE atomic instructions
[    0.114063] CPU features: detected: Privileged Access Never
[    0.114146] CPU features: detected: RAS Extension Support
[    0.114222] CPU features: detected: Random Number Generator
[    0.114301] CPU features: detected: Speculation barrier (SB)
[    0.114450] CPU features: detected: Stage-2 Force Write-Back
[    0.114534] CPU features: detected: TLB range maintenance instructions
[    0.114664] CPU features: detected: Scalable Matrix Extension
[    0.114753] CPU features: detected: FA64
[    0.114823] CPU features: detected: Speculative Store Bypassing Safe (SSBS)
[    0.114938] CPU features: detected: Scalable Vector Extension
[    0.126831] SVE: maximum available vector length 256 bytes per vector
[    0.130351] SVE: default vector length 64 bytes per vector
[    0.132816] SME: minimum available vector length 16 bytes per vector
[    0.132960] SME: maximum available vector length 256 bytes per vector
[    0.133079] SME: default vector length 32 bytes per vector
[    0.133663] CPU: All CPU(s) started at EL2
[    0.133775] alternatives: applying system-wide alternatives
[    0.186801] devtmpfs: initialized
[    0.214576] clocksource: jiffies: mask: 0xffffffff max_cycles: 0xffffffff, max_idle_ns: 1911260446275000 ns
[    0.215388] futex hash table entries: 256 (order: 2, 16384 bytes, linear)
[    0.224167] pinctrl core: initialized pinctrl subsystem
[    0.236785] DMI not present or invalid.
[    0.256936] NET: Registered PF_NETLINK/PF_ROUTE protocol family
[    0.272075] DMA: preallocated 128 KiB GFP_KERNEL pool for atomic allocations
[    0.272965] DMA: preallocated 128 KiB GFP_KERNEL|GFP_DMA pool for atomic allocations
[    0.273682] DMA: preallocated 128 KiB GFP_KERNEL|GFP_DMA32 pool for atomic allocations
[    0.274404] audit: initializing netlink subsys (disabled)
[    0.277369] audit: type=2000 audit(0.220:1): state=initialized audit_enabled=0 res=1
[    0.285038] thermal_sys: Registered thermal governor 'fair_share'
[    0.285179] thermal_sys: Registered thermal governor 'bang_bang'
[    0.285358] thermal_sys: Registered thermal governor 'step_wise'
[    0.285462] thermal_sys: Registered thermal governor 'user_space'
[    0.285549] thermal_sys: Registered thermal governor 'power_allocator'
[    0.286340] cpuidle: using governor ladder
[    0.286707] cpuidle: using governor menu
[    0.288802] hw-breakpoint: found 6 breakpoint and 4 watchpoint registers.
[    0.289456] ASID allocator initialised with 65536 entries
[    0.300655] Serial: AMBA PL011 UART driver
[    0.393112] 9000000.pl011: ttyAMA0 at MMIO 0x9000000 (irq = 14, base_baud = 0) is a PL011 rev1
[    0.394980] printk: console [ttyAMA0] enabled
[    0.394980] printk: console [ttyAMA0] enabled
[    0.395372] printk: bootconsole [pl11] disabled
[    0.395372] printk: bootconsole [pl11] disabled
[    0.414063] Modules: 23376 pages in range for non-PLT usage
[    0.414103] Modules: 514896 pages in range for PLT usage
[    0.421244] HugeTLB: registered 1.00 GiB page size, pre-allocated 0 pages
[    0.421515] HugeTLB: 0 KiB vmemmap can be freed for a 1.00 GiB page
[    0.421640] HugeTLB: registered 32.0 MiB page size, pre-allocated 0 pages
[    0.421740] HugeTLB: 0 KiB vmemmap can be freed for a 32.0 MiB page
[    0.421834] HugeTLB: registered 2.00 MiB page size, pre-allocated 0 pages
[    0.421926] HugeTLB: 0 KiB vmemmap can be freed for a 2.00 MiB page
[    0.422020] HugeTLB: registered 64.0 KiB page size, pre-allocated 0 pages
[    0.422112] HugeTLB: 0 KiB vmemmap can be freed for a 64.0 KiB page
[    0.428027] cryptd: max_cpu_qlen set to 1000
[    0.451435] raid6: neonx8   gen()  1341 MB/s
[    0.469210] raid6: neonx4   gen()  1681 MB/s
[    0.487020] raid6: neonx2   gen()  1523 MB/s
[    0.504860] raid6: neonx1   gen()   934 MB/s
[    0.522628] raid6: int64x8  gen()  1719 MB/s
[    0.540440] raid6: int64x4  gen()  2058 MB/s
[    0.558253] raid6: int64x2  gen()  1642 MB/s
[    0.576060] raid6: int64x1  gen()  1196 MB/s
[    0.576169] raid6: using algorithm int64x4 gen() 2058 MB/s
[    0.593900] raid6: .... xor() 1226 MB/s, rmw enabled
[    0.594043] raid6: using neon recovery algorithm
[    0.597912] ACPI: Interpreter disabled.
[    0.613083] iommu: Default domain type: Translated
[    0.613203] iommu: DMA domain TLB invalidation policy: strict mode
[    0.618660] SCSI subsystem initialized
[    0.622095] usbcore: registered new interface driver usbfs
[    0.622465] usbcore: registered new interface driver hub
[    0.622891] usbcore: registered new device driver usb
[    0.626610] pps_core: LinuxPPS API ver. 1 registered
[    0.626718] pps_core: Software ver. 5.3.6 - Copyright 2005-2007 Rodolfo Giometti <giometti@linux.it>
[    0.626955] PTP clock support registered
[    0.628551] EDAC MC: Ver: 3.0.0
[    0.632633] scmi_core: SCMI protocol bus registered
[    0.636440] FPGA manager framework
[    0.637721] Advanced Linux Sound Architecture Driver Initialized.
[    0.649989] NetLabel: Initializing
[    0.650073] NetLabel:  domain hash size = 128
[    0.650150] NetLabel:  protocols = UNLABELED CIPSOv4 CALIPSO
[    0.651183] NetLabel:  unlabeled traffic allowed by default
[    0.652918] vgaarb: loaded
[    0.659197] clocksource: Switched to clocksource arch_sys_counter
[    0.663131] VFS: Disk quotas dquot_6.6.0
[    0.663414] VFS: Dquot-cache hash table entries: 512 (order 0, 4096 bytes)
[    0.667062] pnp: PnP ACPI: disabled
[    0.708103] NET: Registered PF_INET protocol family
[    0.710081] IP idents hash table entries: 8192 (order: 4, 65536 bytes, linear)
[    0.720785] tcp_listen_portaddr_hash hash table entries: 256 (order: 0, 4096 bytes, linear)
[    0.720995] Table-perturb hash table entries: 65536 (order: 6, 262144 bytes, linear)
[    0.721211] TCP established hash table entries: 4096 (order: 3, 32768 bytes, linear)
[    0.721882] TCP bind hash table entries: 4096 (order: 5, 131072 bytes, linear)
[    0.722385] TCP: Hash tables configured (established 4096 bind 4096)
[    0.724511] MPTCP token hash table entries: 512 (order: 1, 12288 bytes, linear)
[    0.725060] UDP hash table entries: 256 (order: 1, 8192 bytes, linear)
[    0.725460] UDP-Lite hash table entries: 256 (order: 1, 8192 bytes, linear)
[    0.727409] NET: Registered PF_UNIX/PF_LOCAL protocol family
[    0.731410] RPC: Registered named UNIX socket transport module.
[    0.731558] RPC: Registered udp transport module.
[    0.731650] RPC: Registered tcp transport module.
[    0.731818] RPC: Registered tcp-with-tls transport module.
[    0.731910] RPC: Registered tcp NFSv4.1 backchannel transport module.
[    0.732131] PCI: CLS 0 bytes, default 64
[    0.733396] kvm [1]: IPA Size Limit: 48 bits
[    0.735482] kvm [1]: GICv4 support disabled
[    0.735591] kvm [1]: GICv3: no GICV resource entry
[    0.737778] kvm [1]: disabling GICv2 emulation
[    0.738005] kvm [1]: GIC system register CPU interface enabled
[    0.740302] kvm [1]: vgic interrupt IRQ9
[    0.741071] kvm [1]: VHE mode initialized successfully
[    0.747876] Trying to unpack rootfs image as initramfs...
[    0.763073] Initialise system trusted keyrings
[    0.767425] workingset: timestamp_bits=46 max_order=17 bucket_order=0
[    0.767979] zbud: loaded
[    0.780562] NFS: Registering the id_resolver key type
[    0.783041] Key type id_resolver registered
[    0.783153] Key type id_legacy registered
[    0.783554] nfs4filelayout_init: NFSv4 File Layout Driver Registering...
[    0.785287] nfs4flexfilelayout_init: NFSv4 Flexfile Layout Driver Registering...
[    0.786951] ntfs3: Max link count 4000
[    0.787037] ntfs3: Read-only LZX/Xpress compression included
[    0.789290] SGI XFS with ACLs, security attributes, quota, no debug enabled
[    0.916463] NET: Registered PF_ALG protocol family
[    0.918032] xor: measuring software checksum speed
[    0.928901]    8regs           :  2232 MB/sec
[    0.939076]    32regs          :  2065 MB/sec
[    0.965763]    arm64_neon      :   771 MB/sec
[    0.965899] xor: using function: 8regs (2232 MB/sec)
[    0.966034] Key type asymmetric registered
[    0.966167] Asymmetric key parser 'x509' registered
[    0.966632] Block layer SCSI generic (bsg) driver version 0.4 loaded (major 242)
[    0.968527] io scheduler mq-deadline registered
[    0.968767] io scheduler kyber registered
[    0.969098] io scheduler bfq registered
[    1.025875] Freeing initrd memory: 4428K
[    1.067507] pl061_gpio 9030000.pl061: PL061 GPIO chip registered
[    1.075237] pci-host-generic 4010000000.pcie: host bridge /pcie@10000000 ranges:
[    1.076171] pci-host-generic 4010000000.pcie:       IO 0x003eff0000..0x003effffff -> 0x0000000000
[    1.077014] pci-host-generic 4010000000.pcie:      MEM 0x0010000000..0x003efeffff -> 0x0010000000
[    1.077224] pci-host-generic 4010000000.pcie:      MEM 0x8000000000..0xffffffffff -> 0x8000000000
[    1.077977] pci-host-generic 4010000000.pcie: Memory resource size exceeds max for 32 bits
[    1.078619] pci-host-generic 4010000000.pcie: ECAM at [mem 0x4010000000-0x401fffffff] for [bus 00-ff]
[    1.080851] pci-host-generic 4010000000.pcie: PCI host bridge to bus 0000:00
[    1.081224] pci_bus 0000:00: root bus resource [bus 00-ff]
[    1.081390] pci_bus 0000:00: root bus resource [io  0x0000-0xffff]
[    1.081515] pci_bus 0000:00: root bus resource [mem 0x10000000-0x3efeffff]
[    1.081621] pci_bus 0000:00: root bus resource [mem 0x8000000000-0xffffffffff]
[    1.083576] pci 0000:00:00.0: [1b36:0008] type 00 class 0x060000
[    1.098428] IPMI message handler: version 39.2
[    1.212145] Serial: 8250/16550 driver, 4 ports, IRQ sharing enabled
[    1.228094] msm_serial: driver initialized
[    1.294283] SPI driver max3421-hcd has no spi_device_id for maxim,max3421
[    1.295095] usbcore: registered new interface driver uas
[    1.295379] usbcore: registered new interface driver usb-storage
[    1.295591] usbcore: registered new interface driver ums-alauda
[    1.295959] usbcore: registered new interface driver ums-cypress
[    1.296221] usbcore: registered new interface driver ums-datafab
[    1.296443] usbcore: registered new interface driver ums_eneub6250
[    1.296655] usbcore: registered new interface driver ums-freecom
[    1.296951] usbcore: registered new interface driver ums-isd200
[    1.297160] usbcore: registered new interface driver ums-jumpshot
[    1.297395] usbcore: registered new interface driver ums-karma
[    1.297603] usbcore: registered new interface driver ums-onetouch
[    1.297900] usbcore: registered new interface driver ums-realtek
[    1.298131] usbcore: registered new interface driver ums-sddr09
[    1.298342] usbcore: registered new interface driver ums-sddr55
[    1.298551] usbcore: registered new interface driver ums-usbat
[    1.299176] usbcore: registered new interface driver usbserial_generic
[    1.299555] usbserial: USB Serial support registered for generic
[    1.306429] mousedev: PS/2 mouse device common for all mice
[    1.318622] rtc-pl031 9010000.pl031: registered as rtc0
[    1.319541] rtc-pl031 9010000.pl031: setting system clock to 2023-08-12T09:52:35 UTC (1691833955)
[    1.334140] device-mapper: uevent: version 1.0.3
[    1.335308] device-mapper: ioctl: 4.48.0-ioctl (2023-03-01) initialised: dm-devel@redhat.com
[    1.344495] sdhci: Secure Digital Host Controller Interface driver
[    1.344603] sdhci: Copyright(c) Pierre Ossman
[    1.348268] Synopsys Designware Multimedia Card Interface Driver
[    1.353001] sdhci-pltfm: SDHCI platform and OF driver helper
[    1.361101] ledtrig-cpu: registered to indicate activity on CPUs
[    1.367661] hid: raw HID events driver (C) Jiri Kosina
[    1.368388] usbcore: registered new interface driver usbhid
[    1.368490] usbhid: USB HID core driver
[    1.387215] hw perfevents: enabled with armv8_pmuv3 PMU driver, 7 counters available
[    1.388187] watchdog: Delayed init of the lockup detector failed: -19
[    1.388315] watchdog: Hard watchdog permanently disabled
[    1.410056] Initializing XFRM netlink socket
[    1.410813] NET: Registered PF_INET6 protocol family
[    1.560103] Segment Routing with IPv6
[    1.560464] In-situ OAM (IOAM) with IPv6
[    1.561246] mip6: Mobile IPv6
[    1.561612] NET: Registered PF_PACKET protocol family
[    1.562574] Key type dns_resolver registered
[    1.626595] registered taskstats version 1
[    1.628032] Loading compiled-in X.509 certificates
[    1.685026] debug_vm_pgtable: [debug_vm_pgtable         ]: Validating architecture page table helpers
[    1.688403] Key type .fscrypt registered
[    1.688495] Key type fscrypt-provisioning registered
[    1.697841] Btrfs loaded, zoned=yes, fsverity=no
[    1.707192] Key type encrypted registered
[    2.344466] clk: Disabling unused clocks
[    2.345237] ALSA device list:
[    2.345391]   No soundcards found.
[    2.348879] uart-pl011 9000000.pl011: no DMA platform data
[    2.425172] Freeing unused kernel memory: 1728K
[    2.426358] Run /init as init process
Starting syslogd: OK
Starting klogd: OK
Running sysctl: OK
Saving 256 bits of creditable seed for next boot
Starting network: OK
Linux version 6.5.0-rc5-next-20230809-ARCH-cbl (nathan@dev-arch.m3-large-x86-01) (ClangBuiltLinux clang version 13.0.1 (https://github.com/llvm/llvm-project 75e33f71c2dae584b13a7d1186ae0a038ba98838), ClangBuiltLinux LLD 13.0.1 (https://github.com/llvm/llvm-project 75e33f71c2dae584b13a7d1186ae0a038ba98838)) #1 SMP PREEMPT_DYNAMIC Sat Aug 12 09:52:04 UTC 2023
Stopping network: OK
Seeding 256 bits and crediting
Saving 256 bits of creditable seed for next boot
Stopping klogd: OK
Stopping syslogd: OK
umount: devtmpfs busy - remounted read-only
umount: can't unmount /: Invalid argument

The system is going down NOW!

Sent SIGTERM to all processes

Sent SIGKILL to all processes

Requesting system poweroff
[    5.725584] kvm: exiting hardware virtualization
[    5.725882] reboot: Power down
$ timeout --foreground 3m stdbuf -eL -oL /usr/sbin/qemu-system-aarch64 -display none -nodefaults -cpu max,pauth-impdef=true -machine virt,gic-version=max,virtualization=true -append 'console=ttyAMA0 earlycon' -kernel /home/nathan/tmp/build/cbl_lkt/linux-next/arm64/arch/arm64/boot/Image.gz -initrd /home/nathan/cbl/llvm-kernel-testing/src/boot-utils/images/arm64/rootfs.cpio -m 512m -serial mon:stdio
