/home/nathan/cbl/src/linux-next/drivers/block/rbd.c:6149:17: warning: result of comparison of constant 2305843009213693948 with expression of type 'u32' (aka 'unsigned int') is always false [-Wtautological-constant-out-of-range-compare]
        if (snap_count > (SIZE_MAX - sizeof (struct ceph_snap_context))
            ~~~~~~~~~~ ^ ~~~~~~~~~~~~~~~~~~~~~~~~~~~~~~~~~~~~~~~~~~~~~~
1 warning generated.
/home/nathan/cbl/src/linux-next/drivers/net/wireless/ath/ath9k/main.c:1566:21: warning: parameter 'changed_flags' set but not used [-Wunused-but-set-parameter]
                                   unsigned int changed_flags,
                                                ^
1 warning generated.
/home/nathan/cbl/src/linux-next/drivers/net/wireless/ath/ath5k/mac80211-ops.c:367:62: warning: parameter 'changed_flags' set but not used [-Wunused-but-set-parameter]
ath5k_configure_filter(struct ieee80211_hw *hw, unsigned int changed_flags,
                                                             ^
1 warning generated.
/home/nathan/cbl/src/linux-next/drivers/net/wireless/ath/ath9k/htc_drv_main.c:1258:25: warning: parameter 'changed_flags' set but not used [-Wunused-but-set-parameter]
                                       unsigned int changed_flags,
                                                    ^
1 warning generated.
/home/nathan/cbl/src/linux-next/net/ceph/osdmap.c:1441:10: warning: result of comparison of constant 4611686018427387891 with expression of type 'u32' (aka 'unsigned int') is always false [-Wtautological-constant-out-of-range-compare]
        if (len > (SIZE_MAX - sizeof(*pg)) / sizeof(u32))
            ~~~ ^ ~~~~~~~~~~~~~~~~~~~~~~~~~~~~~~~~~~~~~~
/home/nathan/cbl/src/linux-next/net/ceph/osdmap.c:1624:10: warning: result of comparison of constant 2305843009213693945 with expression of type 'u32' (aka 'unsigned int') is always false [-Wtautological-constant-out-of-range-compare]
        if (len > (SIZE_MAX - sizeof(*pg)) / (2 * sizeof(u32)))
            ~~~ ^ ~~~~~~~~~~~~~~~~~~~~~~~~~~~~~~~~~~~~~~~~~~~~
2 warnings generated.
/home/nathan/cbl/src/linux-next/drivers/net/ethernet/qlogic/qed/qed_vf.c:63:67: warning: parameter 'resp_size' set but not used [-Wunused-but-set-parameter]
static int qed_send_msg2pf(struct qed_hwfn *p_hwfn, u8 *done, u32 resp_size)
                                                                  ^
1 warning generated.
/home/nathan/cbl/src/linux-next/drivers/md/dm-integrity.c:4159:12: warning: result of comparison of constant 42949672950 with expression of type 'unsigned int' is always false [-Wtautological-constant-out-of-range-compare]
                        if (val >= (uint64_t)UINT_MAX * 1000 / HZ) {
                            ~~~ ^  ~~~~~~~~~~~~~~~~~~~~~~~~~~~~~~
1 warning generated.
/home/nathan/cbl/src/linux-next/fs/ceph/snap.c:372:10: warning: result of comparison of constant 2305843009213693948 with expression of type 'u32' (aka 'unsigned int') is always false [-Wtautological-constant-out-of-range-compare]
        if (num > (SIZE_MAX - sizeof(*snapc)) / sizeof(u64))
            ~~~ ^ ~~~~~~~~~~~~~~~~~~~~~~~~~~~~~~~~~~~~~~~~~
1 warning generated.

[01;32mQEMU location: [0m/usr/sbin[0m

[01;32mQEMU version: [0mQEMU emulator version 8.0.3[0m
[    0.000000] Booting Linux on physical CPU 0x0000000000 [0x000f0510]
[    0.000000] Linux version 6.5.0-rc5-next-20230809-cbl (nathan@dev-arch.m3-large-x86-01) (ClangBuiltLinux clang version 13.0.1 (https://github.com/llvm/llvm-project 75e33f71c2dae584b13a7d1186ae0a038ba98838), ClangBuiltLinux LLD 13.0.1 (https://github.com/llvm/llvm-project 75e33f71c2dae584b13a7d1186ae0a038ba98838)) #1 SMP PREEMPT_DYNAMIC Sat Aug 12 10:02:38 UTC 2023
[    0.000000] KASLR enabled
[    0.000000] random: crng init done
[    0.000000] Machine model: linux,dummy-virt
[    0.000000] efi: UEFI not found.
[    0.000000] earlycon: pl11 at MMIO 0x0000000009000000 (options '')
[    0.000000] printk: bootconsole [pl11] enabled
[    0.000000] NUMA: No NUMA configuration found
[    0.000000] NUMA: Faking a node at [mem 0x0000000040000000-0x000000005fffffff]
[    0.000000] NUMA: NODE_DATA [mem 0x5fc9f300-0x5fcb5fff]
[    0.000000] Zone ranges:
[    0.000000]   DMA      [mem 0x0000000040000000-0x000000005fffffff]
[    0.000000]   DMA32    empty
[    0.000000]   Normal   empty
[    0.000000]   Device   empty
[    0.000000] Movable zone start for each node
[    0.000000] Early memory node ranges
[    0.000000]   node   0: [mem 0x0000000040000000-0x000000005fffffff]
[    0.000000] Initmem setup node 0 [mem 0x0000000040000000-0x000000005fffffff]
[    0.000000] cma: Reserved 64 MiB at 0x000000005b400000 on node -1
[    0.000000] psci: probing for conduit method from DT.
[    0.000000] psci: PSCIv1.1 detected in firmware.
[    0.000000] psci: Using standard PSCI v0.2 function IDs
[    0.000000] psci: Trusted OS migration not required
[    0.000000] psci: SMC Calling Convention v1.0
[    0.000000] percpu: Embedded 33 pages/cpu s95400 r8192 d31576 u135168
[    0.000000] Detected PIPT I-cache on CPU0
[    0.000000] CPU features: detected: Branch Target Identification
[    0.000000] CPU features: detected: Address authentication (IMP DEF algorithm)
[    0.000000] CPU features: detected: GIC system register CPU interface
[    0.000000] CPU features: detected: HCRX_EL2 register
[    0.000000] CPU features: detected: Virtualization Host Extensions
[    0.000000] CPU features: detected: Hardware dirty bit management
[    0.000000] CPU features: detected: Spectre-v4
[    0.000000] alternatives: applying boot alternatives
[    0.000000] Kernel command line: console=ttyAMA0 earlycon
[    0.000000] Dentry cache hash table entries: 65536 (order: 7, 524288 bytes, linear)
[    0.000000] Inode-cache hash table entries: 32768 (order: 6, 262144 bytes, linear)
[    0.000000] Fallback order for Node 0: 0 
[    0.000000] Built 1 zonelists, mobility grouping on.  Total pages: 129024
[    0.000000] Policy zone: DMA
[    0.000000] mem auto-init: stack:all(zero), heap alloc:off, heap free:off
[    0.000000] software IO TLB: area num 1.
[    0.000000] software IO TLB: mapped [mem 0x0000000057337000-0x000000005b337000] (64MB)
[    0.000000] Memory: 315656K/524288K available (18752K kernel code, 4280K rwdata, 15144K rodata, 9472K init, 10508K bss, 143096K reserved, 65536K cma-reserved)
[    0.000000] SLUB: HWalign=64, Order=0-3, MinObjects=0, CPUs=1, Nodes=1
[    0.000000] ftrace: allocating 57932 entries in 227 pages
[    0.000000] ftrace: allocated 227 pages with 5 groups
[    0.000000] trace event string verifier disabled
[    0.000000] Dynamic Preempt: voluntary
[    0.000000] rcu: Preemptible hierarchical RCU implementation.
[    0.000000] rcu: 	RCU restricting CPUs from NR_CPUS=4096 to nr_cpu_ids=1.
[    0.000000] 	Trampoline variant of Tasks RCU enabled.
[    0.000000] 	Rude variant of Tasks RCU enabled.
[    0.000000] 	Tracing variant of Tasks RCU enabled.
[    0.000000] rcu: RCU calculated value of scheduler-enlistment delay is 10 jiffies.
[    0.000000] rcu: Adjusting geometry for rcu_fanout_leaf=16, nr_cpu_ids=1
[    0.000000] NR_IRQS: 64, nr_irqs: 64, preallocated irqs: 0
[    0.000000] GICv3: GIC: Using split EOI/Deactivate mode
[    0.000000] GICv3: 256 SPIs implemented
[    0.000000] GICv3: 0 Extended SPIs implemented
[    0.000000] Root IRQ handler: gic_handle_irq
[    0.000000] GICv3: GICv3 features: 16 PPIs
[    0.000000] GICv3: GICv4 features: 
[    0.000000] GICv3: CPU0: found redistributor 0 region 0:0x00000000080a0000
[    0.000000] ITS [mem 0x08080000-0x0809ffff]
[    0.000000] ITS@0x0000000008080000: Single VMOVP capable
[    0.000000] ITS@0x0000000008080000: allocated 8192 Devices @43df0000 (indirect, esz 8, psz 64K, shr 1)
[    0.000000] ITS@0x0000000008080000: allocated 8192 Interrupt Collections @43e00000 (flat, esz 8, psz 64K, shr 1)
[    0.000000] ITS@0x0000000008080000: allocated 8192 Virtual CPUs @43e10000 (indirect, esz 8, psz 64K, shr 1)
[    0.000000] GICv3: using LPI property table @0x0000000043e20000
[    0.000000] ITS: Allocated DevID ffff as GICv4 proxy device (2 slots)
[    0.000000] ITS: Enabling GICv4 support
[    0.000000] GICv3: CPU0: using allocated LPI pending table @0x0000000043e30000
[    0.000000] rcu: srcu_init: Setting srcu_struct sizes based on contention.
[    0.000000] arch_timer: cp15 timer(s) running at 62.50MHz (phys).
[    0.000000] clocksource: arch_sys_counter: mask: 0x1ffffffffffffff max_cycles: 0x1cd42e208c, max_idle_ns: 881590405314 ns
[    0.000071] sched_clock: 57 bits at 63MHz, resolution 16ns, wraps every 4398046511096ns
[    0.003028] kfence: initialized - using 2097152 bytes for 255 objects at 0x(____ptrval____)-0x(____ptrval____)
[    0.021701] Console: colour dummy device 80x25
[    0.029130] Calibrating delay loop (skipped), value calculated using timer frequency.. 125.00 BogoMIPS (lpj=625000)
[    0.030084] pid_max: default: 32768 minimum: 301
[    0.032747] LSM: initializing lsm=lockdown,capability,yama,selinux,bpf,landlock,integrity
[    0.033901] Yama: becoming mindful.
[    0.034926] SELinux:  Initializing.
[    0.036007] LSM support for eBPF active
[    0.036153] landlock: Up and running.
[    0.039722] Mount-cache hash table entries: 1024 (order: 1, 8192 bytes, linear)
[    0.039899] Mountpoint-cache hash table entries: 1024 (order: 1, 8192 bytes, linear)
[    0.078838] cacheinfo: Unable to detect cache hierarchy for CPU 0
[    0.092483] RCU Tasks: Setting shift to 0 and lim to 1 rcu_task_cb_adjust=1.
[    0.092991] RCU Tasks Rude: Setting shift to 0 and lim to 1 rcu_task_cb_adjust=1.
[    0.093719] RCU Tasks Trace: Setting shift to 0 and lim to 1 rcu_task_cb_adjust=1.
[    0.095685] rcu: Hierarchical SRCU implementation.
[    0.095797] rcu: 	Max phase no-delay instances is 1000.
[    0.105525] Platform MSI: its@8080000 domain created
[    0.106139] PCI/MSI: /intc@8000000/its@8080000 domain created
[    0.106786] fsl-mc MSI: its@8080000 domain created
[    0.108365] EFI services will not be available.
[    0.110703] smp: Bringing up secondary CPUs ...
[    0.112255] smp: Brought up 1 node, 1 CPU
[    0.112352] SMP: Total of 1 processors activated.
[    0.112605] CPU features: detected: 32-bit EL0 Support
[    0.112715] CPU features: detected: 32-bit EL1 Support
[    0.112797] CPU features: detected: ARMv8.4 Translation Table Level
[    0.112910] CPU features: detected: Data cache clean to the PoU not required for I/D coherence
[    0.113062] CPU features: detected: Common not Private translations
[    0.113151] CPU features: detected: CRC32 instructions
[    0.113231] CPU features: detected: Data cache clean to Point of Deep Persistence
[    0.113329] CPU features: detected: Data cache clean to Point of Persistence
[    0.113440] CPU features: detected: Data independent timing control (DIT)
[    0.113552] CPU features: detected: E0PD
[    0.113619] CPU features: detected: Enhanced Virtualization Traps
[    0.113779] CPU features: detected: Generic authentication (IMP DEF algorithm)
[    0.113875] CPU features: detected: RCpc load-acquire (LDAPR)
[    0.113954] CPU features: detected: LSE atomic instructions
[    0.114079] CPU features: detected: Privileged Access Never
[    0.114160] CPU features: detected: RAS Extension Support
[    0.114243] CPU features: detected: Random Number Generator
[    0.114321] CPU features: detected: Speculation barrier (SB)
[    0.114399] CPU features: detected: Stage-2 Force Write-Back
[    0.114491] CPU features: detected: TLB range maintenance instructions
[    0.114647] CPU features: detected: Scalable Matrix Extension
[    0.114735] CPU features: detected: FA64
[    0.114795] CPU features: detected: Speculative Store Bypassing Safe (SSBS)
[    0.114888] CPU features: detected: Scalable Vector Extension
[    0.127857] SVE: maximum available vector length 256 bytes per vector
[    0.127985] SVE: default vector length 64 bytes per vector
[    0.128368] SME: minimum available vector length 16 bytes per vector
[    0.128463] SME: maximum available vector length 256 bytes per vector
[    0.128551] SME: default vector length 32 bytes per vector
[    0.129005] CPU: All CPU(s) started at EL2
[    0.129099] alternatives: applying system-wide alternatives
[    0.160147] devtmpfs: initialized
[    0.182147] clocksource: jiffies: mask: 0xffffffff max_cycles: 0xffffffff, max_idle_ns: 19112604462750000 ns
[    0.182666] futex hash table entries: 256 (order: 2, 16384 bytes, linear)
[    0.188765] pinctrl core: initialized pinctrl subsystem
[    0.200796] DMI not present or invalid.
[    0.210250] NET: Registered PF_NETLINK/PF_ROUTE protocol family
[    0.223380] DMA: preallocated 128 KiB GFP_KERNEL pool for atomic allocations
[    0.223982] DMA: preallocated 128 KiB GFP_KERNEL|GFP_DMA pool for atomic allocations
[    0.224406] DMA: preallocated 128 KiB GFP_KERNEL|GFP_DMA32 pool for atomic allocations
[    0.224945] audit: initializing netlink subsys (disabled)
[    0.232003] audit: type=2000 audit(0.200:1): state=initialized audit_enabled=0 res=1
[    0.235317] thermal_sys: Registered thermal governor 'fair_share'
[    0.235398] thermal_sys: Registered thermal governor 'step_wise'
[    0.235499] thermal_sys: Registered thermal governor 'user_space'
[    0.235975] cpuidle: using governor menu
[    0.237542] hw-breakpoint: found 6 breakpoint and 4 watchpoint registers.
[    0.238131] ASID allocator initialised with 65536 entries
[    0.242050] Serial: AMBA PL011 UART driver
[    0.291444] 9000000.pl011: ttyAMA0 at MMIO 0x9000000 (irq = 14, base_baud = 0) is a PL011 rev1
[    0.295791] printk: console [ttyAMA0] enabled
[    0.295791] printk: console [ttyAMA0] enabled
[    0.296205] printk: bootconsole [pl11] disabled
[    0.296205] printk: bootconsole [pl11] disabled
[    0.311030] Modules: 2G module region forced by RANDOMIZE_MODULE_REGION_FULL
[    0.311193] Modules: 0 pages in range for non-PLT usage
[    0.311226] Modules: 509680 pages in range for PLT usage
[    0.356190] HugeTLB: registered 1.00 GiB page size, pre-allocated 0 pages
[    0.356424] HugeTLB: 0 KiB vmemmap can be freed for a 1.00 GiB page
[    0.356549] HugeTLB: registered 32.0 MiB page size, pre-allocated 0 pages
[    0.356645] HugeTLB: 0 KiB vmemmap can be freed for a 32.0 MiB page
[    0.356736] HugeTLB: registered 2.00 MiB page size, pre-allocated 0 pages
[    0.356829] HugeTLB: 0 KiB vmemmap can be freed for a 2.00 MiB page
[    0.356923] HugeTLB: registered 64.0 KiB page size, pre-allocated 0 pages
[    0.357018] HugeTLB: 0 KiB vmemmap can be freed for a 64.0 KiB page
[    0.364152] cryptd: max_cpu_qlen set to 1000
[    0.368837] raid6: skipped pq benchmark and selected neonx8
[    0.368993] raid6: using neon recovery algorithm
[    0.371382] ACPI: Interpreter disabled.
[    0.402982] iommu: Default domain type: Translated
[    0.403094] iommu: DMA domain TLB invalidation policy: lazy mode
[    0.406381] SCSI subsystem initialized
[    0.408981] usbcore: registered new interface driver usbfs
[    0.409340] usbcore: registered new interface driver hub
[    0.409608] usbcore: registered new device driver usb
[    0.410716] pps_core: LinuxPPS API ver. 1 registered
[    0.410808] pps_core: Software ver. 5.3.6 - Copyright 2005-2007 Rodolfo Giometti <giometti@linux.it>
[    0.411036] PTP clock support registered
[    0.412297] EDAC MC: Ver: 3.0.0
[    0.415110] scmi_core: SCMI protocol bus registered
[    0.426619] NetLabel: Initializing
[    0.426701] NetLabel:  domain hash size = 128
[    0.426776] NetLabel:  protocols = UNLABELED CIPSOv4 CALIPSO
[    0.427750] NetLabel:  unlabeled traffic allowed by default
[    0.427914] mctp: management component transport protocol core
[    0.428007] NET: Registered PF_MCTP protocol family
[    0.429711] vgaarb: loaded
[    0.433842] clocksource: Switched to clocksource arch_sys_counter
[    0.494158] VFS: Disk quotas dquot_6.6.0
[    0.494441] VFS: Dquot-cache hash table entries: 512 (order 0, 4096 bytes)
[    0.497464] pnp: PnP ACPI: disabled
[    0.527233] NET: Registered PF_INET protocol family
[    0.528494] IP idents hash table entries: 8192 (order: 4, 65536 bytes, linear)
[    0.538937] tcp_listen_portaddr_hash hash table entries: 256 (order: 0, 4096 bytes, linear)
[    0.539134] Table-perturb hash table entries: 65536 (order: 6, 262144 bytes, linear)
[    0.539451] TCP established hash table entries: 4096 (order: 3, 32768 bytes, linear)
[    0.539748] TCP bind hash table entries: 4096 (order: 5, 131072 bytes, linear)
[    0.540070] TCP: Hash tables configured (established 4096 bind 4096)
[    0.541998] MPTCP token hash table entries: 512 (order: 1, 12288 bytes, linear)
[    0.542428] UDP hash table entries: 256 (order: 1, 8192 bytes, linear)
[    0.542806] UDP-Lite hash table entries: 256 (order: 1, 8192 bytes, linear)
[    0.544655] NET: Registered PF_UNIX/PF_LOCAL protocol family
[    0.545220] NET: Registered PF_XDP protocol family
[    0.545476] PCI: CLS 0 bytes, default 64
[    0.547693] kvm [1]: IPA Size Limit: 48 bits
[    0.548400] kvm [1]: GICv4 support disabled
[    0.548504] kvm [1]: GICv3: no GICV resource entry
[    0.548693] kvm [1]: disabling GICv2 emulation
[    0.548880] kvm [1]: GIC system register CPU interface enabled
[    0.549970] kvm [1]: vgic interrupt IRQ9
[    0.550602] kvm [1]: VHE mode initialized successfully
[    0.555827] Trying to unpack rootfs image as initramfs...
[    0.571596] Initialise system trusted keyrings
[    0.574268] Key type blacklist registered
[    0.575674] workingset: timestamp_bits=37 max_order=17 bucket_order=0
[    0.576130] zbud: loaded
[    0.598925] integrity: Platform Keyring initialized
[    0.599197] integrity: Machine keyring initialized
[    0.704031] NET: Registered PF_ALG protocol family
[    0.704410] xor: measuring software checksum speed
[    0.709132]    8regs           :  2278 MB/sec
[    0.717664]    32regs          :  1306 MB/sec
[    0.725271]    arm64_neon      :  1473 MB/sec
[    0.725391] xor: using function: 8regs (2278 MB/sec)
[    0.740330] Freeing initrd memory: 4428K
[    0.740595] Key type asymmetric registered
[    0.740752] Asymmetric key parser 'x509' registered
[    0.767658] Block layer SCSI generic (bsg) driver version 0.4 loaded (major 244)
[    0.768653] io scheduler mq-deadline registered
[    0.768799] io scheduler kyber registered
[    0.769097] io scheduler bfq registered
[    0.794626] atomic64_test: passed
[    0.821520] pl061_gpio 9030000.pl061: PL061 GPIO chip registered
[    0.826916] pci-host-generic 4010000000.pcie: host bridge /pcie@10000000 ranges:
[    0.827740] pci-host-generic 4010000000.pcie:       IO 0x003eff0000..0x003effffff -> 0x0000000000
[    0.828547] pci-host-generic 4010000000.pcie:      MEM 0x0010000000..0x003efeffff -> 0x0010000000
[    0.828737] pci-host-generic 4010000000.pcie:      MEM 0x8000000000..0xffffffffff -> 0x8000000000
[    0.829431] pci-host-generic 4010000000.pcie: Memory resource size exceeds max for 32 bits
[    0.830048] pci-host-generic 4010000000.pcie: ECAM at [mem 0x4010000000-0x401fffffff] for [bus 00-ff]
[    0.831883] pci-host-generic 4010000000.pcie: PCI host bridge to bus 0000:00
[    0.832252] pci_bus 0000:00: root bus resource [bus 00-ff]
[    0.832418] pci_bus 0000:00: root bus resource [io  0x0000-0xffff]
[    0.832550] pci_bus 0000:00: root bus resource [mem 0x10000000-0x3efeffff]
[    0.832661] pci_bus 0000:00: root bus resource [mem 0x8000000000-0xffffffffff]
[    0.834591] pci 0000:00:00.0: [1b36:0008] type 00 class 0x060000
[    0.877613] Serial: 8250/16550 driver, 32 ports, IRQ sharing enabled
[    0.918782] msm_serial: driver initialized
[    0.938110] usbcore: registered new interface driver usbserial_generic
[    0.938490] usbserial: USB Serial support registered for generic
[    0.939375] mousedev: PS/2 mouse device common for all mice
[    0.945191] rtc-pl031 9010000.pl031: registered as rtc0
[    0.945950] rtc-pl031 9010000.pl031: setting system clock to 2023-08-12T10:04:06 UTC (1691834646)
[    0.951334] device-mapper: core: CONFIG_IMA_DISABLE_HTABLE is disabled. Duplicate IMA measurements will not be recorded in the IMA log.
[    0.951593] device-mapper: uevent: version 1.0.3
[    0.952630] device-mapper: ioctl: 4.48.0-ioctl (2023-03-01) initialised: dm-devel@redhat.com
[    0.957055] ledtrig-cpu: registered to indicate activity on CPUs
[    0.961186] hid: raw HID events driver (C) Jiri Kosina
[    0.962012] usbcore: registered new interface driver usbhid
[    0.962117] usbhid: USB HID core driver
[    0.968481] hw perfevents: enabled with armv8_pmuv3 PMU driver, 7 counters available
[    0.975575]  cs_system_cfg: CoreSight Configuration manager initialised
[    0.979563] drop_monitor: Initializing network drop monitor service
[    1.105452] Initializing XFRM netlink socket
[    1.106342] NET: Registered PF_INET6 protocol family
[    1.121953] Segment Routing with IPv6
[    1.122102] RPL Segment Routing with IPv6
[    1.122404] In-situ OAM (IOAM) with IPv6
[    1.123070] mip6: Mobile IPv6
[    1.123422] NET: Registered PF_PACKET protocol family
[    1.164814] registered taskstats version 1
[    1.168096] Loading compiled-in X.509 certificates
[    1.213187] Loaded X.509 cert 'Build time autogenerated kernel key: 1888f0db6d580107bfdbbb6542afa026adaf54a2'
[    1.267170] page_owner is disabled
[    1.268355] Key type .fscrypt registered
[    1.268444] Key type fscrypt-provisioning registered
[    1.278888] Btrfs loaded, zoned=yes, fsverity=yes
[    1.280003] Key type big_key registered
[    1.286092] Key type encrypted registered
[    1.286886] ima: No TPM chip found, activating TPM-bypass!
[    1.287014] Loading compiled-in module X.509 certificates
[    1.289022] Loaded X.509 cert 'Build time autogenerated kernel key: 1888f0db6d580107bfdbbb6542afa026adaf54a2'
[    1.289257] ima: Allocated hash algorithm: sha256
[    1.291641] ima: No architecture policies found
[    1.292477] evm: Initialising EVM extended attributes:
[    1.292579] evm: security.selinux
[    1.292685] evm: security.SMACK64 (disabled)
[    1.292770] evm: security.SMACK64EXEC (disabled)
[    1.292856] evm: security.SMACK64TRANSMUTE (disabled)
[    1.292935] evm: security.SMACK64MMAP (disabled)
[    1.293004] evm: security.apparmor (disabled)
[    1.293071] evm: security.ima
[    1.293124] evm: security.capability
[    1.293194] evm: HMAC attrs: 0x1
[    1.499067] alg: No test for 842 (842-scomp)
[    1.499547] alg: No test for 842 (842-generic)
[    2.067444] clk: Disabling unused clocks
[    2.071354] uart-pl011 9000000.pl011: no DMA platform data
[    2.171612] Freeing unused kernel memory: 9472K
[    2.218226] Checked W+X mappings: passed, no W+X pages found
[    2.218795] Run /init as init process
Starting syslogd: OK
Starting klogd: OK
Running sysctl: OK
Saving 256 bits of creditable seed for next boot
Starting network: OK
Linux version 6.5.0-rc5-next-20230809-cbl (nathan@dev-arch.m3-large-x86-01) (ClangBuiltLinux clang version 13.0.1 (https://github.com/llvm/llvm-project 75e33f71c2dae584b13a7d1186ae0a038ba98838), ClangBuiltLinux LLD 13.0.1 (https://github.com/llvm/llvm-project 75e33f71c2dae584b13a7d1186ae0a038ba98838)) #1 SMP PREEMPT_DYNAMIC Sat Aug 12 10:02:38 UTC 2023
Stopping network: OK
Seeding 256 bits and crediting
Saving 256 bits of creditable seed for next boot
Stopping klogd: OK
Stopping syslogd: OK
umount: devtmpfs busy - remounted read-only
umount: can't unmount /: Invalid argument

The system is going down NOW!

Sent SIGTERM to all processes

Sent SIGKILL to all processes

Requesting system poweroff
[    5.174732] kvm: exiting hardware virtualization
[    5.176674] reboot: Power down
$ timeout --foreground 3m stdbuf -eL -oL /usr/sbin/qemu-system-aarch64 -display none -nodefaults -cpu max,pauth-impdef=true -machine virt,gic-version=max,virtualization=true -append 'console=ttyAMA0 earlycon' -kernel /home/nathan/tmp/build/cbl_lkt/linux-next/arm64/arch/arm64/boot/Image.gz -initrd /home/nathan/cbl/llvm-kernel-testing/src/boot-utils/images/arm64/rootfs.cpio -m 512m -serial mon:stdio
