
[01;32mQEMU location: [0m/usr/sbin[0m

[01;32mQEMU version: [0mQEMU emulator version 8.0.3[0m
[    0.000000] Booting Linux on physical CPU 0x0000000000 [0x000f0510]
[    0.000000] Linux version 6.5.0-rc5-next-20230809-cbl-00030-g8150cbc757fd (nathan@dev-arch.m3-large-x86-01) (ClangBuiltLinux clang version 13.0.1 (https://github.com/llvm/llvm-project 75e33f71c2dae584b13a7d1186ae0a038ba98838), ClangBuiltLinux LLD 13.0.1 (https://github.com/llvm/llvm-project 75e33f71c2dae584b13a7d1186ae0a038ba98838)) #1 SMP PREEMPT Sat Aug 12 09:14:19 UTC 2023
[    0.000000] KASLR enabled
[    0.000000] random: crng init done
[    0.000000] Machine model: linux,dummy-virt
[    0.000000] earlycon: pl11 at MMIO 0x0000000009000000 (options '')
[    0.000000] printk: bootconsole [pl11] enabled
[    0.000000] NUMA: No NUMA configuration found
[    0.000000] NUMA: Faking a node at [mem 0x0000000040000000-0x000000005fffffff]
[    0.000000] NUMA: NODE_DATA [mem 0x5fef39c0-0x5fef5fff]
[    0.000000] Zone ranges:
[    0.000000]   DMA      [mem 0x0000000040000000-0x000000005fffffff]
[    0.000000]   DMA32    empty
[    0.000000]   Normal   empty
[    0.000000] Movable zone start for each node
[    0.000000] Early memory node ranges
[    0.000000]   node   0: [mem 0x0000000040000000-0x000000005fffffff]
[    0.000000] Initmem setup node 0 [mem 0x0000000040000000-0x000000005fffffff]
[    0.000000] cma: Reserved 32 MiB at 0x000000005d600000 on node -1
[    0.000000] psci: probing for conduit method from DT.
[    0.000000] psci: PSCIv1.1 detected in firmware.
[    0.000000] psci: Using standard PSCI v0.2 function IDs
[    0.000000] psci: Trusted OS migration not required
[    0.000000] psci: SMC Calling Convention v1.0
[    0.000000] percpu: Embedded 22 pages/cpu s49960 r8192 d31960 u90112
[    0.000000] Detected PIPT I-cache on CPU0
[    0.000000] CPU features: detected: Branch Target Identification
[    0.000000] CPU features: detected: Address authentication (IMP DEF algorithm)
[    0.000000] CPU features: detected: GIC system register CPU interface
[    0.000000] CPU features: detected: HCRX_EL2 register
[    0.000000] CPU features: detected: Virtualization Host Extensions
[    0.000000] CPU features: detected: Hardware dirty bit management
[    0.000000] CPU features: detected: Spectre-v4
[    0.000000] alternatives: applying boot alternatives
[    0.000000] Kernel command line: console=ttyAMA0 earlycon
[    0.000000] Dentry cache hash table entries: 65536 (order: 7, 524288 bytes, linear)
[    0.000000] Inode-cache hash table entries: 32768 (order: 6, 262144 bytes, linear)
[    0.000000] Fallback order for Node 0: 0 
[    0.000000] Built 1 zonelists, mobility grouping on.  Total pages: 129024
[    0.000000] Policy zone: DMA
[    0.000000] mem auto-init: stack:all(zero), heap alloc:off, heap free:off
[    0.000000] software IO TLB: area num 1.
[    0.000000] software IO TLB: mapped [mem 0x0000000059600000-0x000000005d600000] (64MB)
[    0.000000] Memory: 376296K/524288K available (16640K kernel code, 4196K rwdata, 9804K rodata, 1920K init, 540K bss, 115224K reserved, 32768K cma-reserved)
[    0.000000] SLUB: HWalign=64, Order=0-3, MinObjects=0, CPUs=1, Nodes=1
[    0.000000] rcu: Preemptible hierarchical RCU implementation.
[    0.000000] rcu: 	RCU event tracing is enabled.
[    0.000000] rcu: 	RCU restricting CPUs from NR_CPUS=256 to nr_cpu_ids=1.
[    0.000000] 	Trampoline variant of Tasks RCU enabled.
[    0.000000] 	Tracing variant of Tasks RCU enabled.
[    0.000000] rcu: RCU calculated value of scheduler-enlistment delay is 25 jiffies.
[    0.000000] rcu: Adjusting geometry for rcu_fanout_leaf=16, nr_cpu_ids=1
[    0.000000] NR_IRQS: 64, nr_irqs: 64, preallocated irqs: 0
[    0.000000] GICv3: GIC: Using split EOI/Deactivate mode
[    0.000000] GICv3: 256 SPIs implemented
[    0.000000] GICv3: 0 Extended SPIs implemented
[    0.000000] Root IRQ handler: gic_handle_irq
[    0.000000] GICv3: GICv3 features: 16 PPIs
[    0.000000] GICv3: GICv4 features: 
[    0.000000] GICv3: CPU0: found redistributor 0 region 0:0x00000000080a0000
[    0.000000] ITS [mem 0x08080000-0x0809ffff]
[    0.000000] ITS@0x0000000008080000: Single VMOVP capable
[    0.000000] ITS@0x0000000008080000: allocated 8192 Devices @42440000 (indirect, esz 8, psz 64K, shr 1)
[    0.000000] ITS@0x0000000008080000: allocated 8192 Interrupt Collections @42450000 (flat, esz 8, psz 64K, shr 1)
[    0.000000] ITS@0x0000000008080000: allocated 8192 Virtual CPUs @42460000 (indirect, esz 8, psz 64K, shr 1)
[    0.000000] GICv3: using LPI property table @0x0000000042470000
[    0.000000] ITS: Allocated DevID ffff as GICv4 proxy device (2 slots)
[    0.000000] ITS: Enabling GICv4 support
[    0.000000] GICv3: CPU0: using allocated LPI pending table @0x0000000042480000
[    0.000000] rcu: srcu_init: Setting srcu_struct sizes based on contention.
[    0.000000] arch_timer: cp15 timer(s) running at 62.50MHz (phys).
[    0.000000] clocksource: arch_sys_counter: mask: 0x1ffffffffffffff max_cycles: 0x1cd42e208c, max_idle_ns: 881590405314 ns
[    0.000083] sched_clock: 57 bits at 63MHz, resolution 16ns, wraps every 4398046511096ns
[    0.019615] Console: colour dummy device 80x25
[    0.025712] Calibrating delay loop (skipped), value calculated using timer frequency.. 125.00 BogoMIPS (lpj=250000)
[    0.026731] pid_max: default: 32768 minimum: 301
[    0.028965] LSM: initializing lsm=capability,integrity
[    0.032623] Mount-cache hash table entries: 1024 (order: 1, 8192 bytes, linear)
[    0.032808] Mountpoint-cache hash table entries: 1024 (order: 1, 8192 bytes, linear)
[    0.068213] cacheinfo: Unable to detect cache hierarchy for CPU 0
[    0.077045] RCU Tasks: Setting shift to 0 and lim to 1 rcu_task_cb_adjust=1.
[    0.077438] RCU Tasks Trace: Setting shift to 0 and lim to 1 rcu_task_cb_adjust=1.
[    0.079458] rcu: Hierarchical SRCU implementation.
[    0.079574] rcu: 	Max phase no-delay instances is 1000.
[    0.083876] Platform MSI: its@8080000 domain created
[    0.084738] PCI/MSI: /intc@8000000/its@8080000 domain created
[    0.085340] fsl-mc MSI: its@8080000 domain created
[    0.088725] smp: Bringing up secondary CPUs ...
[    0.089719] smp: Brought up 1 node, 1 CPU
[    0.089809] SMP: Total of 1 processors activated.
[    0.090053] CPU features: detected: 32-bit EL0 Support
[    0.090162] CPU features: detected: 32-bit EL1 Support
[    0.090242] CPU features: detected: ARMv8.4 Translation Table Level
[    0.090347] CPU features: detected: Data cache clean to the PoU not required for I/D coherence
[    0.090494] CPU features: detected: Common not Private translations
[    0.090580] CPU features: detected: CRC32 instructions
[    0.090653] CPU features: detected: Data independent timing control (DIT)
[    0.090743] CPU features: detected: E0PD
[    0.090801] CPU features: detected: Enhanced Virtualization Traps
[    0.090958] CPU features: detected: Generic authentication (IMP DEF algorithm)
[    0.091055] CPU features: detected: RCpc load-acquire (LDAPR)
[    0.091131] CPU features: detected: LSE atomic instructions
[    0.091242] CPU features: detected: Privileged Access Never
[    0.091321] CPU features: detected: RAS Extension Support
[    0.091395] CPU features: detected: Random Number Generator
[    0.091470] CPU features: detected: Speculation barrier (SB)
[    0.091550] CPU features: detected: Stage-2 Force Write-Back
[    0.091626] CPU features: detected: TLB range maintenance instructions
[    0.091748] CPU features: detected: Scalable Matrix Extension
[    0.091827] CPU features: detected: FA64
[    0.091886] CPU features: detected: Speculative Store Bypassing Safe (SSBS)
[    0.091973] CPU features: detected: Scalable Vector Extension
[    0.106164] SVE: maximum available vector length 256 bytes per vector
[    0.110807] SVE: default vector length 64 bytes per vector
[    0.111042] SME: minimum available vector length 16 bytes per vector
[    0.111139] SME: maximum available vector length 256 bytes per vector
[    0.111253] SME: default vector length 32 bytes per vector
[    0.111782] CPU: All CPU(s) started at EL2
[    0.111873] alternatives: applying system-wide alternatives
[    0.163006] devtmpfs: initialized
[    0.184982] clocksource: jiffies: mask: 0xffffffff max_cycles: 0xffffffff, max_idle_ns: 7645041785100000 ns
[    0.185715] futex hash table entries: 256 (order: 2, 16384 bytes, linear)
[    0.192794] pinctrl core: initialized pinctrl subsystem
[    0.219286] NET: Registered PF_NETLINK/PF_ROUTE protocol family
[    0.230865] DMA: preallocated 128 KiB GFP_KERNEL pool for atomic allocations
[    0.231680] DMA: preallocated 128 KiB GFP_KERNEL|GFP_DMA pool for atomic allocations
[    0.232111] DMA: preallocated 128 KiB GFP_KERNEL|GFP_DMA32 pool for atomic allocations
[    0.232565] audit: initializing netlink subsys (disabled)
[    0.234455] audit: type=2000 audit(0.200:1): state=initialized audit_enabled=0 res=1
[    0.241224] thermal_sys: Registered thermal governor 'step_wise'
[    0.241350] thermal_sys: Registered thermal governor 'power_allocator'
[    0.241981] cpuidle: using governor menu
[    0.243760] hw-breakpoint: found 6 breakpoint and 4 watchpoint registers.
[    0.244276] ASID allocator initialised with 65536 entries
[    0.253396] Serial: AMBA PL011 UART driver
[    0.320917] 9000000.pl011: ttyAMA0 at MMIO 0x9000000 (irq = 14, base_baud = 0) is a PL011 rev1
[    0.322554] printk: console [ttyAMA0] enabled
[    0.322554] printk: console [ttyAMA0] enabled
[    0.322927] printk: bootconsole [pl11] disabled
[    0.322927] printk: bootconsole [pl11] disabled
[    0.340555] Modules: 2G module region forced by RANDOMIZE_MODULE_REGION_FULL
[    0.340723] Modules: 0 pages in range for non-PLT usage
[    0.340751] Modules: 515952 pages in range for PLT usage
[    0.345743] HugeTLB: registered 1.00 GiB page size, pre-allocated 0 pages
[    0.345924] HugeTLB: 0 KiB vmemmap can be freed for a 1.00 GiB page
[    0.346042] HugeTLB: registered 32.0 MiB page size, pre-allocated 0 pages
[    0.346134] HugeTLB: 0 KiB vmemmap can be freed for a 32.0 MiB page
[    0.346222] HugeTLB: registered 2.00 MiB page size, pre-allocated 0 pages
[    0.346310] HugeTLB: 0 KiB vmemmap can be freed for a 2.00 MiB page
[    0.346398] HugeTLB: registered 64.0 KiB page size, pre-allocated 0 pages
[    0.346487] HugeTLB: 0 KiB vmemmap can be freed for a 64.0 KiB page
[    0.365638] iommu: Default domain type: Translated
[    0.365955] iommu: DMA domain TLB invalidation policy: strict mode
[    0.367477] SCSI subsystem initialized
[    0.369932] usbcore: registered new interface driver usbfs
[    0.370244] usbcore: registered new interface driver hub
[    0.370499] usbcore: registered new device driver usb
[    0.374145] pps_core: LinuxPPS API ver. 1 registered
[    0.374239] pps_core: Software ver. 5.3.6 - Copyright 2005-2007 Rodolfo Giometti <giometti@linux.it>
[    0.374448] PTP clock support registered
[    0.375121] EDAC MC: Ver: 3.0.0
[    0.377960] scmi_core: SCMI protocol bus registered
[    0.381219] FPGA manager framework
[    0.382893] Advanced Linux Sound Architecture Driver Initialized.
[    0.393945] vgaarb: loaded
[    0.396296] clocksource: Switched to clocksource arch_sys_counter
[    0.397665] VFS: Disk quotas dquot_6.6.0
[    0.397888] VFS: Dquot-cache hash table entries: 512 (order 0, 4096 bytes)
[    0.425216] NET: Registered PF_INET protocol family
[    0.426670] IP idents hash table entries: 8192 (order: 4, 65536 bytes, linear)
[    0.432240] tcp_listen_portaddr_hash hash table entries: 256 (order: 0, 4096 bytes, linear)
[    0.432437] Table-perturb hash table entries: 65536 (order: 6, 262144 bytes, linear)
[    0.432612] TCP established hash table entries: 4096 (order: 3, 32768 bytes, linear)
[    0.432899] TCP bind hash table entries: 4096 (order: 5, 131072 bytes, linear)
[    0.433215] TCP: Hash tables configured (established 4096 bind 4096)
[    0.434342] UDP hash table entries: 256 (order: 1, 8192 bytes, linear)
[    0.434712] UDP-Lite hash table entries: 256 (order: 1, 8192 bytes, linear)
[    0.436016] NET: Registered PF_UNIX/PF_LOCAL protocol family
[    0.438915] RPC: Registered named UNIX socket transport module.
[    0.439051] RPC: Registered udp transport module.
[    0.439132] RPC: Registered tcp transport module.
[    0.439204] RPC: Registered tcp-with-tls transport module.
[    0.439284] RPC: Registered tcp NFSv4.1 backchannel transport module.
[    0.439473] PCI: CLS 0 bytes, default 64
[    0.443595] Unpacking initramfs...
[    0.445118] kvm [1]: IPA Size Limit: 48 bits
[    0.445855] kvm [1]: GICv4 support disabled
[    0.445970] kvm [1]: GICv3: no GICV resource entry
[    0.446156] kvm [1]: disabling GICv2 emulation
[    0.446347] kvm [1]: GIC system register CPU interface enabled
[    0.447426] kvm [1]: vgic interrupt IRQ9
[    0.448172] kvm [1]: VHE mode initialized successfully
[    0.455712] Initialise system trusted keyrings
[    0.461410] workingset: timestamp_bits=42 max_order=17 bucket_order=0
[    0.463536] squashfs: version 4.0 (2009/01/31) Phillip Lougher
[    0.469423] NFS: Registering the id_resolver key type
[    0.469808] Key type id_resolver registered
[    0.469906] Key type id_legacy registered
[    0.470232] nfs4filelayout_init: NFSv4 File Layout Driver Registering...
[    0.470409] nfs4flexfilelayout_init: NFSv4 Flexfile Layout Driver Registering...
[    0.476173] 9p: Installing v9fs 9p2000 file system support
[    0.560846] Key type asymmetric registered
[    0.561002] Asymmetric key parser 'x509' registered
[    0.561371] Block layer SCSI generic (bsg) driver version 0.4 loaded (major 245)
[    0.561573] io scheduler mq-deadline registered
[    0.561706] io scheduler kyber registered
[    0.562080] io scheduler bfq registered
[    0.587407] Freeing initrd memory: 4428K
[    0.613211] pl061_gpio 9030000.pl061: PL061 GPIO chip registered
[    0.621136] pci-host-generic 4010000000.pcie: host bridge /pcie@10000000 ranges:
[    0.621900] pci-host-generic 4010000000.pcie:       IO 0x003eff0000..0x003effffff -> 0x0000000000
[    0.622587] pci-host-generic 4010000000.pcie:      MEM 0x0010000000..0x003efeffff -> 0x0010000000
[    0.622755] pci-host-generic 4010000000.pcie:      MEM 0x8000000000..0xffffffffff -> 0x8000000000
[    0.623395] pci-host-generic 4010000000.pcie: Memory resource size exceeds max for 32 bits
[    0.624094] pci-host-generic 4010000000.pcie: ECAM at [mem 0x4010000000-0x401fffffff] for [bus 00-ff]
[    0.625708] pci-host-generic 4010000000.pcie: PCI host bridge to bus 0000:00
[    0.626014] pci_bus 0000:00: root bus resource [bus 00-ff]
[    0.626163] pci_bus 0000:00: root bus resource [io  0x0000-0xffff]
[    0.626282] pci_bus 0000:00: root bus resource [mem 0x10000000-0x3efeffff]
[    0.626383] pci_bus 0000:00: root bus resource [mem 0x8000000000-0xffffffffff]
[    0.627868] pci 0000:00:00.0: [1b36:0008] type 00 class 0x060000
[    0.726627] Serial: 8250/16550 driver, 4 ports, IRQ sharing enabled
[    0.736711] SuperH (H)SCI(F) driver initialized
[    0.738514] msm_serial: driver initialized
[    0.740642] STM32 USART driver initialized
[    0.767044] loop: module loaded
[    0.770587] megasas: 07.725.01.00-rc1
[    0.777227] physmap-flash 0.flash: physmap platform flash device: [mem 0x00000000-0x03ffffff]
[    0.784667] physmap-flash 0.flash: map_probe failed
[    0.806469] tun: Universal TUN/TAP device driver, 1.6
[    0.810147] thunder_xcv, ver 1.0
[    0.810324] thunder_bgx, ver 1.0
[    0.810509] nicpf, ver 1.0
[    0.814712] hns3: Hisilicon Ethernet Network Driver for Hip08 Family - version
[    0.814830] hns3: Copyright (c) 2017 Huawei Corporation.
[    0.815177] hclge is initializing
[    0.815409] e1000: Intel(R) PRO/1000 Network Driver
[    0.815498] e1000: Copyright (c) 1999-2006 Intel Corporation.
[    0.815699] e1000e: Intel(R) PRO/1000 Network Driver
[    0.815779] e1000e: Copyright(c) 1999 - 2015 Intel Corporation.
[    0.816067] igb: Intel(R) Gigabit Ethernet Network Driver
[    0.816159] igb: Copyright (c) 2007-2014 Intel Corporation.
[    0.816342] igbvf: Intel(R) Gigabit Virtual Function Network Driver
[    0.816435] igbvf: Copyright (c) 2009 - 2012 Intel Corporation.
[    0.817539] sky2: driver version 1.30
[    0.822043] VFIO - User Level meta-driver version: 0.3
[    0.832732] usbcore: registered new interface driver usb-storage
[    0.844368] rtc-pl031 9010000.pl031: registered as rtc0
[    0.845118] rtc-pl031 9010000.pl031: setting system clock to 2023-08-12T09:14:37 UTC (1691831677)
[    0.848103] i2c_dev: i2c /dev entries driver
[    0.871197] sdhci: Secure Digital Host Controller Interface driver
[    0.871299] sdhci: Copyright(c) Pierre Ossman
[    0.873775] Synopsys Designware Multimedia Card Interface Driver
[    0.877023] sdhci-pltfm: SDHCI platform and OF driver helper
[    0.883867] ledtrig-cpu: registered to indicate activity on CPUs
[    0.890327] usbcore: registered new interface driver usbhid
[    0.890430] usbhid: USB HID core driver
[    0.902878] hw perfevents: enabled with armv8_pmuv3 PMU driver, 7 counters available
[    0.916636] NET: Registered PF_PACKET protocol family
[    0.918092] 9pnet: Installing 9P2000 support
[    0.918427] Key type dns_resolver registered
[    0.949288] registered taskstats version 1
[    0.950494] Loading compiled-in X.509 certificates
[    0.984997] input: gpio-keys as /devices/platform/gpio-keys/input/input0
[    0.993345] clk: Disabling unused clocks
[    0.993944] ALSA device list:
[    0.994092]   No soundcards found.
[    0.997475] uart-pl011 9000000.pl011: no DMA platform data
[    1.062111] Freeing unused kernel memory: 1920K
[    1.063454] Run /init as init process
Starting syslogd: OK
Starting klogd: OK
Running sysctl: OK
Saving 256 bits of creditable seed for next boot
Starting network: OK
Linux version 6.5.0-rc5-next-20230809-cbl-00030-g8150cbc757fd (nathan@dev-arch.m3-large-x86-01) (ClangBuiltLinux clang version 13.0.1 (https://github.com/llvm/llvm-project 75e33f71c2dae584b13a7d1186ae0a038ba98838), ClangBuiltLinux LLD 13.0.1 (https://github.com/llvm/llvm-project 75e33f71c2dae584b13a7d1186ae0a038ba98838)) #1 SMP PREEMPT Sat Aug 12 09:14:19 UTC 2023
Stopping network: OK
Seeding 256 bits and crediting
Saving 256 bits of creditable seed for next boot
Stopping klogd: OK
Stopping syslogd: OK
umount: devtmpfs busy - remounted read-only
umount: can't unmount /: Invalid argument

The system is going down NOW!

Sent SIGTERM to all processes

Sent SIGKILL to all processes

Requesting system poweroff
[    3.825980] kvm: exiting hardware virtualization
[    3.826178] reboot: Power down
$ timeout --foreground 3m stdbuf -eL -oL /usr/sbin/qemu-system-aarch64 -display none -nodefaults -cpu max,pauth-impdef=true -machine virt,gic-version=max,virtualization=true -append 'console=ttyAMA0 earlycon' -kernel /home/nathan/tmp/build/cbl_lkt/linux-next/arm64/arch/arm64/boot/Image.gz -initrd /home/nathan/cbl/llvm-kernel-testing/src/boot-utils/images/arm64be/rootfs.cpio -m 512m -serial mon:stdio
