/home/nathan/cbl/src/linux-next/drivers/block/rbd.c:6149:17: warning: result of comparison of constant 2305843009213693948 with expression of type 'u32' (aka 'unsigned int') is always false [-Wtautological-constant-out-of-range-compare]
        if (snap_count > (SIZE_MAX - sizeof (struct ceph_snap_context))
            ~~~~~~~~~~ ^ ~~~~~~~~~~~~~~~~~~~~~~~~~~~~~~~~~~~~~~~~~~~~~~
1 warning generated.
/home/nathan/cbl/src/linux-next/drivers/net/wireless/ath/ath9k/main.c:1566:21: warning: parameter 'changed_flags' set but not used [-Wunused-but-set-parameter]
                                   unsigned int changed_flags,
                                                ^
1 warning generated.
/home/nathan/cbl/src/linux-next/drivers/net/wireless/ath/ath5k/mac80211-ops.c:367:62: warning: parameter 'changed_flags' set but not used [-Wunused-but-set-parameter]
ath5k_configure_filter(struct ieee80211_hw *hw, unsigned int changed_flags,
                                                             ^
1 warning generated.
/home/nathan/cbl/src/linux-next/drivers/net/wireless/ath/ath9k/htc_drv_main.c:1258:25: warning: parameter 'changed_flags' set but not used [-Wunused-but-set-parameter]
                                       unsigned int changed_flags,
                                                    ^
1 warning generated.
/home/nathan/cbl/src/linux-next/net/ceph/osdmap.c:1441:10: warning: result of comparison of constant 4611686018427387891 with expression of type 'u32' (aka 'unsigned int') is always false [-Wtautological-constant-out-of-range-compare]
        if (len > (SIZE_MAX - sizeof(*pg)) / sizeof(u32))
            ~~~ ^ ~~~~~~~~~~~~~~~~~~~~~~~~~~~~~~~~~~~~~~
/home/nathan/cbl/src/linux-next/net/ceph/osdmap.c:1624:10: warning: result of comparison of constant 2305843009213693945 with expression of type 'u32' (aka 'unsigned int') is always false [-Wtautological-constant-out-of-range-compare]
        if (len > (SIZE_MAX - sizeof(*pg)) / (2 * sizeof(u32)))
            ~~~ ^ ~~~~~~~~~~~~~~~~~~~~~~~~~~~~~~~~~~~~~~~~~~~~
2 warnings generated.
/home/nathan/cbl/src/linux-next/drivers/net/ethernet/qlogic/qed/qed_vf.c:63:67: warning: parameter 'resp_size' set but not used [-Wunused-but-set-parameter]
static int qed_send_msg2pf(struct qed_hwfn *p_hwfn, u8 *done, u32 resp_size)
                                                                  ^
1 warning generated.
/home/nathan/cbl/src/linux-next/fs/ceph/snap.c:372:10: warning: result of comparison of constant 2305843009213693948 with expression of type 'u32' (aka 'unsigned int') is always false [-Wtautological-constant-out-of-range-compare]
        if (num > (SIZE_MAX - sizeof(*snapc)) / sizeof(u64))
            ~~~ ^ ~~~~~~~~~~~~~~~~~~~~~~~~~~~~~~~~~~~~~~~~~
1 warning generated.

[01;32mQEMU location: [0m/usr/sbin[0m

[01;32mQEMU version: [0mQEMU emulator version 8.0.3[0m
[    0.000000] Booting Linux on physical CPU 0x0000000000 [0x000f0510]
[    0.000000] Linux version 6.5.0-rc5-next-20230809-cbl (nathan@dev-arch.m3-large-x86-01) (ClangBuiltLinux clang version 13.0.1 (https://github.com/llvm/llvm-project 75e33f71c2dae584b13a7d1186ae0a038ba98838), ClangBuiltLinux LLD 13.0.1 (https://github.com/llvm/llvm-project 75e33f71c2dae584b13a7d1186ae0a038ba98838)) #1 SMP PREEMPT_DYNAMIC Sat Aug 12 09:48:22 UTC 2023
[    0.000000] random: crng init done
[    0.000000] Machine model: linux,dummy-virt
[    0.000000] efi: UEFI not found.
[    0.000000] earlycon: pl11 at MMIO 0x0000000009000000 (options '')
[    0.000000] printk: bootconsole [pl11] enabled
[    0.000000] NUMA: No NUMA configuration found
[    0.000000] NUMA: Faking a node at [mem 0x0000000040000000-0x000000005fffffff]
[    0.000000] NUMA: NODE_DATA [mem 0x5fe9bc00-0x5feadfff]
[    0.000000] Zone ranges:
[    0.000000]   DMA      [mem 0x0000000040000000-0x000000005fffffff]
[    0.000000]   DMA32    empty
[    0.000000]   Normal   empty
[    0.000000] Movable zone start for each node
[    0.000000] Early memory node ranges
[    0.000000]   node   0: [mem 0x0000000040000000-0x000000005fffffff]
[    0.000000] Initmem setup node 0 [mem 0x0000000040000000-0x000000005fffffff]
[    0.000000] cma: Reserved 32 MiB at 0x000000005d400000 on node -1
[    0.000000] psci: probing for conduit method from DT.
[    0.000000] psci: PSCIv1.1 detected in firmware.
[    0.000000] psci: Using standard PSCI v0.2 function IDs
[    0.000000] psci: Trusted OS migration not required
[    0.000000] psci: SMC Calling Convention v1.0
[    0.000000] percpu: Embedded 22 pages/cpu s50024 r8192 d31896 u90112
[    0.000000] Detected PIPT I-cache on CPU0
[    0.000000] CPU features: detected: GIC system register CPU interface
[    0.000000] CPU features: detected: HCRX_EL2 register
[    0.000000] CPU features: detected: Virtualization Host Extensions
[    0.000000] CPU features: detected: Hardware dirty bit management
[    0.000000] CPU features: detected: Spectre-v4
[    0.000000] alternatives: applying boot alternatives
[    0.000000] Kernel command line: console=ttyAMA0 earlycon
[    0.000000] Dentry cache hash table entries: 65536 (order: 7, 524288 bytes, linear)
[    0.000000] Inode-cache hash table entries: 32768 (order: 6, 262144 bytes, linear)
[    0.000000] Fallback order for Node 0: 0 
[    0.000000] Built 1 zonelists, mobility grouping on.  Total pages: 129024
[    0.000000] Policy zone: DMA
[    0.000000] mem auto-init: stack:off, heap alloc:off, heap free:off
[    0.000000] software IO TLB: area num 1.
[    0.000000] software IO TLB: mapped [mem 0x0000000059400000-0x000000005d400000] (64MB)
[    0.000000] Memory: 389316K/524288K available (11200K kernel code, 2400K rwdata, 3828K rodata, 1536K init, 785K bss, 102204K reserved, 32768K cma-reserved)
[    0.000000] SLUB: HWalign=64, Order=0-3, MinObjects=0, CPUs=1, Nodes=1
[    0.000000] Dynamic Preempt: full
[    0.000000] rcu: Preemptible hierarchical RCU implementation.
[    0.000000] rcu: 	RCU restricting CPUs from NR_CPUS=256 to nr_cpu_ids=1.
[    0.000000] 	Trampoline variant of Tasks RCU enabled.
[    0.000000] 	Tracing variant of Tasks RCU enabled.
[    0.000000] rcu: RCU calculated value of scheduler-enlistment delay is 100 jiffies.
[    0.000000] rcu: Adjusting geometry for rcu_fanout_leaf=16, nr_cpu_ids=1
[    0.000000] NR_IRQS: 64, nr_irqs: 64, preallocated irqs: 0
[    0.000000] GICv3: GIC: Using split EOI/Deactivate mode
[    0.000000] GICv3: 256 SPIs implemented
[    0.000000] GICv3: 0 Extended SPIs implemented
[    0.000000] Root IRQ handler: gic_handle_irq
[    0.000000] GICv3: GICv3 features: 16 PPIs
[    0.000000] GICv3: GICv4 features: 
[    0.000000] GICv3: CPU0: found redistributor 0 region 0:0x00000000080a0000
[    0.000000] ITS [mem 0x08080000-0x0809ffff]
[    0.000000] ITS@0x0000000008080000: Single VMOVP capable
[    0.000000] ITS@0x0000000008080000: allocated 8192 Devices @41840000 (indirect, esz 8, psz 64K, shr 1)
[    0.000000] ITS@0x0000000008080000: allocated 8192 Interrupt Collections @41850000 (flat, esz 8, psz 64K, shr 1)
[    0.000000] ITS@0x0000000008080000: allocated 8192 Virtual CPUs @41860000 (indirect, esz 8, psz 64K, shr 1)
[    0.000000] GICv3: using LPI property table @0x0000000041870000
[    0.000000] ITS: Allocated DevID ffff as GICv4 proxy device (2 slots)
[    0.000000] ITS: Enabling GICv4 support
[    0.000000] GICv3: CPU0: using allocated LPI pending table @0x0000000041880000
[    0.000000] rcu: srcu_init: Setting srcu_struct sizes based on contention.
[    0.000000] arch_timer: cp15 timer(s) running at 62.50MHz (phys).
[    0.000000] clocksource: arch_sys_counter: mask: 0x1ffffffffffffff max_cycles: 0x1cd42e208c, max_idle_ns: 881590405314 ns
[    0.000069] sched_clock: 57 bits at 63MHz, resolution 16ns, wraps every 4398046511096ns
[    0.009428] Console: colour dummy device 80x25
[    0.011869] Calibrating delay loop (skipped), value calculated using timer frequency.. 125.00 BogoMIPS (lpj=62500)
[    0.012290] pid_max: default: 32768 minimum: 301
[    0.013963] LSM: initializing lsm=capability
[    0.016303] Mount-cache hash table entries: 1024 (order: 1, 8192 bytes, linear)
[    0.016494] Mountpoint-cache hash table entries: 1024 (order: 1, 8192 bytes, linear)
[    0.046219] cacheinfo: Unable to detect cache hierarchy for CPU 0
[    0.054650] RCU Tasks: Setting shift to 0 and lim to 1 rcu_task_cb_adjust=1.
[    0.055692] RCU Tasks Trace: Setting shift to 0 and lim to 1 rcu_task_cb_adjust=1.
[    0.057084] rcu: Hierarchical SRCU implementation.
[    0.057188] rcu: 	Max phase no-delay instances is 400.
[    0.059967] Platform MSI: its@8080000 domain created
[    0.060495] PCI/MSI: /intc@8000000/its@8080000 domain created
[    0.061654] EFI services will not be available.
[    0.062222] smp: Bringing up secondary CPUs ...
[    0.064758] smp: Brought up 1 node, 1 CPU
[    0.064843] SMP: Total of 1 processors activated.
[    0.064940] CPU features: detected: Branch Target Identification
[    0.065336] CPU features: detected: 32-bit EL0 Support
[    0.065421] CPU features: detected: 32-bit EL1 Support
[    0.065497] CPU features: detected: ARMv8.4 Translation Table Level
[    0.065598] CPU features: detected: Data cache clean to the PoU not required for I/D coherence
[    0.065723] CPU features: detected: Common not Private translations
[    0.065801] CPU features: detected: CRC32 instructions
[    0.065867] CPU features: detected: Data independent timing control (DIT)
[    0.065948] CPU features: detected: E0PD
[    0.066001] CPU features: detected: Enhanced Virtualization Traps
[    0.066077] CPU features: detected: RCpc load-acquire (LDAPR)
[    0.066727] CPU features: detected: LSE atomic instructions
[    0.066843] CPU features: detected: Privileged Access Never
[    0.066915] CPU features: detected: RAS Extension Support
[    0.066981] CPU features: detected: Random Number Generator
[    0.067048] CPU features: detected: Speculation barrier (SB)
[    0.067116] CPU features: detected: Stage-2 Force Write-Back
[    0.067598] CPU features: detected: TLB range maintenance instructions
[    0.067729] CPU features: detected: Scalable Matrix Extension
[    0.067805] CPU features: detected: FA64
[    0.067859] CPU features: detected: Speculative Store Bypassing Safe (SSBS)
[    0.067942] CPU features: detected: Scalable Vector Extension
[    0.077123] SVE: maximum available vector length 256 bytes per vector
[    0.081625] SVE: default vector length 64 bytes per vector
[    0.083768] SME: minimum available vector length 16 bytes per vector
[    0.083902] SME: maximum available vector length 256 bytes per vector
[    0.084017] SME: default vector length 32 bytes per vector
[    0.084617] CPU: All CPU(s) started at EL2
[    0.084735] alternatives: applying system-wide alternatives
[    0.134138] devtmpfs: initialized
[    0.155528] clocksource: jiffies: mask: 0xffffffff max_cycles: 0xffffffff, max_idle_ns: 1911260446275000 ns
[    0.156335] futex hash table entries: 256 (order: 2, 16384 bytes, linear)
[    0.160739] pinctrl core: initialized pinctrl subsystem
[    0.168455] DMI not present or invalid.
[    0.182929] NET: Registered PF_NETLINK/PF_ROUTE protocol family
[    0.195025] DMA: preallocated 128 KiB GFP_KERNEL pool for atomic allocations
[    0.195769] DMA: preallocated 128 KiB GFP_KERNEL|GFP_DMA pool for atomic allocations
[    0.196097] DMA: preallocated 128 KiB GFP_KERNEL|GFP_DMA32 pool for atomic allocations
[    0.196455] audit: initializing netlink subsys (disabled)
[    0.198970] audit: type=2000 audit(0.164:1): state=initialized audit_enabled=0 res=1
[    0.202996] thermal_sys: Registered thermal governor 'fair_share'
[    0.203118] thermal_sys: Registered thermal governor 'bang_bang'
[    0.203220] thermal_sys: Registered thermal governor 'step_wise'
[    0.203302] thermal_sys: Registered thermal governor 'user_space'
[    0.203809] cpuidle: using governor ladder
[    0.204090] cpuidle: using governor menu
[    0.205407] hw-breakpoint: found 6 breakpoint and 4 watchpoint registers.
[    0.205956] ASID allocator initialised with 65536 entries
[    0.209689] Serial: AMBA PL011 UART driver
[    0.249377] 9000000.pl011: ttyAMA0 at MMIO 0x9000000 (irq = 14, base_baud = 0) is a PL011 rev1
[    0.251033] printk: console [ttyAMA0] enabled
[    0.251033] printk: console [ttyAMA0] enabled
[    0.251429] printk: bootconsole [pl11] disabled
[    0.251429] printk: bootconsole [pl11] disabled
[    0.264202] Modules: 27776 pages in range for non-PLT usage
[    0.264233] Modules: 519296 pages in range for PLT usage
[    0.274378] ACPI: Interpreter disabled.
[    0.275434] iommu: Default domain type: Translated
[    0.275592] iommu: DMA domain TLB invalidation policy: strict mode
[    0.278491] SCSI subsystem initialized
[    0.279627] pps_core: LinuxPPS API ver. 1 registered
[    0.279761] pps_core: Software ver. 5.3.6 - Copyright 2005-2007 Rodolfo Giometti <giometti@linux.it>
[    0.279997] PTP clock support registered
[    0.281595] scmi_core: SCMI protocol bus registered
[    0.293843] vgaarb: loaded
[    0.298515] clocksource: Switched to clocksource arch_sys_counter
[    0.299984] VFS: Disk quotas dquot_6.6.0
[    0.302262] VFS: Dquot-cache hash table entries: 512 (order 0, 4096 bytes)
[    0.303327] pnp: PnP ACPI: disabled
[    0.322089] NET: Registered PF_INET protocol family
[    0.323607] IP idents hash table entries: 8192 (order: 4, 65536 bytes, linear)
[    0.331416] tcp_listen_portaddr_hash hash table entries: 256 (order: 0, 4096 bytes, linear)
[    0.331611] Table-perturb hash table entries: 65536 (order: 6, 262144 bytes, linear)
[    0.331769] TCP established hash table entries: 4096 (order: 3, 32768 bytes, linear)
[    0.332044] TCP bind hash table entries: 4096 (order: 5, 131072 bytes, linear)
[    0.334392] TCP: Hash tables configured (established 4096 bind 4096)
[    0.336600] MPTCP token hash table entries: 512 (order: 1, 12288 bytes, linear)
[    0.336987] UDP hash table entries: 256 (order: 1, 8192 bytes, linear)
[    0.337673] UDP-Lite hash table entries: 256 (order: 1, 8192 bytes, linear)
[    0.339244] NET: Registered PF_UNIX/PF_LOCAL protocol family
[    0.339746] NET: Registered PF_XDP protocol family
[    0.340031] PCI: CLS 0 bytes, default 64
[    0.346087] kvm [1]: IPA Size Limit: 48 bits
[    0.347001] kvm [1]: GICv4 support disabled
[    0.347088] kvm [1]: GICv3: no GICV resource entry
[    0.350252] kvm [1]: disabling GICv2 emulation
[    0.350446] kvm [1]: GIC system register CPU interface enabled
[    0.351623] kvm [1]: vgic interrupt IRQ9
[    0.352910] Trying to unpack rootfs image as initramfs...
[    0.353378] kvm [1]: VHE mode initialized successfully
[    0.365184] Initialise system trusted keyrings
[    0.368466] workingset: timestamp_bits=37 max_order=17 bucket_order=0
[    0.368656] zbud: loaded
[    0.379805] Key type asymmetric registered
[    0.379961] Asymmetric key parser 'x509' registered
[    0.381549] Block layer SCSI generic (bsg) driver version 0.4 loaded (major 245)
[    0.425673] pl061_gpio 9030000.pl061: PL061 GPIO chip registered
[    0.433710] pci-host-generic 4010000000.pcie: host bridge /pcie@10000000 ranges:
[    0.435625] pci-host-generic 4010000000.pcie:       IO 0x003eff0000..0x003effffff -> 0x0000000000
[    0.437466] pci-host-generic 4010000000.pcie:      MEM 0x0010000000..0x003efeffff -> 0x0010000000
[    0.437627] pci-host-generic 4010000000.pcie:      MEM 0x8000000000..0xffffffffff -> 0x8000000000
[    0.439301] pci-host-generic 4010000000.pcie: Memory resource size exceeds max for 32 bits
[    0.439895] pci-host-generic 4010000000.pcie: ECAM at [mem 0x4010000000-0x401fffffff] for [bus 00-ff]
[    0.443832] pci-host-generic 4010000000.pcie: PCI host bridge to bus 0000:00
[    0.445236] pci_bus 0000:00: root bus resource [bus 00-ff]
[    0.445407] pci_bus 0000:00: root bus resource [io  0x0000-0xffff]
[    0.445524] pci_bus 0000:00: root bus resource [mem 0x10000000-0x3efeffff]
[    0.445613] pci_bus 0000:00: root bus resource [mem 0x8000000000-0xffffffffff]
[    0.449563] pci 0000:00:00.0: [1b36:0008] type 00 class 0x060000
[    0.469796] Freeing initrd memory: 4428K
[    0.624551] Serial: 8250/16550 driver, 4 ports, IRQ sharing enabled
[    0.651665] Serial: AMBA driver
[    0.683330] sdhci: Secure Digital Host Controller Interface driver
[    0.683448] sdhci: Copyright(c) Pierre Ossman
[    0.683524] Synopsys Designware Multimedia Card Interface Driver
[    0.685773] sdhci-pltfm: SDHCI platform and OF driver helper
[    0.698499] NET: Registered PF_INET6 protocol family
[    0.705824] Segment Routing with IPv6
[    0.706049] In-situ OAM (IOAM) with IPv6
[    0.706885] Key type dns_resolver registered
[    0.833058] registered taskstats version 1
[    0.834411] Loading compiled-in X.509 certificates
[    0.901427] Loaded X.509 cert 'Build time autogenerated kernel key: 54906654959cf5fd5239b1fa69f3ce2532e43738'
[    0.924148] Key type .fscrypt registered
[    0.924230] Key type fscrypt-provisioning registered
[    0.931598] clk: Disabling unused clocks
[    0.935796] uart-pl011 9000000.pl011: no DMA platform data
[    0.988927] Freeing unused kernel memory: 1536K
[    0.990204] Run /init as init process
Starting syslogd: OK
Starting klogd: OK
Running sysctl: OK
Saving 256 bits of creditable seed for next boot
Starting network: OK
Linux version 6.5.0-rc5-next-20230809-cbl (nathan@dev-arch.m3-large-x86-01) (ClangBuiltLinux clang version 13.0.1 (https://github.com/llvm/llvm-project 75e33f71c2dae584b13a7d1186ae0a038ba98838), ClangBuiltLinux LLD 13.0.1 (https://github.com/llvm/llvm-project 75e33f71c2dae584b13a7d1186ae0a038ba98838)) #1 SMP PREEMPT_DYNAMIC Sat Aug 12 09:48:22 UTC 2023
Stopping network: OK
Seeding 256 bits and crediting
Saving 256 bits of creditable seed for next boot
Stopping klogd: OK
Stopping syslogd: OK
umount: devtmpfs busy - remounted read-only
umount: can't unmount /: Invalid argument

The system is going down NOW!

Sent SIGTERM to all processes

Sent SIGKILL to all processes

Requesting system poweroff
[    3.590418] kvm: exiting hardware virtualization
[    3.590601] reboot: Power down
$ timeout --foreground 3m stdbuf -eL -oL /usr/sbin/qemu-system-aarch64 -display none -nodefaults -cpu max,pauth-impdef=true -machine virt,gic-version=max,virtualization=true -append 'console=ttyAMA0 earlycon' -kernel /home/nathan/tmp/build/cbl_lkt/linux-next/arm64/arch/arm64/boot/Image.gz -initrd /home/nathan/cbl/llvm-kernel-testing/src/boot-utils/images/arm64/rootfs.cpio -m 512m -serial mon:stdio
