Using /home/nathan/cbl/src/linux-next/arch/powerpc/configs/ppc64_defconfig as base
Merging /home/nathan/cbl/src/linux-next/arch/powerpc/configs/le.config
Merging /home/nathan/cbl/src/linux-next/arch/powerpc/configs/guest.config
Value of CONFIG_VIRTIO_BLK is redefined by fragment /home/nathan/cbl/src/linux-next/arch/powerpc/configs/guest.config:
Previous value: CONFIG_VIRTIO_BLK=m
New value: CONFIG_VIRTIO_BLK=y

Value of CONFIG_SCSI_VIRTIO is redefined by fragment /home/nathan/cbl/src/linux-next/arch/powerpc/configs/guest.config:
Previous value: CONFIG_SCSI_VIRTIO=m
New value: CONFIG_SCSI_VIRTIO=y

Value of CONFIG_VIRTIO_NET is redefined by fragment /home/nathan/cbl/src/linux-next/arch/powerpc/configs/guest.config:
Previous value: CONFIG_VIRTIO_NET=m
New value: CONFIG_VIRTIO_NET=y

Value of CONFIG_VIRTIO_CONSOLE is redefined by fragment /home/nathan/cbl/src/linux-next/arch/powerpc/configs/guest.config:
Previous value: CONFIG_VIRTIO_CONSOLE=m
New value: CONFIG_VIRTIO_CONSOLE=y

Value of CONFIG_VIRTIO_PCI is redefined by fragment /home/nathan/cbl/src/linux-next/arch/powerpc/configs/guest.config:
Previous value: CONFIG_VIRTIO_PCI=m
New value: CONFIG_VIRTIO_PCI=y

Value of CONFIG_VIRTIO_BALLOON is redefined by fragment /home/nathan/cbl/src/linux-next/arch/powerpc/configs/guest.config:
Previous value: CONFIG_VIRTIO_BALLOON=m
New value: CONFIG_VIRTIO_BALLOON=y

Value of CONFIG_VHOST_NET is redefined by fragment /home/nathan/cbl/src/linux-next/arch/powerpc/configs/guest.config:
Previous value: CONFIG_VHOST_NET=m
New value: CONFIG_VHOST_NET=y

Value of CONFIG_IBMVETH is redefined by fragment /home/nathan/cbl/src/linux-next/arch/powerpc/configs/guest.config:
Previous value: CONFIG_IBMVETH=m
New value: CONFIG_IBMVETH=y

Value of CONFIG_IBMVNIC is redefined by fragment /home/nathan/cbl/src/linux-next/arch/powerpc/configs/guest.config:
Previous value: CONFIG_IBMVNIC=m
New value: CONFIG_IBMVNIC=y

Merging /home/nathan/cbl/src/linux-next/arch/powerpc/configs/kvm_guest.config
#
# merged configuration written to .config (needs make)
#
/home/nathan/cbl/src/linux-next/fs/nilfs2/ioctl.c:63:19: warning: result of comparison of constant 65536 with expression of type '__u16' (aka 'unsigned short') is always false [-Wtautological-constant-out-of-range-compare]
        if (argv->v_size > PAGE_SIZE)
            ~~~~~~~~~~~~ ^ ~~~~~~~~~
1 warning generated.
/home/nathan/cbl/src/linux-next/drivers/infiniband/core/uverbs_ioctl.c:90:39: warning: result of comparison of constant 65536 with expression of type 'u16' (aka 'unsigned short') is always false [-Wtautological-constant-out-of-range-compare]
        WARN_ON_ONCE(method_elm->bundle_size > PAGE_SIZE);
        ~~~~~~~~~~~~~~~~~~~~~~~~~~~~~~~~~~~~~^~~~~~~~~~~~
/home/nathan/cbl/src/linux-next/include/asm-generic/bug.h:111:25: note: expanded from macro 'WARN_ON_ONCE'
        int __ret_warn_on = !!(condition);                      \
                               ^~~~~~~~~
/home/nathan/cbl/src/linux-next/drivers/infiniband/core/uverbs_ioctl.c:629:17: warning: result of comparison of constant 65536 with expression of type '__u16' (aka 'unsigned short') is always false [-Wtautological-constant-out-of-range-compare]
        if (hdr.length > PAGE_SIZE ||
            ~~~~~~~~~~ ^ ~~~~~~~~~
2 warnings generated.

[01;32mQEMU location: [0m/usr/sbin[0m

[01;32mQEMU version: [0mQEMU emulator version 8.0.3[0m
[    0.014635433,5] OPAL v7.0 starting...
[    0.015203323,7] initial console log level: memory 7, driver 5
[    0.015251368,6] CPU: P9 generation processor (max 4 threads/core)
[    0.015275904,7] CPU: Boot CPU PIR is 0x0000 PVR is 0x004e1200
[    0.015393555,7] OPAL table: 0x3018a660 .. 0x3018ac20, branch table: 0x30120000
[    0.015559934,7] Assigning physical memory map table for nimbus
[    0.015910748,7] FDT: Parsing fdt @0x1000000
[    0.018229128,5] CHIP: Detected QEMU simulator
[    0.018418114,6] CHIP: Initialised chip 0 from xscom@603fc00000000
[    0.018761725,6] P9 DD2.00 detected
[    0.018781060,5] CHIP: Chip ID 0000 type: P9N DD2.00
[    0.018789898,7] XSCOM: Base address: 0x603fc00000000
[    0.018810596,7] XSTOP: ibm,sw-checkstop-fir prop not found
[    0.018887641,6] MFSI 0:0: Initialized
[    0.018898413,6] MFSI 0:2: Initialized
[    0.018907580,6] MFSI 0:1: Initialized
[    0.019518642,6] LPC: LPC[000]: Initialized
[    0.019528917,7] LPC: access via MMIO @0x6030000000000
[    0.019558772,7] LPC: Default bus on chip 0x0
[    0.019641013,7] CPU: New max PIR set to 0x3
[    0.020150023,7] MEM: parsing reserved memory from reserved-names/-ranges properties
[    0.020240600,7] HOMER: Init chip 0
[    0.020273610,7]   PBA BAR0 : 0x0000203ffd800000
[    0.020281376,7]   PBA MASK0: 0x0000000000300000
[    0.020313704,7]   HOMER Image at 0x203ffd800000 size 4MB
[    0.020358333,4] HOMER image is not reserved! Reserving
[    0.020410077,7]   PBA BAR2 : 0x0000203fff800000
[    0.020414914,7]   PBA MASK2: 0x0000000000700000
[    0.020430441,7]   OCC Common Area at 0x203fff800000 size 8MB
[    0.020463006,4] OCC common area is not reserved! Reserving
[    0.020544117,7] CPU: decrementer bits 56
[    0.020633088,6] CPU: CPU from DT PIR=0x0000 Server#=0x0 State=4
[    0.020731625,6] CPU:  1 secondary threads
[    0.022007192,5] PLAT: Using SuperIO UART
[    0.022302517,7] UART: Using LPC IRQ 4
[    0.024878699,5] PLAT: Detected QEMU POWER9 platform
[    0.024961867,5] PLAT: Detected BMC platform ast2500:openbmc
[    0.040092523,5] CPU: All 1 processors called in...
[    0.041146827,7] LPC: Routing irq 10, policy: 0 (r=1)
[    0.041218295,7] LPC: SerIRQ 10 using route 0 targetted at OPAL
[    0.062939662,5] HIOMAP: Negotiated hiomap protocol v2
[    0.063013669,5] HIOMAP: Block size is 4KiB
[    0.063070117,5] HIOMAP: BMC suggested flash timeout of 0s
[    0.063142328,5] HIOMAP: Flash size is 128MiB
[    0.063199920,5] HIOMAP: Erase granule size is 4KiB
[    0.079726953,3] FFS: Reading the flash has returned all 0xFF.
[    0.079799401,3]      Are you reading erased flash?
[    0.079856638,3]      Is something else using the flash controller?
[    0.079941028,4] FLASH: No ffs info; using raw device only
[    0.085239051,3] FFS: Reading the flash has returned all 0xFF.
[    0.085307743,3]      Are you reading erased flash?
[    0.085366253,3]      Is something else using the flash controller?
[    0.085441615,3] FLASH: Can't open ffs handle
[    0.090658412,3] FFS: Reading the flash has returned all 0xFF.
[    0.090725242,3]      Are you reading erased flash?
[    0.090780321,3]      Is something else using the flash controller?
[    0.090851891,3] FLASH: Can't open ffs handle
[    0.096069910,3] FFS: Reading the flash has returned all 0xFF.
[    0.096211907,3]      Are you reading erased flash?
[    0.096324705,3]      Is something else using the flash controller?
[    0.096467938,3] FLASH: Can't open ffs handle
[    0.101687598,3] FFS: Reading the flash has returned all 0xFF.
[    0.101828030,3]      Are you reading erased flash?
[    0.101942306,3]      Is something else using the flash controller?
[    0.102065626,3] FLASH: Can't open ffs handle
[    0.107284300,3] FFS: Reading the flash has returned all 0xFF.
[    0.107356338,3]      Are you reading erased flash?
[    0.107411826,3]      Is something else using the flash controller?
[    0.107481442,3] FLASH: Can't open ffs handle
[    0.112690381,3] FFS: Reading the flash has returned all 0xFF.
[    0.112757822,3]      Are you reading erased flash?
[    0.112812418,3]      Is something else using the flash controller?
[    0.112882988,3] FLASH: Can't open ffs handle
[    0.123986879,2] NVRAM: Failed to load
[    0.124048369,2] NVRAM: Failed to load
[    0.124113476,5] STB: secure boot not supported
[    0.124189191,5] STB: trusted boot not supported
[    0.124460079,4] FLASH: Can't load resource id:4. No system flash found
[    0.124709344,4] FLASH: Can't load resource id:3. No system flash found
[    0.124846063,2] NVRAM: Failed to load
[    0.125000735,7] LPC: Routing irq 4, policy: 0 (r=1)
[    0.125016483,7] LPC: SerIRQ 4 using route 1 targetted at OPAL
[    0.125401764,3] SLW: Failed to set HRMOR for CPU 0,RC=0x1
[    0.125610381,5] Unable to log error
[    0.125681516,3] Disabling deep stop states
[    0.125871086,2] NVRAM: Failed to load
[    0.126187597,3] OCC: Chip: 0: OCC not active
[    0.126246323,3] OCC: Initialization on all chips did not complete(timed out)
[    0.126341331,5] Unable to log error
[    0.126413615,2] NVRAM: Failed to load
[    0.126476357,2] NVRAM: Failed to load
[    0.126529126,2] NVRAM: Failed to load
[    0.126802763,4] FLASH: Can't load resource id:2. No system flash found
[    0.127048566,4] FLASH: Can't load resource id:0. No system flash found
[    0.127142497,4] FLASH: Can't load resource id:1. No system flash found
[    0.127313636,3] IMC: IMC Catalog load failed
[    0.127597148,2] NVRAM: Failed to load
[    0.127651057,2] NVRAM: Failed to load
[    0.127711029,2] NVRAM: Failed to load
[    0.128057159,5] PCI: Resetting PHBs and training links...
[    0.128177457,5] PCI: Probing slots...
[    0.128253850,5] PCI Summary:
[    0.128374025,4] FLASH: Failed to load VERSION data
[    0.345509538,2] NVRAM: Failed to load
[    0.346041330,5] INIT: Waiting for kernel...
[    0.346101682,5] INIT: platform wait for kernel load failed
[    0.346184830,5] INIT: Assuming kernel at 0x20000000
[    0.346304749,5] INIT: 64-bit LE kernel discovered
[    0.346563135,3] OCC: Chip 0 sensor data invalid
[    0.346839844,2] NVRAM: Failed to load
[    0.353182029,5] INIT: Starting kernel at 0x20010000, fdt at 0x30758170 15742 bytes


zImage starting: loaded at 0x0000000020010000 (sp: 0x0000000020a15da0)

Allocating 0x2b571d8 bytes for kernel...

Decompressing (0x0000000000000000 <- 0x0000000020023000:0x0000000020a14432)...

Done! Decompressed 0x29b0000 bytes


Linux/PowerPC load: 

Finalizing device tree... flat tree at 0x20a16ca0

[    0.000000][    T0] OF: reserved mem: 0x0000000030000000..0x00000000305fffff (6144 KiB) map non-reusable ibm,firmware-code@30000000
[    0.000000][    T0] OF: reserved mem: 0x0000000030600000..0x0000000030ffffff (10240 KiB) map non-reusable ibm,firmware-heap@30600000
[    0.000000][    T0] OF: reserved mem: 0x0000000031000000..0x0000000031c0ffff (12352 KiB) map non-reusable ibm,firmware-data@31000000
[    0.000000][    T0] OF: reserved mem: 0x0000000031c10000..0x0000000031c2ffff (128 KiB) map non-reusable ibm,firmware-stacks@31c10000
[    0.000000][    T0] OF: reserved mem: 0x0000000031c30000..0x000000003290ffff (13184 KiB) map non-reusable ibm,firmware-allocs-memory@31c30000
[    0.000000][    T0] OF: reserved mem: 0x0000203ffd800000..0x0000203ffdbfffff (4096 KiB) map non-reusable ibm,homer-image@203ffd800000
[    0.000000][    T0] OF: reserved mem: 0x0000203fff800000..0x0000203fffffffff (8192 KiB) map non-reusable ibm,occ-common-area@203fff800000
[    0.000000][    T0] dt-cpu-ftrs: setup for ISA 3000
[    0.000000][    T0] dt-cpu-ftrs: final cpu/mmu features = 0x0003c06b8f5fb187 0x3c007041
[    0.000000][    T0] Activating Kernel Userspace Access Prevention
[    0.000000][    T0] Activating Kernel Userspace Execution Prevention
[    0.000000][    T0] radix-mmu: Mapped 0x0000000000000000-0x0000000002660000 with 64.0 KiB pages (exec)
[    0.000000][    T0] radix-mmu: Mapped 0x0000000002660000-0x0000000080000000 with 64.0 KiB pages
[    0.000000][    T0] radix-mmu: Initializing Radix MMU
[    0.000000][    T0] Linux version 6.5.0-rc5-next-20230809-cbl-00030-g8150cbc757fd (nathan@dev-arch.m3-large-x86-01) (ClangBuiltLinux clang version 13.0.1 (https://github.com/llvm/llvm-project 75e33f71c2dae584b13a7d1186ae0a038ba98838), ClangBuiltLinux LLD 13.0.1 (https://github.com/llvm/llvm-project 75e33f71c2dae584b13a7d1186ae0a038ba98838)) #1 SMP Sat Aug 12 10:51:12 UTC 2023
[    0.000000][    T0] Found initrd at 0xc000000028000000:0xc000000028878600
[    0.000000][    T0] Hardware name: IBM PowerNV (emulated by qemu) POWER9 0x4e1200 opal:v7.0 PowerNV
[    0.000000][    T0] printk: bootconsole [udbg0] enabled
[    0.000000][    T0] CPU maps initialized for 1 thread per core
[    0.000000][    T0] -----------------------------------------------------
[    0.000000][    T0] phys_mem_size     = 0x80000000
[    0.000000][    T0] dcache_bsize      = 0x80
[    0.000000][    T0] icache_bsize      = 0x80
[    0.000000][    T0] cpu_features      = 0x0003c06b8f4fb187
[    0.000000][    T0]   possible        = 0x001ffbfbcf5fb187
[    0.000000][    T0]   always          = 0x0000000380008181
[    0.000000][    T0] cpu_user_features = 0xdc0065c2 0xaef00000
[    0.000000][    T0] mmu_features      = 0x3c007641
[    0.000000][    T0] firmware_features = 0x0000000110000000
[    0.000000][    T0] vmalloc start     = 0xc008000000000000
[    0.000000][    T0] IO start          = 0xc00a000000000000
[    0.000000][    T0] vmemmap start     = 0xc00c000000000000
[    0.000000][    T0] -----------------------------------------------------
[    0.000000][    T0] numa:   NODE_DATA [mem 0x7bf84880-0x7bf8bfff]
[    0.000000][    T0] kvm_cma_reserve: reserving 102 MiB for global area
[    0.000000][    T0] cma: Reserved 112 MiB at 0x0000000073000000 on node -1
[    0.000000][    T0] rfi-flush: fallback displacement flush available
[    0.000000][    T0] count-cache-flush: flush disabled.
[    0.000000][    T0] link-stack-flush: flush disabled.
[    0.000000][    T0] stf-barrier: eieio barrier available
[    0.000000][    T0] barrier-nospec: using ORI speculation barrier
[    0.000000][    T0] Zone ranges:
[    0.000000][    T0]   Normal   [mem 0x0000000000000000-0x000000007fffffff]
[    0.000000][    T0]   Device   empty
[    0.000000][    T0] Movable zone start for each node
[    0.000000][    T0] Early memory node ranges
[    0.000000][    T0]   node   0: [mem 0x0000000000000000-0x000000007fffffff]
[    0.000000][    T0] Initmem setup node 0 [mem 0x0000000000000000-0x000000007fffffff]
[    0.000000][    T0] percpu: Embedded 10 pages/cpu s599464 r0 d55896 u655360
[    0.000000][    T0] Kernel command line: 
[    0.000000][    T0] random: crng init done
[    0.000000][    T0] Dentry cache hash table entries: 262144 (order: 5, 2097152 bytes, linear)
[    0.000000][    T0] Inode-cache hash table entries: 131072 (order: 4, 1048576 bytes, linear)
[    0.000000][    T0] Fallback order for Node 0: 0 
[    0.000000][    T0] Built 1 zonelists, mobility grouping on.  Total pages: 32736
[    0.000000][    T0] Policy zone: Normal
[    0.000000][    T0] mem auto-init: stack:all(zero), heap alloc:off, heap free:off
[    0.000000][    T0] Memory: 1798208K/2097152K available (18624K kernel code, 3392K rwdata, 14144K rodata, 6528K init, 1692K bss, 184256K reserved, 114688K cma-reserved)
[    0.000000][    T0] SLUB: HWalign=128, Order=0-3, MinObjects=0, CPUs=1, Nodes=1
[    0.000000][    T0] ftrace: allocating 43799 entries in 17 pages
[    0.000000][    T0] ftrace: allocated 17 pages with 2 groups
[    0.000000][    T0] trace event string verifier disabled
[    0.000000][    T0] rcu: Hierarchical RCU implementation.
[    0.000000][    T0] rcu: 	RCU event tracing is enabled.
[    0.000000][    T0] rcu: 	RCU restricting CPUs from NR_CPUS=2048 to nr_cpu_ids=1.
[    0.000000][    T0] 	Rude variant of Tasks RCU enabled.
[    0.000000][    T0] 	Tracing variant of Tasks RCU enabled.
[    0.000000][    T0] rcu: RCU calculated value of scheduler-enlistment delay is 10 jiffies.
[    0.000000][    T0] rcu: Adjusting geometry for rcu_fanout_leaf=16, nr_cpu_ids=1
[    0.000000][    T0] NR_IRQS: 512, nr_irqs: 512, preallocated irqs: 16
[    0.000000][    T0] xive: Interrupt handling initialized with native backend
[    0.000000][    T0] xive: Using priority 7 for all interrupts
[    0.000000][    T0] xive: Using 64kB queues
[    0.000000][    T0] rcu: srcu_init: Setting srcu_struct sizes based on contention.
[    0.000074][    T0] time_init: 56 bit decrementer (max: 7fffffffffffff)
[    0.001219][    T0] clocksource: timebase: mask: 0xffffffffffffffff max_cycles: 0x761537d007, max_idle_ns: 440795202126 ns
[    0.002531][    T0] clocksource: timebase mult[1f40000] shift[24] registered
[    0.010359][    T0] Console: colour dummy device 80x25
[    0.011657][    T0] printk: console [hvc0] enabled
[    0.011657][    T0] printk: console [hvc0] enabled
[    0.012597][    T0] printk: bootconsole [udbg0] disabled
[    0.012597][    T0] printk: bootconsole [udbg0] disabled
[    0.020562][    T0] pid_max: default: 32768 minimum: 301
[    0.023877][    T0] LSM: initializing lsm=lockdown,capability,landlock,yama,selinux,bpf,integrity
[    0.025740][    T0] landlock: Up and running.
[    0.025898][    T0] Yama: becoming mindful.
[    0.026378][    T0] SELinux:  Initializing.
[    0.033120][    T0] LSM support for eBPF active
[    0.033855][    T0] stackdepot: allocating hash table of 131072 entries via kvcalloc
[    0.036055][    T0] Mount-cache hash table entries: 8192 (order: 0, 65536 bytes, linear)
[    0.036345][    T0] Mountpoint-cache hash table entries: 8192 (order: 0, 65536 bytes, linear)
[    0.085253][    T1] RCU Tasks Rude: Setting shift to 0 and lim to 1 rcu_task_cb_adjust=1.
[    0.085896][    T1] RCU Tasks Trace: Setting shift to 0 and lim to 1 rcu_task_cb_adjust=1.
[    0.087160][    T1] POWER9 performance monitor hardware support registered
[    0.088396][    T1] rcu: Hierarchical SRCU implementation.
[    0.088601][    T1] rcu: 	Max phase no-delay instances is 1000.
[    0.106807][    T1] smp: Bringing up secondary CPUs ...
[    0.107934][    T1] smp: Brought up 1 node, 1 CPU
[    0.108241][    T1] numa: Node 0 CPUs: 0
[    0.127550][    T1] devtmpfs: initialized
[    0.142948][    T1] clocksource: jiffies: mask: 0xffffffff max_cycles: 0xffffffff, max_idle_ns: 19112604462750000 ns
[    0.143583][    T1] futex hash table entries: 256 (order: -1, 32768 bytes, linear)
[    0.157761][    T1] NET: Registered PF_NETLINK/PF_ROUTE protocol family
[    0.162403][    T1] audit: initializing netlink subsys (disabled)
[    0.169840][   T21] audit: type=2000 audit(1691837486.150:1): state=initialized audit_enabled=0 res=1
[    0.170671][    T1] cpuidle: using governor menu
[    0.172082][    T1] Failed to initialize. Disabling HugeTLB
[    0.172632][    T1] nvram: No room to create lnx,oops-log partition, deleting any obsolete OS partitions...
[    0.173147][    T1] nvram: Failed to find or create lnx,oops-log partition, err -28
[    0.173398][    T1] nvram: Failed to initialize oops partition!
[    0.181052][    T1] EEH: PowerNV platform initialized
[    0.201264][    T1] cpuidle-powernv: Default stop: psscr = 0x0000000000000330,mask=0x00000000003003ff
[    0.201753][    T1] cpuidle-powernv: Deepest stop: psscr = 0x0000000000300331,mask=0x00000000003003ff
[    0.202016][    T1] cpuidle-powernv: First stop level that may lose SPRs = 0x10
[    0.202226][    T1] cpuidle-powernv: First stop level that may lose timebase = 0x10
[    0.205386][    T1] kprobes: kprobe jump-optimization is enabled. All kprobes are optimized if possible.
[    0.854275][    T1] iommu: Default domain type: Translated
[    0.854534][    T1] iommu: DMA domain TLB invalidation policy: strict mode
[    0.857385][    T1] SCSI subsystem initialized
[    0.859378][    T1] usbcore: registered new interface driver usbfs
[    0.859875][    T1] usbcore: registered new interface driver hub
[    0.860275][    T1] usbcore: registered new device driver usb
[    0.860973][    T1] pps_core: LinuxPPS API ver. 1 registered
[    0.861150][    T1] pps_core: Software ver. 5.3.6 - Copyright 2005-2007 Rodolfo Giometti <giometti@linux.it>
[    0.861504][    T1] PTP clock support registered
[    0.862248][    T1] EDAC MC: Ver: 3.0.0
[    0.875393][    T1] PCI: Probing PCI hardware
[    0.917100][    T1] vgaarb: loaded
[    0.919071][    T1] clocksource: Switched to clocksource timebase
[    0.925639][    T1] hugetlbfs: disabling because there are no supported hugepage sizes
[    0.963724][    T1] NET: Registered PF_INET protocol family
[    0.965776][    T1] IP idents hash table entries: 32768 (order: 2, 262144 bytes, linear)
[    0.984570][    T1] tcp_listen_portaddr_hash hash table entries: 4096 (order: 0, 65536 bytes, linear)
[    0.984945][    T1] Table-perturb hash table entries: 65536 (order: 2, 262144 bytes, linear)
[    0.985597][    T1] TCP established hash table entries: 16384 (order: 1, 131072 bytes, linear)
[    0.986161][    T1] TCP bind hash table entries: 16384 (order: 3, 524288 bytes, linear)
[    0.986820][    T1] TCP: Hash tables configured (established 16384 bind 16384)
[    0.988326][    T1] UDP hash table entries: 2048 (order: 0, 65536 bytes, linear)
[    0.996510][    T1] UDP-Lite hash table entries: 2048 (order: 0, 65536 bytes, linear)
[    0.998390][    T1] NET: Registered PF_UNIX/PF_LOCAL protocol family
[    1.001819][    T1] RPC: Registered named UNIX socket transport module.
[    1.002103][    T1] RPC: Registered udp transport module.
[    1.002292][    T1] RPC: Registered tcp transport module.
[    1.002455][    T1] RPC: Registered tcp-with-tls transport module.
[    1.002630][    T1] RPC: Registered tcp NFSv4.1 backchannel transport module.
[    1.003005][    T1] PCI: CLS 0 bytes, default 128
[    1.013311][    T1] Initialise system trusted keyrings
[    1.014880][    T1] Key type blacklist registered
[    1.021287][   T25] Trying to unpack rootfs image as initramfs...
[    1.030996][    T1] workingset: timestamp_bits=38 max_order=15 bucket_order=0
[    1.031560][    T1] zbud: loaded
[    1.050093][    T1] NFS: Registering the id_resolver key type
[    1.050567][    T1] Key type id_resolver registered
[    1.050730][    T1] Key type id_legacy registered
[    1.051775][    T1] SGI XFS with ACLs, security attributes, no debug enabled
[    1.059963][    T1] 9p: Installing v9fs 9p2000 file system support
[    1.065632][    T1] integrity: Platform Keyring initialized
[    1.065872][    T1] Key type asymmetric registered
[    1.066092][    T1] Asymmetric key parser 'x509' registered
[    1.066644][    T1] Block layer SCSI generic (bsg) driver version 0.4 loaded (major 247)
[    1.066989][    T1] io scheduler mq-deadline registered
[    1.067214][    T1] io scheduler kyber registered
[    1.149725][   T25] Freeing initrd memory: 8640K
[    1.193862][    T1] hvc0: raw protocol on /ibm,opal/consoles/serial@0 (boot console)
[    1.194242][    T1] hvc0: No interrupts property, using OPAL event
[    1.197472][    T1] Serial: 8250/16550 driver, 4 ports, IRQ sharing disabled
[    1.229258][    T1] brd: module loaded
[    1.240577][    T1] loop: module loaded
[    1.241305][    T1] ipr: IBM Power RAID SCSI Device Driver version: 2.6.4 (March 14, 2017)
[    1.245807][    T1] e100: Intel(R) PRO/100 Network Driver
[    1.245981][    T1] e100: Copyright(c) 1999-2006 Intel Corporation
[    1.246229][    T1] e1000: Intel(R) PRO/1000 Network Driver
[    1.246467][    T1] e1000: Copyright (c) 1999-2006 Intel Corporation.
[    1.246771][    T1] e1000e: Intel(R) PRO/1000 Network Driver
[    1.246944][    T1] e1000e: Copyright(c) 1999 - 2015 Intel Corporation.
[    1.489857][    T1] rtc-opal opal-rtc: registered as rtc0
[    1.699687][    T1] rtc-opal opal-rtc: setting system clock to 2023-08-12T10:51:28 UTC (1691837488)
[    1.700441][    T1] i2c_dev: i2c /dev entries driver
[    1.703123][    T1] device-mapper: core: CONFIG_IMA_DISABLE_HTABLE is disabled. Duplicate IMA measurements will not be recorded in the IMA log.
[    1.703580][    T1] device-mapper: uevent: version 1.0.3
[    1.704766][    T1] device-mapper: ioctl: 4.48.0-ioctl (2023-03-01) initialised: dm-devel@redhat.com
[    1.705157][    T1] powernv-cpufreq: ibm,pstate-min node not found
[    1.705367][    T1] powernv-cpufreq: Platform driver disabled. System does not support PState control
[    1.708802][    T1] usbcore: registered new interface driver usbhid
[    1.709006][    T1] usbhid: USB HID core driver
[    1.709790][    T1] ipip: IPv4 and MPLS over IPv4 tunneling driver
[    1.713408][    T1] NET: Registered PF_INET6 protocol family
[    1.721528][    T1] Segment Routing with IPv6
[    1.721850][    T1] In-situ OAM (IOAM) with IPv6
[    1.722585][    T1] sit: IPv6, IPv4 and MPLS over IPv4 tunneling driver
[    1.724815][    T1] NET: Registered PF_PACKET protocol family
[    1.726524][    T1] 9pnet: Installing 9P2000 support
[    1.726954][    T1] Key type dns_resolver registered
[    1.727662][    T1] secvar-sysfs: Failed to retrieve secvar operations
[    1.727911][    T1] drmem: No dynamic reconfiguration memory found
[    1.729629][    T1] Running code patching self-tests ...
[    1.752611][    T1] registered taskstats version 1
[    1.754167][    T1] Loading compiled-in X.509 certificates
[    1.765234][   T49] cryptomgr_probe (49) used greatest stack depth: 15232 bytes left
[    1.775480][    T1] Loaded X.509 cert 'Build time autogenerated kernel key: 54e10dbde6a79a82482e658387cf8e50de306d58'
[    1.798568][    T1] page_owner is disabled
[    1.800756][    T1] Secure boot mode disabled
[    1.801450][    T1] ima: No TPM chip found, activating TPM-bypass!
[    1.801689][    T1] Loading compiled-in module X.509 certificates
[    1.803947][    T1] Loaded X.509 cert 'Build time autogenerated kernel key: 54e10dbde6a79a82482e658387cf8e50de306d58'
[    1.804323][    T1] ima: Allocated hash algorithm: sha256
[    1.807814][    T1] Secure boot mode disabled
[    1.808141][    T1] Trusted boot mode disabled
[    1.808334][    T1] ima: No architecture policies found
[    1.810631][    T1] printk: console [netcon0] enabled
[    1.810882][    T1] netconsole: network logging started
[    1.912037][    T1] Freeing unused kernel image (initmem) memory: 6528K
[    1.921656][    T1] Checked W+X mappings: passed, no W+X pages found
[    1.922598][    T1] rodata_test: all tests were successful
[    1.922967][    T1] Run /init as init process
[    2.159521][   T51] mount (51) used greatest stack depth: 11696 bytes left
Starting syslogd: OK
Starting klogd: OK
Running sysctl: OK
Saving 256 bits of creditable seed for next boot
Starting network: [    3.940871][   T87] ip (87) used greatest stack depth: 10528 bytes left
OK
Linux version 6.5.0-rc5-next-20230809-cbl-00030-g8150cbc757fd (nathan@dev-arch.m3-large-x86-01) (ClangBuiltLinux clang version 13.0.1 (https://github.com/llvm/llvm-project 75e33f71c2dae584b13a7d1186ae0a038ba98838), ClangBuiltLinux LLD 13.0.1 (https://github.com/llvm/llvm-project 75e33f71c2dae584b13a7d1186ae0a038ba98838)) #1 SMP Sat Aug 12 10:51:12 UTC 2023
Stopping network: OK
Seeding 256 bits and crediting
Saving 256 bits of creditable seed for next boot
Stopping klogd: OK
Stopping syslogd: OK
umount: devtmpfs busy - remounted read-only
umount: can't unmount /: Invalid argument

The system is going down NOW!

Sent SIGTERM to all processes

Sent SIGKILL to all processes

Requesting system poweroff
[    7.261711][  T114] reboot: Power down
[   10.084173319,5] OPAL: Shutdown request type 0x0...
$ timeout --foreground 3m stdbuf -eL -oL /usr/sbin/qemu-system-ppc64 -display none -nodefaults -device ipmi-bmc-sim,id=bmc0 -device isa-ipmi-bt,bmc=bmc0,irq=10 -machine powernv -kernel /home/nathan/tmp/build/cbl_lkt/linux-next/powerpc/arch/powerpc/boot/zImage.epapr -initrd /home/nathan/cbl/llvm-kernel-testing/src/boot-utils/images/ppc64le/rootfs.cpio -m 2G -serial mon:stdio
