/home/nathan/cbl/src/linux-next/drivers/block/rbd.c:6149:17: warning: result of comparison of constant 2305843009213693948 with expression of type 'u32' (aka 'unsigned int') is always false [-Wtautological-constant-out-of-range-compare]
        if (snap_count > (SIZE_MAX - sizeof (struct ceph_snap_context))
            ~~~~~~~~~~ ^ ~~~~~~~~~~~~~~~~~~~~~~~~~~~~~~~~~~~~~~~~~~~~~~
1 warning generated.
/home/nathan/cbl/src/linux-next/net/ceph/osdmap.c:1441:10: warning: result of comparison of constant 4611686018427387891 with expression of type 'u32' (aka 'unsigned int') is always false [-Wtautological-constant-out-of-range-compare]
        if (len > (SIZE_MAX - sizeof(*pg)) / sizeof(u32))
            ~~~ ^ ~~~~~~~~~~~~~~~~~~~~~~~~~~~~~~~~~~~~~~
/home/nathan/cbl/src/linux-next/net/ceph/osdmap.c:1624:10: warning: result of comparison of constant 2305843009213693945 with expression of type 'u32' (aka 'unsigned int') is always false [-Wtautological-constant-out-of-range-compare]
        if (len > (SIZE_MAX - sizeof(*pg)) / (2 * sizeof(u32)))
            ~~~ ^ ~~~~~~~~~~~~~~~~~~~~~~~~~~~~~~~~~~~~~~~~~~~~
2 warnings generated.
/home/nathan/cbl/src/linux-next/drivers/net/wireless/ath/ath9k/main.c:1566:21: warning: parameter 'changed_flags' set but not used [-Wunused-but-set-parameter]
                                   unsigned int changed_flags,
                                                ^
1 warning generated.
/home/nathan/cbl/src/linux-next/drivers/net/wireless/ath/ath5k/mac80211-ops.c:367:62: warning: parameter 'changed_flags' set but not used [-Wunused-but-set-parameter]
ath5k_configure_filter(struct ieee80211_hw *hw, unsigned int changed_flags,
                                                             ^
1 warning generated.
/home/nathan/cbl/src/linux-next/drivers/md/dm-integrity.c:4159:12: warning: result of comparison of constant 17179869180 with expression of type 'unsigned int' is always false [-Wtautological-constant-out-of-range-compare]
                        if (val >= (uint64_t)UINT_MAX * 1000 / HZ) {
                            ~~~ ^  ~~~~~~~~~~~~~~~~~~~~~~~~~~~~~~
/home/nathan/cbl/src/linux-next/drivers/net/wireless/ath/ath9k/htc_drv_main.c:1258:25: warning: parameter 'changed_flags' set but not used [-Wunused-but-set-parameter]
                                       unsigned int changed_flags,
                                                    ^
1 warning generated.
1 warning generated.
/home/nathan/cbl/src/linux-next/drivers/scsi/ibmvscsi_tgt/ibmvscsi_tgt.c:1630:32: warning: result of comparison of constant 65536 with expression of type 'u16' (aka 'unsigned short') is always false [-Wtautological-constant-out-of-range-compare]
        if ((olen < min_len) || (olen > PAGE_SIZE)) {
                                 ~~~~ ^ ~~~~~~~~~
1 warning generated.
/home/nathan/cbl/src/linux-next/drivers/net/ethernet/qlogic/qed/qed_vf.c:63:67: warning: parameter 'resp_size' set but not used [-Wunused-but-set-parameter]
static int qed_send_msg2pf(struct qed_hwfn *p_hwfn, u8 *done, u32 resp_size)
                                                                  ^
1 warning generated.
/home/nathan/cbl/src/linux-next/drivers/net/ethernet/mellanox/mlx5/core/en/xsk/setup.c:32:22: warning: result of comparison of constant 65536 with expression of type 'u16' (aka 'unsigned short') is always false [-Wtautological-constant-out-of-range-compare]
        if (xsk->chunk_size > PAGE_SIZE || xsk->chunk_size < MLX5E_MIN_XSK_CHUNK_SIZE) {
            ~~~~~~~~~~~~~~~ ^ ~~~~~~~~~
1 warning generated.
/home/nathan/cbl/src/linux-next/fs/nilfs2/ioctl.c:63:19: warning: result of comparison of constant 65536 with expression of type '__u16' (aka 'unsigned short') is always false [-Wtautological-constant-out-of-range-compare]
        if (argv->v_size > PAGE_SIZE)
            ~~~~~~~~~~~~ ^ ~~~~~~~~~
1 warning generated.
/home/nathan/cbl/src/linux-next/drivers/infiniband/core/uverbs_ioctl.c:90:39: warning: result of comparison of constant 65536 with expression of type 'u16' (aka 'unsigned short') is always false [-Wtautological-constant-out-of-range-compare]
        WARN_ON_ONCE(method_elm->bundle_size > PAGE_SIZE);
        ~~~~~~~~~~~~~~~~~~~~~~~~~~~~~~~~~~~~~^~~~~~~~~~~~
/home/nathan/cbl/src/linux-next/include/asm-generic/bug.h:111:25: note: expanded from macro 'WARN_ON_ONCE'
        int __ret_warn_on = !!(condition);                      \
                               ^~~~~~~~~
/home/nathan/cbl/src/linux-next/drivers/infiniband/core/uverbs_ioctl.c:629:17: warning: result of comparison of constant 65536 with expression of type '__u16' (aka 'unsigned short') is always false [-Wtautological-constant-out-of-range-compare]
        if (hdr.length > PAGE_SIZE ||
            ~~~~~~~~~~ ^ ~~~~~~~~~
2 warnings generated.
/home/nathan/cbl/src/linux-next/fs/ceph/snap.c:372:10: warning: result of comparison of constant 2305843009213693948 with expression of type 'u32' (aka 'unsigned int') is always false [-Wtautological-constant-out-of-range-compare]
        if (num > (SIZE_MAX - sizeof(*snapc)) / sizeof(u64))
            ~~~ ^ ~~~~~~~~~~~~~~~~~~~~~~~~~~~~~~~~~~~~~~~~~
1 warning generated.

[01;32mQEMU location: [0m/usr/sbin[0m

[01;32mQEMU version: [0mQEMU emulator version 8.0.3[0m
[    0.014687827,5] OPAL v7.0 starting...
[    0.015257616,7] initial console log level: memory 7, driver 5
[    0.015304820,6] CPU: P9 generation processor (max 4 threads/core)
[    0.015329658,7] CPU: Boot CPU PIR is 0x0000 PVR is 0x004e1200
[    0.015448438,7] OPAL table: 0x3018a660 .. 0x3018ac20, branch table: 0x30120000
[    0.015615545,7] Assigning physical memory map table for nimbus
[    0.015970334,7] FDT: Parsing fdt @0x1000000
[    0.018234313,5] CHIP: Detected QEMU simulator
[    0.018422591,6] CHIP: Initialised chip 0 from xscom@603fc00000000
[    0.018763217,6] P9 DD2.00 detected
[    0.018780253,5] CHIP: Chip ID 0000 type: P9N DD2.00
[    0.018791118,7] XSCOM: Base address: 0x603fc00000000
[    0.018811504,7] XSTOP: ibm,sw-checkstop-fir prop not found
[    0.018887732,6] MFSI 0:0: Initialized
[    0.018898268,6] MFSI 0:2: Initialized
[    0.018907558,6] MFSI 0:1: Initialized
[    0.019475977,6] LPC: LPC[000]: Initialized
[    0.019484528,7] LPC: access via MMIO @0x6030000000000
[    0.019510941,7] LPC: Default bus on chip 0x0
[    0.019592448,7] CPU: New max PIR set to 0x3
[    0.020089948,7] MEM: parsing reserved memory from reserved-names/-ranges properties
[    0.020179201,7] HOMER: Init chip 0
[    0.020211954,7]   PBA BAR0 : 0x0000203ffd800000
[    0.020219679,7]   PBA MASK0: 0x0000000000300000
[    0.020249560,7]   HOMER Image at 0x203ffd800000 size 4MB
[    0.020293650,4] HOMER image is not reserved! Reserving
[    0.020347569,7]   PBA BAR2 : 0x0000203fff800000
[    0.020353012,7]   PBA MASK2: 0x0000000000700000
[    0.020368283,7]   OCC Common Area at 0x203fff800000 size 8MB
[    0.020398231,4] OCC common area is not reserved! Reserving
[    0.020465267,7] CPU: decrementer bits 56
[    0.020545917,6] CPU: CPU from DT PIR=0x0000 Server#=0x0 State=4
[    0.020643284,6] CPU:  1 secondary threads
[    0.021920477,5] PLAT: Using SuperIO UART
[    0.022194196,7] UART: Using LPC IRQ 4
[    0.024748083,5] PLAT: Detected QEMU POWER9 platform
[    0.024830077,5] PLAT: Detected BMC platform ast2500:openbmc
[    0.040040038,5] CPU: All 1 processors called in...
[    0.041075465,7] LPC: Routing irq 10, policy: 0 (r=1)
[    0.041147846,7] LPC: SerIRQ 10 using route 0 targetted at OPAL
[    0.062832457,5] HIOMAP: Negotiated hiomap protocol v2
[    0.062904935,5] HIOMAP: Block size is 4KiB
[    0.062960450,5] HIOMAP: BMC suggested flash timeout of 0s
[    0.063030676,5] HIOMAP: Flash size is 128MiB
[    0.063086349,5] HIOMAP: Erase granule size is 4KiB
[    0.079380819,3] FFS: Reading the flash has returned all 0xFF.
[    0.079452954,3]      Are you reading erased flash?
[    0.079509853,3]      Is something else using the flash controller?
[    0.079595058,4] FLASH: No ffs info; using raw device only
[    0.084947804,3] FFS: Reading the flash has returned all 0xFF.
[    0.085088585,3]      Are you reading erased flash?
[    0.085145854,3]      Is something else using the flash controller?
[    0.085220179,3] FLASH: Can't open ffs handle
[    0.090436192,3] FFS: Reading the flash has returned all 0xFF.
[    0.090504910,3]      Are you reading erased flash?
[    0.090559572,3]      Is something else using the flash controller?
[    0.090627865,3] FLASH: Can't open ffs handle
[    0.095836439,3] FFS: Reading the flash has returned all 0xFF.
[    0.095905491,3]      Are you reading erased flash?
[    0.095960918,3]      Is something else using the flash controller?
[    0.096033222,3] FLASH: Can't open ffs handle
[    0.101253082,3] FFS: Reading the flash has returned all 0xFF.
[    0.101318861,3]      Are you reading erased flash?
[    0.101373206,3]      Is something else using the flash controller?
[    0.101442011,3] FLASH: Can't open ffs handle
[    0.106656300,3] FFS: Reading the flash has returned all 0xFF.
[    0.106724048,3]      Are you reading erased flash?
[    0.106780342,3]      Is something else using the flash controller?
[    0.106864963,3] FLASH: Can't open ffs handle
[    0.112115119,3] FFS: Reading the flash has returned all 0xFF.
[    0.112180960,3]      Are you reading erased flash?
[    0.112234858,3]      Is something else using the flash controller?
[    0.112303971,3] FLASH: Can't open ffs handle
[    0.123694733,2] NVRAM: Failed to load
[    0.123824470,2] NVRAM: Failed to load
[    0.123904976,5] STB: secure boot not supported
[    0.123979424,5] STB: trusted boot not supported
[    0.124244736,4] FLASH: Can't load resource id:4. No system flash found
[    0.124488938,4] FLASH: Can't load resource id:3. No system flash found
[    0.124620234,2] NVRAM: Failed to load
[    0.124785243,7] LPC: Routing irq 4, policy: 0 (r=1)
[    0.124804187,7] LPC: SerIRQ 4 using route 1 targetted at OPAL
[    0.125174110,3] SLW: Failed to set HRMOR for CPU 0,RC=0x1
[    0.125404400,5] Unable to log error
[    0.125474539,3] Disabling deep stop states
[    0.125659062,2] NVRAM: Failed to load
[    0.125978415,3] OCC: Chip: 0: OCC not active
[    0.126036397,3] OCC: Initialization on all chips did not complete(timed out)
[    0.126127650,5] Unable to log error
[    0.126199385,2] NVRAM: Failed to load
[    0.126262393,2] NVRAM: Failed to load
[    0.126327870,2] NVRAM: Failed to load
[    0.126583347,4] FLASH: Can't load resource id:2. No system flash found
[    0.126831305,4] FLASH: Can't load resource id:0. No system flash found
[    0.126946914,4] FLASH: Can't load resource id:1. No system flash found
[    0.127117125,3] IMC: IMC Catalog load failed
[    0.127404381,2] NVRAM: Failed to load
[    0.127457992,2] NVRAM: Failed to load
[    0.127508695,2] NVRAM: Failed to load
[    0.127836379,5] PCI: Resetting PHBs and training links...
[    0.127978770,5] PCI: Probing slots...
[    0.128039676,5] PCI Summary:
[    0.128141199,4] FLASH: Failed to load VERSION data
[    0.345650980,2] NVRAM: Failed to load
[    0.346199162,5] INIT: Waiting for kernel...
[    0.346258877,5] INIT: platform wait for kernel load failed
[    0.346342600,5] INIT: Assuming kernel at 0x20000000
[    0.346450515,5] INIT: 64-bit LE kernel discovered
[    0.346706921,3] OCC: Chip 0 sensor data invalid
[    0.346991694,2] NVRAM: Failed to load
[    0.353483094,5] INIT: Starting kernel at 0x20010000, fdt at 0x30758170 15742 bytes


zImage starting: loaded at 0x0000000020010000 (sp: 0x00000000206f2da0)

Allocating 0x2903c50 bytes for kernel...

Decompressing (0x0000000000000000 <- 0x0000000020022000:0x00000000206f15cc)...

Done! Decompressed 0x27a0000 bytes


Linux/PowerPC load: 

Finalizing device tree... flat tree at 0x206f40a0

[    0.000000] OF: reserved mem: 0x0000000030000000..0x00000000305fffff (6144 KiB) map non-reusable ibm,firmware-code@30000000
[    0.000000] OF: reserved mem: 0x0000000030600000..0x0000000030ffffff (10240 KiB) map non-reusable ibm,firmware-heap@30600000
[    0.000000] OF: reserved mem: 0x0000000031000000..0x0000000031c0ffff (12352 KiB) map non-reusable ibm,firmware-data@31000000
[    0.000000] OF: reserved mem: 0x0000000031c10000..0x0000000031c2ffff (128 KiB) map non-reusable ibm,firmware-stacks@31c10000
[    0.000000] OF: reserved mem: 0x0000000031c30000..0x000000003290ffff (13184 KiB) map non-reusable ibm,firmware-allocs-memory@31c30000
[    0.000000] OF: reserved mem: 0x0000203ffd800000..0x0000203ffdbfffff (4096 KiB) map non-reusable ibm,homer-image@203ffd800000
[    0.000000] OF: reserved mem: 0x0000203fff800000..0x0000203fffffffff (8192 KiB) map non-reusable ibm,occ-common-area@203fff800000
[    0.000000] dt-cpu-ftrs: setup for ISA 3000
[    0.000000] dt-cpu-ftrs: final cpu/mmu features = 0x0003c06b8f5fb187 0x3c007041
[    0.000000] Activating Kernel Userspace Access Prevention
[    0.000000] Activating Kernel Userspace Execution Prevention
[    0.000000] radix-mmu: Mapped 0x0000000000000000-0x0000000002560000 with 64.0 KiB pages (exec)
[    0.000000] radix-mmu: Mapped 0x0000000002560000-0x0000000080000000 with 64.0 KiB pages
[    0.000000] radix-mmu: Initializing Radix MMU
[    0.000000] Linux version 6.5.0-rc5-next-20230809-cbl (nathan@dev-arch.m3-large-x86-01) (ClangBuiltLinux clang version 13.0.1 (https://github.com/llvm/llvm-project 75e33f71c2dae584b13a7d1186ae0a038ba98838), ClangBuiltLinux LLD 13.0.1 (https://github.com/llvm/llvm-project 75e33f71c2dae584b13a7d1186ae0a038ba98838)) #1 SMP Sat Aug 12 11:07:08 UTC 2023
[    0.000000] Found initrd at 0xc000000028000000:0xc000000028878600
[    0.000000] Hardware name: IBM PowerNV (emulated by qemu) POWER9 0x4e1200 opal:v7.0 PowerNV
[    0.000000] printk: bootconsole [udbg0] enabled
[    0.000000] CPU maps initialized for 1 thread per core
[    0.000000] -----------------------------------------------------
[    0.000000] phys_mem_size     = 0x80000000
[    0.000000] dcache_bsize      = 0x80
[    0.000000] icache_bsize      = 0x80
[    0.000000] cpu_features      = 0x0003c06b8f4fb187
[    0.000000]   possible        = 0x001ffbebcf5fb187
[    0.000000]   always          = 0x0000000380008181
[    0.000000] cpu_user_features = 0xdc0065c2 0xaef00000
[    0.000000] mmu_features      = 0x3c007641
[    0.000000] firmware_features = 0x0000000110000000
[    0.000000] vmalloc start     = 0xc008000000000000
[    0.000000] IO start          = 0xc00a000000000000
[    0.000000] vmemmap start     = 0xc00c000000000000
[    0.000000] -----------------------------------------------------
[    0.000000] numa:   NODE_DATA [mem 0x7bf86a00-0x7bf8bfff]
[    0.000000] kvm_cma_reserve: reserving 102 MiB for global area
[    0.000000] cma: Reserved 112 MiB at 0x0000000073000000 on node -1
[    0.000000] rfi-flush: fallback displacement flush available
[    0.000000] count-cache-flush: flush disabled.
[    0.000000] link-stack-flush: flush disabled.
[    0.000000] stf-barrier: eieio barrier available
[    0.000000] barrier-nospec: using ORI speculation barrier
[    0.000000] Zone ranges:
[    0.000000]   Normal   [mem 0x0000000000000000-0x000000007fffffff]
[    0.000000] Movable zone start for each node
[    0.000000] Early memory node ranges
[    0.000000]   node   0: [mem 0x0000000000000000-0x000000007fffffff]
[    0.000000] Initmem setup node 0 [mem 0x0000000000000000-0x000000007fffffff]
[    0.000000] percpu: Embedded 10 pages/cpu s601256 r0 d54104 u655360
[    0.000000] Kernel command line: console=ttyS0,9600 console=tty0
[    0.000000] random: crng init done
[    0.000000] Dentry cache hash table entries: 262144 (order: 5, 2097152 bytes, linear)
[    0.000000] Inode-cache hash table entries: 131072 (order: 4, 1048576 bytes, linear)
[    0.000000] Fallback order for Node 0: 0 
[    0.000000] Built 1 zonelists, mobility grouping on.  Total pages: 32736
[    0.000000] Policy zone: Normal
[    0.000000] mem auto-init: stack:all(zero), heap alloc:on, heap free:off
[    0.000000] Memory: 0K/2097152K available (15360K kernel code, 2304K rwdata, 17408K rodata, 5504K init, 1423K bss, 181888K reserved, 114688K cma-reserved)
[    0.000000] SLUB: HWalign=128, Order=0-3, MinObjects=0, CPUs=1, Nodes=1
[    0.000000] ftrace: allocating 35037 entries in 13 pages
[    0.000000] ftrace: allocated 13 pages with 3 groups
[    0.000000] trace event string verifier disabled
[    0.000000] rcu: Hierarchical RCU implementation.
[    0.000000] rcu: 	RCU restricting CPUs from NR_CPUS=2048 to nr_cpu_ids=1.
[    0.000000] 	Rude variant of Tasks RCU enabled.
[    0.000000] 	Tracing variant of Tasks RCU enabled.
[    0.000000] rcu: RCU calculated value of scheduler-enlistment delay is 25 jiffies.
[    0.000000] rcu: Adjusting geometry for rcu_fanout_leaf=16, nr_cpu_ids=1
[    0.000000] NR_IRQS: 512, nr_irqs: 512, preallocated irqs: 16
[    0.000000] xive: Interrupt handling initialized with native backend
[    0.000000] xive: Using priority 7 for all interrupts
[    0.000000] xive: Using 64kB queues
[    0.000000] rcu: srcu_init: Setting srcu_struct sizes based on contention.
[    0.000070] time_init: 56 bit decrementer (max: 7fffffffffffff)
[    0.001181] clocksource: timebase: mask: 0xffffffffffffffff max_cycles: 0x761537d007, max_idle_ns: 440795202126 ns
[    0.002455] clocksource: timebase mult[1f40000] shift[24] registered
[    0.014936] Console: colour dummy device 80x25
[    0.016341] printk: console [tty0] enabled
[    0.017299] printk: bootconsole [udbg0] disabled
[    0.000000] OF: reserved mem: 0x0000000030000000..0x00000000305fffff (6144 KiB) map non-reusable ibm,firmware-code@30000000
[    0.000000] OF: reserved mem: 0x0000000030600000..0x0000000030ffffff (10240 KiB) map non-reusable ibm,firmware-heap@30600000
[    0.000000] OF: reserved mem: 0x0000000031000000..0x0000000031c0ffff (12352 KiB) map non-reusable ibm,firmware-data@31000000
[    0.000000] OF: reserved mem: 0x0000000031c10000..0x0000000031c2ffff (128 KiB) map non-reusable ibm,firmware-stacks@31c10000
[    0.000000] OF: reserved mem: 0x0000000031c30000..0x000000003290ffff (13184 KiB) map non-reusable ibm,firmware-allocs-memory@31c30000
[    0.000000] OF: reserved mem: 0x0000203ffd800000..0x0000203ffdbfffff (4096 KiB) map non-reusable ibm,homer-image@203ffd800000
[    0.000000] OF: reserved mem: 0x0000203fff800000..0x0000203fffffffff (8192 KiB) map non-reusable ibm,occ-common-area@203fff800000
[    0.000000] dt-cpu-ftrs: setup for ISA 3000
[    0.000000] dt-cpu-ftrs: final cpu/mmu features = 0x0003c06b8f5fb187 0x3c007041
[    0.000000] Activating Kernel Userspace Access Prevention
[    0.000000] Activating Kernel Userspace Execution Prevention
[    0.000000] radix-mmu: Mapped 0x0000000000000000-0x0000000002560000 with 64.0 KiB pages (exec)
[    0.000000] radix-mmu: Mapped 0x0000000002560000-0x0000000080000000 with 64.0 KiB pages
[    0.000000] radix-mmu: Initializing Radix MMU
[    0.000000] Linux version 6.5.0-rc5-next-20230809-cbl (nathan@dev-arch.m3-large-x86-01) (ClangBuiltLinux clang version 13.0.1 (https://github.com/llvm/llvm-project 75e33f71c2dae584b13a7d1186ae0a038ba98838), ClangBuiltLinux LLD 13.0.1 (https://github.com/llvm/llvm-project 75e33f71c2dae584b13a7d1186ae0a038ba98838)) #1 SMP Sat Aug 12 11:07:08 UTC 2023
[    0.000000] Found initrd at 0xc000000028000000:0xc000000028878600
[    0.000000] Hardware name: IBM PowerNV (emulated by qemu) POWER9 0x4e1200 opal:v7.0 PowerNV
[    0.000000] printk: bootconsole [udbg0] enabled
[    0.000000] CPU maps initialized for 1 thread per core
[    0.000000] -----------------------------------------------------
[    0.000000] phys_mem_size     = 0x80000000
[    0.000000] dcache_bsize      = 0x80
[    0.000000] icache_bsize      = 0x80
[    0.000000] cpu_features      = 0x0003c06b8f4fb187
[    0.000000]   possible        = 0x001ffbebcf5fb187
[    0.000000]   always          = 0x0000000380008181
[    0.000000] cpu_user_features = 0xdc0065c2 0xaef00000
[    0.000000] mmu_features      = 0x3c007641
[    0.000000] firmware_features = 0x0000000110000000
[    0.000000] vmalloc start     = 0xc008000000000000
[    0.000000] IO start          = 0xc00a000000000000
[    0.000000] vmemmap start     = 0xc00c000000000000
[    0.000000] -----------------------------------------------------
[    0.000000] numa:   NODE_DATA [mem 0x7bf86a00-0x7bf8bfff]
[    0.000000] kvm_cma_reserve: reserving 102 MiB for global area
[    0.000000] cma: Reserved 112 MiB at 0x0000000073000000 on node -1
[    0.000000] rfi-flush: fallback displacement flush available
[    0.000000] count-cache-flush: flush disabled.
[    0.000000] link-stack-flush: flush disabled.
[    0.000000] stf-barrier: eieio barrier available
[    0.000000] barrier-nospec: using ORI speculation barrier
[    0.000000] Zone ranges:
[    0.000000]   Normal   [mem 0x0000000000000000-0x000000007fffffff]
[    0.000000] Movable zone start for each node
[    0.000000] Early memory node ranges
[    0.000000]   node   0: [mem 0x0000000000000000-0x000000007fffffff]
[    0.000000] Initmem setup node 0 [mem 0x0000000000000000-0x000000007fffffff]
[    0.000000] percpu: Embedded 10 pages/cpu s601256 r0 d54104 u655360
[    0.000000] Kernel command line: console=ttyS0,9600 console=tty0
[    0.000000] random: crng init done
[    0.000000] Dentry cache hash table entries: 262144 (order: 5, 2097152 bytes, linear)
[    0.000000] Inode-cache hash table entries: 131072 (order: 4, 1048576 bytes, linear)
[    0.000000] Fallback order for Node 0: 0 
[    0.000000] Built 1 zonelists, mobility grouping on.  Total pages: 32736
[    0.000000] Policy zone: Normal
[    0.000000] mem auto-init: stack:all(zero), heap alloc:on, heap free:off
[    0.000000] Memory: 0K/2097152K available (15360K kernel code, 2304K rwdata, 17408K rodata, 5504K init, 1423K bss, 181888K reserved, 114688K cma-reserved)
[    0.000000] SLUB: HWalign=128, Order=0-3, MinObjects=0, CPUs=1, Nodes=1
[    0.000000] ftrace: allocating 35037 entries in 13 pages
[    0.000000] ftrace: allocated 13 pages with 3 groups
[    0.000000] trace event string verifier disabled
[    0.000000] rcu: Hierarchical RCU implementation.
[    0.000000] rcu: 	RCU restricting CPUs from NR_CPUS=2048 to nr_cpu_ids=1.
[    0.000000] 	Rude variant of Tasks RCU enabled.
[    0.000000] 	Tracing variant of Tasks RCU enabled.
[    0.000000] rcu: RCU calculated value of scheduler-enlistment delay is 25 jiffies.
[    0.000000] rcu: Adjusting geometry for rcu_fanout_leaf=16, nr_cpu_ids=1
[    0.000000] NR_IRQS: 512, nr_irqs: 512, preallocated irqs: 16
[    0.000000] xive: Interrupt handling initialized with native backend
[    0.000000] xive: Using priority 7 for all interrupts
[    0.000000] xive: Using 64kB queues
[    0.000000] rcu: srcu_init: Setting srcu_struct sizes based on contention.
[    0.000070] time_init: 56 bit decrementer (max: 7fffffffffffff)
[    0.001181] clocksource: timebase: mask: 0xffffffffffffffff max_cycles: 0x761537d007, max_idle_ns: 440795202126 ns
[    0.002455] clocksource: timebase mult[1f40000] shift[24] registered
[    0.014936] Console: colour dummy device 80x25
[    0.016341] printk: console [tty0] enabled
[    0.017299] printk: bootconsole [udbg0] disabled
[    0.018379] printk: console [hvc0] enabled
[    0.035280] pid_max: default: 32768 minimum: 301
[    0.043291] LSM: initializing lsm=capability,landlock,yama,apparmor,tomoyo,bpf,integrity
[    0.044627] landlock: Up and running.
[    0.044822] Yama: becoming mindful.
[    0.047642] AppArmor: AppArmor initialized
[    0.047861] TOMOYO Linux initialized
[    0.048666] LSM support for eBPF active
[    0.050551] Mount-cache hash table entries: 8192 (order: 0, 65536 bytes, linear)
[    0.050885] Mountpoint-cache hash table entries: 8192 (order: 0, 65536 bytes, linear)
[    0.098840] RCU Tasks Rude: Setting shift to 0 and lim to 1 rcu_task_cb_adjust=1.
[    0.099431] RCU Tasks Trace: Setting shift to 0 and lim to 1 rcu_task_cb_adjust=1.
[    0.100739] POWER9 performance monitor hardware support registered
[    0.102030] rcu: Hierarchical SRCU implementation.
[    0.102237] rcu: 	Max phase no-delay instances is 1000.
[    0.122322] smp: Bringing up secondary CPUs ...
[    0.123582] smp: Brought up 1 node, 1 CPU
[    0.123884] numa: Node 0 CPUs: 0
[    0.136804] node 0 deferred pages initialised in 8ms
[    0.153949] devtmpfs: initialized
[    0.169166] clocksource: jiffies: mask: 0xffffffff max_cycles: 0xffffffff, max_idle_ns: 7645041785100000 ns
[    0.169630] futex hash table entries: 256 (order: -1, 32768 bytes, linear)
[    0.183852] NET: Registered PF_NETLINK/PF_ROUTE protocol family
[    0.188617] audit: initializing netlink subsys (disabled)
[    0.193002] audit: type=2000 audit(1691838480.172:1): state=initialized audit_enabled=0 res=1
[    0.195558] thermal_sys: Registered thermal governor 'fair_share'
[    0.195602] thermal_sys: Registered thermal governor 'bang_bang'
[    0.195812] thermal_sys: Registered thermal governor 'step_wise'
[    0.195984] thermal_sys: Registered thermal governor 'user_space'
[    0.196163] thermal_sys: Registered thermal governor 'power_allocator'
[    0.196832] cpuidle: using governor ladder
[    0.197283] cpuidle: using governor menu
[    0.198587] Failed to initialize. Disabling HugeTLB
[    0.199151] nvram: No room to create lnx,oops-log partition, deleting any obsolete OS partitions...
[    0.199624] nvram: Failed to find or create lnx,oops-log partition, err -28
[    0.199848] nvram: Failed to initialize oops partition!
[    0.207289] EEH: PowerNV platform initialized
[    0.229169] cpuidle-powernv: Default stop: psscr = 0x0000000000000330,mask=0x00000000003003ff
[    0.229760] cpuidle-powernv: Deepest stop: psscr = 0x0000000000300331,mask=0x00000000003003ff
[    0.230002] cpuidle-powernv: First stop level that may lose SPRs = 0x10
[    0.230185] cpuidle-powernv: First stop level that may lose timebase = 0x10
[    0.233260] kprobes: kprobe jump-optimization is enabled. All kprobes are optimized if possible.
[    0.275385] iommu: Default domain type: Translated
[    0.275637] iommu: DMA domain TLB invalidation policy: strict mode
[    0.277646] SCSI subsystem initialized
[    0.279064] pps_core: LinuxPPS API ver. 1 registered
[    0.279243] pps_core: Software ver. 5.3.6 - Copyright 2005-2007 Rodolfo Giometti <giometti@linux.it>
[    0.279599] PTP clock support registered
[    0.291954] NetLabel: Initializing
[    0.292107] NetLabel:  domain hash size = 128
[    0.292293] NetLabel:  protocols = UNLABELED CIPSOv4 CALIPSO
[    0.293594] NetLabel:  unlabeled traffic allowed by default
[    0.293945] PCI: Probing PCI hardware
[    0.300124] vgaarb: loaded
[    0.302390] clocksource: Switched to clocksource timebase
[    0.333603] VFS: Disk quotas dquot_6.6.0
[    0.335330] VFS: Dquot-cache hash table entries: 8192 (order 0, 65536 bytes)
[    0.337281] hugetlbfs: disabling because there are no supported hugepage sizes
[    0.341151] AppArmor: AppArmor Filesystem Enabled
[    0.358387] NET: Registered PF_INET protocol family
[    0.360120] IP idents hash table entries: 32768 (order: 2, 262144 bytes, linear)
[    0.375373] tcp_listen_portaddr_hash hash table entries: 4096 (order: 0, 65536 bytes, linear)
[    0.375842] Table-perturb hash table entries: 65536 (order: 2, 262144 bytes, linear)
[    0.376160] TCP established hash table entries: 16384 (order: 1, 131072 bytes, linear)
[    0.376865] TCP bind hash table entries: 16384 (order: 3, 524288 bytes, linear)
[    0.377456] TCP: Hash tables configured (established 16384 bind 16384)
[    0.379627] MPTCP token hash table entries: 4096 (order: 0, 98304 bytes, linear)
[    0.380350] UDP hash table entries: 2048 (order: 0, 65536 bytes, linear)
[    0.380886] UDP-Lite hash table entries: 2048 (order: 0, 65536 bytes, linear)
[    0.382831] NET: Registered PF_UNIX/PF_LOCAL protocol family
[    0.383565] NET: Registered PF_XDP protocol family
[    0.383930] PCI: CLS 0 bytes, default 128
[    0.392949] Trying to unpack rootfs image as initramfs...
[    0.401549] Initialise system trusted keyrings
[    0.409951] Key type blacklist registered
[    0.411343] workingset: timestamp_bits=38 max_order=15 bucket_order=0
[    0.411817] zbud: loaded
[    0.417522] integrity: Platform Keyring initialized
[    0.417785] Key type asymmetric registered
[    0.422620] Asymmetric key parser 'x509' registered
[    0.472457] Freeing initrd memory: 8640K
[    0.751006] Block layer SCSI generic (bsg) driver version 0.4 loaded (major 248)
[    0.760324] io scheduler mq-deadline registered
[    0.789660] hvc0: raw protocol on /ibm,opal/consoles/serial@0 (boot console)
[    0.792460] hvc0: No interrupts property, using OPAL event
[    0.801991] Serial: 8250/16550 driver, 4 ports, IRQ sharing disabled
[    0.815060] Linux agpgart interface v0.103
[    0.821758] mousedev: PS/2 mouse device common for all mice
[    1.051518] rtc-opal opal-rtc: registered as rtc0
[    1.251424] rtc-opal opal-rtc: setting system clock to 2023-08-12T11:08:01 UTC (1691838481)
[    1.256537] powernv-cpufreq: ibm,pstate-min node not found
[    1.256761] powernv-cpufreq: Platform driver disabled. System does not support PState control
[    1.260231] ledtrig-cpu: registered to indicate activity on CPUs
[    1.319338] NET: Registered PF_INET6 protocol family
[    1.461477] Segment Routing with IPv6
[    1.462078] In-situ OAM (IOAM) with IPv6
[    1.462806] mip6: Mobile IPv6
[    1.463237] NET: Registered PF_PACKET protocol family
[    1.464908] mpls_gso: MPLS GSO support
[    1.468382] drmem: No dynamic reconfiguration memory found
[    1.481248] registered taskstats version 1
[    1.483902] Loading compiled-in X.509 certificates
[    1.497863] Key type .fscrypt registered
[    1.498053] Key type fscrypt-provisioning registered
[    1.574235] Key type encrypted registered
[    1.574605] AppArmor: AppArmor sha1 policy hashing enabled
[    1.575736] ima: No TPM chip found, activating TPM-bypass!
[    1.576152] ima: Allocated hash algorithm: sha256
[    1.578675] ima: No architecture policies found
[    1.579578] evm: Initialising EVM extended attributes:
[    1.579764] evm: security.selinux
[    1.579911] evm: security.SMACK64 (disabled)
[    1.580049] evm: security.SMACK64EXEC (disabled)
[    1.580191] evm: security.SMACK64TRANSMUTE (disabled)
[    1.580338] evm: security.SMACK64MMAP (disabled)
[    1.580476] evm: security.apparmor
[    1.580599] evm: security.ima
[    1.580721] evm: security.capability
[    1.580866] evm: HMAC attrs: 0x1
[    2.304948] Freeing unused kernel image (initmem) memory: 5504K
[    2.306454] Run /init as init process
[    2.421347] Not activating Mandatory Access Control as /sbin/tomoyo-init does not exist.
[    7.451383] reboot: Power down
[   11.481324312,5] OPAL: Shutdown request type 0x0...
$ timeout --foreground 3m stdbuf -eL -oL /usr/sbin/qemu-system-ppc64 -display none -nodefaults -device ipmi-bmc-sim,id=bmc0 -device isa-ipmi-bt,bmc=bmc0,irq=10 -machine powernv -kernel /home/nathan/tmp/build/cbl_lkt/linux-next/powerpc/arch/powerpc/boot/zImage.epapr -initrd /home/nathan/cbl/llvm-kernel-testing/src/boot-utils/images/ppc64le/rootfs.cpio -m 2G -serial mon:stdio
