/home/nathan/cbl/src/linux-next/fs/nilfs2/ioctl.c:63:19: warning: result of comparison of constant 65536 with expression of type '__u16' (aka 'unsigned short') is always false [-Wtautological-constant-out-of-range-compare]
        if (argv->v_size > PAGE_SIZE)
            ~~~~~~~~~~~~ ^ ~~~~~~~~~
1 warning generated.
/home/nathan/cbl/src/linux-next/drivers/infiniband/core/uverbs_ioctl.c:90:39: warning: result of comparison of constant 65536 with expression of type 'u16' (aka 'unsigned short') is always false [-Wtautological-constant-out-of-range-compare]
        WARN_ON_ONCE(method_elm->bundle_size > PAGE_SIZE);
        ~~~~~~~~~~~~~~~~~~~~~~~~~~~~~~~~~~~~~^~~~~~~~~~~~
/home/nathan/cbl/src/linux-next/include/asm-generic/bug.h:111:25: note: expanded from macro 'WARN_ON_ONCE'
        int __ret_warn_on = !!(condition);                      \
                               ^~~~~~~~~
/home/nathan/cbl/src/linux-next/drivers/infiniband/core/uverbs_ioctl.c:629:17: warning: result of comparison of constant 65536 with expression of type '__u16' (aka 'unsigned short') is always false [-Wtautological-constant-out-of-range-compare]
        if (hdr.length > PAGE_SIZE ||
            ~~~~~~~~~~ ^ ~~~~~~~~~
2 warnings generated.
/home/nathan/cbl/src/linux-next/drivers/net/ethernet/mellanox/mlx5/core/en/xsk/setup.c:32:22: warning: result of comparison of constant 65536 with expression of type 'u16' (aka 'unsigned short') is always false [-Wtautological-constant-out-of-range-compare]
        if (xsk->chunk_size > PAGE_SIZE || xsk->chunk_size < MLX5E_MIN_XSK_CHUNK_SIZE) {
            ~~~~~~~~~~~~~~~ ^ ~~~~~~~~~
1 warning generated.

[01;32mQEMU location: [0m/usr/sbin[0m

[01;32mQEMU version: [0mQEMU emulator version 8.0.3[0m
[    0.014625563,5] OPAL v7.0 starting...
[    0.015192561,7] initial console log level: memory 7, driver 5
[    0.015241873,6] CPU: P9 generation processor (max 4 threads/core)
[    0.015266552,7] CPU: Boot CPU PIR is 0x0000 PVR is 0x004e1200
[    0.015384316,7] OPAL table: 0x3018a660 .. 0x3018ac20, branch table: 0x30120000
[    0.015551218,7] Assigning physical memory map table for nimbus
[    0.015923736,7] FDT: Parsing fdt @0x1000000
[    0.018214426,5] CHIP: Detected QEMU simulator
[    0.018397959,6] CHIP: Initialised chip 0 from xscom@603fc00000000
[    0.018737518,6] P9 DD2.00 detected
[    0.018754231,5] CHIP: Chip ID 0000 type: P9N DD2.00
[    0.018762900,7] XSCOM: Base address: 0x603fc00000000
[    0.018783306,7] XSTOP: ibm,sw-checkstop-fir prop not found
[    0.018859796,6] MFSI 0:0: Initialized
[    0.018870487,6] MFSI 0:2: Initialized
[    0.018879576,6] MFSI 0:1: Initialized
[    0.019434001,6] LPC: LPC[000]: Initialized
[    0.019442552,7] LPC: access via MMIO @0x6030000000000
[    0.019468355,7] LPC: Default bus on chip 0x0
[    0.019547246,7] CPU: New max PIR set to 0x3
[    0.020041088,7] MEM: parsing reserved memory from reserved-names/-ranges properties
[    0.020129499,7] HOMER: Init chip 0
[    0.020161724,7]   PBA BAR0 : 0x0000203ffd800000
[    0.020169496,7]   PBA MASK0: 0x0000000000300000
[    0.020198936,7]   HOMER Image at 0x203ffd800000 size 4MB
[    0.020244559,4] HOMER image is not reserved! Reserving
[    0.020295329,7]   PBA BAR2 : 0x0000203fff800000
[    0.020300479,7]   PBA MASK2: 0x0000000000700000
[    0.020315166,7]   OCC Common Area at 0x203fff800000 size 8MB
[    0.020348950,4] OCC common area is not reserved! Reserving
[    0.020427359,7] CPU: decrementer bits 56
[    0.020507316,6] CPU: CPU from DT PIR=0x0000 Server#=0x0 State=4
[    0.020603448,6] CPU:  1 secondary threads
[    0.021887391,5] PLAT: Using SuperIO UART
[    0.022159632,7] UART: Using LPC IRQ 4
[    0.024664705,5] PLAT: Detected QEMU POWER9 platform
[    0.024744832,5] PLAT: Detected BMC platform ast2500:openbmc
[    0.039869814,5] CPU: All 1 processors called in...
[    0.040932208,7] LPC: Routing irq 10, policy: 0 (r=1)
[    0.041005528,7] LPC: SerIRQ 10 using route 0 targetted at OPAL
[    0.062647224,5] HIOMAP: Negotiated hiomap protocol v2
[    0.062718887,5] HIOMAP: Block size is 4KiB
[    0.062776535,5] HIOMAP: BMC suggested flash timeout of 0s
[    0.062846244,5] HIOMAP: Flash size is 128MiB
[    0.062903209,5] HIOMAP: Erase granule size is 4KiB
[    0.079165988,3] FFS: Reading the flash has returned all 0xFF.
[    0.079241324,3]      Are you reading erased flash?
[    0.079300388,3]      Is something else using the flash controller?
[    0.079399772,4] FLASH: No ffs info; using raw device only
[    0.084706530,3] FFS: Reading the flash has returned all 0xFF.
[    0.084776920,3]      Are you reading erased flash?
[    0.084831398,3]      Is something else using the flash controller?
[    0.084905626,3] FLASH: Can't open ffs handle
[    0.090132596,3] FFS: Reading the flash has returned all 0xFF.
[    0.090222582,3]      Are you reading erased flash?
[    0.090276814,3]      Is something else using the flash controller?
[    0.090344999,3] FLASH: Can't open ffs handle
[    0.095563468,3] FFS: Reading the flash has returned all 0xFF.
[    0.095685105,3]      Are you reading erased flash?
[    0.095796226,3]      Is something else using the flash controller?
[    0.095881447,3] FLASH: Can't open ffs handle
[    0.101087185,3] FFS: Reading the flash has returned all 0xFF.
[    0.101155631,3]      Are you reading erased flash?
[    0.101209817,3]      Is something else using the flash controller?
[    0.101277699,3] FLASH: Can't open ffs handle
[    0.106490085,3] FFS: Reading the flash has returned all 0xFF.
[    0.106567123,3]      Are you reading erased flash?
[    0.106633267,3]      Is something else using the flash controller?
[    0.106705381,3] FLASH: Can't open ffs handle
[    0.111917711,3] FFS: Reading the flash has returned all 0xFF.
[    0.111983300,3]      Are you reading erased flash?
[    0.112037014,3]      Is something else using the flash controller?
[    0.112105609,3] FLASH: Can't open ffs handle
[    0.123212305,2] NVRAM: Failed to load
[    0.123272149,2] NVRAM: Failed to load
[    0.123336655,5] STB: secure boot not supported
[    0.123411150,5] STB: trusted boot not supported
[    0.123680539,4] FLASH: Can't load resource id:4. No system flash found
[    0.123922546,4] FLASH: Can't load resource id:3. No system flash found
[    0.124076157,2] NVRAM: Failed to load
[    0.124232445,7] LPC: Routing irq 4, policy: 0 (r=1)
[    0.124248091,7] LPC: SerIRQ 4 using route 1 targetted at OPAL
[    0.124632726,3] SLW: Failed to set HRMOR for CPU 0,RC=0x1
[    0.124841004,5] Unable to log error
[    0.124908378,3] Disabling deep stop states
[    0.125094917,2] NVRAM: Failed to load
[    0.125408422,3] OCC: Chip: 0: OCC not active
[    0.125465824,3] OCC: Initialization on all chips did not complete(timed out)
[    0.125569953,5] Unable to log error
[    0.125650706,2] NVRAM: Failed to load
[    0.125717003,2] NVRAM: Failed to load
[    0.125769819,2] NVRAM: Failed to load
[    0.126008779,4] FLASH: Can't load resource id:2. No system flash found
[    0.126277650,4] FLASH: Can't load resource id:0. No system flash found
[    0.126371027,4] FLASH: Can't load resource id:1. No system flash found
[    0.126537750,3] IMC: IMC Catalog load failed
[    0.126822836,2] NVRAM: Failed to load
[    0.126875847,2] NVRAM: Failed to load
[    0.126926021,2] NVRAM: Failed to load
[    0.127253223,5] PCI: Resetting PHBs and training links...
[    0.127370546,5] PCI: Probing slots...
[    0.127431436,5] PCI Summary:
[    0.127533939,4] FLASH: Failed to load VERSION data
[    0.344604489,2] NVRAM: Failed to load
[    0.345150855,5] INIT: Waiting for kernel...
[    0.345211181,5] INIT: platform wait for kernel load failed
[    0.345292929,5] INIT: Assuming kernel at 0x20000000
[    0.345400807,5] INIT: 64-bit LE kernel discovered
[    0.345677835,3] OCC: Chip 0 sensor data invalid
[    0.345940930,2] NVRAM: Failed to load
[    0.352413518,5] INIT: Starting kernel at 0x20010000, fdt at 0x30758170 15742 bytes


zImage starting: loaded at 0x0000000020010000 (sp: 0x00000000207f8da0)

Allocating 0x255abd0 bytes for kernel...

Decompressing (0x0000000000000000 <- 0x0000000020023000:0x00000000207f7f68)...

Done! Decompressed 0x2420000 bytes


Linux/PowerPC load: 

Finalizing device tree... flat tree at 0x207f9ca0

[    0.000000][    T0] OF: reserved mem: 0x0000000030000000..0x00000000305fffff (6144 KiB) map non-reusable ibm,firmware-code@30000000
[    0.000000][    T0] OF: reserved mem: 0x0000000030600000..0x0000000030ffffff (10240 KiB) map non-reusable ibm,firmware-heap@30600000
[    0.000000][    T0] OF: reserved mem: 0x0000000031000000..0x0000000031c0ffff (12352 KiB) map non-reusable ibm,firmware-data@31000000
[    0.000000][    T0] OF: reserved mem: 0x0000000031c10000..0x0000000031c2ffff (128 KiB) map non-reusable ibm,firmware-stacks@31c10000
[    0.000000][    T0] OF: reserved mem: 0x0000000031c30000..0x000000003290ffff (13184 KiB) map non-reusable ibm,firmware-allocs-memory@31c30000
[    0.000000][    T0] OF: reserved mem: 0x0000203ffd800000..0x0000203ffdbfffff (4096 KiB) map non-reusable ibm,homer-image@203ffd800000
[    0.000000][    T0] OF: reserved mem: 0x0000203fff800000..0x0000203fffffffff (8192 KiB) map non-reusable ibm,occ-common-area@203fff800000
[    0.000000][    T0] dt-cpu-ftrs: setup for ISA 3000
[    0.000000][    T0] dt-cpu-ftrs: final cpu/mmu features = 0x0003c06b8f5fb187 0x3c007041
[    0.000000][    T0] Activating Kernel Userspace Access Prevention
[    0.000000][    T0] Activating Kernel Userspace Execution Prevention
[    0.000000][    T0] radix-mmu: Mapped 0x0000000000000000-0x00000000021c0000 with 64.0 KiB pages (exec)
[    0.000000][    T0] radix-mmu: Mapped 0x00000000021c0000-0x0000000080000000 with 64.0 KiB pages
[    0.000000][    T0] radix-mmu: Initializing Radix MMU
[    0.000000][    T0] Linux version 6.5.0-rc5-next-20230809-cbl-00030-g8150cbc757fd (nathan@dev-arch.m3-large-x86-01) (ClangBuiltLinux clang version 13.0.1 (https://github.com/llvm/llvm-project 75e33f71c2dae584b13a7d1186ae0a038ba98838), ClangBuiltLinux LLD 13.0.1 (https://github.com/llvm/llvm-project 75e33f71c2dae584b13a7d1186ae0a038ba98838)) #1 SMP Sat Aug 12 10:49:43 UTC 2023
[    0.000000][    T0] Found initrd at 0xc000000028000000:0xc000000028878600
[    0.000000][    T0] Hardware name: IBM PowerNV (emulated by qemu) POWER9 0x4e1200 opal:v7.0 PowerNV
[    0.000000][    T0] printk: bootconsole [udbg0] enabled
[    0.000000][    T0] CPU maps initialized for 1 thread per core
[    0.000000][    T0] -----------------------------------------------------
[    0.000000][    T0] phys_mem_size     = 0x80000000
[    0.000000][    T0] dcache_bsize      = 0x80
[    0.000000][    T0] icache_bsize      = 0x80
[    0.000000][    T0] cpu_features      = 0x0003c06b8f4fb187
[    0.000000][    T0]   possible        = 0x001ffbfbcf5fb187
[    0.000000][    T0]   always          = 0x0000000380008181
[    0.000000][    T0] cpu_user_features = 0xdc0065c2 0xaef00000
[    0.000000][    T0] mmu_features      = 0x3c007641
[    0.000000][    T0] firmware_features = 0x0000000010000000
[    0.000000][    T0] vmalloc start     = 0xc008000000000000
[    0.000000][    T0] IO start          = 0xc00a000000000000
[    0.000000][    T0] vmemmap start     = 0xc00c000000000000
[    0.000000][    T0] -----------------------------------------------------
[    0.000000][    T0] numa:   NODE_DATA [mem 0x7bf84980-0x7bf8bfff]
[    0.000000][    T0] kvm_cma_reserve: reserving 102 MiB for global area
[    0.000000][    T0] cma: Reserved 112 MiB at 0x0000000073000000 on node -1
[    0.000000][    T0] rfi-flush: fallback displacement flush available
[    0.000000][    T0] count-cache-flush: flush disabled.
[    0.000000][    T0] link-stack-flush: flush disabled.
[    0.000000][    T0] stf-barrier: eieio barrier available
[    0.000000][    T0] barrier-nospec: using ORI speculation barrier
[    0.000000][    T0] Zone ranges:
[    0.000000][    T0]   Normal   [mem 0x0000000000000000-0x000000007fffffff]
[    0.000000][    T0]   Device   empty
[    0.000000][    T0] Movable zone start for each node
[    0.000000][    T0] Early memory node ranges
[    0.000000][    T0]   node   0: [mem 0x0000000000000000-0x000000007fffffff]
[    0.000000][    T0] Initmem setup node 0 [mem 0x0000000000000000-0x000000007fffffff]
[    0.000000][    T0] percpu: Embedded 10 pages/cpu s580392 r0 d74968 u655360
[    0.000000][    T0] Kernel command line: 
[    0.000000][    T0] random: crng init done
[    0.000000][    T0] Dentry cache hash table entries: 262144 (order: 5, 2097152 bytes, linear)
[    0.000000][    T0] Inode-cache hash table entries: 131072 (order: 4, 1048576 bytes, linear)
[    0.000000][    T0] Fallback order for Node 0: 0 
[    0.000000][    T0] Built 1 zonelists, mobility grouping on.  Total pages: 32736
[    0.000000][    T0] Policy zone: Normal
[    0.000000][    T0] mem auto-init: stack:all(zero), heap alloc:off, heap free:off
[    0.000000][    T0] Memory: 0K/2097152K available (15040K kernel code, 2432K rwdata, 17728K rodata, 1792K init, 1258K bss, 177856K reserved, 114688K cma-reserved)
[    0.000000][    T0] SLUB: HWalign=128, Order=0-3, MinObjects=0, CPUs=1, Nodes=1
[    0.000000][    T0] ftrace: allocating 34020 entries in 13 pages
[    0.000000][    T0] ftrace: allocated 13 pages with 3 groups
[    0.000000][    T0] trace event string verifier disabled
[    0.000000][    T0] rcu: Hierarchical RCU implementation.
[    0.000000][    T0] rcu: 	RCU event tracing is enabled.
[    0.000000][    T0] rcu: 	RCU restricting CPUs from NR_CPUS=2048 to nr_cpu_ids=1.
[    0.000000][    T0] 	Rude variant of Tasks RCU enabled.
[    0.000000][    T0] 	Tracing variant of Tasks RCU enabled.
[    0.000000][    T0] rcu: RCU calculated value of scheduler-enlistment delay is 10 jiffies.
[    0.000000][    T0] rcu: Adjusting geometry for rcu_fanout_leaf=16, nr_cpu_ids=1
[    0.000000][    T0] NR_IRQS: 512, nr_irqs: 512, preallocated irqs: 16
[    0.000000][    T0] xive: Interrupt handling initialized with native backend
[    0.000000][    T0] xive: Using priority 7 for all interrupts
[    0.000000][    T0] xive: Using 64kB queues
[    0.000000][    T0] rcu: srcu_init: Setting srcu_struct sizes based on contention.
[    0.000061][    T0] time_init: 56 bit decrementer (max: 7fffffffffffff)
[    0.001289][    T0] clocksource: timebase: mask: 0xffffffffffffffff max_cycles: 0x761537d007, max_idle_ns: 440795202126 ns
[    0.002644][    T0] clocksource: timebase mult[1f40000] shift[24] registered
[    0.010649][    T0] Console: colour dummy device 80x25
[    0.011981][    T0] printk: console [hvc0] enabled
[    0.011981][    T0] printk: console [hvc0] enabled
[    0.012945][    T0] printk: bootconsole [udbg0] disabled
[    0.012945][    T0] printk: bootconsole [udbg0] disabled
[    0.020613][    T0] pid_max: default: 32768 minimum: 301
[    0.023196][    T0] Mount-cache hash table entries: 8192 (order: 0, 65536 bytes, linear)
[    0.023501][    T0] Mountpoint-cache hash table entries: 8192 (order: 0, 65536 bytes, linear)
[    0.069903][    T1] RCU Tasks Rude: Setting shift to 0 and lim to 1 rcu_task_cb_adjust=1.
[    0.070474][    T1] RCU Tasks Trace: Setting shift to 0 and lim to 1 rcu_task_cb_adjust=1.
[    0.071683][    T1] POWER9 performance monitor hardware support registered
[    0.073882][    T1] rcu: Hierarchical SRCU implementation.
[    0.074098][    T1] rcu: 	Max phase no-delay instances is 1000.
[    0.090202][    T1] smp: Bringing up secondary CPUs ...
[    0.091253][    T1] smp: Brought up 1 node, 1 CPU
[    0.091570][    T1] numa: Node 0 CPUs: 0
[    0.105895][   T19] node 0 deferred pages initialised in 10ms
[    0.109721][   T19] pgdatinit0 (19) used greatest stack depth: 13568 bytes left
[    0.119573][    T1] devtmpfs: initialized
[    0.132416][    T1] clocksource: jiffies: mask: 0xffffffff max_cycles: 0xffffffff, max_idle_ns: 19112604462750000 ns
[    0.132892][    T1] futex hash table entries: 256 (order: -1, 32768 bytes, linear)
[    0.141674][    T1] NET: Registered PF_NETLINK/PF_ROUTE protocol family
[    0.145311][    T1] audit: initializing netlink subsys (disabled)
[    0.151685][   T22] audit: type=2000 audit(1691837393.130:1): state=initialized audit_enabled=0 res=1
[    0.152615][    T1] cpuidle: using governor menu
[    0.153998][    T1] Failed to initialize. Disabling HugeTLB
[    0.154496][    T1] nvram: No room to create lnx,oops-log partition, deleting any obsolete OS partitions...
[    0.154979][    T1] nvram: Failed to find or create lnx,oops-log partition, err -28
[    0.155299][    T1] nvram: Failed to initialize oops partition!
[    0.163001][    T1] EEH: PowerNV platform initialized
[    0.180371][    T1] cpuidle-powernv: Default stop: psscr = 0x0000000000000330,mask=0x00000000003003ff
[    0.180862][    T1] cpuidle-powernv: Deepest stop: psscr = 0x0000000000300331,mask=0x00000000003003ff
[    0.181114][    T1] cpuidle-powernv: First stop level that may lose SPRs = 0x10
[    0.181304][    T1] cpuidle-powernv: First stop level that may lose timebase = 0x10
[    0.186538][    T1] kprobes: kprobe jump-optimization is enabled. All kprobes are optimized if possible.
[    0.233267][    T1] iommu: Default domain type: Translated
[    0.233495][    T1] iommu: DMA domain TLB invalidation policy: strict mode
[    0.236312][    T1] SCSI subsystem initialized
[    0.238441][    T1] usbcore: registered new interface driver usbfs
[    0.239004][    T1] usbcore: registered new interface driver hub
[    0.239355][    T1] usbcore: registered new device driver usb
[    0.253138][    T1] PCI: Probing PCI hardware
[    0.257556][    T1] vgaarb: loaded
[    0.259245][    T1] clocksource: Switched to clocksource timebase
[    0.263501][    T1] hugetlbfs: disabling because there are no supported hugepage sizes
[    0.295332][    T1] NET: Registered PF_INET protocol family
[    0.297367][    T1] IP idents hash table entries: 32768 (order: 2, 262144 bytes, linear)
[    0.305402][    T1] tcp_listen_portaddr_hash hash table entries: 4096 (order: 0, 65536 bytes, linear)
[    0.305775][    T1] Table-perturb hash table entries: 65536 (order: 2, 262144 bytes, linear)
[    0.306071][    T1] TCP established hash table entries: 16384 (order: 1, 131072 bytes, linear)
[    0.306626][    T1] TCP bind hash table entries: 16384 (order: 3, 524288 bytes, linear)
[    0.307279][    T1] TCP: Hash tables configured (established 16384 bind 16384)
[    0.308520][    T1] UDP hash table entries: 2048 (order: 0, 65536 bytes, linear)
[    0.309183][    T1] UDP-Lite hash table entries: 2048 (order: 0, 65536 bytes, linear)
[    0.310533][    T1] NET: Registered PF_UNIX/PF_LOCAL protocol family
[    0.311387][    T1] PCI: CLS 0 bytes, default 128
[    0.319994][   T11] Trying to unpack rootfs image as initramfs...
[    0.342232][    T1] workingset: timestamp_bits=38 max_order=15 bucket_order=0
[    0.347080][    T1] Block layer SCSI generic (bsg) driver version 0.4 loaded (major 250)
[    0.347493][    T1] io scheduler mq-deadline registered
[    0.347795][    T1] io scheduler kyber registered
[    0.359929][    T1] IPMI message handler: version 39.2
[    0.360312][    T1] ipmi device interface
[    0.389317][   T11] Freeing initrd memory: 8640K
[    2.663568][    T1] ipmi-powernv ibm,opal:ipmi: IPMI message handler: Found new BMC (man_id: 0x000000, prod_id: 0x0000, dev_id: 0x20)
[    2.864113][    T1] hvc0: raw protocol on /ibm,opal/consoles/serial@0 (boot console)
[    2.864437][    T1] hvc0: No interrupts property, using OPAL event
[    2.866840][    T1] Serial: 8250/16550 driver, 4 ports, IRQ sharing disabled
[    2.884524][    T1] loop: module loaded
[    2.884986][    T1] Adaptec aacraid driver 1.2.1[50983]-custom
[    2.885292][    T1] ipr: IBM Power RAID SCSI Device Driver version: 2.6.4 (March 14, 2017)
[    3.012821][   T43] modprobe (43) used greatest stack depth: 11584 bytes left
[    3.023928][    T1] 1 fixed-partitions partitions found on MTD device flash@0
[    3.024486][    T1] Creating 1 MTD partitions on "flash@0":
[    3.024997][    T1] 0x000000000000-0x000008000000 : "PNOR"
[    3.066734][    T1] e100: Intel(R) PRO/100 Network Driver
[    3.066939][    T1] e100: Copyright(c) 1999-2006 Intel Corporation
[    3.067196][    T1] e1000: Intel(R) PRO/1000 Network Driver
[    3.067377][    T1] e1000: Copyright (c) 1999-2006 Intel Corporation.
[    3.067642][    T1] e1000e: Intel(R) PRO/1000 Network Driver
[    3.067816][    T1] e1000e: Copyright(c) 1999 - 2015 Intel Corporation.
[    3.068068][    T1] igb: Intel(R) Gigabit Ethernet Network Driver
[    3.068251][    T1] igb: Copyright (c) 2007-2014 Intel Corporation.
[    3.069382][    T1] usbcore: registered new interface driver usb-storage
[    3.281813][    T1] rtc-opal opal-rtc: registered as rtc0
[    3.490561][    T1] rtc-opal opal-rtc: setting system clock to 2023-08-12T10:49:57 UTC (1691837397)
[    3.491534][    T1] i2c_dev: i2c /dev entries driver
[    3.495758][    T1] device-mapper: uevent: version 1.0.3
[    3.499920][    T1] device-mapper: ioctl: 4.48.0-ioctl (2023-03-01) initialised: dm-devel@redhat.com
[    3.500333][    T1] powernv-cpufreq: ibm,pstate-min node not found
[    3.500519][    T1] powernv-cpufreq: Platform driver disabled. System does not support PState control
[    3.506199][    T1] ipip: IPv4 and MPLS over IPv4 tunneling driver
[    3.518277][    T1] NET: Registered PF_INET6 protocol family
[    3.539674][    T1] Segment Routing with IPv6
[    3.540232][    T1] In-situ OAM (IOAM) with IPv6
[    3.541452][    T1] NET: Registered PF_PACKET protocol family
[    3.543416][    T1] Key type dns_resolver registered
[    3.545154][    T1] drmem: No dynamic reconfiguration memory found
[    3.546804][    T1] Running code patching self-tests ...
[    3.569744][    T1] registered taskstats version 1
[    3.651707][    T1] Freeing unused kernel image (initmem) memory: 1792K
[    3.671053][    T1] Run /init as init process
Starting syslogd: OK
Starting klogd: OK
Running sysctl: [    4.960823][   T71] xargs (71) used greatest stack depth: 11472 bytes left
OK
[    4.988293][   T68] S02sysctl (68) used greatest stack depth: 11392 bytes left
Saving 256 bits of creditable seed for next boot
Starting network: [    5.404918][   T82] wait_iface (82) used greatest stack depth: 11328 bytes left
[    5.489993][   T83] ip (83) used greatest stack depth: 10768 bytes left
OK
Linux version 6.5.0-rc5-next-20230809-cbl-00030-g8150cbc757fd (nathan@dev-arch.m3-large-x86-01) (ClangBuiltLinux clang version 13.0.1 (https://github.com/llvm/llvm-project 75e33f71c2dae584b13a7d1186ae0a038ba98838), ClangBuiltLinux LLD 13.0.1 (https://github.com/llvm/llvm-project 75e33f71c2dae584b13a7d1186ae0a038ba98838)) #1 SMP Sat Aug 12 10:49:43 UTC 2023
Stopping network: OK
Seeding 256 bits and crediting
Saving 256 bits of creditable seed for next boot
Stopping klogd: OK
Stopping syslogd: OK
umount: devtmpfs busy - remounted read-only
umount: can't unmount /: Invalid argument

The system is going down NOW!

Sent SIGTERM to all processes

Sent SIGKILL to all processes

Requesting system poweroff
[    8.778781][  T110] reboot: Power down
[   11.179258608,5] OPAL: Shutdown request type 0x0...
$ timeout --foreground 3m stdbuf -eL -oL /usr/sbin/qemu-system-ppc64 -display none -nodefaults -device ipmi-bmc-sim,id=bmc0 -device isa-ipmi-bt,bmc=bmc0,irq=10 -machine powernv -kernel /home/nathan/tmp/build/cbl_lkt/linux-next/powerpc/arch/powerpc/boot/zImage.epapr -initrd /home/nathan/cbl/llvm-kernel-testing/src/boot-utils/images/ppc64le/rootfs.cpio -m 2G -serial mon:stdio
