/home/nathan/cbl/src/linux-next/drivers/block/rbd.c:6149:17: warning: result of comparison of constant 2305843009213693948 with expression of type 'u32' (aka 'unsigned int') is always false [-Wtautological-constant-out-of-range-compare]
        if (snap_count > (SIZE_MAX - sizeof (struct ceph_snap_context))
            ~~~~~~~~~~ ^ ~~~~~~~~~~~~~~~~~~~~~~~~~~~~~~~~~~~~~~~~~~~~~~
1 warning generated.
/home/nathan/cbl/src/linux-next/drivers/net/wireless/ath/ath9k/main.c:1566:21: warning: parameter 'changed_flags' set but not used [-Wunused-but-set-parameter]
                                   unsigned int changed_flags,
                                                ^
1 warning generated.
/home/nathan/cbl/src/linux-next/net/ceph/osdmap.c:1441:10: warning: result of comparison of constant 4611686018427387891 with expression of type 'u32' (aka 'unsigned int') is always false [-Wtautological-constant-out-of-range-compare]
        if (len > (SIZE_MAX - sizeof(*pg)) / sizeof(u32))
            ~~~ ^ ~~~~~~~~~~~~~~~~~~~~~~~~~~~~~~~~~~~~~~
/home/nathan/cbl/src/linux-next/net/ceph/osdmap.c:1624:10: warning: result of comparison of constant 2305843009213693945 with expression of type 'u32' (aka 'unsigned int') is always false [-Wtautological-constant-out-of-range-compare]
        if (len > (SIZE_MAX - sizeof(*pg)) / (2 * sizeof(u32)))
            ~~~ ^ ~~~~~~~~~~~~~~~~~~~~~~~~~~~~~~~~~~~~~~~~~~~~
2 warnings generated.
/home/nathan/cbl/src/linux-next/drivers/net/wireless/ath/ath5k/mac80211-ops.c:367:62: warning: parameter 'changed_flags' set but not used [-Wunused-but-set-parameter]
ath5k_configure_filter(struct ieee80211_hw *hw, unsigned int changed_flags,
                                                             ^
1 warning generated.
/home/nathan/cbl/src/linux-next/drivers/net/wireless/ath/ath9k/htc_drv_main.c:1258:25: warning: parameter 'changed_flags' set but not used [-Wunused-but-set-parameter]
                                       unsigned int changed_flags,
                                                    ^
1 warning generated.
/home/nathan/cbl/src/linux-next/drivers/md/dm-integrity.c:4159:12: warning: result of comparison of constant 14316557650 with expression of type 'unsigned int' is always false [-Wtautological-constant-out-of-range-compare]
                        if (val >= (uint64_t)UINT_MAX * 1000 / HZ) {
                            ~~~ ^  ~~~~~~~~~~~~~~~~~~~~~~~~~~~~~~
1 warning generated.
/home/nathan/cbl/src/linux-next/fs/ceph/snap.c:372:10: warning: result of comparison of constant 2305843009213693948 with expression of type 'u32' (aka 'unsigned int') is always false [-Wtautological-constant-out-of-range-compare]
        if (num > (SIZE_MAX - sizeof(*snapc)) / sizeof(u64))
            ~~~ ^ ~~~~~~~~~~~~~~~~~~~~~~~~~~~~~~~~~~~~~~~~~
1 warning generated.
/home/nathan/cbl/src/linux-next/fs/nilfs2/ioctl.c:63:19: warning: result of comparison of constant 65536 with expression of type '__u16' (aka 'unsigned short') is always false [-Wtautological-constant-out-of-range-compare]
        if (argv->v_size > PAGE_SIZE)
            ~~~~~~~~~~~~ ^ ~~~~~~~~~
1 warning generated.
/home/nathan/cbl/src/linux-next/drivers/scsi/ibmvscsi_tgt/ibmvscsi_tgt.c:1630:32: warning: result of comparison of constant 65536 with expression of type 'u16' (aka 'unsigned short') is always false [-Wtautological-constant-out-of-range-compare]
        if ((olen < min_len) || (olen > PAGE_SIZE)) {
                                 ~~~~ ^ ~~~~~~~~~
1 warning generated.
/home/nathan/cbl/src/linux-next/drivers/net/ethernet/qlogic/qed/qed_vf.c:63:67: warning: parameter 'resp_size' set but not used [-Wunused-but-set-parameter]
static int qed_send_msg2pf(struct qed_hwfn *p_hwfn, u8 *done, u32 resp_size)
                                                                  ^
1 warning generated.
/home/nathan/cbl/src/linux-next/drivers/net/ethernet/mellanox/mlx5/core/en/xsk/setup.c:32:22: warning: result of comparison of constant 65536 with expression of type 'u16' (aka 'unsigned short') is always false [-Wtautological-constant-out-of-range-compare]
        if (xsk->chunk_size > PAGE_SIZE || xsk->chunk_size < MLX5E_MIN_XSK_CHUNK_SIZE) {
            ~~~~~~~~~~~~~~~ ^ ~~~~~~~~~
1 warning generated.
/home/nathan/cbl/src/linux-next/drivers/infiniband/core/uverbs_ioctl.c:90:39: warning: result of comparison of constant 65536 with expression of type 'u16' (aka 'unsigned short') is always false [-Wtautological-constant-out-of-range-compare]
        WARN_ON_ONCE(method_elm->bundle_size > PAGE_SIZE);
        ~~~~~~~~~~~~~~~~~~~~~~~~~~~~~~~~~~~~~^~~~~~~~~~~~
/home/nathan/cbl/src/linux-next/include/asm-generic/bug.h:111:25: note: expanded from macro 'WARN_ON_ONCE'
        int __ret_warn_on = !!(condition);                      \
                               ^~~~~~~~~
/home/nathan/cbl/src/linux-next/drivers/infiniband/core/uverbs_ioctl.c:629:17: warning: result of comparison of constant 65536 with expression of type '__u16' (aka 'unsigned short') is always false [-Wtautological-constant-out-of-range-compare]
        if (hdr.length > PAGE_SIZE ||
            ~~~~~~~~~~ ^ ~~~~~~~~~
2 warnings generated.

[01;32mQEMU location: [0m/usr/sbin[0m

[01;32mQEMU version: [0mQEMU emulator version 8.0.3[0m
[    0.014726183,5] OPAL v7.0 starting...
[    0.015286732,7] initial console log level: memory 7, driver 5
[    0.015342559,6] CPU: P9 generation processor (max 4 threads/core)
[    0.015372861,7] CPU: Boot CPU PIR is 0x0000 PVR is 0x004e1200
[    0.015500054,7] OPAL table: 0x3018a660 .. 0x3018ac20, branch table: 0x30120000
[    0.015668320,7] Assigning physical memory map table for nimbus
[    0.016002211,7] FDT: Parsing fdt @0x1000000
[    0.018262358,5] CHIP: Detected QEMU simulator
[    0.018445434,6] CHIP: Initialised chip 0 from xscom@603fc00000000
[    0.018787363,6] P9 DD2.00 detected
[    0.018803973,5] CHIP: Chip ID 0000 type: P9N DD2.00
[    0.018812699,7] XSCOM: Base address: 0x603fc00000000
[    0.018833310,7] XSTOP: ibm,sw-checkstop-fir prop not found
[    0.018909549,6] MFSI 0:0: Initialized
[    0.018919942,6] MFSI 0:2: Initialized
[    0.018929052,6] MFSI 0:1: Initialized
[    0.019512526,6] LPC: LPC[000]: Initialized
[    0.019520867,7] LPC: access via MMIO @0x6030000000000
[    0.019546542,7] LPC: Default bus on chip 0x0
[    0.019625992,7] CPU: New max PIR set to 0x3
[    0.020135613,7] MEM: parsing reserved memory from reserved-names/-ranges properties
[    0.020224512,7] HOMER: Init chip 0
[    0.020259056,7]   PBA BAR0 : 0x0000203ffd800000
[    0.020266740,7]   PBA MASK0: 0x0000000000300000
[    0.020296729,7]   HOMER Image at 0x203ffd800000 size 4MB
[    0.020340311,4] HOMER image is not reserved! Reserving
[    0.020390264,7]   PBA BAR2 : 0x0000203fff800000
[    0.020395317,7]   PBA MASK2: 0x0000000000700000
[    0.020410229,7]   OCC Common Area at 0x203fff800000 size 8MB
[    0.020440392,4] OCC common area is not reserved! Reserving
[    0.020499759,7] CPU: decrementer bits 56
[    0.020579255,6] CPU: CPU from DT PIR=0x0000 Server#=0x0 State=4
[    0.020676028,6] CPU:  1 secondary threads
[    0.021943623,5] PLAT: Using SuperIO UART
[    0.022214556,7] UART: Using LPC IRQ 4
[    0.024674209,5] PLAT: Detected QEMU POWER9 platform
[    0.024752834,5] PLAT: Detected BMC platform ast2500:openbmc
[    0.039845831,5] CPU: All 1 processors called in...
[    0.040876594,7] LPC: Routing irq 10, policy: 0 (r=1)
[    0.040949878,7] LPC: SerIRQ 10 using route 0 targetted at OPAL
[    0.062615499,5] HIOMAP: Negotiated hiomap protocol v2
[    0.062687003,5] HIOMAP: Block size is 4KiB
[    0.062749062,5] HIOMAP: BMC suggested flash timeout of 0s
[    0.062820130,5] HIOMAP: Flash size is 128MiB
[    0.062876183,5] HIOMAP: Erase granule size is 4KiB
[    0.079185600,3] FFS: Reading the flash has returned all 0xFF.
[    0.079258540,3]      Are you reading erased flash?
[    0.079315224,3]      Is something else using the flash controller?
[    0.079398706,4] FLASH: No ffs info; using raw device only
[    0.084697594,3] FFS: Reading the flash has returned all 0xFF.
[    0.084767457,3]      Are you reading erased flash?
[    0.084821360,3]      Is something else using the flash controller?
[    0.084895224,3] FLASH: Can't open ffs handle
[    0.090111703,3] FFS: Reading the flash has returned all 0xFF.
[    0.090177610,3]      Are you reading erased flash?
[    0.090231611,3]      Is something else using the flash controller?
[    0.090299745,3] FLASH: Can't open ffs handle
[    0.095519676,3] FFS: Reading the flash has returned all 0xFF.
[    0.095655630,3]      Are you reading erased flash?
[    0.095766700,3]      Is something else using the flash controller?
[    0.095919551,3] FLASH: Can't open ffs handle
[    0.101148424,3] FFS: Reading the flash has returned all 0xFF.
[    0.101268942,3]      Are you reading erased flash?
[    0.101368363,3]      Is something else using the flash controller?
[    0.101498156,3] FLASH: Can't open ffs handle
[    0.106762664,3] FFS: Reading the flash has returned all 0xFF.
[    0.106831404,3]      Are you reading erased flash?
[    0.106885322,3]      Is something else using the flash controller?
[    0.106953646,3] FLASH: Can't open ffs handle
[    0.112160912,3] FFS: Reading the flash has returned all 0xFF.
[    0.112232149,3]      Are you reading erased flash?
[    0.112309182,3]      Is something else using the flash controller?
[    0.112446973,3] FLASH: Can't open ffs handle
[    0.123730071,2] NVRAM: Failed to load
[    0.123790864,2] NVRAM: Failed to load
[    0.123855355,5] STB: secure boot not supported
[    0.123929870,5] STB: trusted boot not supported
[    0.124202312,4] FLASH: Can't load resource id:4. No system flash found
[    0.124444529,4] FLASH: Can't load resource id:3. No system flash found
[    0.124577718,2] NVRAM: Failed to load
[    0.124731098,7] LPC: Routing irq 4, policy: 0 (r=1)
[    0.124746723,7] LPC: SerIRQ 4 using route 1 targetted at OPAL
[    0.125107966,3] SLW: Failed to set HRMOR for CPU 0,RC=0x1
[    0.125319127,5] Unable to log error
[    0.125387045,3] Disabling deep stop states
[    0.125570685,2] NVRAM: Failed to load
[    0.125886135,3] OCC: Chip: 0: OCC not active
[    0.125944332,3] OCC: Initialization on all chips did not complete(timed out)
[    0.126035401,5] Unable to log error
[    0.126107931,2] NVRAM: Failed to load
[    0.126171140,2] NVRAM: Failed to load
[    0.126223242,2] NVRAM: Failed to load
[    0.126464254,4] FLASH: Can't load resource id:2. No system flash found
[    0.126706999,4] FLASH: Can't load resource id:0. No system flash found
[    0.126806645,4] FLASH: Can't load resource id:1. No system flash found
[    0.126974752,3] IMC: IMC Catalog load failed
[    0.127263809,2] NVRAM: Failed to load
[    0.127316969,2] NVRAM: Failed to load
[    0.127367051,2] NVRAM: Failed to load
[    0.127688820,5] PCI: Resetting PHBs and training links...
[    0.127808179,5] PCI: Probing slots...
[    0.127869142,5] PCI Summary:
[    0.127971029,4] FLASH: Failed to load VERSION data
[    0.345099041,2] NVRAM: Failed to load
[    0.345656266,5] INIT: Waiting for kernel...
[    0.345717392,5] INIT: platform wait for kernel load failed
[    0.345801731,5] INIT: Assuming kernel at 0x20000000
[    0.345913970,5] INIT: 64-bit LE kernel discovered
[    0.346179548,3] OCC: Chip 0 sensor data invalid
[    0.346447183,2] NVRAM: Failed to load
[    0.352995261,5] INIT: Starting kernel at 0x20010000, fdt at 0x30758170 15742 bytes


zImage starting: loaded at 0x0000000020010000 (sp: 0x0000000020835da0)

Allocating 0x2c6c950 bytes for kernel...

Decompressing (0x0000000000000000 <- 0x0000000020022000:0x0000000020834118)...

Done! Decompressed 0x2a30000 bytes


Linux/PowerPC load: 

Finalizing device tree... flat tree at 0x208370a0

[    0.000000][    T0] OF: reserved mem: 0x0000000030000000..0x00000000305fffff (6144 KiB) map non-reusable ibm,firmware-code@30000000
[    0.000000][    T0] OF: reserved mem: 0x0000000030600000..0x0000000030ffffff (10240 KiB) map non-reusable ibm,firmware-heap@30600000
[    0.000000][    T0] OF: reserved mem: 0x0000000031000000..0x0000000031c0ffff (12352 KiB) map non-reusable ibm,firmware-data@31000000
[    0.000000][    T0] OF: reserved mem: 0x0000000031c10000..0x0000000031c2ffff (128 KiB) map non-reusable ibm,firmware-stacks@31c10000
[    0.000000][    T0] OF: reserved mem: 0x0000000031c30000..0x000000003290ffff (13184 KiB) map non-reusable ibm,firmware-allocs-memory@31c30000
[    0.000000][    T0] OF: reserved mem: 0x0000203ffd800000..0x0000203ffdbfffff (4096 KiB) map non-reusable ibm,homer-image@203ffd800000
[    0.000000][    T0] OF: reserved mem: 0x0000203fff800000..0x0000203fffffffff (8192 KiB) map non-reusable ibm,occ-common-area@203fff800000
[    0.000000][    T0] dt-cpu-ftrs: setup for ISA 3000
[    0.000000][    T0] dt-cpu-ftrs: final cpu/mmu features = 0x0003c06b8f5fb187 0x3c007041
[    0.000000][    T0] Activating Kernel Userspace Access Prevention
[    0.000000][    T0] Activating Kernel Userspace Execution Prevention
[    0.000000][    T0] radix-mmu: Mapped 0x0000000000000000-0x0000000002690000 with 64.0 KiB pages (exec)
[    0.000000][    T0] radix-mmu: Mapped 0x0000000002690000-0x0000000080000000 with 64.0 KiB pages
[    0.000000][    T0] radix-mmu: Initializing Radix MMU
[    0.000000][    T0] Linux version 6.5.0-rc5-next-20230809-default-cbl (nathan@dev-arch.m3-large-x86-01) (ClangBuiltLinux clang version 13.0.1 (https://github.com/llvm/llvm-project 75e33f71c2dae584b13a7d1186ae0a038ba98838), ClangBuiltLinux LLD 13.0.1 (https://github.com/llvm/llvm-project 75e33f71c2dae584b13a7d1186ae0a038ba98838)) #1 SMP Sat Aug 12 11:18:28 UTC 2023
[    0.000000][    T0] Found initrd at 0xc000000028000000:0xc000000028878600
[    0.000000][    T0] Hardware name: IBM PowerNV (emulated by qemu) POWER9 0x4e1200 opal:v7.0 PowerNV
[    0.000000][    T0] printk: bootconsole [udbg0] enabled
[    0.000000][    T0] CPU maps initialized for 1 thread per core
[    0.000000][    T0] -----------------------------------------------------
[    0.000000][    T0] phys_mem_size     = 0x80000000
[    0.000000][    T0] dcache_bsize      = 0x80
[    0.000000][    T0] icache_bsize      = 0x80
[    0.000000][    T0] cpu_features      = 0x0003c06b8f4fb187
[    0.000000][    T0]   possible        = 0x001ffbebcf5fb187
[    0.000000][    T0]   always          = 0x0000000380008181
[    0.000000][    T0] cpu_user_features = 0xdc0065c2 0xaef00000
[    0.000000][    T0] mmu_features      = 0x3c007641
[    0.000000][    T0] firmware_features = 0x0000000110000000
[    0.000000][    T0] vmalloc start     = 0xc008000000000000
[    0.000000][    T0] IO start          = 0xc00a000000000000
[    0.000000][    T0] vmemmap start     = 0xc00c000000000000
[    0.000000][    T0] -----------------------------------------------------
[    0.000000][    T0] numa:   NODE_DATA [mem 0x7bf84280-0x7bf8bfff]
[    0.000000][    T0] kvm_cma_reserve: reserving 102 MiB for global area
[    0.000000][    T0] cma: Reserved 112 MiB at 0x0000000073000000 on node -1
[    0.000000][    T0] rfi-flush: fallback displacement flush available
[    0.000000][    T0] count-cache-flush: flush disabled.
[    0.000000][    T0] link-stack-flush: flush disabled.
[    0.000000][    T0] stf-barrier: eieio barrier available
[    0.000000][    T0] barrier-nospec: using ORI speculation barrier
[    0.000000][    T0] Zone ranges:
[    0.000000][    T0]   Normal   [mem 0x0000000000000000-0x000000007fffffff]
[    0.000000][    T0]   Device   empty
[    0.000000][    T0] Movable zone start for each node
[    0.000000][    T0] Early memory node ranges
[    0.000000][    T0]   node   0: [mem 0x0000000000000000-0x000000007fffffff]
[    0.000000][    T0] Initmem setup node 0 [mem 0x0000000000000000-0x000000007fffffff]
[    0.000000][    T0] percpu: Embedded 10 pages/cpu s607400 r0 d47960 u655360
[    0.000000][    T0] Kernel command line: 
[    0.000000][    T0] random: crng init done
[    0.000000][    T0] Dentry cache hash table entries: 262144 (order: 5, 2097152 bytes, linear)
[    0.000000][    T0] Inode-cache hash table entries: 131072 (order: 4, 1048576 bytes, linear)
[    0.000000][    T0] Fallback order for Node 0: 0 
[    0.000000][    T0] Built 1 zonelists, mobility grouping on.  Total pages: 32736
[    0.000000][    T0] Policy zone: Normal
[    0.000000][    T0] mem auto-init: stack:off, heap alloc:off, heap free:off
[    0.000000][    T0] Memory: 0K/2097152K available (17024K kernel code, 3712K rwdata, 15744K rodata, 6720K init, 2290K bss, 185344K reserved, 114688K cma-reserved)
[    0.000000][    T0] SLUB: HWalign=128, Order=0-3, MinObjects=0, CPUs=1, Nodes=1
[    0.000000][    T0] ftrace: allocating 39871 entries in 15 pages
[    0.000000][    T0] ftrace: allocated 15 pages with 4 groups
[    0.000000][    T0] trace event string verifier disabled
[    0.000000][    T0] rcu: Hierarchical RCU implementation.
[    0.000000][    T0] rcu: 	RCU event tracing is enabled.
[    0.000000][    T0] rcu: 	RCU restricting CPUs from NR_CPUS=2048 to nr_cpu_ids=1.
[    0.000000][    T0] 	Rude variant of Tasks RCU enabled.
[    0.000000][    T0] 	Tracing variant of Tasks RCU enabled.
[    0.000000][    T0] rcu: RCU calculated value of scheduler-enlistment delay is 30 jiffies.
[    0.000000][    T0] rcu: Adjusting geometry for rcu_fanout_leaf=16, nr_cpu_ids=1
[    0.000000][    T0] NR_IRQS: 512, nr_irqs: 512, preallocated irqs: 16
[    0.000000][    T0] xive: Interrupt handling initialized with native backend
[    0.000000][    T0] xive: Using priority 7 for all interrupts
[    0.000000][    T0] xive: Using 64kB queues
[    0.000000][    T0] rcu: srcu_init: Setting srcu_struct sizes based on contention.
[    0.000079][    T0] time_init: 56 bit decrementer (max: 7fffffffffffff)
[    0.001244][    T0] clocksource: timebase: mask: 0xffffffffffffffff max_cycles: 0x761537d007, max_idle_ns: 440795202126 ns
[    0.002523][    T0] clocksource: timebase mult[1f40000] shift[24] registered
[    0.015883][    T0] Console: colour dummy device 80x25
[    0.017121][    T0] printk: console [hvc0] enabled
[    0.017121][    T0] printk: console [hvc0] enabled
[    0.018067][    T0] printk: bootconsole [udbg0] disabled
[    0.018067][    T0] printk: bootconsole [udbg0] disabled
[    0.021316][    T0] pid_max: default: 32768 minimum: 301
[    0.024541][    T0] LSM: initializing lsm=lockdown,capability,landlock,yama,apparmor,tomoyo,bpf,integrity
[    0.026195][    T0] landlock: Up and running.
[    0.026357][    T0] Yama: becoming mindful.
[    0.029892][    T0] AppArmor: AppArmor initialized
[    0.030100][    T0] TOMOYO Linux initialized
[    0.030924][    T0] LSM support for eBPF active
[    0.035560][    T0] Mount-cache hash table entries: 8192 (order: 0, 65536 bytes, linear)
[    0.035842][    T0] Mountpoint-cache hash table entries: 8192 (order: 0, 65536 bytes, linear)
[    0.086606][    T1] RCU Tasks Rude: Setting shift to 0 and lim to 1 rcu_task_cb_adjust=1.
[    0.087625][    T1] RCU Tasks Trace: Setting shift to 0 and lim to 1 rcu_task_cb_adjust=1.
[    0.088837][    T1] POWER9 performance monitor hardware support registered
[    0.090457][    T1] rcu: Hierarchical SRCU implementation.
[    0.090662][    T1] rcu: 	Max phase no-delay instances is 1000.
[    0.110802][    T1] smp: Bringing up secondary CPUs ...
[    0.111872][    T1] smp: Brought up 1 node, 1 CPU
[    0.112185][    T1] numa: Node 0 CPUs: 0
[    0.123170][   T19] node 0 deferred pages initialised in 4ms
[    0.139567][    T1] devtmpfs: initialized
[    0.156096][    T1] clocksource: jiffies: mask: 0xffffffff max_cycles: 0xffffffff, max_idle_ns: 6370867519511994 ns
[    0.156535][    T1] futex hash table entries: 256 (order: -1, 32768 bytes, linear)
[    0.160973][    T1] pinctrl core: initialized pinctrl subsystem
[    0.179613][    T1] NET: Registered PF_NETLINK/PF_ROUTE protocol family
[    0.184458][    T1] audit: initializing netlink subsys (disabled)
[    0.188610][   T23] audit: type=2000 audit(1691839174.166:1): state=initialized audit_enabled=0 res=1
[    0.192775][    T1] thermal_sys: Registered thermal governor 'fair_share'
[    0.192829][    T1] thermal_sys: Registered thermal governor 'bang_bang'
[    0.193087][    T1] thermal_sys: Registered thermal governor 'step_wise'
[    0.193274][    T1] thermal_sys: Registered thermal governor 'user_space'
[    0.193888][    T1] cpuidle: using governor ladder
[    0.194355][    T1] cpuidle: using governor menu
[    0.195699][    T1] Failed to initialize. Disabling HugeTLB
[    0.196372][    T1] nvram: No room to create lnx,oops-log partition, deleting any obsolete OS partitions...
[    0.196871][    T1] nvram: Failed to find or create lnx,oops-log partition, err -28
[    0.197121][    T1] nvram: Failed to initialize oops partition!
[    0.204367][    T1] EEH: PowerNV platform initialized
[    0.225578][    T1] cpuidle-powernv: Default stop: psscr = 0x0000000000000330,mask=0x00000000003003ff
[    0.226057][    T1] cpuidle-powernv: Deepest stop: psscr = 0x0000000000300331,mask=0x00000000003003ff
[    0.226310][    T1] cpuidle-powernv: First stop level that may lose SPRs = 0x10
[    0.226511][    T1] cpuidle-powernv: First stop level that may lose timebase = 0x10
[    0.229432][    T1] kprobes: kprobe jump-optimization is enabled. All kprobes are optimized if possible.
[    0.272008][    T1] iommu: Default domain type: Translated
[    0.272295][    T1] iommu: DMA domain TLB invalidation policy: strict mode
[    0.273931][    T1] pps_core: LinuxPPS API ver. 1 registered
[    0.274118][    T1] pps_core: Software ver. 5.3.6 - Copyright 2005-2007 Rodolfo Giometti <giometti@linux.it>
[    0.274461][    T1] PTP clock support registered
[    0.274854][    T1] EDAC MC: Ver: 3.0.0
[    0.287211][    T1] NetLabel: Initializing
[    0.287361][    T1] NetLabel:  domain hash size = 128
[    0.287510][    T1] NetLabel:  protocols = UNLABELED CIPSOv4 CALIPSO
[    0.288831][    T1] NetLabel:  unlabeled traffic allowed by default
[    0.289095][    T1] mctp: management component transport protocol core
[    0.289335][    T1] NET: Registered PF_MCTP protocol family
[    0.290377][    T1] PCI: Probing PCI hardware
[    0.295393][    T1] vgaarb: loaded
[    0.299675][    T1] clocksource: Switched to clocksource timebase
[    0.317098][    T1] VFS: Disk quotas dquot_6.6.0
[    0.317571][    T1] VFS: Dquot-cache hash table entries: 8192 (order 0, 65536 bytes)
[    0.322807][    T1] hugetlbfs: disabling because there are no supported hugepage sizes
[    0.330309][    T1] AppArmor: AppArmor Filesystem Enabled
[    0.362746][    T1] NET: Registered PF_INET protocol family
[    0.364129][    T1] IP idents hash table entries: 32768 (order: 2, 262144 bytes, linear)
[    0.372752][    T1] tcp_listen_portaddr_hash hash table entries: 4096 (order: 0, 65536 bytes, linear)
[    0.373129][    T1] Table-perturb hash table entries: 65536 (order: 2, 262144 bytes, linear)
[    0.373421][    T1] TCP established hash table entries: 16384 (order: 1, 131072 bytes, linear)
[    0.373977][    T1] TCP bind hash table entries: 16384 (order: 3, 524288 bytes, linear)
[    0.374627][    T1] TCP: Hash tables configured (established 16384 bind 16384)
[    0.376502][    T1] MPTCP token hash table entries: 4096 (order: 0, 98304 bytes, linear)
[    0.377043][    T1] UDP hash table entries: 2048 (order: 0, 65536 bytes, linear)
[    0.377741][    T1] UDP-Lite hash table entries: 2048 (order: 0, 65536 bytes, linear)
[    0.379720][    T1] NET: Registered PF_UNIX/PF_LOCAL protocol family
[    0.380494][    T1] NET: Registered PF_XDP protocol family
[    0.380872][    T1] PCI: CLS 0 bytes, default 128
[    0.381868][    T1] rtas_flash: no firmware flash support
[    0.390770][   T11] Trying to unpack rootfs image as initramfs...
[    0.400444][    T1] Initialise system trusted keyrings
[    0.408803][    T1] Key type blacklist registered
[    0.409724][    T1] workingset: timestamp_bits=38 max_order=15 bucket_order=0
[    0.410194][    T1] zbud: loaded
[    0.419124][    T1] integrity: Platform Keyring initialized
[    0.497354][    T1] Key type asymmetric registered
[    0.497712][    T1] Asymmetric key parser 'x509' registered
[    0.506611][   T11] Freeing initrd memory: 8640K
[    0.531324][    T1] Block layer SCSI generic (bsg) driver version 0.4 loaded (major 247)
[    0.532271][    T1] io scheduler mq-deadline registered
[    0.532496][    T1] io scheduler kyber registered
[    0.533024][    T1] io scheduler bfq registered
[    0.540353][    T1] shpchp: Standard Hot Plug PCI Controller Driver version: 0.4
[    0.540667][    T1] rpaphp: RPA HOT Plug PCI Controller Driver version: 0.1
[    0.541039][    T1] rpadlpar_io_init: partition not DLPAR capable
[    0.543967][    T1] hvc0: raw protocol on /ibm,opal/consoles/serial@0 (boot console)
[    0.544317][    T1] hvc0: No interrupts property, using OPAL event
[    0.546851][    T1] Serial: 8250/16550 driver, 4 ports, IRQ sharing enabled
[    0.553239][    T1] pseries_rng: Registering IBM pSeries RNG driver
[    0.557449][    T1] mousedev: PS/2 mouse device common for all mice
[    0.558658][    T1] powernv-cpufreq: ibm,pstate-min node not found
[    0.558886][    T1] powernv-cpufreq: Platform driver disabled. System does not support PState control
[    0.561104][    T1] ledtrig-cpu: registered to indicate activity on CPUs
[    0.561713][    T1] hid: raw HID events driver (C) Jiri Kosina
[    0.562222][    T1] drop_monitor: Initializing network drop monitor service
[    0.620223][    T1] NET: Registered PF_INET6 protocol family
[    0.633525][    T1] Segment Routing with IPv6
[    0.633827][    T1] RPL Segment Routing with IPv6
[    0.634183][    T1] In-situ OAM (IOAM) with IPv6
[    0.634999][    T1] NET: Registered PF_KEY protocol family
[    0.635874][    T1] drmem: No dynamic reconfiguration memory found
[    0.650105][    T1] registered taskstats version 1
[    0.653110][    T1] Loading compiled-in X.509 certificates
[    0.737000][    T1] Loaded X.509 cert 'Build time autogenerated kernel key: 8b4773928734875e64b2fa5fbb63783cea2064ed'
[    0.750257][    T1] page_owner is disabled
[    0.751022][    T1] Key type .fscrypt registered
[    0.751186][    T1] Key type fscrypt-provisioning registered
[    0.763072][    T1] Key type encrypted registered
[    0.763354][    T1] AppArmor: AppArmor sha1 policy hashing enabled
[    0.764083][    T1] ima: No TPM chip found, activating TPM-bypass!
[    0.764336][    T1] Loading compiled-in module X.509 certificates
[    0.766926][    T1] Loaded X.509 cert 'Build time autogenerated kernel key: 8b4773928734875e64b2fa5fbb63783cea2064ed'
[    0.767350][    T1] ima: Allocated hash algorithm: sha256
[    0.769603][    T1] ima: No architecture policies found
[    0.770365][    T1] evm: Initialising EVM extended attributes:
[    0.770555][    T1] evm: security.selinux
[    0.770701][    T1] evm: security.SMACK64 (disabled)
[    0.770842][    T1] evm: security.SMACK64EXEC (disabled)
[    0.770988][    T1] evm: security.SMACK64TRANSMUTE (disabled)
[    0.771148][    T1] evm: security.SMACK64MMAP (disabled)
[    0.771295][    T1] evm: security.apparmor
[    0.771409][    T1] evm: security.ima
[    0.771512][    T1] evm: security.capability
[    0.771649][    T1] evm: HMAC attrs: 0x1
[    1.338851][    T1] clk: Disabling unused clocks
[    1.418256][    T1] Freeing unused kernel image (initmem) memory: 6720K
[    1.420117][    T1] Run /init as init process
[    1.675878][    T1] Not activating Mandatory Access Control as /sbin/tomoyo-init does not exist.
Starting syslogd: OK
Starting klogd: OK
Running sysctl: OK
Saving 256 bits of creditable seed for next boot
Starting network: OK
Linux version 6.5.0-rc5-next-20230809-default-cbl (nathan@dev-arch.m3-large-x86-01) (ClangBuiltLinux clang version 13.0.1 (https://github.com/llvm/llvm-project 75e33f71c2dae584b13a7d1186ae0a038ba98838), ClangBuiltLinux LLD 13.0.1 (https://github.com/llvm/llvm-project 75e33f71c2dae584b13a7d1186ae0a038ba98838)) #1 SMP Sat Aug 12 11:18:28 UTC 2023
Stopping network: OK
Seeding 256 bits and crediting
Saving 256 bits of creditable seed for next boot
Stopping klogd: OK
Stopping syslogd: OK
umount: devtmpfs busy - remounted read-only
umount: can't unmount /: Invalid argument

The system is going down NOW!

Sent SIGTERM to all processes

Sent SIGKILL to all processes

Requesting system poweroff
[    6.744078][  T186] reboot: Power down
[   11.388247649,5] OPAL: Shutdown request type 0x0...
$ timeout --foreground 3m stdbuf -eL -oL /usr/sbin/qemu-system-ppc64 -display none -nodefaults -device ipmi-bmc-sim,id=bmc0 -device isa-ipmi-bt,bmc=bmc0,irq=10 -machine powernv -kernel /home/nathan/tmp/build/cbl_lkt/linux-next/powerpc/arch/powerpc/boot/zImage.epapr -initrd /home/nathan/cbl/llvm-kernel-testing/src/boot-utils/images/ppc64le/rootfs.cpio -m 2G -serial mon:stdio
