/home/nathan/cbl/src/linux-next/net/ipv4/tcp_output.c:186:3: warning: result of comparison of constant -1 with expression of type 'u8' (aka 'unsigned char') is always false [-Wtautological-constant-out-of-range-compare]
                NET_ADD_STATS(sock_net(sk), LINUX_MIB_TCPACKCOMPRESSED,
                ^~~~~~~~~~~~~~~~~~~~~~~~~~~~~~~~~~~~~~~~~~~~~~~~~~~~~~~
/home/nathan/cbl/src/linux-next/include/net/ip.h:301:41: note: expanded from macro 'NET_ADD_STATS'
#define NET_ADD_STATS(net, field, adnd) SNMP_ADD_STATS((net)->mib.net_statistics, field, adnd)
                                        ^~~~~~~~~~~~~~~~~~~~~~~~~~~~~~~~~~~~~~~~~~~~~~~~~~~~~~
/home/nathan/cbl/src/linux-next/include/net/snmp.h:143:4: note: expanded from macro 'SNMP_ADD_STATS'
                        this_cpu_add(mib->mibs[field], addend)
                        ^~~~~~~~~~~~~~~~~~~~~~~~~~~~~~~~~~~~~~
/home/nathan/cbl/src/linux-next/include/linux/percpu-defs.h:491:33: note: expanded from macro 'this_cpu_add'
#define this_cpu_add(pcp, val)          __pcpu_size_call(this_cpu_add_, pcp, val)
                                        ^~~~~~~~~~~~~~~~~~~~~~~~~~~~~~~~~~~~~~~~~
note: (skipping 1 expansions in backtrace; use -fmacro-backtrace-limit=0 to see all)
<scratch space>:169:1: note: expanded from here
this_cpu_add_8
^
/home/nathan/cbl/src/linux-next/arch/x86/include/asm/percpu.h:370:35: note: expanded from macro 'this_cpu_add_8'
#define this_cpu_add_8(pcp, val)                percpu_add_op(8, volatile, (pcp), val)
                                                ^~~~~~~~~~~~~~~~~~~~~~~~~~~~~~~~~~~~~~
/home/nathan/cbl/src/linux-next/arch/x86/include/asm/percpu.h:127:31: note: expanded from macro 'percpu_add_op'
                              ((val) == 1 || (val) == -1)) ?            \
                                             ~~~~~ ^  ~~
1 warning generated.
/home/nathan/cbl/src/linux-next/drivers/block/rbd.c:6149:17: warning: result of comparison of constant 2305843009213693948 with expression of type 'u32' (aka 'unsigned int') is always false [-Wtautological-constant-out-of-range-compare]
        if (snap_count > (SIZE_MAX - sizeof (struct ceph_snap_context))
            ~~~~~~~~~~ ^ ~~~~~~~~~~~~~~~~~~~~~~~~~~~~~~~~~~~~~~~~~~~~~~
1 warning generated.
/home/nathan/cbl/src/linux-next/drivers/net/wireless/ath/ath9k/main.c:1566:21: warning: parameter 'changed_flags' set but not used [-Wunused-but-set-parameter]
                                   unsigned int changed_flags,
                                                ^
1 warning generated.
/home/nathan/cbl/src/linux-next/drivers/net/wireless/ath/ath5k/mac80211-ops.c:367:62: warning: parameter 'changed_flags' set but not used [-Wunused-but-set-parameter]
ath5k_configure_filter(struct ieee80211_hw *hw, unsigned int changed_flags,
                                                             ^
1 warning generated.
/home/nathan/cbl/src/linux-next/net/ceph/osdmap.c:1441:10: warning: result of comparison of constant 4611686018427387891 with expression of type 'u32' (aka 'unsigned int') is always false [-Wtautological-constant-out-of-range-compare]
        if (len > (SIZE_MAX - sizeof(*pg)) / sizeof(u32))
            ~~~ ^ ~~~~~~~~~~~~~~~~~~~~~~~~~~~~~~~~~~~~~~
/home/nathan/cbl/src/linux-next/net/ceph/osdmap.c:1624:10: warning: result of comparison of constant 2305843009213693945 with expression of type 'u32' (aka 'unsigned int') is always false [-Wtautological-constant-out-of-range-compare]
        if (len > (SIZE_MAX - sizeof(*pg)) / (2 * sizeof(u32)))
            ~~~ ^ ~~~~~~~~~~~~~~~~~~~~~~~~~~~~~~~~~~~~~~~~~~~~
2 warnings generated.
/home/nathan/cbl/src/linux-next/drivers/net/wireless/ath/ath9k/htc_drv_main.c:1258:25: warning: parameter 'changed_flags' set but not used [-Wunused-but-set-parameter]
                                       unsigned int changed_flags,
                                                    ^
1 warning generated.
/home/nathan/cbl/src/linux-next/drivers/md/dm-integrity.c:4159:12: warning: result of comparison of constant 17179869180 with expression of type 'unsigned int' is always false [-Wtautological-constant-out-of-range-compare]
                        if (val >= (uint64_t)UINT_MAX * 1000 / HZ) {
                            ~~~ ^  ~~~~~~~~~~~~~~~~~~~~~~~~~~~~~~
1 warning generated.
/home/nathan/cbl/src/linux-next/drivers/net/ethernet/qlogic/qed/qed_vf.c:63:67: warning: parameter 'resp_size' set but not used [-Wunused-but-set-parameter]
static int qed_send_msg2pf(struct qed_hwfn *p_hwfn, u8 *done, u32 resp_size)
                                                                  ^
1 warning generated.
drivers/infiniband/hw/hfi1/platform.o: warning: objtool: tune_serdes() falls through to next function apply_cdr_settings()
/home/nathan/cbl/src/linux-next/fs/ceph/snap.c:372:10: warning: result of comparison of constant 2305843009213693948 with expression of type 'u32' (aka 'unsigned int') is always false [-Wtautological-constant-out-of-range-compare]
        if (num > (SIZE_MAX - sizeof(*snapc)) / sizeof(u64))
            ~~~ ^ ~~~~~~~~~~~~~~~~~~~~~~~~~~~~~~~~~~~~~~~~~
1 warning generated.

[01;32mQEMU location: [0m/usr/sbin[0m

[01;32mQEMU version: [0mQEMU emulator version 8.0.3[0m
[    0.000000] Linux version 6.5.0-rc5-next-20230809-cbl (nathan@dev-arch.m3-large-x86-01) (ClangBuiltLinux clang version 13.0.1 (https://github.com/llvm/llvm-project 75e33f71c2dae584b13a7d1186ae0a038ba98838), ClangBuiltLinux LLD 13.0.1 (https://github.com/llvm/llvm-project 75e33f71c2dae584b13a7d1186ae0a038ba98838)) #1 SMP PREEMPT_DYNAMIC Sat Aug 12 12:17:37 UTC 2023
[    0.000000] Command line: console=ttyS0 earlycon=uart8250,io,0x3f8
[    0.000000] BIOS-provided physical RAM map:
[    0.000000] BIOS-e820: [mem 0x0000000000000000-0x000000000009fbff] usable
[    0.000000] BIOS-e820: [mem 0x000000000009fc00-0x000000000009ffff] reserved
[    0.000000] BIOS-e820: [mem 0x00000000000f0000-0x00000000000fffff] reserved
[    0.000000] BIOS-e820: [mem 0x0000000000100000-0x000000001ffdffff] usable
[    0.000000] BIOS-e820: [mem 0x000000001ffe0000-0x000000001fffffff] reserved
[    0.000000] BIOS-e820: [mem 0x00000000feffc000-0x00000000feffffff] reserved
[    0.000000] BIOS-e820: [mem 0x00000000fffc0000-0x00000000ffffffff] reserved
[    0.000000] BIOS-e820: [mem 0x000000fd00000000-0x000000ffffffffff] reserved
[    0.000000] earlycon: uart8250 at I/O port 0x3f8 (options '')
[    0.000000] printk: bootconsole [uart8250] enabled
[    0.000000] NX (Execute Disable) protection: active
[    0.000000] SMBIOS 2.8 present.
[    0.000000] DMI: QEMU Standard PC (i440FX + PIIX, 1996), BIOS Arch Linux 1.16.2-1-1 04/01/2014
[    0.000000] Hypervisor detected: KVM
[    0.000000] kvm-clock: Using msrs 4b564d01 and 4b564d00
[    0.000000] kvm-clock: using sched offset of 982457401 cycles
[    0.000515] clocksource: kvm-clock: mask: 0xffffffffffffffff max_cycles: 0x1cd42e4dffb, max_idle_ns: 881590591483 ns
[    0.002108] tsc: Detected 2495.312 MHz processor
[    0.002684] last_pfn = 0x1ffe0 max_arch_pfn = 0x400000000
[    0.003248] MTRR map: 4 entries (3 fixed + 1 variable; max 19), built from 8 variable MTRRs
[    0.004065] x86/PAT: Configuration [0-7]: WB  WC  UC- UC  WB  WP  UC- WT  
[    0.007238] found SMP MP-table at [mem 0x000f6e60-0x000f6e6f]
[    0.007822] Using GB pages for direct mapping
[    0.008413] RAMDISK: [mem 0x1fad3000-0x1ffdffff]
[    0.008916] ACPI: Early table checksum verification disabled
[    0.009475] ACPI: RSDP 0x00000000000F6C90 000014 (v00 BOCHS )
[    0.010037] ACPI: RSDT 0x000000001FFE31D1 000034 (v01 BOCHS  BXPC     00000001 BXPC 00000001)
[    0.010879] ACPI: FACP 0x000000001FFE2E8D 000074 (v01 BOCHS  BXPC     00000001 BXPC 00000001)
[    0.011715] ACPI: DSDT 0x000000001FFE0040 002E4D (v01 BOCHS  BXPC     00000001 BXPC 00000001)
[    0.012548] ACPI: FACS 0x000000001FFE0000 000040
[    0.012997] ACPI: APIC 0x000000001FFE2F01 000270 (v01 BOCHS  BXPC     00000001 BXPC 00000001)
[    0.013828] ACPI: HPET 0x000000001FFE3171 000038 (v01 BOCHS  BXPC     00000001 BXPC 00000001)
[    0.014683] ACPI: WAET 0x000000001FFE31A9 000028 (v01 BOCHS  BXPC     00000001 BXPC 00000001)
[    0.015515] ACPI: Reserving FACP table memory at [mem 0x1ffe2e8d-0x1ffe2f00]
[    0.016201] ACPI: Reserving DSDT table memory at [mem 0x1ffe0040-0x1ffe2e8c]
[    0.016885] ACPI: Reserving FACS table memory at [mem 0x1ffe0000-0x1ffe003f]
[    0.017567] ACPI: Reserving APIC table memory at [mem 0x1ffe2f01-0x1ffe3170]
[    0.018260] ACPI: Reserving HPET table memory at [mem 0x1ffe3171-0x1ffe31a8]
[    0.018946] ACPI: Reserving WAET table memory at [mem 0x1ffe31a9-0x1ffe31d0]
[    0.019886] No NUMA configuration found
[    0.020260] Faking a node at [mem 0x0000000000000000-0x000000001ffdffff]
[    0.020945] NODE_DATA(0) allocated [mem 0x1faa8000-0x1fad2fff]
[    0.021682] Zone ranges:
[    0.021929]   DMA      [mem 0x0000000000001000-0x0000000000ffffff]
[    0.022534]   DMA32    [mem 0x0000000001000000-0x000000001ffdffff]
[    0.023137]   Normal   empty
[    0.023417]   Device   empty
[    0.023697] Movable zone start for each node
[    0.024112] Early memory node ranges
[    0.024456]   node   0: [mem 0x0000000000001000-0x000000000009efff]
[    0.025074]   node   0: [mem 0x0000000000100000-0x000000001ffdffff]
[    0.025681] Initmem setup node 0 [mem 0x0000000000001000-0x000000001ffdffff]
[    0.026544] On node 0, zone DMA: 1 pages in unavailable ranges
[    0.026576] On node 0, zone DMA: 97 pages in unavailable ranges
[    0.027984] On node 0, zone DMA32: 32 pages in unavailable ranges
[    0.028787] ACPI: PM-Timer IO Port: 0x608
[    0.029785] ACPI: LAPIC_NMI (acpi_id[0xff] dfl dfl lint[0x1])
[    0.030366] IOAPIC[0]: apic_id 0, version 17, address 0xfec00000, GSI 0-23
[    0.031041] ACPI: INT_SRC_OVR (bus 0 bus_irq 0 global_irq 2 dfl dfl)
[    0.031663] ACPI: INT_SRC_OVR (bus 0 bus_irq 5 global_irq 5 high level)
[    0.032309] ACPI: INT_SRC_OVR (bus 0 bus_irq 9 global_irq 9 high level)
[    0.033025] ACPI: INT_SRC_OVR (bus 0 bus_irq 10 global_irq 10 high level)
[    0.033697] ACPI: INT_SRC_OVR (bus 0 bus_irq 11 global_irq 11 high level)
[    0.034386] ACPI: Using ACPI (MADT) for SMP configuration information
[    0.035009] ACPI: HPET id: 0x8086a201 base: 0xfed00000
[    0.035511] TSC deadline timer available
[    0.035945] smpboot: Allowing 64 CPUs, 0 hotplug CPUs
[    0.036449] kvm-guest: KVM setup pv remote TLB flush
[    0.036940] kvm-guest: setup PV sched yield
[    0.037354] PM: hibernation: Registered nosave memory: [mem 0x00000000-0x00000fff]
[    0.038090] PM: hibernation: Registered nosave memory: [mem 0x0009f000-0x0009ffff]
[    0.038826] PM: hibernation: Registered nosave memory: [mem 0x000a0000-0x000effff]
[    0.039555] PM: hibernation: Registered nosave memory: [mem 0x000f0000-0x000fffff]
[    0.040333] [mem 0x20000000-0xfeffbfff] available for PCI devices
[    0.040924] Booting paravirtualized kernel on KVM
[    0.041384] clocksource: refined-jiffies: mask: 0xffffffff max_cycles: 0xffffffff, max_idle_ns: 7645519600211568 ns
[    0.047317] setup_percpu: NR_CPUS:8192 nr_cpumask_bits:64 nr_cpu_ids:64 nr_node_ids:1
[    0.050956] percpu: Embedded 62 pages/cpu s217088 r8192 d28672 u262144
[    0.051703] kvm-guest: PV spinlocks enabled
[    0.052132] PV qspinlock hash table entries: 256 (order: 0, 4096 bytes, linear)
[    0.052861] Kernel command line: console=ttyS0 earlycon=uart8250,io,0x3f8
[    0.053611] random: crng init done
[    0.053949] printk: log_buf_len individual max cpu contribution: 4096 bytes
[    0.054637] printk: log_buf_len total cpu_extra contributions: 258048 bytes
[    0.055337] printk: log_buf_len min size: 131072 bytes
[    0.056242] printk: log_buf_len: 524288 bytes
[    0.056676] printk: early log buf free: 124552(95%)
[    0.057333] Dentry cache hash table entries: 65536 (order: 7, 524288 bytes, linear)
[    0.058109] Inode-cache hash table entries: 32768 (order: 6, 262144 bytes, linear)
[    0.059259] Fallback order for Node 0: 0 
[    0.059271] Built 1 zonelists, mobility grouping on.  Total pages: 128736
[    0.060347] Policy zone: DMA32
[    0.060654] mem auto-init: stack:all(zero), heap alloc:on, heap free:off
[    0.062329] Memory: 238332K/523768K available (14336K kernel code, 2292K rwdata, 9372K rodata, 2764K init, 4816K bss, 72660K reserved, 0K cma-reserved)
[    0.063936] SLUB: HWalign=64, Order=0-3, MinObjects=0, CPUs=64, Nodes=1
[    0.064616] ftrace: allocating 42143 entries in 165 pages
[    0.065324] ftrace: allocated 165 pages with 4 groups
[    0.066594] Dynamic Preempt: voluntary
[    0.067297] rcu: Preemptible hierarchical RCU implementation.
[    0.067871] rcu: 	RCU restricting CPUs from NR_CPUS=8192 to nr_cpu_ids=64.
[    0.068551] 	Trampoline variant of Tasks RCU enabled.
[    0.069046] 	Rude variant of Tasks RCU enabled.
[    0.069495] 	Tracing variant of Tasks RCU enabled.
[    0.069967] rcu: RCU calculated value of scheduler-enlistment delay is 25 jiffies.
[    0.070711] rcu: Adjusting geometry for rcu_fanout_leaf=16, nr_cpu_ids=64
[    0.074071] NR_IRQS: 524544, nr_irqs: 936, preallocated irqs: 16
[    0.074888] rcu: srcu_init: Setting srcu_struct sizes based on contention.
[    0.075768] Console: colour *CGA 80x25
[    0.076170] printk: console [ttyS0] enabled
[    0.076170] printk: console [ttyS0] enabled
[    0.076999] printk: bootconsole [uart8250] disabled
[    0.076999] printk: bootconsole [uart8250] disabled
[    0.078017] ACPI: Core revision 20230628
[    0.078527] clocksource: hpet: mask: 0xffffffff max_cycles: 0xffffffff, max_idle_ns: 19112604467 ns
[    0.079514] APIC: Switch to symmetric I/O mode setup
[    0.080222] x2apic enabled
[    0.080683] Switched APIC routing to physical x2apic.
[    0.081201] kvm-guest: setup PV IPIs
[    0.082551] ..TIMER: vector=0x30 apic1=0 pin1=2 apic2=-1 pin2=-1
[    0.083651] tsc: Marking TSC unstable due to TSCs unsynchronized
[    0.084686] Calibrating delay loop (skipped) preset value.. 4990.62 BogoMIPS (lpj=9981248)
[    0.086270] x86/cpu: User Mode Instruction Prevention (UMIP) activated
[    0.088715] Last level iTLB entries: 4KB 512, 2MB 255, 4MB 127
[    0.089747] Last level dTLB entries: 4KB 512, 2MB 255, 4MB 127, 1GB 0
[    0.090887] Spectre V1 : Mitigation: usercopy/swapgs barriers and __user pointer sanitization
[    0.092395] Spectre V2 : Mitigation: Retpolines
[    0.092688] Spectre V2 : Spectre v2 / SpectreRSB mitigation: Filling RSB on context switch
[    0.094143] Spectre V2 : Spectre v2 / SpectreRSB : Filling RSB on VMEXIT
[    0.095321] Spectre V2 : Enabling Speculation Barrier for firmware calls
[    0.096683] RETBleed: Mitigation: IBPB
[    0.097357] Spectre V2 : mitigation: Enabling conditional Indirect Branch Prediction Barrier
[    0.098851] Speculative Store Bypass: Mitigation: Speculative Store Bypass disabled via prctl
[    0.100683] Speculative Return Stack Overflow: Retbleed IBPB mitigation enabled, using same for SRSO
[    0.102364] x86/fpu: Supporting XSAVE feature 0x001: 'x87 floating point registers'
[    0.103652] x86/fpu: Supporting XSAVE feature 0x002: 'SSE registers'
[    0.104688] x86/fpu: Supporting XSAVE feature 0x004: 'AVX registers'
[    0.105772] x86/fpu: xstate_offset[2]:  576, xstate_sizes[2]:  256
[    0.106860] x86/fpu: Enabled xstate features 0x7, context size is 832 bytes, using 'compacted' format.
[    0.112685] Freeing SMP alternatives memory: 40K
[    0.113490] pid_max: default: 65536 minimum: 512
[    0.114368] LSM: initializing lsm=lockdown,capability,landlock,yama,apparmor,tomoyo,bpf,integrity
[    0.115904] landlock: Up and running.
[    0.116577] Yama: becoming mindful.
[    0.116713] AppArmor: AppArmor initialized
[    0.117417] TOMOYO Linux initialized
[    0.118039] LSM support for eBPF active
[    0.118791] Mount-cache hash table entries: 1024 (order: 1, 8192 bytes, linear)
[    0.120077] Mountpoint-cache hash table entries: 1024 (order: 1, 8192 bytes, linear)
[    0.121101] smpboot: CPU0: AMD EPYC 7502P 32-Core Processor (family: 0x17, model: 0x31, stepping: 0x0)
[    0.122871] RCU Tasks: Setting shift to 6 and lim to 1 rcu_task_cb_adjust=1.
[    0.124113] RCU Tasks Rude: Setting shift to 6 and lim to 1 rcu_task_cb_adjust=1.
[    0.124712] RCU Tasks Trace: Setting shift to 6 and lim to 1 rcu_task_cb_adjust=1.
[    0.126025] Performance Events: Fam17h+ core perfctr, AMD PMU driver.
[    0.127189] ... version:                0
[    0.127881] ... bit width:              48
[    0.128630] ... generic registers:      6
[    0.128685] ... value mask:             0000ffffffffffff
[    0.129607] ... max period:             00007fffffffffff
[    0.130576] ... fixed-purpose events:   0
[    0.131273] ... event mask:             000000000000003f
[    0.132349] signal: max sigframe size: 1776
[    0.132721] rcu: Hierarchical SRCU implementation.
[    0.133556] rcu: 	Max phase no-delay instances is 1000.
[    0.135291] smp: Bringing up secondary CPUs ...
[    0.136182] smpboot: x86: Booting SMP configuration:
[    0.136688] .... node  #0, CPUs:        #1  #2  #3  #4  #5  #6  #7  #8  #9 #10 #11 #12 #13 #14 #15 #16 #17 #18 #19 #20 #21 #22 #23 #24 #25 #26 #27 #28 #29 #30 #31 #32 #33 #34 #35 #36 #37 #38 #39 #40 #41 #42 #43 #44 #45 #46 #47 #48 #49 #50 #51 #52 #53 #54 #55 #56 #57 #58 #59 #60 #61 #62 #63
[    0.180988] smp: Brought up 1 node, 64 CPUs
[    0.185434] smpboot: Max logical packages: 1
[    0.186193] smpboot: Total of 64 processors activated (319399.93 BogoMIPS)
[    0.197986] node 0 deferred pages initialised in 0ms
[    0.198305] devtmpfs: initialized
[    0.200728] x86/mm: Memory block size: 128MB
[    0.201677] clocksource: jiffies: mask: 0xffffffff max_cycles: 0xffffffff, max_idle_ns: 7645041785100000 ns
[    0.202457] futex hash table entries: 16384 (order: 8, 1048576 bytes, linear)
[    0.204807] pinctrl core: initialized pinctrl subsystem
[    0.206797] NET: Registered PF_NETLINK/PF_ROUTE protocol family
[    0.207888] DMA: preallocated 128 KiB GFP_KERNEL pool for atomic allocations
[    0.208782] DMA: preallocated 128 KiB GFP_KERNEL|GFP_DMA pool for atomic allocations
[    0.210080] DMA: preallocated 128 KiB GFP_KERNEL|GFP_DMA32 pool for atomic allocations
[    0.211401] audit: initializing netlink subsys (disabled)
[    0.212353] audit: type=2000 audit(1691842719.136:1): state=initialized audit_enabled=0 res=1
[    0.212353] thermal_sys: Registered thermal governor 'fair_share'
[    0.212686] thermal_sys: Registered thermal governor 'bang_bang'
[    0.213730] thermal_sys: Registered thermal governor 'step_wise'
[    0.214770] thermal_sys: Registered thermal governor 'user_space'
[    0.215884] thermal_sys: Registered thermal governor 'power_allocator'
[    0.216742] cpuidle: using governor ladder
[    0.218595] cpuidle: using governor menu
[    0.220967] acpiphp: ACPI Hot Plug PCI Controller Driver version: 0.5
[    0.222183] PCI: Using configuration type 1 for base access
[    0.223148] PCI: Using configuration type 1 for extended access
[    0.226179] kprobes: kprobe jump-optimization is enabled. All kprobes are optimized if possible.
[    0.227714] HugeTLB: registered 1.00 GiB page size, pre-allocated 0 pages
[    0.228687] HugeTLB: 16380 KiB vmemmap can be freed for a 1.00 GiB page
[    0.229769] HugeTLB: registered 2.00 MiB page size, pre-allocated 0 pages
[    0.230922] HugeTLB: 28 KiB vmemmap can be freed for a 2.00 MiB page
[    0.232029] ACPI: Added _OSI(Module Device)
[    0.232686] ACPI: Added _OSI(Processor Device)
[    0.233420] ACPI: Added _OSI(3.0 _SCP Extensions)
[    0.234239] ACPI: Added _OSI(Processor Aggregator Device)
[    0.235933] ACPI: 1 ACPI AML tables successfully acquired and loaded
[    0.237377] ACPI: _OSC evaluation for CPUs failed, trying _PDC
[    0.238570] ACPI: Interpreter enabled
[    0.239187] ACPI: PM: (supports S0 S3 S4 S5)
[    0.239887] ACPI: Using IOAPIC for interrupt routing
[    0.240696] PCI: Using host bridge windows from ACPI; if necessary, use "pci=nocrs" and report a bug
[    0.242208] PCI: Using E820 reservations for host bridge windows
[    0.243304] ACPI: Enabled 2 GPEs in block 00 to 0F
[    0.247647] ACPI: PCI Root Bridge [PCI0] (domain 0000 [bus 00-ff])
[    0.248690] acpi PNP0A03:00: _OSC: OS supports [ExtendedConfig ASPM ClockPM Segments MSI HPX-Type3]
[    0.250473] acpiphp: Slot [2] registered
[    0.251137] acpiphp: Slot [3] registered
[    0.251792] acpiphp: Slot [4] registered
[    0.252505] acpiphp: Slot [5] registered
[    0.252702] acpiphp: Slot [6] registered
[    0.253419] acpiphp: Slot [7] registered
[    0.254083] acpiphp: Slot [8] registered
[    0.254743] acpiphp: Slot [9] registered
[    0.255406] acpiphp: Slot [10] registered
[    0.256080] acpiphp: Slot [11] registered
[    0.256699] acpiphp: Slot [12] registered
[    0.257423] acpiphp: Slot [13] registered
[    0.258112] acpiphp: Slot [14] registered
[    0.258799] acpiphp: Slot [15] registered
[    0.259486] acpiphp: Slot [16] registered
[    0.260219] acpiphp: Slot [17] registered
[    0.260700] acpiphp: Slot [18] registered
[    0.261403] acpiphp: Slot [19] registered
[    0.262098] acpiphp: Slot [20] registered
[    0.262790] acpiphp: Slot [21] registered
[    0.263486] acpiphp: Slot [22] registered
[    0.264163] acpiphp: Slot [23] registered
[    0.264698] acpiphp: Slot [24] registered
[    0.265379] acpiphp: Slot [25] registered
[    0.266070] acpiphp: Slot [26] registered
[    0.266781] acpiphp: Slot [27] registered
[    0.267508] acpiphp: Slot [28] registered
[    0.268192] acpiphp: Slot [29] registered
[    0.268697] acpiphp: Slot [30] registered
[    0.269383] acpiphp: Slot [31] registered
[    0.270058] PCI host bridge to bus 0000:00
[    0.270729] pci_bus 0000:00: root bus resource [io  0x0000-0x0cf7 window]
[    0.271881] pci_bus 0000:00: root bus resource [io  0x0d00-0xffff window]
[    0.272685] pci_bus 0000:00: root bus resource [mem 0x000a0000-0x000bffff window]
[    0.273926] pci_bus 0000:00: root bus resource [mem 0x20000000-0xfebfffff window]
[    0.275229] pci_bus 0000:00: root bus resource [mem 0x100000000-0x17fffffff window]
[    0.276589] pci_bus 0000:00: root bus resource [bus 00-ff]
[    0.276809] pci 0000:00:00.0: [8086:1237] type 00 class 0x060000
[    0.278166] pci 0000:00:01.0: [8086:7000] type 00 class 0x060100
[    0.279696] pci 0000:00:01.1: [8086:7010] type 00 class 0x010180
[    0.281990] pci 0000:00:01.1: reg 0x20: [io  0xc000-0xc00f]
[    0.283511] pci 0000:00:01.1: legacy IDE quirk: reg 0x10: [io  0x01f0-0x01f7]
[    0.284686] pci 0000:00:01.1: legacy IDE quirk: reg 0x14: [io  0x03f6]
[    0.286015] pci 0000:00:01.1: legacy IDE quirk: reg 0x18: [io  0x0170-0x0177]
[    0.287293] pci 0000:00:01.1: legacy IDE quirk: reg 0x1c: [io  0x0376]
[    0.288547] pci 0000:00:01.3: [8086:7113] type 00 class 0x068000
[    0.289063] pci 0000:00:01.3: quirk: [io  0x0600-0x063f] claimed by PIIX4 ACPI
[    0.290346] pci 0000:00:01.3: quirk: [io  0x0700-0x070f] claimed by PIIX4 SMB
[    0.291961] ACPI: PCI: Interrupt link LNKA configured for IRQ 10
[    0.292820] ACPI: PCI: Interrupt link LNKB configured for IRQ 10
[    0.293996] ACPI: PCI: Interrupt link LNKC configured for IRQ 11
[    0.295191] ACPI: PCI: Interrupt link LNKD configured for IRQ 11
[    0.296283] ACPI: PCI: Interrupt link LNKS configured for IRQ 9
[    0.298375] iommu: Default domain type: Translated
[    0.298375] iommu: DMA domain TLB invalidation policy: lazy mode
[    0.298559] pps_core: LinuxPPS API ver. 1 registered
[    0.300687] pps_core: Software ver. 5.3.6 - Copyright 2005-2007 Rodolfo Giometti <giometti@linux.it>
[    0.302251] PTP clock support registered
[    0.302905] EDAC MC: Ver: 3.0.0
[    0.303546] NetLabel: Initializing
[    0.303546] NetLabel:  domain hash size = 128
[    0.304687] NetLabel:  protocols = UNLABELED CIPSOv4 CALIPSO
[    0.305631] NetLabel:  unlabeled traffic allowed by default
[    0.306547] PCI: Using ACPI for IRQ routing
[    0.307310] vgaarb: loaded
[    0.307310] hpet0: at MMIO 0xfed00000, IRQs 2, 8, 0
[    0.308686] hpet0: 3 comparators, 64-bit 100.000000 MHz counter
[    0.313403] clocksource: Switched to clocksource kvm-clock
[    0.315981] VFS: Disk quotas dquot_6.6.0
[    0.316796] VFS: Dquot-cache hash table entries: 512 (order 0, 4096 bytes)
[    0.317397] AppArmor: AppArmor Filesystem Enabled
[    0.317397] pnp: PnP ACPI init
[    0.317397] pnp: PnP ACPI: found 5 devices
[    0.326986] clocksource: acpi_pm: mask: 0xffffff max_cycles: 0xffffff, max_idle_ns: 2085701024 ns
[    0.328753] NET: Registered PF_INET protocol family
[    0.329692] IP idents hash table entries: 8192 (order: 4, 65536 bytes, linear)
[    0.331562] tcp_listen_portaddr_hash hash table entries: 256 (order: 0, 4096 bytes, linear)
[    0.333123] Table-perturb hash table entries: 65536 (order: 6, 262144 bytes, linear)
[    0.334626] TCP established hash table entries: 4096 (order: 3, 32768 bytes, linear)
[    0.336086] TCP bind hash table entries: 4096 (order: 5, 131072 bytes, linear)
[    0.337470] TCP: Hash tables configured (established 4096 bind 4096)
[    0.338783] MPTCP token hash table entries: 512 (order: 1, 12288 bytes, linear)
[    0.340122] UDP hash table entries: 256 (order: 1, 8192 bytes, linear)
[    0.341369] UDP-Lite hash table entries: 256 (order: 1, 8192 bytes, linear)
[    0.342754] NET: Registered PF_UNIX/PF_LOCAL protocol family
[    0.343795] NET: Registered PF_XDP protocol family
[    0.344677] pci_bus 0000:00: resource 4 [io  0x0000-0x0cf7 window]
[    0.345810] pci_bus 0000:00: resource 5 [io  0x0d00-0xffff window]
[    0.346986] pci_bus 0000:00: resource 6 [mem 0x000a0000-0x000bffff window]
[    0.348269] pci_bus 0000:00: resource 7 [mem 0x20000000-0xfebfffff window]
[    0.349555] pci_bus 0000:00: resource 8 [mem 0x100000000-0x17fffffff window]
[    0.350926] pci 0000:00:01.0: PIIX3: Enabling Passive Release
[    0.351979] pci 0000:00:00.0: Limiting direct PCI/PCI transfers
[    0.353082] PCI: CLS 0 bytes, default 64
[    0.354095] Trying to unpack rootfs image as initramfs...
[    0.354775] Initialise system trusted keyrings
[    0.355863] Key type blacklist registered
[    0.356651] workingset: timestamp_bits=36 max_order=17 bucket_order=0
[    0.357833] zbud: loaded
[    0.358934] integrity: Platform Keyring initialized
[    0.359257] Freeing initrd memory: 5172K
[    0.359784] integrity: Machine keyring initialized
[    0.361272] Key type asymmetric registered
[    0.361950] Asymmetric key parser 'x509' registered
[    0.365471] Block layer SCSI generic (bsg) driver version 0.4 loaded (major 247)
[    0.366808] io scheduler mq-deadline registered
[    0.369562] shpchp: Standard Hot Plug PCI Controller Driver version: 0.4
[    0.372477] Serial: 8250/16550 driver, 4 ports, IRQ sharing enabled
[    0.373863] 00:03: ttyS0 at I/O 0x3f8 (irq = 4, base_baud = 115200) is a 16550A
[    0.375477] Linux agpgart interface v0.103
[    0.376229] AMD-Vi: AMD IOMMUv2 functionality not available on this system - This is not a bug.
[    0.385598] i8042: PNP: PS/2 Controller [PNP0303:KBD,PNP0f13:MOU] at 0x60,0x64 irq 1,12
[    0.387647] serio: i8042 KBD port at 0x60,0x64 irq 1
[    0.388494] serio: i8042 AUX port at 0x60,0x64 irq 12
[    0.389459] mousedev: PS/2 mouse device common for all mice
[    0.390413] rtc_cmos 00:04: RTC can wake from S4
[    0.391832] input: AT Translated Set 2 keyboard as /devices/platform/i8042/serio0/input/input0
[    0.393194] rtc_cmos 00:04: registered as rtc0
[    0.394142] rtc_cmos 00:04: setting system clock to 2023-08-12T12:18:38 UTC (1691842718)
[    0.395562] rtc_cmos 00:04: alarms up to one day, y3k, 242 bytes nvram, hpet irqs
[    0.396806] amd_pstate: the _CPC object is not present in SBIOS or ACPI disabled
[    0.399464] ledtrig-cpu: registered to indicate activity on CPUs
[    0.409581] NET: Registered PF_INET6 protocol family
[    0.412663] Segment Routing with IPv6
[    0.413312] In-situ OAM (IOAM) with IPv6
[    0.413998] mip6: Mobile IPv6
[    0.414502] NET: Registered PF_PACKET protocol family
[    0.415432] mpls_gso: MPLS GSO support
[    0.420126] IPI shorthand broadcast: enabled
[    0.421725] sched_clock: Marking stable (416002241, 5097109)->(439820571, -18721221)
[    0.423370] registered taskstats version 1
[    0.424490] Loading compiled-in X.509 certificates
[    0.438775] Loaded X.509 cert 'Build time autogenerated kernel key: aece586abc190412548a0b442a8d40fa07bb1887'
[    0.441764] Key type .fscrypt registered
[    0.442426] Key type fscrypt-provisioning registered
[    0.445053] Key type encrypted registered
[    0.445744] AppArmor: AppArmor sha1 policy hashing enabled
[    0.446650] ima: No TPM chip found, activating TPM-bypass!
[    0.447539] ima: Allocated hash algorithm: sha256
[    0.448312] ima: No architecture policies found
[    0.449064] evm: Initialising EVM extended attributes:
[    0.449918] evm: security.selinux
[    0.450464] evm: security.SMACK64 (disabled)
[    0.451154] evm: security.SMACK64EXEC (disabled)
[    0.451897] evm: security.SMACK64TRANSMUTE (disabled)
[    0.452728] evm: security.SMACK64MMAP (disabled)
[    0.453501] evm: security.apparmor
[    0.454062] evm: security.ima
[    0.454552] evm: security.capability
[    0.455132] evm: HMAC attrs: 0x1
[    0.533047] clk: Disabling unused clocks
[    0.535744] Freeing unused decrypted memory: 2036K
[    0.537015] Freeing unused kernel image (initmem) memory: 2764K
[    0.553128] Write protecting the kernel read-only data: 24576k
[    0.554629] Freeing unused kernel image (rodata/data gap) memory: 868K
[    0.593330] x86/mm: Checked W+X mappings: passed, no W+X pages found.
[    0.594269] Run /init as init process
[    0.596596] Not activating Mandatory Access Control as /sbin/tomoyo-init does not exist.
Starting syslogd: OK
Starting klogd: OK
Running sysctl: OK
Saving 256 bits of creditable seed for next boot
Starting network: OK
Linux version 6.5.0-rc5-next-20230809-cbl (nathan@dev-arch.m3-large-x86-01) (ClangBuiltLinux clang version 13.0.1 (https://github.com/llvm/llvm-project 75e33f71c2dae584b13a7d1186ae0a038ba98838), ClangBuiltLinux LLD 13.0.1 (https://github.com/llvm/llvm-project 75e33f71c2dae584b13a7d1186ae0a038ba98838)) #1 SMP PREEMPT_DYNAMIC Sat Aug 12 12:17:37 UTC 2023
Stopping network: OK
Seeding 256 bits and crediting
Saving 256 bits of creditable seed for next boot
Stopping klogd: OK
Stopping syslogd: OK
umount: devtmpfs busy - remounted read-only
umount: can't unmount /: Invalid argument

The system is going down NOW!

Sent SIGTERM to all processes

Sent SIGKILL to all processes

Requesting system poweroff
[    2.676046] ACPI: PM: Preparing to enter system sleep state S5
[    2.677008] reboot: Power down
$ timeout --foreground 3m stdbuf -eL -oL /usr/sbin/qemu-system-x86_64 -display none -nodefaults -d unimp,guest_errors -append 'console=ttyS0 earlycon=uart8250,io,0x3f8' -kernel /home/nathan/tmp/build/cbl_lkt/linux-next/x86_64/arch/x86/boot/bzImage -initrd /home/nathan/cbl/llvm-kernel-testing/src/boot-utils/images/x86_64/rootfs.cpio -cpu host -enable-kvm -m 512m -smp 64 -serial mon:stdio
