/home/nathan/cbl/src/linux-next/net/ipv4/tcp_output.c:186:3: warning: result of comparison of constant -1 with expression of type 'u8' (aka 'unsigned char') is always false [-Wtautological-constant-out-of-range-compare]
                NET_ADD_STATS(sock_net(sk), LINUX_MIB_TCPACKCOMPRESSED,
                ^~~~~~~~~~~~~~~~~~~~~~~~~~~~~~~~~~~~~~~~~~~~~~~~~~~~~~~
/home/nathan/cbl/src/linux-next/include/net/ip.h:301:41: note: expanded from macro 'NET_ADD_STATS'
#define NET_ADD_STATS(net, field, adnd) SNMP_ADD_STATS((net)->mib.net_statistics, field, adnd)
                                        ^~~~~~~~~~~~~~~~~~~~~~~~~~~~~~~~~~~~~~~~~~~~~~~~~~~~~~
/home/nathan/cbl/src/linux-next/include/net/snmp.h:143:4: note: expanded from macro 'SNMP_ADD_STATS'
                        this_cpu_add(mib->mibs[field], addend)
                        ^~~~~~~~~~~~~~~~~~~~~~~~~~~~~~~~~~~~~~
/home/nathan/cbl/src/linux-next/include/linux/percpu-defs.h:491:33: note: expanded from macro 'this_cpu_add'
#define this_cpu_add(pcp, val)          __pcpu_size_call(this_cpu_add_, pcp, val)
                                        ^~~~~~~~~~~~~~~~~~~~~~~~~~~~~~~~~~~~~~~~~
note: (skipping 1 expansions in backtrace; use -fmacro-backtrace-limit=0 to see all)
<scratch space>:170:1: note: expanded from here
this_cpu_add_8
^
/home/nathan/cbl/src/linux-next/arch/x86/include/asm/percpu.h:370:35: note: expanded from macro 'this_cpu_add_8'
#define this_cpu_add_8(pcp, val)                percpu_add_op(8, volatile, (pcp), val)
                                                ^~~~~~~~~~~~~~~~~~~~~~~~~~~~~~~~~~~~~~
/home/nathan/cbl/src/linux-next/arch/x86/include/asm/percpu.h:127:31: note: expanded from macro 'percpu_add_op'
                              ((val) == 1 || (val) == -1)) ?            \
                                             ~~~~~ ^  ~~
1 warning generated.
/home/nathan/cbl/src/linux-next/drivers/block/rbd.c:6149:17: warning: result of comparison of constant 2305843009213693948 with expression of type 'u32' (aka 'unsigned int') is always false [-Wtautological-constant-out-of-range-compare]
        if (snap_count > (SIZE_MAX - sizeof (struct ceph_snap_context))
            ~~~~~~~~~~ ^ ~~~~~~~~~~~~~~~~~~~~~~~~~~~~~~~~~~~~~~~~~~~~~~
1 warning generated.
/home/nathan/cbl/src/linux-next/drivers/net/wireless/ath/ath5k/mac80211-ops.c:367:62: warning: parameter 'changed_flags' set but not used [-Wunused-but-set-parameter]
ath5k_configure_filter(struct ieee80211_hw *hw, unsigned int changed_flags,
                                                             ^
1 warning generated.
/home/nathan/cbl/src/linux-next/drivers/net/wireless/ath/ath9k/main.c:1566:21: warning: parameter 'changed_flags' set but not used [-Wunused-but-set-parameter]
                                   unsigned int changed_flags,
                                                ^
1 warning generated.
/home/nathan/cbl/src/linux-next/net/ceph/osdmap.c:1441:10: warning: result of comparison of constant 4611686018427387891 with expression of type 'u32' (aka 'unsigned int') is always false [-Wtautological-constant-out-of-range-compare]
        if (len > (SIZE_MAX - sizeof(*pg)) / sizeof(u32))
            ~~~ ^ ~~~~~~~~~~~~~~~~~~~~~~~~~~~~~~~~~~~~~~
/home/nathan/cbl/src/linux-next/net/ceph/osdmap.c:1624:10: warning: result of comparison of constant 2305843009213693945 with expression of type 'u32' (aka 'unsigned int') is always false [-Wtautological-constant-out-of-range-compare]
        if (len > (SIZE_MAX - sizeof(*pg)) / (2 * sizeof(u32)))
            ~~~ ^ ~~~~~~~~~~~~~~~~~~~~~~~~~~~~~~~~~~~~~~~~~~~~
2 warnings generated.
/home/nathan/cbl/src/linux-next/drivers/net/wireless/ath/ath9k/htc_drv_main.c:1258:25: warning: parameter 'changed_flags' set but not used [-Wunused-but-set-parameter]
                                       unsigned int changed_flags,
                                                    ^
1 warning generated.
/home/nathan/cbl/src/linux-next/drivers/md/dm-integrity.c:4159:12: warning: result of comparison of constant 14316557650 with expression of type 'unsigned int' is always false [-Wtautological-constant-out-of-range-compare]
                        if (val >= (uint64_t)UINT_MAX * 1000 / HZ) {
                            ~~~ ^  ~~~~~~~~~~~~~~~~~~~~~~~~~~~~~~
1 warning generated.
/home/nathan/cbl/src/linux-next/fs/ceph/snap.c:372:10: warning: result of comparison of constant 2305843009213693948 with expression of type 'u32' (aka 'unsigned int') is always false [-Wtautological-constant-out-of-range-compare]
        if (num > (SIZE_MAX - sizeof(*snapc)) / sizeof(u64))
            ~~~ ^ ~~~~~~~~~~~~~~~~~~~~~~~~~~~~~~~~~~~~~~~~~
1 warning generated.
/home/nathan/cbl/src/linux-next/drivers/net/ethernet/qlogic/qed/qed_vf.c:63:67: warning: parameter 'resp_size' set but not used [-Wunused-but-set-parameter]
static int qed_send_msg2pf(struct qed_hwfn *p_hwfn, u8 *done, u32 resp_size)
                                                                  ^
1 warning generated.
drivers/infiniband/hw/hfi1/platform.o: warning: objtool: tune_serdes() falls through to next function apply_cdr_settings()

[01;32mQEMU location: [0m/usr/sbin[0m

[01;32mQEMU version: [0mQEMU emulator version 8.0.3[0m
[    0.000000][    T0] Linux version 6.5.0-rc5-next-20230809-default-cbl (nathan@dev-arch.m3-large-x86-01) (ClangBuiltLinux clang version 13.0.1 (https://github.com/llvm/llvm-project 75e33f71c2dae584b13a7d1186ae0a038ba98838), ClangBuiltLinux LLD 13.0.1 (https://github.com/llvm/llvm-project 75e33f71c2dae584b13a7d1186ae0a038ba98838)) #1 SMP PREEMPT_DYNAMIC Sat Aug 12 12:29:38 UTC 2023
[    0.000000][    T0] Command line: console=ttyS0 earlycon=uart8250,io,0x3f8
[    0.000000][    T0] BIOS-provided physical RAM map:
[    0.000000][    T0] BIOS-e820: [mem 0x0000000000000000-0x000000000009fbff] usable
[    0.000000][    T0] BIOS-e820: [mem 0x000000000009fc00-0x000000000009ffff] reserved
[    0.000000][    T0] BIOS-e820: [mem 0x00000000000f0000-0x00000000000fffff] reserved
[    0.000000][    T0] BIOS-e820: [mem 0x0000000000100000-0x000000001ffdffff] usable
[    0.000000][    T0] BIOS-e820: [mem 0x000000001ffe0000-0x000000001fffffff] reserved
[    0.000000][    T0] BIOS-e820: [mem 0x00000000feffc000-0x00000000feffffff] reserved
[    0.000000][    T0] BIOS-e820: [mem 0x00000000fffc0000-0x00000000ffffffff] reserved
[    0.000000][    T0] BIOS-e820: [mem 0x000000fd00000000-0x000000ffffffffff] reserved
[    0.000000][    T0] earlycon: uart8250 at I/O port 0x3f8 (options '')
[    0.000000][    T0] printk: bootconsole [uart8250] enabled
[    0.000000][    T0] NX (Execute Disable) protection: active
[    0.000000][    T0] SMBIOS 2.8 present.
[    0.000000][    T0] DMI: QEMU Standard PC (i440FX + PIIX, 1996), BIOS Arch Linux 1.16.2-1-1 04/01/2014
[    0.000000][    T0] Hypervisor detected: KVM
[    0.000000][    T0] kvm-clock: Using msrs 4b564d01 and 4b564d00
[    0.000000][    T0] kvm-clock: using sched offset of 274377128 cycles
[    0.000558][    T0] clocksource: kvm-clock: mask: 0xffffffffffffffff max_cycles: 0x1cd42e4dffb, max_idle_ns: 881590591483 ns
[    0.002265][    T0] tsc: Detected 2495.312 MHz processor
[    0.002898][    T0] last_pfn = 0x1ffe0 max_arch_pfn = 0x400000000
[    0.003509][    T0] MTRR map: 4 entries (3 fixed + 1 variable; max 19), built from 8 variable MTRRs
[    0.004413][    T0] x86/PAT: Configuration [0-7]: WB  WC  UC- UC  WB  WP  UC- WT  
[    0.007634][    T0] found SMP MP-table at [mem 0x000f6e60-0x000f6e6f]
[    0.008301][    T0] Using GB pages for direct mapping
[    0.008961][    T0] RAMDISK: [mem 0x1fad3000-0x1ffdffff]
[    0.009517][    T0] ACPI: Early table checksum verification disabled
[    0.010145][    T0] ACPI: RSDP 0x00000000000F6C90 000014 (v00 BOCHS )
[    0.010783][    T0] ACPI: RSDT 0x000000001FFE31D1 000034 (v01 BOCHS  BXPC     00000001 BXPC 00000001)
[    0.011696][    T0] ACPI: FACP 0x000000001FFE2E8D 000074 (v01 BOCHS  BXPC     00000001 BXPC 00000001)
[    0.012577][    T0] ACPI: DSDT 0x000000001FFE0040 002E4D (v01 BOCHS  BXPC     00000001 BXPC 00000001)
[    0.013500][    T0] ACPI: FACS 0x000000001FFE0000 000040
[    0.014003][    T0] ACPI: APIC 0x000000001FFE2F01 000270 (v01 BOCHS  BXPC     00000001 BXPC 00000001)
[    0.014916][    T0] ACPI: HPET 0x000000001FFE3171 000038 (v01 BOCHS  BXPC     00000001 BXPC 00000001)
[    0.015784][    T0] ACPI: WAET 0x000000001FFE31A9 000028 (v01 BOCHS  BXPC     00000001 BXPC 00000001)
[    0.016657][    T0] ACPI: Reserving FACP table memory at [mem 0x1ffe2e8d-0x1ffe2f00]
[    0.017392][    T0] ACPI: Reserving DSDT table memory at [mem 0x1ffe0040-0x1ffe2e8c]
[    0.018134][    T0] ACPI: Reserving FACS table memory at [mem 0x1ffe0000-0x1ffe003f]
[    0.018898][    T0] ACPI: Reserving APIC table memory at [mem 0x1ffe2f01-0x1ffe3170]
[    0.019674][    T0] ACPI: Reserving HPET table memory at [mem 0x1ffe3171-0x1ffe31a8]
[    0.020407][    T0] ACPI: Reserving WAET table memory at [mem 0x1ffe31a9-0x1ffe31d0]
[    0.021391][    T0] No NUMA configuration found
[    0.021817][    T0] Faking a node at [mem 0x0000000000000000-0x000000001ffdffff]
[    0.022563][    T0] NODE_DATA(0) allocated [mem 0x1faa8000-0x1fad2fff]
[    0.023347][    T0] Zone ranges:
[    0.023652][    T0]   DMA      [mem 0x0000000000001000-0x0000000000ffffff]
[    0.024310][    T0]   DMA32    [mem 0x0000000001000000-0x000000001ffdffff]
[    0.024977][    T0]   Normal   empty
[    0.025314][    T0]   Device   empty
[    0.025651][    T0] Movable zone start for each node
[    0.026123][    T0] Early memory node ranges
[    0.026530][    T0]   node   0: [mem 0x0000000000001000-0x000000000009efff]
[    0.027191][    T0]   node   0: [mem 0x0000000000100000-0x000000001ffdffff]
[    0.027886][    T0] Initmem setup node 0 [mem 0x0000000000001000-0x000000001ffdffff]
[    0.028793][    T0] On node 0, zone DMA: 1 pages in unavailable ranges
[    0.028824][    T0] On node 0, zone DMA: 97 pages in unavailable ranges
[    0.030372][    T0] On node 0, zone DMA32: 32 pages in unavailable ranges
[    0.031223][    T0] ACPI: PM-Timer IO Port: 0x608
[    0.032360][    T0] ACPI: LAPIC_NMI (acpi_id[0xff] dfl dfl lint[0x1])
[    0.032987][    T0] IOAPIC[0]: apic_id 0, version 17, address 0xfec00000, GSI 0-23
[    0.033749][    T0] ACPI: INT_SRC_OVR (bus 0 bus_irq 0 global_irq 2 dfl dfl)
[    0.034416][    T0] ACPI: INT_SRC_OVR (bus 0 bus_irq 5 global_irq 5 high level)
[    0.035107][    T0] ACPI: INT_SRC_OVR (bus 0 bus_irq 9 global_irq 9 high level)
[    0.035793][    T0] ACPI: INT_SRC_OVR (bus 0 bus_irq 10 global_irq 10 high level)
[    0.036502][    T0] ACPI: INT_SRC_OVR (bus 0 bus_irq 11 global_irq 11 high level)
[    0.037210][    T0] ACPI: Using ACPI (MADT) for SMP configuration information
[    0.037896][    T0] ACPI: HPET id: 0x8086a201 base: 0xfed00000
[    0.038449][    T0] TSC deadline timer available
[    0.038893][    T0] smpboot: Allowing 64 CPUs, 0 hotplug CPUs
[    0.039499][    T0] kvm-guest: KVM setup pv remote TLB flush
[    0.040034][    T0] kvm-guest: setup PV sched yield
[    0.040540][    T0] PM: hibernation: Registered nosave memory: [mem 0x00000000-0x00000fff]
[    0.041320][    T0] PM: hibernation: Registered nosave memory: [mem 0x0009f000-0x0009ffff]
[    0.042101][    T0] PM: hibernation: Registered nosave memory: [mem 0x000a0000-0x000effff]
[    0.042930][    T0] PM: hibernation: Registered nosave memory: [mem 0x000f0000-0x000fffff]
[    0.043714][    T0] [mem 0x20000000-0xfeffbfff] available for PCI devices
[    0.044359][    T0] Booting paravirtualized kernel on KVM
[    0.044871][    T0] clocksource: refined-jiffies: mask: 0xffffffff max_cycles: 0xffffffff, max_idle_ns: 6370452778343963 ns
[    0.051442][    T0] setup_percpu: NR_CPUS:8192 nr_cpumask_bits:64 nr_cpu_ids:64 nr_node_ids:1
[    0.055026][    T0] percpu: Embedded 63 pages/cpu s221184 r8192 d28672 u262144
[    0.055880][    T0] kvm-guest: PV spinlocks enabled
[    0.056360][    T0] PV qspinlock hash table entries: 256 (order: 0, 4096 bytes, linear)
[    0.057140][    T0] Kernel command line: console=ttyS0 earlycon=uart8250,io,0x3f8
[    0.057939][    T0] random: crng init done
[    0.058339][    T0] printk: log_buf_len individual max cpu contribution: 32768 bytes
[    0.059088][    T0] printk: log_buf_len total cpu_extra contributions: 2064384 bytes
[    0.059841][    T0] printk: log_buf_len min size: 262144 bytes
[    0.063442][    T0] printk: log_buf_len: 4194304 bytes
[    0.063970][    T0] printk: early log buf free: 255616(97%)
[    0.064603][    T0] Dentry cache hash table entries: 65536 (order: 7, 524288 bytes, linear)
[    0.065607][    T0] Inode-cache hash table entries: 32768 (order: 6, 262144 bytes, linear)
[    0.066828][    T0] Fallback order for Node 0: 0 
[    0.066841][    T0] Built 1 zonelists, mobility grouping on.  Total pages: 128736
[    0.068062][    T0] Policy zone: DMA32
[    0.068459][    T0] mem auto-init: stack:off, heap alloc:off, heap free:off
[    0.070117][    T0] Memory: 260860K/523768K available (16384K kernel code, 2913K rwdata, 11476K rodata, 2936K init, 5656K bss, 95216K reserved, 0K cma-reserved)
[    0.071741][    T0] SLUB: HWalign=64, Order=0-3, MinObjects=0, CPUs=64, Nodes=1
[    0.072475][    T0] ftrace: allocating 46942 entries in 184 pages
[    0.073248][    T0] ftrace: allocated 184 pages with 4 groups
[    0.074640][    T0] Dynamic Preempt: voluntary
[    0.075367][    T0] rcu: Preemptible hierarchical RCU implementation.
[    0.075992][    T0] rcu: 	RCU event tracing is enabled.
[    0.076543][    T0] rcu: 	RCU restricting CPUs from NR_CPUS=8192 to nr_cpu_ids=64.
[    0.077268][    T0] 	Trampoline variant of Tasks RCU enabled.
[    0.077876][    T0] 	Rude variant of Tasks RCU enabled.
[    0.078380][    T0] 	Tracing variant of Tasks RCU enabled.
[    0.078910][    T0] rcu: RCU calculated value of scheduler-enlistment delay is 30 jiffies.
[    0.079753][    T0] rcu: Adjusting geometry for rcu_fanout_leaf=16, nr_cpu_ids=64
[    0.083146][    T0] NR_IRQS: 524544, nr_irqs: 936, preallocated irqs: 16
[    0.084069][    T0] rcu: srcu_init: Setting srcu_struct sizes based on contention.
[    0.084983][    T0] Console: colour *CGA 80x25
[    0.085443][    T0] printk: console [ttyS0] enabled
[    0.085443][    T0] printk: console [ttyS0] enabled
[    0.086413][    T0] printk: bootconsole [uart8250] disabled
[    0.086413][    T0] printk: bootconsole [uart8250] disabled
[    0.087596][    T0] ACPI: Core revision 20230628
[    0.088166][    T0] clocksource: hpet: mask: 0xffffffff max_cycles: 0xffffffff, max_idle_ns: 19112604467 ns
[    0.089254][    T0] APIC: Switch to symmetric I/O mode setup
[    0.090023][    T0] x2apic enabled
[    0.090591][    T0] Switched APIC routing to physical x2apic.
[    0.091164][    T0] kvm-guest: setup PV IPIs
[    0.092614][    T0] ..TIMER: vector=0x30 apic1=0 pin1=2 apic2=-1 pin2=-1
[    0.093807][    T0] tsc: Marking TSC unstable due to TSCs unsynchronized
[    0.095023][    T0] Calibrating delay loop (skipped) preset value.. 4992.56 BogoMIPS (lpj=8317706)
[    0.098557][    T0] x86/cpu: User Mode Instruction Prevention (UMIP) activated
[    0.099911][    T0] Last level iTLB entries: 4KB 512, 2MB 255, 4MB 127
[    0.101689][    T0] Last level dTLB entries: 4KB 512, 2MB 255, 4MB 127, 1GB 0
[    0.102940][    T0] Spectre V1 : Mitigation: usercopy/swapgs barriers and __user pointer sanitization
[    0.104581][    T0] Spectre V2 : Mitigation: Retpolines
[    0.105023][    T0] Spectre V2 : Spectre v2 / SpectreRSB mitigation: Filling RSB on context switch
[    0.106552][    T0] Spectre V2 : Spectre v2 / SpectreRSB : Filling RSB on VMEXIT
[    0.108356][    T0] Spectre V2 : Enabling Speculation Barrier for firmware calls
[    0.109616][    T0] RETBleed: Mitigation: IBPB
[    0.110407][    T0] Spectre V2 : mitigation: Enabling conditional Indirect Branch Prediction Barrier
[    0.111689][    T0] Speculative Store Bypass: Mitigation: Speculative Store Bypass disabled via prctl
[    0.113252][    T0] Speculative Return Stack Overflow: Retbleed IBPB mitigation enabled, using same for SRSO
[    0.115036][    T0] x86/fpu: Supporting XSAVE feature 0x001: 'x87 floating point registers'
[    0.116452][    T0] x86/fpu: Supporting XSAVE feature 0x002: 'SSE registers'
[    0.117644][    T0] x86/fpu: Supporting XSAVE feature 0x004: 'AVX registers'
[    0.118356][    T0] x86/fpu: xstate_offset[2]:  576, xstate_sizes[2]:  256
[    0.119530][    T0] x86/fpu: Enabled xstate features 0x7, context size is 832 bytes, using 'compacted' format.
[    0.125977][    T0] Freeing SMP alternatives memory: 44K
[    0.126908][    T0] pid_max: default: 65536 minimum: 512
[    0.127880][    T0] LSM: initializing lsm=lockdown,capability,landlock,yama,apparmor,tomoyo,bpf,integrity
[    0.128365][    T0] landlock: Up and running.
[    0.129103][    T0] Yama: becoming mindful.
[    0.129830][    T0] AppArmor: AppArmor initialized
[    0.131691][    T0] TOMOYO Linux initialized
[    0.132451][    T0] LSM support for eBPF active
[    0.133269][    T0] Mount-cache hash table entries: 1024 (order: 1, 8192 bytes, linear)
[    0.134643][    T0] Mountpoint-cache hash table entries: 1024 (order: 1, 8192 bytes, linear)
[    0.135315][    T1] smpboot: CPU0: AMD EPYC 7502P 32-Core Processor (family: 0x17, model: 0x31, stepping: 0x0)
[    0.137167][    T1] RCU Tasks: Setting shift to 6 and lim to 1 rcu_task_cb_adjust=1.
[    0.138354][    T1] RCU Tasks Rude: Setting shift to 6 and lim to 1 rcu_task_cb_adjust=1.
[    0.138376][    T1] RCU Tasks Trace: Setting shift to 6 and lim to 1 rcu_task_cb_adjust=1.
[    0.139793][    T1] Performance Events: Fam17h+ core perfctr, AMD PMU driver.
[    0.141041][    T1] ... version:                0
[    0.141691][    T1] ... bit width:              48
[    0.142540][    T1] ... generic registers:      6
[    0.143336][    T1] ... value mask:             0000ffffffffffff
[    0.144395][    T1] ... max period:             00007fffffffffff
[    0.145024][    T1] ... fixed-purpose events:   0
[    0.145816][    T1] ... event mask:             000000000000003f
[    0.146975][    T1] signal: max sigframe size: 1776
[    0.147857][    T1] rcu: Hierarchical SRCU implementation.
[    0.148358][    T1] rcu: 	Max phase no-delay instances is 1000.
[    0.149994][    T1] smp: Bringing up secondary CPUs ...
[    0.151009][    T1] smpboot: x86: Booting SMP configuration:
[    0.151694][    T1] .... node  #0, CPUs:        #1  #2  #3  #4  #5  #6  #7  #8  #9 #10 #11 #12 #13 #14 #15 #16 #17 #18 #19 #20 #21 #22 #23 #24 #25 #26 #27 #28 #29 #30 #31 #32 #33 #34 #35 #36 #37 #38 #39 #40 #41 #42 #43 #44 #45 #46 #47 #48 #49 #50 #51 #52 #53 #54 #55 #56 #57 #58 #59 #60 #61 #62 #63
[    0.195276][    T1] smp: Brought up 1 node, 64 CPUs
[    0.199212][    T1] smpboot: Max logical packages: 1
[    0.200054][    T1] smpboot: Total of 64 processors activated (319527.24 BogoMIPS)
[    0.206288][  T399] node 0 deferred pages initialised in 0ms
[    0.206475][    T1] devtmpfs: initialized
[    0.208407][    T1] x86/mm: Memory block size: 128MB
[    0.209560][    T1] clocksource: jiffies: mask: 0xffffffff max_cycles: 0xffffffff, max_idle_ns: 6370867519511994 ns
[    0.211379][    T1] futex hash table entries: 16384 (order: 8, 1048576 bytes, linear)
[    0.211839][    T1] pinctrl core: initialized pinctrl subsystem
[    0.213009][    T1] PM: RTC time: 12:30:53, date: 2023-08-12
[    0.214023][    T1] NET: Registered PF_NETLINK/PF_ROUTE protocol family
[    0.214081][    T1] DMA: preallocated 128 KiB GFP_KERNEL pool for atomic allocations
[    0.215028][    T1] DMA: preallocated 128 KiB GFP_KERNEL|GFP_DMA pool for atomic allocations
[    0.216487][    T1] DMA: preallocated 128 KiB GFP_KERNEL|GFP_DMA32 pool for atomic allocations
[    0.218024][    T1] audit: initializing netlink subsys (disabled)
[    0.221721][  T403] audit: type=2000 audit(1691843454.105:1): state=initialized audit_enabled=0 res=1
[    0.221807][    T1] thermal_sys: Registered thermal governor 'fair_share'
[    0.223302][    T1] thermal_sys: Registered thermal governor 'bang_bang'
[    0.224545][    T1] thermal_sys: Registered thermal governor 'step_wise'
[    0.225029][    T1] thermal_sys: Registered thermal governor 'user_space'
[    0.226231][    T1] cpuidle: using governor ladder
[    0.229232][    T1] cpuidle: using governor menu
[    0.231929][    T1] acpiphp: ACPI Hot Plug PCI Controller Driver version: 0.5
[    0.233307][    T1] PCI: Using configuration type 1 for base access
[    0.234409][    T1] PCI: Using configuration type 1 for extended access
[    0.236844][    T1] kprobes: kprobe jump-optimization is enabled. All kprobes are optimized if possible.
[    0.261779][    T1] HugeTLB: registered 1.00 GiB page size, pre-allocated 0 pages
[    0.263540][    T1] HugeTLB: 16380 KiB vmemmap can be freed for a 1.00 GiB page
[    0.264824][    T1] HugeTLB: registered 2.00 MiB page size, pre-allocated 0 pages
[    0.265024][    T1] HugeTLB: 28 KiB vmemmap can be freed for a 2.00 MiB page
[    0.266297][    T1] ACPI: Added _OSI(Module Device)
[    0.266297][    T1] ACPI: Added _OSI(Processor Device)
[    0.268359][    T1] ACPI: Added _OSI(3.0 _SCP Extensions)
[    0.269293][    T1] ACPI: Added _OSI(Processor Aggregator Device)
[    0.271735][    T1] ACPI: 1 ACPI AML tables successfully acquired and loaded
[    0.275025][    T1] ACPI: _OSC evaluation for CPUs failed, trying _PDC
[    0.275115][    T1] ACPI: Interpreter enabled
[    0.275877][    T1] ACPI: PM: (supports S0 S3 S4 S5)
[    0.276724][    T1] ACPI: Using IOAPIC for interrupt routing
[    0.277838][    T1] PCI: Using host bridge windows from ACPI; if necessary, use "pci=nocrs" and report a bug
[    0.278358][    T1] PCI: Using E820 reservations for host bridge windows
[    0.279669][    T1] ACPI: Enabled 2 GPEs in block 00 to 0F
[    0.285134][    T1] ACPI: PCI Root Bridge [PCI0] (domain 0000 [bus 00-ff])
[    0.286414][    T1] acpi PNP0A03:00: _OSC: OS supports [ExtendedConfig ASPM ClockPM Segments MSI EDR HPX-Type3]
[    0.288440][    T1] acpiphp: Slot [2] registered
[    0.289257][    T1] acpiphp: Slot [3] registered
[    0.290089][    T1] acpiphp: Slot [4] registered
[    0.290905][    T1] acpiphp: Slot [5] registered
[    0.291703][    T1] acpiphp: Slot [6] registered
[    0.292516][    T1] acpiphp: Slot [7] registered
[    0.293366][    T1] acpiphp: Slot [8] registered
[    0.294178][    T1] acpiphp: Slot [9] registered
[    0.294977][    T1] acpiphp: Slot [10] registered
[    0.298370][    T1] acpiphp: Slot [11] registered
[    0.299225][    T1] acpiphp: Slot [12] registered
[    0.300055][    T1] acpiphp: Slot [13] registered
[    0.300885][    T1] acpiphp: Slot [14] registered
[    0.301702][    T1] acpiphp: Slot [15] registered
[    0.302564][    T1] acpiphp: Slot [16] registered
[    0.303401][    T1] acpiphp: Slot [17] registered
[    0.304234][    T1] acpiphp: Slot [18] registered
[    0.305036][    T1] acpiphp: Slot [19] registered
[    0.305891][    T1] acpiphp: Slot [20] registered
[    0.306712][    T1] acpiphp: Slot [21] registered
[    0.307534][    T1] acpiphp: Slot [22] registered
[    0.308362][    T1] acpiphp: Slot [23] registered
[    0.309214][    T1] acpiphp: Slot [24] registered
[    0.310048][    T1] acpiphp: Slot [25] registered
[    0.310877][    T1] acpiphp: Slot [26] registered
[    0.311706][    T1] acpiphp: Slot [27] registered
[    0.312593][    T1] acpiphp: Slot [28] registered
[    0.313463][    T1] acpiphp: Slot [29] registered
[    0.314300][    T1] acpiphp: Slot [30] registered
[    0.315036][    T1] acpiphp: Slot [31] registered
[    0.315896][    T1] PCI host bridge to bus 0000:00
[    0.316728][    T1] pci_bus 0000:00: root bus resource [io  0x0000-0x0cf7 window]
[    0.318049][    T1] pci_bus 0000:00: root bus resource [io  0x0d00-0xffff window]
[    0.318358][    T1] pci_bus 0000:00: root bus resource [mem 0x000a0000-0x000bffff window]
[    0.319781][    T1] pci_bus 0000:00: root bus resource [mem 0x20000000-0xfebfffff window]
[    0.321233][    T1] pci_bus 0000:00: root bus resource [mem 0x100000000-0x17fffffff window]
[    0.321691][    T1] pci_bus 0000:00: root bus resource [bus 00-ff]
[    0.322904][    T1] pci 0000:00:00.0: [8086:1237] type 00 class 0x060000
[    0.324448][    T1] pci 0000:00:01.0: [8086:7000] type 00 class 0x060100
[    0.325463][    T1] pci 0000:00:01.1: [8086:7010] type 00 class 0x010180
[    0.327948][    T1] pci 0000:00:01.1: reg 0x20: [io  0xc000-0xc00f]
[    0.332195][    T1] pci 0000:00:01.1: legacy IDE quirk: reg 0x10: [io  0x01f0-0x01f7]
[    0.333586][    T1] pci 0000:00:01.1: legacy IDE quirk: reg 0x14: [io  0x03f6]
[    0.334836][    T1] pci 0000:00:01.1: legacy IDE quirk: reg 0x18: [io  0x0170-0x0177]
[    0.335025][    T1] pci 0000:00:01.1: legacy IDE quirk: reg 0x1c: [io  0x0376]
[    0.336411][    T1] pci 0000:00:01.3: [8086:7113] type 00 class 0x068000
[    0.337911][    T1] pci 0000:00:01.3: quirk: [io  0x0600-0x063f] claimed by PIIX4 ACPI
[    0.338364][    T1] pci 0000:00:01.3: quirk: [io  0x0700-0x070f] claimed by PIIX4 SMB
[    0.347972][    T1] ACPI: PCI: Interrupt link LNKA configured for IRQ 10
[    0.351838][    T1] ACPI: PCI: Interrupt link LNKB configured for IRQ 10
[    0.353171][    T1] ACPI: PCI: Interrupt link LNKC configured for IRQ 11
[    0.354452][    T1] ACPI: PCI: Interrupt link LNKD configured for IRQ 11
[    0.355117][    T1] ACPI: PCI: Interrupt link LNKS configured for IRQ 9
[    0.358568][    T1] iommu: Default domain type: Passthrough
[    0.359603][    T1] SCSI subsystem initialized
[    0.360407][    T1] pps_core: LinuxPPS API ver. 1 registered
[    0.361692][    T1] pps_core: Software ver. 5.3.6 - Copyright 2005-2007 Rodolfo Giometti <giometti@linux.it>
[    0.363415][    T1] PTP clock support registered
[    0.364236][    T1] EDAC MC: Ver: 3.0.0
[    0.365170][    T1] NetLabel: Initializing
[    0.365915][    T1] NetLabel:  domain hash size = 128
[    0.366774][    T1] NetLabel:  protocols = UNLABELED CIPSOv4 CALIPSO
[    0.367873][    T1] NetLabel:  unlabeled traffic allowed by default
[    0.368361][    T1] mctp: management component transport protocol core
[    0.369469][    T1] NET: Registered PF_MCTP protocol family
[    0.370414][    T1] PCI: Using ACPI for IRQ routing
[    0.371733][    T1] vgaarb: loaded
[    0.371790][    T1] hpet0: at MMIO 0xfed00000, IRQs 2, 8, 0
[    0.372764][    T1] hpet0: 3 comparators, 64-bit 100.000000 MHz counter
[    0.378356][    T1] clocksource: Switched to clocksource kvm-clock
[    0.381254][    T1] VFS: Disk quotas dquot_6.6.0
[    0.382102][    T1] VFS: Dquot-cache hash table entries: 512 (order 0, 4096 bytes)
[    0.383567][    T1] AppArmor: AppArmor Filesystem Enabled
[    0.384519][    T1] pnp: PnP ACPI init
[    0.385444][    T1] pnp: PnP ACPI: found 5 devices
[    0.392904][    T1] clocksource: acpi_pm: mask: 0xffffff max_cycles: 0xffffff, max_idle_ns: 2085701024 ns
[    0.394621][    T1] NET: Registered PF_INET protocol family
[    0.395616][    T1] IP idents hash table entries: 8192 (order: 4, 65536 bytes, linear)
[    0.397267][    T1] tcp_listen_portaddr_hash hash table entries: 256 (order: 0, 4096 bytes, linear)
[    0.398864][    T1] Table-perturb hash table entries: 65536 (order: 6, 262144 bytes, linear)
[    0.400343][    T1] TCP established hash table entries: 4096 (order: 3, 32768 bytes, linear)
[    0.401820][    T1] TCP bind hash table entries: 4096 (order: 5, 131072 bytes, linear)
[    0.403237][    T1] TCP: Hash tables configured (established 4096 bind 4096)
[    0.404593][    T1] MPTCP token hash table entries: 512 (order: 1, 12288 bytes, linear)
[    0.405993][    T1] UDP hash table entries: 256 (order: 1, 8192 bytes, linear)
[    0.407255][    T1] UDP-Lite hash table entries: 256 (order: 1, 8192 bytes, linear)
[    0.408729][    T1] NET: Registered PF_UNIX/PF_LOCAL protocol family
[    0.409828][    T1] NET: Registered PF_XDP protocol family
[    0.410835][    T1] pci_bus 0000:00: resource 4 [io  0x0000-0x0cf7 window]
[    0.412064][    T1] pci_bus 0000:00: resource 5 [io  0x0d00-0xffff window]
[    0.413225][    T1] pci_bus 0000:00: resource 6 [mem 0x000a0000-0x000bffff window]
[    0.414595][    T1] pci_bus 0000:00: resource 7 [mem 0x20000000-0xfebfffff window]
[    0.415888][    T1] pci_bus 0000:00: resource 8 [mem 0x100000000-0x17fffffff window]
[    0.417229][    T1] pci 0000:00:01.0: PIIX3: Enabling Passive Release
[    0.418360][    T1] pci 0000:00:00.0: Limiting direct PCI/PCI transfers
[    0.419575][    T1] PCI: CLS 0 bytes, default 64
[    0.420455][   T11] Trying to unpack rootfs image as initramfs...
[    0.421472][    T1] Initialise system trusted keyrings
[    0.422501][    T1] Key type blacklist registered
[    0.423421][    T1] workingset: timestamp_bits=36 max_order=17 bucket_order=0
[    0.424641][    T1] zbud: loaded
[    0.424775][   T11] Freeing initrd memory: 5172K
[    0.426432][    T1] integrity: Platform Keyring initialized
[    0.427408][    T1] integrity: Machine keyring initialized
[    0.435065][    T1] Key type asymmetric registered
[    0.435883][    T1] Asymmetric key parser 'x509' registered
[    0.438027][    T1] Block layer SCSI generic (bsg) driver version 0.4 loaded (major 247)
[    0.439482][    T1] io scheduler mq-deadline registered
[    0.440378][    T1] io scheduler kyber registered
[    0.441204][    T1] io scheduler bfq registered
[    0.445307][    T1] shpchp: Standard Hot Plug PCI Controller Driver version: 0.4
[    0.448451][    T1] Serial: 8250/16550 driver, 32 ports, IRQ sharing enabled
[    0.449919][    T1] 00:03: ttyS0 at I/O 0x3f8 (irq = 4, base_baud = 115200) is a 16550A
[    0.453144][    T1] Non-volatile memory driver v1.3
[    0.453963][    T1] Linux agpgart interface v0.103
[    0.454807][    T1] ACPI: bus type drm_connector registered
[    0.463048][    T1] i8042: PNP: PS/2 Controller [PNP0303:KBD,PNP0f13:MOU] at 0x60,0x64 irq 1,12
[    0.465250][    T1] serio: i8042 KBD port at 0x60,0x64 irq 1
[    0.466179][    T1] serio: i8042 AUX port at 0x60,0x64 irq 12
[    0.467239][    T1] mousedev: PS/2 mouse device common for all mice
[    0.468363][    T1] rtc_cmos 00:04: RTC can wake from S4
[    0.469790][  T441] input: AT Translated Set 2 keyboard as /devices/platform/i8042/serio0/input/input0
[    0.471507][    T1] rtc_cmos 00:04vmport: unknown command 56
: registered as rtc0
[    0.472507][  T441] input: VirtualPS/2 VMware VMMouse as /devices/platform/i8042/serio1/input/input3
[    0.472937][    T1] rtc_cmos 00:04: setting system clock to 2023-08-12T12:30:53 UTC (1691843453)
[    0.474930][  T441] input: VirtualPS/2 VMware VMMouse as /devices/platform/i8042/serio1/input/input2
[    0.476157][    T1] rtc_cmos 00:04: alarms up to one day, y3k, 242 bytes nvram, hpet irqs
[    0.479031][    T1] amd_pstate: the _CPC object is not present in SBIOS or ACPI disabled
[    0.481690][    T1] ledtrig-cpu: registered to indicate activity on CPUs
[    0.482882][    T1] hid: raw HID events driver (C) Jiri Kosina
[    0.483974][    T1] drop_monitor: Initializing network drop monitor service
[    0.495616][    T1] NET: Registered PF_INET6 protocol family
[    0.497726][    T1] Segment Routing with IPv6
[    0.498505][    T1] RPL Segment Routing with IPv6
[    0.499335][    T1] In-situ OAM (IOAM) with IPv6
[    0.504202][    T1] IPI shorthand broadcast: enabled
[    0.506108][    T1] sched_clock: Marking stable (497296930, 6870772)->(519731270, -15563568)
[    0.507891][    T1] registered taskstats version 1
[    0.510214][    T1] Loading compiled-in X.509 certificates
[    0.524314][    T1] Loaded X.509 cert 'Build time autogenerated kernel key: fb0a5c1db3b95de33a2a23a6d7d98145834869e1'
[    0.527618][    T1] page_owner is disabled
[    0.528431][    T1] Key type .fscrypt registered
[    0.529237][    T1] Key type fscrypt-provisioning registered
[    0.531163][    T1] Key type encrypted registered
[    0.532011][    T1] AppArmor: AppArmor sha1 policy hashing enabled
[    0.533067][    T1] ima: No TPM chip found, activating TPM-bypass!
[    0.534133][    T1] Loading compiled-in module X.509 certificates
[    0.535550][    T1] Loaded X.509 cert 'Build time autogenerated kernel key: fb0a5c1db3b95de33a2a23a6d7d98145834869e1'
[    0.537355][    T1] ima: Allocated hash algorithm: sha256
[    0.538297][    T1] ima: No architecture policies found
[    0.539195][    T1] evm: Initialising EVM extended attributes:
[    0.540185][    T1] evm: security.selinux
[    0.540877][    T1] evm: security.SMACK64 (disabled)
[    0.541716][    T1] evm: security.SMACK64EXEC (disabled)
[    0.542604][    T1] evm: security.SMACK64TRANSMUTE (disabled)
[    0.543586][    T1] evm: security.SMACK64MMAP (disabled)
[    0.544481][    T1] evm: security.apparmor
[    0.545168][    T1] evm: security.ima
[    0.545789][    T1] evm: security.capability
[    0.546504][    T1] evm: HMAC attrs: 0x1
[    0.637494][    T1] PM:   Magic number: 3:663:531
[    0.638372][    T1] tty ttyS11: hash matches
[    0.639109][    T1] port serial8250:0.10: hash matches
[    0.643164][    T1] RAS: Correctable Errors collector initialized.
[    0.644395][    T1] clk: Disabling unused clocks
[    0.646997][    T1] Freeing unused decrypted memory: 2036K
[    0.648301][    T1] Freeing unused kernel image (initmem) memory: 2936K
[    0.670243][    T1] Write protecting the kernel read-only data: 28672k
[    0.671772][    T1] Freeing unused kernel image (rodata/data gap) memory: 812K
[    0.672842][    T1] Run /init as init process
[    0.675634][    T1] Not activating Mandatory Access Control as /sbin/tomoyo-init does not exist.
Starting syslogd: OK
Starting klogd: OK
Running sysctl: OK
Saving 256 bits of creditable seed for next boot
Starting network: OK
Linux version 6.5.0-rc5-next-20230809-default-cbl (nathan@dev-arch.m3-large-x86-01) (ClangBuiltLinux clang version 13.0.1 (https://github.com/llvm/llvm-project 75e33f71c2dae584b13a7d1186ae0a038ba98838), ClangBuiltLinux LLD 13.0.1 (https://github.com/llvm/llvm-project 75e33f71c2dae584b13a7d1186ae0a038ba98838)) #1 SMP PREEMPT_DYNAMIC Sat Aug 12 12:29:38 UTC 2023
Stopping network: OK
Seeding 256 bits and crediting
Saving 256 bits of creditable seed for next boot
Stopping klogd: OK
Stopping syslogd: OK
umount: devtmpfs busy - remounted read-only
umount: can't unmount /: Invalid argument

The system is going down NOW!

Sent SIGTERM to all processes

Sent SIGKILL to all processes

Requesting system poweroff
[    2.745198][  T608] ACPI: PM: Preparing to enter system sleep state S5
[    2.746282][  T608] reboot: Power down
$ timeout --foreground 3m stdbuf -eL -oL /usr/sbin/qemu-system-x86_64 -display none -nodefaults -d unimp,guest_errors -append 'console=ttyS0 earlycon=uart8250,io,0x3f8' -kernel /home/nathan/tmp/build/cbl_lkt/linux-next/x86_64/arch/x86/boot/bzImage -initrd /home/nathan/cbl/llvm-kernel-testing/src/boot-utils/images/x86_64/rootfs.cpio -cpu host -enable-kvm -m 512m -smp 64 -serial mon:stdio
