/home/nathan/cbl/src/linux-next/net/ipv4/tcp_output.c:186:3: warning: result of comparison of constant -1 with expression of type 'u8' (aka 'unsigned char') is always false [-Wtautological-constant-out-of-range-compare]
                NET_ADD_STATS(sock_net(sk), LINUX_MIB_TCPACKCOMPRESSED,
                ^~~~~~~~~~~~~~~~~~~~~~~~~~~~~~~~~~~~~~~~~~~~~~~~~~~~~~~
/home/nathan/cbl/src/linux-next/include/net/ip.h:301:41: note: expanded from macro 'NET_ADD_STATS'
#define NET_ADD_STATS(net, field, adnd) SNMP_ADD_STATS((net)->mib.net_statistics, field, adnd)
                                        ^~~~~~~~~~~~~~~~~~~~~~~~~~~~~~~~~~~~~~~~~~~~~~~~~~~~~~
/home/nathan/cbl/src/linux-next/include/net/snmp.h:143:4: note: expanded from macro 'SNMP_ADD_STATS'
                        this_cpu_add(mib->mibs[field], addend)
                        ^~~~~~~~~~~~~~~~~~~~~~~~~~~~~~~~~~~~~~
/home/nathan/cbl/src/linux-next/include/linux/percpu-defs.h:491:33: note: expanded from macro 'this_cpu_add'
#define this_cpu_add(pcp, val)          __pcpu_size_call(this_cpu_add_, pcp, val)
                                        ^~~~~~~~~~~~~~~~~~~~~~~~~~~~~~~~~~~~~~~~~
note: (skipping 1 expansions in backtrace; use -fmacro-backtrace-limit=0 to see all)
<scratch space>:96:1: note: expanded from here
this_cpu_add_8
^
/home/nathan/cbl/src/linux-next/arch/x86/include/asm/percpu.h:370:35: note: expanded from macro 'this_cpu_add_8'
#define this_cpu_add_8(pcp, val)                percpu_add_op(8, volatile, (pcp), val)
                                                ^~~~~~~~~~~~~~~~~~~~~~~~~~~~~~~~~~~~~~
/home/nathan/cbl/src/linux-next/arch/x86/include/asm/percpu.h:127:31: note: expanded from macro 'percpu_add_op'
                              ((val) == 1 || (val) == -1)) ?            \
                                             ~~~~~ ^  ~~
1 warning generated.
/home/nathan/cbl/src/linux-next/drivers/block/rbd.c:6149:17: warning: result of comparison of constant 2305843009213693948 with expression of type 'u32' (aka 'unsigned int') is always false [-Wtautological-constant-out-of-range-compare]
        if (snap_count > (SIZE_MAX - sizeof (struct ceph_snap_context))
            ~~~~~~~~~~ ^ ~~~~~~~~~~~~~~~~~~~~~~~~~~~~~~~~~~~~~~~~~~~~~~
1 warning generated.
/home/nathan/cbl/src/linux-next/drivers/net/wireless/ath/ath9k/main.c:1566:21: warning: parameter 'changed_flags' set but not used [-Wunused-but-set-parameter]
                                   unsigned int changed_flags,
                                                ^
1 warning generated.
/home/nathan/cbl/src/linux-next/drivers/net/wireless/ath/ath5k/mac80211-ops.c:367:62: warning: parameter 'changed_flags' set but not used [-Wunused-but-set-parameter]
ath5k_configure_filter(struct ieee80211_hw *hw, unsigned int changed_flags,
                                                             ^
1 warning generated.
/home/nathan/cbl/src/linux-next/drivers/net/wireless/ath/ath9k/htc_drv_main.c:1258:25: warning: parameter 'changed_flags' set but not used [-Wunused-but-set-parameter]
                                       unsigned int changed_flags,
                                                    ^
1 warning generated.
/home/nathan/cbl/src/linux-next/net/ceph/osdmap.c:1441:10: warning: result of comparison of constant 4611686018427387891 with expression of type 'u32' (aka 'unsigned int') is always false [-Wtautological-constant-out-of-range-compare]
        if (len > (SIZE_MAX - sizeof(*pg)) / sizeof(u32))
            ~~~ ^ ~~~~~~~~~~~~~~~~~~~~~~~~~~~~~~~~~~~~~~
/home/nathan/cbl/src/linux-next/net/ceph/osdmap.c:1624:10: warning: result of comparison of constant 2305843009213693945 with expression of type 'u32' (aka 'unsigned int') is always false [-Wtautological-constant-out-of-range-compare]
        if (len > (SIZE_MAX - sizeof(*pg)) / (2 * sizeof(u32)))
            ~~~ ^ ~~~~~~~~~~~~~~~~~~~~~~~~~~~~~~~~~~~~~~~~~~~~
2 warnings generated.
/home/nathan/cbl/src/linux-next/drivers/net/ethernet/qlogic/qed/qed_vf.c:63:67: warning: parameter 'resp_size' set but not used [-Wunused-but-set-parameter]
static int qed_send_msg2pf(struct qed_hwfn *p_hwfn, u8 *done, u32 resp_size)
                                                                  ^
1 warning generated.
drivers/infiniband/hw/hfi1/platform.o: warning: objtool: tune_serdes() falls through to next function apply_cdr_settings()
/home/nathan/cbl/src/linux-next/fs/ceph/snap.c:372:10: warning: result of comparison of constant 2305843009213693948 with expression of type 'u32' (aka 'unsigned int') is always false [-Wtautological-constant-out-of-range-compare]
        if (num > (SIZE_MAX - sizeof(*snapc)) / sizeof(u64))
            ~~~ ^ ~~~~~~~~~~~~~~~~~~~~~~~~~~~~~~~~~~~~~~~~~
1 warning generated.
WARN: multiple IDs found for 'nf_conn': 51539, 132306 - using 51539

[01;32mQEMU location: [0m/usr/sbin[0m

[01;32mQEMU version: [0mQEMU emulator version 8.0.3[0m
[    0.000000] Linux version 6.5.0-rc5-next-20230809-cbl (nathan@dev-arch.m3-large-x86-01) (ClangBuiltLinux clang version 13.0.1 (https://github.com/llvm/llvm-project 75e33f71c2dae584b13a7d1186ae0a038ba98838), ClangBuiltLinux LLD 13.0.1 (https://github.com/llvm/llvm-project 75e33f71c2dae584b13a7d1186ae0a038ba98838)) #1 SMP PREEMPT_DYNAMIC Sat Aug 12 12:23:08 UTC 2023
[    0.000000] Command line: console=ttyS0 earlycon=uart8250,io,0x3f8
[    0.000000] BIOS-provided physical RAM map:
[    0.000000] BIOS-e820: [mem 0x0000000000000000-0x000000000009fbff] usable
[    0.000000] BIOS-e820: [mem 0x000000000009fc00-0x000000000009ffff] reserved
[    0.000000] BIOS-e820: [mem 0x00000000000f0000-0x00000000000fffff] reserved
[    0.000000] BIOS-e820: [mem 0x0000000000100000-0x000000001ffdffff] usable
[    0.000000] BIOS-e820: [mem 0x000000001ffe0000-0x000000001fffffff] reserved
[    0.000000] BIOS-e820: [mem 0x00000000feffc000-0x00000000feffffff] reserved
[    0.000000] BIOS-e820: [mem 0x00000000fffc0000-0x00000000ffffffff] reserved
[    0.000000] BIOS-e820: [mem 0x000000fd00000000-0x000000ffffffffff] reserved
[    0.000000] earlycon: uart8250 at I/O port 0x3f8 (options '')
[    0.000000] printk: bootconsole [uart8250] enabled
[    0.000000] NX (Execute Disable) protection: active
[    0.000000] SMBIOS 2.8 present.
[    0.000000] DMI: QEMU Standard PC (i440FX + PIIX, 1996), BIOS Arch Linux 1.16.2-1-1 04/01/2014
[    0.000000] Hypervisor detected: KVM
[    0.000000] kvm-clock: Using msrs 4b564d01 and 4b564d00
[    0.000000] kvm-clock: using sched offset of 193485803 cycles
[    0.000505] clocksource: kvm-clock: mask: 0xffffffffffffffff max_cycles: 0x1cd42e4dffb, max_idle_ns: 881590591483 ns
[    0.002152] tsc: Detected 2495.312 MHz processor
[    0.002720] last_pfn = 0x1ffe0 max_arch_pfn = 0x400000000
[    0.003278] MTRR map: 4 entries (3 fixed + 1 variable; max 19), built from 8 variable MTRRs
[    0.004080] x86/PAT: Configuration [0-7]: WB  WC  UC- UC  WB  WP  UC- WT  
[    0.007203] found SMP MP-table at [mem 0x000f6e60-0x000f6e6f]
[    0.007780] Using GB pages for direct mapping
[    0.008347] RAMDISK: [mem 0x1fad3000-0x1ffdffff]
[    0.008837] ACPI: Early table checksum verification disabled
[    0.009397] ACPI: RSDP 0x00000000000F6C90 000014 (v00 BOCHS )
[    0.009948] ACPI: RSDT 0x000000001FFE31D1 000034 (v01 BOCHS  BXPC     00000001 BXPC 00000001)
[    0.010774] ACPI: FACP 0x000000001FFE2E8D 000074 (v01 BOCHS  BXPC     00000001 BXPC 00000001)
[    0.011597] ACPI: DSDT 0x000000001FFE0040 002E4D (v01 BOCHS  BXPC     00000001 BXPC 00000001)
[    0.012418] ACPI: FACS 0x000000001FFE0000 000040
[    0.012858] ACPI: APIC 0x000000001FFE2F01 000270 (v01 BOCHS  BXPC     00000001 BXPC 00000001)
[    0.013679] ACPI: HPET 0x000000001FFE3171 000038 (v01 BOCHS  BXPC     00000001 BXPC 00000001)
[    0.014495] ACPI: WAET 0x000000001FFE31A9 000028 (v01 BOCHS  BXPC     00000001 BXPC 00000001)
[    0.015319] ACPI: Reserving FACP table memory at [mem 0x1ffe2e8d-0x1ffe2f00]
[    0.015991] ACPI: Reserving DSDT table memory at [mem 0x1ffe0040-0x1ffe2e8c]
[    0.016667] ACPI: Reserving FACS table memory at [mem 0x1ffe0000-0x1ffe003f]
[    0.017386] ACPI: Reserving APIC table memory at [mem 0x1ffe2f01-0x1ffe3170]
[    0.018102] ACPI: Reserving HPET table memory at [mem 0x1ffe3171-0x1ffe31a8]
[    0.018780] ACPI: Reserving WAET table memory at [mem 0x1ffe31a9-0x1ffe31d0]
[    0.019660] No NUMA configuration found
[    0.020028] Faking a node at [mem 0x0000000000000000-0x000000001ffdffff]
[    0.020678] NODE_DATA(0) allocated [mem 0x1faa8000-0x1fad2fff]
[    0.021407] Zone ranges:
[    0.021650]   DMA      [mem 0x0000000000001000-0x0000000000ffffff]
[    0.022252]   DMA32    [mem 0x0000000001000000-0x000000001ffdffff]
[    0.022844]   Normal   empty
[    0.023129]   Device   empty
[    0.023406] Movable zone start for each node
[    0.023817] Early memory node ranges
[    0.024163]   node   0: [mem 0x0000000000001000-0x000000000009efff]
[    0.024780]   node   0: [mem 0x0000000000100000-0x000000001ffdffff]
[    0.025417] Initmem setup node 0 [mem 0x0000000000001000-0x000000001ffdffff]
[    0.026307] On node 0, zone DMA: 1 pages in unavailable ranges
[    0.026327] On node 0, zone DMA: 97 pages in unavailable ranges
[    0.028016] On node 0, zone DMA32: 32 pages in unavailable ranges
[    0.028798] ACPI: PM-Timer IO Port: 0x608
[    0.029823] ACPI: LAPIC_NMI (acpi_id[0xff] dfl dfl lint[0x1])
[    0.030397] IOAPIC[0]: apic_id 0, version 17, address 0xfec00000, GSI 0-23
[    0.031102] ACPI: INT_SRC_OVR (bus 0 bus_irq 0 global_irq 2 dfl dfl)
[    0.031704] ACPI: INT_SRC_OVR (bus 0 bus_irq 5 global_irq 5 high level)
[    0.032381] ACPI: INT_SRC_OVR (bus 0 bus_irq 9 global_irq 9 high level)
[    0.033014] ACPI: INT_SRC_OVR (bus 0 bus_irq 10 global_irq 10 high level)
[    0.033665] ACPI: INT_SRC_OVR (bus 0 bus_irq 11 global_irq 11 high level)
[    0.034367] ACPI: Using ACPI (MADT) for SMP configuration information
[    0.035019] ACPI: HPET id: 0x8086a201 base: 0xfed00000
[    0.035520] TSC deadline timer available
[    0.035897] smpboot: Allowing 64 CPUs, 0 hotplug CPUs
[    0.036401] kvm-guest: KVM setup pv remote TLB flush
[    0.036879] kvm-guest: setup PV sched yield
[    0.037285] PM: hibernation: Registered nosave memory: [mem 0x00000000-0x00000fff]
[    0.038049] PM: hibernation: Registered nosave memory: [mem 0x0009f000-0x0009ffff]
[    0.038776] PM: hibernation: Registered nosave memory: [mem 0x000a0000-0x000effff]
[    0.039504] PM: hibernation: Registered nosave memory: [mem 0x000f0000-0x000fffff]
[    0.040232] [mem 0x20000000-0xfeffbfff] available for PCI devices
[    0.040809] Booting paravirtualized kernel on KVM
[    0.041268] clocksource: refined-jiffies: mask: 0xffffffff max_cycles: 0xffffffff, max_idle_ns: 1910969940391419 ns
[    0.048788] setup_percpu: NR_CPUS:8192 nr_cpumask_bits:64 nr_cpu_ids:64 nr_node_ids:1
[    0.052298] percpu: Embedded 63 pages/cpu s221184 r8192 d28672 u262144
[    0.053043] kvm-guest: PV spinlocks enabled
[    0.053455] PV qspinlock hash table entries: 256 (order: 0, 4096 bytes, linear)
[    0.054178] Kernel command line: console=ttyS0 earlycon=uart8250,io,0x3f8
[    0.055048] random: crng init done
[    0.055385] printk: log_buf_len individual max cpu contribution: 4096 bytes
[    0.056116] printk: log_buf_len total cpu_extra contributions: 258048 bytes
[    0.056791] printk: log_buf_len min size: 262144 bytes
[    0.057695] printk: log_buf_len: 524288 bytes
[    0.058127] printk: early log buf free: 255624(97%)
[    0.058766] Dentry cache hash table entries: 65536 (order: 7, 524288 bytes, linear)
[    0.059530] Inode-cache hash table entries: 32768 (order: 6, 262144 bytes, linear)
[    0.060675] Fallback order for Node 0: 0 
[    0.060687] Built 1 zonelists, mobility grouping on.  Total pages: 128736
[    0.061755] Policy zone: DMA32
[    0.062306] mem auto-init: stack:all(zero), heap alloc:off, heap free:off
[    0.063923] Memory: 438012K/523768K available (18432K kernel code, 3174K rwdata, 12948K rodata, 3004K init, 4456K bss, 85496K reserved, 0K cma-reserved)
[    0.065559] SLUB: HWalign=64, Order=0-3, MinObjects=0, CPUs=64, Nodes=1
[    0.066284] ftrace: allocating 53372 entries in 209 pages
[    0.067012] ftrace: allocated 209 pages with 4 groups
[    0.068510] Dynamic Preempt: voluntary
[    0.069195] rcu: Preemptible hierarchical RCU implementation.
[    0.069753] rcu: 	RCU restricting CPUs from NR_CPUS=8192 to nr_cpu_ids=64.
[    0.070430] 	Trampoline variant of Tasks RCU enabled.
[    0.070921] 	Rude variant of Tasks RCU enabled.
[    0.071365] 	Tracing variant of Tasks RCU enabled.
[    0.071834] rcu: RCU calculated value of scheduler-enlistment delay is 100 jiffies.
[    0.072618] rcu: Adjusting geometry for rcu_fanout_leaf=16, nr_cpu_ids=64
[    0.076280] NR_IRQS: 524544, nr_irqs: 936, preallocated irqs: 16
[    0.077099] rcu: srcu_init: Setting srcu_struct sizes based on contention.
[    0.077845] kfence: initialized - using 2097152 bytes for 255 objects at 0x(____ptrval____)-0x(____ptrval____)
[    0.079009] Console: colour *CGA 80x25
[    0.079549] printk: console [ttyS0] enabled
[    0.079549] printk: console [ttyS0] enabled
[    0.080381] printk: bootconsole [uart8250] disabled
[    0.080381] printk: bootconsole [uart8250] disabled
[    0.081440] ACPI: Core revision 20230628
[    0.081966] clocksource: hpet: mask: 0xffffffff max_cycles: 0xffffffff, max_idle_ns: 19112604467 ns
[    0.082983] APIC: Switch to symmetric I/O mode setup
[    0.083698] x2apic enabled
[    0.084192] Switched APIC routing to physical x2apic.
[    0.084699] kvm-guest: setup PV IPIs
[    0.086062] ..TIMER: vector=0x30 apic1=0 pin1=2 apic2=-1 pin2=-1
[    0.087186] tsc: Marking TSC unstable due to TSCs unsynchronized
[    0.088274] Calibrating delay loop (skipped) preset value.. 4990.62 BogoMIPS (lpj=2495312)
[    0.089461] x86/cpu: User Mode Instruction Prevention (UMIP) activated
[    0.090362] Last level iTLB entries: 4KB 512, 2MB 255, 4MB 127
[    0.091273] Last level dTLB entries: 4KB 512, 2MB 255, 4MB 127, 1GB 0
[    0.092280] Spectre V1 : Mitigation: usercopy/swapgs barriers and __user pointer sanitization
[    0.093273] Spectre V2 : Mitigation: Retpolines
[    0.094069] Spectre V2 : Spectre v2 / SpectreRSB mitigation: Filling RSB on context switch
[    0.094273] Spectre V2 : Spectre v2 / SpectreRSB : Filling RSB on VMEXIT
[    0.095273] Spectre V2 : Enabling Speculation Barrier for firmware calls
[    0.096273] RETBleed: Mitigation: IBPB
[    0.097274] Spectre V2 : mitigation: Enabling conditional Indirect Branch Prediction Barrier
[    0.098273] Speculative Store Bypass: Mitigation: Speculative Store Bypass disabled via prctl
[    0.099273] Speculative Return Stack Overflow: Retbleed IBPB mitigation enabled, using same for SRSO
[    0.100289] x86/fpu: Supporting XSAVE feature 0x001: 'x87 floating point registers'
[    0.101273] x86/fpu: Supporting XSAVE feature 0x002: 'SSE registers'
[    0.102274] x86/fpu: Supporting XSAVE feature 0x004: 'AVX registers'
[    0.103273] x86/fpu: xstate_offset[2]:  576, xstate_sizes[2]:  256
[    0.104273] x86/fpu: Enabled xstate features 0x7, context size is 832 bytes, using 'compacted' format.
[    0.109610] Freeing SMP alternatives memory: 52K
[    0.110273] pid_max: default: 65536 minimum: 512
[    0.111332] LSM: initializing lsm=lockdown,capability,yama,selinux,bpf,landlock,integrity
[    0.112286] Yama: becoming mindful.
[    0.113275] SELinux:  Initializing.
[    0.113937] LSM support for eBPF active
[    0.114274] landlock: Up and running.
[    0.115306] Mount-cache hash table entries: 1024 (order: 1, 8192 bytes, linear)
[    0.116273] Mountpoint-cache hash table entries: 1024 (order: 1, 8192 bytes, linear)
[    0.117607] smpboot: CPU0: AMD EPYC 7502P 32-Core Processor (family: 0x17, model: 0x31, stepping: 0x0)
[    0.118437] RCU Tasks: Setting shift to 6 and lim to 1 rcu_task_cb_adjust=1.
[    0.119291] RCU Tasks Rude: Setting shift to 6 and lim to 1 rcu_task_cb_adjust=1.
[    0.120295] RCU Tasks Trace: Setting shift to 6 and lim to 1 rcu_task_cb_adjust=1.
[    0.121294] Performance Events: Fam17h+ core perfctr, AMD PMU driver.
[    0.122276] ... version:                0
[    0.122996] ... bit width:              48
[    0.123274] ... generic registers:      6
[    0.124024] ... value mask:             0000ffffffffffff
[    0.124274] ... max period:             00007fffffffffff
[    0.125224] ... fixed-purpose events:   0
[    0.125274] ... event mask:             000000000000003f
[    0.126351] signal: max sigframe size: 1776
[    0.127123] rcu: Hierarchical SRCU implementation.
[    0.127275] rcu: 	Max phase no-delay instances is 400.
[    0.128958] smp: Bringing up secondary CPUs ...
[    0.129366] smpboot: x86: Booting SMP configuration:
[    0.130247] .... node  #0, CPUs:        #1  #2  #3  #4  #5  #6  #7  #8  #9 #10 #11 #12 #13 #14 #15 #16 #17 #18 #19 #20 #21 #22 #23 #24 #25 #26 #27 #28 #29 #30 #31 #32 #33 #34 #35 #36 #37 #38 #39 #40 #41 #42 #43 #44 #45 #46 #47 #48 #49 #50 #51 #52 #53 #54 #55 #56 #57 #58 #59 #60 #61 #62 #63
[    0.175541] smp: Brought up 1 node, 64 CPUs
[    0.177017] smpboot: Max logical packages: 1
[    0.177277] smpboot: Total of 64 processors activated (319399.93 BogoMIPS)
[    0.187679] devtmpfs: initialized
[    0.188327] x86/mm: Memory block size: 128MB
[    0.189657] clocksource: jiffies: mask: 0xffffffff max_cycles: 0xffffffff, max_idle_ns: 1911260446275000 ns
[    0.190280] futex hash table entries: 16384 (order: 8, 1048576 bytes, linear)
[    0.191416] pinctrl core: initialized pinctrl subsystem
[    0.192426] PM: RTC time: 12:24:19, date: 2023-08-12
[    0.194007] NET: Registered PF_NETLINK/PF_ROUTE protocol family
[    0.194369] DMA: preallocated 128 KiB GFP_KERNEL pool for atomic allocations
[    0.195290] DMA: preallocated 128 KiB GFP_KERNEL|GFP_DMA pool for atomic allocations
[    0.196277] DMA: preallocated 128 KiB GFP_KERNEL|GFP_DMA32 pool for atomic allocations
[    0.197288] audit: initializing netlink subsys (disabled)
[    0.198320] audit: type=2000 audit(1691843059.582:1): state=initialized audit_enabled=0 res=1
[    0.198375] thermal_sys: Registered thermal governor 'fair_share'
[    0.199275] thermal_sys: Registered thermal governor 'bang_bang'
[    0.200275] thermal_sys: Registered thermal governor 'step_wise'
[    0.201275] thermal_sys: Registered thermal governor 'user_space'
[    0.202330] cpuidle: using governor menu
[    0.205839] acpiphp: ACPI Hot Plug PCI Controller Driver version: 0.5
[    0.206421] PCI: Using configuration type 1 for base access
[    0.207276] PCI: Using configuration type 1 for extended access
[    0.209981] kprobes: kprobe jump-optimization is enabled. All kprobes are optimized if possible.
[    0.232486] HugeTLB: registered 1.00 GiB page size, pre-allocated 0 pages
[    0.233276] HugeTLB: 16380 KiB vmemmap can be freed for a 1.00 GiB page
[    0.234275] HugeTLB: registered 2.00 MiB page size, pre-allocated 0 pages
[    0.236275] HugeTLB: 28 KiB vmemmap can be freed for a 2.00 MiB page
[    0.237454] cryptd: max_cpu_qlen set to 1000
[    0.238379] raid6: skipped pq benchmark and selected avx2x4
[    0.239276] raid6: using avx2x2 recovery algorithm
[    0.240213] ACPI: Added _OSI(Module Device)
[    0.241275] ACPI: Added _OSI(Processor Device)
[    0.242061] ACPI: Added _OSI(3.0 _SCP Extensions)
[    0.242274] ACPI: Added _OSI(Processor Aggregator Device)
[    0.244036] ACPI: 1 ACPI AML tables successfully acquired and loaded
[    0.246327] ACPI: _OSC evaluation for CPUs failed, trying _PDC
[    0.247486] ACPI: Interpreter enabled
[    0.248147] ACPI: PM: (supports S0 S3 S4 S5)
[    0.248275] ACPI: Using IOAPIC for interrupt routing
[    0.249297] PCI: Using host bridge windows from ACPI; if necessary, use "pci=nocrs" and report a bug
[    0.250276] PCI: Using E820 reservations for host bridge windows
[    0.251389] ACPI: Enabled 2 GPEs in block 00 to 0F
[    0.255582] ACPI: PCI Root Bridge [PCI0] (domain 0000 [bus 00-ff])
[    0.256279] acpi PNP0A03:00: _OSC: OS supports [ExtendedConfig ASPM ClockPM Segments MSI EDR HPX-Type3]
[    0.257518] acpiphp: Slot [2] registered
[    0.258248] acpiphp: Slot [3] registered
[    0.258291] acpiphp: Slot [4] registered
[    0.259000] acpiphp: Slot [5] registered
[    0.259285] acpiphp: Slot [6] registered
[    0.260017] acpiphp: Slot [7] registered
[    0.260288] acpiphp: Slot [8] registered
[    0.261001] acpiphp: Slot [9] registered
[    0.261286] acpiphp: Slot [10] registered
[    0.262044] acpiphp: Slot [11] registered
[    0.262287] acpiphp: Slot [12] registered
[    0.263021] acpiphp: Slot [13] registered
[    0.263286] acpiphp: Slot [14] registered
[    0.264044] acpiphp: Slot [15] registered
[    0.264288] acpiphp: Slot [16] registered
[    0.265008] acpiphp: Slot [17] registered
[    0.265286] acpiphp: Slot [18] registered
[    0.266039] acpiphp: Slot [19] registered
[    0.266286] acpiphp: Slot [20] registered
[    0.267022] acpiphp: Slot [21] registered
[    0.267287] acpiphp: Slot [22] registered
[    0.268035] acpiphp: Slot [23] registered
[    0.268286] acpiphp: Slot [24] registered
[    0.269031] acpiphp: Slot [25] registered
[    0.269287] acpiphp: Slot [26] registered
[    0.270033] acpiphp: Slot [27] registered
[    0.270285] acpiphp: Slot [28] registered
[    0.271029] acpiphp: Slot [29] registered
[    0.271287] acpiphp: Slot [30] registered
[    0.272040] acpiphp: Slot [31] registered
[    0.272282] PCI host bridge to bus 0000:00
[    0.273033] pci_bus 0000:00: root bus resource [io  0x0000-0x0cf7 window]
[    0.273275] pci_bus 0000:00: root bus resource [io  0x0d00-0xffff window]
[    0.274275] pci_bus 0000:00: root bus resource [mem 0x000a0000-0x000bffff window]
[    0.275275] pci_bus 0000:00: root bus resource [mem 0x20000000-0xfebfffff window]
[    0.276275] pci_bus 0000:00: root bus resource [mem 0x100000000-0x17fffffff window]
[    0.277276] pci_bus 0000:00: root bus resource [bus 00-ff]
[    0.278398] pci 0000:00:00.0: [8086:1237] type 00 class 0x060000
[    0.279801] pci 0000:00:01.0: [8086:7000] type 00 class 0x060100
[    0.280716] pci 0000:00:01.1: [8086:7010] type 00 class 0x010180
[    0.282671] pci 0000:00:01.1: reg 0x20: [io  0xc000-0xc00f]
[    0.283639] pci 0000:00:01.1: legacy IDE quirk: reg 0x10: [io  0x01f0-0x01f7]
[    0.284275] pci 0000:00:01.1: legacy IDE quirk: reg 0x14: [io  0x03f6]
[    0.285275] pci 0000:00:01.1: legacy IDE quirk: reg 0x18: [io  0x0170-0x0177]
[    0.286275] pci 0000:00:01.1: legacy IDE quirk: reg 0x1c: [io  0x0376]
[    0.287398] pci 0000:00:01.3: [8086:7113] type 00 class 0x068000
[    0.288618] pci 0000:00:01.3: quirk: [io  0x0600-0x063f] claimed by PIIX4 ACPI
[    0.289282] pci 0000:00:01.3: quirk: [io  0x0700-0x070f] claimed by PIIX4 SMB
[    0.290708] ACPI: PCI: Interrupt link LNKA configured for IRQ 10
[    0.291416] ACPI: PCI: Interrupt link LNKB configured for IRQ 10
[    0.292406] ACPI: PCI: Interrupt link LNKC configured for IRQ 11
[    0.293404] ACPI: PCI: Interrupt link LNKD configured for IRQ 11
[    0.294384] ACPI: PCI: Interrupt link LNKS configured for IRQ 9
[    0.296898] iommu: Default domain type: Translated
[    0.297276] iommu: DMA domain TLB invalidation policy: lazy mode
[    0.298364] SCSI subsystem initialized
[    0.299090] ACPI: bus type USB registered
[    0.299289] usbcore: registered new interface driver usbfs
[    0.300276] usbcore: registered new interface driver hub
[    0.301287] usbcore: registered new device driver usb
[    0.302250] pps_core: LinuxPPS API ver. 1 registered
[    0.302275] pps_core: Software ver. 5.3.6 - Copyright 2005-2007 Rodolfo Giometti <giometti@linux.it>
[    0.303278] PTP clock support registered
[    0.304015] EDAC MC: Ver: 3.0.0
[    0.304444] NetLabel: Initializing
[    0.305079] NetLabel:  domain hash size = 128
[    0.305276] NetLabel:  protocols = UNLABELED CIPSOv4 CALIPSO
[    0.306288] NetLabel:  unlabeled traffic allowed by default
[    0.307278] mctp: management component transport protocol core
[    0.308275] NET: Registered PF_MCTP protocol family
[    0.309168] PCI: Using ACPI for IRQ routing
[    0.309346] vgaarb: loaded
[    0.309791] hpet0: at MMIO 0xfed00000, IRQs 2, 8, 0
[    0.310276] hpet0: 3 comparators, 64-bit 100.000000 MHz counter
[    0.317061] clocksource: Switched to clocksource kvm-clock
[    0.320210] VFS: Disk quotas dquot_6.6.0
[    0.320956] VFS: Dquot-cache hash table entries: 512 (order 0, 4096 bytes)
[    0.322345] pnp: PnP ACPI init
[    0.323075] pnp: PnP ACPI: found 5 devices
[    0.330264] clocksource: acpi_pm: mask: 0xffffff max_cycles: 0xffffff, max_idle_ns: 2085701024 ns
[    0.331923] NET: Registered PF_INET protocol family
[    0.332969] IP idents hash table entries: 8192 (order: 4, 65536 bytes, linear)
[    0.334877] tcp_listen_portaddr_hash hash table entries: 256 (order: 0, 4096 bytes, linear)
[    0.336361] Table-perturb hash table entries: 65536 (order: 6, 262144 bytes, linear)
[    0.337726] TCP established hash table entries: 4096 (order: 3, 32768 bytes, linear)
[    0.339112] TCP bind hash table entries: 4096 (order: 5, 131072 bytes, linear)
[    0.340401] TCP: Hash tables configured (established 4096 bind 4096)
[    0.341644] MPTCP token hash table entries: 512 (order: 1, 12288 bytes, linear)
[    0.342963] UDP hash table entries: 256 (order: 1, 8192 bytes, linear)
[    0.344153] UDP-Lite hash table entries: 256 (order: 1, 8192 bytes, linear)
[    0.345531] NET: Registered PF_UNIX/PF_LOCAL protocol family
[    0.346553] NET: Registered PF_XDP protocol family
[    0.347413] pci_bus 0000:00: resource 4 [io  0x0000-0x0cf7 window]
[    0.348510] pci_bus 0000:00: resource 5 [io  0x0d00-0xffff window]
[    0.349617] pci_bus 0000:00: resource 6 [mem 0x000a0000-0x000bffff window]
[    0.350848] pci_bus 0000:00: resource 7 [mem 0x20000000-0xfebfffff window]
[    0.352048] pci_bus 0000:00: resource 8 [mem 0x100000000-0x17fffffff window]
[    0.353326] pci 0000:00:01.0: PIIX3: Enabling Passive Release
[    0.354347] pci 0000:00:00.0: Limiting direct PCI/PCI transfers
[    0.355404] PCI: CLS 0 bytes, default 64
[    0.356160] Trying to unpack rootfs image as initramfs...
[    0.360863] Freeing initrd memory: 5172K
[    0.370278] Initialise system trusted keyrings
[    0.371113] Key type blacklist registered
[    0.371917] workingset: timestamp_bits=36 max_order=17 bucket_order=0
[    0.373081] zbud: loaded
[    0.375484] integrity: Platform Keyring initialized
[    0.376409] integrity: Machine keyring initialized
[    0.384174] NET: Registered PF_ALG protocol family
[    0.385061] xor: measuring software checksum speed
[    0.386338]    prefetch64-sse  : 22537 MB/sec
[    0.387603]    generic_sse     : 20374 MB/sec
[    0.388407] xor: using function: prefetch64-sse (22537 MB/sec)
[    0.389468] Key type asymmetric registered
[    0.390187] Asymmetric key parser 'x509' registered
[    0.392693] Block layer SCSI generic (bsg) driver version 0.4 loaded (major 245)
[    0.394125] io scheduler mq-deadline registered
[    0.394942] io scheduler kyber registered
[    0.395676] io scheduler bfq registered
[    0.399933] atomic64_test: passed for x86-64 platform with CX8 and with SSE
[    0.401476] shpchp: Standard Hot Plug PCI Controller Driver version: 0.4
[    0.402743] input: Power Button as /devices/LNXSYSTM:00/LNXPWRBN:00/input/input0
[    0.404099] ACPI: button: Power Button [PWRF]
[    0.406560] Serial: 8250/16550 driver, 32 ports, IRQ sharing enabled
[    0.407839] 00:03: ttyS0 at I/O 0x3f8 (irq = 4, base_baud = 115200) is a 16550A
[    0.411269] Non-volatile memory driver v1.3
[    0.412069] Linux agpgart interface v0.103
[    0.412866] ACPI: bus type drm_connector registered
[    0.419879] scsi host0: ata_piix
[    0.420636] scsi host1: ata_piix
[    0.421231] ata1: PATA max MWDMA2 cmd 0x1f0 ctl 0x3f6 bmdma 0xc000 irq 14
[    0.422437] ata2: PATA max MWDMA2 cmd 0x170 ctl 0x376 bmdma 0xc008 irq 15
[    0.423892] usbcore: registered new interface driver usbserial_generic
[    0.425263] usbserial: USB Serial support registered for generic
[    0.426367] i8042: PNP: PS/2 Controller [PNP0303:KBD,PNP0f13:MOU] at 0x60,0x64 irq 1,12
[    0.428540] serio: i8042 KBD port at 0x60,0x64 irq 1
[    0.429413] serio: i8042 AUX port at 0x60,0x64 irq 12
[    0.430398] mousedev: PS/2 mouse device common for all mice
[    0.431540] rtc_cmos 00:04: RTC can wake from S4
[    0.432946] input: AT Translated Set 2 keyboard as /devices/platform/i8042/serio0/input/input1
[    0.434612] rtc_cmos 00:04: registvmport: unknown command 56
ered as rtc0
[    0.435673] input: VirtualPS/2 VMware VMMouse as /devices/platform/i8042/serio1/input/input4
[    0.436040] rtc_cmos 00:04: setting system clock to 2023-08-12T12:24:19 UTC (1691843059)
[    0.438065] input: VirtualPS/2 VMware VMMouse as /devices/platform/i8042/serio1/input/input3
[    0.439087] rtc_cmos 00:04: alarms up to one day, y3k, 242 bytes nvram, hpet irqs
[    0.441856] device-mapper: core: CONFIG_IMA_DISABLE_HTABLE is disabled. Duplicate IMA measurements will not be recorded in the IMA log.
[    0.443902] device-mapper: uevent: version 1.0.3
[    0.444786] device-mapper: ioctl: 4.48.0-ioctl (2023-03-01) initialised: dm-devel@redhat.com
[    0.446383] amd_pstate: the _CPC object is not present in SBIOS or ACPI disabled
[    0.447717] hid: raw HID events driver (C) Jiri Kosina
[    0.448695] usbcore: registered new interface driver usbhid
[    0.449639] usbhid: USB HID core driver
[    0.450437] drop_monitor: Initializing network drop monitor service
[    0.463360] Initializing XFRM netlink socket
[    0.464154] NET: Registered PF_INET6 protocol family
[    0.466340] Segment Routing with IPv6
[    0.467016] RPL Segment Routing with IPv6
[    0.467743] In-situ OAM (IOAM) with IPv6
[    0.468445] mip6: Mobile IPv6
[    0.468981] NET: Registered PF_PACKET protocol family
[    0.474019] IPI shorthand broadcast: enabled
[    0.474808] AVX2 version of gcm_enc/dec engaged.
[    0.476537] AES CTR mode by8 optimization enabled
[    0.478832] sched_clock: Marking stable (472001851, 6498827)->(536889625, -58388947)
[    0.480595] registered taskstats version 1
[    0.484835] Loading compiled-in X.509 certificates
[    0.493360] Loaded X.509 cert 'Build time autogenerated kernel key: 7d3646366a1005b45ea771da1b9bf85eb4e98ce6'
[    0.496930] page_owner is disabled
[    0.497614] Key type .fscrypt registered
[    0.498279] Key type fscrypt-provisioning registered
[    0.499687] Btrfs loaded, zoned=yes, fsverity=yes
[    0.500506] Key type big_key registered
[    0.504046] Key type encrypted registered
[    0.504763] ima: No TPM chip found, activating TPM-bypass!
[    0.505696] Loading compiled-in module X.509 certificates
[    0.506975] Loaded X.509 cert 'Build time autogenerated kernel key: 7d3646366a1005b45ea771da1b9bf85eb4e98ce6'
[    0.508640] ima: Allocated hash algorithm: sha256
[    0.509445] ima: No architecture policies found
[    0.510229] evm: Initialising EVM extended attributes:
[    0.511097] evm: security.selinux
[    0.511663] evm: security.SMACK64 (disabled)
[    0.512377] evm: security.SMACK64EXEC (disabled)
[    0.513153] evm: security.SMACK64TRANSMUTE (disabled)
[    0.514004] evm: security.SMACK64MMAP (disabled)
[    0.514787] evm: security.apparmor (disabled)
[    0.515522] evm: security.ima
[    0.516019] evm: security.capability
[    0.516618] evm: HMAC attrs: 0x1
[    0.538931] alg: No test for 842 (842-scomp)
[    0.539840] alg: No test for 842 (842-generic)
[    0.630114] PM:   Magic number: 3:560:430
[    0.630920] thermal cooling_device22: hash matches
[    0.635103] RAS: Correctable Errors collector initialized.
[    0.636241] clk: Disabling unused clocks
[    0.640225] Freeing unused decrypted memory: 2036K
[    0.641676] Freeing unused kernel image (initmem) memory: 3004K
[    0.645517] Write protecting the kernel read-only data: 32768k
[    0.647092] Freeing unused kernel image (rodata/data gap) memory: 1388K
[    0.686255] x86/mm: Checked W+X mappings: passed, no W+X pages found.
[    0.687281] Run /init as init process
Starting syslogd: OK
Starting klogd: OK
Running sysctl: OK
Saving 256 bits of creditable seed for next boot
Starting network: OK
Linux version 6.5.0-rc5-next-20230809-cbl (nathan@dev-arch.m3-large-x86-01) (ClangBuiltLinux clang version 13.0.1 (https://github.com/llvm/llvm-project 75e33f71c2dae584b13a7d1186ae0a038ba98838), ClangBuiltLinux LLD 13.0.1 (https://github.com/llvm/llvm-project 75e33f71c2dae584b13a7d1186ae0a038ba98838)) #1 SMP PREEMPT_DYNAMIC Sat Aug 12 12:23:08 UTC 2023
Stopping network: OK
Seeding 256 bits and crediting
Saving 256 bits of creditable seed for next boot
Stopping klogd: OK
Stopping syslogd: OK
umount: devtmpfs busy - remounted read-only
umount: can't unmount /: Invalid argument

The system is going down NOW!

Sent SIGTERM to all processes

Sent SIGKILL to all processes

Requesting system poweroff
[    2.767396] ACPI: PM: Preparing to enter system sleep state S5
[    2.768430] reboot: Power down
$ timeout --foreground 3m stdbuf -eL -oL /usr/sbin/qemu-system-x86_64 -display none -nodefaults -d unimp,guest_errors -append 'console=ttyS0 earlycon=uart8250,io,0x3f8' -kernel /home/nathan/tmp/build/cbl_lkt/linux-next/x86_64/arch/x86/boot/bzImage -initrd /home/nathan/cbl/llvm-kernel-testing/src/boot-utils/images/x86_64/rootfs.cpio -cpu host -enable-kvm -m 512m -smp 64 -serial mon:stdio
