/home/nathan/cbl/src/linux-next/net/ipv4/tcp_output.c:186:3: warning: result of comparison of constant -1 with expression of type 'u8' (aka 'unsigned char') is always false [-Wtautological-constant-out-of-range-compare]
                NET_ADD_STATS(sock_net(sk), LINUX_MIB_TCPACKCOMPRESSED,
                ^~~~~~~~~~~~~~~~~~~~~~~~~~~~~~~~~~~~~~~~~~~~~~~~~~~~~~~
/home/nathan/cbl/src/linux-next/include/net/ip.h:301:41: note: expanded from macro 'NET_ADD_STATS'
#define NET_ADD_STATS(net, field, adnd) SNMP_ADD_STATS((net)->mib.net_statistics, field, adnd)
                                        ^~~~~~~~~~~~~~~~~~~~~~~~~~~~~~~~~~~~~~~~~~~~~~~~~~~~~~
/home/nathan/cbl/src/linux-next/include/net/snmp.h:143:4: note: expanded from macro 'SNMP_ADD_STATS'
                        this_cpu_add(mib->mibs[field], addend)
                        ^~~~~~~~~~~~~~~~~~~~~~~~~~~~~~~~~~~~~~
/home/nathan/cbl/src/linux-next/include/linux/percpu-defs.h:491:33: note: expanded from macro 'this_cpu_add'
#define this_cpu_add(pcp, val)          __pcpu_size_call(this_cpu_add_, pcp, val)
                                        ^~~~~~~~~~~~~~~~~~~~~~~~~~~~~~~~~~~~~~~~~
note: (skipping 1 expansions in backtrace; use -fmacro-backtrace-limit=0 to see all)
<scratch space>:154:1: note: expanded from here
this_cpu_add_8
^
/home/nathan/cbl/src/linux-next/arch/x86/include/asm/percpu.h:370:35: note: expanded from macro 'this_cpu_add_8'
#define this_cpu_add_8(pcp, val)                percpu_add_op(8, volatile, (pcp), val)
                                                ^~~~~~~~~~~~~~~~~~~~~~~~~~~~~~~~~~~~~~
/home/nathan/cbl/src/linux-next/arch/x86/include/asm/percpu.h:127:31: note: expanded from macro 'percpu_add_op'
                              ((val) == 1 || (val) == -1)) ?            \
                                             ~~~~~ ^  ~~
1 warning generated.
/home/nathan/cbl/src/linux-next/drivers/block/rbd.c:6149:17: warning: result of comparison of constant 2305843009213693948 with expression of type 'u32' (aka 'unsigned int') is always false [-Wtautological-constant-out-of-range-compare]
        if (snap_count > (SIZE_MAX - sizeof (struct ceph_snap_context))
            ~~~~~~~~~~ ^ ~~~~~~~~~~~~~~~~~~~~~~~~~~~~~~~~~~~~~~~~~~~~~~
1 warning generated.
/home/nathan/cbl/src/linux-next/net/ceph/osdmap.c:1441:10: warning: result of comparison of constant 4611686018427387891 with expression of type 'u32' (aka 'unsigned int') is always false [-Wtautological-constant-out-of-range-compare]
        if (len > (SIZE_MAX - sizeof(*pg)) / sizeof(u32))
            ~~~ ^ ~~~~~~~~~~~~~~~~~~~~~~~~~~~~~~~~~~~~~~
/home/nathan/cbl/src/linux-next/net/ceph/osdmap.c:1624:10: warning: result of comparison of constant 2305843009213693945 with expression of type 'u32' (aka 'unsigned int') is always false [-Wtautological-constant-out-of-range-compare]
        if (len > (SIZE_MAX - sizeof(*pg)) / (2 * sizeof(u32)))
            ~~~ ^ ~~~~~~~~~~~~~~~~~~~~~~~~~~~~~~~~~~~~~~~~~~~~
2 warnings generated.
/home/nathan/cbl/src/linux-next/drivers/net/wireless/ath/ath9k/main.c:1566:21: warning: parameter 'changed_flags' set but not used [-Wunused-but-set-parameter]
                                   unsigned int changed_flags,
                                                ^
1 warning generated.
/home/nathan/cbl/src/linux-next/drivers/net/wireless/ath/ath5k/mac80211-ops.c:367:62: warning: parameter 'changed_flags' set but not used [-Wunused-but-set-parameter]
ath5k_configure_filter(struct ieee80211_hw *hw, unsigned int changed_flags,
                                                             ^
1 warning generated.
/home/nathan/cbl/src/linux-next/drivers/net/wireless/ath/ath9k/htc_drv_main.c:1258:25: warning: parameter 'changed_flags' set but not used [-Wunused-but-set-parameter]
                                       unsigned int changed_flags,
                                                    ^
1 warning generated.
/home/nathan/cbl/src/linux-next/fs/ceph/snap.c:372:10: warning: result of comparison of constant 2305843009213693948 with expression of type 'u32' (aka 'unsigned int') is always false [-Wtautological-constant-out-of-range-compare]
        if (num > (SIZE_MAX - sizeof(*snapc)) / sizeof(u64))
            ~~~ ^ ~~~~~~~~~~~~~~~~~~~~~~~~~~~~~~~~~~~~~~~~~
1 warning generated.
drivers/infiniband/hw/hfi1/platform.o: warning: objtool: tune_serdes() falls through to next function apply_cdr_settings()
/home/nathan/cbl/src/linux-next/drivers/net/ethernet/qlogic/qed/qed_vf.c:63:67: warning: parameter 'resp_size' set but not used [-Wunused-but-set-parameter]
static int qed_send_msg2pf(struct qed_hwfn *p_hwfn, u8 *done, u32 resp_size)
                                                                  ^
1 warning generated.

[01;32mQEMU location: [0m/usr/sbin[0m

[01;32mQEMU version: [0mQEMU emulator version 8.0.3[0m
[    0.000000] Linux version 6.5.0-rc5-next-20230809-cbl (nathan@dev-arch.m3-large-x86-01) (ClangBuiltLinux clang version 13.0.1 (https://github.com/llvm/llvm-project 75e33f71c2dae584b13a7d1186ae0a038ba98838), ClangBuiltLinux LLD 13.0.1 (https://github.com/llvm/llvm-project 75e33f71c2dae584b13a7d1186ae0a038ba98838)) #1 SMP PREEMPT_DYNAMIC Sat Aug 12 12:06:07 UTC 2023
[    0.000000] Command line: console=ttyS0 earlycon=uart8250,io,0x3f8
[    0.000000] BIOS-provided physical RAM map:
[    0.000000] BIOS-e820: [mem 0x0000000000000000-0x000000000009fbff] usable
[    0.000000] BIOS-e820: [mem 0x000000000009fc00-0x000000000009ffff] reserved
[    0.000000] BIOS-e820: [mem 0x00000000000f0000-0x00000000000fffff] reserved
[    0.000000] BIOS-e820: [mem 0x0000000000100000-0x000000001ffdffff] usable
[    0.000000] BIOS-e820: [mem 0x000000001ffe0000-0x000000001fffffff] reserved
[    0.000000] BIOS-e820: [mem 0x00000000feffc000-0x00000000feffffff] reserved
[    0.000000] BIOS-e820: [mem 0x00000000fffc0000-0x00000000ffffffff] reserved
[    0.000000] BIOS-e820: [mem 0x000000fd00000000-0x000000ffffffffff] reserved
[    0.000000] earlycon: uart8250 at I/O port 0x3f8 (options '')
[    0.000000] printk: bootconsole [uart8250] enabled
[    0.000000] NX (Execute Disable) protection: active
[    0.000000] SMBIOS 2.8 present.
[    0.000000] DMI: QEMU Standard PC (i440FX + PIIX, 1996), BIOS Arch Linux 1.16.2-1-1 04/01/2014
[    0.000000] Hypervisor detected: KVM
[    0.000000] kvm-clock: Using msrs 4b564d01 and 4b564d00
[    0.000000] kvm-clock: using sched offset of 151931600 cycles
[    0.000499] clocksource: kvm-clock: mask: 0xffffffffffffffff max_cycles: 0x1cd42e4dffb, max_idle_ns: 881590591483 ns
[    0.002082] tsc: Detected 2495.312 MHz processor
[    0.002739] last_pfn = 0x1ffe0 max_arch_pfn = 0x400000000
[    0.003287] MTRR map: 4 entries (3 fixed + 1 variable; max 19), built from 8 variable MTRRs
[    0.004101] x86/PAT: Configuration [0-7]: WB  WC  UC- UC  WB  WP  UC- WT  
[    0.007454] found SMP MP-table at [mem 0x000f6e60-0x000f6e6f]
[    0.008024] Using GB pages for direct mapping
[    0.008586] RAMDISK: [mem 0x1fad3000-0x1ffdffff]
[    0.009080] ACPI: Early table checksum verification disabled
[    0.009627] ACPI: RSDP 0x00000000000F6C90 000014 (v00 BOCHS )
[    0.010175] ACPI: RSDT 0x000000001FFE31D1 000034 (v01 BOCHS  BXPC     00000001 BXPC 00000001)
[    0.011002] ACPI: FACP 0x000000001FFE2E8D 000074 (v01 BOCHS  BXPC     00000001 BXPC 00000001)
[    0.011823] ACPI: DSDT 0x000000001FFE0040 002E4D (v01 BOCHS  BXPC     00000001 BXPC 00000001)
[    0.012648] ACPI: FACS 0x000000001FFE0000 000040
[    0.013090] ACPI: APIC 0x000000001FFE2F01 000270 (v01 BOCHS  BXPC     00000001 BXPC 00000001)
[    0.013911] ACPI: HPET 0x000000001FFE3171 000038 (v01 BOCHS  BXPC     00000001 BXPC 00000001)
[    0.014730] ACPI: WAET 0x000000001FFE31A9 000028 (v01 BOCHS  BXPC     00000001 BXPC 00000001)
[    0.015582] ACPI: Reserving FACP table memory at [mem 0x1ffe2e8d-0x1ffe2f00]
[    0.016250] ACPI: Reserving DSDT table memory at [mem 0x1ffe0040-0x1ffe2e8c]
[    0.016921] ACPI: Reserving FACS table memory at [mem 0x1ffe0000-0x1ffe003f]
[    0.017637] ACPI: Reserving APIC table memory at [mem 0x1ffe2f01-0x1ffe3170]
[    0.018301] ACPI: Reserving HPET table memory at [mem 0x1ffe3171-0x1ffe31a8]
[    0.019017] ACPI: Reserving WAET table memory at [mem 0x1ffe31a9-0x1ffe31d0]
[    0.019883] No NUMA configuration found
[    0.020258] Faking a node at [mem 0x0000000000000000-0x000000001ffdffff]
[    0.020942] NODE_DATA(0) allocated [mem 0x1face000-0x1fad2fff]
[    0.021548] Zone ranges:
[    0.021790]   DMA      [mem 0x0000000000001000-0x0000000000ffffff]
[    0.022379]   DMA32    [mem 0x0000000001000000-0x000000001ffdffff]
[    0.022971]   Normal   empty
[    0.023244] Movable zone start for each node
[    0.023653] Early memory node ranges
[    0.023993]   node   0: [mem 0x0000000000001000-0x000000000009efff]
[    0.024644]   node   0: [mem 0x0000000000100000-0x000000001ffdffff]
[    0.025236] Initmem setup node 0 [mem 0x0000000000001000-0x000000001ffdffff]
[    0.026178] On node 0, zone DMA: 1 pages in unavailable ranges
[    0.026200] On node 0, zone DMA: 97 pages in unavailable ranges
[    0.027883] On node 0, zone DMA32: 32 pages in unavailable ranges
[    0.028668] ACPI: PM-Timer IO Port: 0x608
[    0.029640] ACPI: LAPIC_NMI (acpi_id[0xff] dfl dfl lint[0x1])
[    0.030211] IOAPIC[0]: apic_id 0, version 17, address 0xfec00000, GSI 0-23
[    0.030919] ACPI: INT_SRC_OVR (bus 0 bus_irq 0 global_irq 2 dfl dfl)
[    0.031522] ACPI: INT_SRC_OVR (bus 0 bus_irq 5 global_irq 5 high level)
[    0.032154] ACPI: INT_SRC_OVR (bus 0 bus_irq 9 global_irq 9 high level)
[    0.032787] ACPI: INT_SRC_OVR (bus 0 bus_irq 10 global_irq 10 high level)
[    0.033476] ACPI: INT_SRC_OVR (bus 0 bus_irq 11 global_irq 11 high level)
[    0.034131] ACPI: Using ACPI (MADT) for SMP configuration information
[    0.034755] ACPI: HPET id: 0x8086a201 base: 0xfed00000
[    0.035245] TSC deadline timer available
[    0.035625] smpboot: Allowing 64 CPUs, 0 hotplug CPUs
[    0.036119] kvm-guest: KVM setup pv remote TLB flush
[    0.036649] kvm-guest: setup PV sched yield
[    0.037050] PM: hibernation: Registered nosave memory: [mem 0x00000000-0x00000fff]
[    0.037817] PM: hibernation: Registered nosave memory: [mem 0x0009f000-0x0009ffff]
[    0.038540] PM: hibernation: Registered nosave memory: [mem 0x000a0000-0x000effff]
[    0.039263] PM: hibernation: Registered nosave memory: [mem 0x000f0000-0x000fffff]
[    0.040033] [mem 0x20000000-0xfeffbfff] available for PCI devices
[    0.040657] Booting paravirtualized kernel on KVM
[    0.041105] clocksource: refined-jiffies: mask: 0xffffffff max_cycles: 0xffffffff, max_idle_ns: 1910969940391419 ns
[    0.042105] setup_percpu: NR_CPUS:256 nr_cpumask_bits:64 nr_cpu_ids:64 nr_node_ids:1
[    0.045454] percpu: Embedded 47 pages/cpu s155048 r8192 d29272 u262144
[    0.046205] Kernel command line: console=ttyS0 earlycon=uart8250,io,0x3f8
[    0.046973] random: crng init done
[    0.047303] printk: log_buf_len individual max cpu contribution: 4096 bytes
[    0.047980] printk: log_buf_len total cpu_extra contributions: 258048 bytes
[    0.048661] printk: log_buf_len min size: 262144 bytes
[    0.049560] printk: log_buf_len: 524288 bytes
[    0.049994] printk: early log buf free: 255776(97%)
[    0.050644] Dentry cache hash table entries: 65536 (order: 7, 524288 bytes, linear)
[    0.051417] Inode-cache hash table entries: 32768 (order: 6, 262144 bytes, linear)
[    0.052555] Fallback order for Node 0: 0 
[    0.052566] Built 1 zonelists, mobility grouping on.  Total pages: 128736
[    0.053631] Policy zone: DMA32
[    0.053930] mem auto-init: stack:off, heap alloc:on, heap free:off
[    0.055752] Memory: 473304K/523768K available (12288K kernel code, 1484K rwdata, 2320K rodata, 1424K init, 1048K bss, 50204K reserved, 0K cma-reserved)
[    0.057341] SLUB: HWalign=64, Order=0-3, MinObjects=0, CPUs=64, Nodes=1
[    0.058116] Dynamic Preempt: full
[    0.058772] rcu: Preemptible hierarchical RCU implementation.
[    0.059333] rcu: 	RCU restricting CPUs from NR_CPUS=256 to nr_cpu_ids=64.
[    0.059993] 	Trampoline variant of Tasks RCU enabled.
[    0.060525] 	Tracing variant of Tasks RCU enabled.
[    0.060994] rcu: RCU calculated value of scheduler-enlistment delay is 100 jiffies.
[    0.061777] rcu: Adjusting geometry for rcu_fanout_leaf=16, nr_cpu_ids=64
[    0.062465] NR_IRQS: 16640, nr_irqs: 936, preallocated irqs: 16
[    0.063258] rcu: srcu_init: Setting srcu_struct sizes based on contention.
[    0.064110] Console: colour *CGA 80x25
[    0.064507] printk: console [ttyS0] enabled
[    0.064507] printk: console [ttyS0] enabled
[    0.065348] printk: bootconsole [uart8250] disabled
[    0.065348] printk: bootconsole [uart8250] disabled
[    0.066355] ACPI: Core revision 20230628
[    0.066863] clocksource: hpet: mask: 0xffffffff max_cycles: 0xffffffff, max_idle_ns: 19112604467 ns
[    0.067838] APIC: Switch to symmetric I/O mode setup
[    0.068578] x2apic enabled
[    0.069070] Switched APIC routing to physical x2apic.
[    0.069579] kvm-guest: setup PV IPIs
[    0.070931] ..TIMER: vector=0x30 apic1=0 pin1=2 apic2=-1 pin2=-1
[    0.072003] tsc: Marking TSC unstable due to TSCs unsynchronized
[    0.073087] Calibrating delay loop (skipped) preset value.. 4990.62 BogoMIPS (lpj=2495312)
[    0.074273] x86/cpu: User Mode Instruction Prevention (UMIP) activated
[    0.075171] Last level iTLB entries: 4KB 512, 2MB 255, 4MB 127
[    0.076085] Last level dTLB entries: 4KB 512, 2MB 255, 4MB 127, 1GB 0
[    0.077088] Spectre V1 : Mitigation: usercopy/swapgs barriers and __user pointer sanitization
[    0.078086] Spectre V2 : Mitigation: Retpolines
[    0.079085] Spectre V2 : Spectre v2 / SpectreRSB mitigation: Filling RSB on context switch
[    0.080085] Spectre V2 : Spectre v2 / SpectreRSB : Filling RSB on VMEXIT
[    0.081085] Spectre V2 : Enabling Speculation Barrier for firmware calls
[    0.082085] RETBleed: Mitigation: IBPB
[    0.083086] Spectre V2 : mitigation: Enabling conditional Indirect Branch Prediction Barrier
[    0.084085] Speculative Store Bypass: Mitigation: Speculative Store Bypass disabled via prctl
[    0.085085] Speculative Return Stack Overflow: Retbleed IBPB mitigation enabled, using same for SRSO
[    0.086099] x86/fpu: Supporting XSAVE feature 0x001: 'x87 floating point registers'
[    0.087085] x86/fpu: Supporting XSAVE feature 0x002: 'SSE registers'
[    0.088085] x86/fpu: Supporting XSAVE feature 0x004: 'AVX registers'
[    0.089085] x86/fpu: xstate_offset[2]:  576, xstate_sizes[2]:  256
[    0.090085] x86/fpu: Enabled xstate features 0x7, context size is 832 bytes, using 'compacted' format.
[    0.093905] Freeing SMP alternatives memory: 36K
[    0.094085] pid_max: default: 65536 minimum: 512
[    0.095132] LSM: initializing lsm=capability,lockdown
[    0.096115] Mount-cache hash table entries: 1024 (order: 1, 8192 bytes, linear)
[    0.097087] Mountpoint-cache hash table entries: 1024 (order: 1, 8192 bytes, linear)
[    0.098358] smpboot: CPU0: AMD EPYC 7502P 32-Core Processor (family: 0x17, model: 0x31, stepping: 0x0)
[    0.099189] RCU Tasks: Setting shift to 6 and lim to 1 rcu_task_cb_adjust=1.
[    0.100105] RCU Tasks Trace: Setting shift to 6 and lim to 1 rcu_task_cb_adjust=1.
[    0.101102] Performance Events: Fam17h+ core perfctr, AMD PMU driver.
[    0.102089] ... version:                0
[    0.102768] ... bit width:              48
[    0.103086] ... generic registers:      6
[    0.103778] ... value mask:             0000ffffffffffff
[    0.104087] ... max period:             00007fffffffffff
[    0.105019] ... fixed-purpose events:   0
[    0.105087] ... event mask:             000000000000003f
[    0.106083] signal: max sigframe size: 1776
[    0.106864] rcu: Hierarchical SRCU implementation.
[    0.107087] rcu: 	Max phase no-delay instances is 400.
[    0.108283] smp: Bringing up secondary CPUs ...
[    0.109154] smpboot: x86: Booting SMP configuration:
[    0.110033] .... node  #0, CPUs:        #1  #2  #3  #4  #5  #6  #7  #8  #9 #10 #11 #12 #13 #14 #15 #16 #17 #18 #19 #20 #21 #22 #23 #24 #25 #26 #27 #28 #29 #30 #31 #32 #33 #34 #35 #36 #37 #38 #39 #40 #41 #42 #43 #44 #45 #46 #47 #48 #49 #50 #51 #52 #53 #54 #55 #56 #57 #58 #59 #60 #61 #62 #63
[    0.154379] smp: Brought up 1 node, 64 CPUs
[    0.155793] smpboot: Max logical packages: 1
[    0.156090] smpboot: Total of 64 processors activated (319399.93 BogoMIPS)
[    0.160432] devtmpfs: initialized
[    0.161268] clocksource: jiffies: mask: 0xffffffff max_cycles: 0xffffffff, max_idle_ns: 1911260446275000 ns
[    0.162162] futex hash table entries: 16384 (order: 8, 1048576 bytes, linear)
[    0.163179] pinctrl core: initialized pinctrl subsystem
[    0.164963] NET: Registered PF_NETLINK/PF_ROUTE protocol family
[    0.165166] audit: initializing netlink subsys (disabled)
[    0.166129] audit: type=2000 audit(1691841990.411:1): state=initialized audit_enabled=0 res=1
[    0.166172] thermal_sys: Registered thermal governor 'fair_share'
[    0.167089] thermal_sys: Registered thermal governor 'bang_bang'
[    0.168088] thermal_sys: Registered thermal governor 'step_wise'
[    0.169088] thermal_sys: Registered thermal governor 'user_space'
[    0.170137] cpuidle: using governor ladder
[    0.171811] cpuidle: using governor menu
[    0.173353] acpiphp: ACPI Hot Plug PCI Controller Driver version: 0.5
[    0.174201] PCI: Using configuration type 1 for base access
[    0.175087] PCI: Using configuration type 1 for extended access
[    0.178122] ACPI: Added _OSI(Module Device)
[    0.178892] ACPI: Added _OSI(Processor Device)
[    0.179088] ACPI: Added _OSI(3.0 _SCP Extensions)
[    0.179892] ACPI: Added _OSI(Processor Aggregator Device)
[    0.180844] ACPI: 1 ACPI AML tables successfully acquired and loaded
[    0.181694] ACPI: _OSC evaluation for CPUs failed, trying _PDC
[    0.182264] ACPI: Interpreter enabled
[    0.182952] ACPI: PM: (supports S0 S3 S4 S5)
[    0.183089] ACPI: Using IOAPIC for interrupt routing
[    0.183956] PCI: Using host bridge windows from ACPI; if necessary, use "pci=nocrs" and report a bug
[    0.184088] PCI: Using E820 reservations for host bridge windows
[    0.185213] ACPI: Enabled 2 GPEs in block 00 to 0F
[    0.189300] ACPI: PCI Root Bridge [PCI0] (domain 0000 [bus 00-ff])
[    0.190092] acpi PNP0A03:00: _OSC: OS supports [ExtendedConfig ASPM ClockPM Segments MSI HPX-Type3]
[    0.191352] acpiphp: Slot [2] registered
[    0.192067] acpiphp: Slot [3] registered
[    0.192104] acpiphp: Slot [4] registered
[    0.192830] acpiphp: Slot [5] registered
[    0.193104] acpiphp: Slot [6] registered
[    0.193810] acpiphp: Slot [7] registered
[    0.194097] acpiphp: Slot [8] registered
[    0.194852] acpiphp: Slot [9] registered
[    0.195101] acpiphp: Slot [10] registered
[    0.195841] acpiphp: Slot [11] registered
[    0.196101] acpiphp: Slot [12] registered
[    0.196843] acpiphp: Slot [13] registered
[    0.197098] acpiphp: Slot [14] registered
[    0.197833] acpiphp: Slot [15] registered
[    0.198099] acpiphp: Slot [16] registered
[    0.198835] acpiphp: Slot [17] registered
[    0.199098] acpiphp: Slot [18] registered
[    0.199840] acpiphp: Slot [19] registered
[    0.200099] acpiphp: Slot [20] registered
[    0.200845] acpiphp: Slot [21] registered
[    0.201097] acpiphp: Slot [22] registered
[    0.201847] acpiphp: Slot [23] registered
[    0.202099] acpiphp: Slot [24] registered
[    0.202846] acpiphp: Slot [25] registered
[    0.203098] acpiphp: Slot [26] registered
[    0.203843] acpiphp: Slot [27] registered
[    0.204099] acpiphp: Slot [28] registered
[    0.204850] acpiphp: Slot [29] registered
[    0.205098] acpiphp: Slot [30] registered
[    0.205840] acpiphp: Slot [31] registered
[    0.206095] PCI host bridge to bus 0000:00
[    0.206844] pci_bus 0000:00: root bus resource [io  0x0000-0x0cf7 window]
[    0.207087] pci_bus 0000:00: root bus resource [io  0x0d00-0xffff window]
[    0.208087] pci_bus 0000:00: root bus resource [mem 0x000a0000-0x000bffff window]
[    0.209087] pci_bus 0000:00: root bus resource [mem 0x20000000-0xfebfffff window]
[    0.210087] pci_bus 0000:00: root bus resource [mem 0x100000000-0x17fffffff window]
[    0.211087] pci_bus 0000:00: root bus resource [bus 00-ff]
[    0.212211] pci 0000:00:00.0: [8086:1237] type 00 class 0x060000
[    0.213438] pci 0000:00:01.0: [8086:7000] type 00 class 0x060100
[    0.214530] pci 0000:00:01.1: [8086:7010] type 00 class 0x010180
[    0.216366] pci 0000:00:01.1: reg 0x20: [io  0xc000-0xc00f]
[    0.217429] pci 0000:00:01.1: legacy IDE quirk: reg 0x10: [io  0x01f0-0x01f7]
[    0.218088] pci 0000:00:01.1: legacy IDE quirk: reg 0x14: [io  0x03f6]
[    0.219087] pci 0000:00:01.1: legacy IDE quirk: reg 0x18: [io  0x0170-0x0177]
[    0.220087] pci 0000:00:01.1: legacy IDE quirk: reg 0x1c: [io  0x0376]
[    0.221210] pci 0000:00:01.3: [8086:7113] type 00 class 0x068000
[    0.222440] pci 0000:00:01.3: quirk: [io  0x0600-0x063f] claimed by PIIX4 ACPI
[    0.223094] pci 0000:00:01.3: quirk: [io  0x0700-0x070f] claimed by PIIX4 SMB
[    0.224499] ACPI: PCI: Interrupt link LNKA configured for IRQ 10
[    0.225218] ACPI: PCI: Interrupt link LNKB configured for IRQ 10
[    0.226204] ACPI: PCI: Interrupt link LNKC configured for IRQ 11
[    0.227222] ACPI: PCI: Interrupt link LNKD configured for IRQ 11
[    0.228181] ACPI: PCI: Interrupt link LNKS configured for IRQ 9
[    0.230651] iommu: Default domain type: Translated
[    0.231088] iommu: DMA domain TLB invalidation policy: strict mode
[    0.232159] pps_core: LinuxPPS API ver. 1 registered
[    0.233087] pps_core: Software ver. 5.3.6 - Copyright 2005-2007 Rodolfo Giometti <giometti@linux.it>
[    0.234090] PTP clock support registered
[    0.234807] EDAC MC: Ver: 3.0.0
[    0.235229] PCI: Using ACPI for IRQ routing
[    0.236151] vgaarb: loaded
[    0.236597] hpet0: at MMIO 0xfed00000, IRQs 2, 8, 0
[    0.237088] hpet0: 3 comparators, 64-bit 100.000000 MHz counter
[    0.244828] clocksource: Switched to clocksource kvm-clock
[    0.245823] VFS: Disk quotas dquot_6.6.0
[    0.246780] VFS: Dquot-cache hash table entries: 512 (order 0, 4096 bytes)
[    0.248065] pnp: PnP ACPI init
[    0.248785] pnp: PnP ACPI: found 5 devices
[    0.256118] clocksource: acpi_pm: mask: 0xffffff max_cycles: 0xffffff, max_idle_ns: 2085701024 ns
[    0.257734] NET: Registered PF_INET protocol family
[    0.258626] IP idents hash table entries: 8192 (order: 4, 65536 bytes, linear)
[    0.260144] tcp_listen_portaddr_hash hash table entries: 256 (order: 0, 4096 bytes, linear)
[    0.261634] Table-perturb hash table entries: 65536 (order: 6, 262144 bytes, linear)
[    0.263003] TCP established hash table entries: 4096 (order: 3, 32768 bytes, linear)
[    0.264374] TCP bind hash table entries: 4096 (order: 5, 131072 bytes, linear)
[    0.265639] TCP: Hash tables configured (established 4096 bind 4096)
[    0.266890] MPTCP token hash table entries: 512 (order: 1, 12288 bytes, linear)
[    0.268197] UDP hash table entries: 256 (order: 1, 8192 bytes, linear)
[    0.269371] UDP-Lite hash table entries: 256 (order: 1, 8192 bytes, linear)
[    0.270673] NET: Registered PF_UNIX/PF_LOCAL protocol family
[    0.271663] NET: Registered PF_XDP protocol family
[    0.272542] pci_bus 0000:00: resource 4 [io  0x0000-0x0cf7 window]
[    0.273651] pci_bus 0000:00: resource 5 [io  0x0d00-0xffff window]
[    0.274716] pci_bus 0000:00: resource 6 [mem 0x000a0000-0x000bffff window]
[    0.275958] pci_bus 0000:00: resource 7 [mem 0x20000000-0xfebfffff window]
[    0.277166] pci_bus 0000:00: resource 8 [mem 0x100000000-0x17fffffff window]
[    0.278400] pci 0000:00:01.0: PIIX3: Enabling Passive Release
[    0.279403] pci 0000:00:00.0: Limiting direct PCI/PCI transfers
[    0.280494] PCI: CLS 0 bytes, default 64
[    0.281231] Trying to unpack rootfs image as initramfs...
[    0.282535] Initialise system trusted keyrings
[    0.283622] workingset: timestamp_bits=40 max_order=17 bucket_order=0
[    0.284764] zbud: loaded
[    0.285308] Key type asymmetric registered
[    0.285742] Freeing initrd memory: 5172K
[    0.286015] Asymmetric key parser 'x509' registered
[    0.286038] Block layer SCSI generic (bsg) driver version 0.4 loaded (major 246)
[    0.291179] shpchp: Standard Hot Plug PCI Controller Driver version: 0.4
[    0.294633] ERST DBG: ERST support is disabled.
[    0.295568] Serial: 8250/16550 driver, 4 ports, IRQ sharing enabled
[    0.296838] 00:03: ttyS0 at I/O 0x3f8 (irq = 4, base_baud = 115200) is a 16550A
[    0.304926] i8042: PNP: PS/2 Controller [PNP0303:KBD,PNP0f13:MOU] at 0x60,0x64 irq 1,12
[    0.307069] serio: i8042 KBD port at 0x60,0x64 irq 1
[    0.308012] serio: i8042 AUX port at 0x60,0x64 irq 12
[    0.308976] rtc_cmos 00:04: RTC can wake from S4
[    0.310419] input: AT Translated Set 2 keyboard as /devices/platform/i8042/serio0/input/input0
[    0.311720] rtc_cmos 00:04: registered as rtc0
[    0.313001] rtc_cmos 00:04: setting system clock to 2023-08-12T12:06:30 UTC (1691841990)
[    0.314460] rtc_cmos 00:04: alarms up to one day, y3k, 242 bytes nvram, hpet irqs
[    0.315771] amd_pstate: the _CPC object is not present in SBIOS or ACPI disabled
[    0.317261] gre: GRE over IPv4 demultiplexor driver
[    0.318158] NET: Registered PF_INET6 protocol family
[    0.321981] Segment Routing with IPv6
[    0.322664] In-situ OAM (IOAM) with IPv6
[    0.323435] Key type dns_resolver registered
[    0.328537] IPI shorthand broadcast: enabled
[    0.330966] sched_clock: Marking stable (325117691, 5107278)->(386264283, -56039314)
[    0.332626] registered taskstats version 1
[    0.333635] Loading compiled-in X.509 certificates
[    0.335900] Loaded X.509 cert 'Build time autogenerated kernel key: 9058f943c1b847e09e420b6fa605e9422406cc66'
[    0.339858] zswap: loaded using pool lzo/zbud
[    0.341763] Key type .fscrypt registered
[    0.342470] Key type fscrypt-provisioning registered
[    0.343456] clk: Disabling unused clocks
[    0.345127] Freeing unused kernel image (initmem) memory: 1424K
[    0.362147] Write protecting the kernel read-only data: 16384k
[    0.363778] Freeing unused kernel image (rodata/data gap) memory: 1776K
[    0.364742] Run /init as init process
Starting syslogd: OK
Starting klogd: OK
Running sysctl: OK
Saving 256 bits of creditable seed for next boot
Starting network: OK
Linux version 6.5.0-rc5-next-20230809-cbl (nathan@dev-arch.m3-large-x86-01) (ClangBuiltLinux clang version 13.0.1 (https://github.com/llvm/llvm-project 75e33f71c2dae584b13a7d1186ae0a038ba98838), ClangBuiltLinux LLD 13.0.1 (https://github.com/llvm/llvm-project 75e33f71c2dae584b13a7d1186ae0a038ba98838)) #1 SMP PREEMPT_DYNAMIC Sat Aug 12 12:06:07 UTC 2023
Stopping network: OK
Seeding 256 bits and crediting
Saving 256 bits of creditable seed for next boot
Stopping klogd: OK
Stopping syslogd: OK
umount: devtmpfs busy - remounted read-only
umount: can't unmount /: Invalid argument

The system is going down NOW!

Sent SIGTERM to all processes

Sent SIGKILL to all processes

Requesting system poweroff
[    2.436526] ACPI: PM: Preparing to enter system sleep state S5
[    2.437440] reboot: Power down
$ timeout --foreground 3m stdbuf -eL -oL /usr/sbin/qemu-system-x86_64 -display none -nodefaults -d unimp,guest_errors -append 'console=ttyS0 earlycon=uart8250,io,0x3f8' -kernel /home/nathan/tmp/build/cbl_lkt/linux-next/x86_64/arch/x86/boot/bzImage -initrd /home/nathan/cbl/llvm-kernel-testing/src/boot-utils/images/x86_64/rootfs.cpio -cpu host -enable-kvm -m 512m -smp 64 -serial mon:stdio
