/home/nathan/cbl/src/linux-next/drivers/md/dm-integrity.c:4159:12: warning: result of comparison of constant 14316557650 with expression of type 'unsigned int' is always false [-Wtautological-constant-out-of-range-compare]
                        if (val >= (uint64_t)UINT_MAX * 1000 / HZ) {
                            ~~~ ^  ~~~~~~~~~~~~~~~~~~~~~~~~~~~~~~
1 warning generated.

[01;32mQEMU location: [0m/usr/sbin[0m

[01;32mQEMU version: [0mQEMU emulator version 8.0.3[0m
[    0.000000] Booting Linux on physical CPU 0x0
[    0.000000] Linux version 6.5.0-rc5-next-20230809-cbl (nathan@dev-arch.m3-large-x86-01) (ClangBuiltLinux clang version 11.1.0 (https://github.com/llvm/llvm-project 1fdec59bffc11ae37eb51a1b9869f0696bfd5312), ClangBuiltLinux LLD 11.1.0 (https://github.com/llvm/llvm-project 1fdec59bffc11ae37eb51a1b9869f0696bfd5312)) #1 SMP PREEMPT Sat Aug 12 16:35:55 UTC 2023
[    0.000000] CPU: ARMv7 Processor [414fc0f0] revision 0 (ARMv7), cr=30c5387d
[    0.000000] CPU: div instructions available: patching division code
[    0.000000] CPU: PIPT / VIPT nonaliasing data cache, PIPT instruction cache
[    0.000000] OF: fdt: Machine model: linux,dummy-virt
[    0.000000] random: crng init done
[    0.000000] earlycon: pl11 at MMIO 0x0000000009000000 (options '')
[    0.000000] printk: bootconsole [pl11] enabled
[    0.000000] Memory policy: Data cache writealloc
[    0.000000] efi: UEFI not found.
[    0.000000] Zone ranges:
[    0.000000]   DMA      [mem 0x0000000040000000-0x000000005fffffff]
[    0.000000]   Normal   empty
[    0.000000]   HighMem  empty
[    0.000000] Movable zone start for each node
[    0.000000] Early memory node ranges
[    0.000000]   node   0: [mem 0x0000000040000000-0x000000005fffffff]
[    0.000000] Initmem setup node 0 [mem 0x0000000040000000-0x000000005fffffff]
[    0.000000] psci: probing for conduit method from DT.
[    0.000000] psci: PSCIv1.1 detected in firmware.
[    0.000000] psci: Using standard PSCI v0.2 function IDs
[    0.000000] psci: Trusted OS migration not required
[    0.000000] psci: SMC Calling Convention v1.0
[    0.000000] percpu: Embedded 14 pages/cpu s25044 r8192 d24108 u57344
[    0.000000] Kernel command line: console=ttyAMA0 earlycon
[    0.000000] Dentry cache hash table entries: 65536 (order: 6, 262144 bytes, linear)
[    0.000000] Inode-cache hash table entries: 32768 (order: 5, 131072 bytes, linear)
[    0.000000] Built 1 zonelists, mobility grouping on.  Total pages: 129920
[    0.000000] mem auto-init: stack:off, heap alloc:off, heap free:off
[    0.000000] Memory: 494820K/524288K available (12288K kernel code, 830K rwdata, 2732K rodata, 2048K init, 235K bss, 29468K reserved, 0K cma-reserved, 0K highmem)
[    0.000000] SLUB: HWalign=64, Order=0-3, MinObjects=0, CPUs=1, Nodes=1
[    0.000000] rcu: Preemptible hierarchical RCU implementation.
[    0.000000] rcu: 	RCU restricting CPUs from NR_CPUS=32 to nr_cpu_ids=1.
[    0.000000] 	Trampoline variant of Tasks RCU enabled.
[    0.000000] 	Tracing variant of Tasks RCU enabled.
[    0.000000] rcu: RCU calculated value of scheduler-enlistment delay is 30 jiffies.
[    0.000000] rcu: Adjusting geometry for rcu_fanout_leaf=16, nr_cpu_ids=1
[    0.000000] NR_IRQS: 16, nr_irqs: 16, preallocated irqs: 16
[    0.000000] GIC physical location is 0x8000000
[    0.000000] GICv2m: range[mem 0x08020000-0x08020fff], SPI[80:143]
[    0.000000] rcu: srcu_init: Setting srcu_struct sizes based on contention.
[    0.000000] arch_timer: cp15 timer(s) running at 62.50MHz (virt).
[    0.000000] clocksource: arch_sys_counter: mask: 0x1ffffffffffffff max_cycles: 0x1cd42e208c, max_idle_ns: 881590405314 ns
[    0.000126] sched_clock: 57 bits at 63MHz, resolution 16ns, wraps every 4398046511096ns
[    0.000385] Switching to timer-based delay loop, resolution 16ns
[    0.006763] Console: colour dummy device 80x30
[    0.008352] Calibrating delay loop (skipped), value calculated using timer frequency.. 125.20 BogoMIPS (lpj=208333)
[    0.008597] CPU: Testing write buffer coherency: ok
[    0.010207] CPU0: Spectre v2: firmware did not set auxiliary control register IBE bit, system vulnerable
[    0.010444] CPU0: Spectre BHB: enabling loop workaround for all CPUs
[    0.010629] pid_max: default: 32768 minimum: 301
[    0.012292] LSM: initializing lsm=capability
[    0.014349] Mount-cache hash table entries: 1024 (order: 0, 4096 bytes, linear)
[    0.014492] Mountpoint-cache hash table entries: 1024 (order: 0, 4096 bytes, linear)
[    0.038324] /cpus/cpu@0 missing clock-frequency property
[    0.038796] CPU0: thread -1, cpu 0, socket 0, mpidr 80000000
[    0.046574] RCU Tasks: Setting shift to 0 and lim to 1 rcu_task_cb_adjust=1.
[    0.047174] RCU Tasks Trace: Setting shift to 0 and lim to 1 rcu_task_cb_adjust=1.
[    0.047915] Setting up static identity map for 0x40400000 - 0x404000ac
[    0.050159] rcu: Hierarchical SRCU implementation.
[    0.050262] rcu: 	Max phase no-delay instances is 1000.
[    0.052602] EFI services will not be available.
[    0.053064] smp: Bringing up secondary CPUs ...
[    0.053946] smp: Brought up 1 node, 1 CPU
[    0.054073] SMP: Total of 1 processors activated (125.20 BogoMIPS).
[    0.054212] CPU: All CPU(s) started in SVC mode.
[    0.066913] devtmpfs: initialized
[    0.075426] VFP support v0.3: implementor 41 architecture 4 part 30 variant f rev 0
[    0.102194] clocksource: jiffies: mask: 0xffffffff max_cycles: 0xffffffff, max_idle_ns: 6370867519511994 ns
[    0.102912] futex hash table entries: 256 (order: 2, 16384 bytes, linear)
[    0.112236] pinctrl core: initialized pinctrl subsystem
[    0.122692] DMI not present or invalid.
[    0.139900] NET: Registered PF_NETLINK/PF_ROUTE protocol family
[    0.144222] DMA: preallocated 256 KiB pool for atomic coherent allocations
[    0.148893] thermal_sys: Registered thermal governor 'fair_share'
[    0.148936] thermal_sys: Registered thermal governor 'step_wise'
[    0.150516] cpuidle: using governor menu
[    0.152835] Serial: AMBA PL011 UART driver
[    0.182917] 9000000.pl011: ttyAMA0 at MMIO 0x9000000 (irq = 28, base_baud = 0) is a PL011 rev1
[    0.184483] printk: console [ttyAMA0] enabled
[    0.184483] printk: console [ttyAMA0] enabled
[    0.184886] printk: bootconsole [pl11] disabled
[    0.184886] printk: bootconsole [pl11] disabled
[    0.208396] iommu: Default domain type: Translated
[    0.208497] iommu: DMA domain TLB invalidation policy: strict mode
[    0.210214] SCSI subsystem initialized
[    0.211235] usbcore: registered new interface driver usbfs
[    0.211481] usbcore: registered new interface driver hub
[    0.211686] usbcore: registered new device driver usb
[    0.224172] NetLabel: Initializing
[    0.224245] NetLabel:  domain hash size = 128
[    0.224310] NetLabel:  protocols = UNLABELED CIPSOv4 CALIPSO
[    0.225109] NetLabel:  unlabeled traffic allowed by default
[    0.225913] vgaarb: loaded
[    0.229434] clocksource: Switched to clocksource arch_sys_counter
[    0.230817] VFS: Disk quotas dquot_6.6.0
[    0.231034] VFS: Dquot-cache hash table entries: 1024 (order 0, 4096 bytes)
[    0.248703] NET: Registered PF_INET protocol family
[    0.250147] IP idents hash table entries: 8192 (order: 4, 65536 bytes, linear)
[    0.256694] tcp_listen_portaddr_hash hash table entries: 512 (order: 0, 4096 bytes, linear)
[    0.256881] Table-perturb hash table entries: 65536 (order: 6, 262144 bytes, linear)
[    0.257036] TCP established hash table entries: 4096 (order: 2, 16384 bytes, linear)
[    0.257303] TCP bind hash table entries: 4096 (order: 4, 65536 bytes, linear)
[    0.257644] TCP: Hash tables configured (established 4096 bind 4096)
[    0.259459] MPTCP token hash table entries: 512 (order: 1, 8192 bytes, linear)
[    0.259805] UDP hash table entries: 256 (order: 1, 8192 bytes, linear)
[    0.260147] UDP-Lite hash table entries: 256 (order: 1, 8192 bytes, linear)
[    0.261614] NET: Registered PF_UNIX/PF_LOCAL protocol family
[    0.262205] NET: Registered PF_XDP protocol family
[    0.262484] PCI: CLS 0 bytes, default 64
[    0.264556] Initialise system trusted keyrings
[    0.274677] workingset: timestamp_bits=14 max_order=17 bucket_order=3
[    0.274870] zbud: loaded
[    0.277102] Trying to unpack rootfs image as initramfs...
[    0.286721] Key type asymmetric registered
[    0.286854] Asymmetric key parser 'x509' registered
[    0.287255] Block layer SCSI generic (bsg) driver version 0.4 loaded (major 250)
[    0.338713] Serial: 8250/16550 driver, 8 ports, IRQ sharing disabled
[    0.352702] Serial: AMBA driver
[    0.353795] msm_serial: driver initialized
[    0.384722] sdhci: Secure Digital Host Controller Interface driver
[    0.384832] sdhci: Copyright(c) Pierre Ossman
[    0.388771] Synopsys Designware Multimedia Card Interface Driver
[    0.393621] Freeing initrd memory: 3824K
[    0.427417] ledtrig-cpu: registered to indicate activity on CPUs
[    0.430896] NET: Registered PF_INET6 protocol family
[    0.563876] Segment Routing with IPv6
[    0.564158] In-situ OAM (IOAM) with IPv6
[    0.565150] Key type dns_resolver registered
[    0.565738] ThumbEE CPU extension supported.
[    0.565871] Registering SWP/SWPB emulation handler
[    0.657968] registered taskstats version 1
[    0.659591] Loading compiled-in X.509 certificates
[    0.683959] Loaded X.509 cert 'Build time autogenerated kernel key: 8d3b368c9440693eef3a1b38de22d805e8571b63'
[    0.697964] Key type .fscrypt registered
[    0.698049] Key type fscrypt-provisioning registered
[    0.704045] clk: Disabling unused clocks
[    0.709754] uart-pl011 9000000.pl011: no DMA platform data
[    0.781665] Freeing unused kernel image (initmem) memory: 2048K
[    0.789292] Run /init as init process
Starting syslogd: OK
Starting klogd: OK
Running sysctl: OK
Saving 256 bits of creditable seed for next boot
Starting network: OK
Linux version 6.5.0-rc5-next-20230809-cbl (nathan@dev-arch.m3-large-x86-01) (ClangBuiltLinux clang version 11.1.0 (https://github.com/llvm/llvm-project 1fdec59bffc11ae37eb51a1b9869f0696bfd5312), ClangBuiltLinux LLD 11.1.0 (https://github.com/llvm/llvm-project 1fdec59bffc11ae37eb51a1b9869f0696bfd5312)) #1 SMP PREEMPT Sat Aug 12 16:35:55 UTC 2023
Stopping network: OK
Seeding 256 bits and crediting
Saving 256 bits of creditable seed for next boot
Stopping klogd: OK
Stopping syslogd: OK
umount: devtmpfs busy - remounted read-only
umount: can't unmount /: Invalid argument

The system is going down NOW!

Sent SIGTERM to all processes

Sent SIGKILL to all processes

Requesting system reboot
[    3.311537] reboot: Restarting system
$ timeout --foreground 3m stdbuf -eL -oL /usr/sbin/qemu-system-arm -display none -nodefaults -no-reboot -machine virt -append 'console=ttyAMA0 earlycon' -kernel /home/nathan/tmp/build/cbl_lkt/linux-next/arm/arch/arm/boot/zImage -initrd /home/nathan/cbl/llvm-kernel-testing/src/boot-utils/images/arm/rootfs.cpio -m 512m -serial mon:stdio
