/home/nathan/cbl/src/linux-next/arch/arm/boot/dts/aspeed/aspeed-bmc-ibm-bonnell.dts:238.6-19: Warning (reg_format): /ahb/apb/fsi@1e79b000/cfam@0,0/i2c@1800/i2c-bus@a/eeprom@50:reg: property has invalid length (4 bytes) (#address-cells == 2, #size-cells == 1)
/home/nathan/cbl/src/linux-next/arch/arm/boot/dts/aspeed/aspeed-bmc-ibm-bonnell.dts:247.6-19: Warning (reg_format): /ahb/apb/fsi@1e79b000/cfam@0,0/i2c@1800/i2c-bus@b/eeprom@50:reg: property has invalid length (4 bytes) (#address-cells == 2, #size-cells == 1)
/home/nathan/cbl/src/linux-next/arch/arm/boot/dts/aspeed/aspeed-bmc-ibm-bonnell.dts:256.6-19: Warning (reg_format): /ahb/apb/fsi@1e79b000/cfam@0,0/i2c@1800/i2c-bus@c/eeprom@50:reg: property has invalid length (4 bytes) (#address-cells == 2, #size-cells == 1)
/home/nathan/cbl/src/linux-next/arch/arm/boot/dts/aspeed/aspeed-bmc-ibm-bonnell.dts:265.6-19: Warning (reg_format): /ahb/apb/fsi@1e79b000/cfam@0,0/i2c@1800/i2c-bus@d/eeprom@50:reg: property has invalid length (4 bytes) (#address-cells == 2, #size-cells == 1)
arch/arm/boot/dts/aspeed/aspeed-bmc-ibm-bonnell.dtb: Warning (pci_device_reg): Failed prerequisite 'reg_format'
arch/arm/boot/dts/aspeed/aspeed-bmc-ibm-bonnell.dtb: Warning (pci_device_bus_num): Failed prerequisite 'reg_format'
/home/nathan/cbl/src/linux-next/arch/arm/boot/dts/aspeed/aspeed-bmc-ibm-bonnell.dts:233.27-240.6: Warning (i2c_bus_bridge): /ahb/apb/fsi@1e79b000/cfam@0,0/i2c@1800/i2c-bus@a: incorrect #address-cells for I2C bus
/home/nathan/cbl/src/linux-next/arch/arm/boot/dts/aspeed/aspeed-bmc-ibm-bonnell.dts:233.27-240.6: Warning (i2c_bus_bridge): /ahb/apb/fsi@1e79b000/cfam@0,0/i2c@1800/i2c-bus@a: incorrect #size-cells for I2C bus
/home/nathan/cbl/src/linux-next/arch/arm/boot/dts/aspeed/aspeed-bmc-ibm-bonnell.dts:242.27-249.6: Warning (i2c_bus_bridge): /ahb/apb/fsi@1e79b000/cfam@0,0/i2c@1800/i2c-bus@b: incorrect #address-cells for I2C bus
/home/nathan/cbl/src/linux-next/arch/arm/boot/dts/aspeed/aspeed-bmc-ibm-bonnell.dts:242.27-249.6: Warning (i2c_bus_bridge): /ahb/apb/fsi@1e79b000/cfam@0,0/i2c@1800/i2c-bus@b: incorrect #size-cells for I2C bus
/home/nathan/cbl/src/linux-next/arch/arm/boot/dts/aspeed/aspeed-bmc-ibm-bonnell.dts:251.27-258.6: Warning (i2c_bus_bridge): /ahb/apb/fsi@1e79b000/cfam@0,0/i2c@1800/i2c-bus@c: incorrect #address-cells for I2C bus
/home/nathan/cbl/src/linux-next/arch/arm/boot/dts/aspeed/aspeed-bmc-ibm-bonnell.dts:251.27-258.6: Warning (i2c_bus_bridge): /ahb/apb/fsi@1e79b000/cfam@0,0/i2c@1800/i2c-bus@c: incorrect #size-cells for I2C bus
/home/nathan/cbl/src/linux-next/arch/arm/boot/dts/aspeed/aspeed-bmc-ibm-bonnell.dts:260.27-267.6: Warning (i2c_bus_bridge): /ahb/apb/fsi@1e79b000/cfam@0,0/i2c@1800/i2c-bus@d: incorrect #address-cells for I2C bus
/home/nathan/cbl/src/linux-next/arch/arm/boot/dts/aspeed/aspeed-bmc-ibm-bonnell.dts:260.27-267.6: Warning (i2c_bus_bridge): /ahb/apb/fsi@1e79b000/cfam@0,0/i2c@1800/i2c-bus@d: incorrect #size-cells for I2C bus
arch/arm/boot/dts/aspeed/aspeed-bmc-ibm-bonnell.dtb: Warning (i2c_bus_reg): Failed prerequisite 'reg_format'
arch/arm/boot/dts/aspeed/aspeed-bmc-ibm-bonnell.dtb: Warning (i2c_bus_reg): Failed prerequisite 'i2c_bus_bridge'
arch/arm/boot/dts/aspeed/aspeed-bmc-ibm-bonnell.dtb: Warning (spi_bus_reg): Failed prerequisite 'reg_format'
/home/nathan/cbl/src/linux-next/arch/arm/boot/dts/aspeed/aspeed-bmc-ibm-bonnell.dts:236.15-239.7: Warning (avoid_default_addr_size): /ahb/apb/fsi@1e79b000/cfam@0,0/i2c@1800/i2c-bus@a/eeprom@50: Relying on default #address-cells value
/home/nathan/cbl/src/linux-next/arch/arm/boot/dts/aspeed/aspeed-bmc-ibm-bonnell.dts:236.15-239.7: Warning (avoid_default_addr_size): /ahb/apb/fsi@1e79b000/cfam@0,0/i2c@1800/i2c-bus@a/eeprom@50: Relying on default #size-cells value
/home/nathan/cbl/src/linux-next/arch/arm/boot/dts/aspeed/aspeed-bmc-ibm-bonnell.dts:245.15-248.7: Warning (avoid_default_addr_size): /ahb/apb/fsi@1e79b000/cfam@0,0/i2c@1800/i2c-bus@b/eeprom@50: Relying on default #address-cells value
/home/nathan/cbl/src/linux-next/arch/arm/boot/dts/aspeed/aspeed-bmc-ibm-bonnell.dts:245.15-248.7: Warning (avoid_default_addr_size): /ahb/apb/fsi@1e79b000/cfam@0,0/i2c@1800/i2c-bus@b/eeprom@50: Relying on default #size-cells value
/home/nathan/cbl/src/linux-next/arch/arm/boot/dts/aspeed/aspeed-bmc-ibm-bonnell.dts:254.15-257.7: Warning (avoid_default_addr_size): /ahb/apb/fsi@1e79b000/cfam@0,0/i2c@1800/i2c-bus@c/eeprom@50: Relying on default #address-cells value
/home/nathan/cbl/src/linux-next/arch/arm/boot/dts/aspeed/aspeed-bmc-ibm-bonnell.dts:254.15-257.7: Warning (avoid_default_addr_size): /ahb/apb/fsi@1e79b000/cfam@0,0/i2c@1800/i2c-bus@c/eeprom@50: Relying on default #size-cells value
/home/nathan/cbl/src/linux-next/arch/arm/boot/dts/aspeed/aspeed-bmc-ibm-bonnell.dts:263.15-266.7: Warning (avoid_default_addr_size): /ahb/apb/fsi@1e79b000/cfam@0,0/i2c@1800/i2c-bus@d/eeprom@50: Relying on default #address-cells value
/home/nathan/cbl/src/linux-next/arch/arm/boot/dts/aspeed/aspeed-bmc-ibm-bonnell.dts:263.15-266.7: Warning (avoid_default_addr_size): /ahb/apb/fsi@1e79b000/cfam@0,0/i2c@1800/i2c-bus@d/eeprom@50: Relying on default #size-cells value
/home/nathan/cbl/src/linux-next/arch/arm/mach-omap2/omap_hwmod.c:1723:3: warning: result of comparison of constant 2000 with expression of type 'u8' (aka 'unsigned char') is always false [-Wtautological-constant-out-of-range-compare]
                udelay(oh->class->sysc->srst_udelay);
                ^~~~~~~~~~~~~~~~~~~~~~~~~~~~~~~~~~~~
/home/nathan/cbl/src/linux-next/arch/arm/include/asm/delay.h:84:9: note: expanded from macro 'udelay'
          ((n) > (MAX_UDELAY_MS * 1000) ? __bad_udelay() :              \
           ~~~ ^ ~~~~~~~~~~~~~~~~~~~~~~
1 warning generated.
/home/nathan/cbl/src/linux-next/arch/arm/mach-omap2/wd_timer.c:89:3: warning: result of comparison of constant 2000 with expression of type 'u8' (aka 'unsigned char') is always false [-Wtautological-constant-out-of-range-compare]
                udelay(oh->class->sysc->srst_udelay);
                ^~~~~~~~~~~~~~~~~~~~~~~~~~~~~~~~~~~~
/home/nathan/cbl/src/linux-next/arch/arm/include/asm/delay.h:84:9: note: expanded from macro 'udelay'
          ((n) > (MAX_UDELAY_MS * 1000) ? __bad_udelay() :              \
           ~~~ ^ ~~~~~~~~~~~~~~~~~~~~~~
1 warning generated.
/home/nathan/cbl/src/linux-next/drivers/md/dm-integrity.c:4159:12: warning: result of comparison of constant 17179869180 with expression of type 'unsigned int' is always false [-Wtautological-constant-out-of-range-compare]
                        if (val >= (uint64_t)UINT_MAX * 1000 / HZ) {
                            ~~~ ^  ~~~~~~~~~~~~~~~~~~~~~~~~~~~~~~
1 warning generated.

[01;32mQEMU location: [0m/usr/sbin[0m

[01;32mQEMU version: [0mQEMU emulator version 8.0.3[0m
[    0.000000] Booting Linux on physical CPU 0x0
[    0.000000] Linux version 6.5.0-rc5-next-20230809-cbl (nathan@dev-arch.m3-large-x86-01) (ClangBuiltLinux clang version 11.1.0 (https://github.com/llvm/llvm-project 1fdec59bffc11ae37eb51a1b9869f0696bfd5312), ClangBuiltLinux LLD 11.1.0 (https://github.com/llvm/llvm-project 1fdec59bffc11ae37eb51a1b9869f0696bfd5312)) #1 SMP Sat Aug 12 16:44:00 UTC 2023
[    0.000000] CPU: ARMv7 Processor [414fc0f0] revision 0 (ARMv7), cr=10c5387d
[    0.000000] CPU: div instructions available: patching division code
[    0.000000] CPU: PIPT / VIPT nonaliasing data cache, PIPT instruction cache
[    0.000000] OF: fdt: Machine model: linux,dummy-virt
[    0.000000] random: crng init done
[    0.000000] earlycon: pl11 at MMIO 0x09000000 (options '')
[    0.000000] printk: bootconsole [pl11] enabled
[    0.000000] Memory policy: Data cache writealloc
[    0.000000] efi: UEFI not found.
[    0.000000] cma: Reserved 16 MiB at 0x5f000000 on node -1
[    0.000000] Zone ranges:
[    0.000000]   DMA      [mem 0x0000000040000000-0x000000005fffffff]
[    0.000000]   Normal   empty
[    0.000000]   HighMem  empty
[    0.000000] Movable zone start for each node
[    0.000000] Early memory node ranges
[    0.000000]   node   0: [mem 0x0000000040000000-0x000000005fffffff]
[    0.000000] Initmem setup node 0 [mem 0x0000000040000000-0x000000005fffffff]
[    0.000000] psci: probing for conduit method from DT.
[    0.000000] psci: PSCIv1.1 detected in firmware.
[    0.000000] psci: Using standard PSCI v0.2 function IDs
[    0.000000] psci: Trusted OS migration not required
[    0.000000] psci: SMC Calling Convention v1.0
[    0.000000] percpu: Embedded 19 pages/cpu s46100 r8192 d23532 u77824
[    0.000000] Kernel command line: console=ttyAMA0 earlycon
[    0.000000] Dentry cache hash table entries: 65536 (order: 6, 262144 bytes, linear)
[    0.000000] Inode-cache hash table entries: 32768 (order: 5, 131072 bytes, linear)
[    0.000000] Built 1 zonelists, mobility grouping on.  Total pages: 129920
[    0.000000] mem auto-init: stack:all(zero), heap alloc:on, heap free:off
[    0.000000] Memory: 475288K/524288K available (13312K kernel code, 1734K rwdata, 3784K rodata, 2048K init, 383K bss, 32616K reserved, 16384K cma-reserved, 0K highmem)
[    0.000000] SLUB: HWalign=64, Order=0-3, MinObjects=0, CPUs=1, Nodes=1
[    0.000000] ftrace: allocating 40247 entries in 119 pages
[    0.000000] ftrace: allocated 118 pages with 5 groups
[    0.000000] trace event string verifier disabled
[    0.000000] rcu: Hierarchical RCU implementation.
[    0.000000] rcu: 	RCU restricting CPUs from NR_CPUS=8 to nr_cpu_ids=1.
[    0.000000] 	Rude variant of Tasks RCU enabled.
[    0.000000] 	Tracing variant of Tasks RCU enabled.
[    0.000000] rcu: RCU calculated value of scheduler-enlistment delay is 25 jiffies.
[    0.000000] rcu: Adjusting geometry for rcu_fanout_leaf=16, nr_cpu_ids=1
[    0.000000] NR_IRQS: 16, nr_irqs: 16, preallocated irqs: 16
[    0.000000] GICv2m: range[mem 0x08020000-0x08020fff], SPI[80:143]
[    0.000000] rcu: srcu_init: Setting srcu_struct sizes based on contention.
[    0.000000] arch_timer: cp15 timer(s) running at 62.50MHz (virt).
[    0.000000] clocksource: arch_sys_counter: mask: 0x1ffffffffffffff max_cycles: 0x1cd42e208c, max_idle_ns: 881590405314 ns
[    0.000128] sched_clock: 57 bits at 63MHz, resolution 16ns, wraps every 4398046511096ns
[    0.000406] Switching to timer-based delay loop, resolution 16ns
[    0.009618] Console: colour dummy device 80x30
[    0.011533] Calibrating delay loop (skipped), value calculated using timer frequency.. 125.00 BogoMIPS (lpj=250000)
[    0.011866] CPU: Testing write buffer coherency: ok
[    0.013638] CPU0: Spectre v2: firmware did not set auxiliary control register IBE bit, system vulnerable
[    0.013892] CPU0: Spectre BHB: enabling loop workaround for all CPUs
[    0.014082] pid_max: default: 32768 minimum: 301
[    0.016073] LSM: initializing lsm=capability,landlock,yama,apparmor,tomoyo,bpf,integrity
[    0.016892] landlock: Up and running.
[    0.016970] Yama: becoming mindful.
[    0.019237] AppArmor: AppArmor initialized
[    0.019361] TOMOYO Linux initialized
[    0.020113] LSM support for eBPF active
[    0.021813] Mount-cache hash table entries: 1024 (order: 0, 4096 bytes, linear)
[    0.021955] Mountpoint-cache hash table entries: 1024 (order: 0, 4096 bytes, linear)
[    0.050871] /cpus/cpu@0 missing clock-frequency property
[    0.051302] CPU0: thread -1, cpu 0, socket 0, mpidr 80000000
[    0.059693] RCU Tasks Rude: Setting shift to 0 and lim to 1 rcu_task_cb_adjust=1.
[    0.060058] RCU Tasks Trace: Setting shift to 0 and lim to 1 rcu_task_cb_adjust=1.
[    0.061003] Setting up static identity map for 0x40300000 - 0x403000ac
[    0.063154] rcu: Hierarchical SRCU implementation.
[    0.063270] rcu: 	Max phase no-delay instances is 1000.
[    0.068959] EFI services will not be available.
[    0.070171] smp: Bringing up secondary CPUs ...
[    0.071234] smp: Brought up 1 node, 1 CPU
[    0.071382] SMP: Total of 1 processors activated (125.00 BogoMIPS).
[    0.071554] CPU: All CPU(s) started in SVC mode.
[    0.085989] devtmpfs: initialized
[    0.094764] VFP support v0.3: implementor 41 architecture 4 part 30 variant f rev 0
[    0.117814] clocksource: jiffies: mask: 0xffffffff max_cycles: 0xffffffff, max_idle_ns: 7645041785100000 ns
[    0.118651] futex hash table entries: 256 (order: 2, 16384 bytes, linear)
[    0.132636] pinctrl core: initialized pinctrl subsystem
[    0.149109] DMI not present or invalid.
[    0.168335] NET: Registered PF_NETLINK/PF_ROUTE protocol family
[    0.185555] DMA: preallocated 256 KiB pool for atomic coherent allocations
[    0.187489] audit: initializing netlink subsys (disabled)
[    0.190238] audit: type=2000 audit(0.172:1): state=initialized audit_enabled=0 res=1
[    0.194929] thermal_sys: Registered thermal governor 'fair_share'
[    0.195038] thermal_sys: Registered thermal governor 'bang_bang'
[    0.195141] thermal_sys: Registered thermal governor 'step_wise'
[    0.195228] thermal_sys: Registered thermal governor 'user_space'
[    0.195310] thermal_sys: Registered thermal governor 'power_allocator'
[    0.195915] No ATAGs?
[    0.197637] hw-breakpoint: found 5 (+1 reserved) breakpoint and 4 watchpoint registers.
[    0.197838] hw-breakpoint: maximum watchpoint size is 8 bytes.
[    0.201232] Serial: AMBA PL011 UART driver
[    0.236637] 9000000.pl011: ttyAMA0 at MMIO 0x9000000 (irq = 28, base_baud = 0) is a PL011 rev1
[    0.238495] printk: console [ttyAMA0] enabled
[    0.238495] printk: console [ttyAMA0] enabled
[    0.238937] printk: bootconsole [pl11] disabled
[    0.238937] printk: bootconsole [pl11] disabled
[    0.255431] kprobes: kprobe jump-optimization is enabled. All kprobes are optimized if possible.
[    0.297082] iommu: Default domain type: Translated
[    0.297193] iommu: DMA domain TLB invalidation policy: strict mode
[    0.299756] pps_core: LinuxPPS API ver. 1 registered
[    0.299853] pps_core: Software ver. 5.3.6 - Copyright 2005-2007 Rodolfo Giometti <giometti@linux.it>
[    0.300085] PTP clock support registered
[    0.312279] NetLabel: Initializing
[    0.312360] NetLabel:  domain hash size = 128
[    0.312426] NetLabel:  protocols = UNLABELED CIPSOv4 CALIPSO
[    0.313479] NetLabel:  unlabeled traffic allowed by default
[    0.314496] vgaarb: loaded
[    0.321863] clocksource: Switched to clocksource arch_sys_counter
[    0.358990] VFS: Disk quotas dquot_6.6.0
[    0.359221] VFS: Dquot-cache hash table entries: 1024 (order 0, 4096 bytes)
[    0.365949] AppArmor: AppArmor Filesystem Enabled
[    0.383978] NET: Registered PF_INET protocol family
[    0.385919] IP idents hash table entries: 8192 (order: 4, 65536 bytes, linear)
[    0.393667] tcp_listen_portaddr_hash hash table entries: 512 (order: 0, 4096 bytes, linear)
[    0.393999] Table-perturb hash table entries: 65536 (order: 6, 262144 bytes, linear)
[    0.394196] TCP established hash table entries: 4096 (order: 2, 16384 bytes, linear)
[    0.394572] TCP bind hash table entries: 4096 (order: 4, 65536 bytes, linear)
[    0.394918] TCP: Hash tables configured (established 4096 bind 4096)
[    0.396968] MPTCP token hash table entries: 512 (order: 1, 8192 bytes, linear)
[    0.397423] UDP hash table entries: 256 (order: 1, 8192 bytes, linear)
[    0.397771] UDP-Lite hash table entries: 256 (order: 1, 8192 bytes, linear)
[    0.399383] NET: Registered PF_UNIX/PF_LOCAL protocol family
[    0.399909] NET: Registered PF_XDP protocol family
[    0.400260] PCI: CLS 0 bytes, default 64
[    0.404450] Initialise system trusted keyrings
[    0.410416] Key type blacklist registered
[    0.413154] Trying to unpack rootfs image as initramfs...
[    0.414142] workingset: timestamp_bits=14 max_order=17 bucket_order=3
[    0.414509] zbud: loaded
[    0.426350] integrity: Platform Keyring initialized
[    0.426568] integrity: Machine keyring initialized
[    0.426664] Key type asymmetric registered
[    0.426780] Asymmetric key parser 'x509' registered
[    0.484197] Freeing initrd memory: 3824K
[    0.573957] Block layer SCSI generic (bsg) driver version 0.4 loaded (major 248)
[    0.574809] io scheduler mq-deadline registered
[    0.594992] pl061_gpio 9030000.pl061: PL061 GPIO chip registered
[    0.597644] pci-host-generic 4010000000.pcie: host bridge /pcie@10000000 ranges:
[    0.598439] pci-host-generic 4010000000.pcie:       IO 0x003eff0000..0x003effffff -> 0x0000000000
[    0.599148] pci-host-generic 4010000000.pcie:      MEM 0x0010000000..0x003efeffff -> 0x0010000000
[    0.599306] pci-host-generic 4010000000.pcie:      MEM 0x8000000000..0xffffffffff -> 0x8000000000
[    0.600269] pci-host-generic 4010000000.pcie: can't claim ECAM area [mem 0x10000000-0x1fffffff]: address conflict with pcie@10000000 [mem 0x10000000-0x3efeffff]
[    0.600921] pci-host-generic: probe of 4010000000.pcie failed with error -16
[    0.614354] Serial: 8250/16550 driver, 5 ports, IRQ sharing enabled
[    0.620068] Serial: AMBA driver
[    0.622173] STM32 USART driver initialized
[    0.628406] mousedev: PS/2 mouse device common for all mice
[    0.634641] rtc-pl031 9010000.pl031: registered as rtc0
[    0.635672] rtc-pl031 9010000.pl031: setting system clock to 2023-08-12T16:44:33 UTC (1691858673)
[    0.642735] ledtrig-cpu: registered to indicate activity on CPUs
[    0.647543]  cs_system_cfg: CoreSight Configuration manager initialised
[    0.650650] NET: Registered PF_INET6 protocol family
[    0.675301] Segment Routing with IPv6
[    0.675581] In-situ OAM (IOAM) with IPv6
[    0.676170] mip6: Mobile IPv6
[    0.676484] NET: Registered PF_PACKET protocol family
[    0.677156] mpls_gso: MPLS GSO support
[    0.677805] ThumbEE CPU extension supported.
[    0.677941] Registering SWP/SWPB emulation handler
[    0.689806] registered taskstats version 1
[    0.690994] Loading compiled-in X.509 certificates
[    0.705208] Key type .fscrypt registered
[    0.705299] Key type fscrypt-provisioning registered
[    0.729975] Key type encrypted registered
[    0.730135] AppArmor: AppArmor sha1 policy hashing enabled
[    0.730883] ima: No TPM chip found, activating TPM-bypass!
[    0.731090] ima: Allocated hash algorithm: sha256
[    0.733109] ima: No architecture policies found
[    0.733926] evm: Initialising EVM extended attributes:
[    0.734022] evm: security.selinux
[    0.734107] evm: security.SMACK64 (disabled)
[    0.734166] evm: security.SMACK64EXEC (disabled)
[    0.734226] evm: security.SMACK64TRANSMUTE (disabled)
[    0.734291] evm: security.SMACK64MMAP (disabled)
[    0.734350] evm: security.apparmor
[    0.734398] evm: security.ima
[    0.734441] evm: security.capability
[    0.734510] evm: HMAC attrs: 0x1
[    2.797380] input: gpio-keys as /devices/platform/gpio-keys/input/input0
[    2.805244] clk: Disabling unused clocks
[    2.809498] uart-pl011 9000000.pl011: no DMA platform data
[    2.910498] Freeing unused kernel image (initmem) memory: 2048K
[    2.920176] Checked W+X mappings: passed, no W+X pages found
[    2.920524] Run /init as init process
[    2.965800] Not activating Mandatory Access Control as /sbin/tomoyo-init does not exist.
Starting syslogd: OK
Starting klogd: OK
Running sysctl: OK
Saving 256 bits of creditable seed for next boot
Starting network: OK
Linux version 6.5.0-rc5-next-20230809-cbl (nathan@dev-arch.m3-large-x86-01) (ClangBuiltLinux clang version 11.1.0 (https://github.com/llvm/llvm-project 1fdec59bffc11ae37eb51a1b9869f0696bfd5312), ClangBuiltLinux LLD 11.1.0 (https://github.com/llvm/llvm-project 1fdec59bffc11ae37eb51a1b9869f0696bfd5312)) #1 SMP Sat Aug 12 16:44:00 UTC 2023
Stopping network: OK
Seeding 256 bits and crediting
Saving 256 bits of creditable seed for next boot
Stopping klogd: OK
Stopping syslogd: OK
umount: devtmpfs busy - remounted read-only
umount: can't unmount /: Invalid argument

The system is going down NOW!

Sent SIGTERM to all processes

Sent SIGKILL to all processes

Requesting system reboot
[    5.877064] reboot: Restarting system
$ timeout --foreground 3m stdbuf -eL -oL /usr/sbin/qemu-system-arm -display none -nodefaults -no-reboot -machine virt -append 'console=ttyAMA0 earlycon' -kernel /home/nathan/tmp/build/cbl_lkt/linux-next/arm/arch/arm/boot/zImage -initrd /home/nathan/cbl/llvm-kernel-testing/src/boot-utils/images/arm/rootfs.cpio -m 512m -serial mon:stdio
