Using /home/nathan/cbl/src/linux-next/arch/arm64/configs/defconfig as base
Merging /home/nathan/cbl/src/linux-next/arch/arm64/configs/virt.config
#
# merged configuration written to .config (needs make)
#

[01;32mQEMU location: [0m/usr/sbin[0m

[01;32mQEMU version: [0mQEMU emulator version 8.0.3[0m
[    0.000000] Booting Linux on physical CPU 0x0000000000 [0x000f0510]
[    0.000000] Linux version 6.5.0-rc5-next-20230809-cbl-00030-g8150cbc757fd (nathan@dev-arch.m3-large-x86-01) (ClangBuiltLinux clang version 11.1.0 (https://github.com/llvm/llvm-project 1fdec59bffc11ae37eb51a1b9869f0696bfd5312), ClangBuiltLinux LLD 11.1.0 (https://github.com/llvm/llvm-project 1fdec59bffc11ae37eb51a1b9869f0696bfd5312)) #1 SMP PREEMPT Sat Aug 12 16:57:49 UTC 2023
[    0.000000] KASLR enabled
[    0.000000] random: crng init done
[    0.000000] Machine model: linux,dummy-virt
[    0.000000] efi: UEFI not found.
[    0.000000] earlycon: pl11 at MMIO 0x0000000009000000 (options '')
[    0.000000] printk: bootconsole [pl11] enabled
[    0.000000] NUMA: No NUMA configuration found
[    0.000000] NUMA: Faking a node at [mem 0x0000000040000000-0x000000005fffffff]
[    0.000000] NUMA: NODE_DATA [mem 0x5feed9c0-0x5feeffff]
[    0.000000] Zone ranges:
[    0.000000]   DMA      [mem 0x0000000040000000-0x000000005fffffff]
[    0.000000]   DMA32    empty
[    0.000000]   Normal   empty
[    0.000000] Movable zone start for each node
[    0.000000] Early memory node ranges
[    0.000000]   node   0: [mem 0x0000000040000000-0x000000005fffffff]
[    0.000000] Initmem setup node 0 [mem 0x0000000040000000-0x000000005fffffff]
[    0.000000] cma: Reserved 32 MiB at 0x000000005d600000 on node -1
[    0.000000] psci: probing for conduit method from DT.
[    0.000000] psci: PSCIv1.1 detected in firmware.
[    0.000000] psci: Using standard PSCI v0.2 function IDs
[    0.000000] psci: Trusted OS migration not required
[    0.000000] psci: SMC Calling Convention v1.0
[    0.000000] percpu: Embedded 21 pages/cpu s49128 r8192 d28696 u86016
[    0.000000] Detected PIPT I-cache on CPU0
[    0.000000] CPU features: detected: Address authentication (IMP DEF algorithm)
[    0.000000] CPU features: detected: GIC system register CPU interface
[    0.000000] CPU features: detected: HCRX_EL2 register
[    0.000000] CPU features: detected: Virtualization Host Extensions
[    0.000000] CPU features: detected: Hardware dirty bit management
[    0.000000] CPU features: detected: Spectre-v4
[    0.000000] alternatives: applying boot alternatives
[    0.000000] Kernel command line: console=ttyAMA0 earlycon
[    0.000000] Dentry cache hash table entries: 65536 (order: 7, 524288 bytes, linear)
[    0.000000] Inode-cache hash table entries: 32768 (order: 6, 262144 bytes, linear)
[    0.000000] Fallback order for Node 0: 0 
[    0.000000] Built 1 zonelists, mobility grouping on.  Total pages: 129024
[    0.000000] Policy zone: DMA
[    0.000000] mem auto-init: stack:all(zero), heap alloc:off, heap free:off
[    0.000000] software IO TLB: area num 1.
[    0.000000] software IO TLB: mapped [mem 0x0000000059600000-0x000000005d600000] (64MB)
[    0.000000] Memory: 388692K/524288K available (13376K kernel code, 1294K rwdata, 4492K rodata, 1024K init, 536K bss, 102828K reserved, 32768K cma-reserved)
[    0.000000] SLUB: HWalign=64, Order=0-3, MinObjects=0, CPUs=1, Nodes=1
[    0.000000] rcu: Preemptible hierarchical RCU implementation.
[    0.000000] rcu: 	RCU event tracing is enabled.
[    0.000000] rcu: 	RCU restricting CPUs from NR_CPUS=256 to nr_cpu_ids=1.
[    0.000000] 	Trampoline variant of Tasks RCU enabled.
[    0.000000] 	Tracing variant of Tasks RCU enabled.
[    0.000000] rcu: RCU calculated value of scheduler-enlistment delay is 25 jiffies.
[    0.000000] rcu: Adjusting geometry for rcu_fanout_leaf=16, nr_cpu_ids=1
[    0.000000] NR_IRQS: 64, nr_irqs: 64, preallocated irqs: 0
[    0.000000] GICv3: GIC: Using split EOI/Deactivate mode
[    0.000000] GICv3: 256 SPIs implemented
[    0.000000] GICv3: 0 Extended SPIs implemented
[    0.000000] Root IRQ handler: gic_handle_irq
[    0.000000] GICv3: GICv3 features: 16 PPIs
[    0.000000] GICv3: GICv4 features: 
[    0.000000] GICv3: CPU0: found redistributor 0 region 0:0x00000000080a0000
[    0.000000] ITS [mem 0x08080000-0x0809ffff]
[    0.000000] ITS@0x0000000008080000: Single VMOVP capable
[    0.000000] ITS@0x0000000008080000: allocated 8192 Devices @41840000 (indirect, esz 8, psz 64K, shr 1)
[    0.000000] ITS@0x0000000008080000: allocated 8192 Interrupt Collections @41850000 (flat, esz 8, psz 64K, shr 1)
[    0.000000] ITS@0x0000000008080000: allocated 8192 Virtual CPUs @41860000 (indirect, esz 8, psz 64K, shr 1)
[    0.000000] GICv3: using LPI property table @0x0000000041870000
[    0.000000] ITS: Allocated DevID ffff as GICv4 proxy device (2 slots)
[    0.000000] ITS: Enabling GICv4 support
[    0.000000] GICv3: CPU0: using allocated LPI pending table @0x0000000041880000
[    0.000000] rcu: srcu_init: Setting srcu_struct sizes based on contention.
[    0.000000] arch_timer: cp15 timer(s) running at 62.50MHz (phys).
[    0.000000] clocksource: arch_sys_counter: mask: 0x1ffffffffffffff max_cycles: 0x1cd42e208c, max_idle_ns: 881590405314 ns
[    0.000079] sched_clock: 57 bits at 63MHz, resolution 16ns, wraps every 4398046511096ns
[    0.018808] Console: colour dummy device 80x25
[    0.025191] Calibrating delay loop (skipped), value calculated using timer frequency.. 125.00 BogoMIPS (lpj=250000)
[    0.026178] pid_max: default: 32768 minimum: 301
[    0.028478] LSM: initializing lsm=capability,integrity
[    0.032143] Mount-cache hash table entries: 1024 (order: 1, 8192 bytes, linear)
[    0.032318] Mountpoint-cache hash table entries: 1024 (order: 1, 8192 bytes, linear)
[    0.067969] cacheinfo: Unable to detect cache hierarchy for CPU 0
[    0.076874] RCU Tasks: Setting shift to 0 and lim to 1 rcu_task_cb_adjust=1.
[    0.077505] RCU Tasks Trace: Setting shift to 0 and lim to 1 rcu_task_cb_adjust=1.
[    0.079121] rcu: Hierarchical SRCU implementation.
[    0.079230] rcu: 	Max phase no-delay instances is 1000.
[    0.083599] Platform MSI: its@8080000 domain created
[    0.084751] PCI/MSI: /intc@8000000/its@8080000 domain created
[    0.085403] EFI services will not be available.
[    0.086277] smp: Bringing up secondary CPUs ...
[    0.087267] smp: Brought up 1 node, 1 CPU
[    0.087355] SMP: Total of 1 processors activated.
[    0.087586] CPU features: detected: Branch Target Identification
[    0.087710] CPU features: detected: 32-bit EL0 Support
[    0.087797] CPU features: detected: 32-bit EL1 Support
[    0.087869] CPU features: detected: ARMv8.4 Translation Table Level
[    0.087974] CPU features: detected: Data cache clean to the PoU not required for I/D coherence
[    0.089265] CPU features: detected: Common not Private translations
[    0.089359] CPU features: detected: CRC32 instructions
[    0.089431] CPU features: detected: Data independent timing control (DIT)
[    0.089518] CPU features: detected: E0PD
[    0.089577] CPU features: detected: Enhanced Virtualization Traps
[    0.089721] CPU features: detected: Generic authentication (IMP DEF algorithm)
[    0.089815] CPU features: detected: RCpc load-acquire (LDAPR)
[    0.089893] CPU features: detected: LSE atomic instructions
[    0.090005] CPU features: detected: Privileged Access Never
[    0.090082] CPU features: detected: RAS Extension Support
[    0.090157] CPU features: detected: Random Number Generator
[    0.090237] CPU features: detected: Speculation barrier (SB)
[    0.090312] CPU features: detected: Stage-2 Force Write-Back
[    0.090388] CPU features: detected: TLB range maintenance instructions
[    0.090508] CPU features: detected: Scalable Matrix Extension
[    0.090587] CPU features: detected: FA64
[    0.090645] CPU features: detected: Speculative Store Bypassing Safe (SSBS)
[    0.090737] CPU features: detected: Scalable Vector Extension
[    0.102340] SVE: maximum available vector length 256 bytes per vector
[    0.107276] SVE: default vector length 64 bytes per vector
[    0.109651] SME: minimum available vector length 16 bytes per vector
[    0.109765] SME: maximum available vector length 256 bytes per vector
[    0.109858] SME: default vector length 32 bytes per vector
[    0.110331] CPU: All CPU(s) started at EL2
[    0.110423] alternatives: applying system-wide alternatives
[    0.155564] devtmpfs: initialized
[    0.179014] clocksource: jiffies: mask: 0xffffffff max_cycles: 0xffffffff, max_idle_ns: 7645041785100000 ns
[    0.179734] futex hash table entries: 256 (order: 2, 16384 bytes, linear)
[    0.185436] pinctrl core: initialized pinctrl subsystem
[    0.191447] DMI not present or invalid.
[    0.207269] NET: Registered PF_NETLINK/PF_ROUTE protocol family
[    0.218564] DMA: preallocated 128 KiB GFP_KERNEL pool for atomic allocations
[    0.219240] DMA: preallocated 128 KiB GFP_KERNEL|GFP_DMA pool for atomic allocations
[    0.219664] DMA: preallocated 128 KiB GFP_KERNEL|GFP_DMA32 pool for atomic allocations
[    0.220076] audit: initializing netlink subsys (disabled)
[    0.222023] audit: type=2000 audit(0.188:1): state=initialized audit_enabled=0 res=1
[    0.226594] thermal_sys: Registered thermal governor 'step_wise'
[    0.226729] thermal_sys: Registered thermal governor 'power_allocator'
[    0.227236] cpuidle: using governor menu
[    0.228792] hw-breakpoint: found 6 breakpoint and 4 watchpoint registers.
[    0.229325] ASID allocator initialised with 65536 entries
[    0.231013] Serial: AMBA PL011 UART driver
[    0.269171] 9000000.pl011: ttyAMA0 at MMIO 0x9000000 (irq = 14, base_baud = 0) is a PL011 rev1
[    0.270853] printk: console [ttyAMA0] enabled
[    0.270853] printk: console [ttyAMA0] enabled
[    0.271228] printk: bootconsole [pl11] disabled
[    0.271228] printk: bootconsole [pl11] disabled
[    0.283587] Modules: 2G module region forced by RANDOMIZE_MODULE_REGION_FULL
[    0.283817] Modules: 0 pages in range for non-PLT usage
[    0.283843] Modules: 519056 pages in range for PLT usage
[    0.290911] HugeTLB: registered 1.00 GiB page size, pre-allocated 0 pages
[    0.291095] HugeTLB: 0 KiB vmemmap can be freed for a 1.00 GiB page
[    0.291217] HugeTLB: registered 32.0 MiB page size, pre-allocated 0 pages
[    0.291308] HugeTLB: 0 KiB vmemmap can be freed for a 32.0 MiB page
[    0.291396] HugeTLB: registered 2.00 MiB page size, pre-allocated 0 pages
[    0.291500] HugeTLB: 0 KiB vmemmap can be freed for a 2.00 MiB page
[    0.291607] HugeTLB: registered 64.0 KiB page size, pre-allocated 0 pages
[    0.291709] HugeTLB: 0 KiB vmemmap can be freed for a 64.0 KiB page
[    0.301204] ACPI: Interpreter disabled.
[    0.303321] iommu: Default domain type: Translated
[    0.303436] iommu: DMA domain TLB invalidation policy: strict mode
[    0.304925] SCSI subsystem initialized
[    0.307295] usbcore: registered new interface driver usbfs
[    0.307622] usbcore: registered new interface driver hub
[    0.307872] usbcore: registered new device driver usb
[    0.309168] pps_core: LinuxPPS API ver. 1 registered
[    0.309259] pps_core: Software ver. 5.3.6 - Copyright 2005-2007 Rodolfo Giometti <giometti@linux.it>
[    0.309469] PTP clock support registered
[    0.309823] EDAC MC: Ver: 3.0.0
[    0.311973] scmi_core: SCMI protocol bus registered
[    0.313611] FPGA manager framework
[    0.314476] Advanced Linux Sound Architecture Driver Initialized.
[    0.324981] vgaarb: loaded
[    0.327845] clocksource: Switched to clocksource arch_sys_counter
[    0.329201] VFS: Disk quotas dquot_6.6.0
[    0.331256] VFS: Dquot-cache hash table entries: 512 (order 0, 4096 bytes)
[    0.333426] pnp: PnP ACPI: disabled
[    0.356393] NET: Registered PF_INET protocol family
[    0.358029] IP idents hash table entries: 8192 (order: 4, 65536 bytes, linear)
[    0.362933] tcp_listen_portaddr_hash hash table entries: 256 (order: 0, 4096 bytes, linear)
[    0.363133] Table-perturb hash table entries: 65536 (order: 6, 262144 bytes, linear)
[    0.363300] TCP established hash table entries: 4096 (order: 3, 32768 bytes, linear)
[    0.363662] TCP bind hash table entries: 4096 (order: 5, 131072 bytes, linear)
[    0.363991] TCP: Hash tables configured (established 4096 bind 4096)
[    0.365176] UDP hash table entries: 256 (order: 1, 8192 bytes, linear)
[    0.365538] UDP-Lite hash table entries: 256 (order: 1, 8192 bytes, linear)
[    0.368567] NET: Registered PF_UNIX/PF_LOCAL protocol family
[    0.371878] RPC: Registered named UNIX socket transport module.
[    0.372010] RPC: Registered udp transport module.
[    0.372096] RPC: Registered tcp transport module.
[    0.372170] RPC: Registered tcp-with-tls transport module.
[    0.372250] RPC: Registered tcp NFSv4.1 backchannel transport module.
[    0.372435] PCI: CLS 0 bytes, default 64
[    0.377194] kvm [1]: IPA Size Limit: 48 bits
[    0.377909] kvm [1]: GICv4 support disabled
[    0.378002] kvm [1]: GICv3: no GICV resource entry
[    0.378177] kvm [1]: disabling GICv2 emulation
[    0.378375] kvm [1]: GIC system register CPU interface enabled
[    0.379415] kvm [1]: vgic interrupt IRQ9
[    0.380784] Unpacking initramfs...
[    0.384190] kvm [1]: VHE mode initialized successfully
[    0.392938] Initialise system trusted keyrings
[    0.394338] workingset: timestamp_bits=42 max_order=17 bucket_order=0
[    0.400552] squashfs: version 4.0 (2009/01/31) Phillip Lougher
[    0.402108] NFS: Registering the id_resolver key type
[    0.402479] Key type id_resolver registered
[    0.402578] Key type id_legacy registered
[    0.402909] nfs4filelayout_init: NFSv4 File Layout Driver Registering...
[    0.403091] nfs4flexfilelayout_init: NFSv4 Flexfile Layout Driver Registering...
[    0.407989] 9p: Installing v9fs 9p2000 file system support
[    0.488432] Key type asymmetric registered
[    0.488588] Asymmetric key parser 'x509' registered
[    0.488990] Block layer SCSI generic (bsg) driver version 0.4 loaded (major 247)
[    0.489192] io scheduler mq-deadline registered
[    0.489327] io scheduler kyber registered
[    0.489707] io scheduler bfq registered
[    0.507442] pl061_gpio 9030000.pl061: PL061 GPIO chip registered
[    0.517447] Freeing initrd memory: 4428K
[    0.517991] pci-host-generic 4010000000.pcie: host bridge /pcie@10000000 ranges:
[    0.518737] pci-host-generic 4010000000.pcie:       IO 0x003eff0000..0x003effffff -> 0x0000000000
[    0.519448] pci-host-generic 4010000000.pcie:      MEM 0x0010000000..0x003efeffff -> 0x0010000000
[    0.519740] pci-host-generic 4010000000.pcie:      MEM 0x8000000000..0xffffffffff -> 0x8000000000
[    0.520307] pci-host-generic 4010000000.pcie: Memory resource size exceeds max for 32 bits
[    0.520916] pci-host-generic 4010000000.pcie: ECAM at [mem 0x4010000000-0x401fffffff] for [bus 00-ff]
[    0.522541] pci-host-generic 4010000000.pcie: PCI host bridge to bus 0000:00
[    0.522859] pci_bus 0000:00: root bus resource [bus 00-ff]
[    0.523009] pci_bus 0000:00: root bus resource [io  0x0000-0xffff]
[    0.523111] pci_bus 0000:00: root bus resource [mem 0x10000000-0x3efeffff]
[    0.523210] pci_bus 0000:00: root bus resource [mem 0x8000000000-0xffffffffff]
[    0.524945] pci 0000:00:00.0: [1b36:0008] type 00 class 0x060000
[    0.538933] EINJ: ACPI disabled.
[    0.559661] Serial: 8250/16550 driver, 4 ports, IRQ sharing enabled
[    0.566605] STM32 USART driver initialized
[    0.588308] loop: module loaded
[    0.589987] megasas: 07.725.01.00-rc1
[    0.601211] tun: Universal TUN/TAP device driver, 1.6
[    0.603284] thunder_xcv, ver 1.0
[    0.603451] thunder_bgx, ver 1.0
[    0.603755] nicpf, ver 1.0
[    0.604942] hns3: Hisilicon Ethernet Network Driver for Hip08 Family - version
[    0.605055] hns3: Copyright (c) 2017 Huawei Corporation.
[    0.605388] hclge is initializing
[    0.605591] e1000: Intel(R) PRO/1000 Network Driver
[    0.605671] e1000: Copyright (c) 1999-2006 Intel Corporation.
[    0.605870] e1000e: Intel(R) PRO/1000 Network Driver
[    0.605948] e1000e: Copyright(c) 1999 - 2015 Intel Corporation.
[    0.606140] igb: Intel(R) Gigabit Ethernet Network Driver
[    0.606225] igb: Copyright (c) 2007-2014 Intel Corporation.
[    0.606400] igbvf: Intel(R) Gigabit Virtual Function Network Driver
[    0.606493] igbvf: Copyright (c) 2009 - 2012 Intel Corporation.
[    0.606675] sky2: driver version 1.30
[    0.608341] VFIO - User Level meta-driver version: 0.3
[    0.613270] usbcore: registered new interface driver usb-storage
[    0.621626] rtc-pl031 9010000.pl031: registered as rtc0
[    0.622365] rtc-pl031 9010000.pl031: setting system clock to 2023-08-12T16:57:58 UTC (1691859478)
[    0.623788] i2c_dev: i2c /dev entries driver
[    0.628537] sdhci: Secure Digital Host Controller Interface driver
[    0.628638] sdhci: Copyright(c) Pierre Ossman
[    0.630011] Synopsys Designware Multimedia Card Interface Driver
[    0.631260] sdhci-pltfm: SDHCI platform and OF driver helper
[    0.636003] usbcore: registered new interface driver usbhid
[    0.636141] usbhid: USB HID core driver
[    0.640782] hw perfevents: enabled with armv8_pmuv3 PMU driver, 7 counters available
[    0.644577] NET: Registered PF_PACKET protocol family
[    0.646010] 9pnet: Installing 9P2000 support
[    0.646345] Key type dns_resolver registered
[    0.677589] registered taskstats version 1
[    0.678867] Loading compiled-in X.509 certificates
[    0.714494] input: gpio-keys as /devices/platform/gpio-keys/input/input0
[    0.722927] clk: Disabling unused clocks
[    0.723628] ALSA device list:
[    0.723768]   No soundcards found.
[    0.726860] uart-pl011 9000000.pl011: no DMA platform data
[    0.780646] Freeing unused kernel memory: 1024K
[    0.781570] Run /init as init process
Starting syslogd: OK
Starting klogd: OK
Running sysctl: OK
Saving 256 bits of creditable seed for next boot
Starting network: OK
Linux version 6.5.0-rc5-next-20230809-cbl-00030-g8150cbc757fd (nathan@dev-arch.m3-large-x86-01) (ClangBuiltLinux clang version 11.1.0 (https://github.com/llvm/llvm-project 1fdec59bffc11ae37eb51a1b9869f0696bfd5312), ClangBuiltLinux LLD 11.1.0 (https://github.com/llvm/llvm-project 1fdec59bffc11ae37eb51a1b9869f0696bfd5312)) #1 SMP PREEMPT Sat Aug 12 16:57:49 UTC 2023
Stopping network: OK
Seeding 256 bits and crediting
Saving 256 bits of creditable seed for next boot
Stopping klogd: OK
Stopping syslogd: OK
umount: devtmpfs busy - remounted read-only
umount: can't unmount /: Invalid argument

The system is going down NOW!

Sent SIGTERM to all processes

Sent SIGKILL to all processes

Requesting system poweroff
[    3.536447] kvm: exiting hardware virtualization
[    3.536653] reboot: Power down
$ timeout --foreground 3m stdbuf -eL -oL /usr/sbin/qemu-system-aarch64 -display none -nodefaults -cpu max,pauth-impdef=true -machine virt,gic-version=max,virtualization=true -append 'console=ttyAMA0 earlycon' -kernel /home/nathan/tmp/build/cbl_lkt/linux-next/arm64/arch/arm64/boot/Image.gz -initrd /home/nathan/cbl/llvm-kernel-testing/src/boot-utils/images/arm64/rootfs.cpio -m 512m -serial mon:stdio
