/home/nathan/cbl/src/linux-next/drivers/block/rbd.c:6149:17: warning: result of comparison of constant 2305843009213693948 with expression of type 'u32' (aka 'unsigned int') is always false [-Wtautological-constant-out-of-range-compare]
        if (snap_count > (SIZE_MAX - sizeof (struct ceph_snap_context))
            ~~~~~~~~~~ ^ ~~~~~~~~~~~~~~~~~~~~~~~~~~~~~~~~~~~~~~~~~~~~~~
1 warning generated.
/home/nathan/cbl/src/linux-next/net/ceph/osdmap.c:1441:10: warning: result of comparison of constant 4611686018427387891 with expression of type 'u32' (aka 'unsigned int') is always false [-Wtautological-constant-out-of-range-compare]
        if (len > (SIZE_MAX - sizeof(*pg)) / sizeof(u32))
            ~~~ ^ ~~~~~~~~~~~~~~~~~~~~~~~~~~~~~~~~~~~~~~
/home/nathan/cbl/src/linux-next/net/ceph/osdmap.c:1624:10: warning: result of comparison of constant 2305843009213693945 with expression of type 'u32' (aka 'unsigned int') is always false [-Wtautological-constant-out-of-range-compare]
        if (len > (SIZE_MAX - sizeof(*pg)) / (2 * sizeof(u32)))
            ~~~ ^ ~~~~~~~~~~~~~~~~~~~~~~~~~~~~~~~~~~~~~~~~~~~~
2 warnings generated.
/home/nathan/cbl/src/linux-next/fs/ceph/snap.c:372:10: warning: result of comparison of constant 2305843009213693948 with expression of type 'u32' (aka 'unsigned int') is always false [-Wtautological-constant-out-of-range-compare]
        if (num > (SIZE_MAX - sizeof(*snapc)) / sizeof(u64))
            ~~~ ^ ~~~~~~~~~~~~~~~~~~~~~~~~~~~~~~~~~~~~~~~~~
1 warning generated.

[01;32mQEMU location: [0m/usr/sbin[0m

[01;32mQEMU version: [0mQEMU emulator version 8.0.3[0m
[    0.000000] Booting Linux on physical CPU 0x0000000000 [0x000f0510]
[    0.000000] Linux version 6.5.0-rc5-next-20230809-cbl (nathan@dev-arch.m3-large-x86-01) (ClangBuiltLinux clang version 11.1.0 (https://github.com/llvm/llvm-project 1fdec59bffc11ae37eb51a1b9869f0696bfd5312), ClangBuiltLinux LLD 11.1.0 (https://github.com/llvm/llvm-project 1fdec59bffc11ae37eb51a1b9869f0696bfd5312)) #1 SMP PREEMPT_DYNAMIC Sat Aug 12 17:33:53 UTC 2023
[    0.000000] random: crng init done
[    0.000000] Machine model: linux,dummy-virt
[    0.000000] efi: UEFI not found.
[    0.000000] earlycon: pl11 at MMIO 0x0000000009000000 (options '')
[    0.000000] printk: bootconsole [pl11] enabled
[    0.000000] NUMA: No NUMA configuration found
[    0.000000] NUMA: Faking a node at [mem 0x0000000040000000-0x000000005fffffff]
[    0.000000] NUMA: NODE_DATA [mem 0x5fe9bc00-0x5feadfff]
[    0.000000] Zone ranges:
[    0.000000]   DMA      [mem 0x0000000040000000-0x000000005fffffff]
[    0.000000]   DMA32    empty
[    0.000000]   Normal   empty
[    0.000000] Movable zone start for each node
[    0.000000] Early memory node ranges
[    0.000000]   node   0: [mem 0x0000000040000000-0x000000005fffffff]
[    0.000000] Initmem setup node 0 [mem 0x0000000040000000-0x000000005fffffff]
[    0.000000] cma: Reserved 32 MiB at 0x000000005d400000 on node -1
[    0.000000] psci: probing for conduit method from DT.
[    0.000000] psci: PSCIv1.1 detected in firmware.
[    0.000000] psci: Using standard PSCI v0.2 function IDs
[    0.000000] psci: Trusted OS migration not required
[    0.000000] psci: SMC Calling Convention v1.0
[    0.000000] percpu: Embedded 22 pages/cpu s50024 r8192 d31896 u90112
[    0.000000] Detected PIPT I-cache on CPU0
[    0.000000] CPU features: detected: GIC system register CPU interface
[    0.000000] CPU features: detected: HCRX_EL2 register
[    0.000000] CPU features: detected: Virtualization Host Extensions
[    0.000000] CPU features: detected: Hardware dirty bit management
[    0.000000] CPU features: detected: Spectre-v4
[    0.000000] alternatives: applying boot alternatives
[    0.000000] Kernel command line: console=ttyAMA0 earlycon
[    0.000000] Dentry cache hash table entries: 65536 (order: 7, 524288 bytes, linear)
[    0.000000] Inode-cache hash table entries: 32768 (order: 6, 262144 bytes, linear)
[    0.000000] Fallback order for Node 0: 0 
[    0.000000] Built 1 zonelists, mobility grouping on.  Total pages: 129024
[    0.000000] Policy zone: DMA
[    0.000000] mem auto-init: stack:off, heap alloc:off, heap free:off
[    0.000000] software IO TLB: area num 1.
[    0.000000] software IO TLB: mapped [mem 0x0000000059400000-0x000000005d400000] (64MB)
[    0.000000] Memory: 389444K/524288K available (11136K kernel code, 2400K rwdata, 3764K rodata, 1536K init, 785K bss, 102076K reserved, 32768K cma-reserved)
[    0.000000] SLUB: HWalign=64, Order=0-3, MinObjects=0, CPUs=1, Nodes=1
[    0.000000] Dynamic Preempt: full
[    0.000000] rcu: Preemptible hierarchical RCU implementation.
[    0.000000] rcu: 	RCU restricting CPUs from NR_CPUS=256 to nr_cpu_ids=1.
[    0.000000] 	Trampoline variant of Tasks RCU enabled.
[    0.000000] 	Tracing variant of Tasks RCU enabled.
[    0.000000] rcu: RCU calculated value of scheduler-enlistment delay is 100 jiffies.
[    0.000000] rcu: Adjusting geometry for rcu_fanout_leaf=16, nr_cpu_ids=1
[    0.000000] NR_IRQS: 64, nr_irqs: 64, preallocated irqs: 0
[    0.000000] GICv3: GIC: Using split EOI/Deactivate mode
[    0.000000] GICv3: 256 SPIs implemented
[    0.000000] GICv3: 0 Extended SPIs implemented
[    0.000000] Root IRQ handler: gic_handle_irq
[    0.000000] GICv3: GICv3 features: 16 PPIs
[    0.000000] GICv3: GICv4 features: 
[    0.000000] GICv3: CPU0: found redistributor 0 region 0:0x00000000080a0000
[    0.000000] ITS [mem 0x08080000-0x0809ffff]
[    0.000000] ITS@0x0000000008080000: Single VMOVP capable
[    0.000000] ITS@0x0000000008080000: allocated 8192 Devices @41840000 (indirect, esz 8, psz 64K, shr 1)
[    0.000000] ITS@0x0000000008080000: allocated 8192 Interrupt Collections @41850000 (flat, esz 8, psz 64K, shr 1)
[    0.000000] ITS@0x0000000008080000: allocated 8192 Virtual CPUs @41860000 (indirect, esz 8, psz 64K, shr 1)
[    0.000000] GICv3: using LPI property table @0x0000000041870000
[    0.000000] ITS: Allocated DevID ffff as GICv4 proxy device (2 slots)
[    0.000000] ITS: Enabling GICv4 support
[    0.000000] GICv3: CPU0: using allocated LPI pending table @0x0000000041880000
[    0.000000] rcu: srcu_init: Setting srcu_struct sizes based on contention.
[    0.000000] arch_timer: cp15 timer(s) running at 62.50MHz (phys).
[    0.000000] clocksource: arch_sys_counter: mask: 0x1ffffffffffffff max_cycles: 0x1cd42e208c, max_idle_ns: 881590405314 ns
[    0.000087] sched_clock: 57 bits at 63MHz, resolution 16ns, wraps every 4398046511096ns
[    0.009439] Console: colour dummy device 80x25
[    0.011968] Calibrating delay loop (skipped), value calculated using timer frequency.. 125.00 BogoMIPS (lpj=62500)
[    0.012276] pid_max: default: 32768 minimum: 301
[    0.013927] LSM: initializing lsm=capability
[    0.016181] Mount-cache hash table entries: 1024 (order: 1, 8192 bytes, linear)
[    0.016360] Mountpoint-cache hash table entries: 1024 (order: 1, 8192 bytes, linear)
[    0.046067] cacheinfo: Unable to detect cache hierarchy for CPU 0
[    0.054811] RCU Tasks: Setting shift to 0 and lim to 1 rcu_task_cb_adjust=1.
[    0.055457] RCU Tasks Trace: Setting shift to 0 and lim to 1 rcu_task_cb_adjust=1.
[    0.056999] rcu: Hierarchical SRCU implementation.
[    0.057104] rcu: 	Max phase no-delay instances is 400.
[    0.059556] Platform MSI: its@8080000 domain created
[    0.060127] PCI/MSI: /intc@8000000/its@8080000 domain created
[    0.061283] EFI services will not be available.
[    0.061863] smp: Bringing up secondary CPUs ...
[    0.064189] smp: Brought up 1 node, 1 CPU
[    0.064279] SMP: Total of 1 processors activated.
[    0.064375] CPU features: detected: Branch Target Identification
[    0.064476] CPU features: detected: 32-bit EL0 Support
[    0.064555] CPU features: detected: 32-bit EL1 Support
[    0.064623] CPU features: detected: ARMv8.4 Translation Table Level
[    0.064723] CPU features: detected: Data cache clean to the PoU not required for I/D coherence
[    0.064855] CPU features: detected: Common not Private translations
[    0.064934] CPU features: detected: CRC32 instructions
[    0.065260] CPU features: detected: Data independent timing control (DIT)
[    0.065348] CPU features: detected: E0PD
[    0.065402] CPU features: detected: Enhanced Virtualization Traps
[    0.065475] CPU features: detected: RCpc load-acquire (LDAPR)
[    0.065545] CPU features: detected: LSE atomic instructions
[    0.065653] CPU features: detected: Privileged Access Never
[    0.065725] CPU features: detected: RAS Extension Support
[    0.065799] CPU features: detected: Random Number Generator
[    0.065870] CPU features: detected: Speculation barrier (SB)
[    0.065938] CPU features: detected: Stage-2 Force Write-Back
[    0.066006] CPU features: detected: TLB range maintenance instructions
[    0.066677] CPU features: detected: Scalable Matrix Extension
[    0.066758] CPU features: detected: FA64
[    0.066816] CPU features: detected: Speculative Store Bypassing Safe (SSBS)
[    0.066898] CPU features: detected: Scalable Vector Extension
[    0.076723] SVE: maximum available vector length 256 bytes per vector
[    0.081150] SVE: default vector length 64 bytes per vector
[    0.083111] SME: minimum available vector length 16 bytes per vector
[    0.083213] SME: maximum available vector length 256 bytes per vector
[    0.083301] SME: default vector length 32 bytes per vector
[    0.083810] CPU: All CPU(s) started at EL2
[    0.083900] alternatives: applying system-wide alternatives
[    0.132210] devtmpfs: initialized
[    0.153518] clocksource: jiffies: mask: 0xffffffff max_cycles: 0xffffffff, max_idle_ns: 1911260446275000 ns
[    0.154275] futex hash table entries: 256 (order: 2, 16384 bytes, linear)
[    0.158507] pinctrl core: initialized pinctrl subsystem
[    0.165309] DMI not present or invalid.
[    0.179745] NET: Registered PF_NETLINK/PF_ROUTE protocol family
[    0.191577] DMA: preallocated 128 KiB GFP_KERNEL pool for atomic allocations
[    0.192165] DMA: preallocated 128 KiB GFP_KERNEL|GFP_DMA pool for atomic allocations
[    0.192538] DMA: preallocated 128 KiB GFP_KERNEL|GFP_DMA32 pool for atomic allocations
[    0.192840] audit: initializing netlink subsys (disabled)
[    0.195687] audit: type=2000 audit(0.162:1): state=initialized audit_enabled=0 res=1
[    0.199617] thermal_sys: Registered thermal governor 'fair_share'
[    0.199731] thermal_sys: Registered thermal governor 'bang_bang'
[    0.199878] thermal_sys: Registered thermal governor 'step_wise'
[    0.199962] thermal_sys: Registered thermal governor 'user_space'
[    0.200396] cpuidle: using governor ladder
[    0.200743] cpuidle: using governor menu
[    0.202040] hw-breakpoint: found 6 breakpoint and 4 watchpoint registers.
[    0.202526] ASID allocator initialised with 65536 entries
[    0.206018] Serial: AMBA PL011 UART driver
[    0.245403] 9000000.pl011: ttyAMA0 at MMIO 0x9000000 (irq = 14, base_baud = 0) is a PL011 rev1
[    0.247085] printk: console [ttyAMA0] enabled
[    0.247085] printk: console [ttyAMA0] enabled
[    0.247441] printk: bootconsole [pl11] disabled
[    0.247441] printk: bootconsole [pl11] disabled
[    0.260302] Modules: 27808 pages in range for non-PLT usage
[    0.260331] Modules: 519328 pages in range for PLT usage
[    0.270933] ACPI: Interpreter disabled.
[    0.271995] iommu: Default domain type: Translated
[    0.272095] iommu: DMA domain TLB invalidation policy: strict mode
[    0.274944] SCSI subsystem initialized
[    0.276007] pps_core: LinuxPPS API ver. 1 registered
[    0.276094] pps_core: Software ver. 5.3.6 - Copyright 2005-2007 Rodolfo Giometti <giometti@linux.it>
[    0.276293] PTP clock support registered
[    0.277940] scmi_core: SCMI protocol bus registered
[    0.289527] vgaarb: loaded
[    0.294115] clocksource: Switched to clocksource arch_sys_counter
[    0.295611] VFS: Disk quotas dquot_6.6.0
[    0.297643] VFS: Dquot-cache hash table entries: 512 (order 0, 4096 bytes)
[    0.298854] pnp: PnP ACPI: disabled
[    0.316588] NET: Registered PF_INET protocol family
[    0.318275] IP idents hash table entries: 8192 (order: 4, 65536 bytes, linear)
[    0.327863] tcp_listen_portaddr_hash hash table entries: 256 (order: 0, 4096 bytes, linear)
[    0.328049] Table-perturb hash table entries: 65536 (order: 6, 262144 bytes, linear)
[    0.328201] TCP established hash table entries: 4096 (order: 3, 32768 bytes, linear)
[    0.328471] TCP bind hash table entries: 4096 (order: 5, 131072 bytes, linear)
[    0.328908] TCP: Hash tables configured (established 4096 bind 4096)
[    0.330747] MPTCP token hash table entries: 512 (order: 1, 12288 bytes, linear)
[    0.331139] UDP hash table entries: 256 (order: 1, 8192 bytes, linear)
[    0.331864] UDP-Lite hash table entries: 256 (order: 1, 8192 bytes, linear)
[    0.333404] NET: Registered PF_UNIX/PF_LOCAL protocol family
[    0.334013] NET: Registered PF_XDP protocol family
[    0.336188] PCI: CLS 0 bytes, default 64
[    0.340095] kvm [1]: IPA Size Limit: 48 bits
[    0.340684] kvm [1]: GICv4 support disabled
[    0.342301] kvm [1]: GICv3: no GICV resource entry
[    0.342467] kvm [1]: disabling GICv2 emulation
[    0.342644] kvm [1]: GIC system register CPU interface enabled
[    0.345683] Trying to unpack rootfs image as initramfs...
[    0.345990] kvm [1]: vgic interrupt IRQ9
[    0.347977] kvm [1]: VHE mode initialized successfully
[    0.358289] Initialise system trusted keyrings
[    0.364383] workingset: timestamp_bits=37 max_order=17 bucket_order=0
[    0.364580] zbud: loaded
[    0.376377] Key type asymmetric registered
[    0.376540] Asymmetric key parser 'x509' registered
[    0.377851] Block layer SCSI generic (bsg) driver version 0.4 loaded (major 245)
[    0.423959] pl061_gpio 9030000.pl061: PL061 GPIO chip registered
[    0.430500] pci-host-generic 4010000000.pcie: host bridge /pcie@10000000 ranges:
[    0.432542] pci-host-generic 4010000000.pcie:       IO 0x003eff0000..0x003effffff -> 0x0000000000
[    0.434213] pci-host-generic 4010000000.pcie:      MEM 0x0010000000..0x003efeffff -> 0x0010000000
[    0.434374] pci-host-generic 4010000000.pcie:      MEM 0x8000000000..0xffffffffff -> 0x8000000000
[    0.435966] pci-host-generic 4010000000.pcie: Memory resource size exceeds max for 32 bits
[    0.436541] pci-host-generic 4010000000.pcie: ECAM at [mem 0x4010000000-0x401fffffff] for [bus 00-ff]
[    0.440883] pci-host-generic 4010000000.pcie: PCI host bridge to bus 0000:00
[    0.441220] pci_bus 0000:00: root bus resource [bus 00-ff]
[    0.441352] pci_bus 0000:00: root bus resource [io  0x0000-0xffff]
[    0.441445] pci_bus 0000:00: root bus resource [mem 0x10000000-0x3efeffff]
[    0.441536] pci_bus 0000:00: root bus resource [mem 0x8000000000-0xffffffffff]
[    0.445197] pci 0000:00:00.0: [1b36:0008] type 00 class 0x060000
[    0.458109] Freeing initrd memory: 4428K
[    0.614939] Serial: 8250/16550 driver, 4 ports, IRQ sharing enabled
[    0.640882] Serial: AMBA driver
[    0.672262] sdhci: Secure Digital Host Controller Interface driver
[    0.672375] sdhci: Copyright(c) Pierre Ossman
[    0.672456] Synopsys Designware Multimedia Card Interface Driver
[    0.676879] sdhci-pltfm: SDHCI platform and OF driver helper
[    0.688218] NET: Registered PF_INET6 protocol family
[    0.695654] Segment Routing with IPv6
[    0.695950] In-situ OAM (IOAM) with IPv6
[    0.696813] Key type dns_resolver registered
[    0.820314] registered taskstats version 1
[    0.822277] Loading compiled-in X.509 certificates
[    0.887616] Loaded X.509 cert 'Build time autogenerated kernel key: 9ad6733a541f2fa3464cd93079a7b501756070f6'
[    0.909377] Key type .fscrypt registered
[    0.909456] Key type fscrypt-provisioning registered
[    0.916904] clk: Disabling unused clocks
[    0.921163] uart-pl011 9000000.pl011: no DMA platform data
[    0.974074] Freeing unused kernel memory: 1536K
[    0.975226] Run /init as init process
Starting syslogd: OK
Starting klogd: OK
Running sysctl: OK
Saving 256 bits of creditable seed for next boot
Starting network: OK
Linux version 6.5.0-rc5-next-20230809-cbl (nathan@dev-arch.m3-large-x86-01) (ClangBuiltLinux clang version 11.1.0 (https://github.com/llvm/llvm-project 1fdec59bffc11ae37eb51a1b9869f0696bfd5312), ClangBuiltLinux LLD 11.1.0 (https://github.com/llvm/llvm-project 1fdec59bffc11ae37eb51a1b9869f0696bfd5312)) #1 SMP PREEMPT_DYNAMIC Sat Aug 12 17:33:53 UTC 2023
Stopping network: OK
Seeding 256 bits and crediting
Saving 256 bits of creditable seed for next boot
Stopping klogd: OK
Stopping syslogd: OK
umount: devtmpfs busy - remounted read-only
umount: can't unmount /: Invalid argument

The system is going down NOW!

Sent SIGTERM to all processes

Sent SIGKILL to all processes

Requesting system poweroff
[    3.564506] kvm: exiting hardware virtualization
[    3.564736] reboot: Power down
$ timeout --foreground 3m stdbuf -eL -oL /usr/sbin/qemu-system-aarch64 -display none -nodefaults -cpu max,pauth-impdef=true -machine virt,gic-version=max,virtualization=true -append 'console=ttyAMA0 earlycon' -kernel /home/nathan/tmp/build/cbl_lkt/linux-next/arm64/arch/arm64/boot/Image.gz -initrd /home/nathan/cbl/llvm-kernel-testing/src/boot-utils/images/arm64/rootfs.cpio -m 512m -serial mon:stdio
