/home/nathan/cbl/src/linux-next/drivers/block/rbd.c:6149:17: warning: result of comparison of constant 2305843009213693948 with expression of type 'u32' (aka 'unsigned int') is always false [-Wtautological-constant-out-of-range-compare]
        if (snap_count > (SIZE_MAX - sizeof (struct ceph_snap_context))
            ~~~~~~~~~~ ^ ~~~~~~~~~~~~~~~~~~~~~~~~~~~~~~~~~~~~~~~~~~~~~~
1 warning generated.
/home/nathan/cbl/src/linux-next/drivers/scsi/ibmvscsi_tgt/ibmvscsi_tgt.c:1630:32: warning: result of comparison of constant 65536 with expression of type 'u16' (aka 'unsigned short') is always false [-Wtautological-constant-out-of-range-compare]
        if ((olen < min_len) || (olen > PAGE_SIZE)) {
                                 ~~~~ ^ ~~~~~~~~~
1 warning generated.
/home/nathan/cbl/src/linux-next/net/ceph/osdmap.c:1441:10: warning: result of comparison of constant 4611686018427387891 with expression of type 'u32' (aka 'unsigned int') is always false [-Wtautological-constant-out-of-range-compare]
        if (len > (SIZE_MAX - sizeof(*pg)) / sizeof(u32))
            ~~~ ^ ~~~~~~~~~~~~~~~~~~~~~~~~~~~~~~~~~~~~~~
/home/nathan/cbl/src/linux-next/net/ceph/osdmap.c:1624:10: warning: result of comparison of constant 2305843009213693945 with expression of type 'u32' (aka 'unsigned int') is always false [-Wtautological-constant-out-of-range-compare]
        if (len > (SIZE_MAX - sizeof(*pg)) / (2 * sizeof(u32)))
            ~~~ ^ ~~~~~~~~~~~~~~~~~~~~~~~~~~~~~~~~~~~~~~~~~~~~
2 warnings generated.
/home/nathan/cbl/src/linux-next/drivers/md/dm-integrity.c:4159:12: warning: result of comparison of constant 42949672950 with expression of type 'unsigned int' is always false [-Wtautological-constant-out-of-range-compare]
                        if (val >= (uint64_t)UINT_MAX * 1000 / HZ) {
                            ~~~ ^  ~~~~~~~~~~~~~~~~~~~~~~~~~~~~~~
1 warning generated.
/home/nathan/cbl/src/linux-next/fs/ceph/snap.c:372:10: warning: result of comparison of constant 2305843009213693948 with expression of type 'u32' (aka 'unsigned int') is always false [-Wtautological-constant-out-of-range-compare]
        if (num > (SIZE_MAX - sizeof(*snapc)) / sizeof(u64))
            ~~~ ^ ~~~~~~~~~~~~~~~~~~~~~~~~~~~~~~~~~~~~~~~~~
1 warning generated.
/home/nathan/cbl/src/linux-next/fs/nilfs2/ioctl.c:63:19: warning: result of comparison of constant 65536 with expression of type '__u16' (aka 'unsigned short') is always false [-Wtautological-constant-out-of-range-compare]
        if (argv->v_size > PAGE_SIZE)
            ~~~~~~~~~~~~ ^ ~~~~~~~~~
1 warning generated.
/home/nathan/cbl/src/linux-next/drivers/net/ethernet/mellanox/mlx5/core/en/xsk/setup.c:32:22: warning: result of comparison of constant 65536 with expression of type 'u16' (aka 'unsigned short') is always false [-Wtautological-constant-out-of-range-compare]
        if (xsk->chunk_size > PAGE_SIZE || xsk->chunk_size < MLX5E_MIN_XSK_CHUNK_SIZE) {
            ~~~~~~~~~~~~~~~ ^ ~~~~~~~~~
1 warning generated.
/home/nathan/cbl/src/linux-next/drivers/infiniband/core/uverbs_ioctl.c:90:39: warning: result of comparison of constant 65536 with expression of type 'u16' (aka 'unsigned short') is always false [-Wtautological-constant-out-of-range-compare]
        WARN_ON_ONCE(method_elm->bundle_size > PAGE_SIZE);
        ~~~~~~~~~~~~~~~~~~~~~~~~~~~~~~~~~~~~~^~~~~~~~~~~~
/home/nathan/cbl/src/linux-next/include/asm-generic/bug.h:111:25: note: expanded from macro 'WARN_ON_ONCE'
        int __ret_warn_on = !!(condition);                      \
                               ^~~~~~~~~
/home/nathan/cbl/src/linux-next/drivers/infiniband/core/uverbs_ioctl.c:629:17: warning: result of comparison of constant 65536 with expression of type '__u16' (aka 'unsigned short') is always false [-Wtautological-constant-out-of-range-compare]
        if (hdr.length > PAGE_SIZE ||
            ~~~~~~~~~~ ^ ~~~~~~~~~
2 warnings generated.

[01;32mQEMU location: [0m/usr/sbin[0m

[01;32mQEMU version: [0mQEMU emulator version 8.0.3[0m
[    0.014529313,5] OPAL v7.0 starting...
[    0.015069984,7] initial console log level: memory 7, driver 5
[    0.015116470,6] CPU: P9 generation processor (max 4 threads/core)
[    0.015143263,7] CPU: Boot CPU PIR is 0x0000 PVR is 0x004e1200
[    0.015263571,7] OPAL table: 0x3018a660 .. 0x3018ac20, branch table: 0x30120000
[    0.015430176,7] Assigning physical memory map table for nimbus
[    0.015786530,7] FDT: Parsing fdt @0x1000000
[    0.018063318,5] CHIP: Detected QEMU simulator
[    0.018251421,6] CHIP: Initialised chip 0 from xscom@603fc00000000
[    0.018609047,6] P9 DD2.00 detected
[    0.018625858,5] CHIP: Chip ID 0000 type: P9N DD2.00
[    0.018634527,7] XSCOM: Base address: 0x603fc00000000
[    0.018655020,7] XSTOP: ibm,sw-checkstop-fir prop not found
[    0.018739246,6] MFSI 0:0: Initialized
[    0.018752721,6] MFSI 0:2: Initialized
[    0.018764084,6] MFSI 0:1: Initialized
[    0.019337109,6] LPC: LPC[000]: Initialized
[    0.019347692,7] LPC: access via MMIO @0x6030000000000
[    0.019379973,7] LPC: Default bus on chip 0x0
[    0.019461223,7] CPU: New max PIR set to 0x3
[    0.019960775,7] MEM: parsing reserved memory from reserved-names/-ranges properties
[    0.020049628,7] HOMER: Init chip 0
[    0.020081730,7]   PBA BAR0 : 0x0000203ffd800000
[    0.020089465,7]   PBA MASK0: 0x0000000000300000
[    0.020118936,7]   HOMER Image at 0x203ffd800000 size 4MB
[    0.020161503,4] HOMER image is not reserved! Reserving
[    0.020211836,7]   PBA BAR2 : 0x0000203fff800000
[    0.020216760,7]   PBA MASK2: 0x0000000000700000
[    0.020231816,7]   OCC Common Area at 0x203fff800000 size 8MB
[    0.020263980,4] OCC common area is not reserved! Reserving
[    0.020323670,7] CPU: decrementer bits 56
[    0.020403037,6] CPU: CPU from DT PIR=0x0000 Server#=0x0 State=4
[    0.020499518,6] CPU:  1 secondary threads
[    0.021753862,5] PLAT: Using SuperIO UART
[    0.022026048,7] UART: Using LPC IRQ 4
[    0.024589009,5] PLAT: Detected QEMU POWER9 platform
[    0.024669900,5] PLAT: Detected BMC platform ast2500:openbmc
[    0.039851663,5] CPU: All 1 processors called in...
[    0.040928081,7] LPC: Routing irq 10, policy: 0 (r=1)
[    0.041000549,7] LPC: SerIRQ 10 using route 0 targetted at OPAL
[    0.062721223,5] HIOMAP: Negotiated hiomap protocol v2
[    0.062795748,5] HIOMAP: Block size is 4KiB
[    0.062857064,5] HIOMAP: BMC suggested flash timeout of 0s
[    0.062946557,5] HIOMAP: Flash size is 128MiB
[    0.063003108,5] HIOMAP: Erase granule size is 4KiB
[    0.079373718,3] FFS: Reading the flash has returned all 0xFF.
[    0.079446134,3]      Are you reading erased flash?
[    0.079503434,3]      Is something else using the flash controller?
[    0.079587311,4] FLASH: No ffs info; using raw device only
[    0.084896151,3] FFS: Reading the flash has returned all 0xFF.
[    0.084984829,3]      Are you reading erased flash?
[    0.085044663,3]      Is something else using the flash controller?
[    0.085119029,3] FLASH: Can't open ffs handle
[    0.090335524,3] FFS: Reading the flash has returned all 0xFF.
[    0.090408356,3]      Are you reading erased flash?
[    0.090463101,3]      Is something else using the flash controller?
[    0.090543669,3] FLASH: Can't open ffs handle
[    0.095770346,3] FFS: Reading the flash has returned all 0xFF.
[    0.095838074,3]      Are you reading erased flash?
[    0.095891495,3]      Is something else using the flash controller?
[    0.095960296,3] FLASH: Can't open ffs handle
[    0.101177124,3] FFS: Reading the flash has returned all 0xFF.
[    0.101320326,3]      Are you reading erased flash?
[    0.101393908,3]      Is something else using the flash controller?
[    0.101467674,3] FLASH: Can't open ffs handle
[    0.106683644,3] FFS: Reading the flash has returned all 0xFF.
[    0.106750141,3]      Are you reading erased flash?
[    0.106806323,3]      Is something else using the flash controller?
[    0.106874369,3] FLASH: Can't open ffs handle
[    0.112084385,3] FFS: Reading the flash has returned all 0xFF.
[    0.112211305,3]      Are you reading erased flash?
[    0.112316558,3]      Is something else using the flash controller?
[    0.112455969,3] FLASH: Can't open ffs handle
[    0.123629532,2] NVRAM: Failed to load
[    0.123692787,2] NVRAM: Failed to load
[    0.123757468,5] STB: secure boot not supported
[    0.123833886,5] STB: trusted boot not supported
[    0.124123938,4] FLASH: Can't load resource id:4. No system flash found
[    0.124366714,4] FLASH: Can't load resource id:3. No system flash found
[    0.124522074,2] NVRAM: Failed to load
[    0.124675716,7] LPC: Routing irq 4, policy: 0 (r=1)
[    0.124691100,7] LPC: SerIRQ 4 using route 1 targetted at OPAL
[    0.125054717,3] SLW: Failed to set HRMOR for CPU 0,RC=0x1
[    0.125263140,5] Unable to log error
[    0.125332053,3] Disabling deep stop states
[    0.125544861,2] NVRAM: Failed to load
[    0.125856766,3] OCC: Chip: 0: OCC not active
[    0.125913901,3] OCC: Initialization on all chips did not complete(timed out)
[    0.126022631,5] Unable to log error
[    0.126096972,2] NVRAM: Failed to load
[    0.126158570,2] NVRAM: Failed to load
[    0.126211920,2] NVRAM: Failed to load
[    0.126455768,4] FLASH: Can't load resource id:2. No system flash found
[    0.126701540,4] FLASH: Can't load resource id:0. No system flash found
[    0.126797220,4] FLASH: Can't load resource id:1. No system flash found
[    0.126965420,3] IMC: IMC Catalog load failed
[    0.127246890,2] NVRAM: Failed to load
[    0.127302286,2] NVRAM: Failed to load
[    0.127352378,2] NVRAM: Failed to load
[    0.127698663,5] PCI: Resetting PHBs and training links...
[    0.127817294,5] PCI: Probing slots...
[    0.127878194,5] PCI Summary:
[    0.127980733,4] FLASH: Failed to load VERSION data
[    0.345159245,2] NVRAM: Failed to load
[    0.345691683,5] INIT: Waiting for kernel...
[    0.345751927,5] INIT: platform wait for kernel load failed
[    0.345834460,5] INIT: Assuming kernel at 0x20000000
[    0.345942816,5] INIT: 64-bit LE kernel discovered
[    0.346227420,3] OCC: Chip 0 sensor data invalid
[    0.346492772,2] NVRAM: Failed to load
[    0.353011569,5] INIT: Starting kernel at 0x20010000, fdt at 0x30758170 15742 bytes


zImage starting: loaded at 0x0000000020010000 (sp: 0x0000000020e01da0)

Allocating 0x2cac750 bytes for kernel...

Decompressing (0x0000000000000000 <- 0x0000000020022000:0x0000000020e002cb)...

Done! Decompressed 0x2ad0000 bytes


Linux/PowerPC load: 

Finalizing device tree... flat tree at 0x20e02ca0

[    0.000000] OF: reserved mem: 0x0000000030000000..0x00000000305fffff (6144 KiB) map non-reusable ibm,firmware-code@30000000
[    0.000000] OF: reserved mem: 0x0000000030600000..0x0000000030ffffff (10240 KiB) map non-reusable ibm,firmware-heap@30600000
[    0.000000] OF: reserved mem: 0x0000000031000000..0x0000000031c0ffff (12352 KiB) map non-reusable ibm,firmware-data@31000000
[    0.000000] OF: reserved mem: 0x0000000031c10000..0x0000000031c2ffff (128 KiB) map non-reusable ibm,firmware-stacks@31c10000
[    0.000000] OF: reserved mem: 0x0000000031c30000..0x000000003290ffff (13184 KiB) map non-reusable ibm,firmware-allocs-memory@31c30000
[    0.000000] OF: reserved mem: 0x0000203ffd800000..0x0000203ffdbfffff (4096 KiB) map non-reusable ibm,homer-image@203ffd800000
[    0.000000] OF: reserved mem: 0x0000203fff800000..0x0000203fffffffff (8192 KiB) map non-reusable ibm,occ-common-area@203fff800000
[    0.000000] dt-cpu-ftrs: setup for ISA 3000
[    0.000000] dt-cpu-ftrs: final cpu/mmu features = 0x0003c06b8f5fb187 0x3c007041
[    0.000000] Activating Kernel Userspace Access Prevention
[    0.000000] Activating Kernel Userspace Execution Prevention
[    0.000000] radix-mmu: Mapped 0x0000000000000000-0x00000000027a0000 with 64.0 KiB pages (exec)
[    0.000000] radix-mmu: Mapped 0x00000000027a0000-0x0000000080000000 with 64.0 KiB pages
[    0.000000] radix-mmu: Initializing Radix MMU
[    0.000000] Linux version 6.5.0-rc5-next-20230809-cbl (nathan@dev-arch.m3-large-x86-01) (ClangBuiltLinux clang version 11.1.0 (https://github.com/llvm/llvm-project 1fdec59bffc11ae37eb51a1b9869f0696bfd5312), ClangBuiltLinux LLD 11.1.0 (https://github.com/llvm/llvm-project 1fdec59bffc11ae37eb51a1b9869f0696bfd5312)) #1 SMP Sat Aug 12 18:52:01 UTC 2023
[    0.000000] Found initrd at 0xc000000028000000:0xc000000028878600
[    0.000000] Hardware name: IBM PowerNV (emulated by qemu) POWER9 0x4e1200 opal:v7.0 PowerNV
[    0.000000] printk: bootconsole [udbg0] enabled
[    0.000000] CPU maps initialized for 1 thread per core
[    0.000000] -----------------------------------------------------
[    0.000000] phys_mem_size     = 0x80000000
[    0.000000] dcache_bsize      = 0x80
[    0.000000] icache_bsize      = 0x80
[    0.000000] cpu_features      = 0x0003c06b8f4fb187
[    0.000000]   possible        = 0x001ffbfbcf5fb187
[    0.000000]   always          = 0x0000000380008181
[    0.000000] cpu_user_features = 0xdc0065c2 0xaef00000
[    0.000000] mmu_features      = 0x3c007641
[    0.000000] firmware_features = 0x0000000110000000
[    0.000000] vmalloc start     = 0xc008000000000000
[    0.000000] IO start          = 0xc00a000000000000
[    0.000000] vmemmap start     = 0xc00c000000000000
[    0.000000] -----------------------------------------------------
[    0.000000] numa:   NODE_DATA [mem 0x7bf84280-0x7bf8bfff]
[    0.000000] kvm_cma_reserve: reserving 102 MiB for global area
[    0.000000] cma: Reserved 112 MiB at 0x0000000073000000 on node -1
[    0.000000] rfi-flush: fallback displacement flush available
[    0.000000] count-cache-flush: flush disabled.
[    0.000000] link-stack-flush: flush disabled.
[    0.000000] stf-barrier: eieio barrier available
[    0.000000] barrier-nospec: using ORI speculation barrier
[    0.000000] Zone ranges:
[    0.000000]   Normal   [mem 0x0000000000000000-0x000000007fffffff]
[    0.000000]   Device   empty
[    0.000000] Movable zone start for each node
[    0.000000] Early memory node ranges
[    0.000000]   node   0: [mem 0x0000000000000000-0x000000007fffffff]
[    0.000000] Initmem setup node 0 [mem 0x0000000000000000-0x000000007fffffff]
[    0.000000] percpu: Embedded 10 pages/cpu s603176 r0 d52184 u655360
[    0.000000] Kernel command line: 
[    0.000000] random: crng init done
[    0.000000] Dentry cache hash table entries: 262144 (order: 5, 2097152 bytes, linear)
[    0.000000] Inode-cache hash table entries: 131072 (order: 4, 1048576 bytes, linear)
[    0.000000] Fallback order for Node 0: 0 
[    0.000000] Built 1 zonelists, mobility grouping on.  Total pages: 32736
[    0.000000] Policy zone: Normal
[    0.000000] mem auto-init: stack:all(zero), heap alloc:off, heap free:off
[    0.000000] Memory: 1763776K/2097152K available (20544K kernel code, 3264K rwdata, 12224K rodata, 7808K init, 1905K bss, 218688K reserved, 114688K cma-reserved)
[    0.000000] SLUB: HWalign=128, Order=0-3, MinObjects=0, CPUs=1, Nodes=1
[    0.000000] ftrace: allocating 45341 entries in 17 pages
[    0.000000] ftrace: allocated 17 pages with 2 groups
[    0.000000] trace event string verifier disabled
[    0.000000] rcu: Hierarchical RCU implementation.
[    0.000000] rcu: 	RCU restricting CPUs from NR_CPUS=2048 to nr_cpu_ids=1.
[    0.000000] 	Rude variant of Tasks RCU enabled.
[    0.000000] 	Tracing variant of Tasks RCU enabled.
[    0.000000] rcu: RCU calculated value of scheduler-enlistment delay is 10 jiffies.
[    0.000000] rcu: Adjusting geometry for rcu_fanout_leaf=16, nr_cpu_ids=1
[    0.000000] NR_IRQS: 512, nr_irqs: 512, preallocated irqs: 16
[    0.000000] xive: Interrupt handling initialized with native backend
[    0.000000] xive: Using priority 7 for all interrupts
[    0.000000] xive: Using 64kB queues
[    0.000000] rcu: srcu_init: Setting srcu_struct sizes based on contention.
[    0.000077] time_init: 56 bit decrementer (max: 7fffffffffffff)
[    0.001184] clocksource: timebase: mask: 0xffffffffffffffff max_cycles: 0x761537d007, max_idle_ns: 440795202126 ns
[    0.002466] clocksource: timebase mult[1f40000] shift[24] registered
[    0.011391] kfence: initialized - using 33554432 bytes for 255 objects at 0x(____ptrval____)-0x(____ptrval____)
[    0.022592] Console: colour dummy device 80x25
[    0.023809] printk: console [hvc0] enabled
[    0.023809] printk: console [hvc0] enabled
[    0.024702] printk: bootconsole [udbg0] disabled
[    0.024702] printk: bootconsole [udbg0] disabled
[    0.027915] pid_max: default: 32768 minimum: 301
[    0.031335] LSM: initializing lsm=lockdown,capability,yama,selinux,bpf,landlock,integrity
[    0.033105] Yama: becoming mindful.
[    0.035136] SELinux:  Initializing.
[    0.038226] LSM support for eBPF active
[    0.038417] landlock: Up and running.
[    0.040685] Mount-cache hash table entries: 8192 (order: 0, 65536 bytes, linear)
[    0.040959] Mountpoint-cache hash table entries: 8192 (order: 0, 65536 bytes, linear)
[    0.089838] RCU Tasks Rude: Setting shift to 0 and lim to 1 rcu_task_cb_adjust=1.
[    0.095308] RCU Tasks Trace: Setting shift to 0 and lim to 1 rcu_task_cb_adjust=1.
[    0.096668] POWER9 performance monitor hardware support registered
[    0.098264] rcu: Hierarchical SRCU implementation.
[    0.098440] rcu: 	Max phase no-delay instances is 1000.
[    0.116991] smp: Bringing up secondary CPUs ...
[    0.118095] smp: Brought up 1 node, 1 CPU
[    0.118388] numa: Node 0 CPUs: 0
[    0.134881] devtmpfs: initialized
[    0.149949] clocksource: jiffies: mask: 0xffffffff max_cycles: 0xffffffff, max_idle_ns: 19112604462750000 ns
[    0.150380] futex hash table entries: 256 (order: -1, 32768 bytes, linear)
[    0.172759] NET: Registered PF_NETLINK/PF_ROUTE protocol family
[    0.178307] audit: initializing netlink subsys (disabled)
[    0.185974] audit: type=2000 audit(1691866383.160:1): state=initialized audit_enabled=0 res=1
[    0.186726] thermal_sys: Registered thermal governor 'fair_share'
[    0.186776] thermal_sys: Registered thermal governor 'step_wise'
[    0.187378] cpuidle: using governor menu
[    0.188839] Failed to initialize. Disabling HugeTLB
[    0.189362] nvram: No room to create lnx,oops-log partition, deleting any obsolete OS partitions...
[    0.189827] nvram: Failed to find or create lnx,oops-log partition, err -28
[    0.190104] nvram: Failed to initialize oops partition!
[    0.197951] EEH: PowerNV platform initialized
[    0.222918] cpuidle-powernv: Default stop: psscr = 0x0000000000000330,mask=0x00000000003003ff
[    0.223484] cpuidle-powernv: Deepest stop: psscr = 0x0000000000300331,mask=0x00000000003003ff
[    0.223718] cpuidle-powernv: First stop level that may lose SPRs = 0x10
[    0.223911] cpuidle-powernv: First stop level that may lose timebase = 0x10
[    0.227345] kprobes: kprobe jump-optimization is enabled. All kprobes are optimized if possible.
[    0.286681] raid6: skipped pq benchmark and selected vpermxor8
[    0.286906] raid6: using intx1 recovery algorithm
[    0.289864] iommu: Default domain type: Translated
[    0.290090] iommu: DMA domain TLB invalidation policy: lazy mode
[    0.293003] SCSI subsystem initialized
[    0.295225] usbcore: registered new interface driver usbfs
[    0.321823] usbcore: registered new interface driver hub
[    0.322197] usbcore: registered new device driver usb
[    0.323391] pps_core: LinuxPPS API ver. 1 registered
[    0.323550] pps_core: Software ver. 5.3.6 - Copyright 2005-2007 Rodolfo Giometti <giometti@linux.it>
[    0.323980] PTP clock support registered
[    0.325434] EDAC MC: Ver: 3.0.0
[    0.337931] NetLabel: Initializing
[    0.338069] NetLabel:  domain hash size = 128
[    0.338231] NetLabel:  protocols = UNLABELED CIPSOv4 CALIPSO
[    0.339344] NetLabel:  unlabeled traffic allowed by default
[    0.339566] mctp: management component transport protocol core
[    0.339737] NET: Registered PF_MCTP protocol family
[    0.340552] PCI: Probing PCI hardware
[    0.345627] vgaarb: loaded
[    0.350191] clocksource: Switched to clocksource timebase
[    0.387740] VFS: Disk quotas dquot_6.6.0
[    0.388130] VFS: Dquot-cache hash table entries: 8192 (order 0, 65536 bytes)
[    0.400407] hugetlbfs: disabling because there are no supported hugepage sizes
[    0.418522] NET: Registered PF_INET protocol family
[    0.420158] IP idents hash table entries: 32768 (order: 2, 262144 bytes, linear)
[    0.428649] tcp_listen_portaddr_hash hash table entries: 4096 (order: 0, 65536 bytes, linear)
[    0.429002] Table-perturb hash table entries: 65536 (order: 2, 262144 bytes, linear)
[    0.429573] TCP established hash table entries: 16384 (order: 1, 131072 bytes, linear)
[    0.430305] TCP bind hash table entries: 16384 (order: 3, 524288 bytes, linear)
[    0.430953] TCP: Hash tables configured (established 16384 bind 16384)
[    0.432744] MPTCP token hash table entries: 4096 (order: 0, 98304 bytes, linear)
[    0.433262] UDP hash table entries: 2048 (order: 0, 65536 bytes, linear)
[    0.433803] UDP-Lite hash table entries: 2048 (order: 0, 65536 bytes, linear)
[    0.435808] NET: Registered PF_UNIX/PF_LOCAL protocol family
[    0.436560] NET: Registered PF_XDP protocol family
[    0.436927] PCI: CLS 0 bytes, default 128
[    0.440978] Trying to unpack rootfs image as initramfs...
[    0.452724] rtas_flash: no firmware flash support
[    0.464032] Initialise system trusted keyrings
[    0.466435] Key type blacklist registered
[    0.480597] workingset: timestamp_bits=38 max_order=15 bucket_order=0
[    0.481077] zbud: loaded
[    0.505354] integrity: Platform Keyring initialized
[    0.570611] Freeing initrd memory: 8640K
[    0.571249] NET: Registered PF_ALG protocol family
[    0.571685] xor: measuring software checksum speed
[    0.575806]    8regs           :  2632 MB/sec
[    0.580682]    8regs_prefetch  :  2289 MB/sec
[    0.584765]    32regs          :  2646 MB/sec
[    0.589435]    32regs_prefetch :  2255 MB/sec
[    0.620673]    altivec         :   323 MB/sec
[    0.620852] xor: using function: 32regs (2646 MB/sec)
[    0.621438] Key type asymmetric registered
[    0.621640] Asymmetric key parser 'x509' registered
[    0.648052] Block layer SCSI generic (bsg) driver version 0.4 loaded (major 245)
[    0.649108] io scheduler mq-deadline registered
[    0.649324] io scheduler kyber registered
[    0.649859] io scheduler bfq registered
[    0.668189] atomic64_test: passed
[    0.672661] shpchp: Standard Hot Plug PCI Controller Driver version: 0.4
[    0.675140] hvc0: raw protocol on /ibm,opal/consoles/serial@0 (boot console)
[    0.675478] hvc0: No interrupts property, using OPAL event
[    0.678026] Serial: 8250/16550 driver, 32 ports, IRQ sharing enabled
[    0.708860] usbcore: registered new interface driver usbserial_generic
[    0.709346] usbserial: USB Serial support registered for generic
[    0.710378] mousedev: PS/2 mouse device common for all mice
[    0.712923] device-mapper: core: CONFIG_IMA_DISABLE_HTABLE is disabled. Duplicate IMA measurements will not be recorded in the IMA log.
[    0.713347] device-mapper: uevent: version 1.0.3
[    0.714372] device-mapper: ioctl: 4.48.0-ioctl (2023-03-01) initialised: dm-devel@redhat.com
[    0.716298] powernv-cpufreq: ibm,pstate-min node not found
[    0.716505] powernv-cpufreq: Platform driver disabled. System does not support PState control
[    0.718620] hid: raw HID events driver (C) Jiri Kosina
[    0.719287] usbcore: registered new interface driver usbhid
[    0.719464] usbhid: USB HID core driver
[    0.720383] drop_monitor: Initializing network drop monitor service
[    0.785702] Initializing XFRM netlink socket
[    0.787044] NET: Registered PF_INET6 protocol family
[    0.800603] Segment Routing with IPv6
[    0.800830] RPL Segment Routing with IPv6
[    0.801197] In-situ OAM (IOAM) with IPv6
[    0.801859] mip6: Mobile IPv6
[    0.802317] NET: Registered PF_PACKET protocol family
[    0.803164] secvar-sysfs: Failed to retrieve secvar operations
[    0.803409] drmem: No dynamic reconfiguration memory found
[    0.823330] registered taskstats version 1
[    0.826340] Loading compiled-in X.509 certificates
[    0.877508] Loaded X.509 cert 'Build time autogenerated kernel key: 5cbc01536b786f9489d89753906f897bbb7cdf5c'
[    0.898449] page_owner is disabled
[    0.899202] Key type .fscrypt registered
[    0.899343] Key type fscrypt-provisioning registered
[    0.907649] Btrfs loaded, zoned=yes, fsverity=yes
[    0.908918] Key type big_key registered
[    0.918936] Key type encrypted registered
[    0.919570] Secure boot mode disabled
[    0.920370] ima: No TPM chip found, activating TPM-bypass!
[    0.920621] Loading compiled-in module X.509 certificates
[    0.923216] Loaded X.509 cert 'Build time autogenerated kernel key: 5cbc01536b786f9489d89753906f897bbb7cdf5c'
[    0.923613] ima: Allocated hash algorithm: sha256
[    0.925937] Secure boot mode disabled
[    0.926238] Trusted boot mode disabled
[    0.926441] ima: No architecture policies found
[    0.927279] evm: Initialising EVM extended attributes:
[    0.927447] evm: security.selinux
[    0.927579] evm: security.SMACK64 (disabled)
[    0.927702] evm: security.SMACK64EXEC (disabled)
[    0.927828] evm: security.SMACK64TRANSMUTE (disabled)
[    0.927961] evm: security.SMACK64MMAP (disabled)
[    0.928092] evm: security.apparmor (disabled)
[    0.928212] evm: security.ima
[    0.928319] evm: security.capability
[    0.928457] evm: HMAC attrs: 0x1
[    1.092295] alg: No test for 842 (842-scomp)
[    1.092736] alg: No test for 842 (842-generic)
[    1.758099] clk: Disabling unused clocks
[    1.841876] Freeing unused kernel image (initmem) memory: 7808K
[    1.869320] Checked W+X mappings: passed, no W+X pages found
[    1.870852] Run /init as init process
Starting syslogd: OK
Starting klogd: OK
Running sysctl: OK
Saving 256 bits of creditable seed for next boot
Starting network: OK
Linux version 6.5.0-rc5-next-20230809-cbl (nathan@dev-arch.m3-large-x86-01) (ClangBuiltLinux clang version 11.1.0 (https://github.com/llvm/llvm-project 1fdec59bffc11ae37eb51a1b9869f0696bfd5312), ClangBuiltLinux LLD 11.1.0 (https://github.com/llvm/llvm-project 1fdec59bffc11ae37eb51a1b9869f0696bfd5312)) #1 SMP Sat Aug 12 18:52:01 UTC 2023
Stopping network: OK
Seeding 256 bits and crediting
Saving 256 bits of creditable seed for next boot
Stopping klogd: OK
Stopping syslogd: OK
umount: devtmpfs busy - remounted read-only
umount: can't unmount /: Invalid argument

The system is going down NOW!

Sent SIGTERM to all processes

Sent SIGKILL to all processes

Requesting system poweroff
[    7.182343] reboot: Power down
[   10.048149236,5] OPAL: Shutdown request type 0x0...
$ timeout --foreground 3m stdbuf -eL -oL /usr/sbin/qemu-system-ppc64 -display none -nodefaults -device ipmi-bmc-sim,id=bmc0 -device isa-ipmi-bt,bmc=bmc0,irq=10 -machine powernv -kernel /home/nathan/tmp/build/cbl_lkt/linux-next/powerpc/arch/powerpc/boot/zImage.epapr -initrd /home/nathan/cbl/llvm-kernel-testing/src/boot-utils/images/ppc64le/rootfs.cpio -m 2G -serial mon:stdio
