Using /home/nathan/cbl/src/linux-next/arch/powerpc/configs/ppc64_defconfig as base
Merging /home/nathan/cbl/src/linux-next/arch/powerpc/configs/le.config
Merging /home/nathan/cbl/src/linux-next/arch/powerpc/configs/guest.config
Value of CONFIG_VIRTIO_BLK is redefined by fragment /home/nathan/cbl/src/linux-next/arch/powerpc/configs/guest.config:
Previous value: CONFIG_VIRTIO_BLK=m
New value: CONFIG_VIRTIO_BLK=y

Value of CONFIG_SCSI_VIRTIO is redefined by fragment /home/nathan/cbl/src/linux-next/arch/powerpc/configs/guest.config:
Previous value: CONFIG_SCSI_VIRTIO=m
New value: CONFIG_SCSI_VIRTIO=y

Value of CONFIG_VIRTIO_NET is redefined by fragment /home/nathan/cbl/src/linux-next/arch/powerpc/configs/guest.config:
Previous value: CONFIG_VIRTIO_NET=m
New value: CONFIG_VIRTIO_NET=y

Value of CONFIG_VIRTIO_CONSOLE is redefined by fragment /home/nathan/cbl/src/linux-next/arch/powerpc/configs/guest.config:
Previous value: CONFIG_VIRTIO_CONSOLE=m
New value: CONFIG_VIRTIO_CONSOLE=y

Value of CONFIG_VIRTIO_PCI is redefined by fragment /home/nathan/cbl/src/linux-next/arch/powerpc/configs/guest.config:
Previous value: CONFIG_VIRTIO_PCI=m
New value: CONFIG_VIRTIO_PCI=y

Value of CONFIG_VIRTIO_BALLOON is redefined by fragment /home/nathan/cbl/src/linux-next/arch/powerpc/configs/guest.config:
Previous value: CONFIG_VIRTIO_BALLOON=m
New value: CONFIG_VIRTIO_BALLOON=y

Value of CONFIG_VHOST_NET is redefined by fragment /home/nathan/cbl/src/linux-next/arch/powerpc/configs/guest.config:
Previous value: CONFIG_VHOST_NET=m
New value: CONFIG_VHOST_NET=y

Value of CONFIG_IBMVETH is redefined by fragment /home/nathan/cbl/src/linux-next/arch/powerpc/configs/guest.config:
Previous value: CONFIG_IBMVETH=m
New value: CONFIG_IBMVETH=y

Value of CONFIG_IBMVNIC is redefined by fragment /home/nathan/cbl/src/linux-next/arch/powerpc/configs/guest.config:
Previous value: CONFIG_IBMVNIC=m
New value: CONFIG_IBMVNIC=y

Merging /home/nathan/cbl/src/linux-next/arch/powerpc/configs/kvm_guest.config
#
# merged configuration written to .config (needs make)
#
/home/nathan/cbl/src/linux-next/fs/nilfs2/ioctl.c:63:19: warning: result of comparison of constant 65536 with expression of type '__u16' (aka 'unsigned short') is always false [-Wtautological-constant-out-of-range-compare]
        if (argv->v_size > PAGE_SIZE)
            ~~~~~~~~~~~~ ^ ~~~~~~~~~
1 warning generated.
/home/nathan/cbl/src/linux-next/drivers/infiniband/core/uverbs_ioctl.c:90:39: warning: result of comparison of constant 65536 with expression of type 'u16' (aka 'unsigned short') is always false [-Wtautological-constant-out-of-range-compare]
        WARN_ON_ONCE(method_elm->bundle_size > PAGE_SIZE);
        ~~~~~~~~~~~~~~~~~~~~~~~~~~~~~~~~~~~~~^~~~~~~~~~~~
/home/nathan/cbl/src/linux-next/include/asm-generic/bug.h:111:25: note: expanded from macro 'WARN_ON_ONCE'
        int __ret_warn_on = !!(condition);                      \
                               ^~~~~~~~~
/home/nathan/cbl/src/linux-next/drivers/infiniband/core/uverbs_ioctl.c:629:17: warning: result of comparison of constant 65536 with expression of type '__u16' (aka 'unsigned short') is always false [-Wtautological-constant-out-of-range-compare]
        if (hdr.length > PAGE_SIZE ||
            ~~~~~~~~~~ ^ ~~~~~~~~~
2 warnings generated.

[01;32mQEMU location: [0m/usr/sbin[0m

[01;32mQEMU version: [0mQEMU emulator version 8.0.3[0m
[    0.014418192,5] OPAL v7.0 starting...
[    0.014987226,7] initial console log level: memory 7, driver 5
[    0.015034004,6] CPU: P9 generation processor (max 4 threads/core)
[    0.015058007,7] CPU: Boot CPU PIR is 0x0000 PVR is 0x004e1200
[    0.015197326,7] OPAL table: 0x3018a660 .. 0x3018ac20, branch table: 0x30120000
[    0.015361858,7] Assigning physical memory map table for nimbus
[    0.015702474,7] FDT: Parsing fdt @0x1000000
[    0.018002597,5] CHIP: Detected QEMU simulator
[    0.018188217,6] CHIP: Initialised chip 0 from xscom@603fc00000000
[    0.018528387,6] P9 DD2.00 detected
[    0.018545192,5] CHIP: Chip ID 0000 type: P9N DD2.00
[    0.018554138,7] XSCOM: Base address: 0x603fc00000000
[    0.018574796,7] XSTOP: ibm,sw-checkstop-fir prop not found
[    0.018650829,6] MFSI 0:0: Initialized
[    0.018661699,6] MFSI 0:2: Initialized
[    0.018670528,6] MFSI 0:1: Initialized
[    0.019233201,6] LPC: LPC[000]: Initialized
[    0.019243301,7] LPC: access via MMIO @0x6030000000000
[    0.019275244,7] LPC: Default bus on chip 0x0
[    0.019361963,7] CPU: New max PIR set to 0x3
[    0.019851973,7] MEM: parsing reserved memory from reserved-names/-ranges properties
[    0.019941502,7] HOMER: Init chip 0
[    0.019972794,7]   PBA BAR0 : 0x0000203ffd800000
[    0.019980309,7]   PBA MASK0: 0x0000000000300000
[    0.020009354,7]   HOMER Image at 0x203ffd800000 size 4MB
[    0.020051936,4] HOMER image is not reserved! Reserving
[    0.020103798,7]   PBA BAR2 : 0x0000203fff800000
[    0.020108589,7]   PBA MASK2: 0x0000000000700000
[    0.020123219,7]   OCC Common Area at 0x203fff800000 size 8MB
[    0.020153157,4] OCC common area is not reserved! Reserving
[    0.020220356,7] CPU: decrementer bits 56
[    0.020318258,6] CPU: CPU from DT PIR=0x0000 Server#=0x0 State=4
[    0.020419104,6] CPU:  1 secondary threads
[    0.021692792,5] PLAT: Using SuperIO UART
[    0.021962038,7] UART: Using LPC IRQ 4
[    0.025785192,5] PLAT: Detected QEMU POWER9 platform
[    0.025916750,5] PLAT: Detected BMC platform ast2500:openbmc
[    0.040983642,5] CPU: All 1 processors called in...
[    0.042138017,7] LPC: Routing irq 10, policy: 0 (r=1)
[    0.042210342,7] LPC: SerIRQ 10 using route 0 targetted at OPAL
[    0.063953925,5] HIOMAP: Negotiated hiomap protocol v2
[    0.064065399,5] HIOMAP: Block size is 4KiB
[    0.064157114,5] HIOMAP: BMC suggested flash timeout of 0s
[    0.064269251,5] HIOMAP: Flash size is 128MiB
[    0.064370343,5] HIOMAP: Erase granule size is 4KiB
[    0.080851761,3] FFS: Reading the flash has returned all 0xFF.
[    0.080960599,3]      Are you reading erased flash?
[    0.081052627,3]      Is something else using the flash controller?
[    0.081176423,4] FLASH: No ffs info; using raw device only
[    0.086533694,3] FFS: Reading the flash has returned all 0xFF.
[    0.086639126,3]      Are you reading erased flash?
[    0.086722567,3]      Is something else using the flash controller?
[    0.086835842,3] FLASH: Can't open ffs handle
[    0.092087378,3] FFS: Reading the flash has returned all 0xFF.
[    0.092298904,3]      Are you reading erased flash?
[    0.092460163,3]      Is something else using the flash controller?
[    0.092659556,3] FLASH: Can't open ffs handle
[    0.097897919,3] FFS: Reading the flash has returned all 0xFF.
[    0.097999037,3]      Are you reading erased flash?
[    0.098080939,3]      Is something else using the flash controller?
[    0.098187027,3] FLASH: Can't open ffs handle
[    0.103453450,3] FFS: Reading the flash has returned all 0xFF.
[    0.103647657,3]      Are you reading erased flash?
[    0.103809984,3]      Is something else using the flash controller?
[    0.103986001,3] FLASH: Can't open ffs handle
[    0.109228934,3] FFS: Reading the flash has returned all 0xFF.
[    0.109329031,3]      Are you reading erased flash?
[    0.109412939,3]      Is something else using the flash controller?
[    0.109521336,3] FLASH: Can't open ffs handle
[    0.114758903,3] FFS: Reading the flash has returned all 0xFF.
[    0.114861775,3]      Are you reading erased flash?
[    0.114944278,3]      Is something else using the flash controller?
[    0.115050345,3] FLASH: Can't open ffs handle
[    0.126380037,2] NVRAM: Failed to load
[    0.126577979,2] NVRAM: Failed to load
[    0.126745917,5] STB: secure boot not supported
[    0.126849585,5] STB: trusted boot not supported
[    0.127148280,4] FLASH: Can't load resource id:4. No system flash found
[    0.127431895,4] FLASH: Can't load resource id:3. No system flash found
[    0.127608487,2] NVRAM: Failed to load
[    0.127786069,7] LPC: Routing irq 4, policy: 0 (r=1)
[    0.127801710,7] LPC: SerIRQ 4 using route 1 targetted at OPAL
[    0.128235913,3] SLW: Failed to set HRMOR for CPU 0,RC=0x1
[    0.128485276,5] Unable to log error
[    0.128588045,3] Disabling deep stop states
[    0.128803742,2] NVRAM: Failed to load
[    0.129144732,3] OCC: Chip: 0: OCC not active
[    0.129232220,3] OCC: Initialization on all chips did not complete(timed out)
[    0.129366297,5] Unable to log error
[    0.129465511,2] NVRAM: Failed to load
[    0.129554841,2] NVRAM: Failed to load
[    0.129636086,2] NVRAM: Failed to load
[    0.129903198,4] FLASH: Can't load resource id:2. No system flash found
[    0.130214995,4] FLASH: Can't load resource id:0. No system flash found
[    0.130351360,4] FLASH: Can't load resource id:1. No system flash found
[    0.130561526,3] IMC: IMC Catalog load failed
[    0.130871943,2] NVRAM: Failed to load
[    0.130950197,2] NVRAM: Failed to load
[    0.131028462,2] NVRAM: Failed to load
[    0.131396271,5] PCI: Resetting PHBs and training links...
[    0.131548091,5] PCI: Probing slots...
[    0.131636364,5] PCI Summary:
[    0.131762095,4] FLASH: Failed to load VERSION data
[    0.350654722,2] NVRAM: Failed to load
[    0.351210367,5] INIT: Waiting for kernel...
[    0.351296640,5] INIT: platform wait for kernel load failed
[    0.351421503,5] INIT: Assuming kernel at 0x20000000
[    0.351560340,5] INIT: 64-bit LE kernel discovered
[    0.351879001,3] OCC: Chip 0 sensor data invalid
[    0.352180964,2] NVRAM: Failed to load
[    0.358727857,5] INIT: Starting kernel at 0x20010000, fdt at 0x30758170 15742 bytes


zImage starting: loaded at 0x0000000020010000 (sp: 0x0000000020a07da0)

Allocating 0x2b571d8 bytes for kernel...

Decompressing (0x0000000000000000 <- 0x0000000020022000:0x0000000020a06399)...

Done! Decompressed 0x29b0000 bytes


Linux/PowerPC load: 

Finalizing device tree... flat tree at 0x20a08ca0

[    0.000000][    T0] OF: reserved mem: 0x0000000030000000..0x00000000305fffff (6144 KiB) map non-reusable ibm,firmware-code@30000000
[    0.000000][    T0] OF: reserved mem: 0x0000000030600000..0x0000000030ffffff (10240 KiB) map non-reusable ibm,firmware-heap@30600000
[    0.000000][    T0] OF: reserved mem: 0x0000000031000000..0x0000000031c0ffff (12352 KiB) map non-reusable ibm,firmware-data@31000000
[    0.000000][    T0] OF: reserved mem: 0x0000000031c10000..0x0000000031c2ffff (128 KiB) map non-reusable ibm,firmware-stacks@31c10000
[    0.000000][    T0] OF: reserved mem: 0x0000000031c30000..0x000000003290ffff (13184 KiB) map non-reusable ibm,firmware-allocs-memory@31c30000
[    0.000000][    T0] OF: reserved mem: 0x0000203ffd800000..0x0000203ffdbfffff (4096 KiB) map non-reusable ibm,homer-image@203ffd800000
[    0.000000][    T0] OF: reserved mem: 0x0000203fff800000..0x0000203fffffffff (8192 KiB) map non-reusable ibm,occ-common-area@203fff800000
[    0.000000][    T0] dt-cpu-ftrs: setup for ISA 3000
[    0.000000][    T0] dt-cpu-ftrs: final cpu/mmu features = 0x0003c06b8f5fb187 0x3c007041
[    0.000000][    T0] Activating Kernel Userspace Access Prevention
[    0.000000][    T0] Activating Kernel Userspace Execution Prevention
[    0.000000][    T0] radix-mmu: Mapped 0x0000000000000000-0x0000000002660000 with 64.0 KiB pages (exec)
[    0.000000][    T0] radix-mmu: Mapped 0x0000000002660000-0x0000000080000000 with 64.0 KiB pages
[    0.000000][    T0] radix-mmu: Initializing Radix MMU
[    0.000000][    T0] Linux version 6.5.0-rc5-next-20230809-cbl-00030-g8150cbc757fd (nathan@dev-arch.m3-large-x86-01) (ClangBuiltLinux clang version 11.1.0 (https://github.com/llvm/llvm-project 1fdec59bffc11ae37eb51a1b9869f0696bfd5312), ClangBuiltLinux LLD 11.1.0 (https://github.com/llvm/llvm-project 1fdec59bffc11ae37eb51a1b9869f0696bfd5312)) #1 SMP Sat Aug 12 18:30:15 UTC 2023
[    0.000000][    T0] Found initrd at 0xc000000028000000:0xc000000028878600
[    0.000000][    T0] Hardware name: IBM PowerNV (emulated by qemu) POWER9 0x4e1200 opal:v7.0 PowerNV
[    0.000000][    T0] printk: bootconsole [udbg0] enabled
[    0.000000][    T0] CPU maps initialized for 1 thread per core
[    0.000000][    T0] -----------------------------------------------------
[    0.000000][    T0] phys_mem_size     = 0x80000000
[    0.000000][    T0] dcache_bsize      = 0x80
[    0.000000][    T0] icache_bsize      = 0x80
[    0.000000][    T0] cpu_features      = 0x0003c06b8f4fb187
[    0.000000][    T0]   possible        = 0x001ffbfbcf5fb187
[    0.000000][    T0]   always          = 0x0000000380008181
[    0.000000][    T0] cpu_user_features = 0xdc0065c2 0xaef00000
[    0.000000][    T0] mmu_features      = 0x3c007641
[    0.000000][    T0] firmware_features = 0x0000000110000000
[    0.000000][    T0] vmalloc start     = 0xc008000000000000
[    0.000000][    T0] IO start          = 0xc00a000000000000
[    0.000000][    T0] vmemmap start     = 0xc00c000000000000
[    0.000000][    T0] -----------------------------------------------------
[    0.000000][    T0] numa:   NODE_DATA [mem 0x7bf84880-0x7bf8bfff]
[    0.000000][    T0] kvm_cma_reserve: reserving 102 MiB for global area
[    0.000000][    T0] cma: Reserved 112 MiB at 0x0000000073000000 on node -1
[    0.000000][    T0] rfi-flush: fallback displacement flush available
[    0.000000][    T0] count-cache-flush: flush disabled.
[    0.000000][    T0] link-stack-flush: flush disabled.
[    0.000000][    T0] stf-barrier: eieio barrier available
[    0.000000][    T0] barrier-nospec: using ORI speculation barrier
[    0.000000][    T0] Zone ranges:
[    0.000000][    T0]   Normal   [mem 0x0000000000000000-0x000000007fffffff]
[    0.000000][    T0]   Device   empty
[    0.000000][    T0] Movable zone start for each node
[    0.000000][    T0] Early memory node ranges
[    0.000000][    T0]   node   0: [mem 0x0000000000000000-0x000000007fffffff]
[    0.000000][    T0] Initmem setup node 0 [mem 0x0000000000000000-0x000000007fffffff]
[    0.000000][    T0] percpu: Embedded 10 pages/cpu s599464 r0 d55896 u655360
[    0.000000][    T0] Kernel command line: 
[    0.000000][    T0] random: crng init done
[    0.000000][    T0] Dentry cache hash table entries: 262144 (order: 5, 2097152 bytes, linear)
[    0.000000][    T0] Inode-cache hash table entries: 131072 (order: 4, 1048576 bytes, linear)
[    0.000000][    T0] Fallback order for Node 0: 0 
[    0.000000][    T0] Built 1 zonelists, mobility grouping on.  Total pages: 32736
[    0.000000][    T0] Policy zone: Normal
[    0.000000][    T0] mem auto-init: stack:all(zero), heap alloc:off, heap free:off
[    0.000000][    T0] Memory: 1798208K/2097152K available (18496K kernel code, 3392K rwdata, 14272K rodata, 6528K init, 1692K bss, 184256K reserved, 114688K cma-reserved)
[    0.000000][    T0] SLUB: HWalign=128, Order=0-3, MinObjects=0, CPUs=1, Nodes=1
[    0.000000][    T0] ftrace: allocating 42707 entries in 16 pages
[    0.000000][    T0] ftrace: allocated 16 pages with 1 groups
[    0.000000][    T0] trace event string verifier disabled
[    0.000000][    T0] rcu: Hierarchical RCU implementation.
[    0.000000][    T0] rcu: 	RCU event tracing is enabled.
[    0.000000][    T0] rcu: 	RCU restricting CPUs from NR_CPUS=2048 to nr_cpu_ids=1.
[    0.000000][    T0] 	Rude variant of Tasks RCU enabled.
[    0.000000][    T0] 	Tracing variant of Tasks RCU enabled.
[    0.000000][    T0] rcu: RCU calculated value of scheduler-enlistment delay is 10 jiffies.
[    0.000000][    T0] rcu: Adjusting geometry for rcu_fanout_leaf=16, nr_cpu_ids=1
[    0.000000][    T0] NR_IRQS: 512, nr_irqs: 512, preallocated irqs: 16
[    0.000000][    T0] xive: Interrupt handling initialized with native backend
[    0.000000][    T0] xive: Using priority 7 for all interrupts
[    0.000000][    T0] xive: Using 64kB queues
[    0.000000][    T0] rcu: srcu_init: Setting srcu_struct sizes based on contention.
[    0.000066][    T0] time_init: 56 bit decrementer (max: 7fffffffffffff)
[    0.001475][    T0] clocksource: timebase: mask: 0xffffffffffffffff max_cycles: 0x761537d007, max_idle_ns: 440795202126 ns
[    0.003051][    T0] clocksource: timebase mult[1f40000] shift[24] registered
[    0.010986][    T0] Console: colour dummy device 80x25
[    0.012324][    T0] printk: console [hvc0] enabled
[    0.012324][    T0] printk: console [hvc0] enabled
[    0.013470][    T0] printk: bootconsole [udbg0] disabled
[    0.013470][    T0] printk: bootconsole [udbg0] disabled
[    0.021682][    T0] pid_max: default: 32768 minimum: 301
[    0.024882][    T0] LSM: initializing lsm=lockdown,capability,landlock,yama,selinux,bpf,integrity
[    0.026780][    T0] landlock: Up and running.
[    0.027007][    T0] Yama: becoming mindful.
[    0.027513][    T0] SELinux:  Initializing.
[    0.035396][    T0] LSM support for eBPF active
[    0.036189][    T0] stackdepot: allocating hash table of 131072 entries via kvcalloc
[    0.038432][    T0] Mount-cache hash table entries: 8192 (order: 0, 65536 bytes, linear)
[    0.038824][    T0] Mountpoint-cache hash table entries: 8192 (order: 0, 65536 bytes, linear)
[    0.087529][    T1] RCU Tasks Rude: Setting shift to 0 and lim to 1 rcu_task_cb_adjust=1.
[    0.088212][    T1] RCU Tasks Trace: Setting shift to 0 and lim to 1 rcu_task_cb_adjust=1.
[    0.089613][    T1] POWER9 performance monitor hardware support registered
[    0.091154][    T1] rcu: Hierarchical SRCU implementation.
[    0.091423][    T1] rcu: 	Max phase no-delay instances is 1000.
[    0.109918][    T1] smp: Bringing up secondary CPUs ...
[    0.111072][    T1] smp: Brought up 1 node, 1 CPU
[    0.111444][    T1] numa: Node 0 CPUs: 0
[    0.128202][    T1] devtmpfs: initialized
[    0.143440][    T1] clocksource: jiffies: mask: 0xffffffff max_cycles: 0xffffffff, max_idle_ns: 19112604462750000 ns
[    0.144075][    T1] futex hash table entries: 256 (order: -1, 32768 bytes, linear)
[    0.158001][    T1] NET: Registered PF_NETLINK/PF_ROUTE protocol family
[    0.162687][    T1] audit: initializing netlink subsys (disabled)
[    0.170316][   T21] audit: type=2000 audit(1691865028.140:1): state=initialized audit_enabled=0 res=1
[    0.171154][    T1] cpuidle: using governor menu
[    0.172578][    T1] Failed to initialize. Disabling HugeTLB
[    0.173116][    T1] nvram: No room to create lnx,oops-log partition, deleting any obsolete OS partitions...
[    0.173850][    T1] nvram: Failed to find or create lnx,oops-log partition, err -28
[    0.174220][    T1] nvram: Failed to initialize oops partition!
[    0.181810][    T1] EEH: PowerNV platform initialized
[    0.202678][    T1] cpuidle-powernv: Default stop: psscr = 0x0000000000000330,mask=0x00000000003003ff
[    0.203368][    T1] cpuidle-powernv: Deepest stop: psscr = 0x0000000000300331,mask=0x00000000003003ff
[    0.203774][    T1] cpuidle-powernv: First stop level that may lose SPRs = 0x10
[    0.204090][    T1] cpuidle-powernv: First stop level that may lose timebase = 0x10
[    0.207517][    T1] kprobes: kprobe jump-optimization is enabled. All kprobes are optimized if possible.
[    0.861309][    T1] iommu: Default domain type: Translated
[    0.861649][    T1] iommu: DMA domain TLB invalidation policy: strict mode
[    0.864547][    T1] SCSI subsystem initialized
[    0.866600][    T1] usbcore: registered new interface driver usbfs
[    0.867199][    T1] usbcore: registered new interface driver hub
[    0.867612][    T1] usbcore: registered new device driver usb
[    0.868318][    T1] pps_core: LinuxPPS API ver. 1 registered
[    0.868661][    T1] pps_core: Software ver. 5.3.6 - Copyright 2005-2007 Rodolfo Giometti <giometti@linux.it>
[    0.869256][    T1] PTP clock support registered
[    0.870063][    T1] EDAC MC: Ver: 3.0.0
[    0.881685][    T1] PCI: Probing PCI hardware
[    0.922417][    T1] vgaarb: loaded
[    0.924458][    T1] clocksource: Switched to clocksource timebase
[    0.933494][    T1] hugetlbfs: disabling because there are no supported hugepage sizes
[    0.961665][    T1] NET: Registered PF_INET protocol family
[    0.963623][    T1] IP idents hash table entries: 32768 (order: 2, 262144 bytes, linear)
[    0.980915][    T1] tcp_listen_portaddr_hash hash table entries: 4096 (order: 0, 65536 bytes, linear)
[    0.981499][    T1] Table-perturb hash table entries: 65536 (order: 2, 262144 bytes, linear)
[    0.982222][    T1] TCP established hash table entries: 16384 (order: 1, 131072 bytes, linear)
[    0.982954][    T1] TCP bind hash table entries: 16384 (order: 3, 524288 bytes, linear)
[    0.983725][    T1] TCP: Hash tables configured (established 16384 bind 16384)
[    0.995130][    T1] UDP hash table entries: 2048 (order: 0, 65536 bytes, linear)
[    0.995789][    T1] UDP-Lite hash table entries: 2048 (order: 0, 65536 bytes, linear)
[    0.997553][    T1] NET: Registered PF_UNIX/PF_LOCAL protocol family
[    1.000984][    T1] RPC: Registered named UNIX socket transport module.
[    1.001342][    T1] RPC: Registered udp transport module.
[    1.001592][    T1] RPC: Registered tcp transport module.
[    1.001834][    T1] RPC: Registered tcp-with-tls transport module.
[    1.002101][    T1] RPC: Registered tcp NFSv4.1 backchannel transport module.
[    1.002548][    T1] PCI: CLS 0 bytes, default 128
[    1.008384][   T11] Trying to unpack rootfs image as initramfs...
[    1.040262][    T1] Initialise system trusted keyrings
[    1.041763][    T1] Key type blacklist registered
[    1.056083][    T1] workingset: timestamp_bits=38 max_order=15 bucket_order=0
[    1.056766][    T1] zbud: loaded
[    1.068190][    T1] NFS: Registering the id_resolver key type
[    1.068733][    T1] Key type id_resolver registered
[    1.068971][    T1] Key type id_legacy registered
[    1.070126][    T1] SGI XFS with ACLs, security attributes, no debug enabled
[    1.085953][    T1] 9p: Installing v9fs 9p2000 file system support
[    1.091831][    T1] integrity: Platform Keyring initialized
[    1.092152][    T1] Key type asymmetric registered
[    1.092473][    T1] Asymmetric key parser 'x509' registered
[    1.093086][    T1] Block layer SCSI generic (bsg) driver version 0.4 loaded (major 247)
[    1.093554][    T1] io scheduler mq-deadline registered
[    1.093870][    T1] io scheduler kyber registered
[    1.132422][   T11] Freeing initrd memory: 8640K
[    1.197479][    T1] hvc0: raw protocol on /ibm,opal/consoles/serial@0 (boot console)
[    1.198023][    T1] hvc0: No interrupts property, using OPAL event
[    1.201314][    T1] Serial: 8250/16550 driver, 4 ports, IRQ sharing disabled
[    1.233228][    T1] brd: module loaded
[    1.244550][    T1] loop: module loaded
[    1.245347][    T1] ipr: IBM Power RAID SCSI Device Driver version: 2.6.4 (March 14, 2017)
[    1.249963][    T1] e100: Intel(R) PRO/100 Network Driver
[    1.250210][    T1] e100: Copyright(c) 1999-2006 Intel Corporation
[    1.250552][    T1] e1000: Intel(R) PRO/1000 Network Driver
[    1.250801][    T1] e1000: Copyright (c) 1999-2006 Intel Corporation.
[    1.251159][    T1] e1000e: Intel(R) PRO/1000 Network Driver
[    1.251415][    T1] e1000e: Copyright(c) 1999 - 2015 Intel Corporation.
[    1.495328][    T1] rtc-opal opal-rtc: registered as rtc0
[    1.704596][    T1] rtc-opal opal-rtc: setting system clock to 2023-08-12T18:30:30 UTC (1691865030)
[    1.705471][    T1] i2c_dev: i2c /dev entries driver
[    1.708177][    T1] device-mapper: core: CONFIG_IMA_DISABLE_HTABLE is disabled. Duplicate IMA measurements will not be recorded in the IMA log.
[    1.708822][    T1] device-mapper: uevent: version 1.0.3
[    1.710051][    T1] device-mapper: ioctl: 4.48.0-ioctl (2023-03-01) initialised: dm-devel@redhat.com
[    1.710570][    T1] powernv-cpufreq: ibm,pstate-min node not found
[    1.710857][    T1] powernv-cpufreq: Platform driver disabled. System does not support PState control
[    1.714285][    T1] usbcore: registered new interface driver usbhid
[    1.714581][    T1] usbhid: USB HID core driver
[    1.715436][    T1] ipip: IPv4 and MPLS over IPv4 tunneling driver
[    1.719160][    T1] NET: Registered PF_INET6 protocol family
[    1.727250][    T1] Segment Routing with IPv6
[    1.727667][    T1] In-situ OAM (IOAM) with IPv6
[    1.728415][    T1] sit: IPv6, IPv4 and MPLS over IPv4 tunneling driver
[    1.730711][    T1] NET: Registered PF_PACKET protocol family
[    1.732454][    T1] 9pnet: Installing 9P2000 support
[    1.732952][    T1] Key type dns_resolver registered
[    1.733717][    T1] secvar-sysfs: Failed to retrieve secvar operations
[    1.734122][    T1] drmem: No dynamic reconfiguration memory found
[    1.735725][    T1] Running code patching self-tests ...
[    1.758835][    T1] registered taskstats version 1
[    1.760421][    T1] Loading compiled-in X.509 certificates
[    1.771470][   T49] cryptomgr_probe (49) used greatest stack depth: 15232 bytes left
[    1.781883][    T1] Loaded X.509 cert 'Build time autogenerated kernel key: 44268dc6affab4769b97ae8ad71d31cb23fecd01'
[    1.804617][    T1] page_owner is disabled
[    1.806659][    T1] Secure boot mode disabled
[    1.807440][    T1] ima: No TPM chip found, activating TPM-bypass!
[    1.807770][    T1] Loading compiled-in module X.509 certificates
[    1.810273][    T1] Loaded X.509 cert 'Build time autogenerated kernel key: 44268dc6affab4769b97ae8ad71d31cb23fecd01'
[    1.810793][    T1] ima: Allocated hash algorithm: sha256
[    1.814933][    T1] Secure boot mode disabled
[    1.815304][    T1] Trusted boot mode disabled
[    1.815554][    T1] ima: No architecture policies found
[    1.817416][    T1] printk: console [netcon0] enabled
[    1.817729][    T1] netconsole: network logging started
[    1.922078][    T1] Freeing unused kernel image (initmem) memory: 6528K
[    1.930966][    T1] Checked W+X mappings: passed, no W+X pages found
[    1.932021][    T1] rodata_test: all tests were successful
[    1.932424][    T1] Run /init as init process
[    2.175343][   T51] mount (51) used greatest stack depth: 11584 bytes left
Starting syslogd: OK
Starting klogd: OK
Running sysctl: OK
Saving 256 bits of creditable seed for next boot
Starting network: [    3.928931][   T87] ip (87) used greatest stack depth: 10544 bytes left
OK
Linux version 6.5.0-rc5-next-20230809-cbl-00030-g8150cbc757fd (nathan@dev-arch.m3-large-x86-01) (ClangBuiltLinux clang version 11.1.0 (https://github.com/llvm/llvm-project 1fdec59bffc11ae37eb51a1b9869f0696bfd5312), ClangBuiltLinux LLD 11.1.0 (https://github.com/llvm/llvm-project 1fdec59bffc11ae37eb51a1b9869f0696bfd5312)) #1 SMP Sat Aug 12 18:30:15 UTC 2023
Stopping network: OK
Seeding 256 bits and crediting
Saving 256 bits of creditable seed for next boot
Stopping klogd: OK
Stopping syslogd: OK
umount: devtmpfs busy - remounted read-only
umount: can't unmount /: Invalid argument

The system is going down NOW!

Sent SIGTERM to all processes

Sent SIGKILL to all processes

Requesting system poweroff
[    7.238911][  T114] reboot: Power down
[   10.029591198,5] OPAL: Shutdown request type 0x0...
$ timeout --foreground 3m stdbuf -eL -oL /usr/sbin/qemu-system-ppc64 -display none -nodefaults -device ipmi-bmc-sim,id=bmc0 -device isa-ipmi-bt,bmc=bmc0,irq=10 -machine powernv -kernel /home/nathan/tmp/build/cbl_lkt/linux-next/powerpc/arch/powerpc/boot/zImage.epapr -initrd /home/nathan/cbl/llvm-kernel-testing/src/boot-utils/images/ppc64le/rootfs.cpio -m 2G -serial mon:stdio
