/home/nathan/cbl/src/linux-next/net/ipv4/tcp_output.c:186:3: warning: result of comparison of constant -1 with expression of type 'u8' (aka 'unsigned char') is always false [-Wtautological-constant-out-of-range-compare]
                NET_ADD_STATS(sock_net(sk), LINUX_MIB_TCPACKCOMPRESSED,
                ^~~~~~~~~~~~~~~~~~~~~~~~~~~~~~~~~~~~~~~~~~~~~~~~~~~~~~~
/home/nathan/cbl/src/linux-next/include/net/ip.h:301:41: note: expanded from macro 'NET_ADD_STATS'
#define NET_ADD_STATS(net, field, adnd) SNMP_ADD_STATS((net)->mib.net_statistics, field, adnd)
                                        ^~~~~~~~~~~~~~~~~~~~~~~~~~~~~~~~~~~~~~~~~~~~~~~~~~~~~~
/home/nathan/cbl/src/linux-next/include/net/snmp.h:143:4: note: expanded from macro 'SNMP_ADD_STATS'
                        this_cpu_add(mib->mibs[field], addend)
                        ^~~~~~~~~~~~~~~~~~~~~~~~~~~~~~~~~~~~~~
/home/nathan/cbl/src/linux-next/include/linux/percpu-defs.h:491:33: note: expanded from macro 'this_cpu_add'
#define this_cpu_add(pcp, val)          __pcpu_size_call(this_cpu_add_, pcp, val)
                                        ^~~~~~~~~~~~~~~~~~~~~~~~~~~~~~~~~~~~~~~~~
note: (skipping 1 expansions in backtrace; use -fmacro-backtrace-limit=0 to see all)
<scratch space>:149:1: note: expanded from here
this_cpu_add_8
^
/home/nathan/cbl/src/linux-next/arch/x86/include/asm/percpu.h:370:35: note: expanded from macro 'this_cpu_add_8'
#define this_cpu_add_8(pcp, val)                percpu_add_op(8, volatile, (pcp), val)
                                                ^~~~~~~~~~~~~~~~~~~~~~~~~~~~~~~~~~~~~~
/home/nathan/cbl/src/linux-next/arch/x86/include/asm/percpu.h:127:31: note: expanded from macro 'percpu_add_op'
                              ((val) == 1 || (val) == -1)) ?            \
                                             ~~~~~ ^  ~~
1 warning generated.
/home/nathan/cbl/src/linux-next/drivers/block/rbd.c:6149:17: warning: result of comparison of constant 2305843009213693948 with expression of type 'u32' (aka 'unsigned int') is always false [-Wtautological-constant-out-of-range-compare]
        if (snap_count > (SIZE_MAX - sizeof (struct ceph_snap_context))
            ~~~~~~~~~~ ^ ~~~~~~~~~~~~~~~~~~~~~~~~~~~~~~~~~~~~~~~~~~~~~~
1 warning generated.
/home/nathan/cbl/src/linux-next/drivers/md/dm-integrity.c:4159:12: warning: result of comparison of constant 14316557650 with expression of type 'unsigned int' is always false [-Wtautological-constant-out-of-range-compare]
                        if (val >= (uint64_t)UINT_MAX * 1000 / HZ) {
                            ~~~ ^  ~~~~~~~~~~~~~~~~~~~~~~~~~~~~~~
1 warning generated.
/home/nathan/cbl/src/linux-next/net/ceph/osdmap.c:1441:10: warning: result of comparison of constant 4611686018427387891 with expression of type 'u32' (aka 'unsigned int') is always false [-Wtautological-constant-out-of-range-compare]
        if (len > (SIZE_MAX - sizeof(*pg)) / sizeof(u32))
            ~~~ ^ ~~~~~~~~~~~~~~~~~~~~~~~~~~~~~~~~~~~~~~
/home/nathan/cbl/src/linux-next/net/ceph/osdmap.c:1624:10: warning: result of comparison of constant 2305843009213693945 with expression of type 'u32' (aka 'unsigned int') is always false [-Wtautological-constant-out-of-range-compare]
        if (len > (SIZE_MAX - sizeof(*pg)) / (2 * sizeof(u32)))
            ~~~ ^ ~~~~~~~~~~~~~~~~~~~~~~~~~~~~~~~~~~~~~~~~~~~~
2 warnings generated.
/home/nathan/cbl/src/linux-next/fs/ceph/snap.c:372:10: warning: result of comparison of constant 2305843009213693948 with expression of type 'u32' (aka 'unsigned int') is always false [-Wtautological-constant-out-of-range-compare]
        if (num > (SIZE_MAX - sizeof(*snapc)) / sizeof(u64))
            ~~~ ^ ~~~~~~~~~~~~~~~~~~~~~~~~~~~~~~~~~~~~~~~~~
1 warning generated.

[01;32mQEMU location: [0m/usr/sbin[0m

[01;32mQEMU version: [0mQEMU emulator version 8.0.3[0m
[    0.000000][    T0] Linux version 6.5.0-rc5-next-20230809-default-cbl (nathan@dev-arch.m3-large-x86-01) (ClangBuiltLinux clang version 11.1.0 (https://github.com/llvm/llvm-project 1fdec59bffc11ae37eb51a1b9869f0696bfd5312), ClangBuiltLinux LLD 11.1.0 (https://github.com/llvm/llvm-project 1fdec59bffc11ae37eb51a1b9869f0696bfd5312)) #1 SMP PREEMPT_DYNAMIC Sat Aug 12 20:04:47 UTC 2023
[    0.000000][    T0] Command line: console=ttyS0 earlycon=uart8250,io,0x3f8
[    0.000000][    T0] BIOS-provided physical RAM map:
[    0.000000][    T0] BIOS-e820: [mem 0x0000000000000000-0x000000000009fbff] usable
[    0.000000][    T0] BIOS-e820: [mem 0x000000000009fc00-0x000000000009ffff] reserved
[    0.000000][    T0] BIOS-e820: [mem 0x00000000000f0000-0x00000000000fffff] reserved
[    0.000000][    T0] BIOS-e820: [mem 0x0000000000100000-0x000000001ffdffff] usable
[    0.000000][    T0] BIOS-e820: [mem 0x000000001ffe0000-0x000000001fffffff] reserved
[    0.000000][    T0] BIOS-e820: [mem 0x00000000feffc000-0x00000000feffffff] reserved
[    0.000000][    T0] BIOS-e820: [mem 0x00000000fffc0000-0x00000000ffffffff] reserved
[    0.000000][    T0] BIOS-e820: [mem 0x000000fd00000000-0x000000ffffffffff] reserved
[    0.000000][    T0] earlycon: uart8250 at I/O port 0x3f8 (options '')
[    0.000000][    T0] printk: bootconsole [uart8250] enabled
[    0.000000][    T0] NX (Execute Disable) protection: active
[    0.000000][    T0] SMBIOS 2.8 present.
[    0.000000][    T0] DMI: QEMU Standard PC (i440FX + PIIX, 1996), BIOS Arch Linux 1.16.2-1-1 04/01/2014
[    0.000000][    T0] Hypervisor detected: KVM
[    0.000000][    T0] kvm-clock: Using msrs 4b564d01 and 4b564d00
[    0.000000][    T0] kvm-clock: using sched offset of 244620679 cycles
[    0.000566][    T0] clocksource: kvm-clock: mask: 0xffffffffffffffff max_cycles: 0x1cd42e4dffb, max_idle_ns: 881590591483 ns
[    0.002245][    T0] tsc: Detected 2495.312 MHz processor
[    0.002875][    T0] last_pfn = 0x1ffe0 max_arch_pfn = 0x400000000
[    0.003494][    T0] MTRR map: 4 entries (3 fixed + 1 variable; max 19), built from 8 variable MTRRs
[    0.004345][    T0] x86/PAT: Configuration [0-7]: WB  WC  UC- UC  WB  WP  UC- WT  
[    0.007650][    T0] found SMP MP-table at [mem 0x000f6e60-0x000f6e6f]
[    0.008294][    T0] Using GB pages for direct mapping
[    0.008873][    T0] RAMDISK: [mem 0x1fad3000-0x1ffdffff]
[    0.009429][    T0] ACPI: Early table checksum verification disabled
[    0.010052][    T0] ACPI: RSDP 0x00000000000F6C90 000014 (v00 BOCHS )
[    0.010674][    T0] ACPI: RSDT 0x000000001FFE31D1 000034 (v01 BOCHS  BXPC     00000001 BXPC 00000001)
[    0.011553][    T0] ACPI: FACP 0x000000001FFE2E8D 000074 (v01 BOCHS  BXPC     00000001 BXPC 00000001)
[    0.012439][    T0] ACPI: DSDT 0x000000001FFE0040 002E4D (v01 BOCHS  BXPC     00000001 BXPC 00000001)
[    0.013326][    T0] ACPI: FACS 0x000000001FFE0000 000040
[    0.013838][    T0] ACPI: APIC 0x000000001FFE2F01 000270 (v01 BOCHS  BXPC     00000001 BXPC 00000001)
[    0.014729][    T0] ACPI: HPET 0x000000001FFE3171 000038 (v01 BOCHS  BXPC     00000001 BXPC 00000001)
[    0.015616][    T0] ACPI: WAET 0x000000001FFE31A9 000028 (v01 BOCHS  BXPC     00000001 BXPC 00000001)
[    0.016489][    T0] ACPI: Reserving FACP table memory at [mem 0x1ffe2e8d-0x1ffe2f00]
[    0.017238][    T0] ACPI: Reserving DSDT table memory at [mem 0x1ffe0040-0x1ffe2e8c]
[    0.017984][    T0] ACPI: Reserving FACS table memory at [mem 0x1ffe0000-0x1ffe003f]
[    0.018731][    T0] ACPI: Reserving APIC table memory at [mem 0x1ffe2f01-0x1ffe3170]
[    0.019468][    T0] ACPI: Reserving HPET table memory at [mem 0x1ffe3171-0x1ffe31a8]
[    0.020209][    T0] ACPI: Reserving WAET table memory at [mem 0x1ffe31a9-0x1ffe31d0]
[    0.021198][    T0] No NUMA configuration found
[    0.021670][    T0] Faking a node at [mem 0x0000000000000000-0x000000001ffdffff]
[    0.022382][    T0] NODE_DATA(0) allocated [mem 0x1faa8000-0x1fad2fff]
[    0.023173][    T0] Zone ranges:
[    0.023483][    T0]   DMA      [mem 0x0000000000001000-0x0000000000ffffff]
[    0.024133][    T0]   DMA32    [mem 0x0000000001000000-0x000000001ffdffff]
[    0.024790][    T0]   Normal   empty
[    0.025126][    T0]   Device   empty
[    0.025463][    T0] Movable zone start for each node
[    0.025935][    T0] Early memory node ranges
[    0.026337][    T0]   node   0: [mem 0x0000000000001000-0x000000000009efff]
[    0.027007][    T0]   node   0: [mem 0x0000000000100000-0x000000001ffdffff]
[    0.027671][    T0] Initmem setup node 0 [mem 0x0000000000001000-0x000000001ffdffff]
[    0.028592][    T0] On node 0, zone DMA: 1 pages in unavailable ranges
[    0.028625][    T0] On node 0, zone DMA: 97 pages in unavailable ranges
[    0.030077][    T0] On node 0, zone DMA32: 32 pages in unavailable ranges
[    0.030933][    T0] ACPI: PM-Timer IO Port: 0x608
[    0.032035][    T0] ACPI: LAPIC_NMI (acpi_id[0xff] dfl dfl lint[0x1])
[    0.032687][    T0] IOAPIC[0]: apic_id 0, version 17, address 0xfec00000, GSI 0-23
[    0.033422][    T0] ACPI: INT_SRC_OVR (bus 0 bus_irq 0 global_irq 2 dfl dfl)
[    0.034105][    T0] ACPI: INT_SRC_OVR (bus 0 bus_irq 5 global_irq 5 high level)
[    0.034814][    T0] ACPI: INT_SRC_OVR (bus 0 bus_irq 9 global_irq 9 high level)
[    0.035516][    T0] ACPI: INT_SRC_OVR (bus 0 bus_irq 10 global_irq 10 high level)
[    0.036270][    T0] ACPI: INT_SRC_OVR (bus 0 bus_irq 11 global_irq 11 high level)
[    0.036993][    T0] ACPI: Using ACPI (MADT) for SMP configuration information
[    0.037731][    T0] ACPI: HPET id: 0x8086a201 base: 0xfed00000
[    0.038288][    T0] TSC deadline timer available
[    0.038786][    T0] smpboot: Allowing 64 CPUs, 0 hotplug CPUs
[    0.039349][    T0] kvm-guest: KVM setup pv remote TLB flush
[    0.039894][    T0] kvm-guest: setup PV sched yield
[    0.040363][    T0] PM: hibernation: Registered nosave memory: [mem 0x00000000-0x00000fff]
[    0.041158][    T0] PM: hibernation: Registered nosave memory: [mem 0x0009f000-0x0009ffff]
[    0.041958][    T0] PM: hibernation: Registered nosave memory: [mem 0x000a0000-0x000effff]
[    0.042753][    T0] PM: hibernation: Registered nosave memory: [mem 0x000f0000-0x000fffff]
[    0.043550][    T0] [mem 0x20000000-0xfeffbfff] available for PCI devices
[    0.044201][    T0] Booting paravirtualized kernel on KVM
[    0.044728][    T0] clocksource: refined-jiffies: mask: 0xffffffff max_cycles: 0xffffffff, max_idle_ns: 6370452778343963 ns
[    0.051297][    T0] setup_percpu: NR_CPUS:8192 nr_cpumask_bits:64 nr_cpu_ids:64 nr_node_ids:1
[    0.054924][    T0] percpu: Embedded 63 pages/cpu s221184 r8192 d28672 u262144
[    0.055794][    T0] kvm-guest: PV spinlocks enabled
[    0.056276][    T0] PV qspinlock hash table entries: 256 (order: 0, 4096 bytes, linear)
[    0.057066][    T0] Kernel command line: console=ttyS0 earlycon=uart8250,io,0x3f8
[    0.057860][    T0] random: crng init done
[    0.058259][    T0] printk: log_buf_len individual max cpu contribution: 32768 bytes
[    0.059061][    T0] printk: log_buf_len total cpu_extra contributions: 2064384 bytes
[    0.059821][    T0] printk: log_buf_len min size: 262144 bytes
[    0.063369][    T0] printk: log_buf_len: 4194304 bytes
[    0.063956][    T0] printk: early log buf free: 255616(97%)
[    0.064551][    T0] Dentry cache hash table entries: 65536 (order: 7, 524288 bytes, linear)
[    0.065612][    T0] Inode-cache hash table entries: 32768 (order: 6, 262144 bytes, linear)
[    0.066857][    T0] Fallback order for Node 0: 0 
[    0.066870][    T0] Built 1 zonelists, mobility grouping on.  Total pages: 128736
[    0.068071][    T0] Policy zone: DMA32
[    0.068437][    T0] mem auto-init: stack:off, heap alloc:off, heap free:off
[    0.070065][    T0] Memory: 215804K/523768K available (16384K kernel code, 2913K rwdata, 11352K rodata, 2920K init, 5836K bss, 95200K reserved, 0K cma-reserved)
[    0.071754][    T0] SLUB: HWalign=64, Order=0-3, MinObjects=0, CPUs=64, Nodes=1
[    0.072504][    T0] ftrace: allocating 45779 entries in 179 pages
[    0.073285][    T0] ftrace: allocated 179 pages with 5 groups
[    0.074710][    T0] Dynamic Preempt: voluntary
[    0.075448][    T0] rcu: Preemptible hierarchical RCU implementation.
[    0.076086][    T0] rcu: 	RCU event tracing is enabled.
[    0.076597][    T0] rcu: 	RCU restricting CPUs from NR_CPUS=8192 to nr_cpu_ids=64.
[    0.077335][    T0] 	Trampoline variant of Tasks RCU enabled.
[    0.077898][    T0] 	Rude variant of Tasks RCU enabled.
[    0.078398][    T0] 	Tracing variant of Tasks RCU enabled.
[    0.078934][    T0] rcu: RCU calculated value of scheduler-enlistment delay is 30 jiffies.
[    0.079734][    T0] rcu: Adjusting geometry for rcu_fanout_leaf=16, nr_cpu_ids=64
[    0.083124][    T0] NR_IRQS: 524544, nr_irqs: 936, preallocated irqs: 16
[    0.084013][    T0] rcu: srcu_init: Setting srcu_struct sizes based on contention.
[    0.084932][    T0] Console: colour *CGA 80x25
[    0.085395][    T0] printk: console [ttyS0] enabled
[    0.085395][    T0] printk: console [ttyS0] enabled
[    0.086357][    T0] printk: bootconsole [uart8250] disabled
[    0.086357][    T0] printk: bootconsole [uart8250] disabled
[    0.087498][    T0] ACPI: Core revision 20230628
[    0.088074][    T0] clocksource: hpet: mask: 0xffffffff max_cycles: 0xffffffff, max_idle_ns: 19112604467 ns
[    0.089120][    T0] APIC: Switch to symmetric I/O mode setup
[    0.089891][    T0] x2apic enabled
[    0.090418][    T0] Switched APIC routing to physical x2apic.
[    0.091007][    T0] kvm-guest: setup PV IPIs
[    0.092419][    T0] ..TIMER: vector=0x30 apic1=0 pin1=2 apic2=-1 pin2=-1
[    0.093683][    T0] tsc: Marking TSC unstable due to TSCs unsynchronized
[    0.094864][    T0] Calibrating delay loop (skipped) preset value.. 4992.56 BogoMIPS (lpj=8317706)
[    0.098363][    T0] x86/cpu: User Mode Instruction Prevention (UMIP) activated
[    0.099731][    T0] Last level iTLB entries: 4KB 512, 2MB 255, 4MB 127
[    0.101529][    T0] Last level dTLB entries: 4KB 512, 2MB 255, 4MB 127, 1GB 0
[    0.102786][    T0] Spectre V1 : Mitigation: usercopy/swapgs barriers and __user pointer sanitization
[    0.104415][    T0] Spectre V2 : Mitigation: Retpolines
[    0.104862][    T0] Spectre V2 : Spectre v2 / SpectreRSB mitigation: Filling RSB on context switch
[    0.106528][    T0] Spectre V2 : Spectre v2 / SpectreRSB : Filling RSB on VMEXIT
[    0.108196][    T0] Spectre V2 : Enabling Speculation Barrier for firmware calls
[    0.109484][    T0] RETBleed: Mitigation: IBPB
[    0.110272][    T0] Spectre V2 : mitigation: Enabling conditional Indirect Branch Prediction Barrier
[    0.111529][    T0] Speculative Store Bypass: Mitigation: Speculative Store Bypass disabled via prctl
[    0.113135][    T0] Speculative Return Stack Overflow: Retbleed IBPB mitigation enabled, using same for SRSO
[    0.114876][    T0] x86/fpu: Supporting XSAVE feature 0x001: 'x87 floating point registers'
[    0.116329][    T0] x86/fpu: Supporting XSAVE feature 0x002: 'SSE registers'
[    0.117562][    T0] x86/fpu: Supporting XSAVE feature 0x004: 'AVX registers'
[    0.118196][    T0] x86/fpu: xstate_offset[2]:  576, xstate_sizes[2]:  256
[    0.119404][    T0] x86/fpu: Enabled xstate features 0x7, context size is 832 bytes, using 'compacted' format.
[    0.125788][    T0] Freeing SMP alternatives memory: 44K
[    0.126742][    T0] pid_max: default: 65536 minimum: 512
[    0.127736][    T0] LSM: initializing lsm=lockdown,capability,landlock,yama,apparmor,tomoyo,bpf,integrity
[    0.128205][    T0] landlock: Up and running.
[    0.128969][    T0] Yama: becoming mindful.
[    0.129712][    T0] AppArmor: AppArmor initialized
[    0.131530][    T0] TOMOYO Linux initialized
[    0.132291][    T0] LSM support for eBPF active
[    0.133132][    T0] Mount-cache hash table entries: 1024 (order: 1, 8192 bytes, linear)
[    0.134863][    T0] Mountpoint-cache hash table entries: 1024 (order: 1, 8192 bytes, linear)
[    0.136644][    T1] smpboot: CPU0: AMD EPYC 7502P 32-Core Processor (family: 0x17, model: 0x31, stepping: 0x0)
[    0.138194][    T1] RCU Tasks: Setting shift to 6 and lim to 1 rcu_task_cb_adjust=1.
[    0.138194][    T1] RCU Tasks Rude: Setting shift to 6 and lim to 1 rcu_task_cb_adjust=1.
[    0.138217][    T1] RCU Tasks Trace: Setting shift to 6 and lim to 1 rcu_task_cb_adjust=1.
[    0.139685][    T1] Performance Events: Fam17h+ core perfctr, AMD PMU driver.
[    0.140945][    T1] ... version:                0
[    0.141531][    T1] ... bit width:              48
[    0.142368][    T1] ... generic registers:      6
[    0.143189][    T1] ... value mask:             0000ffffffffffff
[    0.144242][    T1] ... max period:             00007fffffffffff
[    0.144864][    T1] ... fixed-purpose events:   0
[    0.145696][    T1] ... event mask:             000000000000003f
[    0.146840][    T1] signal: max sigframe size: 1776
[    0.147723][    T1] rcu: Hierarchical SRCU implementation.
[    0.148198][    T1] rcu: 	Max phase no-delay instances is 1000.
[    0.149891][    T1] smp: Bringing up secondary CPUs ...
[    0.150887][    T1] smpboot: x86: Booting SMP configuration:
[    0.151533][    T1] .... node  #0, CPUs:        #1  #2  #3  #4  #5  #6  #7  #8  #9 #10 #11 #12 #13 #14 #15 #16 #17 #18 #19 #20 #21 #22 #23 #24 #25 #26 #27 #28 #29 #30 #31 #32 #33 #34 #35 #36 #37 #38 #39 #40 #41 #42 #43 #44 #45 #46 #47 #48 #49 #50 #51 #52 #53 #54 #55 #56 #57 #58 #59 #60 #61 #62 #63
[    0.205168][    T1] smp: Brought up 1 node, 64 CPUs
[    0.209046][    T1] smpboot: Max logical packages: 1
[    0.209901][    T1] smpboot: Total of 64 processors activated (319527.24 BogoMIPS)
[    0.216117][  T399] node 0 deferred pages initialised in 0ms
[    0.216417][    T1] devtmpfs: initialized
[    0.218247][    T1] x86/mm: Memory block size: 128MB
[    0.219288][    T1] clocksource: jiffies: mask: 0xffffffff max_cycles: 0xffffffff, max_idle_ns: 6370867519511994 ns
[    0.220017][    T1] futex hash table entries: 16384 (order: 8, 1048576 bytes, linear)
[    0.221681][    T1] pinctrl core: initialized pinctrl subsystem
[    0.222808][    T1] PM: RTC time: 20:06:01, date: 2023-08-12
[    0.224643][    T1] NET: Registered PF_NETLINK/PF_ROUTE protocol family
[    0.224949][    T1] DMA: preallocated 128 KiB GFP_KERNEL pool for atomic allocations
[    0.226248][    T1] DMA: preallocated 128 KiB GFP_KERNEL|GFP_DMA pool for atomic allocations
[    0.227620][    T1] DMA: preallocated 128 KiB GFP_KERNEL|GFP_DMA32 pool for atomic allocations
[    0.228212][    T1] audit: initializing netlink subsys (disabled)
[    0.229281][  T403] audit: type=2000 audit(1691870762.351:1): state=initialized audit_enabled=0 res=1
[    0.229281][    T1] thermal_sys: Registered thermal governor 'fair_share'
[    0.229803][    T1] thermal_sys: Registered thermal governor 'bang_bang'
[    0.231532][    T1] thermal_sys: Registered thermal governor 'step_wise'
[    0.232706][    T1] thermal_sys: Registered thermal governor 'user_space'
[    0.233930][    T1] cpuidle: using governor ladder
[    0.235705][    T1] cpuidle: using governor menu
[    0.238432][    T1] acpiphp: ACPI Hot Plug PCI Controller Driver version: 0.5
[    0.239804][    T1] PCI: Using configuration type 1 for base access
[    0.240918][    T1] PCI: Using configuration type 1 for extended access
[    0.242966][    T1] kprobes: kprobe jump-optimization is enabled. All kprobes are optimized if possible.
[    0.244983][    T1] HugeTLB: registered 1.00 GiB page size, pre-allocated 0 pages
[    0.246171][    T1] HugeTLB: 16380 KiB vmemmap can be freed for a 1.00 GiB page
[    0.247501][    T1] HugeTLB: registered 2.00 MiB page size, pre-allocated 0 pages
[    0.248198][    T1] HugeTLB: 28 KiB vmemmap can be freed for a 2.00 MiB page
[    0.249648][    T1] ACPI: Added _OSI(Module Device)
[    0.249648][    T1] ACPI: Added _OSI(Processor Device)
[    0.251532][    T1] ACPI: Added _OSI(3.0 _SCP Extensions)
[    0.252465][    T1] ACPI: Added _OSI(Processor Aggregator Device)
[    0.255023][    T1] ACPI: 1 ACPI AML tables successfully acquired and loaded
[    0.256965][    T1] ACPI: _OSC evaluation for CPUs failed, trying _PDC
[    0.258365][    T1] ACPI: Interpreter enabled
[    0.259138][    T1] ACPI: PM: (supports S0 S3 S4 S5)
[    0.260036][    T1] ACPI: Using IOAPIC for interrupt routing
[    0.261161][    T1] PCI: Using host bridge windows from ACPI; if necessary, use "pci=nocrs" and report a bug
[    0.261531][    T1] PCI: Using E820 reservations for host bridge windows
[    0.262863][    T1] ACPI: Enabled 2 GPEs in block 00 to 0F
[    0.268217][    T1] ACPI: PCI Root Bridge [PCI0] (domain 0000 [bus 00-ff])
[    0.269437][    T1] acpi PNP0A03:00: _OSC: OS supports [ExtendedConfig ASPM ClockPM Segments MSI EDR HPX-Type3]
[    0.271421][    T1] acpiphp: Slot [2] registered
[    0.271544][    T1] acpiphp: Slot [3] registered
[    0.272350][    T1] acpiphp: Slot [4] registered
[    0.273157][    T1] acpiphp: Slot [5] registered
[    0.274045][    T1] acpiphp: Slot [6] registered
[    0.274849][    T1] acpiphp: Slot [7] registered
[    0.274876][    T1] acpiphp: Slot [8] registered
[    0.275683][    T1] acpiphp: Slot [9] registered
[    0.276523][    T1] acpiphp: Slot [10] registered
[    0.277346][    T1] acpiphp: Slot [11] registered
[    0.278172][    T1] acpiphp: Slot [12] registered
[    0.278209][    T1] acpiphp: Slot [13] registered
[    0.279073][    T1] acpiphp: Slot [14] registered
[    0.279897][    T1] acpiphp: Slot [15] registered
[    0.280715][    T1] acpiphp: Slot [16] registered
[    0.281537][    T1] acpiphp: Slot [17] registered
[    0.282405][    T1] acpiphp: Slot [18] registered
[    0.283228][    T1] acpiphp: Slot [19] registered
[    0.284053][    T1] acpiphp: Slot [20] registered
[    0.284876][    T1] acpiphp: Slot [21] registered
[    0.285733][    T1] acpiphp: Slot [22] registered
[    0.286557][    T1] acpiphp: Slot [23] registered
[    0.287419][    T1] acpiphp: Slot [24] registered
[    0.288209][    T1] acpiphp: Slot [25] registered
[    0.289101][    T1] acpiphp: Slot [26] registered
[    0.289938][    T1] acpiphp: Slot [27] registered
[    0.290773][    T1] acpiphp: Slot [28] registered
[    0.291543][    T1] acpiphp: Slot [29] registered
[    0.292420][    T1] acpiphp: Slot [30] registered
[    0.293247][    T1] acpiphp: Slot [31] registered
[    0.294067][    T1] PCI host bridge to bus 0000:00
[    0.294865][    T1] pci_bus 0000:00: root bus resource [io  0x0000-0x0cf7 window]
[    0.296191][    T1] pci_bus 0000:00: root bus resource [io  0x0d00-0xffff window]
[    0.297477][    T1] pci_bus 0000:00: root bus resource [mem 0x000a0000-0x000bffff window]
[    0.298198][    T1] pci_bus 0000:00: root bus resource [mem 0x20000000-0xfebfffff window]
[    0.299603][    T1] pci_bus 0000:00: root bus resource [mem 0x100000000-0x17fffffff window]
[    0.301084][    T1] pci_bus 0000:00: root bus resource [bus 00-ff]
[    0.301653][    T1] pci 0000:00:00.0: [8086:1237] type 00 class 0x060000
[    0.303194][    T1] pci 0000:00:01.0: [8086:7000] type 00 class 0x060100
[    0.304817][    T1] pci 0000:00:01.1: [8086:7010] type 00 class 0x010180
[    0.306034][    T1] pci 0000:00:01.1: reg 0x20: [io  0xc000-0xc00f]
[    0.307704][    T1] pci 0000:00:01.1: legacy IDE quirk: reg 0x10: [io  0x01f0-0x01f7]
[    0.308198][    T1] pci 0000:00:01.1: legacy IDE quirk: reg 0x14: [io  0x03f6]
[    0.309473][    T1] pci 0000:00:01.1: legacy IDE quirk: reg 0x18: [io  0x0170-0x0177]
[    0.311007][    T1] pci 0000:00:01.1: legacy IDE quirk: reg 0x1c: [io  0x0376]
[    0.311652][    T1] pci 0000:00:01.3: [8086:7113] type 00 class 0x068000
[    0.313161][    T1] pci 0000:00:01.3: quirk: [io  0x0600-0x063f] claimed by PIIX4 ACPI
[    0.314517][    T1] pci 0000:00:01.3: quirk: [io  0x0700-0x070f] claimed by PIIX4 SMB
[    0.323126][    T1] ACPI: PCI: Interrupt link LNKA configured for IRQ 10
[    0.324488][    T1] ACPI: PCI: Interrupt link LNKB configured for IRQ 10
[    0.325000][    T1] ACPI: PCI: Interrupt link LNKC configured for IRQ 11
[    0.326321][    T1] ACPI: PCI: Interrupt link LNKD configured for IRQ 11
[    0.327568][    T1] ACPI: PCI: Interrupt link LNKS configured for IRQ 9
[    0.330452][    T1] iommu: Default domain type: Passthrough
[    0.331620][    T1] SCSI subsystem initialized
[    0.332484][    T1] pps_core: LinuxPPS API ver. 1 registered
[    0.332547][    T1] pps_core: Software ver. 5.3.6 - Copyright 2005-2007 Rodolfo Giometti <giometti@linux.it>
[    0.334867][    T1] PTP clock support registered
[    0.335718][    T1] EDAC MC: Ver: 3.0.0
[    0.336443][    T1] NetLabel: Initializing
[    0.336443][    T1] NetLabel:  domain hash size = 128
[    0.338198][    T1] NetLabel:  protocols = UNLABELED CIPSOv4 CALIPSO
[    0.339356][    T1] NetLabel:  unlabeled traffic allowed by default
[    0.340449][    T1] mctp: management component transport protocol core
[    0.341531][    T1] NET: Registered PF_MCTP protocol family
[    0.342529][    T1] PCI: Using ACPI for IRQ routing
[    0.343446][    T1] vgaarb: loaded
[    0.343446][    T1] hpet0: at MMIO 0xfed00000, IRQs 2, 8, 0
[    0.344865][    T1] hpet0: 3 comparators, 64-bit 100.000000 MHz counter
[    0.350735][    T1] clocksource: Switched to clocksource kvm-clock
[    0.352108][    T1] VFS: Disk quotas dquot_6.6.0
[    0.352966][    T1] VFS: Dquot-cache hash table entries: 512 (order 0, 4096 bytes)
[    0.354419][    T1] AppArmor: AppArmor Filesystem Enabled
[    0.355418][    T1] pnp: PnP ACPI init
[    0.356314][    T1] pnp: PnP ACPI: found 5 devices
[    0.363780][    T1] clocksource: acpi_pm: mask: 0xffffff max_cycles: 0xffffff, max_idle_ns: 2085701024 ns
[    0.365544][    T1] NET: Registered PF_INET protocol family
[    0.366547][    T1] IP idents hash table entries: 8192 (order: 4, 65536 bytes, linear)
[    0.368187][    T1] tcp_listen_portaddr_hash hash table entries: 256 (order: 0, 4096 bytes, linear)
[    0.369770][    T1] Table-perturb hash table entries: 65536 (order: 6, 262144 bytes, linear)
[    0.371260][    T1] TCP established hash table entries: 4096 (order: 3, 32768 bytes, linear)
[    0.372744][    T1] TCP bind hash table entries: 4096 (order: 5, 131072 bytes, linear)
[    0.374123][    T1] TCP: Hash tables configured (established 4096 bind 4096)
[    0.375468][    T1] MPTCP token hash table entries: 512 (order: 1, 12288 bytes, linear)
[    0.376885][    T1] UDP hash table entries: 256 (order: 1, 8192 bytes, linear)
[    0.378150][    T1] UDP-Lite hash table entries: 256 (order: 1, 8192 bytes, linear)
[    0.379567][    T1] NET: Registered PF_UNIX/PF_LOCAL protocol family
[    0.380691][    T1] NET: Registered PF_XDP protocol family
[    0.381654][    T1] pci_bus 0000:00: resource 4 [io  0x0000-0x0cf7 window]
[    0.382859][    T1] pci_bus 0000:00: resource 5 [io  0x0d00-0xffff window]
[    0.384060][    T1] pci_bus 0000:00: resource 6 [mem 0x000a0000-0x000bffff window]
[    0.385383][    T1] pci_bus 0000:00: resource 7 [mem 0x20000000-0xfebfffff window]
[    0.386691][    T1] pci_bus 0000:00: resource 8 [mem 0x100000000-0x17fffffff window]
[    0.388143][    T1] pci 0000:00:01.0: PIIX3: Enabling Passive Release
[    0.389279][    T1] pci 0000:00:00.0: Limiting direct PCI/PCI transfers
[    0.390513][    T1] PCI: CLS 0 bytes, default 64
[    0.391408][   T11] Trying to unpack rootfs image as initramfs...
[    0.392318][    T1] Initialise system trusted keyrings
[    0.393324][    T1] Key type blacklist registered
[    0.394177][    T1] workingset: timestamp_bits=36 max_order=17 bucket_order=0
[    0.395371][    T1] zbud: loaded
[    0.395586][   T11] Freeing initrd memory: 5172K
[    0.397092][    T1] integrity: Platform Keyring initialized
[    0.398073][    T1] integrity: Machine keyring initialized
[    0.405635][    T1] Key type asymmetric registered
[    0.406466][    T1] Asymmetric key parser 'x509' registered
[    0.408587][    T1] Block layer SCSI generic (bsg) driver version 0.4 loaded (major 247)
[    0.410032][    T1] io scheduler mq-deadline registered
[    0.410921][    T1] io scheduler kyber registered
[    0.411724][    T1] io scheduler bfq registered
[    0.415404][    T1] shpchp: Standard Hot Plug PCI Controller Driver version: 0.4
[    0.418306][    T1] Serial: 8250/16550 driver, 32 ports, IRQ sharing enabled
[    0.419779][    T1] 00:03: ttyS0 at I/O 0x3f8 (irq = 4, base_baud = 115200) is a 16550A
[    0.422791][    T1] Non-volatile memory driver v1.3
[    0.423625][    T1] Linux agpgart interface v0.103
[    0.424492][    T1] ACPI: bus type drm_connector registered
[    0.432575][    T1] i8042: PNP: PS/2 Controller [PNP0303:KBD,PNP0f13:MOU] at 0x60,0x64 irq 1,12
[    0.434754][    T1] serio: i8042 KBD port at 0x60,0x64 irq 1
[    0.435710][    T1] serio: i8042 AUX port at 0x60,0x64 irq 12
[    0.436803][    T1] mousedev: PS/2 mouse device common for all mice
[    0.438076][    T1] rtc_cmos 00:04: RTC can wake from S4
[    0.439498][    T1] rtc_cmos 00:04: registered as rtc0
[    0.439820][   T43] input: AT Translated Set 2 keyboard as /devices/platform/i8042/serio0/input/input0
[    0.440698][    T1] rtc_cmos 00:04: setvmport: unknown command 56
ting system clock to 2023-08-12T20:06:01 UTC (1691870761)
[    0.443251][   T43] input: VirtualPS/2 VMware VMMouse as /devices/platform/i8042/serio1/input/input3
[    0.444222][    T1] rtc_cmos 00:04: alarms up to one day, y3k, 242 bytes nvram, hpet irqs
[    0.446281][   T43] input: VirtualPS/2 VMware VMMouse as /devices/platform/i8042/serio1/input/input2
[    0.447313][    T1] amd_pstate: the _CPC object is not present in SBIOS or ACPI disabled
[    0.451625][    T1] ledtrig-cpu: registered to indicate activity on CPUs
[    0.452823][    T1] hid: raw HID events driver (C) Jiri Kosina
[    0.453908][    T1] drop_monitor: Initializing network drop monitor service
[    0.465032][    T1] NET: Registered PF_INET6 protocol family
[    0.467114][    T1] Segment Routing with IPv6
[    0.467886][    T1] RPL Segment Routing with IPv6
[    0.468720][    T1] In-situ OAM (IOAM) with IPv6
[    0.473895][    T1] IPI shorthand broadcast: enabled
[    0.475801][    T1] sched_clock: Marking stable (467111603, 6756558)->(519297547, -45429386)
[    0.477611][    T1] registered taskstats version 1
[    0.480342][    T1] Loading compiled-in X.509 certificates
[    0.493406][    T1] Loaded X.509 cert 'Build time autogenerated kernel key: ac36c66c9f16ec76a7fccb1855934e79ee9dcb29'
[    0.496458][    T1] page_owner is disabled
[    0.497266][    T1] Key type .fscrypt registered
[    0.498051][    T1] Key type fscrypt-provisioning registered
[    0.499673][    T1] Key type encrypted registered
[    0.500494][    T1] AppArmor: AppArmor sha1 policy hashing enabled
[    0.501544][    T1] ima: No TPM chip found, activating TPM-bypass!
[    0.502577][    T1] Loading compiled-in module X.509 certificates
[    0.503952][    T1] Loaded X.509 cert 'Build time autogenerated kernel key: ac36c66c9f16ec76a7fccb1855934e79ee9dcb29'
[    0.505741][    T1] ima: Allocated hash algorithm: sha256
[    0.506656][    T1] ima: No architecture policies found
[    0.507562][    T1] evm: Initialising EVM extended attributes:
[    0.508544][    T1] evm: security.selinux
[    0.509227][    T1] evm: security.SMACK64 (disabled)
[    0.510060][    T1] evm: security.SMACK64EXEC (disabled)
[    0.510960][    T1] evm: security.SMACK64TRANSMUTE (disabled)
[    0.511933][    T1] evm: security.SMACK64MMAP (disabled)
[    0.512826][    T1] evm: security.apparmor
[    0.513536][    T1] evm: security.ima
[    0.514158][    T1] evm: security.capability
[    0.514876][    T1] evm: HMAC attrs: 0x1
[    0.601460][    T1] PM:   Magic number: 3:102:144
[    0.602384][    T1] acpi device:15: hash matches
[    0.606472][    T1] RAS: Correctable Errors collector initialized.
[    0.607699][    T1] clk: Disabling unused clocks
[    0.610747][    T1] Freeing unused decrypted memory: 2036K
[    0.612005][    T1] Freeing unused kernel image (initmem) memory: 2920K
[    0.630164][    T1] Write protecting the kernel read-only data: 28672k
[    0.631893][    T1] Freeing unused kernel image (rodata/data gap) memory: 936K
[    0.632919][    T1] Run /init as init process
[    0.635478][    T1] Not activating Mandatory Access Control as /sbin/tomoyo-init does not exist.
Starting syslogd: OK
Starting klogd: OK
Running sysctl: OK
Saving 256 bits of creditable seed for next boot
Starting network: OK
Linux version 6.5.0-rc5-next-20230809-default-cbl (nathan@dev-arch.m3-large-x86-01) (ClangBuiltLinux clang version 11.1.0 (https://github.com/llvm/llvm-project 1fdec59bffc11ae37eb51a1b9869f0696bfd5312), ClangBuiltLinux LLD 11.1.0 (https://github.com/llvm/llvm-project 1fdec59bffc11ae37eb51a1b9869f0696bfd5312)) #1 SMP PREEMPT_DYNAMIC Sat Aug 12 20:04:47 UTC 2023
Stopping network: OK
Seeding 256 bits and crediting
Saving 256 bits of creditable seed for next boot
Stopping klogd: OK
Stopping syslogd: OK
umount: devtmpfs busy - remounted read-only
umount: can't unmount /: Invalid argument

The system is going down NOW!

Sent SIGTERM to all processes

Sent SIGKILL to all processes

Requesting system poweroff
[    2.710175][  T610] ACPI: PM: Preparing to enter system sleep state S5
[    2.711161][  T610] reboot: Power down
$ timeout --foreground 3m stdbuf -eL -oL /usr/sbin/qemu-system-x86_64 -display none -nodefaults -d unimp,guest_errors -append 'console=ttyS0 earlycon=uart8250,io,0x3f8' -kernel /home/nathan/tmp/build/cbl_lkt/linux-next/x86_64/arch/x86/boot/bzImage -initrd /home/nathan/cbl/llvm-kernel-testing/src/boot-utils/images/x86_64/rootfs.cpio -cpu host -enable-kvm -m 512m -smp 64 -serial mon:stdio
