/home/nathan/cbl/src/linux-next/net/ipv4/tcp_output.c:186:3: warning: result of comparison of constant -1 with expression of type 'u8' (aka 'unsigned char') is always false [-Wtautological-constant-out-of-range-compare]
                NET_ADD_STATS(sock_net(sk), LINUX_MIB_TCPACKCOMPRESSED,
                ^~~~~~~~~~~~~~~~~~~~~~~~~~~~~~~~~~~~~~~~~~~~~~~~~~~~~~~
/home/nathan/cbl/src/linux-next/include/net/ip.h:301:41: note: expanded from macro 'NET_ADD_STATS'
#define NET_ADD_STATS(net, field, adnd) SNMP_ADD_STATS((net)->mib.net_statistics, field, adnd)
                                        ^~~~~~~~~~~~~~~~~~~~~~~~~~~~~~~~~~~~~~~~~~~~~~~~~~~~~~
/home/nathan/cbl/src/linux-next/include/net/snmp.h:143:4: note: expanded from macro 'SNMP_ADD_STATS'
                        this_cpu_add(mib->mibs[field], addend)
                        ^~~~~~~~~~~~~~~~~~~~~~~~~~~~~~~~~~~~~~
/home/nathan/cbl/src/linux-next/include/linux/percpu-defs.h:491:33: note: expanded from macro 'this_cpu_add'
#define this_cpu_add(pcp, val)          __pcpu_size_call(this_cpu_add_, pcp, val)
                                        ^~~~~~~~~~~~~~~~~~~~~~~~~~~~~~~~~~~~~~~~~
note: (skipping 1 expansions in backtrace; use -fmacro-backtrace-limit=0 to see all)
<scratch space>:57:1: note: expanded from here
this_cpu_add_8
^
/home/nathan/cbl/src/linux-next/arch/x86/include/asm/percpu.h:370:35: note: expanded from macro 'this_cpu_add_8'
#define this_cpu_add_8(pcp, val)                percpu_add_op(8, volatile, (pcp), val)
                                                ^~~~~~~~~~~~~~~~~~~~~~~~~~~~~~~~~~~~~~
/home/nathan/cbl/src/linux-next/arch/x86/include/asm/percpu.h:127:31: note: expanded from macro 'percpu_add_op'
                              ((val) == 1 || (val) == -1)) ?            \
                                             ~~~~~ ^  ~~
1 warning generated.
/home/nathan/cbl/src/linux-next/drivers/block/rbd.c:6149:17: warning: result of comparison of constant 2305843009213693948 with expression of type 'u32' (aka 'unsigned int') is always false [-Wtautological-constant-out-of-range-compare]
        if (snap_count > (SIZE_MAX - sizeof (struct ceph_snap_context))
            ~~~~~~~~~~ ^ ~~~~~~~~~~~~~~~~~~~~~~~~~~~~~~~~~~~~~~~~~~~~~~
1 warning generated.
/home/nathan/cbl/src/linux-next/net/ceph/osdmap.c:1441:10: warning: result of comparison of constant 4611686018427387891 with expression of type 'u32' (aka 'unsigned int') is always false [-Wtautological-constant-out-of-range-compare]
        if (len > (SIZE_MAX - sizeof(*pg)) / sizeof(u32))
            ~~~ ^ ~~~~~~~~~~~~~~~~~~~~~~~~~~~~~~~~~~~~~~
/home/nathan/cbl/src/linux-next/net/ceph/osdmap.c:1624:10: warning: result of comparison of constant 2305843009213693945 with expression of type 'u32' (aka 'unsigned int') is always false [-Wtautological-constant-out-of-range-compare]
        if (len > (SIZE_MAX - sizeof(*pg)) / (2 * sizeof(u32)))
            ~~~ ^ ~~~~~~~~~~~~~~~~~~~~~~~~~~~~~~~~~~~~~~~~~~~~
2 warnings generated.
/home/nathan/cbl/src/linux-next/fs/ceph/snap.c:372:10: warning: result of comparison of constant 2305843009213693948 with expression of type 'u32' (aka 'unsigned int') is always false [-Wtautological-constant-out-of-range-compare]
        if (num > (SIZE_MAX - sizeof(*snapc)) / sizeof(u64))
            ~~~ ^ ~~~~~~~~~~~~~~~~~~~~~~~~~~~~~~~~~~~~~~~~~
1 warning generated.
llvm-objdump: Unknown command line argument '-v'.  Try: 'llvm-objdump --help'
llvm-objdump: Did you mean '-C'?

[01;32mQEMU location: [0m/usr/sbin[0m

[01;32mQEMU version: [0mQEMU emulator version 8.0.3[0m
[    0.000000] Linux version 6.5.0-rc5-next-20230809-cbl (nathan@dev-arch.m3-large-x86-01) (ClangBuiltLinux clang version 11.1.0 (https://github.com/llvm/llvm-project 1fdec59bffc11ae37eb51a1b9869f0696bfd5312), ClangBuiltLinux LLD 11.1.0 (https://github.com/llvm/llvm-project 1fdec59bffc11ae37eb51a1b9869f0696bfd5312)) #1 SMP PREEMPT_DYNAMIC Sat Aug 12 19:58:18 UTC 2023
[    0.000000] Command line: console=ttyS0 earlycon=uart8250,io,0x3f8
[    0.000000] BIOS-provided physical RAM map:
[    0.000000] BIOS-e820: [mem 0x0000000000000000-0x000000000009fbff] usable
[    0.000000] BIOS-e820: [mem 0x000000000009fc00-0x000000000009ffff] reserved
[    0.000000] BIOS-e820: [mem 0x00000000000f0000-0x00000000000fffff] reserved
[    0.000000] BIOS-e820: [mem 0x0000000000100000-0x000000001ffdffff] usable
[    0.000000] BIOS-e820: [mem 0x000000001ffe0000-0x000000001fffffff] reserved
[    0.000000] BIOS-e820: [mem 0x00000000feffc000-0x00000000feffffff] reserved
[    0.000000] BIOS-e820: [mem 0x00000000fffc0000-0x00000000ffffffff] reserved
[    0.000000] BIOS-e820: [mem 0x000000fd00000000-0x000000ffffffffff] reserved
[    0.000000] earlycon: uart8250 at I/O port 0x3f8 (options '')
[    0.000000] printk: bootconsole [uart8250] enabled
[    0.000000] NX (Execute Disable) protection: active
[    0.000000] SMBIOS 2.8 present.
[    0.000000] DMI: QEMU Standard PC (i440FX + PIIX, 1996), BIOS Arch Linux 1.16.2-1-1 04/01/2014
[    0.000000] Hypervisor detected: KVM
[    0.000000] kvm-clock: Using msrs 4b564d01 and 4b564d00
[    0.000000] kvm-clock: using sched offset of 194437978 cycles
[    0.000501] clocksource: kvm-clock: mask: 0xffffffffffffffff max_cycles: 0x1cd42e4dffb, max_idle_ns: 881590591483 ns
[    0.002099] tsc: Detected 2495.312 MHz processor
[    0.002695] last_pfn = 0x1ffe0 max_arch_pfn = 0x400000000
[    0.003247] MTRR map: 4 entries (3 fixed + 1 variable; max 19), built from 8 variable MTRRs
[    0.004037] x86/PAT: Configuration [0-7]: WB  WC  UC- UC  WB  WP  UC- WT  
[    0.007233] found SMP MP-table at [mem 0x000f6e60-0x000f6e6f]
[    0.007856] Using GB pages for direct mapping
[    0.008377] RAMDISK: [mem 0x1fad3000-0x1ffdffff]
[    0.008913] ACPI: Early table checksum verification disabled
[    0.009456] ACPI: RSDP 0x00000000000F6C90 000014 (v00 BOCHS )
[    0.010003] ACPI: RSDT 0x000000001FFE31D1 000034 (v01 BOCHS  BXPC     00000001 BXPC 00000001)
[    0.010823] ACPI: FACP 0x000000001FFE2E8D 000074 (v01 BOCHS  BXPC     00000001 BXPC 00000001)
[    0.011639] ACPI: DSDT 0x000000001FFE0040 002E4D (v01 BOCHS  BXPC     00000001 BXPC 00000001)
[    0.012450] ACPI: FACS 0x000000001FFE0000 000040
[    0.012889] ACPI: APIC 0x000000001FFE2F01 000270 (v01 BOCHS  BXPC     00000001 BXPC 00000001)
[    0.013704] ACPI: HPET 0x000000001FFE3171 000038 (v01 BOCHS  BXPC     00000001 BXPC 00000001)
[    0.014515] ACPI: WAET 0x000000001FFE31A9 000028 (v01 BOCHS  BXPC     00000001 BXPC 00000001)
[    0.015327] ACPI: Reserving FACP table memory at [mem 0x1ffe2e8d-0x1ffe2f00]
[    0.016036] ACPI: Reserving DSDT table memory at [mem 0x1ffe0040-0x1ffe2e8c]
[    0.016745] ACPI: Reserving FACS table memory at [mem 0x1ffe0000-0x1ffe003f]
[    0.017411] ACPI: Reserving APIC table memory at [mem 0x1ffe2f01-0x1ffe3170]
[    0.018075] ACPI: Reserving HPET table memory at [mem 0x1ffe3171-0x1ffe31a8]
[    0.018747] ACPI: Reserving WAET table memory at [mem 0x1ffe31a9-0x1ffe31d0]
[    0.019627] No NUMA configuration found
[    0.019987] Faking a node at [mem 0x0000000000000000-0x000000001ffdffff]
[    0.020626] NODE_DATA(0) allocated [mem 0x1faa8000-0x1fad2fff]
[    0.021355] Zone ranges:
[    0.021598]   DMA      [mem 0x0000000000001000-0x0000000000ffffff]
[    0.022185]   DMA32    [mem 0x0000000001000000-0x000000001ffdffff]
[    0.022811]   Normal   empty
[    0.023083]   Device   empty
[    0.023350] Movable zone start for each node
[    0.023790] Early memory node ranges
[    0.024128]   node   0: [mem 0x0000000000001000-0x000000000009efff]
[    0.024714]   node   0: [mem 0x0000000000100000-0x000000001ffdffff]
[    0.025304] Initmem setup node 0 [mem 0x0000000000001000-0x000000001ffdffff]
[    0.026192] On node 0, zone DMA: 1 pages in unavailable ranges
[    0.026212] On node 0, zone DMA: 97 pages in unavailable ranges
[    0.027875] On node 0, zone DMA32: 32 pages in unavailable ranges
[    0.028660] ACPI: PM-Timer IO Port: 0x608
[    0.029644] ACPI: LAPIC_NMI (acpi_id[0xff] dfl dfl lint[0x1])
[    0.030228] IOAPIC[0]: apic_id 0, version 17, address 0xfec00000, GSI 0-23
[    0.030878] ACPI: INT_SRC_OVR (bus 0 bus_irq 0 global_irq 2 dfl dfl)
[    0.031494] ACPI: INT_SRC_OVR (bus 0 bus_irq 5 global_irq 5 high level)
[    0.032153] ACPI: INT_SRC_OVR (bus 0 bus_irq 9 global_irq 9 high level)
[    0.032817] ACPI: INT_SRC_OVR (bus 0 bus_irq 10 global_irq 10 high level)
[    0.033458] ACPI: INT_SRC_OVR (bus 0 bus_irq 11 global_irq 11 high level)
[    0.034111] ACPI: Using ACPI (MADT) for SMP configuration information
[    0.034725] ACPI: HPET id: 0x8086a201 base: 0xfed00000
[    0.035217] TSC deadline timer available
[    0.035592] smpboot: Allowing 64 CPUs, 0 hotplug CPUs
[    0.036098] kvm-guest: KVM setup pv remote TLB flush
[    0.036571] kvm-guest: setup PV sched yield
[    0.036973] PM: hibernation: Registered nosave memory: [mem 0x00000000-0x00000fff]
[    0.037746] PM: hibernation: Registered nosave memory: [mem 0x0009f000-0x0009ffff]
[    0.038456] PM: hibernation: Registered nosave memory: [mem 0x000a0000-0x000effff]
[    0.039217] PM: hibernation: Registered nosave memory: [mem 0x000f0000-0x000fffff]
[    0.039929] [mem 0x20000000-0xfeffbfff] available for PCI devices
[    0.040516] Booting paravirtualized kernel on KVM
[    0.040993] clocksource: refined-jiffies: mask: 0xffffffff max_cycles: 0xffffffff, max_idle_ns: 1910969940391419 ns
[    0.048502] setup_percpu: NR_CPUS:8192 nr_cpumask_bits:64 nr_cpu_ids:64 nr_node_ids:1
[    0.052021] percpu: Embedded 63 pages/cpu s221184 r8192 d28672 u262144
[    0.052775] kvm-guest: PV spinlocks enabled
[    0.053192] PV qspinlock hash table entries: 256 (order: 0, 4096 bytes, linear)
[    0.053914] Kernel command line: console=ttyS0 earlycon=uart8250,io,0x3f8
[    0.054791] random: crng init done
[    0.055125] printk: log_buf_len individual max cpu contribution: 4096 bytes
[    0.055845] printk: log_buf_len total cpu_extra contributions: 258048 bytes
[    0.056524] printk: log_buf_len min size: 262144 bytes
[    0.057379] printk: log_buf_len: 524288 bytes
[    0.057849] printk: early log buf free: 255624(97%)
[    0.058490] Dentry cache hash table entries: 65536 (order: 7, 524288 bytes, linear)
[    0.059302] Inode-cache hash table entries: 32768 (order: 6, 262144 bytes, linear)
[    0.060451] Fallback order for Node 0: 0 
[    0.060462] Built 1 zonelists, mobility grouping on.  Total pages: 128736
[    0.061529] Policy zone: DMA32
[    0.062079] mem auto-init: stack:all(zero), heap alloc:off, heap free:off
[    0.063695] Memory: 438016K/523768K available (18432K kernel code, 3174K rwdata, 12796K rodata, 2984K init, 4680K bss, 85492K reserved, 0K cma-reserved)
[    0.065285] SLUB: HWalign=64, Order=0-3, MinObjects=0, CPUs=64, Nodes=1
[    0.066002] ftrace: allocating 51895 entries in 203 pages
[    0.066766] ftrace: allocated 203 pages with 5 groups
[    0.068263] Dynamic Preempt: voluntary
[    0.068985] rcu: Preemptible hierarchical RCU implementation.
[    0.069545] rcu: 	RCU restricting CPUs from NR_CPUS=8192 to nr_cpu_ids=64.
[    0.070260] 	Trampoline variant of Tasks RCU enabled.
[    0.070756] 	Rude variant of Tasks RCU enabled.
[    0.071203] 	Tracing variant of Tasks RCU enabled.
[    0.071672] rcu: RCU calculated value of scheduler-enlistment delay is 100 jiffies.
[    0.072422] rcu: Adjusting geometry for rcu_fanout_leaf=16, nr_cpu_ids=64
[    0.076153] NR_IRQS: 524544, nr_irqs: 936, preallocated irqs: 16
[    0.076978] rcu: srcu_init: Setting srcu_struct sizes based on contention.
[    0.077732] kfence: initialized - using 2097152 bytes for 255 objects at 0x(____ptrval____)-0x(____ptrval____)
[    0.078891] Console: colour *CGA 80x25
[    0.079288] printk: console [ttyS0] enabled
[    0.079288] printk: console [ttyS0] enabled
[    0.080273] printk: bootconsole [uart8250] disabled
[    0.080273] printk: bootconsole [uart8250] disabled
[    0.081289] ACPI: Core revision 20230628
[    0.081814] clocksource: hpet: mask: 0xffffffff max_cycles: 0xffffffff, max_idle_ns: 19112604467 ns
[    0.082808] APIC: Switch to symmetric I/O mode setup
[    0.083519] x2apic enabled
[    0.084045] Switched APIC routing to physical x2apic.
[    0.084560] kvm-guest: setup PV IPIs
[    0.085947] ..TIMER: vector=0x30 apic1=0 pin1=2 apic2=-1 pin2=-1
[    0.087057] tsc: Marking TSC unstable due to TSCs unsynchronized
[    0.088141] Calibrating delay loop (skipped) preset value.. 4990.62 BogoMIPS (lpj=2495312)
[    0.090143] x86/cpu: User Mode Instruction Prevention (UMIP) activated
[    0.091230] Last level iTLB entries: 4KB 512, 2MB 255, 4MB 127
[    0.092140] Last level dTLB entries: 4KB 512, 2MB 255, 4MB 127, 1GB 0
[    0.093147] Spectre V1 : Mitigation: usercopy/swapgs barriers and __user pointer sanitization
[    0.094141] Spectre V2 : Mitigation: Retpolines
[    0.094944] Spectre V2 : Spectre v2 / SpectreRSB mitigation: Filling RSB on context switch
[    0.095140] Spectre V2 : Spectre v2 / SpectreRSB : Filling RSB on VMEXIT
[    0.096140] Spectre V2 : Enabling Speculation Barrier for firmware calls
[    0.097140] RETBleed: Mitigation: IBPB
[    0.098142] Spectre V2 : mitigation: Enabling conditional Indirect Branch Prediction Barrier
[    0.099141] Speculative Store Bypass: Mitigation: Speculative Store Bypass disabled via prctl
[    0.100141] Speculative Return Stack Overflow: Retbleed IBPB mitigation enabled, using same for SRSO
[    0.101157] x86/fpu: Supporting XSAVE feature 0x001: 'x87 floating point registers'
[    0.102142] x86/fpu: Supporting XSAVE feature 0x002: 'SSE registers'
[    0.103140] x86/fpu: Supporting XSAVE feature 0x004: 'AVX registers'
[    0.104140] x86/fpu: xstate_offset[2]:  576, xstate_sizes[2]:  256
[    0.105140] x86/fpu: Enabled xstate features 0x7, context size is 832 bytes, using 'compacted' format.
[    0.110593] Freeing SMP alternatives memory: 56K
[    0.111140] pid_max: default: 65536 minimum: 512
[    0.112190] LSM: initializing lsm=lockdown,capability,yama,selinux,bpf,landlock,integrity
[    0.113152] Yama: becoming mindful.
[    0.114142] SELinux:  Initializing.
[    0.114790] LSM support for eBPF active
[    0.115141] landlock: Up and running.
[    0.116171] Mount-cache hash table entries: 1024 (order: 1, 8192 bytes, linear)
[    0.117140] Mountpoint-cache hash table entries: 1024 (order: 1, 8192 bytes, linear)
[    0.118473] smpboot: CPU0: AMD EPYC 7502P 32-Core Processor (family: 0x17, model: 0x31, stepping: 0x0)
[    0.119295] RCU Tasks: Setting shift to 6 and lim to 1 rcu_task_cb_adjust=1.
[    0.120159] RCU Tasks Rude: Setting shift to 6 and lim to 1 rcu_task_cb_adjust=1.
[    0.121162] RCU Tasks Trace: Setting shift to 6 and lim to 1 rcu_task_cb_adjust=1.
[    0.122159] Performance Events: Fam17h+ core perfctr, AMD PMU driver.
[    0.123144] ... version:                0
[    0.123848] ... bit width:              48
[    0.124141] ... generic registers:      6
[    0.124846] ... value mask:             0000ffffffffffff
[    0.125141] ... max period:             00007fffffffffff
[    0.126084] ... fixed-purpose events:   0
[    0.126141] ... event mask:             000000000000003f
[    0.127234] signal: max sigframe size: 1776
[    0.127999] rcu: Hierarchical SRCU implementation.
[    0.128142] rcu: 	Max phase no-delay instances is 400.
[    0.129837] smp: Bringing up secondary CPUs ...
[    0.130232] smpboot: x86: Booting SMP configuration:
[    0.131112] .... node  #0, CPUs:        #1  #2  #3  #4  #5  #6  #7  #8  #9 #10 #11 #12 #13 #14 #15 #16 #17 #18 #19 #20 #21 #22 #23 #24 #25 #26 #27 #28 #29 #30 #31 #32 #33 #34 #35 #36 #37 #38 #39 #40 #41 #42 #43 #44 #45 #46 #47 #48 #49 #50 #51 #52 #53 #54 #55 #56 #57 #58 #59 #60 #61 #62 #63
[    0.180143] smp: Brought up 1 node, 64 CPUs
[    0.181899] smpboot: Max logical packages: 1
[    0.182144] smpboot: Total of 64 processors activated (319399.93 BogoMIPS)
[    0.187452] devtmpfs: initialized
[    0.188199] x86/mm: Memory block size: 128MB
[    0.189370] clocksource: jiffies: mask: 0xffffffff max_cycles: 0xffffffff, max_idle_ns: 1911260446275000 ns
[    0.190157] futex hash table entries: 16384 (order: 8, 1048576 bytes, linear)
[    0.191274] pinctrl core: initialized pinctrl subsystem
[    0.192294] PM: RTC time: 19:59:28, date: 2023-08-12
[    0.193911] NET: Registered PF_NETLINK/PF_ROUTE protocol family
[    0.194236] DMA: preallocated 128 KiB GFP_KERNEL pool for atomic allocations
[    0.195144] DMA: preallocated 128 KiB GFP_KERNEL|GFP_DMA pool for atomic allocations
[    0.196144] DMA: preallocated 128 KiB GFP_KERNEL|GFP_DMA32 pool for atomic allocations
[    0.197155] audit: initializing netlink subsys (disabled)
[    0.198185] audit: type=2000 audit(1691870368.942:1): state=initialized audit_enabled=0 res=1
[    0.198249] thermal_sys: Registered thermal governor 'fair_share'
[    0.199142] thermal_sys: Registered thermal governor 'bang_bang'
[    0.200142] thermal_sys: Registered thermal governor 'step_wise'
[    0.201142] thermal_sys: Registered thermal governor 'user_space'
[    0.202196] cpuidle: using governor menu
[    0.205710] acpiphp: ACPI Hot Plug PCI Controller Driver version: 0.5
[    0.207283] PCI: Using configuration type 1 for base access
[    0.208142] PCI: Using configuration type 1 for extended access
[    0.210831] kprobes: kprobe jump-optimization is enabled. All kprobes are optimized if possible.
[    0.232733] HugeTLB: registered 1.00 GiB page size, pre-allocated 0 pages
[    0.233143] HugeTLB: 16380 KiB vmemmap can be freed for a 1.00 GiB page
[    0.234142] HugeTLB: registered 2.00 MiB page size, pre-allocated 0 pages
[    0.235142] HugeTLB: 28 KiB vmemmap can be freed for a 2.00 MiB page
[    0.236269] cryptd: max_cpu_qlen set to 1000
[    0.237224] raid6: skipped pq benchmark and selected avx2x4
[    0.238143] raid6: using avx2x2 recovery algorithm
[    0.239104] ACPI: Added _OSI(Module Device)
[    0.239142] ACPI: Added _OSI(Processor Device)
[    0.239922] ACPI: Added _OSI(3.0 _SCP Extensions)
[    0.240142] ACPI: Added _OSI(Processor Aggregator Device)
[    0.241924] ACPI: 1 ACPI AML tables successfully acquired and loaded
[    0.242805] ACPI: _OSC evaluation for CPUs failed, trying _PDC
[    0.243322] ACPI: Interpreter enabled
[    0.243981] ACPI: PM: (supports S0 S3 S4 S5)
[    0.244145] ACPI: Using IOAPIC for interrupt routing
[    0.245126] PCI: Using host bridge windows from ACPI; if necessary, use "pci=nocrs" and report a bug
[    0.245142] PCI: Using E820 reservations for host bridge windows
[    0.246249] ACPI: Enabled 2 GPEs in block 00 to 0F
[    0.250361] ACPI: PCI Root Bridge [PCI0] (domain 0000 [bus 00-ff])
[    0.251147] acpi PNP0A03:00: _OSC: OS supports [ExtendedConfig ASPM ClockPM Segments MSI EDR HPX-Type3]
[    0.252396] acpiphp: Slot [2] registered
[    0.253120] acpiphp: Slot [3] registered
[    0.253155] acpiphp: Slot [4] registered
[    0.253872] acpiphp: Slot [5] registered
[    0.254153] acpiphp: Slot [6] registered
[    0.254871] acpiphp: Slot [7] registered
[    0.255152] acpiphp: Slot [8] registered
[    0.255878] acpiphp: Slot [9] registered
[    0.256153] acpiphp: Slot [10] registered
[    0.256903] acpiphp: Slot [11] registered
[    0.257154] acpiphp: Slot [12] registered
[    0.257881] acpiphp: Slot [13] registered
[    0.258152] acpiphp: Slot [14] registered
[    0.258903] acpiphp: Slot [15] registered
[    0.259154] acpiphp: Slot [16] registered
[    0.259882] acpiphp: Slot [17] registered
[    0.260152] acpiphp: Slot [18] registered
[    0.260915] acpiphp: Slot [19] registered
[    0.261154] acpiphp: Slot [20] registered
[    0.261891] acpiphp: Slot [21] registered
[    0.262152] acpiphp: Slot [22] registered
[    0.262908] acpiphp: Slot [23] registered
[    0.263154] acpiphp: Slot [24] registered
[    0.263885] acpiphp: Slot [25] registered
[    0.264152] acpiphp: Slot [26] registered
[    0.264909] acpiphp: Slot [27] registered
[    0.265154] acpiphp: Slot [28] registered
[    0.265883] acpiphp: Slot [29] registered
[    0.266152] acpiphp: Slot [30] registered
[    0.266909] acpiphp: Slot [31] registered
[    0.267150] PCI host bridge to bus 0000:00
[    0.267886] pci_bus 0000:00: root bus resource [io  0x0000-0x0cf7 window]
[    0.268142] pci_bus 0000:00: root bus resource [io  0x0d00-0xffff window]
[    0.269142] pci_bus 0000:00: root bus resource [mem 0x000a0000-0x000bffff window]
[    0.270142] pci_bus 0000:00: root bus resource [mem 0x20000000-0xfebfffff window]
[    0.271143] pci_bus 0000:00: root bus resource [mem 0x100000000-0x17fffffff window]
[    0.272142] pci_bus 0000:00: root bus resource [bus 00-ff]
[    0.273264] pci 0000:00:00.0: [8086:1237] type 00 class 0x060000
[    0.274506] pci 0000:00:01.0: [8086:7000] type 00 class 0x060100
[    0.275578] pci 0000:00:01.1: [8086:7010] type 00 class 0x010180
[    0.277440] pci 0000:00:01.1: reg 0x20: [io  0xc000-0xc00f]
[    0.278520] pci 0000:00:01.1: legacy IDE quirk: reg 0x10: [io  0x01f0-0x01f7]
[    0.279142] pci 0000:00:01.1: legacy IDE quirk: reg 0x14: [io  0x03f6]
[    0.280141] pci 0000:00:01.1: legacy IDE quirk: reg 0x18: [io  0x0170-0x0177]
[    0.281142] pci 0000:00:01.1: legacy IDE quirk: reg 0x1c: [io  0x0376]
[    0.282263] pci 0000:00:01.3: [8086:7113] type 00 class 0x068000
[    0.283487] pci 0000:00:01.3: quirk: [io  0x0600-0x063f] claimed by PIIX4 ACPI
[    0.284147] pci 0000:00:01.3: quirk: [io  0x0700-0x070f] claimed by PIIX4 SMB
[    0.285570] ACPI: PCI: Interrupt link LNKA configured for IRQ 10
[    0.286280] ACPI: PCI: Interrupt link LNKB configured for IRQ 10
[    0.287268] ACPI: PCI: Interrupt link LNKC configured for IRQ 11
[    0.288281] ACPI: PCI: Interrupt link LNKD configured for IRQ 11
[    0.289235] ACPI: PCI: Interrupt link LNKS configured for IRQ 9
[    0.291735] iommu: Default domain type: Translated
[    0.292143] iommu: DMA domain TLB invalidation policy: lazy mode
[    0.293227] SCSI subsystem initialized
[    0.293930] ACPI: bus type USB registered
[    0.294152] usbcore: registered new interface driver usbfs
[    0.295146] usbcore: registered new interface driver hub
[    0.296147] usbcore: registered new device driver usb
[    0.297104] pps_core: LinuxPPS API ver. 1 registered
[    0.297142] pps_core: Software ver. 5.3.6 - Copyright 2005-2007 Rodolfo Giometti <giometti@linux.it>
[    0.298148] PTP clock support registered
[    0.299161] EDAC MC: Ver: 3.0.0
[    0.299785] NetLabel: Initializing
[    0.300143] NetLabel:  domain hash size = 128
[    0.300940] NetLabel:  protocols = UNLABELED CIPSOv4 CALIPSO
[    0.301157] NetLabel:  unlabeled traffic allowed by default
[    0.302142] mctp: management component transport protocol core
[    0.303142] NET: Registered PF_MCTP protocol family
[    0.304037] PCI: Using ACPI for IRQ routing
[    0.304209] vgaarb: loaded
[    0.304645] hpet0: at MMIO 0xfed00000, IRQs 2, 8, 0
[    0.305143] hpet0: 3 comparators, 64-bit 100.000000 MHz counter
[    0.310655] clocksource: Switched to clocksource kvm-clock
[    0.311670] VFS: Disk quotas dquot_6.6.0
[    0.312491] VFS: Dquot-cache hash table entries: 512 (order 0, 4096 bytes)
[    0.313811] pnp: PnP ACPI init
[    0.314561] pnp: PnP ACPI: found 5 devices
[    0.321841] clocksource: acpi_pm: mask: 0xffffff max_cycles: 0xffffff, max_idle_ns: 2085701024 ns
[    0.323500] NET: Registered PF_INET protocol family
[    0.324391] IP idents hash table entries: 8192 (order: 4, 65536 bytes, linear)
[    0.326238] tcp_listen_portaddr_hash hash table entries: 256 (order: 0, 4096 bytes, linear)
[    0.327826] Table-perturb hash table entries: 65536 (order: 6, 262144 bytes, linear)
[    0.329185] TCP established hash table entries: 4096 (order: 3, 32768 bytes, linear)
[    0.330543] TCP bind hash table entries: 4096 (order: 5, 131072 bytes, linear)
[    0.331817] TCP: Hash tables configured (established 4096 bind 4096)
[    0.333036] MPTCP token hash table entries: 512 (order: 1, 12288 bytes, linear)
[    0.334342] UDP hash table entries: 256 (order: 1, 8192 bytes, linear)
[    0.335501] UDP-Lite hash table entries: 256 (order: 1, 8192 bytes, linear)
[    0.336819] NET: Registered PF_UNIX/PF_LOCAL protocol family
[    0.337829] NET: Registered PF_XDP protocol family
[    0.338686] pci_bus 0000:00: resource 4 [io  0x0000-0x0cf7 window]
[    0.339785] pci_bus 0000:00: resource 5 [io  0x0d00-0xffff window]
[    0.340880] pci_bus 0000:00: resource 6 [mem 0x000a0000-0x000bffff window]
[    0.342093] pci_bus 0000:00: resource 7 [mem 0x20000000-0xfebfffff window]
[    0.343304] pci_bus 0000:00: resource 8 [mem 0x100000000-0x17fffffff window]
[    0.344592] pci 0000:00:01.0: PIIX3: Enabling Passive Release
[    0.345615] pci 0000:00:00.0: Limiting direct PCI/PCI transfers
[    0.346680] PCI: CLS 0 bytes, default 64
[    0.347448] Trying to unpack rootfs image as initramfs...
[    0.351899] Freeing initrd memory: 5172K
[    0.360428] Initialise system trusted keyrings
[    0.361281] Key type blacklist registered
[    0.362078] workingset: timestamp_bits=36 max_order=17 bucket_order=0
[    0.363247] zbud: loaded
[    0.365987] integrity: Platform Keyring initialized
[    0.366906] integrity: Machine keyring initialized
[    0.374535] NET: Registered PF_ALG protocol family
[    0.375418] xor: measuring software checksum speed
[    0.376736]    prefetch64-sse  : 22374 MB/sec
[    0.378004]    generic_sse     : 20467 MB/sec
[    0.378793] xor: using function: prefetch64-sse (22374 MB/sec)
[    0.379849] Key type asymmetric registered
[    0.380587] Asymmetric key parser 'x509' registered
[    0.382776] Block layer SCSI generic (bsg) driver version 0.4 loaded (major 245)
[    0.384186] io scheduler mq-deadline registered
[    0.385006] io scheduler kyber registered
[    0.385739] io scheduler bfq registered
[    0.389957] atomic64_test: passed for x86-64 platform with CX8 and with SSE
[    0.391509] shpchp: Standard Hot Plug PCI Controller Driver version: 0.4
[    0.392785] input: Power Button as /devices/LNXSYSTM:00/LNXPWRBN:00/input/input0
[    0.394156] ACPI: button: Power Button [PWRF]
[    0.396591] Serial: 8250/16550 driver, 32 ports, IRQ sharing enabled
[    0.397874] 00:03: ttyS0 at I/O 0x3f8 (irq = 4, base_baud = 115200) is a 16550A
[    0.401171] Non-volatile memory driver v1.3
[    0.401942] Linux agpgart interface v0.103
[    0.402724] ACPI: bus type drm_connector registered
[    0.410027] scsi host0: ata_piix
[    0.410751] scsi host1: ata_piix
[    0.411320] ata1: PATA max MWDMA2 cmd 0x1f0 ctl 0x3f6 bmdma 0xc000 irq 14
[    0.412471] ata2: PATA max MWDMA2 cmd 0x170 ctl 0x376 bmdma 0xc008 irq 15
[    0.413848] usbcore: registered new interface driver usbserial_generic
[    0.415129] usbserial: USB Serial support registered for generic
[    0.416157] i8042: PNP: PS/2 Controller [PNP0303:KBD,PNP0f13:MOU] at 0x60,0x64 irq 1,12
[    0.418230] serio: i8042 KBD port at 0x60,0x64 irq 1
[    0.419078] serio: i8042 AUX port at 0x60,0x64 irq 12
[    0.420006] mousedev: PS/2 mouse device common for all mice
[    0.421080] rtc_cmos 00:04: RTC can wake from S4
[    0.422474] input: AT Translated Set 2 keyboard as /devices/platform/i8042/serio0/input/input1
[    0.424035] rtc_cmos 00:04: registered as rtc0
[    0.424857] rtc_cmos 00:04: setting system clock to 2023-08-12T19:59:28 UTC (1691870368)
[    0.426261] rtc_cmos 00:04: alarms up to one day, y3k, 242 bytes nvram, hpet irqs
[    0.427634] device-mapper: core: CONFIG_IMA_DISABLE_HTABLE is disabled. Duplicate IMA measurements will not be recorded in the IMA log.
[    0.429723] device-mapper: uevent: version 1.0.3
[vmport: unknown command 56
    0.430699] device-mapper: ioctl: 4.48.0-ioctl (2023-03-01) initialised: dm-devel@redhat.com
[    0.430864] input: VirtualPS/2 VMware VMMouse as /devices/platform/i8042/serio1/input/input4
[    0.432425] amd_pstate: the _CPC object is not present in SBIOS or ACPI disabled
[    0.434320] input: VirtualPS/2 VMware VMMouse as /devices/platform/i8042/serio1/input/input3
[    0.435307] hid: raw HID events driver (C) Jiri Kosina
[    0.437668] usbcore: registered new interface driver usbhid
[    0.438710] usbhid: USB HID core driver
[    0.439522] drop_monitor: Initializing network drop monitor service
[    0.452126] Initializing XFRM netlink socket
[    0.452953] NET: Registered PF_INET6 protocol family
[    0.455163] Segment Routing with IPv6
[    0.455839] RPL Segment Routing with IPv6
[    0.456560] In-situ OAM (IOAM) with IPv6
[    0.457263] mip6: Mobile IPv6
[    0.457800] NET: Registered PF_PACKET protocol family
[    0.462913] IPI shorthand broadcast: enabled
[    0.463717] AVX2 version of gcm_enc/dec engaged.
[    0.465648] AES CTR mode by8 optimization enabled
[    0.467900] sched_clock: Marking stable (461001405, 6477407)->(531057659, -63578847)
[    0.469640] registered taskstats version 1
[    0.473795] Loading compiled-in X.509 certificates
[    0.481730] Loaded X.509 cert 'Build time autogenerated kernel key: 7359cd6f35556afd3f7b15f9345cdf7b8a00a58f'
[    0.485902] page_owner is disabled
[    0.486625] Key type .fscrypt registered
[    0.487330] Key type fscrypt-provisioning registered
[    0.488803] Btrfs loaded, zoned=yes, fsverity=yes
[    0.489682] Key type big_key registered
[    0.493520] Key type encrypted registered
[    0.494262] ima: No TPM chip found, activating TPM-bypass!
[    0.495243] Loading compiled-in module X.509 certificates
[    0.496574] Loaded X.509 cert 'Build time autogenerated kernel key: 7359cd6f35556afd3f7b15f9345cdf7b8a00a58f'
[    0.498344] ima: Allocated hash algorithm: sha256
[    0.499203] ima: No architecture policies found
[    0.500031] evm: Initialising EVM extended attributes:
[    0.500945] evm: security.selinux
[    0.501546] evm: security.SMACK64 (disabled)
[    0.502295] evm: security.SMACK64EXEC (disabled)
[    0.503117] evm: security.SMACK64TRANSMUTE (disabled)
[    0.504012] evm: security.SMACK64MMAP (disabled)
[    0.504831] evm: security.apparmor (disabled)
[    0.505605] evm: security.ima
[    0.506131] evm: security.capability
[    0.506771] evm: HMAC attrs: 0x1
[    0.529218] alg: No test for 842 (842-scomp)
[    0.530185] alg: No test for 842 (842-generic)
[    0.616252] PM:   Magic number: 3:373:1001
[    0.617132] serial 00:03: hash matches
[    0.621183] RAS: Correctable Errors collector initialized.
[    0.622308] clk: Disabling unused clocks
[    0.624894] Freeing unused decrypted memory: 2036K
[    0.626263] Freeing unused kernel image (initmem) memory: 2984K
[    0.627509] Write protecting the kernel read-only data: 32768k
[    0.629061] Freeing unused kernel image (rodata/data gap) memory: 1540K
[    0.668080] x86/mm: Checked W+X mappings: passed, no W+X pages found.
[    0.669063] Run /init as init process
Starting syslogd: OK
Starting klogd: OK
Running sysctl: OK
Saving 256 bits of creditable seed for next boot
Starting network: OK
Linux version 6.5.0-rc5-next-20230809-cbl (nathan@dev-arch.m3-large-x86-01) (ClangBuiltLinux clang version 11.1.0 (https://github.com/llvm/llvm-project 1fdec59bffc11ae37eb51a1b9869f0696bfd5312), ClangBuiltLinux LLD 11.1.0 (https://github.com/llvm/llvm-project 1fdec59bffc11ae37eb51a1b9869f0696bfd5312)) #1 SMP PREEMPT_DYNAMIC Sat Aug 12 19:58:18 UTC 2023
Stopping network: OK
Seeding 256 bits and crediting
Saving 256 bits of creditable seed for next boot
Stopping klogd: OK
Stopping syslogd: OK
umount: devtmpfs busy - remounted read-only
umount: can't unmount /: Invalid argument

The system is going down NOW!

Sent SIGTERM to all processes

Sent SIGKILL to all processes

Requesting system poweroff
[    2.749917] ACPI: PM: Preparing to enter system sleep state S5
[    2.750919] reboot: Power down
$ timeout --foreground 3m stdbuf -eL -oL /usr/sbin/qemu-system-x86_64 -display none -nodefaults -d unimp,guest_errors -append 'console=ttyS0 earlycon=uart8250,io,0x3f8' -kernel /home/nathan/tmp/build/cbl_lkt/linux-next/x86_64/arch/x86/boot/bzImage -initrd /home/nathan/cbl/llvm-kernel-testing/src/boot-utils/images/x86_64/rootfs.cpio -cpu host -enable-kvm -m 512m -smp 64 -serial mon:stdio
