/home/nathan/cbl/src/linux-next/net/ipv4/tcp_output.c:186:3: warning: result of comparison of constant -1 with expression of type 'u8' (aka 'unsigned char') is always false [-Wtautological-constant-out-of-range-compare]
                NET_ADD_STATS(sock_net(sk), LINUX_MIB_TCPACKCOMPRESSED,
                ^~~~~~~~~~~~~~~~~~~~~~~~~~~~~~~~~~~~~~~~~~~~~~~~~~~~~~~
/home/nathan/cbl/src/linux-next/include/net/ip.h:301:41: note: expanded from macro 'NET_ADD_STATS'
#define NET_ADD_STATS(net, field, adnd) SNMP_ADD_STATS((net)->mib.net_statistics, field, adnd)
                                        ^~~~~~~~~~~~~~~~~~~~~~~~~~~~~~~~~~~~~~~~~~~~~~~~~~~~~~
/home/nathan/cbl/src/linux-next/include/net/snmp.h:143:4: note: expanded from macro 'SNMP_ADD_STATS'
                        this_cpu_add(mib->mibs[field], addend)
                        ^~~~~~~~~~~~~~~~~~~~~~~~~~~~~~~~~~~~~~
/home/nathan/cbl/src/linux-next/include/linux/percpu-defs.h:491:33: note: expanded from macro 'this_cpu_add'
#define this_cpu_add(pcp, val)          __pcpu_size_call(this_cpu_add_, pcp, val)
                                        ^~~~~~~~~~~~~~~~~~~~~~~~~~~~~~~~~~~~~~~~~
note: (skipping 1 expansions in backtrace; use -fmacro-backtrace-limit=0 to see all)
<scratch space>:42:1: note: expanded from here
this_cpu_add_8
^
/home/nathan/cbl/src/linux-next/arch/x86/include/asm/percpu.h:370:35: note: expanded from macro 'this_cpu_add_8'
#define this_cpu_add_8(pcp, val)                percpu_add_op(8, volatile, (pcp), val)
                                                ^~~~~~~~~~~~~~~~~~~~~~~~~~~~~~~~~~~~~~
/home/nathan/cbl/src/linux-next/arch/x86/include/asm/percpu.h:127:31: note: expanded from macro 'percpu_add_op'
                              ((val) == 1 || (val) == -1)) ?            \
                                             ~~~~~ ^  ~~
1 warning generated.
/home/nathan/cbl/src/linux-next/drivers/block/rbd.c:6149:17: warning: result of comparison of constant 2305843009213693948 with expression of type 'u32' (aka 'unsigned int') is always false [-Wtautological-constant-out-of-range-compare]
        if (snap_count > (SIZE_MAX - sizeof (struct ceph_snap_context))
            ~~~~~~~~~~ ^ ~~~~~~~~~~~~~~~~~~~~~~~~~~~~~~~~~~~~~~~~~~~~~~
1 warning generated.
/home/nathan/cbl/src/linux-next/net/ceph/osdmap.c:1441:10: warning: result of comparison of constant 4611686018427387891 with expression of type 'u32' (aka 'unsigned int') is always false [-Wtautological-constant-out-of-range-compare]
        if (len > (SIZE_MAX - sizeof(*pg)) / sizeof(u32))
            ~~~ ^ ~~~~~~~~~~~~~~~~~~~~~~~~~~~~~~~~~~~~~~
/home/nathan/cbl/src/linux-next/net/ceph/osdmap.c:1624:10: warning: result of comparison of constant 2305843009213693945 with expression of type 'u32' (aka 'unsigned int') is always false [-Wtautological-constant-out-of-range-compare]
        if (len > (SIZE_MAX - sizeof(*pg)) / (2 * sizeof(u32)))
            ~~~ ^ ~~~~~~~~~~~~~~~~~~~~~~~~~~~~~~~~~~~~~~~~~~~~
2 warnings generated.
/home/nathan/cbl/src/linux-next/fs/ceph/snap.c:372:10: warning: result of comparison of constant 2305843009213693948 with expression of type 'u32' (aka 'unsigned int') is always false [-Wtautological-constant-out-of-range-compare]
        if (num > (SIZE_MAX - sizeof(*snapc)) / sizeof(u64))
            ~~~ ^ ~~~~~~~~~~~~~~~~~~~~~~~~~~~~~~~~~~~~~~~~~
1 warning generated.

[01;32mQEMU location: [0m/usr/sbin[0m

[01;32mQEMU version: [0mQEMU emulator version 8.0.3[0m
[    0.000000] Linux version 6.5.0-rc5-next-20230809-cbl (nathan@dev-arch.m3-large-x86-01) (ClangBuiltLinux clang version 11.1.0 (https://github.com/llvm/llvm-project 1fdec59bffc11ae37eb51a1b9869f0696bfd5312), ClangBuiltLinux LLD 11.1.0 (https://github.com/llvm/llvm-project 1fdec59bffc11ae37eb51a1b9869f0696bfd5312)) #1 SMP PREEMPT_DYNAMIC Sat Aug 12 19:41:18 UTC 2023
[    0.000000] Command line: console=ttyS0 earlycon=uart8250,io,0x3f8
[    0.000000] BIOS-provided physical RAM map:
[    0.000000] BIOS-e820: [mem 0x0000000000000000-0x000000000009fbff] usable
[    0.000000] BIOS-e820: [mem 0x000000000009fc00-0x000000000009ffff] reserved
[    0.000000] BIOS-e820: [mem 0x00000000000f0000-0x00000000000fffff] reserved
[    0.000000] BIOS-e820: [mem 0x0000000000100000-0x000000001ffdffff] usable
[    0.000000] BIOS-e820: [mem 0x000000001ffe0000-0x000000001fffffff] reserved
[    0.000000] BIOS-e820: [mem 0x00000000feffc000-0x00000000feffffff] reserved
[    0.000000] BIOS-e820: [mem 0x00000000fffc0000-0x00000000ffffffff] reserved
[    0.000000] BIOS-e820: [mem 0x000000fd00000000-0x000000ffffffffff] reserved
[    0.000000] earlycon: uart8250 at I/O port 0x3f8 (options '')
[    0.000000] printk: bootconsole [uart8250] enabled
[    0.000000] NX (Execute Disable) protection: active
[    0.000000] SMBIOS 2.8 present.
[    0.000000] DMI: QEMU Standard PC (i440FX + PIIX, 1996), BIOS Arch Linux 1.16.2-1-1 04/01/2014
[    0.000000] Hypervisor detected: KVM
[    0.000000] kvm-clock: Using msrs 4b564d01 and 4b564d00
[    0.000000] kvm-clock: using sched offset of 152128318 cycles
[    0.000541] clocksource: kvm-clock: mask: 0xffffffffffffffff max_cycles: 0x1cd42e4dffb, max_idle_ns: 881590591483 ns
[    0.002129] tsc: Detected 2495.312 MHz processor
[    0.002748] last_pfn = 0x1ffe0 max_arch_pfn = 0x400000000
[    0.003305] MTRR map: 4 entries (3 fixed + 1 variable; max 19), built from 8 variable MTRRs
[    0.004124] x86/PAT: Configuration [0-7]: WB  WC  UC- UC  WB  WP  UC- WT  
[    0.007425] found SMP MP-table at [mem 0x000f6e60-0x000f6e6f]
[    0.008005] Using GB pages for direct mapping
[    0.008557] RAMDISK: [mem 0x1fad3000-0x1ffdffff]
[    0.009055] ACPI: Early table checksum verification disabled
[    0.009642] ACPI: RSDP 0x00000000000F6C90 000014 (v00 BOCHS )
[    0.010199] ACPI: RSDT 0x000000001FFE31D1 000034 (v01 BOCHS  BXPC     00000001 BXPC 00000001)
[    0.011034] ACPI: FACP 0x000000001FFE2E8D 000074 (v01 BOCHS  BXPC     00000001 BXPC 00000001)
[    0.011864] ACPI: DSDT 0x000000001FFE0040 002E4D (v01 BOCHS  BXPC     00000001 BXPC 00000001)
[    0.012692] ACPI: FACS 0x000000001FFE0000 000040
[    0.013145] ACPI: APIC 0x000000001FFE2F01 000270 (v01 BOCHS  BXPC     00000001 BXPC 00000001)
[    0.013973] ACPI: HPET 0x000000001FFE3171 000038 (v01 BOCHS  BXPC     00000001 BXPC 00000001)
[    0.014799] ACPI: WAET 0x000000001FFE31A9 000028 (v01 BOCHS  BXPC     00000001 BXPC 00000001)
[    0.015654] ACPI: Reserving FACP table memory at [mem 0x1ffe2e8d-0x1ffe2f00]
[    0.016331] ACPI: Reserving DSDT table memory at [mem 0x1ffe0040-0x1ffe2e8c]
[    0.017011] ACPI: Reserving FACS table memory at [mem 0x1ffe0000-0x1ffe003f]
[    0.017748] ACPI: Reserving APIC table memory at [mem 0x1ffe2f01-0x1ffe3170]
[    0.018428] ACPI: Reserving HPET table memory at [mem 0x1ffe3171-0x1ffe31a8]
[    0.019146] ACPI: Reserving WAET table memory at [mem 0x1ffe31a9-0x1ffe31d0]
[    0.020032] No NUMA configuration found
[    0.020403] Faking a node at [mem 0x0000000000000000-0x000000001ffdffff]
[    0.021054] NODE_DATA(0) allocated [mem 0x1face000-0x1fad2fff]
[    0.021632] Zone ranges:
[    0.021881]   DMA      [mem 0x0000000000001000-0x0000000000ffffff]
[    0.022484]   DMA32    [mem 0x0000000001000000-0x000000001ffdffff]
[    0.023085]   Normal   empty
[    0.023366] Movable zone start for each node
[    0.023783] Early memory node ranges
[    0.024124]   node   0: [mem 0x0000000000001000-0x000000000009efff]
[    0.024773]   node   0: [mem 0x0000000000100000-0x000000001ffdffff]
[    0.025375] Initmem setup node 0 [mem 0x0000000000001000-0x000000001ffdffff]
[    0.026288] On node 0, zone DMA: 1 pages in unavailable ranges
[    0.026311] On node 0, zone DMA: 97 pages in unavailable ranges
[    0.028060] On node 0, zone DMA32: 32 pages in unavailable ranges
[    0.028848] ACPI: PM-Timer IO Port: 0x608
[    0.029884] ACPI: LAPIC_NMI (acpi_id[0xff] dfl dfl lint[0x1])
[    0.030465] IOAPIC[0]: apic_id 0, version 17, address 0xfec00000, GSI 0-23
[    0.031162] ACPI: INT_SRC_OVR (bus 0 bus_irq 0 global_irq 2 dfl dfl)
[    0.031785] ACPI: INT_SRC_OVR (bus 0 bus_irq 5 global_irq 5 high level)
[    0.032422] ACPI: INT_SRC_OVR (bus 0 bus_irq 9 global_irq 9 high level)
[    0.033066] ACPI: INT_SRC_OVR (bus 0 bus_irq 10 global_irq 10 high level)
[    0.033777] ACPI: INT_SRC_OVR (bus 0 bus_irq 11 global_irq 11 high level)
[    0.034432] ACPI: Using ACPI (MADT) for SMP configuration information
[    0.035097] ACPI: HPET id: 0x8086a201 base: 0xfed00000
[    0.035591] TSC deadline timer available
[    0.035974] smpboot: Allowing 64 CPUs, 0 hotplug CPUs
[    0.036505] kvm-guest: KVM setup pv remote TLB flush
[    0.037001] kvm-guest: setup PV sched yield
[    0.037404] PM: hibernation: Registered nosave memory: [mem 0x00000000-0x00000fff]
[    0.038178] PM: hibernation: Registered nosave memory: [mem 0x0009f000-0x0009ffff]
[    0.038908] PM: hibernation: Registered nosave memory: [mem 0x000a0000-0x000effff]
[    0.039681] PM: hibernation: Registered nosave memory: [mem 0x000f0000-0x000fffff]
[    0.040405] [mem 0x20000000-0xfeffbfff] available for PCI devices
[    0.041035] Booting paravirtualized kernel on KVM
[    0.041488] clocksource: refined-jiffies: mask: 0xffffffff max_cycles: 0xffffffff, max_idle_ns: 1910969940391419 ns
[    0.042494] setup_percpu: NR_CPUS:256 nr_cpumask_bits:64 nr_cpu_ids:64 nr_node_ids:1
[    0.046018] percpu: Embedded 47 pages/cpu s155048 r8192 d29272 u262144
[    0.046785] Kernel command line: console=ttyS0 earlycon=uart8250,io,0x3f8
[    0.047513] random: crng init done
[    0.047884] printk: log_buf_len individual max cpu contribution: 4096 bytes
[    0.048563] printk: log_buf_len total cpu_extra contributions: 258048 bytes
[    0.049249] printk: log_buf_len min size: 262144 bytes
[    0.050109] printk: log_buf_len: 524288 bytes
[    0.050536] printk: early log buf free: 255776(97%)
[    0.051192] Dentry cache hash table entries: 65536 (order: 7, 524288 bytes, linear)
[    0.051970] Inode-cache hash table entries: 32768 (order: 6, 262144 bytes, linear)
[    0.053145] Fallback order for Node 0: 0 
[    0.053158] Built 1 zonelists, mobility grouping on.  Total pages: 128736
[    0.054268] Policy zone: DMA32
[    0.054571] mem auto-init: stack:off, heap alloc:on, heap free:off
[    0.056440] Memory: 473304K/523768K available (12288K kernel code, 1484K rwdata, 2292K rodata, 1424K init, 1048K bss, 50204K reserved, 0K cma-reserved)
[    0.058065] SLUB: HWalign=64, Order=0-3, MinObjects=0, CPUs=64, Nodes=1
[    0.058858] Dynamic Preempt: full
[    0.059487] rcu: Preemptible hierarchical RCU implementation.
[    0.060094] rcu: 	RCU restricting CPUs from NR_CPUS=256 to nr_cpu_ids=64.
[    0.060766] 	Trampoline variant of Tasks RCU enabled.
[    0.061258] 	Tracing variant of Tasks RCU enabled.
[    0.061780] rcu: RCU calculated value of scheduler-enlistment delay is 100 jiffies.
[    0.062535] rcu: Adjusting geometry for rcu_fanout_leaf=16, nr_cpu_ids=64
[    0.063263] NR_IRQS: 16640, nr_irqs: 936, preallocated irqs: 16
[    0.064062] rcu: srcu_init: Setting srcu_struct sizes based on contention.
[    0.064886] Console: colour *CGA 80x25
[    0.065273] printk: console [ttyS0] enabled
[    0.065273] printk: console [ttyS0] enabled
[    0.066140] printk: bootconsole [uart8250] disabled
[    0.066140] printk: bootconsole [uart8250] disabled
[    0.067142] ACPI: Core revision 20230628
[    0.067692] clocksource: hpet: mask: 0xffffffff max_cycles: 0xffffffff, max_idle_ns: 19112604467 ns
[    0.068708] APIC: Switch to symmetric I/O mode setup
[    0.069433] x2apic enabled
[    0.069924] Switched APIC routing to physical x2apic.
[    0.070426] kvm-guest: setup PV IPIs
[    0.071790] ..TIMER: vector=0x30 apic1=0 pin1=2 apic2=-1 pin2=-1
[    0.072901] tsc: Marking TSC unstable due to TSCs unsynchronized
[    0.073991] Calibrating delay loop (skipped) preset value.. 4990.62 BogoMIPS (lpj=2495312)
[    0.075177] x86/cpu: User Mode Instruction Prevention (UMIP) activated
[    0.076074] Last level iTLB entries: 4KB 512, 2MB 255, 4MB 127
[    0.076989] Last level dTLB entries: 4KB 512, 2MB 255, 4MB 127, 1GB 0
[    0.077992] Spectre V1 : Mitigation: usercopy/swapgs barriers and __user pointer sanitization
[    0.078990] Spectre V2 : Mitigation: Retpolines
[    0.079989] Spectre V2 : Spectre v2 / SpectreRSB mitigation: Filling RSB on context switch
[    0.080989] Spectre V2 : Spectre v2 / SpectreRSB : Filling RSB on VMEXIT
[    0.081989] Spectre V2 : Enabling Speculation Barrier for firmware calls
[    0.082989] RETBleed: Mitigation: IBPB
[    0.083990] Spectre V2 : mitigation: Enabling conditional Indirect Branch Prediction Barrier
[    0.084989] Speculative Store Bypass: Mitigation: Speculative Store Bypass disabled via prctl
[    0.085989] Speculative Return Stack Overflow: Retbleed IBPB mitigation enabled, using same for SRSO
[    0.087003] x86/fpu: Supporting XSAVE feature 0x001: 'x87 floating point registers'
[    0.087989] x86/fpu: Supporting XSAVE feature 0x002: 'SSE registers'
[    0.088989] x86/fpu: Supporting XSAVE feature 0x004: 'AVX registers'
[    0.089989] x86/fpu: xstate_offset[2]:  576, xstate_sizes[2]:  256
[    0.090989] x86/fpu: Enabled xstate features 0x7, context size is 832 bytes, using 'compacted' format.
[    0.095443] Freeing SMP alternatives memory: 36K
[    0.095989] pid_max: default: 65536 minimum: 512
[    0.097038] LSM: initializing lsm=capability,lockdown
[    0.098018] Mount-cache hash table entries: 1024 (order: 1, 8192 bytes, linear)
[    0.098989] Mountpoint-cache hash table entries: 1024 (order: 1, 8192 bytes, linear)
[    0.101199] smpboot: CPU0: AMD EPYC 7502P 32-Core Processor (family: 0x17, model: 0x31, stepping: 0x0)
[    0.102093] RCU Tasks: Setting shift to 6 and lim to 1 rcu_task_cb_adjust=1.
[    0.103011] RCU Tasks Trace: Setting shift to 6 and lim to 1 rcu_task_cb_adjust=1.
[    0.104004] Performance Events: Fam17h+ core perfctr, AMD PMU driver.
[    0.104993] ... version:                0
[    0.105736] ... bit width:              48
[    0.105990] ... generic registers:      6
[    0.106701] ... value mask:             0000ffffffffffff
[    0.106990] ... max period:             00007fffffffffff
[    0.107953] ... fixed-purpose events:   0
[    0.107990] ... event mask:             000000000000003f
[    0.109055] signal: max sigframe size: 1776
[    0.109843] rcu: Hierarchical SRCU implementation.
[    0.109991] rcu: 	Max phase no-delay instances is 400.
[    0.111384] smp: Bringing up secondary CPUs ...
[    0.112058] smpboot: x86: Booting SMP configuration:
[    0.112926] .... node  #0, CPUs:        #1  #2  #3  #4  #5  #6  #7  #8  #9 #10 #11 #12 #13 #14 #15 #16 #17 #18 #19 #20 #21 #22 #23 #24 #25 #26 #27 #28 #29 #30 #31 #32 #33 #34 #35 #36 #37 #38 #39 #40 #41 #42 #43 #44 #45 #46 #47 #48 #49 #50 #51 #52 #53 #54 #55 #56 #57 #58 #59 #60 #61 #62 #63
[    0.156247] smp: Brought up 1 node, 64 CPUs
[    0.157717] smpboot: Max logical packages: 1
[    0.158003] smpboot: Total of 64 processors activated (319399.93 BogoMIPS)
[    0.161253] devtmpfs: initialized
[    0.162096] clocksource: jiffies: mask: 0xffffffff max_cycles: 0xffffffff, max_idle_ns: 1911260446275000 ns
[    0.163055] futex hash table entries: 16384 (order: 8, 1048576 bytes, linear)
[    0.164083] pinctrl core: initialized pinctrl subsystem
[    0.165835] NET: Registered PF_NETLINK/PF_ROUTE protocol family
[    0.166067] audit: initializing netlink subsys (disabled)
[    0.167028] audit: type=2000 audit(1691869301.427:1): state=initialized audit_enabled=0 res=1
[    0.167077] thermal_sys: Registered thermal governor 'fair_share'
[    0.167991] thermal_sys: Registered thermal governor 'bang_bang'
[    0.168991] thermal_sys: Registered thermal governor 'step_wise'
[    0.169991] thermal_sys: Registered thermal governor 'user_space'
[    0.171047] cpuidle: using governor ladder
[    0.172712] cpuidle: using governor menu
[    0.174248] acpiphp: ACPI Hot Plug PCI Controller Driver version: 0.5
[    0.175100] PCI: Using configuration type 1 for base access
[    0.175991] PCI: Using configuration type 1 for extended access
[    0.178408] ACPI: Added _OSI(Module Device)
[    0.178992] ACPI: Added _OSI(Processor Device)
[    0.179784] ACPI: Added _OSI(3.0 _SCP Extensions)
[    0.179991] ACPI: Added _OSI(Processor Aggregator Device)
[    0.181672] ACPI: 1 ACPI AML tables successfully acquired and loaded
[    0.182654] ACPI: _OSC evaluation for CPUs failed, trying _PDC
[    0.183171] ACPI: Interpreter enabled
[    0.183828] ACPI: PM: (supports S0 S3 S4 S5)
[    0.183991] ACPI: Using IOAPIC for interrupt routing
[    0.184871] PCI: Using host bridge windows from ACPI; if necessary, use "pci=nocrs" and report a bug
[    0.184991] PCI: Using E820 reservations for host bridge windows
[    0.186091] ACPI: Enabled 2 GPEs in block 00 to 0F
[    0.190135] ACPI: PCI Root Bridge [PCI0] (domain 0000 [bus 00-ff])
[    0.190995] acpi PNP0A03:00: _OSC: OS supports [ExtendedConfig ASPM ClockPM Segments MSI HPX-Type3]
[    0.192227] acpiphp: Slot [2] registered
[    0.192956] acpiphp: Slot [3] registered
[    0.193003] acpiphp: Slot [4] registered
[    0.193711] acpiphp: Slot [5] registered
[    0.194001] acpiphp: Slot [6] registered
[    0.194733] acpiphp: Slot [7] registered
[    0.195003] acpiphp: Slot [8] registered
[    0.195696] acpiphp: Slot [9] registered
[    0.196002] acpiphp: Slot [10] registered
[    0.196755] acpiphp: Slot [11] registered
[    0.197007] acpiphp: Slot [12] registered
[    0.197724] acpiphp: Slot [13] registered
[    0.198003] acpiphp: Slot [14] registered
[    0.198750] acpiphp: Slot [15] registered
[    0.199002] acpiphp: Slot [16] registered
[    0.199732] acpiphp: Slot [17] registered
[    0.200004] acpiphp: Slot [18] registered
[    0.200762] acpiphp: Slot [19] registered
[    0.201002] acpiphp: Slot [20] registered
[    0.201738] acpiphp: Slot [21] registered
[    0.202003] acpiphp: Slot [22] registered
[    0.202747] acpiphp: Slot [23] registered
[    0.203002] acpiphp: Slot [24] registered
[    0.203738] acpiphp: Slot [25] registered
[    0.204004] acpiphp: Slot [26] registered
[    0.204746] acpiphp: Slot [27] registered
[    0.205002] acpiphp: Slot [28] registered
[    0.205734] acpiphp: Slot [29] registered
[    0.206003] acpiphp: Slot [30] registered
[    0.206743] acpiphp: Slot [31] registered
[    0.206998] PCI host bridge to bus 0000:00
[    0.207743] pci_bus 0000:00: root bus resource [io  0x0000-0x0cf7 window]
[    0.207992] pci_bus 0000:00: root bus resource [io  0x0d00-0xffff window]
[    0.208990] pci_bus 0000:00: root bus resource [mem 0x000a0000-0x000bffff window]
[    0.209991] pci_bus 0000:00: root bus resource [mem 0x20000000-0xfebfffff window]
[    0.210991] pci_bus 0000:00: root bus resource [mem 0x100000000-0x17fffffff window]
[    0.211992] pci_bus 0000:00: root bus resource [bus 00-ff]
[    0.213091] pci 0000:00:00.0: [8086:1237] type 00 class 0x060000
[    0.214333] pci 0000:00:01.0: [8086:7000] type 00 class 0x060100
[    0.215444] pci 0000:00:01.1: [8086:7010] type 00 class 0x010180
[    0.217262] pci 0000:00:01.1: reg 0x20: [io  0xc000-0xc00f]
[    0.218391] pci 0000:00:01.1: legacy IDE quirk: reg 0x10: [io  0x01f0-0x01f7]
[    0.218992] pci 0000:00:01.1: legacy IDE quirk: reg 0x14: [io  0x03f6]
[    0.219990] pci 0000:00:01.1: legacy IDE quirk: reg 0x18: [io  0x0170-0x0177]
[    0.220991] pci 0000:00:01.1: legacy IDE quirk: reg 0x1c: [io  0x0376]
[    0.222112] pci 0000:00:01.3: [8086:7113] type 00 class 0x068000
[    0.223337] pci 0000:00:01.3: quirk: [io  0x0600-0x063f] claimed by PIIX4 ACPI
[    0.223998] pci 0000:00:01.3: quirk: [io  0x0700-0x070f] claimed by PIIX4 SMB
[    0.225401] ACPI: PCI: Interrupt link LNKA configured for IRQ 10
[    0.226120] ACPI: PCI: Interrupt link LNKB configured for IRQ 10
[    0.227120] ACPI: PCI: Interrupt link LNKC configured for IRQ 11
[    0.228106] ACPI: PCI: Interrupt link LNKD configured for IRQ 11
[    0.229082] ACPI: PCI: Interrupt link LNKS configured for IRQ 9
[    0.231562] iommu: Default domain type: Translated
[    0.231992] iommu: DMA domain TLB invalidation policy: strict mode
[    0.233066] pps_core: LinuxPPS API ver. 1 registered
[    0.233976] pps_core: Software ver. 5.3.6 - Copyright 2005-2007 Rodolfo Giometti <giometti@linux.it>
[    0.233994] PTP clock support registered
[    0.234714] EDAC MC: Ver: 3.0.0
[    0.235132] PCI: Using ACPI for IRQ routing
[    0.236057] vgaarb: loaded
[    0.236502] hpet0: at MMIO 0xfed00000, IRQs 2, 8, 0
[    0.236992] hpet0: 3 comparators, 64-bit 100.000000 MHz counter
[    0.241246] clocksource: Switched to clocksource kvm-clock
[    0.242169] VFS: Disk quotas dquot_6.6.0
[    0.243148] VFS: Dquot-cache hash table entries: 512 (order 0, 4096 bytes)
[    0.244431] pnp: PnP ACPI init
[    0.245140] pnp: PnP ACPI: found 5 devices
[    0.253037] clocksource: acpi_pm: mask: 0xffffff max_cycles: 0xffffff, max_idle_ns: 2085701024 ns
[    0.254643] NET: Registered PF_INET protocol family
[    0.255529] IP idents hash table entries: 8192 (order: 4, 65536 bytes, linear)
[    0.257048] tcp_listen_portaddr_hash hash table entries: 256 (order: 0, 4096 bytes, linear)
[    0.258544] Table-perturb hash table entries: 65536 (order: 6, 262144 bytes, linear)
[    0.259911] TCP established hash table entries: 4096 (order: 3, 32768 bytes, linear)
[    0.261288] TCP bind hash table entries: 4096 (order: 5, 131072 bytes, linear)
[    0.262604] TCP: Hash tables configured (established 4096 bind 4096)
[    0.264034] MPTCP token hash table entries: 512 (order: 1, 12288 bytes, linear)
[    0.265344] UDP hash table entries: 256 (order: 1, 8192 bytes, linear)
[    0.266502] UDP-Lite hash table entries: 256 (order: 1, 8192 bytes, linear)
[    0.267812] NET: Registered PF_UNIX/PF_LOCAL protocol family
[    0.268817] NET: Registered PF_XDP protocol family
[    0.269822] pci_bus 0000:00: resource 4 [io  0x0000-0x0cf7 window]
[    0.270945] pci_bus 0000:00: resource 5 [io  0x0d00-0xffff window]
[    0.272027] pci_bus 0000:00: resource 6 [mem 0x000a0000-0x000bffff window]
[    0.273278] pci_bus 0000:00: resource 7 [mem 0x20000000-0xfebfffff window]
[    0.274531] pci_bus 0000:00: resource 8 [mem 0x100000000-0x17fffffff window]
[    0.275792] pci 0000:00:01.0: PIIX3: Enabling Passive Release
[    0.276812] pci 0000:00:00.0: Limiting direct PCI/PCI transfers
[    0.277917] PCI: CLS 0 bytes, default 64
[    0.278724] Trying to unpack rootfs image as initramfs...
[    0.279626] Initialise system trusted keyrings
[    0.281135] workingset: timestamp_bits=40 max_order=17 bucket_order=0
[    0.282318] zbud: loaded
[    0.282841] Key type asymmetric registered
[    0.283584] Asymmetric key parser 'x509' registered
[    0.283737] Freeing initrd memory: 5172K
[    0.284501] Block layer SCSI generic (bsg) driver version 0.4 loaded (major 246)
[    0.289228] shpchp: Standard Hot Plug PCI Controller Driver version: 0.4
[    0.292763] ERST DBG: ERST support is disabled.
[    0.293707] Serial: 8250/16550 driver, 4 ports, IRQ sharing enabled
[    0.295004] 00:03: ttyS0 at I/O 0x3f8 (irq = 4, base_baud = 115200) is a 16550A
[    0.303143] i8042: PNP: PS/2 Controller [PNP0303:KBD,PNP0f13:MOU] at 0x60,0x64 irq 1,12
[    0.305462] serio: i8042 KBD port at 0x60,0x64 irq 1
[    0.306395] serio: i8042 AUX port at 0x60,0x64 irq 12
[    0.307391] rtc_cmos 00:04: RTC can wake from S4
[    0.308703] input: AT Translated Set 2 keyboard as /devices/platform/i8042/serio0/input/input0
[    0.310632] rtc_cmos 00:04: registered as rtc0
[    0.311490] rtc_cmos 00:04: setting system clock to 2023-08-12T19:41:41 UTC (1691869301)
[    0.312932] rtc_cmos 00:04: alarms up to one day, y3k, 242 bytes nvram, hpet irqs
[    0.314234] amd_pstate: the _CPC object is not present in SBIOS or ACPI disabled
[    0.315695] gre: GRE over IPv4 demultiplexor driver
[    0.316567] NET: Registered PF_INET6 protocol family
[    0.320543] Segment Routing with IPv6
[    0.321190] In-situ OAM (IOAM) with IPv6
[    0.321952] Key type dns_resolver registered
[    0.327056] IPI shorthand broadcast: enabled
[    0.329191] sched_clock: Marking stable (323006844, 5241670)->(376753499, -48504985)
[    0.330994] registered taskstats version 1
[    0.332077] Loading compiled-in X.509 certificates
[    0.334517] Loaded X.509 cert 'Build time autogenerated kernel key: 1d65142de2ff882e6e4bf6f512d5a305b900b3ed'
[    0.338440] zswap: loaded using pool lzo/zbud
[    0.340377] Key type .fscrypt registered
[    0.341045] Key type fscrypt-provisioning registered
[    0.342014] clk: Disabling unused clocks
[    0.343647] Freeing unused kernel image (initmem) memory: 1424K
[    0.363273] Write protecting the kernel read-only data: 16384k
[    0.364916] Freeing unused kernel image (rodata/data gap) memory: 1804K
[    0.365855] Run /init as init process
Starting syslogd: OK
Starting klogd: OK
Running sysctl: OK
Saving 256 bits of creditable seed for next boot
Starting network: OK
Linux version 6.5.0-rc5-next-20230809-cbl (nathan@dev-arch.m3-large-x86-01) (ClangBuiltLinux clang version 11.1.0 (https://github.com/llvm/llvm-project 1fdec59bffc11ae37eb51a1b9869f0696bfd5312), ClangBuiltLinux LLD 11.1.0 (https://github.com/llvm/llvm-project 1fdec59bffc11ae37eb51a1b9869f0696bfd5312)) #1 SMP PREEMPT_DYNAMIC Sat Aug 12 19:41:18 UTC 2023
Stopping network: OK
Seeding 256 bits and crediting
Saving 256 bits of creditable seed for next boot
Stopping klogd: OK
Stopping syslogd: OK
umount: devtmpfs busy - remounted read-only
umount: can't unmount /: Invalid argument

The system is going down NOW!

Sent SIGTERM to all processes

Sent SIGKILL to all processes

Requesting system poweroff
[    2.437839] ACPI: PM: Preparing to enter system sleep state S5
[    2.438764] reboot: Power down
$ timeout --foreground 3m stdbuf -eL -oL /usr/sbin/qemu-system-x86_64 -display none -nodefaults -d unimp,guest_errors -append 'console=ttyS0 earlycon=uart8250,io,0x3f8' -kernel /home/nathan/tmp/build/cbl_lkt/linux-next/x86_64/arch/x86/boot/bzImage -initrd /home/nathan/cbl/llvm-kernel-testing/src/boot-utils/images/x86_64/rootfs.cpio -cpu host -enable-kvm -m 512m -smp 64 -serial mon:stdio
