/home/nathan/cbl/src/linux-next/drivers/bus/mhi/host/main.c:803:13: warning: parameter 'event_quota' set but not used [-Wunused-but-set-parameter]
  803 |                              u32 event_quota)
      |                                  ^
1 warning generated.
/home/nathan/cbl/src/linux-next/lib/radix-tree.c:1136:50: warning: parameter 'slot' set but not used [-Wunused-but-set-parameter]
 1136 | void __rcu **radix_tree_iter_resume(void __rcu **slot,
      |                                                  ^
1 warning generated.
/home/nathan/cbl/src/linux-next/sound/pci/ctxfi/ctatc.c:115:25: warning: cast from 'int (*)(struct hw *, struct src_mgr **)' to 'create_t' (aka 'int (*)(struct hw *, void **)') converts to incompatible function type [-Wcast-function-type-strict]
  115 |         [SRC]           = { .create     = (create_t)src_mgr_create,
      |                                           ^~~~~~~~~~~~~~~~~~~~~~~~
/home/nathan/cbl/src/linux-next/sound/pci/ctxfi/ctatc.c:116:20: warning: cast from 'int (*)(struct src_mgr *)' to 'destroy_t' (aka 'int (*)(void *)') converts to incompatible function type [-Wcast-function-type-strict]
  116 |                             .destroy    = (destroy_t)src_mgr_destroy    },
      |                                           ^~~~~~~~~~~~~~~~~~~~~~~~~~
/home/nathan/cbl/src/linux-next/sound/pci/ctxfi/ctatc.c:117:27: warning: cast from 'int (*)(struct hw *, struct srcimp_mgr **)' to 'create_t' (aka 'int (*)(struct hw *, void **)') converts to incompatible function type [-Wcast-function-type-strict]
  117 |         [SRCIMP]        = { .create     = (create_t)srcimp_mgr_create,
      |                                           ^~~~~~~~~~~~~~~~~~~~~~~~~~~
/home/nathan/cbl/src/linux-next/sound/pci/ctxfi/ctatc.c:118:20: warning: cast from 'int (*)(struct srcimp_mgr *)' to 'destroy_t' (aka 'int (*)(void *)') converts to incompatible function type [-Wcast-function-type-strict]
  118 |                             .destroy    = (destroy_t)srcimp_mgr_destroy },
      |                                           ^~~~~~~~~~~~~~~~~~~~~~~~~~~~~
/home/nathan/cbl/src/linux-next/sound/pci/ctxfi/ctatc.c:119:25: warning: cast from 'int (*)(struct hw *, struct amixer_mgr **)' to 'create_t' (aka 'int (*)(struct hw *, void **)') converts to incompatible function type [-Wcast-function-type-strict]
  119 |         [AMIXER]        = { .create     = (create_t)amixer_mgr_create,
      |                                           ^~~~~~~~~~~~~~~~~~~~~~~~~~~
/home/nathan/cbl/src/linux-next/sound/pci/ctxfi/ctatc.c:120:19: warning: cast from 'int (*)(struct amixer_mgr *)' to 'destroy_t' (aka 'int (*)(void *)') converts to incompatible function type [-Wcast-function-type-strict]
  120 |                             .destroy    = (destroy_t)amixer_mgr_destroy },
      |                                           ^~~~~~~~~~~~~~~~~~~~~~~~~~~~~
/home/nathan/cbl/src/linux-next/sound/pci/ctxfi/ctatc.c:121:23: warning: cast from 'int (*)(struct hw *, struct sum_mgr **)' to 'create_t' (aka 'int (*)(struct hw *, void **)') converts to incompatible function type [-Wcast-function-type-strict]
  121 |         [SUM]           = { .create     = (create_t)sum_mgr_create,
      |                                           ^~~~~~~~~~~~~~~~~~~~~~~~
/home/nathan/cbl/src/linux-next/sound/pci/ctxfi/ctatc.c:122:19: warning: cast from 'int (*)(struct sum_mgr *)' to 'destroy_t' (aka 'int (*)(void *)') converts to incompatible function type [-Wcast-function-type-strict]
  122 |                             .destroy    = (destroy_t)sum_mgr_destroy    },
      |                                           ^~~~~~~~~~~~~~~~~~~~~~~~~~
/home/nathan/cbl/src/linux-next/sound/pci/ctxfi/ctatc.c:123:24: warning: cast from 'int (*)(struct hw *, struct daio_mgr **)' to 'create_t' (aka 'int (*)(struct hw *, void **)') converts to incompatible function type [-Wcast-function-type-strict]
  123 |         [DAIO]          = { .create     = (create_t)daio_mgr_create,
      |                                           ^~~~~~~~~~~~~~~~~~~~~~~~~
/home/nathan/cbl/src/linux-next/sound/pci/ctxfi/ctatc.c:124:19: warning: cast from 'int (*)(struct daio_mgr *)' to 'destroy_t' (aka 'int (*)(void *)') converts to incompatible function type [-Wcast-function-type-strict]
  124 |                             .destroy    = (destroy_t)daio_mgr_destroy   }
      |                                           ^~~~~~~~~~~~~~~~~~~~~~~~~~~
10 warnings generated.
/home/nathan/cbl/src/linux-next/sound/core/seq/seq_midi.c:135:30: warning: cast from 'int (*)(struct snd_rawmidi_substream *, const char *, int)' to 'snd_seq_dump_func_t' (aka 'int (*)(void *, void *, int)') converts to incompatible function type [-Wcast-function-type-strict]
  135 |                 snd_seq_dump_var_event(ev, (snd_seq_dump_func_t)dump_midi, substream);
      |                                            ^~~~~~~~~~~~~~~~~~~~~~~~~~~~~~
1 warning generated.
/home/nathan/cbl/src/linux-next/sound/core/seq/seq_virmidi.c:83:31: warning: cast from 'int (*)(struct snd_rawmidi_substream *, const unsigned char *, int)' to 'snd_seq_dump_func_t' (aka 'int (*)(void *, void *, int)') converts to incompatible function type [-Wcast-function-type-strict]
   83 |                         snd_seq_dump_var_event(ev, (snd_seq_dump_func_t)snd_rawmidi_receive, vmidi->substream);
      |                                                    ^~~~~~~~~~~~~~~~~~~~~~~~~~~~~~~~~~~~~~~~
1 warning generated.
/home/nathan/cbl/src/linux-next/drivers/block/rbd.c:6149:17: warning: result of comparison of constant 2305843009213693948 with expression of type 'u32' (aka 'unsigned int') is always false [-Wtautological-constant-out-of-range-compare]
 6149 |         if (snap_count > (SIZE_MAX - sizeof (struct ceph_snap_context))
      |             ~~~~~~~~~~ ^ ~~~~~~~~~~~~~~~~~~~~~~~~~~~~~~~~~~~~~~~~~~~~~~
 6150 |                                  / sizeof (u64)) {
      |                                  ~~~~~~~~~~~~~~
1 warning generated.
/home/nathan/cbl/src/linux-next/lib/kunit/test.c:815:38: warning: cast from 'void (*)(const void *)' to 'kunit_action_t *' (aka 'void (*)(void *)') converts to incompatible function type [-Wcast-function-type-strict]
  815 |         if (kunit_add_action_or_reset(test, (kunit_action_t *)kfree, data) != 0)
      |                                             ^~~~~~~~~~~~~~~~~~~~~~~
/home/nathan/cbl/src/linux-next/lib/kunit/test.c:827:29: warning: cast from 'void (*)(const void *)' to 'kunit_action_t *' (aka 'void (*)(void *)') converts to incompatible function type [-Wcast-function-type-strict]
  827 |         kunit_release_action(test, (kunit_action_t *)kfree, (void *)ptr);
      |                                    ^~~~~~~~~~~~~~~~~~~~~~~
2 warnings generated.
/home/nathan/cbl/src/linux-next/drivers/block/drbd/drbd_state.c:1632:3: warning: cast from 'int (*)(struct sk_buff *, unsigned int, struct drbd_resource_state_change *, enum drbd_notification_type)' to 'typeof (last_func)' (aka 'int (*)(struct sk_buff *, unsigned int, void *, enum drbd_notification_type)') converts to incompatible function type [-Wcast-function-type-strict]
 1632 |                 REMEMBER_STATE_CHANGE(notify_resource_state_change,
      |                 ^~~~~~~~~~~~~~~~~~~~~~~~~~~~~~~~~~~~~~~~~~~~~~~~~~~
 1633 |                                       resource_state_change, NOTIFY_CHANGE);
      |                                       ~~~~~~~~~~~~~~~~~~~~~~~~~~~~~~~~~~~~~
/home/nathan/cbl/src/linux-next/drivers/block/drbd/drbd_state.c:1619:17: note: expanded from macro 'REMEMBER_STATE_CHANGE'
 1619 |            last_func = (typeof(last_func))func; \
      |                        ^~~~~~~~~~~~~~~~~~~~~~~
/home/nathan/cbl/src/linux-next/drivers/block/drbd/drbd_state.c:1641:4: warning: cast from 'int (*)(struct sk_buff *, unsigned int, struct drbd_connection_state_change *, enum drbd_notification_type)' to 'typeof (last_func)' (aka 'int (*)(struct sk_buff *, unsigned int, void *, enum drbd_notification_type)') converts to incompatible function type [-Wcast-function-type-strict]
 1641 |                         REMEMBER_STATE_CHANGE(notify_connection_state_change,
      |                         ^~~~~~~~~~~~~~~~~~~~~~~~~~~~~~~~~~~~~~~~~~~~~~~~~~~~~
 1642 |                                               connection_state_change, NOTIFY_CHANGE);
      |                                               ~~~~~~~~~~~~~~~~~~~~~~~~~~~~~~~~~~~~~~~
/home/nathan/cbl/src/linux-next/drivers/block/drbd/drbd_state.c:1619:17: note: expanded from macro 'REMEMBER_STATE_CHANGE'
 1619 |            last_func = (typeof(last_func))func; \
      |                        ^~~~~~~~~~~~~~~~~~~~~~~
/home/nathan/cbl/src/linux-next/drivers/block/drbd/drbd_state.c:1650:4: warning: cast from 'int (*)(struct sk_buff *, unsigned int, struct drbd_device_state_change *, enum drbd_notification_type)' to 'typeof (last_func)' (aka 'int (*)(struct sk_buff *, unsigned int, void *, enum drbd_notification_type)') converts to incompatible function type [-Wcast-function-type-strict]
 1650 |                         REMEMBER_STATE_CHANGE(notify_device_state_change,
      |                         ^~~~~~~~~~~~~~~~~~~~~~~~~~~~~~~~~~~~~~~~~~~~~~~~~
 1651 |                                               device_state_change, NOTIFY_CHANGE);
      |                                               ~~~~~~~~~~~~~~~~~~~~~~~~~~~~~~~~~~~
/home/nathan/cbl/src/linux-next/drivers/block/drbd/drbd_state.c:1619:17: note: expanded from macro 'REMEMBER_STATE_CHANGE'
 1619 |            last_func = (typeof(last_func))func; \
      |                        ^~~~~~~~~~~~~~~~~~~~~~~
/home/nathan/cbl/src/linux-next/drivers/block/drbd/drbd_state.c:1664:4: warning: cast from 'int (*)(struct sk_buff *, unsigned int, struct drbd_peer_device_state_change *, enum drbd_notification_type)' to 'typeof (last_func)' (aka 'int (*)(struct sk_buff *, unsigned int, void *, enum drbd_notification_type)') converts to incompatible function type [-Wcast-function-type-strict]
 1664 |                         REMEMBER_STATE_CHANGE(notify_peer_device_state_change,
      |                         ^~~~~~~~~~~~~~~~~~~~~~~~~~~~~~~~~~~~~~~~~~~~~~~~~~~~~~
 1665 |                                               p, NOTIFY_CHANGE);
      |                                               ~~~~~~~~~~~~~~~~~
/home/nathan/cbl/src/linux-next/drivers/block/drbd/drbd_state.c:1619:17: note: expanded from macro 'REMEMBER_STATE_CHANGE'
 1619 |            last_func = (typeof(last_func))func; \
      |                        ^~~~~~~~~~~~~~~~~~~~~~~
4 warnings generated.
/home/nathan/cbl/src/linux-next/drivers/net/wireless/broadcom/brcm80211/brcmsmac/phy_shim.c:64:34: warning: cast from 'void (*)(struct brcms_phy *)' to 'void (*)(void *)' converts to incompatible function type [-Wcast-function-type-strict]
   64 |                         brcms_init_timer(physhim->wl, (void (*)(void *))fn,
      |                                                       ^~~~~~~~~~~~~~~~~~~~
1 warning generated.
/home/nathan/cbl/src/linux-next/drivers/net/wireless/ath/ath5k/mac80211-ops.c:367:62: warning: parameter 'changed_flags' set but not used [-Wunused-but-set-parameter]
  367 | ath5k_configure_filter(struct ieee80211_hw *hw, unsigned int changed_flags,
      |                                                              ^
1 warning generated.
/home/nathan/cbl/src/linux-next/drivers/net/wireless/ath/ath9k/main.c:1566:21: warning: parameter 'changed_flags' set but not used [-Wunused-but-set-parameter]
 1566 |                                    unsigned int changed_flags,
      |                                                 ^
1 warning generated.
/home/nathan/cbl/src/linux-next/drivers/net/wireless/ath/ath9k/htc_drv_main.c:1258:25: warning: parameter 'changed_flags' set but not used [-Wunused-but-set-parameter]
 1258 |                                        unsigned int changed_flags,
      |                                                     ^
1 warning generated.
/home/nathan/cbl/src/linux-next/sound/soc/meson/aiu.c:249:12: warning: cast from 'void (*)(struct clk *)' to 'void (*)(void *)' converts to incompatible function type [-Wcast-function-type-strict]
  249 |                                        (void(*)(void *))clk_disable_unprepare,
      |                                        ^~~~~~~~~~~~~~~~~~~~~~~~~~~~~~~~~~~~~~
/home/nathan/cbl/src/linux-next/include/linux/device.h:407:38: note: expanded from macro 'devm_add_action_or_reset'
  407 |         __devm_add_action_or_reset(release, action, data, #action)
      |                                             ^~~~~~
1 warning generated.
/home/nathan/cbl/src/linux-next/drivers/media/usb/pvrusb2/pvrusb2-v4l2.c:1070:30: warning: cast from 'void (*)(struct pvr2_v4l2_fh *)' to 'pvr2_stream_callback' (aka 'void (*)(void *)') converts to incompatible function type [-Wcast-function-type-strict]
 1070 |         pvr2_stream_set_callback(sp,(pvr2_stream_callback)pvr2_v4l2_notify,fh);
      |                                     ^~~~~~~~~~~~~~~~~~~~~~~~~~~~~~~~~~~~~~
1 warning generated.
/home/nathan/cbl/src/linux-next/drivers/firmware/dmi-id.c:174:17: warning: cast from 'void (*)(const void *)' to 'void (*)(struct device *)' converts to incompatible function type [-Wcast-function-type-strict]
  174 |         .dev_release = (void(*)(struct device *)) kfree,
      |                        ^~~~~~~~~~~~~~~~~~~~~~~~~~~~~~~~
1 warning generated.
/home/nathan/cbl/src/linux-next/drivers/media/usb/pvrusb2/pvrusb2-context.c:110:6: warning: cast from 'void (*)(struct pvr2_context *)' to 'void (*)(void *)' converts to incompatible function type [-Wcast-function-type-strict]
  110 |                                         (void (*)(void *))pvr2_context_notify,
      |                                         ^~~~~~~~~~~~~~~~~~~~~~~~~~~~~~~~~~~~~
1 warning generated.
/home/nathan/cbl/src/linux-next/sound/soc/meson/t9015.c:274:4: warning: cast from 'void (*)(struct clk *)' to 'void (*)(void *)' converts to incompatible function type [-Wcast-function-type-strict]
  274 |                         (void(*)(void *))clk_disable_unprepare,
      |                         ^~~~~~~~~~~~~~~~~~~~~~~~~~~~~~~~~~~~~~
/home/nathan/cbl/src/linux-next/include/linux/device.h:407:38: note: expanded from macro 'devm_add_action_or_reset'
  407 |         __devm_add_action_or_reset(release, action, data, #action)
      |                                             ^~~~~~
1 warning generated.
/home/nathan/cbl/src/linux-next/drivers/media/usb/pvrusb2/pvrusb2-dvb.c:152:6: warning: cast from 'void (*)(struct pvr2_dvb_adapter *)' to 'pvr2_stream_callback' (aka 'void (*)(void *)') converts to incompatible function type [-Wcast-function-type-strict]
  152 |                                  (pvr2_stream_callback) pvr2_dvb_notify, adap);
      |                                  ^~~~~~~~~~~~~~~~~~~~~~~~~~~~~~~~~~~~~~
1 warning generated.
/home/nathan/cbl/src/linux-next/drivers/md/dm-integrity.c:4159:12: warning: result of comparison of constant 42949672950 with expression of type 'unsigned int' is always false [-Wtautological-constant-out-of-range-compare]
 4159 |                         if (val >= (uint64_t)UINT_MAX * 1000 / HZ) {
      |                             ~~~ ^  ~~~~~~~~~~~~~~~~~~~~~~~~~~~~~~
1 warning generated.
/home/nathan/cbl/src/linux-next/drivers/scsi/csiostor/csio_lnode.c:1098:33: warning: cast from 'void (*)(struct csio_lnode *, enum csio_ln_ev)' to 'csio_sm_state_t' (aka 'void (*)(void *, unsigned int)') converts to incompatible function type [-Wcast-function-type-strict]
 1098 |         return (csio_get_state(ln) == ((csio_sm_state_t)csio_lns_ready));
      |                                        ^~~~~~~~~~~~~~~~~~~~~~~~~~~~~~~
/home/nathan/cbl/src/linux-next/drivers/scsi/csiostor/csio_lnode.c:1369:29: warning: cast from 'void (*)(struct csio_lnode *, enum csio_ln_ev)' to 'csio_sm_state_t' (aka 'void (*)(void *, unsigned int)') converts to incompatible function type [-Wcast-function-type-strict]
 1369 |         if (csio_get_state(ln) == ((csio_sm_state_t)csio_lns_uninit)) {
      |                                    ^~~~~~~~~~~~~~~~~~~~~~~~~~~~~~~~
/home/nathan/cbl/src/linux-next/drivers/scsi/csiostor/csio_lnode.c:1373:29: warning: cast from 'void (*)(struct csio_lnode *, enum csio_ln_ev)' to 'csio_sm_state_t' (aka 'void (*)(void *, unsigned int)') converts to incompatible function type [-Wcast-function-type-strict]
 1373 |         if (csio_get_state(ln) == ((csio_sm_state_t)csio_lns_ready)) {
      |                                    ^~~~~~~~~~~~~~~~~~~~~~~~~~~~~~~
/home/nathan/cbl/src/linux-next/drivers/scsi/csiostor/csio_lnode.c:1377:29: warning: cast from 'void (*)(struct csio_lnode *, enum csio_ln_ev)' to 'csio_sm_state_t' (aka 'void (*)(void *, unsigned int)') converts to incompatible function type [-Wcast-function-type-strict]
 1377 |         if (csio_get_state(ln) == ((csio_sm_state_t)csio_lns_offline)) {
      |                                    ^~~~~~~~~~~~~~~~~~~~~~~~~~~~~~~~~
4 warnings generated.
/home/nathan/cbl/src/linux-next/sound/soc/qcom/qdsp6/q6apm-dai.c:355:38: warning: cast from 'void (*)(uint32_t, uint32_t, uint32_t *, void *)' (aka 'void (*)(unsigned int, unsigned int, unsigned int *, void *)') to 'q6apm_cb' (aka 'void (*)(unsigned int, unsigned int, void *, void *)') converts to incompatible function type [-Wcast-function-type-strict]
  355 |         prtd->graph = q6apm_graph_open(dev, (q6apm_cb)event_handler, prtd, graph_id);
      |                                             ^~~~~~~~~~~~~~~~~~~~~~~
/home/nathan/cbl/src/linux-next/sound/soc/qcom/qdsp6/q6apm-dai.c:499:38: warning: cast from 'void (*)(uint32_t, uint32_t, uint32_t *, void *)' (aka 'void (*)(unsigned int, unsigned int, unsigned int *, void *)') to 'q6apm_cb' (aka 'void (*)(unsigned int, unsigned int, void *, void *)') converts to incompatible function type [-Wcast-function-type-strict]
  499 |         prtd->graph = q6apm_graph_open(dev, (q6apm_cb)event_handler_compr, prtd, graph_id);
      |                                             ^~~~~~~~~~~~~~~~~~~~~~~~~~~~~
2 warnings generated.
/home/nathan/cbl/src/linux-next/fs/ubifs/find.c:170:9: warning: cast from 'int (*)(struct ubifs_info *, const struct ubifs_lprops *, int, struct scan_data *)' to 'ubifs_lpt_scan_callback' (aka 'int (*)(struct ubifs_info *, const struct ubifs_lprops *, int, void *)') converts to incompatible function type [-Wcast-function-type-strict]
  170 |                                     (ubifs_lpt_scan_callback)scan_for_dirty_cb,
      |                                     ^~~~~~~~~~~~~~~~~~~~~~~~~~~~~~~~~~~~~~~~~~
/home/nathan/cbl/src/linux-next/fs/ubifs/find.c:449:9: warning: cast from 'int (*)(struct ubifs_info *, const struct ubifs_lprops *, int, struct scan_data *)' to 'ubifs_lpt_scan_callback' (aka 'int (*)(struct ubifs_info *, const struct ubifs_lprops *, int, void *)') converts to incompatible function type [-Wcast-function-type-strict]
  449 |                                     (ubifs_lpt_scan_callback)scan_for_free_cb,
      |                                     ^~~~~~~~~~~~~~~~~~~~~~~~~~~~~~~~~~~~~~~~~
/home/nathan/cbl/src/linux-next/fs/ubifs/find.c:629:9: warning: cast from 'int (*)(struct ubifs_info *, const struct ubifs_lprops *, int, struct scan_data *)' to 'ubifs_lpt_scan_callback' (aka 'int (*)(struct ubifs_info *, const struct ubifs_lprops *, int, void *)') converts to incompatible function type [-Wcast-function-type-strict]
  629 |                                     (ubifs_lpt_scan_callback)scan_for_idx_cb,
      |                                     ^~~~~~~~~~~~~~~~~~~~~~~~~~~~~~~~~~~~~~~~
/home/nathan/cbl/src/linux-next/fs/ubifs/find.c:757:7: warning: cast from 'int (*)(const struct ubifs_lprops **, const struct ubifs_lprops **)' to 'int (*)(const void *, const void *)' converts to incompatible function type [-Wcast-function-type-strict]
  757 |              (int (*)(const void *, const void *))cmp_dirty_idx, NULL);
      |              ^~~~~~~~~~~~~~~~~~~~~~~~~~~~~~~~~~~~~~~~~~~~~~~~~~
/home/nathan/cbl/src/linux-next/fs/ubifs/find.c:846:9: warning: cast from 'int (*)(struct ubifs_info *, const struct ubifs_lprops *, int, struct scan_data *)' to 'ubifs_lpt_scan_callback' (aka 'int (*)(struct ubifs_info *, const struct ubifs_lprops *, int, void *)') converts to incompatible function type [-Wcast-function-type-strict]
  846 |                                     (ubifs_lpt_scan_callback)scan_dirty_idx_cb,
      |                                     ^~~~~~~~~~~~~~~~~~~~~~~~~~~~~~~~~~~~~~~~~~
5 warnings generated.
/home/nathan/cbl/src/linux-next/fs/ubifs/lprops.c:1272:9: warning: cast from 'int (*)(struct ubifs_info *, const struct ubifs_lprops *, int, struct ubifs_lp_stats *)' to 'ubifs_lpt_scan_callback' (aka 'int (*)(struct ubifs_info *, const struct ubifs_lprops *, int, void *)') converts to incompatible function type [-Wcast-function-type-strict]
 1272 |                                     (ubifs_lpt_scan_callback)scan_check_cb,
      |                                     ^~~~~~~~~~~~~~~~~~~~~~~~~~~~~~~~~~~~~~
1 warning generated.
/home/nathan/cbl/src/linux-next/net/ceph/osdmap.c:1441:10: warning: result of comparison of constant 4611686018427387891 with expression of type 'u32' (aka 'unsigned int') is always false [-Wtautological-constant-out-of-range-compare]
 1441 |         if (len > (SIZE_MAX - sizeof(*pg)) / sizeof(u32))
      |             ~~~ ^ ~~~~~~~~~~~~~~~~~~~~~~~~~~~~~~~~~~~~~~
/home/nathan/cbl/src/linux-next/net/ceph/osdmap.c:1624:10: warning: result of comparison of constant 2305843009213693945 with expression of type 'u32' (aka 'unsigned int') is always false [-Wtautological-constant-out-of-range-compare]
 1624 |         if (len > (SIZE_MAX - sizeof(*pg)) / (2 * sizeof(u32)))
      |             ~~~ ^ ~~~~~~~~~~~~~~~~~~~~~~~~~~~~~~~~~~~~~~~~~~~~
/home/nathan/cbl/src/linux-next/drivers/nvmem/meson-efuse.c:78:12: warning: cast from 'void (*)(struct clk *)' to 'void (*)(void *)' converts to incompatible function type [-Wcast-function-type-strict]
   78 |                                        (void(*)(void *))clk_disable_unprepare,
      |                                        ^~~~~~~~~~~~~~~~~~~~~~~~~~~~~~~~~~~~~~
/home/nathan/cbl/src/linux-next/include/linux/device.h:407:38: note: expanded from macro 'devm_add_action_or_reset'
  407 |         __devm_add_action_or_reset(release, action, data, #action)
      |                                             ^~~~~~
1 warning generated.
2 warnings generated.
/home/nathan/cbl/src/linux-next/fs/ceph/snap.c:372:10: warning: result of comparison of constant 2305843009213693948 with expression of type 'u32' (aka 'unsigned int') is always false [-Wtautological-constant-out-of-range-compare]
  372 |         if (num > (SIZE_MAX - sizeof(*snapc)) / sizeof(u64))
      |             ~~~ ^ ~~~~~~~~~~~~~~~~~~~~~~~~~~~~~~~~~~~~~~~~~
1 warning generated.
/home/nathan/cbl/src/linux-next/drivers/net/ethernet/qlogic/qed/qed_vf.c:63:67: warning: parameter 'resp_size' set but not used [-Wunused-but-set-parameter]
   63 | static int qed_send_msg2pf(struct qed_hwfn *p_hwfn, u8 *done, u32 resp_size)
      |                                                                   ^
1 warning generated.
/home/nathan/cbl/src/linux-next/drivers/infiniband/ulp/srpt/ib_srpt.c:1811:5: warning: cast from 'void (*)(struct ib_event *, struct srpt_rdma_ch *)' to 'void (*)(struct ib_event *, void *)' converts to incompatible function type [-Wcast-function-type-strict]
 1811 |                 = (void(*)(struct ib_event *, void*))srpt_qp_event;
      |                   ^~~~~~~~~~~~~~~~~~~~~~~~~~~~~~~~~~~~~~~~~~~~~~~~
1 warning generated.
/home/nathan/cbl/src/linux-next/drivers/gpu/drm/nouveau/nvkm/subdev/bios/shadow.c:161:10: warning: cast from 'void (*)(const struct firmware *)' to 'void (*)(void *)' converts to incompatible function type [-Wcast-function-type-strict]
  161 |         .fini = (void(*)(void *))release_firmware,
      |                 ^~~~~~~~~~~~~~~~~~~~~~~~~~~~~~~~~
1 warning generated.

[01;32mQEMU location: [0m/usr/sbin[0m

[01;32mQEMU version: [0mQEMU emulator version 8.0.3[0m
[    0.000000] Booting Linux on physical CPU 0x0000000000 [0x000f0510]
[    0.000000] Linux version 6.5.0-rc5-next-20230809-cbl (nathan@dev-arch.m3-large-x86-01) (ClangBuiltLinux clang version 17.0.0 (https://github.com/llvm/llvm-project edc0ee3ccad416ab186202bf928ea64e3a7987b7), ClangBuiltLinux LLD 17.0.0) #1 SMP PREEMPT_DYNAMIC Fri Aug 11 17:21:06 UTC 2023
[    0.000000] KASLR enabled
[    0.000000] random: crng init done
[    0.000000] Machine model: linux,dummy-virt
[    0.000000] efi: UEFI not found.
[    0.000000] earlycon: pl11 at MMIO 0x0000000009000000 (options '')
[    0.000000] printk: bootconsole [pl11] enabled
[    0.000000] NUMA: No NUMA configuration found
[    0.000000] NUMA: Faking a node at [mem 0x0000000040000000-0x000000005fffffff]
[    0.000000] NUMA: NODE_DATA [mem 0x5fc9f300-0x5fcb5fff]
[    0.000000] Zone ranges:
[    0.000000]   DMA      [mem 0x0000000040000000-0x000000005fffffff]
[    0.000000]   DMA32    empty
[    0.000000]   Normal   empty
[    0.000000]   Device   empty
[    0.000000] Movable zone start for each node
[    0.000000] Early memory node ranges
[    0.000000]   node   0: [mem 0x0000000040000000-0x000000005fffffff]
[    0.000000] Initmem setup node 0 [mem 0x0000000040000000-0x000000005fffffff]
[    0.000000] cma: Reserved 64 MiB at 0x000000005b400000 on node -1
[    0.000000] psci: probing for conduit method from DT.
[    0.000000] psci: PSCIv1.1 detected in firmware.
[    0.000000] psci: Using standard PSCI v0.2 function IDs
[    0.000000] psci: Trusted OS migration not required
[    0.000000] psci: SMC Calling Convention v1.0
[    0.000000] percpu: Embedded 33 pages/cpu s95400 r8192 d31576 u135168
[    0.000000] Detected PIPT I-cache on CPU0
[    0.000000] CPU features: detected: Branch Target Identification
[    0.000000] CPU features: detected: Address authentication (IMP DEF algorithm)
[    0.000000] CPU features: detected: GIC system register CPU interface
[    0.000000] CPU features: detected: HCRX_EL2 register
[    0.000000] CPU features: detected: Virtualization Host Extensions
[    0.000000] CPU features: detected: Hardware dirty bit management
[    0.000000] CPU features: detected: Spectre-v4
[    0.000000] alternatives: applying boot alternatives
[    0.000000] Kernel command line: console=ttyAMA0 earlycon
[    0.000000] Dentry cache hash table entries: 65536 (order: 7, 524288 bytes, linear)
[    0.000000] Inode-cache hash table entries: 32768 (order: 6, 262144 bytes, linear)
[    0.000000] Fallback order for Node 0: 0 
[    0.000000] Built 1 zonelists, mobility grouping on.  Total pages: 129024
[    0.000000] Policy zone: DMA
[    0.000000] mem auto-init: stack:all(zero), heap alloc:off, heap free:off
[    0.000000] software IO TLB: area num 1.
[    0.000000] software IO TLB: mapped [mem 0x0000000057337000-0x000000005b337000] (64MB)
[    0.000000] Memory: 315976K/524288K available (18496K kernel code, 4278K rwdata, 15048K rodata, 9536K init, 10508K bss, 142776K reserved, 65536K cma-reserved)
[    0.000000] SLUB: HWalign=64, Order=0-3, MinObjects=0, CPUs=1, Nodes=1
[    0.000000] ftrace: allocating 56446 entries in 221 pages
[    0.000000] ftrace: allocated 221 pages with 6 groups
[    0.000000] trace event string verifier disabled
[    0.000000] Dynamic Preempt: voluntary
[    0.000000] rcu: Preemptible hierarchical RCU implementation.
[    0.000000] rcu: 	RCU restricting CPUs from NR_CPUS=4096 to nr_cpu_ids=1.
[    0.000000] 	Trampoline variant of Tasks RCU enabled.
[    0.000000] 	Rude variant of Tasks RCU enabled.
[    0.000000] 	Tracing variant of Tasks RCU enabled.
[    0.000000] rcu: RCU calculated value of scheduler-enlistment delay is 10 jiffies.
[    0.000000] rcu: Adjusting geometry for rcu_fanout_leaf=16, nr_cpu_ids=1
[    0.000000] NR_IRQS: 64, nr_irqs: 64, preallocated irqs: 0
[    0.000000] GICv3: GIC: Using split EOI/Deactivate mode
[    0.000000] GICv3: 256 SPIs implemented
[    0.000000] GICv3: 0 Extended SPIs implemented
[    0.000000] Root IRQ handler: gic_handle_irq
[    0.000000] GICv3: GICv3 features: 16 PPIs
[    0.000000] GICv3: GICv4 features: 
[    0.000000] GICv3: CPU0: found redistributor 0 region 0:0x00000000080a0000
[    0.000000] ITS [mem 0x08080000-0x0809ffff]
[    0.000000] ITS@0x0000000008080000: Single VMOVP capable
[    0.000000] ITS@0x0000000008080000: allocated 8192 Devices @43df0000 (indirect, esz 8, psz 64K, shr 1)
[    0.000000] ITS@0x0000000008080000: allocated 8192 Interrupt Collections @43e00000 (flat, esz 8, psz 64K, shr 1)
[    0.000000] ITS@0x0000000008080000: allocated 8192 Virtual CPUs @43e10000 (indirect, esz 8, psz 64K, shr 1)
[    0.000000] GICv3: using LPI property table @0x0000000043e20000
[    0.000000] ITS: Allocated DevID ffff as GICv4 proxy device (2 slots)
[    0.000000] ITS: Enabling GICv4 support
[    0.000000] GICv3: CPU0: using allocated LPI pending table @0x0000000043e30000
[    0.000000] rcu: srcu_init: Setting srcu_struct sizes based on contention.
[    0.000000] arch_timer: cp15 timer(s) running at 62.50MHz (phys).
[    0.000000] clocksource: arch_sys_counter: mask: 0x1ffffffffffffff max_cycles: 0x1cd42e208c, max_idle_ns: 881590405314 ns
[    0.000230] sched_clock: 57 bits at 63MHz, resolution 16ns, wraps every 4398046511096ns
[    0.003060] kfence: initialized - using 2097152 bytes for 255 objects at 0x(____ptrval____)-0x(____ptrval____)
[    0.021659] Console: colour dummy device 80x25
[    0.028721] Calibrating delay loop (skipped), value calculated using timer frequency.. 125.00 BogoMIPS (lpj=625000)
[    0.029557] pid_max: default: 32768 minimum: 301
[    0.032356] LSM: initializing lsm=lockdown,capability,yama,selinux,bpf,landlock,integrity
[    0.033533] Yama: becoming mindful.
[    0.034574] SELinux:  Initializing.
[    0.035694] LSM support for eBPF active
[    0.035850] landlock: Up and running.
[    0.039323] Mount-cache hash table entries: 1024 (order: 1, 8192 bytes, linear)
[    0.039502] Mountpoint-cache hash table entries: 1024 (order: 1, 8192 bytes, linear)
[    0.078464] cacheinfo: Unable to detect cache hierarchy for CPU 0
[    0.092074] RCU Tasks: Setting shift to 0 and lim to 1 rcu_task_cb_adjust=1.
[    0.092516] RCU Tasks Rude: Setting shift to 0 and lim to 1 rcu_task_cb_adjust=1.
[    0.093283] RCU Tasks Trace: Setting shift to 0 and lim to 1 rcu_task_cb_adjust=1.
[    0.095327] rcu: Hierarchical SRCU implementation.
[    0.095436] rcu: 	Max phase no-delay instances is 1000.
[    0.104816] Platform MSI: its@8080000 domain created
[    0.105398] PCI/MSI: /intc@8000000/its@8080000 domain created
[    0.106078] fsl-mc MSI: its@8080000 domain created
[    0.107743] EFI services will not be available.
[    0.109976] smp: Bringing up secondary CPUs ...
[    0.111052] smp: Brought up 1 node, 1 CPU
[    0.111143] SMP: Total of 1 processors activated.
[    0.112161] CPU features: detected: 32-bit EL0 Support
[    0.112274] CPU features: detected: 32-bit EL1 Support
[    0.112352] CPU features: detected: ARMv8.4 Translation Table Level
[    0.112459] CPU features: detected: Data cache clean to the PoU not required for I/D coherence
[    0.112638] CPU features: detected: Common not Private translations
[    0.112741] CPU features: detected: CRC32 instructions
[    0.112813] CPU features: detected: Data cache clean to Point of Deep Persistence
[    0.112907] CPU features: detected: Data cache clean to Point of Persistence
[    0.112996] CPU features: detected: Data independent timing control (DIT)
[    0.113082] CPU features: detected: E0PD
[    0.113141] CPU features: detected: Enhanced Virtualization Traps
[    0.113277] CPU features: detected: Generic authentication (IMP DEF algorithm)
[    0.113369] CPU features: detected: RCpc load-acquire (LDAPR)
[    0.113448] CPU features: detected: LSE atomic instructions
[    0.113567] CPU features: detected: Privileged Access Never
[    0.113649] CPU features: detected: RAS Extension Support
[    0.113723] CPU features: detected: Random Number Generator
[    0.113802] CPU features: detected: Speculation barrier (SB)
[    0.113878] CPU features: detected: Stage-2 Force Write-Back
[    0.113954] CPU features: detected: TLB range maintenance instructions
[    0.114076] CPU features: detected: Scalable Matrix Extension
[    0.114154] CPU features: detected: FA64
[    0.114214] CPU features: detected: Speculative Store Bypassing Safe (SSBS)
[    0.114303] CPU features: detected: Scalable Vector Extension
[    0.127985] SVE: maximum available vector length 256 bytes per vector
[    0.128113] SVE: default vector length 64 bytes per vector
[    0.129137] SME: minimum available vector length 16 bytes per vector
[    0.129238] SME: maximum available vector length 256 bytes per vector
[    0.129328] SME: default vector length 32 bytes per vector
[    0.129778] CPU: All CPU(s) started at EL2
[    0.129866] alternatives: applying system-wide alternatives
[    0.160000] devtmpfs: initialized
[    0.180361] clocksource: jiffies: mask: 0xffffffff max_cycles: 0xffffffff, max_idle_ns: 19112604462750000 ns
[    0.180839] futex hash table entries: 256 (order: 2, 16384 bytes, linear)
[    0.186967] pinctrl core: initialized pinctrl subsystem
[    0.199117] DMI not present or invalid.
[    0.209023] NET: Registered PF_NETLINK/PF_ROUTE protocol family
[    0.220702] DMA: preallocated 128 KiB GFP_KERNEL pool for atomic allocations
[    0.221312] DMA: preallocated 128 KiB GFP_KERNEL|GFP_DMA pool for atomic allocations
[    0.221715] DMA: preallocated 128 KiB GFP_KERNEL|GFP_DMA32 pool for atomic allocations
[    0.222258] audit: initializing netlink subsys (disabled)
[    0.232010] thermal_sys: Registered thermal governor 'fair_share'
[    0.232116] thermal_sys: Registered thermal governor 'step_wise'
[    0.232211] thermal_sys: Registered thermal governor 'user_space'
[    0.232954] audit: type=2000 audit(0.200:1): state=initialized audit_enabled=0 res=1
[    0.233314] cpuidle: using governor menu
[    0.234791] hw-breakpoint: found 6 breakpoint and 4 watchpoint registers.
[    0.235314] ASID allocator initialised with 65536 entries
[    0.238917] Serial: AMBA PL011 UART driver
[    0.286458] 9000000.pl011: ttyAMA0 at MMIO 0x9000000 (irq = 14, base_baud = 0) is a PL011 rev1
[    0.287966] printk: console [ttyAMA0] enabled
[    0.287966] printk: console [ttyAMA0] enabled
[    0.288359] printk: bootconsole [pl11] disabled
[    0.288359] printk: bootconsole [pl11] disabled
[    0.305635] Modules: 2G module region forced by RANDOMIZE_MODULE_REGION_FULL
[    0.305802] Modules: 0 pages in range for non-PLT usage
[    0.305829] Modules: 509760 pages in range for PLT usage
[    0.351370] HugeTLB: registered 1.00 GiB page size, pre-allocated 0 pages
[    0.351546] HugeTLB: 0 KiB vmemmap can be freed for a 1.00 GiB page
[    0.351671] HugeTLB: registered 32.0 MiB page size, pre-allocated 0 pages
[    0.351762] HugeTLB: 0 KiB vmemmap can be freed for a 32.0 MiB page
[    0.351852] HugeTLB: registered 2.00 MiB page size, pre-allocated 0 pages
[    0.351939] HugeTLB: 0 KiB vmemmap can be freed for a 2.00 MiB page
[    0.352032] HugeTLB: registered 64.0 KiB page size, pre-allocated 0 pages
[    0.352119] HugeTLB: 0 KiB vmemmap can be freed for a 64.0 KiB page
[    0.360218] cryptd: max_cpu_qlen set to 1000
[    0.364490] raid6: skipped pq benchmark and selected neonx8
[    0.364654] raid6: using neon recovery algorithm
[    0.367074] ACPI: Interpreter disabled.
[    0.399173] iommu: Default domain type: Translated
[    0.399307] iommu: DMA domain TLB invalidation policy: lazy mode
[    0.402308] SCSI subsystem initialized
[    0.404814] usbcore: registered new interface driver usbfs
[    0.405170] usbcore: registered new interface driver hub
[    0.405445] usbcore: registered new device driver usb
[    0.406522] pps_core: LinuxPPS API ver. 1 registered
[    0.406609] pps_core: Software ver. 5.3.6 - Copyright 2005-2007 Rodolfo Giometti <giometti@linux.it>
[    0.406832] PTP clock support registered
[    0.408012] EDAC MC: Ver: 3.0.0
[    0.410892] scmi_core: SCMI protocol bus registered
[    0.421951] NetLabel: Initializing
[    0.422028] NetLabel:  domain hash size = 128
[    0.422099] NetLabel:  protocols = UNLABELED CIPSOv4 CALIPSO
[    0.423004] NetLabel:  unlabeled traffic allowed by default
[    0.423172] mctp: management component transport protocol core
[    0.423279] NET: Registered PF_MCTP protocol family
[    0.425266] vgaarb: loaded
[    0.429222] clocksource: Switched to clocksource arch_sys_counter
[    0.484291] VFS: Disk quotas dquot_6.6.0
[    0.484577] VFS: Dquot-cache hash table entries: 512 (order 0, 4096 bytes)
[    0.487564] pnp: PnP ACPI: disabled
[    0.519643] NET: Registered PF_INET protocol family
[    0.520895] IP idents hash table entries: 8192 (order: 4, 65536 bytes, linear)
[    0.531198] tcp_listen_portaddr_hash hash table entries: 256 (order: 0, 4096 bytes, linear)
[    0.531458] Table-perturb hash table entries: 65536 (order: 6, 262144 bytes, linear)
[    0.531721] TCP established hash table entries: 4096 (order: 3, 32768 bytes, linear)
[    0.532000] TCP bind hash table entries: 4096 (order: 5, 131072 bytes, linear)
[    0.532286] TCP: Hash tables configured (established 4096 bind 4096)
[    0.534136] MPTCP token hash table entries: 512 (order: 1, 12288 bytes, linear)
[    0.534557] UDP hash table entries: 256 (order: 1, 8192 bytes, linear)
[    0.534926] UDP-Lite hash table entries: 256 (order: 1, 8192 bytes, linear)
[    0.536579] NET: Registered PF_UNIX/PF_LOCAL protocol family
[    0.537121] NET: Registered PF_XDP protocol family
[    0.537378] PCI: CLS 0 bytes, default 64
[    0.540894] kvm [1]: IPA Size Limit: 48 bits
[    0.541605] kvm [1]: GICv4 support disabled
[    0.541705] kvm [1]: GICv3: no GICV resource entry
[    0.541887] kvm [1]: disabling GICv2 emulation
[    0.542072] kvm [1]: GIC system register CPU interface enabled
[    0.543192] kvm [1]: vgic interrupt IRQ9
[    0.543815] kvm [1]: VHE mode initialized successfully
[    0.547477] Trying to unpack rootfs image as initramfs...
[    0.565202] Initialise system trusted keyrings
[    0.567275] Key type blacklist registered
[    0.568695] workingset: timestamp_bits=37 max_order=17 bucket_order=0
[    0.569508] zbud: loaded
[    0.587632] integrity: Platform Keyring initialized
[    0.587874] integrity: Machine keyring initialized
[    0.679108] NET: Registered PF_ALG protocol family
[    0.679457] xor: measuring software checksum speed
[    0.684019]    8regs           :  2298 MB/sec
[    0.688512]    32regs          :  2327 MB/sec
[    0.696897]    arm64_neon      :  1233 MB/sec
[    0.697014] xor: using function: 32regs (2327 MB/sec)
[    0.708964] Key type asymmetric registered
[    0.709132] Asymmetric key parser 'x509' registered
[    0.720590] Freeing initrd memory: 4428K
[    0.744096] Block layer SCSI generic (bsg) driver version 0.4 loaded (major 244)
[    0.745054] io scheduler mq-deadline registered
[    0.745200] io scheduler kyber registered
[    0.745492] io scheduler bfq registered
[    0.769828] atomic64_test: passed
[    0.796317] pl061_gpio 9030000.pl061: PL061 GPIO chip registered
[    0.801539] pci-host-generic 4010000000.pcie: host bridge /pcie@10000000 ranges:
[    0.802370] pci-host-generic 4010000000.pcie:       IO 0x003eff0000..0x003effffff -> 0x0000000000
[    0.803109] pci-host-generic 4010000000.pcie:      MEM 0x0010000000..0x003efeffff -> 0x0010000000
[    0.803286] pci-host-generic 4010000000.pcie:      MEM 0x8000000000..0xffffffffff -> 0x8000000000
[    0.803882] pci-host-generic 4010000000.pcie: Memory resource size exceeds max for 32 bits
[    0.804499] pci-host-generic 4010000000.pcie: ECAM at [mem 0x4010000000-0x401fffffff] for [bus 00-ff]
[    0.806318] pci-host-generic 4010000000.pcie: PCI host bridge to bus 0000:00
[    0.806704] pci_bus 0000:00: root bus resource [bus 00-ff]
[    0.806864] pci_bus 0000:00: root bus resource [io  0x0000-0xffff]
[    0.806988] pci_bus 0000:00: root bus resource [mem 0x10000000-0x3efeffff]
[    0.807089] pci_bus 0000:00: root bus resource [mem 0x8000000000-0xffffffffff]
[    0.808770] pci 0000:00:00.0: [1b36:0008] type 00 class 0x060000
[    0.850549] Serial: 8250/16550 driver, 32 ports, IRQ sharing enabled
[    0.890520] msm_serial: driver initialized
[    0.909171] usbcore: registered new interface driver usbserial_generic
[    0.909499] usbserial: USB Serial support registered for generic
[    0.910391] mousedev: PS/2 mouse device common for all mice
[    0.915892] rtc-pl031 9010000.pl031: registered as rtc0
[    0.916637] rtc-pl031 9010000.pl031: setting system clock to 2023-08-11T17:22:29 UTC (1691774549)
[    0.921904] device-mapper: core: CONFIG_IMA_DISABLE_HTABLE is disabled. Duplicate IMA measurements will not be recorded in the IMA log.
[    0.922185] device-mapper: uevent: version 1.0.3
[    0.923221] device-mapper: ioctl: 4.48.0-ioctl (2023-03-01) initialised: dm-devel@redhat.com
[    0.927249] ledtrig-cpu: registered to indicate activity on CPUs
[    0.931519] hid: raw HID events driver (C) Jiri Kosina
[    0.932315] usbcore: registered new interface driver usbhid
[    0.932413] usbhid: USB HID core driver
[    0.938528] hw perfevents: enabled with armv8_pmuv3 PMU driver, 7 counters available
[    0.945264]  cs_system_cfg: CoreSight Configuration manager initialised
[    0.949220] drop_monitor: Initializing network drop monitor service
[    1.074901] Initializing XFRM netlink socket
[    1.076245] NET: Registered PF_INET6 protocol family
[    1.091941] Segment Routing with IPv6
[    1.092076] RPL Segment Routing with IPv6
[    1.092362] In-situ OAM (IOAM) with IPv6
[    1.093033] mip6: Mobile IPv6
[    1.093363] NET: Registered PF_PACKET protocol family
[    1.131549] registered taskstats version 1
[    1.135037] Loading compiled-in X.509 certificates
[    1.180348] Loaded X.509 cert 'Build time autogenerated kernel key: 9d5848aa0c512d9a5a509dc7158d5eb6ccf56fd8'
[    1.232973] page_owner is disabled
[    1.234190] Key type .fscrypt registered
[    1.234278] Key type fscrypt-provisioning registered
[    1.244904] Btrfs loaded, zoned=yes, fsverity=yes
[    1.246022] Key type big_key registered
[    1.251900] Key type encrypted registered
[    1.252670] ima: No TPM chip found, activating TPM-bypass!
[    1.252797] Loading compiled-in module X.509 certificates
[    1.254791] Loaded X.509 cert 'Build time autogenerated kernel key: 9d5848aa0c512d9a5a509dc7158d5eb6ccf56fd8'
[    1.255015] ima: Allocated hash algorithm: sha256
[    1.257290] ima: No architecture policies found
[    1.258118] evm: Initialising EVM extended attributes:
[    1.258217] evm: security.selinux
[    1.258308] evm: security.SMACK64 (disabled)
[    1.258373] evm: security.SMACK64EXEC (disabled)
[    1.258440] evm: security.SMACK64TRANSMUTE (disabled)
[    1.258511] evm: security.SMACK64MMAP (disabled)
[    1.258577] evm: security.apparmor (disabled)
[    1.258646] evm: security.ima
[    1.258697] evm: security.capability
[    1.258764] evm: HMAC attrs: 0x1
[    1.452695] alg: No test for 842 (842-scomp)
[    1.453266] alg: No test for 842 (842-generic)
[    2.125487] clk: Disabling unused clocks
[    2.129576] uart-pl011 9000000.pl011: no DMA platform data
[    2.223961] Freeing unused kernel memory: 9536K
[    2.269751] Checked W+X mappings: passed, no W+X pages found
[    2.270453] Run /init as init process
Starting syslogd: OK
Starting klogd: OK
Running sysctl: OK
Saving 256 bits of creditable seed for next boot
Starting network: OK
Linux version 6.5.0-rc5-next-20230809-cbl (nathan@dev-arch.m3-large-x86-01) (ClangBuiltLinux clang version 17.0.0 (https://github.com/llvm/llvm-project edc0ee3ccad416ab186202bf928ea64e3a7987b7), ClangBuiltLinux LLD 17.0.0) #1 SMP PREEMPT_DYNAMIC Fri Aug 11 17:21:06 UTC 2023
Stopping network: OK
Seeding 256 bits and crediting
Saving 256 bits of creditable seed for next boot
Stopping klogd: OK
Stopping syslogd: OK
umount: devtmpfs busy - remounted read-only
umount: can't unmount /: Invalid argument

The system is going down NOW!

Sent SIGTERM to all processes

Sent SIGKILL to all processes

Requesting system poweroff
[    5.208631] kvm: exiting hardware virtualization
[    5.210667] reboot: Power down
$ timeout --foreground 3m stdbuf -eL -oL /usr/sbin/qemu-system-aarch64 -display none -nodefaults -cpu max,pauth-impdef=true -machine virt,gic-version=max,virtualization=true -append 'console=ttyAMA0 earlycon' -kernel /home/nathan/tmp/build/cbl_lkt/linux-next/arm64/arch/arm64/boot/Image.gz -initrd /home/nathan/cbl/llvm-kernel-testing/src/boot-utils/images/arm64/rootfs.cpio -m 512m -serial mon:stdio
