/home/nathan/cbl/src/linux-next/drivers/bus/mhi/host/main.c:803:13: warning: parameter 'event_quota' set but not used [-Wunused-but-set-parameter]
  803 |                              u32 event_quota)
      |                                  ^
1 warning generated.
/home/nathan/cbl/src/linux-next/lib/radix-tree.c:1136:50: warning: parameter 'slot' set but not used [-Wunused-but-set-parameter]
 1136 | void __rcu **radix_tree_iter_resume(void __rcu **slot,
      |                                                  ^
1 warning generated.
/home/nathan/cbl/src/linux-next/sound/soc/meson/aiu.c:249:12: warning: cast from 'void (*)(struct clk *)' to 'void (*)(void *)' converts to incompatible function type [-Wcast-function-type-strict]
  249 |                                        (void(*)(void *))clk_disable_unprepare,
      |                                        ^~~~~~~~~~~~~~~~~~~~~~~~~~~~~~~~~~~~~~
/home/nathan/cbl/src/linux-next/include/linux/device.h:407:38: note: expanded from macro 'devm_add_action_or_reset'
  407 |         __devm_add_action_or_reset(release, action, data, #action)
      |                                             ^~~~~~
1 warning generated.
/home/nathan/cbl/src/linux-next/sound/soc/meson/t9015.c:274:4: warning: cast from 'void (*)(struct clk *)' to 'void (*)(void *)' converts to incompatible function type [-Wcast-function-type-strict]
  274 |                         (void(*)(void *))clk_disable_unprepare,
      |                         ^~~~~~~~~~~~~~~~~~~~~~~~~~~~~~~~~~~~~~
/home/nathan/cbl/src/linux-next/include/linux/device.h:407:38: note: expanded from macro 'devm_add_action_or_reset'
  407 |         __devm_add_action_or_reset(release, action, data, #action)
      |                                             ^~~~~~
1 warning generated.
/home/nathan/cbl/src/linux-next/sound/soc/qcom/qdsp6/q6apm-dai.c:355:38: warning: cast from 'void (*)(uint32_t, uint32_t, uint32_t *, void *)' (aka 'void (*)(unsigned int, unsigned int, unsigned int *, void *)') to 'q6apm_cb' (aka 'void (*)(unsigned int, unsigned int, void *, void *)') converts to incompatible function type [-Wcast-function-type-strict]
  355 |         prtd->graph = q6apm_graph_open(dev, (q6apm_cb)event_handler, prtd, graph_id);
      |                                             ^~~~~~~~~~~~~~~~~~~~~~~
/home/nathan/cbl/src/linux-next/sound/soc/qcom/qdsp6/q6apm-dai.c:499:38: warning: cast from 'void (*)(uint32_t, uint32_t, uint32_t *, void *)' (aka 'void (*)(unsigned int, unsigned int, unsigned int *, void *)') to 'q6apm_cb' (aka 'void (*)(unsigned int, unsigned int, void *, void *)') converts to incompatible function type [-Wcast-function-type-strict]
  499 |         prtd->graph = q6apm_graph_open(dev, (q6apm_cb)event_handler_compr, prtd, graph_id);
      |                                             ^~~~~~~~~~~~~~~~~~~~~~~~~~~~~
2 warnings generated.
/home/nathan/cbl/src/linux-next/drivers/firmware/dmi-id.c:174:17: warning: cast from 'void (*)(const void *)' to 'void (*)(struct device *)' converts to incompatible function type [-Wcast-function-type-strict]
  174 |         .dev_release = (void(*)(struct device *)) kfree,
      |                        ^~~~~~~~~~~~~~~~~~~~~~~~~~~~~~~~
1 warning generated.
/home/nathan/cbl/src/linux-next/fs/ubifs/find.c:170:9: warning: cast from 'int (*)(struct ubifs_info *, const struct ubifs_lprops *, int, struct scan_data *)' to 'ubifs_lpt_scan_callback' (aka 'int (*)(struct ubifs_info *, const struct ubifs_lprops *, int, void *)') converts to incompatible function type [-Wcast-function-type-strict]
  170 |                                     (ubifs_lpt_scan_callback)scan_for_dirty_cb,
      |                                     ^~~~~~~~~~~~~~~~~~~~~~~~~~~~~~~~~~~~~~~~~~
/home/nathan/cbl/src/linux-next/fs/ubifs/find.c:449:9: warning: cast from 'int (*)(struct ubifs_info *, const struct ubifs_lprops *, int, struct scan_data *)' to 'ubifs_lpt_scan_callback' (aka 'int (*)(struct ubifs_info *, const struct ubifs_lprops *, int, void *)') converts to incompatible function type [-Wcast-function-type-strict]
  449 |                                     (ubifs_lpt_scan_callback)scan_for_free_cb,
      |                                     ^~~~~~~~~~~~~~~~~~~~~~~~~~~~~~~~~~~~~~~~~
/home/nathan/cbl/src/linux-next/fs/ubifs/find.c:629:9: warning: cast from 'int (*)(struct ubifs_info *, const struct ubifs_lprops *, int, struct scan_data *)' to 'ubifs_lpt_scan_callback' (aka 'int (*)(struct ubifs_info *, const struct ubifs_lprops *, int, void *)') converts to incompatible function type [-Wcast-function-type-strict]
  629 |                                     (ubifs_lpt_scan_callback)scan_for_idx_cb,
      |                                     ^~~~~~~~~~~~~~~~~~~~~~~~~~~~~~~~~~~~~~~~
/home/nathan/cbl/src/linux-next/fs/ubifs/find.c:757:7: warning: cast from 'int (*)(const struct ubifs_lprops **, const struct ubifs_lprops **)' to 'int (*)(const void *, const void *)' converts to incompatible function type [-Wcast-function-type-strict]
  757 |              (int (*)(const void *, const void *))cmp_dirty_idx, NULL);
      |              ^~~~~~~~~~~~~~~~~~~~~~~~~~~~~~~~~~~~~~~~~~~~~~~~~~
/home/nathan/cbl/src/linux-next/fs/ubifs/find.c:846:9: warning: cast from 'int (*)(struct ubifs_info *, const struct ubifs_lprops *, int, struct scan_data *)' to 'ubifs_lpt_scan_callback' (aka 'int (*)(struct ubifs_info *, const struct ubifs_lprops *, int, void *)') converts to incompatible function type [-Wcast-function-type-strict]
  846 |                                     (ubifs_lpt_scan_callback)scan_dirty_idx_cb,
      |                                     ^~~~~~~~~~~~~~~~~~~~~~~~~~~~~~~~~~~~~~~~~~
5 warnings generated.
/home/nathan/cbl/src/linux-next/fs/ubifs/lprops.c:1272:9: warning: cast from 'int (*)(struct ubifs_info *, const struct ubifs_lprops *, int, struct ubifs_lp_stats *)' to 'ubifs_lpt_scan_callback' (aka 'int (*)(struct ubifs_info *, const struct ubifs_lprops *, int, void *)') converts to incompatible function type [-Wcast-function-type-strict]
 1272 |                                     (ubifs_lpt_scan_callback)scan_check_cb,
      |                                     ^~~~~~~~~~~~~~~~~~~~~~~~~~~~~~~~~~~~~~
1 warning generated.
/home/nathan/cbl/src/linux-next/drivers/nvmem/meson-efuse.c:78:12: warning: cast from 'void (*)(struct clk *)' to 'void (*)(void *)' converts to incompatible function type [-Wcast-function-type-strict]
   78 |                                        (void(*)(void *))clk_disable_unprepare,
      |                                        ^~~~~~~~~~~~~~~~~~~~~~~~~~~~~~~~~~~~~~
/home/nathan/cbl/src/linux-next/include/linux/device.h:407:38: note: expanded from macro 'devm_add_action_or_reset'
  407 |         __devm_add_action_or_reset(release, action, data, #action)
      |                                             ^~~~~~
1 warning generated.
/home/nathan/cbl/src/linux-next/drivers/gpu/drm/nouveau/nvkm/subdev/bios/shadow.c:161:10: warning: cast from 'void (*)(const struct firmware *)' to 'void (*)(void *)' converts to incompatible function type [-Wcast-function-type-strict]
  161 |         .fini = (void(*)(void *))release_firmware,
      |                 ^~~~~~~~~~~~~~~~~~~~~~~~~~~~~~~~~
1 warning generated.

[01;32mQEMU location: [0m/usr/sbin[0m

[01;32mQEMU version: [0mQEMU emulator version 8.0.3[0m
[    0.000000] Booting Linux on physical CPU 0x0000000000 [0x000f0510]
[    0.000000] Linux version 6.5.0-rc5-next-20230809-cbl-00030-g8150cbc757fd (nathan@dev-arch.m3-large-x86-01) (ClangBuiltLinux clang version 17.0.0 (https://github.com/llvm/llvm-project edc0ee3ccad416ab186202bf928ea64e3a7987b7), ClangBuiltLinux LLD 17.0.0) #1 SMP PREEMPT Fri Aug 11 16:41:19 UTC 2023
[    0.000000] KASLR enabled
[    0.000000] random: crng init done
[    0.000000] Machine model: linux,dummy-virt
[    0.000000] efi: UEFI not found.
[    0.000000] earlycon: pl11 at MMIO 0x0000000009000000 (options '')
[    0.000000] printk: bootconsole [pl11] enabled
[    0.000000] NUMA: No NUMA configuration found
[    0.000000] NUMA: Faking a node at [mem 0x0000000040000000-0x000000005fffffff]
[    0.000000] NUMA: NODE_DATA [mem 0x5fef29c0-0x5fef4fff]
[    0.000000] Zone ranges:
[    0.000000]   DMA      [mem 0x0000000040000000-0x000000005fffffff]
[    0.000000]   DMA32    empty
[    0.000000]   Normal   empty
[    0.000000] Movable zone start for each node
[    0.000000] Early memory node ranges
[    0.000000]   node   0: [mem 0x0000000040000000-0x000000005fffffff]
[    0.000000] Initmem setup node 0 [mem 0x0000000040000000-0x000000005fffffff]
[    0.000000] cma: Reserved 32 MiB at 0x000000005d600000 on node -1
[    0.000000] psci: probing for conduit method from DT.
[    0.000000] psci: PSCIv1.1 detected in firmware.
[    0.000000] psci: Using standard PSCI v0.2 function IDs
[    0.000000] psci: Trusted OS migration not required
[    0.000000] psci: SMC Calling Convention v1.0
[    0.000000] percpu: Embedded 22 pages/cpu s50536 r8192 d31384 u90112
[    0.000000] Detected PIPT I-cache on CPU0
[    0.000000] CPU features: detected: Branch Target Identification
[    0.000000] CPU features: detected: Address authentication (IMP DEF algorithm)
[    0.000000] CPU features: detected: GIC system register CPU interface
[    0.000000] CPU features: detected: HCRX_EL2 register
[    0.000000] CPU features: detected: Virtualization Host Extensions
[    0.000000] CPU features: detected: Hardware dirty bit management
[    0.000000] CPU features: detected: Spectre-v4
[    0.000000] alternatives: applying boot alternatives
[    0.000000] Kernel command line: console=ttyAMA0 earlycon
[    0.000000] Dentry cache hash table entries: 65536 (order: 7, 524288 bytes, linear)
[    0.000000] Inode-cache hash table entries: 32768 (order: 6, 262144 bytes, linear)
[    0.000000] Fallback order for Node 0: 0 
[    0.000000] Built 1 zonelists, mobility grouping on.  Total pages: 129024
[    0.000000] Policy zone: DMA
[    0.000000] mem auto-init: stack:all(zero), heap alloc:off, heap free:off
[    0.000000] software IO TLB: area num 1.
[    0.000000] software IO TLB: mapped [mem 0x0000000059600000-0x000000005d600000] (64MB)
[    0.000000] Memory: 374052K/524288K available (18112K kernel code, 4260K rwdata, 10244K rodata, 2176K init, 599K bss, 117468K reserved, 32768K cma-reserved)
[    0.000000] SLUB: HWalign=64, Order=0-3, MinObjects=0, CPUs=1, Nodes=1
[    0.000000] rcu: Preemptible hierarchical RCU implementation.
[    0.000000] rcu: 	RCU event tracing is enabled.
[    0.000000] rcu: 	RCU restricting CPUs from NR_CPUS=256 to nr_cpu_ids=1.
[    0.000000] 	Trampoline variant of Tasks RCU enabled.
[    0.000000] 	Tracing variant of Tasks RCU enabled.
[    0.000000] rcu: RCU calculated value of scheduler-enlistment delay is 25 jiffies.
[    0.000000] rcu: Adjusting geometry for rcu_fanout_leaf=16, nr_cpu_ids=1
[    0.000000] NR_IRQS: 64, nr_irqs: 64, preallocated irqs: 0
[    0.000000] GICv3: GIC: Using split EOI/Deactivate mode
[    0.000000] GICv3: 256 SPIs implemented
[    0.000000] GICv3: 0 Extended SPIs implemented
[    0.000000] Root IRQ handler: gic_handle_irq
[    0.000000] GICv3: GICv3 features: 16 PPIs
[    0.000000] GICv3: GICv4 features: 
[    0.000000] GICv3: CPU0: found redistributor 0 region 0:0x00000000080a0000
[    0.000000] ITS [mem 0x08080000-0x0809ffff]
[    0.000000] ITS@0x0000000008080000: Single VMOVP capable
[    0.000000] ITS@0x0000000008080000: allocated 8192 Devices @42840000 (indirect, esz 8, psz 64K, shr 1)
[    0.000000] ITS@0x0000000008080000: allocated 8192 Interrupt Collections @42850000 (flat, esz 8, psz 64K, shr 1)
[    0.000000] ITS@0x0000000008080000: allocated 8192 Virtual CPUs @42860000 (indirect, esz 8, psz 64K, shr 1)
[    0.000000] GICv3: using LPI property table @0x0000000042870000
[    0.000000] ITS: Allocated DevID ffff as GICv4 proxy device (2 slots)
[    0.000000] ITS: Enabling GICv4 support
[    0.000000] GICv3: CPU0: using allocated LPI pending table @0x0000000042880000
[    0.000000] rcu: srcu_init: Setting srcu_struct sizes based on contention.
[    0.000000] arch_timer: cp15 timer(s) running at 62.50MHz (phys).
[    0.000000] clocksource: arch_sys_counter: mask: 0x1ffffffffffffff max_cycles: 0x1cd42e208c, max_idle_ns: 881590405314 ns
[    0.000079] sched_clock: 57 bits at 63MHz, resolution 16ns, wraps every 4398046511096ns
[    0.020263] Console: colour dummy device 80x25
[    0.026713] Calibrating delay loop (skipped), value calculated using timer frequency.. 125.00 BogoMIPS (lpj=250000)
[    0.027667] pid_max: default: 32768 minimum: 301
[    0.029976] LSM: initializing lsm=capability,integrity
[    0.033914] Mount-cache hash table entries: 1024 (order: 1, 8192 bytes, linear)
[    0.034080] Mountpoint-cache hash table entries: 1024 (order: 1, 8192 bytes, linear)
[    0.071673] cacheinfo: Unable to detect cache hierarchy for CPU 0
[    0.081328] RCU Tasks: Setting shift to 0 and lim to 1 rcu_task_cb_adjust=1.
[    0.081759] RCU Tasks Trace: Setting shift to 0 and lim to 1 rcu_task_cb_adjust=1.
[    0.083908] rcu: Hierarchical SRCU implementation.
[    0.084029] rcu: 	Max phase no-delay instances is 1000.
[    0.088888] Platform MSI: its@8080000 domain created
[    0.089454] PCI/MSI: /intc@8000000/its@8080000 domain created
[    0.090064] fsl-mc MSI: its@8080000 domain created
[    0.093096] EFI services will not be available.
[    0.094010] smp: Bringing up secondary CPUs ...
[    0.095017] smp: Brought up 1 node, 1 CPU
[    0.095114] SMP: Total of 1 processors activated.
[    0.095428] CPU features: detected: 32-bit EL0 Support
[    0.095547] CPU features: detected: 32-bit EL1 Support
[    0.095628] CPU features: detected: ARMv8.4 Translation Table Level
[    0.095738] CPU features: detected: Data cache clean to the PoU not required for I/D coherence
[    0.095896] CPU features: detected: Common not Private translations
[    0.095987] CPU features: detected: CRC32 instructions
[    0.096062] CPU features: detected: Data independent timing control (DIT)
[    0.096150] CPU features: detected: E0PD
[    0.096214] CPU features: detected: Enhanced Virtualization Traps
[    0.096429] CPU features: detected: Generic authentication (IMP DEF algorithm)
[    0.096532] CPU features: detected: RCpc load-acquire (LDAPR)
[    0.096614] CPU features: detected: LSE atomic instructions
[    0.096736] CPU features: detected: Privileged Access Never
[    0.098039] CPU features: detected: RAS Extension Support
[    0.098127] CPU features: detected: Random Number Generator
[    0.098205] CPU features: detected: Speculation barrier (SB)
[    0.098304] CPU features: detected: Stage-2 Force Write-Back
[    0.098406] CPU features: detected: TLB range maintenance instructions
[    0.098553] CPU features: detected: Scalable Matrix Extension
[    0.098635] CPU features: detected: FA64
[    0.098696] CPU features: detected: Speculative Store Bypassing Safe (SSBS)
[    0.098787] CPU features: detected: Scalable Vector Extension
[    0.112900] SVE: maximum available vector length 256 bytes per vector
[    0.116926] SVE: default vector length 64 bytes per vector
[    0.119091] SME: minimum available vector length 16 bytes per vector
[    0.119212] SME: maximum available vector length 256 bytes per vector
[    0.119334] SME: default vector length 32 bytes per vector
[    0.119886] CPU: All CPU(s) started at EL2
[    0.119991] alternatives: applying system-wide alternatives
[    0.168721] devtmpfs: initialized
[    0.193887] clocksource: jiffies: mask: 0xffffffff max_cycles: 0xffffffff, max_idle_ns: 7645041785100000 ns
[    0.194568] futex hash table entries: 256 (order: 2, 16384 bytes, linear)
[    0.199642] pinctrl core: initialized pinctrl subsystem
[    0.210485] DMI not present or invalid.
[    0.227329] NET: Registered PF_NETLINK/PF_ROUTE protocol family
[    0.238677] DMA: preallocated 128 KiB GFP_KERNEL pool for atomic allocations
[    0.239438] DMA: preallocated 128 KiB GFP_KERNEL|GFP_DMA pool for atomic allocations
[    0.239865] DMA: preallocated 128 KiB GFP_KERNEL|GFP_DMA32 pool for atomic allocations
[    0.240271] audit: initializing netlink subsys (disabled)
[    0.242394] audit: type=2000 audit(0.204:1): state=initialized audit_enabled=0 res=1
[    0.249551] thermal_sys: Registered thermal governor 'step_wise'
[    0.249666] thermal_sys: Registered thermal governor 'power_allocator'
[    0.250333] cpuidle: using governor menu
[    0.252215] hw-breakpoint: found 6 breakpoint and 4 watchpoint registers.
[    0.252756] ASID allocator initialised with 65536 entries
[    0.263579] Serial: AMBA PL011 UART driver
[    0.334308] 9000000.pl011: ttyAMA0 at MMIO 0x9000000 (irq = 14, base_baud = 0) is a PL011 rev1
[    0.338642] printk: console [ttyAMA0] enabled
[    0.338642] printk: console [ttyAMA0] enabled
[    0.339049] printk: bootconsole [pl11] disabled
[    0.339049] printk: bootconsole [pl11] disabled
[    0.359550] Modules: 2G module region forced by RANDOMIZE_MODULE_REGION_FULL
[    0.359729] Modules: 0 pages in range for non-PLT usage
[    0.359759] Modules: 515392 pages in range for PLT usage
[    0.365285] HugeTLB: registered 1.00 GiB page size, pre-allocated 0 pages
[    0.365478] HugeTLB: 0 KiB vmemmap can be freed for a 1.00 GiB page
[    0.365599] HugeTLB: registered 32.0 MiB page size, pre-allocated 0 pages
[    0.365692] HugeTLB: 0 KiB vmemmap can be freed for a 32.0 MiB page
[    0.365863] HugeTLB: registered 2.00 MiB page size, pre-allocated 0 pages
[    0.365957] HugeTLB: 0 KiB vmemmap can be freed for a 2.00 MiB page
[    0.366049] HugeTLB: registered 64.0 KiB page size, pre-allocated 0 pages
[    0.366141] HugeTLB: 0 KiB vmemmap can be freed for a 64.0 KiB page
[    0.376845] ACPI: Interpreter disabled.
[    0.387398] iommu: Default domain type: Translated
[    0.387522] iommu: DMA domain TLB invalidation policy: strict mode
[    0.389073] SCSI subsystem initialized
[    0.392325] usbcore: registered new interface driver usbfs
[    0.392657] usbcore: registered new interface driver hub
[    0.392942] usbcore: registered new device driver usb
[    0.396758] pps_core: LinuxPPS API ver. 1 registered
[    0.396857] pps_core: Software ver. 5.3.6 - Copyright 2005-2007 Rodolfo Giometti <giometti@linux.it>
[    0.397071] PTP clock support registered
[    0.397763] EDAC MC: Ver: 3.0.0
[    0.400926] scmi_core: SCMI protocol bus registered
[    0.404697] FPGA manager framework
[    0.405611] Advanced Linux Sound Architecture Driver Initialized.
[    0.417339] vgaarb: loaded
[    0.422654] clocksource: Switched to clocksource arch_sys_counter
[    0.425772] VFS: Disk quotas dquot_6.6.0
[    0.426035] VFS: Dquot-cache hash table entries: 512 (order 0, 4096 bytes)
[    0.428049] pnp: PnP ACPI: disabled
[    0.452765] NET: Registered PF_INET protocol family
[    0.454414] IP idents hash table entries: 8192 (order: 4, 65536 bytes, linear)
[    0.459500] tcp_listen_portaddr_hash hash table entries: 256 (order: 0, 4096 bytes, linear)
[    0.459756] Table-perturb hash table entries: 65536 (order: 6, 262144 bytes, linear)
[    0.459939] TCP established hash table entries: 4096 (order: 3, 32768 bytes, linear)
[    0.460212] TCP bind hash table entries: 4096 (order: 5, 131072 bytes, linear)
[    0.460503] TCP: Hash tables configured (established 4096 bind 4096)
[    0.461879] UDP hash table entries: 256 (order: 1, 8192 bytes, linear)
[    0.462314] UDP-Lite hash table entries: 256 (order: 1, 8192 bytes, linear)
[    0.463455] NET: Registered PF_UNIX/PF_LOCAL protocol family
[    0.466521] RPC: Registered named UNIX socket transport module.
[    0.466660] RPC: Registered udp transport module.
[    0.466739] RPC: Registered tcp transport module.
[    0.466815] RPC: Registered tcp-with-tls transport module.
[    0.466896] RPC: Registered tcp NFSv4.1 backchannel transport module.
[    0.467094] PCI: CLS 0 bytes, default 64
[    0.471437] kvm [1]: IPA Size Limit: 48 bits
[    0.472179] kvm [1]: GICv4 support disabled
[    0.472280] kvm [1]: GICv3: no GICV resource entry
[    0.472463] kvm [1]: disabling GICv2 emulation
[    0.472667] kvm [1]: GIC system register CPU interface enabled
[    0.473738] kvm [1]: vgic interrupt IRQ9
[    0.475980] Unpacking initramfs...
[    0.478519] kvm [1]: VHE mode initialized successfully
[    0.487824] Initialise system trusted keyrings
[    0.490019] workingset: timestamp_bits=42 max_order=17 bucket_order=0
[    0.492402] squashfs: version 4.0 (2009/01/31) Phillip Lougher
[    0.499066] NFS: Registering the id_resolver key type
[    0.499468] Key type id_resolver registered
[    0.499572] Key type id_legacy registered
[    0.499909] nfs4filelayout_init: NFSv4 File Layout Driver Registering...
[    0.500103] nfs4flexfilelayout_init: NFSv4 Flexfile Layout Driver Registering...
[    0.502325] 9p: Installing v9fs 9p2000 file system support
[    0.590945] Key type asymmetric registered
[    0.591100] Asymmetric key parser 'x509' registered
[    0.591509] Block layer SCSI generic (bsg) driver version 0.4 loaded (major 245)
[    0.591713] io scheduler mq-deadline registered
[    0.591853] io scheduler kyber registered
[    0.592258] io scheduler bfq registered
[    0.623527] Freeing initrd memory: 4428K
[    0.646708] pl061_gpio 9030000.pl061: PL061 GPIO chip registered
[    0.655437] pci-host-generic 4010000000.pcie: host bridge /pcie@10000000 ranges:
[    0.656229] pci-host-generic 4010000000.pcie:       IO 0x003eff0000..0x003effffff -> 0x0000000000
[    0.656964] pci-host-generic 4010000000.pcie:      MEM 0x0010000000..0x003efeffff -> 0x0010000000
[    0.657135] pci-host-generic 4010000000.pcie:      MEM 0x8000000000..0xffffffffff -> 0x8000000000
[    0.657811] pci-host-generic 4010000000.pcie: Memory resource size exceeds max for 32 bits
[    0.658557] pci-host-generic 4010000000.pcie: ECAM at [mem 0x4010000000-0x401fffffff] for [bus 00-ff]
[    0.660240] pci-host-generic 4010000000.pcie: PCI host bridge to bus 0000:00
[    0.660574] pci_bus 0000:00: root bus resource [bus 00-ff]
[    0.660724] pci_bus 0000:00: root bus resource [io  0x0000-0xffff]
[    0.660850] pci_bus 0000:00: root bus resource [mem 0x10000000-0x3efeffff]
[    0.660954] pci_bus 0000:00: root bus resource [mem 0x8000000000-0xffffffffff]
[    0.662706] pci 0000:00:00.0: [1b36:0008] type 00 class 0x060000
[    0.680517] EINJ: ACPI disabled.
[    0.774463] Serial: 8250/16550 driver, 4 ports, IRQ sharing enabled
[    0.785400] SuperH (H)SCI(F) driver initialized
[    0.787305] msm_serial: driver initialized
[    0.789334] STM32 USART driver initialized
[    0.818881] loop: module loaded
[    0.822623] megasas: 07.725.01.00-rc1
[    0.829639] physmap-flash 0.flash: physmap platform flash device: [mem 0x00000000-0x03ffffff]
[    0.831124] 0.flash: Found 2 x16 devices at 0x0 in 32-bit bank. Manufacturer ID 0x000000 Chip ID 0x000000
[    0.831673] Intel/Sharp Extended Query Table at 0x0031
[    0.832378] Using buffer write method
[    0.833122] physmap-flash 0.flash: physmap platform flash device: [mem 0x04000000-0x07ffffff]
[    0.833566] 0.flash: Found 2 x16 devices at 0x0 in 32-bit bank. Manufacturer ID 0x000000 Chip ID 0x000000
[    0.833756] Intel/Sharp Extended Query Table at 0x0031
[    0.834251] Using buffer write method
[    0.834429] Concatenating MTD devices:
[    0.834509] (0): "0.flash"
[    0.834580] (1): "0.flash"
[    0.834638] into device "0.flash"
[    0.931000] tun: Universal TUN/TAP device driver, 1.6
[    0.934592] thunder_xcv, ver 1.0
[    0.934768] thunder_bgx, ver 1.0
[    0.934952] nicpf, ver 1.0
[    0.939108] hns3: Hisilicon Ethernet Network Driver for Hip08 Family - version
[    0.939226] hns3: Copyright (c) 2017 Huawei Corporation.
[    0.939591] hclge is initializing
[    0.939814] e1000: Intel(R) PRO/1000 Network Driver
[    0.939896] e1000: Copyright (c) 1999-2006 Intel Corporation.
[    0.940090] e1000e: Intel(R) PRO/1000 Network Driver
[    0.940172] e1000e: Copyright(c) 1999 - 2015 Intel Corporation.
[    0.940363] igb: Intel(R) Gigabit Ethernet Network Driver
[    0.940452] igb: Copyright (c) 2007-2014 Intel Corporation.
[    0.940639] igbvf: Intel(R) Gigabit Virtual Function Network Driver
[    0.940735] igbvf: Copyright (c) 2009 - 2012 Intel Corporation.
[    0.941805] sky2: driver version 1.30
[    0.946090] VFIO - User Level meta-driver version: 0.3
[    0.956281] usbcore: registered new interface driver usb-storage
[    0.967891] rtc-pl031 9010000.pl031: registered as rtc0
[    0.968750] rtc-pl031 9010000.pl031: setting system clock to 2023-08-11T16:41:37 UTC (1691772097)
[    0.971726] i2c_dev: i2c /dev entries driver
[    0.994048] sdhci: Secure Digital Host Controller Interface driver
[    0.994222] sdhci: Copyright(c) Pierre Ossman
[    0.996583] Synopsys Designware Multimedia Card Interface Driver
[    0.999582] sdhci-pltfm: SDHCI platform and OF driver helper
[    1.005855] ledtrig-cpu: registered to indicate activity on CPUs
[    1.012435] usbcore: registered new interface driver usbhid
[    1.012539] usbhid: USB HID core driver
[    1.025009] hw perfevents: enabled with armv8_pmuv3 PMU driver, 7 counters available
[    1.040741] NET: Registered PF_PACKET protocol family
[    1.042324] 9pnet: Installing 9P2000 support
[    1.042689] Key type dns_resolver registered
[    1.076575] registered taskstats version 1
[    1.077779] Loading compiled-in X.509 certificates
[    1.112981] input: gpio-keys as /devices/platform/gpio-keys/input/input0
[    1.121704] clk: Disabling unused clocks
[    1.122462] ALSA device list:
[    1.122609]   No soundcards found.
[    1.125937] uart-pl011 9000000.pl011: no DMA platform data
[    1.194978] Freeing unused kernel memory: 2176K
[    1.195880] Run /init as init process
Starting syslogd: OK
Starting klogd: OK
Running sysctl: OK
Saving 256 bits of creditable seed for next boot
Starting network: OK
Linux version 6.5.0-rc5-next-20230809-cbl-00030-g8150cbc757fd (nathan@dev-arch.m3-large-x86-01) (ClangBuiltLinux clang version 17.0.0 (https://github.com/llvm/llvm-project edc0ee3ccad416ab186202bf928ea64e3a7987b7), ClangBuiltLinux LLD 17.0.0) #1 SMP PREEMPT Fri Aug 11 16:41:19 UTC 2023
Stopping network: OK
Seeding 256 bits and crediting
Saving 256 bits of creditable seed for next boot
Stopping klogd: OK
Stopping syslogd: OK
umount: devtmpfs busy - remounted read-only
umount: can't unmount /: Invalid argument

The system is going down NOW!

Sent SIGTERM to all processes

Sent SIGKILL to all processes

Requesting system poweroff
[    3.906695] Flash device refused suspend due to active operation (state 20)
[    3.906919] Flash device refused suspend due to active operation (state 20)
[    3.907538] kvm: exiting hardware virtualization
[    3.907719] reboot: Power down
$ timeout --foreground 3m stdbuf -eL -oL /usr/sbin/qemu-system-aarch64 -display none -nodefaults -cpu max,pauth-impdef=true -machine virt,gic-version=max,virtualization=true -append 'console=ttyAMA0 earlycon' -kernel /home/nathan/tmp/build/cbl_lkt/linux-next/arm64/arch/arm64/boot/Image.gz -initrd /home/nathan/cbl/llvm-kernel-testing/src/boot-utils/images/arm64/rootfs.cpio -m 512m -serial mon:stdio
