Using /home/nathan/cbl/src/linux-next/arch/powerpc/configs/ppc64_defconfig as base
Merging /home/nathan/cbl/src/linux-next/arch/powerpc/configs/le.config
Merging /home/nathan/cbl/src/linux-next/arch/powerpc/configs/guest.config
Value of CONFIG_VIRTIO_BLK is redefined by fragment /home/nathan/cbl/src/linux-next/arch/powerpc/configs/guest.config:
Previous value: CONFIG_VIRTIO_BLK=m
New value: CONFIG_VIRTIO_BLK=y

Value of CONFIG_SCSI_VIRTIO is redefined by fragment /home/nathan/cbl/src/linux-next/arch/powerpc/configs/guest.config:
Previous value: CONFIG_SCSI_VIRTIO=m
New value: CONFIG_SCSI_VIRTIO=y

Value of CONFIG_VIRTIO_NET is redefined by fragment /home/nathan/cbl/src/linux-next/arch/powerpc/configs/guest.config:
Previous value: CONFIG_VIRTIO_NET=m
New value: CONFIG_VIRTIO_NET=y

Value of CONFIG_VIRTIO_CONSOLE is redefined by fragment /home/nathan/cbl/src/linux-next/arch/powerpc/configs/guest.config:
Previous value: CONFIG_VIRTIO_CONSOLE=m
New value: CONFIG_VIRTIO_CONSOLE=y

Value of CONFIG_VIRTIO_PCI is redefined by fragment /home/nathan/cbl/src/linux-next/arch/powerpc/configs/guest.config:
Previous value: CONFIG_VIRTIO_PCI=m
New value: CONFIG_VIRTIO_PCI=y

Value of CONFIG_VIRTIO_BALLOON is redefined by fragment /home/nathan/cbl/src/linux-next/arch/powerpc/configs/guest.config:
Previous value: CONFIG_VIRTIO_BALLOON=m
New value: CONFIG_VIRTIO_BALLOON=y

Value of CONFIG_VHOST_NET is redefined by fragment /home/nathan/cbl/src/linux-next/arch/powerpc/configs/guest.config:
Previous value: CONFIG_VHOST_NET=m
New value: CONFIG_VHOST_NET=y

Value of CONFIG_IBMVETH is redefined by fragment /home/nathan/cbl/src/linux-next/arch/powerpc/configs/guest.config:
Previous value: CONFIG_IBMVETH=m
New value: CONFIG_IBMVETH=y

Value of CONFIG_IBMVNIC is redefined by fragment /home/nathan/cbl/src/linux-next/arch/powerpc/configs/guest.config:
Previous value: CONFIG_IBMVNIC=m
New value: CONFIG_IBMVNIC=y

Merging /home/nathan/cbl/src/linux-next/arch/powerpc/configs/kvm_guest.config
#
# merged configuration written to .config (needs make)
#
/home/nathan/cbl/src/linux-next/lib/radix-tree.c:1136:50: warning: parameter 'slot' set but not used [-Wunused-but-set-parameter]
 1136 | void __rcu **radix_tree_iter_resume(void __rcu **slot,
      |                                                  ^
1 warning generated.
/home/nathan/cbl/src/linux-next/drivers/block/floppy.c:2001:11: warning: cast from 'void (*)(void)' to 'done_f' (aka 'void (*)(int)') converts to incompatible function type [-Wcast-function-type-strict]
 2001 |         .done           = (done_f)empty
      |                           ^~~~~~~~~~~~~
/home/nathan/cbl/src/linux-next/drivers/block/floppy.c:2008:11: warning: cast from 'void (*)(void)' to 'done_f' (aka 'void (*)(int)') converts to incompatible function type [-Wcast-function-type-strict]
 2008 |         .done           = (done_f)empty
      |                           ^~~~~~~~~~~~~
2 warnings generated.
/home/nathan/cbl/src/linux-next/lib/kunit/test.c:815:38: warning: cast from 'void (*)(const void *)' to 'kunit_action_t *' (aka 'void (*)(void *)') converts to incompatible function type [-Wcast-function-type-strict]
  815 |         if (kunit_add_action_or_reset(test, (kunit_action_t *)kfree, data) != 0)
      |                                             ^~~~~~~~~~~~~~~~~~~~~~~
/home/nathan/cbl/src/linux-next/lib/kunit/test.c:827:29: warning: cast from 'void (*)(const void *)' to 'kunit_action_t *' (aka 'void (*)(void *)') converts to incompatible function type [-Wcast-function-type-strict]
  827 |         kunit_release_action(test, (kunit_action_t *)kfree, (void *)ptr);
      |                                    ^~~~~~~~~~~~~~~~~~~~~~~
2 warnings generated.
/home/nathan/cbl/src/linux-next/drivers/scsi/cxlflash/main.c:3493:3: warning: cast from 'int (*)(struct cxlflash_cfg *, struct ht_cxlflash_lun_provision *)' to 'hioctl' (aka 'int (*)(struct cxlflash_cfg *, void *)') converts to incompatible function type [-Wcast-function-type-strict]
 3493 |                 (hioctl)cxlflash_lun_provision },
      |                 ^~~~~~~~~~~~~~~~~~~~~~~~~~~~~~
/home/nathan/cbl/src/linux-next/drivers/scsi/cxlflash/main.c:3495:3: warning: cast from 'int (*)(struct cxlflash_cfg *, struct ht_cxlflash_afu_debug *)' to 'hioctl' (aka 'int (*)(struct cxlflash_cfg *, void *)') converts to incompatible function type [-Wcast-function-type-strict]
 3495 |                 (hioctl)cxlflash_afu_debug },
      |                 ^~~~~~~~~~~~~~~~~~~~~~~~~~
/home/nathan/cbl/src/linux-next/drivers/scsi/cxlflash/superpipe.c:2114:38: warning: cast from 'int (*)(struct scsi_device *, struct dk_cxlflash_attach *)' to 'sioctl' (aka 'int (*)(struct scsi_device *, void *)') converts to incompatible function type [-Wcast-function-type-strict]
 2114 |         {sizeof(struct dk_cxlflash_attach), (sioctl)cxlflash_disk_attach},
      |                                             ^~~~~~~~~~~~~~~~~~~~~~~~~~~~
/home/nathan/cbl/src/linux-next/drivers/scsi/cxlflash/superpipe.c:2116:39: warning: cast from 'int (*)(struct scsi_device *, struct dk_cxlflash_release *)' to 'sioctl' (aka 'int (*)(struct scsi_device *, void *)') converts to incompatible function type [-Wcast-function-type-strict]
 2116 |         {sizeof(struct dk_cxlflash_release), (sioctl)cxlflash_disk_release},
      |                                              ^~~~~~~~~~~~~~~~~~~~~~~~~~~~~
/home/nathan/cbl/src/linux-next/drivers/scsi/cxlflash/superpipe.c:2117:38: warning: cast from 'int (*)(struct scsi_device *, struct dk_cxlflash_detach *)' to 'sioctl' (aka 'int (*)(struct scsi_device *, void *)') converts to incompatible function type [-Wcast-function-type-strict]
 2117 |         {sizeof(struct dk_cxlflash_detach), (sioctl)cxlflash_disk_detach},
      |                                             ^~~~~~~~~~~~~~~~~~~~~~~~~~~~
/home/nathan/cbl/src/linux-next/drivers/scsi/cxlflash/superpipe.c:2118:38: warning: cast from 'int (*)(struct scsi_device *, struct dk_cxlflash_verify *)' to 'sioctl' (aka 'int (*)(struct scsi_device *, void *)') converts to incompatible function type [-Wcast-function-type-strict]
 2118 |         {sizeof(struct dk_cxlflash_verify), (sioctl)cxlflash_disk_verify},
      |                                             ^~~~~~~~~~~~~~~~~~~~~~~~~~~~
/home/nathan/cbl/src/linux-next/drivers/scsi/cxlflash/superpipe.c:2119:43: warning: cast from 'int (*)(struct scsi_device *, struct dk_cxlflash_recover_afu *)' to 'sioctl' (aka 'int (*)(struct scsi_device *, void *)') converts to incompatible function type [-Wcast-function-type-strict]
 2119 |         {sizeof(struct dk_cxlflash_recover_afu), (sioctl)cxlflash_afu_recover},
      |                                                  ^~~~~~~~~~~~~~~~~~~~~~~~~~~~
/home/nathan/cbl/src/linux-next/drivers/scsi/cxlflash/superpipe.c:2120:42: warning: cast from 'int (*)(struct scsi_device *, struct dk_cxlflash_manage_lun *)' to 'sioctl' (aka 'int (*)(struct scsi_device *, void *)') converts to incompatible function type [-Wcast-function-type-strict]
 2120 |         {sizeof(struct dk_cxlflash_manage_lun), (sioctl)cxlflash_manage_lun},
      |                                                 ^~~~~~~~~~~~~~~~~~~~~~~~~~~
/home/nathan/cbl/src/linux-next/drivers/scsi/cxlflash/superpipe.c:2122:38: warning: cast from 'int (*)(struct scsi_device *, struct dk_cxlflash_resize *)' to 'sioctl' (aka 'int (*)(struct scsi_device *, void *)') converts to incompatible function type [-Wcast-function-type-strict]
 2122 |         {sizeof(struct dk_cxlflash_resize), (sioctl)cxlflash_vlun_resize},
      |                                             ^~~~~~~~~~~~~~~~~~~~~~~~~~~~
/home/nathan/cbl/src/linux-next/drivers/scsi/cxlflash/superpipe.c:2123:37: warning: cast from 'int (*)(struct scsi_device *, struct dk_cxlflash_clone *)' to 'sioctl' (aka 'int (*)(struct scsi_device *, void *)') converts to incompatible function type [-Wcast-function-type-strict]
 2123 |         {sizeof(struct dk_cxlflash_clone), (sioctl)cxlflash_disk_clone},
      |                                            ^~~~~~~~~~~~~~~~~~~~~~~~~~~
8 warnings generated.
2 warnings generated.
/home/nathan/cbl/src/linux-next/fs/nilfs2/ioctl.c:63:19: warning: result of comparison of constant 65536 with expression of type '__u16' (aka 'unsigned short') is always false [-Wtautological-constant-out-of-range-compare]
   63 |         if (argv->v_size > PAGE_SIZE)
      |             ~~~~~~~~~~~~ ^ ~~~~~~~~~
1 warning generated.
/home/nathan/cbl/src/linux-next/drivers/infiniband/core/uverbs_ioctl.c:90:39: warning: result of comparison of constant 65536 with expression of type 'u16' (aka 'unsigned short') is always false [-Wtautological-constant-out-of-range-compare]
   90 |         WARN_ON_ONCE(method_elm->bundle_size > PAGE_SIZE);
      |         ~~~~~~~~~~~~~~~~~~~~~~~~~~~~~~~~~~~~~^~~~~~~~~~~~
/home/nathan/cbl/src/linux-next/include/asm-generic/bug.h:111:25: note: expanded from macro 'WARN_ON_ONCE'
  111 |         int __ret_warn_on = !!(condition);                      \
      |                                ^~~~~~~~~
/home/nathan/cbl/src/linux-next/drivers/infiniband/core/uverbs_ioctl.c:629:17: warning: result of comparison of constant 65536 with expression of type '__u16' (aka 'unsigned short') is always false [-Wtautological-constant-out-of-range-compare]
  629 |         if (hdr.length > PAGE_SIZE ||
      |             ~~~~~~~~~~ ^ ~~~~~~~~~
2 warnings generated.

[01;32mQEMU location: [0m/usr/sbin[0m

[01;32mQEMU version: [0mQEMU emulator version 8.0.3[0m
[    0.014554916,5] OPAL v7.0 starting...
[    0.015124418,7] initial console log level: memory 7, driver 5
[    0.015170580,6] CPU: P9 generation processor (max 4 threads/core)
[    0.015194716,7] CPU: Boot CPU PIR is 0x0000 PVR is 0x004e1200
[    0.015312321,7] OPAL table: 0x3018a660 .. 0x3018ac20, branch table: 0x30120000
[    0.015480936,7] Assigning physical memory map table for nimbus
[    0.015814714,7] FDT: Parsing fdt @0x1000000
[    0.018047252,5] CHIP: Detected QEMU simulator
[    0.018231103,6] CHIP: Initialised chip 0 from xscom@603fc00000000
[    0.018570288,6] P9 DD2.00 detected
[    0.018586826,5] CHIP: Chip ID 0000 type: P9N DD2.00
[    0.018595362,7] XSCOM: Base address: 0x603fc00000000
[    0.018615856,7] XSTOP: ibm,sw-checkstop-fir prop not found
[    0.018691505,6] MFSI 0:0: Initialized
[    0.018702041,6] MFSI 0:2: Initialized
[    0.018710998,6] MFSI 0:1: Initialized
[    0.019266299,6] LPC: LPC[000]: Initialized
[    0.019274522,7] LPC: access via MMIO @0x6030000000000
[    0.019300515,7] LPC: Default bus on chip 0x0
[    0.019380088,7] CPU: New max PIR set to 0x3
[    0.019898255,7] MEM: parsing reserved memory from reserved-names/-ranges properties
[    0.019986656,7] HOMER: Init chip 0
[    0.020018056,7]   PBA BAR0 : 0x0000203ffd800000
[    0.020025648,7]   PBA MASK0: 0x0000000000300000
[    0.020057467,7]   HOMER Image at 0x203ffd800000 size 4MB
[    0.020100896,4] HOMER image is not reserved! Reserving
[    0.020162007,7]   PBA BAR2 : 0x0000203fff800000
[    0.020168055,7]   PBA MASK2: 0x0000000000700000
[    0.020186691,7]   OCC Common Area at 0x203fff800000 size 8MB
[    0.020223420,4] OCC common area is not reserved! Reserving
[    0.020283295,7] CPU: decrementer bits 56
[    0.020362873,6] CPU: CPU from DT PIR=0x0000 Server#=0x0 State=4
[    0.020459164,6] CPU:  1 secondary threads
[    0.021759979,5] PLAT: Using SuperIO UART
[    0.022029789,7] UART: Using LPC IRQ 4
[    0.024502026,5] PLAT: Detected QEMU POWER9 platform
[    0.024583538,5] PLAT: Detected BMC platform ast2500:openbmc
[    0.039676767,5] CPU: All 1 processors called in...
[    0.040703165,7] LPC: Routing irq 10, policy: 0 (r=1)
[    0.040775177,7] LPC: SerIRQ 10 using route 0 targetted at OPAL
[    0.062472419,5] HIOMAP: Negotiated hiomap protocol v2
[    0.062546421,5] HIOMAP: Block size is 4KiB
[    0.062602196,5] HIOMAP: BMC suggested flash timeout of 0s
[    0.062671002,5] HIOMAP: Flash size is 128MiB
[    0.062741300,5] HIOMAP: Erase granule size is 4KiB
[    0.079007890,3] FFS: Reading the flash has returned all 0xFF.
[    0.079079148,3]      Are you reading erased flash?
[    0.079135073,3]      Is something else using the flash controller?
[    0.079217533,4] FLASH: No ffs info; using raw device only
[    0.084537803,3] FFS: Reading the flash has returned all 0xFF.
[    0.084674240,3]      Are you reading erased flash?
[    0.084784950,3]      Is something else using the flash controller?
[    0.084888197,3] FLASH: Can't open ffs handle
[    0.090104005,3] FFS: Reading the flash has returned all 0xFF.
[    0.090169476,3]      Are you reading erased flash?
[    0.090224456,3]      Is something else using the flash controller?
[    0.090291718,3] FLASH: Can't open ffs handle
[    0.095500251,3] FFS: Reading the flash has returned all 0xFF.
[    0.095575397,3]      Are you reading erased flash?
[    0.095640848,3]      Is something else using the flash controller?
[    0.095713024,3] FLASH: Can't open ffs handle
[    0.100918484,3] FFS: Reading the flash has returned all 0xFF.
[    0.100985992,3]      Are you reading erased flash?
[    0.101039429,3]      Is something else using the flash controller?
[    0.101106895,3] FLASH: Can't open ffs handle
[    0.106332542,3] FFS: Reading the flash has returned all 0xFF.
[    0.106448916,3]      Are you reading erased flash?
[    0.106501891,3]      Is something else using the flash controller?
[    0.106571260,3] FLASH: Can't open ffs handle
[    0.111778327,3] FFS: Reading the flash has returned all 0xFF.
[    0.111843490,3]      Are you reading erased flash?
[    0.111896137,3]      Is something else using the flash controller?
[    0.111972940,3] FLASH: Can't open ffs handle
[    0.123156988,2] NVRAM: Failed to load
[    0.123217499,2] NVRAM: Failed to load
[    0.123281903,5] STB: secure boot not supported
[    0.123356192,5] STB: trusted boot not supported
[    0.123625397,4] FLASH: Can't load resource id:4. No system flash found
[    0.123891914,4] FLASH: Can't load resource id:3. No system flash found
[    0.124024559,2] NVRAM: Failed to load
[    0.124178872,7] LPC: Routing irq 4, policy: 0 (r=1)
[    0.124194621,7] LPC: SerIRQ 4 using route 1 targetted at OPAL
[    0.124582857,3] SLW: Failed to set HRMOR for CPU 0,RC=0x1
[    0.124790099,5] Unable to log error
[    0.124858961,3] Disabling deep stop states
[    0.125044269,2] NVRAM: Failed to load
[    0.125378385,3] OCC: Chip: 0: OCC not active
[    0.125438634,3] OCC: Initialization on all chips did not complete(timed out)
[    0.125533237,5] Unable to log error
[    0.125604972,2] NVRAM: Failed to load
[    0.125668935,2] NVRAM: Failed to load
[    0.125722166,2] NVRAM: Failed to load
[    0.125976777,4] FLASH: Can't load resource id:2. No system flash found
[    0.126221887,4] FLASH: Can't load resource id:0. No system flash found
[    0.126313935,4] FLASH: Can't load resource id:1. No system flash found
[    0.126483315,3] IMC: IMC Catalog load failed
[    0.126768012,2] NVRAM: Failed to load
[    0.126824423,2] NVRAM: Failed to load
[    0.126887238,2] NVRAM: Failed to load
[    0.127221590,5] PCI: Resetting PHBs and training links...
[    0.127342109,5] PCI: Probing slots...
[    0.127419517,5] PCI Summary:
[    0.127526026,4] FLASH: Failed to load VERSION data
[    0.344676604,2] NVRAM: Failed to load
[    0.345210115,5] INIT: Waiting for kernel...
[    0.345269502,5] INIT: platform wait for kernel load failed
[    0.345356662,5] INIT: Assuming kernel at 0x20000000
[    0.345483254,5] INIT: 64-bit LE kernel discovered
[    0.345738557,3] OCC: Chip 0 sensor data invalid
[    0.345992568,2] NVRAM: Failed to load
[    0.352366137,5] INIT: Starting kernel at 0x20010000, fdt at 0x30758170 15742 bytes


zImage starting: loaded at 0x0000000020010000 (sp: 0x00000000209dfda0)

Allocating 0x2b564d0 bytes for kernel...

Decompressing (0x0000000000000000 <- 0x0000000020023000:0x00000000209ded42)...

Done! Decompressed 0x29b0000 bytes


Linux/PowerPC load: 

Finalizing device tree... flat tree at 0x209e0ca0

[    0.000000][    T0] OF: reserved mem: 0x0000000030000000..0x00000000305fffff (6144 KiB) map non-reusable ibm,firmware-code@30000000
[    0.000000][    T0] OF: reserved mem: 0x0000000030600000..0x0000000030ffffff (10240 KiB) map non-reusable ibm,firmware-heap@30600000
[    0.000000][    T0] OF: reserved mem: 0x0000000031000000..0x0000000031c0ffff (12352 KiB) map non-reusable ibm,firmware-data@31000000
[    0.000000][    T0] OF: reserved mem: 0x0000000031c10000..0x0000000031c2ffff (128 KiB) map non-reusable ibm,firmware-stacks@31c10000
[    0.000000][    T0] OF: reserved mem: 0x0000000031c30000..0x000000003290ffff (13184 KiB) map non-reusable ibm,firmware-allocs-memory@31c30000
[    0.000000][    T0] OF: reserved mem: 0x0000203ffd800000..0x0000203ffdbfffff (4096 KiB) map non-reusable ibm,homer-image@203ffd800000
[    0.000000][    T0] OF: reserved mem: 0x0000203fff800000..0x0000203fffffffff (8192 KiB) map non-reusable ibm,occ-common-area@203fff800000
[    0.000000][    T0] dt-cpu-ftrs: setup for ISA 3000
[    0.000000][    T0] dt-cpu-ftrs: final cpu/mmu features = 0x0003c06b8f5fb187 0x3c007041
[    0.000000][    T0] Activating Kernel Userspace Access Prevention
[    0.000000][    T0] Activating Kernel Userspace Execution Prevention
[    0.000000][    T0] radix-mmu: Mapped 0x0000000000000000-0x0000000002660000 with 64.0 KiB pages (exec)
[    0.000000][    T0] radix-mmu: Mapped 0x0000000002660000-0x0000000080000000 with 64.0 KiB pages
[    0.000000][    T0] radix-mmu: Initializing Radix MMU
[    0.000000][    T0] Linux version 6.5.0-rc5-next-20230809-cbl-00030-g8150cbc757fd (nathan@dev-arch.m3-large-x86-01) (ClangBuiltLinux clang version 17.0.0 (https://github.com/llvm/llvm-project edc0ee3ccad416ab186202bf928ea64e3a7987b7), ClangBuiltLinux LLD 17.0.0) #1 SMP Fri Aug 11 18:28:56 UTC 2023
[    0.000000][    T0] Found initrd at 0xc000000028000000:0xc000000028878600
[    0.000000][    T0] Hardware name: IBM PowerNV (emulated by qemu) POWER9 0x4e1200 opal:v7.0 PowerNV
[    0.000000][    T0] printk: bootconsole [udbg0] enabled
[    0.000000][    T0] CPU maps initialized for 1 thread per core
[    0.000000][    T0] -----------------------------------------------------
[    0.000000][    T0] phys_mem_size     = 0x80000000
[    0.000000][    T0] dcache_bsize      = 0x80
[    0.000000][    T0] icache_bsize      = 0x80
[    0.000000][    T0] cpu_features      = 0x0003c06b8f4fb187
[    0.000000][    T0]   possible        = 0x001ffbfbcf5fb187
[    0.000000][    T0]   always          = 0x0000000380008181
[    0.000000][    T0] cpu_user_features = 0xdc0065c2 0xaef00000
[    0.000000][    T0] mmu_features      = 0x3c007641
[    0.000000][    T0] firmware_features = 0x0000000110000000
[    0.000000][    T0] vmalloc start     = 0xc008000000000000
[    0.000000][    T0] IO start          = 0xc00a000000000000
[    0.000000][    T0] vmemmap start     = 0xc00c000000000000
[    0.000000][    T0] -----------------------------------------------------
[    0.000000][    T0] numa:   NODE_DATA [mem 0x7bf84880-0x7bf8bfff]
[    0.000000][    T0] kvm_cma_reserve: reserving 102 MiB for global area
[    0.000000][    T0] cma: Reserved 112 MiB at 0x0000000073000000 on node -1
[    0.000000][    T0] rfi-flush: fallback displacement flush available
[    0.000000][    T0] count-cache-flush: flush disabled.
[    0.000000][    T0] link-stack-flush: flush disabled.
[    0.000000][    T0] stf-barrier: eieio barrier available
[    0.000000][    T0] barrier-nospec: using ORI speculation barrier
[    0.000000][    T0] Zone ranges:
[    0.000000][    T0]   Normal   [mem 0x0000000000000000-0x000000007fffffff]
[    0.000000][    T0]   Device   empty
[    0.000000][    T0] Movable zone start for each node
[    0.000000][    T0] Early memory node ranges
[    0.000000][    T0]   node   0: [mem 0x0000000000000000-0x000000007fffffff]
[    0.000000][    T0] Initmem setup node 0 [mem 0x0000000000000000-0x000000007fffffff]
[    0.000000][    T0] percpu: Embedded 10 pages/cpu s599464 r0 d55896 u655360
[    0.000000][    T0] Kernel command line: 
[    0.000000][    T0] random: crng init done
[    0.000000][    T0] Dentry cache hash table entries: 262144 (order: 5, 2097152 bytes, linear)
[    0.000000][    T0] Inode-cache hash table entries: 131072 (order: 4, 1048576 bytes, linear)
[    0.000000][    T0] Fallback order for Node 0: 0 
[    0.000000][    T0] Built 1 zonelists, mobility grouping on.  Total pages: 32736
[    0.000000][    T0] Policy zone: Normal
[    0.000000][    T0] mem auto-init: stack:all(zero), heap alloc:off, heap free:off
[    0.000000][    T0] Memory: 1798208K/2097152K available (18368K kernel code, 3392K rwdata, 14400K rodata, 6528K init, 1689K bss, 184256K reserved, 114688K cma-reserved)
[    0.000000][    T0] SLUB: HWalign=128, Order=0-3, MinObjects=0, CPUs=1, Nodes=1
[    0.000000][    T0] ftrace: allocating 43512 entries in 16 pages
[    0.000000][    T0] ftrace: allocated 16 pages with 1 groups
[    0.000000][    T0] trace event string verifier disabled
[    0.000000][    T0] rcu: Hierarchical RCU implementation.
[    0.000000][    T0] rcu: 	RCU event tracing is enabled.
[    0.000000][    T0] rcu: 	RCU restricting CPUs from NR_CPUS=2048 to nr_cpu_ids=1.
[    0.000000][    T0] 	Rude variant of Tasks RCU enabled.
[    0.000000][    T0] 	Tracing variant of Tasks RCU enabled.
[    0.000000][    T0] rcu: RCU calculated value of scheduler-enlistment delay is 10 jiffies.
[    0.000000][    T0] rcu: Adjusting geometry for rcu_fanout_leaf=16, nr_cpu_ids=1
[    0.000000][    T0] NR_IRQS: 512, nr_irqs: 512, preallocated irqs: 16
[    0.000000][    T0] xive: Interrupt handling initialized with native backend
[    0.000000][    T0] xive: Using priority 7 for all interrupts
[    0.000000][    T0] xive: Using 64kB queues
[    0.000000][    T0] rcu: srcu_init: Setting srcu_struct sizes based on contention.
[    0.000064][    T0] time_init: 56 bit decrementer (max: 7fffffffffffff)
[    0.001226][    T0] clocksource: timebase: mask: 0xffffffffffffffff max_cycles: 0x761537d007, max_idle_ns: 440795202126 ns
[    0.002570][    T0] clocksource: timebase mult[1f40000] shift[24] registered
[    0.010344][    T0] Console: colour dummy device 80x25
[    0.011582][    T0] printk: console [hvc0] enabled
[    0.011582][    T0] printk: console [hvc0] enabled
[    0.012562][    T0] printk: bootconsole [udbg0] disabled
[    0.012562][    T0] printk: bootconsole [udbg0] disabled
[    0.020470][    T0] pid_max: default: 32768 minimum: 301
[    0.023605][    T0] LSM: initializing lsm=lockdown,capability,landlock,yama,selinux,bpf,integrity
[    0.025441][    T0] landlock: Up and running.
[    0.025611][    T0] Yama: becoming mindful.
[    0.026074][    T0] SELinux:  Initializing.
[    0.033960][    T0] LSM support for eBPF active
[    0.034681][    T0] stackdepot: allocating hash table of 131072 entries via kvcalloc
[    0.036874][    T0] Mount-cache hash table entries: 8192 (order: 0, 65536 bytes, linear)
[    0.037166][    T0] Mountpoint-cache hash table entries: 8192 (order: 0, 65536 bytes, linear)
[    0.084831][    T1] RCU Tasks Rude: Setting shift to 0 and lim to 1 rcu_task_cb_adjust=1.
[    0.085403][    T1] RCU Tasks Trace: Setting shift to 0 and lim to 1 rcu_task_cb_adjust=1.
[    0.086696][    T1] POWER9 performance monitor hardware support registered
[    0.088013][    T1] rcu: Hierarchical SRCU implementation.
[    0.088232][    T1] rcu: 	Max phase no-delay instances is 1000.
[    0.106515][    T1] smp: Bringing up secondary CPUs ...
[    0.107604][    T1] smp: Brought up 1 node, 1 CPU
[    0.107960][    T1] numa: Node 0 CPUs: 0
[    0.124528][    T1] devtmpfs: initialized
[    0.139622][    T1] clocksource: jiffies: mask: 0xffffffff max_cycles: 0xffffffff, max_idle_ns: 19112604462750000 ns
[    0.140088][    T1] futex hash table entries: 256 (order: -1, 32768 bytes, linear)
[    0.153762][    T1] NET: Registered PF_NETLINK/PF_ROUTE protocol family
[    0.158158][    T1] audit: initializing netlink subsys (disabled)
[    0.164399][   T21] audit: type=2000 audit(1691778550.140:1): state=initialized audit_enabled=0 res=1
[    0.166076][    T1] cpuidle: using governor menu
[    0.167430][    T1] Failed to initialize. Disabling HugeTLB
[    0.167963][    T1] nvram: No room to create lnx,oops-log partition, deleting any obsolete OS partitions...
[    0.168453][    T1] nvram: Failed to find or create lnx,oops-log partition, err -28
[    0.168685][    T1] nvram: Failed to initialize oops partition!
[    0.175913][    T1] EEH: PowerNV platform initialized
[    0.196075][    T1] cpuidle-powernv: Default stop: psscr = 0x0000000000000330,mask=0x00000000003003ff
[    0.196484][    T1] cpuidle-powernv: Deepest stop: psscr = 0x0000000000300331,mask=0x00000000003003ff
[    0.196726][    T1] cpuidle-powernv: First stop level that may lose SPRs = 0x10
[    0.196918][    T1] cpuidle-powernv: First stop level that may lose timebase = 0x10
[    0.200028][    T1] kprobes: kprobe jump-optimization is enabled. All kprobes are optimized if possible.
[    0.850565][    T1] iommu: Default domain type: Translated
[    0.850816][    T1] iommu: DMA domain TLB invalidation policy: strict mode
[    0.853828][    T1] SCSI subsystem initialized
[    0.855893][    T1] usbcore: registered new interface driver usbfs
[    0.856399][    T1] usbcore: registered new interface driver hub
[    0.856780][    T1] usbcore: registered new device driver usb
[    0.857430][    T1] pps_core: LinuxPPS API ver. 1 registered
[    0.857608][    T1] pps_core: Software ver. 5.3.6 - Copyright 2005-2007 Rodolfo Giometti <giometti@linux.it>
[    0.857956][    T1] PTP clock support registered
[    0.858676][    T1] EDAC MC: Ver: 3.0.0
[    0.870477][    T1] PCI: Probing PCI hardware
[    0.910625][    T1] vgaarb: loaded
[    0.912506][    T1] clocksource: Switched to clocksource timebase
[    0.921433][    T1] hugetlbfs: disabling because there are no supported hugepage sizes
[    0.947310][    T1] NET: Registered PF_INET protocol family
[    0.949591][    T1] IP idents hash table entries: 32768 (order: 2, 262144 bytes, linear)
[    0.967226][    T1] tcp_listen_portaddr_hash hash table entries: 4096 (order: 0, 65536 bytes, linear)
[    0.967635][    T1] Table-perturb hash table entries: 65536 (order: 2, 262144 bytes, linear)
[    0.968181][    T1] TCP established hash table entries: 16384 (order: 1, 131072 bytes, linear)
[    0.968746][    T1] TCP bind hash table entries: 16384 (order: 3, 524288 bytes, linear)
[    0.969374][    T1] TCP: Hash tables configured (established 16384 bind 16384)
[    0.970585][    T1] UDP hash table entries: 2048 (order: 0, 65536 bytes, linear)
[    0.971103][    T1] UDP-Lite hash table entries: 2048 (order: 0, 65536 bytes, linear)
[    0.982638][    T1] NET: Registered PF_UNIX/PF_LOCAL protocol family
[    0.986083][    T1] RPC: Registered named UNIX socket transport module.
[    0.986337][    T1] RPC: Registered udp transport module.
[    0.986509][    T1] RPC: Registered tcp transport module.
[    0.986704][    T1] RPC: Registered tcp-with-tls transport module.
[    0.986887][    T1] RPC: Registered tcp NFSv4.1 backchannel transport module.
[    0.987229][    T1] PCI: CLS 0 bytes, default 128
[    1.002704][   T11] Trying to unpack rootfs image as initramfs...
[    1.020120][    T1] Initialise system trusted keyrings
[    1.021459][    T1] Key type blacklist registered
[    1.023720][    T1] workingset: timestamp_bits=38 max_order=15 bucket_order=0
[    1.024220][    T1] zbud: loaded
[    1.034227][    T1] NFS: Registering the id_resolver key type
[    1.034676][    T1] Key type id_resolver registered
[    1.034835][    T1] Key type id_legacy registered
[    1.035927][    T1] SGI XFS with ACLs, security attributes, no debug enabled
[    1.052793][    T1] 9p: Installing v9fs 9p2000 file system support
[    1.058345][    T1] integrity: Platform Keyring initialized
[    1.058586][    T1] Key type asymmetric registered
[    1.058805][    T1] Asymmetric key parser 'x509' registered
[    1.059293][    T1] Block layer SCSI generic (bsg) driver version 0.4 loaded (major 247)
[    1.059636][    T1] io scheduler mq-deadline registered
[    1.059865][    T1] io scheduler kyber registered
[    1.143919][   T11] Freeing initrd memory: 8640K
[    1.183489][    T1] hvc0: raw protocol on /ibm,opal/consoles/serial@0 (boot console)
[    1.183864][    T1] hvc0: No interrupts property, using OPAL event
[    1.187133][    T1] Serial: 8250/16550 driver, 4 ports, IRQ sharing disabled
[    1.218970][    T1] brd: module loaded
[    1.230145][    T1] loop: module loaded
[    1.230841][    T1] ipr: IBM Power RAID SCSI Device Driver version: 2.6.4 (March 14, 2017)
[    1.235568][    T1] e100: Intel(R) PRO/100 Network Driver
[    1.235742][    T1] e100: Copyright(c) 1999-2006 Intel Corporation
[    1.235991][    T1] e1000: Intel(R) PRO/1000 Network Driver
[    1.236163][    T1] e1000: Copyright (c) 1999-2006 Intel Corporation.
[    1.236431][    T1] e1000e: Intel(R) PRO/1000 Network Driver
[    1.236603][    T1] e1000e: Copyright(c) 1999 - 2015 Intel Corporation.
[    1.473413][    T1] rtc-opal opal-rtc: registered as rtc0
[    1.682867][    T1] rtc-opal opal-rtc: setting system clock to 2023-08-11T18:29:12 UTC (1691778552)
[    1.683682][    T1] i2c_dev: i2c /dev entries driver
[    1.686310][    T1] device-mapper: core: CONFIG_IMA_DISABLE_HTABLE is disabled. Duplicate IMA measurements will not be recorded in the IMA log.
[    1.686781][    T1] device-mapper: uevent: version 1.0.3
[    1.688062][    T1] device-mapper: ioctl: 4.48.0-ioctl (2023-03-01) initialised: dm-devel@redhat.com
[    1.688456][    T1] powernv-cpufreq: ibm,pstate-min node not found
[    1.688642][    T1] powernv-cpufreq: Platform driver disabled. System does not support PState control
[    1.691926][    T1] usbcore: registered new interface driver usbhid
[    1.692252][    T1] usbhid: USB HID core driver
[    1.693142][    T1] ipip: IPv4 and MPLS over IPv4 tunneling driver
[    1.696799][    T1] NET: Registered PF_INET6 protocol family
[    1.704966][    T1] Segment Routing with IPv6
[    1.705318][    T1] In-situ OAM (IOAM) with IPv6
[    1.705989][    T1] sit: IPv6, IPv4 and MPLS over IPv4 tunneling driver
[    1.708318][    T1] NET: Registered PF_PACKET protocol family
[    1.709965][    T1] 9pnet: Installing 9P2000 support
[    1.710419][    T1] Key type dns_resolver registered
[    1.711161][    T1] secvar-sysfs: Failed to retrieve secvar operations
[    1.711410][    T1] drmem: No dynamic reconfiguration memory found
[    1.712907][    T1] Running code patching self-tests ...
[    1.735384][    T1] registered taskstats version 1
[    1.736966][    T1] Loading compiled-in X.509 certificates
[    1.747748][   T49] cryptomgr_probe (49) used greatest stack depth: 15200 bytes left
[    1.757724][    T1] Loaded X.509 cert 'Build time autogenerated kernel key: d87fc07ad9ea435374794ed201c28b0dc6c8b301'
[    1.779412][    T1] page_owner is disabled
[    1.781348][    T1] Secure boot mode disabled
[    1.782139][    T1] ima: No TPM chip found, activating TPM-bypass!
[    1.782436][    T1] Loading compiled-in module X.509 certificates
[    1.784525][    T1] Loaded X.509 cert 'Build time autogenerated kernel key: d87fc07ad9ea435374794ed201c28b0dc6c8b301'
[    1.784894][    T1] ima: Allocated hash algorithm: sha256
[    1.788427][    T1] Secure boot mode disabled
[    1.788737][    T1] Trusted boot mode disabled
[    1.788923][    T1] ima: No architecture policies found
[    1.790759][    T1] printk: console [netcon0] enabled
[    1.790992][    T1] netconsole: network logging started
[    1.900444][    T1] Freeing unused kernel image (initmem) memory: 6528K
[    1.909340][    T1] Checked W+X mappings: passed, no W+X pages found
[    1.910242][    T1] rodata_test: all tests were successful
[    1.910629][    T1] Run /init as init process
[    2.156201][   T51] mount (51) used greatest stack depth: 11824 bytes left
Starting syslogd: OK
Starting klogd: [    3.013516][   T69] start-stop-daem (69) used greatest stack depth: 11760 bytes left
OK
[    3.018752][   T68] S02klogd (68) used greatest stack depth: 11728 bytes left
Running sysctl: [    3.423045][   T75] xargs (75) used greatest stack depth: 11632 bytes left
OK
Saving 256 bits of creditable seed for next boot
Starting network: [    3.947719][   T87] ip (87) used greatest stack depth: 10160 bytes left
OK
Linux version 6.5.0-rc5-next-20230809-cbl-00030-g8150cbc757fd (nathan@dev-arch.m3-large-x86-01) (ClangBuiltLinux clang version 17.0.0 (https://github.com/llvm/llvm-project edc0ee3ccad416ab186202bf928ea64e3a7987b7), ClangBuiltLinux LLD 17.0.0) #1 SMP Fri Aug 11 18:28:56 UTC 2023
Stopping network: OK
Seeding 256 bits and crediting
Saving 256 bits of creditable seed for next boot
Stopping klogd: OK
Stopping syslogd: OK
umount: devtmpfs busy - remounted read-only
umount: can't unmount /: Invalid argument

The system is going down NOW!

Sent SIGTERM to all processes

Sent SIGKILL to all processes

Requesting system poweroff
[    7.283728][  T114] reboot: Power down
[   10.032305645,5] OPAL: Shutdown request type 0x0...
$ timeout --foreground 3m stdbuf -eL -oL /usr/sbin/qemu-system-ppc64 -display none -nodefaults -device ipmi-bmc-sim,id=bmc0 -device isa-ipmi-bt,bmc=bmc0,irq=10 -machine powernv -kernel /home/nathan/tmp/build/cbl_lkt/linux-next/powerpc/arch/powerpc/boot/zImage.epapr -initrd /home/nathan/cbl/llvm-kernel-testing/src/boot-utils/images/ppc64le/rootfs.cpio -m 2G -serial mon:stdio
