/home/nathan/cbl/src/linux-next/drivers/bus/mhi/host/main.c:803:13: warning: parameter 'event_quota' set but not used [-Wunused-but-set-parameter]
  803 |                              u32 event_quota)
      |                                  ^
1 warning generated.
/home/nathan/cbl/src/linux-next/lib/radix-tree.c:1136:50: warning: parameter 'slot' set but not used [-Wunused-but-set-parameter]
 1136 | void __rcu **radix_tree_iter_resume(void __rcu **slot,
      |                                                  ^
1 warning generated.
/home/nathan/cbl/src/linux-next/sound/pci/aw2/aw2-alsa.c:363:11: warning: cast from 'void (*)(struct snd_pcm_substream *)' to 'snd_aw2_saa7146_it_cb' (aka 'void (*)(void *)') converts to incompatible function type [-Wcast-function-type-strict]
  363 |                                                     (snd_aw2_saa7146_it_cb)
      |                                                     ^~~~~~~~~~~~~~~~~~~~~~~
  364 |                                                     snd_pcm_period_elapsed,
      |                                                     ~~~~~~~~~~~~~~~~~~~~~~
/home/nathan/cbl/src/linux-next/sound/pci/aw2/aw2-alsa.c:392:10: warning: cast from 'void (*)(struct snd_pcm_substream *)' to 'snd_aw2_saa7146_it_cb' (aka 'void (*)(void *)') converts to incompatible function type [-Wcast-function-type-strict]
  392 |                                                    (snd_aw2_saa7146_it_cb)
      |                                                    ^~~~~~~~~~~~~~~~~~~~~~~
  393 |                                                    snd_pcm_period_elapsed,
      |                                                    ~~~~~~~~~~~~~~~~~~~~~~
/home/nathan/cbl/src/linux-next/sound/pci/ctxfi/ctatc.c:115:25: warning: cast from 'int (*)(struct hw *, struct src_mgr **)' to 'create_t' (aka 'int (*)(struct hw *, void **)') converts to incompatible function type [-Wcast-function-type-strict]
  115 |         [SRC]           = { .create     = (create_t)src_mgr_create,
      |                                           ^~~~~~~~~~~~~~~~~~~~~~~~
/home/nathan/cbl/src/linux-next/sound/pci/ctxfi/ctatc.c:116:20: warning: cast from 'int (*)(struct src_mgr *)' to 'destroy_t' (aka 'int (*)(void *)') converts to incompatible function type [-Wcast-function-type-strict]
  116 |                             .destroy    = (destroy_t)src_mgr_destroy    },
      |                                           ^~~~~~~~~~~~~~~~~~~~~~~~~~
/home/nathan/cbl/src/linux-next/sound/pci/ctxfi/ctatc.c:117:27: warning: cast from 'int (*)(struct hw *, struct srcimp_mgr **)' to 'create_t' (aka 'int (*)(struct hw *, void **)') converts to incompatible function type [-Wcast-function-type-strict]
  117 |         [SRCIMP]        = { .create     = (create_t)srcimp_mgr_create,
      |                                           ^~~~~~~~~~~~~~~~~~~~~~~~~~~
/home/nathan/cbl/src/linux-next/sound/pci/ctxfi/ctatc.c:118:20: warning: cast from 'int (*)(struct srcimp_mgr *)' to 'destroy_t' (aka 'int (*)(void *)') converts to incompatible function type [-Wcast-function-type-strict]
  118 |                             .destroy    = (destroy_t)srcimp_mgr_destroy },
      |                                           ^~~~~~~~~~~~~~~~~~~~~~~~~~~~~
/home/nathan/cbl/src/linux-next/sound/pci/ctxfi/ctatc.c:119:25: warning: cast from 'int (*)(struct hw *, struct amixer_mgr **)' to 'create_t' (aka 'int (*)(struct hw *, void **)') converts to incompatible function type [-Wcast-function-type-strict]
  119 |         [AMIXER]        = { .create     = (create_t)amixer_mgr_create,
      |                                           ^~~~~~~~~~~~~~~~~~~~~~~~~~~
/home/nathan/cbl/src/linux-next/sound/pci/ctxfi/ctatc.c:120:19: warning: cast from 'int (*)(struct amixer_mgr *)' to 'destroy_t' (aka 'int (*)(void *)') converts to incompatible function type [-Wcast-function-type-strict]
  120 |                             .destroy    = (destroy_t)amixer_mgr_destroy },
      |                                           ^~~~~~~~~~~~~~~~~~~~~~~~~~~~~
/home/nathan/cbl/src/linux-next/sound/pci/ctxfi/ctatc.c:121:23: warning: cast from 'int (*)(struct hw *, struct sum_mgr **)' to 'create_t' (aka 'int (*)(struct hw *, void **)') converts to incompatible function type [-Wcast-function-type-strict]
  121 |         [SUM]           = { .create     = (create_t)sum_mgr_create,
      |                                           ^~~~~~~~~~~~~~~~~~~~~~~~
/home/nathan/cbl/src/linux-next/sound/pci/ctxfi/ctatc.c:122:19: warning: cast from 'int (*)(struct sum_mgr *)' to 'destroy_t' (aka 'int (*)(void *)') converts to incompatible function type [-Wcast-function-type-strict]
  122 |                             .destroy    = (destroy_t)sum_mgr_destroy    },
      |                                           ^~~~~~~~~~~~~~~~~~~~~~~~~~
/home/nathan/cbl/src/linux-next/sound/pci/ctxfi/ctatc.c:123:24: warning: cast from 'int (*)(struct hw *, struct daio_mgr **)' to 'create_t' (aka 'int (*)(struct hw *, void **)') converts to incompatible function type [-Wcast-function-type-strict]
  123 |         [DAIO]          = { .create     = (create_t)daio_mgr_create,
      |                                           ^~~~~~~~~~~~~~~~~~~~~~~~~
/home/nathan/cbl/src/linux-next/sound/pci/ctxfi/ctatc.c:124:19: warning: cast from 'int (*)(struct daio_mgr *)' to 'destroy_t' (aka 'int (*)(void *)') converts to incompatible function type [-Wcast-function-type-strict]
  124 |                             .destroy    = (destroy_t)daio_mgr_destroy   }
      |                                           ^~~~~~~~~~~~~~~~~~~~~~~~~~~
2 warnings generated.
10 warnings generated.
/home/nathan/cbl/src/linux-next/sound/core/seq/seq_midi.c:135:30: warning: cast from 'int (*)(struct snd_rawmidi_substream *, const char *, int)' to 'snd_seq_dump_func_t' (aka 'int (*)(void *, void *, int)') converts to incompatible function type [-Wcast-function-type-strict]
  135 |                 snd_seq_dump_var_event(ev, (snd_seq_dump_func_t)dump_midi, substream);
      |                                            ^~~~~~~~~~~~~~~~~~~~~~~~~~~~~~
1 warning generated.
/home/nathan/cbl/src/linux-next/sound/core/seq/seq_virmidi.c:83:31: warning: cast from 'int (*)(struct snd_rawmidi_substream *, const unsigned char *, int)' to 'snd_seq_dump_func_t' (aka 'int (*)(void *, void *, int)') converts to incompatible function type [-Wcast-function-type-strict]
   83 |                         snd_seq_dump_var_event(ev, (snd_seq_dump_func_t)snd_rawmidi_receive, vmidi->substream);
      |                                                    ^~~~~~~~~~~~~~~~~~~~~~~~~~~~~~~~~~~~~~~~
1 warning generated.
/home/nathan/cbl/src/linux-next/drivers/block/rbd.c:6149:17: warning: result of comparison of constant 2305843009213693948 with expression of type 'u32' (aka 'unsigned int') is always false [-Wtautological-constant-out-of-range-compare]
 6149 |         if (snap_count > (SIZE_MAX - sizeof (struct ceph_snap_context))
      |             ~~~~~~~~~~ ^ ~~~~~~~~~~~~~~~~~~~~~~~~~~~~~~~~~~~~~~~~~~~~~~
 6150 |                                  / sizeof (u64)) {
      |                                  ~~~~~~~~~~~~~~
1 warning generated.
/home/nathan/cbl/src/linux-next/drivers/block/drbd/drbd_state.c:1632:3: warning: cast from 'int (*)(struct sk_buff *, unsigned int, struct drbd_resource_state_change *, enum drbd_notification_type)' to 'typeof (last_func)' (aka 'int (*)(struct sk_buff *, unsigned int, void *, enum drbd_notification_type)') converts to incompatible function type [-Wcast-function-type-strict]
 1632 |                 REMEMBER_STATE_CHANGE(notify_resource_state_change,
      |                 ^~~~~~~~~~~~~~~~~~~~~~~~~~~~~~~~~~~~~~~~~~~~~~~~~~~
 1633 |                                       resource_state_change, NOTIFY_CHANGE);
      |                                       ~~~~~~~~~~~~~~~~~~~~~~~~~~~~~~~~~~~~~
/home/nathan/cbl/src/linux-next/drivers/block/drbd/drbd_state.c:1619:17: note: expanded from macro 'REMEMBER_STATE_CHANGE'
 1619 |            last_func = (typeof(last_func))func; \
      |                        ^~~~~~~~~~~~~~~~~~~~~~~
/home/nathan/cbl/src/linux-next/drivers/block/drbd/drbd_state.c:1641:4: warning: cast from 'int (*)(struct sk_buff *, unsigned int, struct drbd_connection_state_change *, enum drbd_notification_type)' to 'typeof (last_func)' (aka 'int (*)(struct sk_buff *, unsigned int, void *, enum drbd_notification_type)') converts to incompatible function type [-Wcast-function-type-strict]
 1641 |                         REMEMBER_STATE_CHANGE(notify_connection_state_change,
      |                         ^~~~~~~~~~~~~~~~~~~~~~~~~~~~~~~~~~~~~~~~~~~~~~~~~~~~~
 1642 |                                               connection_state_change, NOTIFY_CHANGE);
      |                                               ~~~~~~~~~~~~~~~~~~~~~~~~~~~~~~~~~~~~~~~
/home/nathan/cbl/src/linux-next/drivers/block/drbd/drbd_state.c:1619:17: note: expanded from macro 'REMEMBER_STATE_CHANGE'
 1619 |            last_func = (typeof(last_func))func; \
      |                        ^~~~~~~~~~~~~~~~~~~~~~~
/home/nathan/cbl/src/linux-next/drivers/block/drbd/drbd_state.c:1650:4: warning: cast from 'int (*)(struct sk_buff *, unsigned int, struct drbd_device_state_change *, enum drbd_notification_type)' to 'typeof (last_func)' (aka 'int (*)(struct sk_buff *, unsigned int, void *, enum drbd_notification_type)') converts to incompatible function type [-Wcast-function-type-strict]
 1650 |                         REMEMBER_STATE_CHANGE(notify_device_state_change,
      |                         ^~~~~~~~~~~~~~~~~~~~~~~~~~~~~~~~~~~~~~~~~~~~~~~~~
 1651 |                                               device_state_change, NOTIFY_CHANGE);
      |                                               ~~~~~~~~~~~~~~~~~~~~~~~~~~~~~~~~~~~
/home/nathan/cbl/src/linux-next/drivers/block/drbd/drbd_state.c:1619:17: note: expanded from macro 'REMEMBER_STATE_CHANGE'
 1619 |            last_func = (typeof(last_func))func; \
      |                        ^~~~~~~~~~~~~~~~~~~~~~~
/home/nathan/cbl/src/linux-next/drivers/block/drbd/drbd_state.c:1664:4: warning: cast from 'int (*)(struct sk_buff *, unsigned int, struct drbd_peer_device_state_change *, enum drbd_notification_type)' to 'typeof (last_func)' (aka 'int (*)(struct sk_buff *, unsigned int, void *, enum drbd_notification_type)') converts to incompatible function type [-Wcast-function-type-strict]
 1664 |                         REMEMBER_STATE_CHANGE(notify_peer_device_state_change,
      |                         ^~~~~~~~~~~~~~~~~~~~~~~~~~~~~~~~~~~~~~~~~~~~~~~~~~~~~~
 1665 |                                               p, NOTIFY_CHANGE);
      |                                               ~~~~~~~~~~~~~~~~~
/home/nathan/cbl/src/linux-next/drivers/block/drbd/drbd_state.c:1619:17: note: expanded from macro 'REMEMBER_STATE_CHANGE'
 1619 |            last_func = (typeof(last_func))func; \
      |                        ^~~~~~~~~~~~~~~~~~~~~~~
4 warnings generated.
/home/nathan/cbl/src/linux-next/drivers/net/wireless/broadcom/brcm80211/brcmsmac/phy_shim.c:64:34: warning: cast from 'void (*)(struct brcms_phy *)' to 'void (*)(void *)' converts to incompatible function type [-Wcast-function-type-strict]
   64 |                         brcms_init_timer(physhim->wl, (void (*)(void *))fn,
      |                                                       ^~~~~~~~~~~~~~~~~~~~
1 warning generated.
/home/nathan/cbl/src/linux-next/drivers/net/ethernet/brocade/bna/bnad.c:1995:4: warning: cast from 'void (*)(struct delayed_work *)' to 'work_func_t' (aka 'void (*)(struct work_struct *)') converts to incompatible function type [-Wcast-function-type-strict]
 1995 |                         (work_func_t)bnad_tx_cleanup);
      |                         ^~~~~~~~~~~~~~~~~~~~~~~~~~~~
/home/nathan/cbl/src/linux-next/include/linux/workqueue.h:320:29: note: expanded from macro 'INIT_DELAYED_WORK'
  320 |         __INIT_DELAYED_WORK(_work, _func, 0)
      |                                    ^~~~~
/home/nathan/cbl/src/linux-next/include/linux/workqueue.h:305:30: note: expanded from macro '__INIT_DELAYED_WORK'
  305 |                 INIT_WORK(&(_work)->work, (_func));                     \
      |                                            ^~~~~
/home/nathan/cbl/src/linux-next/include/linux/workqueue.h:298:24: note: expanded from macro 'INIT_WORK'
  298 |         __INIT_WORK((_work), (_func), 0)
      |                               ^~~~~
/home/nathan/cbl/src/linux-next/include/linux/workqueue.h:293:20: note: expanded from macro '__INIT_WORK'
  293 |                 (_work)->func = (_func);                                \
      |                                  ^~~~~
/home/nathan/cbl/src/linux-next/drivers/net/ethernet/brocade/bna/bnad.c:2252:4: warning: cast from 'void (*)(void *)' to 'work_func_t' (aka 'void (*)(struct work_struct *)') converts to incompatible function type [-Wcast-function-type-strict]
 2252 |                         (work_func_t)(bnad_rx_cleanup));
      |                         ^~~~~~~~~~~~~~~~~~~~~~~~~~~~~~
/home/nathan/cbl/src/linux-next/include/linux/workqueue.h:298:24: note: expanded from macro 'INIT_WORK'
  298 |         __INIT_WORK((_work), (_func), 0)
      |                               ^~~~~
/home/nathan/cbl/src/linux-next/include/linux/workqueue.h:293:20: note: expanded from macro '__INIT_WORK'
  293 |                 (_work)->func = (_func);                                \
      |                                  ^~~~~
/home/nathan/cbl/src/linux-next/drivers/net/wireless/ath/ath5k/mac80211-ops.c:367:62: warning: parameter 'changed_flags' set but not used [-Wunused-but-set-parameter]
  367 | ath5k_configure_filter(struct ieee80211_hw *hw, unsigned int changed_flags,
      |                                                              ^
1 warning generated.
2 warnings generated.
/home/nathan/cbl/src/linux-next/drivers/net/wireless/ath/ath9k/main.c:1566:21: warning: parameter 'changed_flags' set but not used [-Wunused-but-set-parameter]
 1566 |                                    unsigned int changed_flags,
      |                                                 ^
1 warning generated.
/home/nathan/cbl/src/linux-next/drivers/net/ethernet/cavium/liquidio/cn23xx_pf_device.c:1493:16: warning: cast from 'void (*)(struct octeon_device *, struct octeon_mbox_cmd *, void *)' to 'octeon_mbox_callback_t' (aka 'void (*)(void *, void *, void *)') converts to incompatible function type [-Wcast-function-type-strict]
 1493 |         mbox_cmd.fn = (octeon_mbox_callback_t)cn23xx_get_vf_stats_callback;
      |                       ^~~~~~~~~~~~~~~~~~~~~~~~~~~~~~~~~~~~~~~~~~~~~~~~~~~~
1 warning generated.
/home/nathan/cbl/src/linux-next/drivers/net/ethernet/cavium/liquidio/cn23xx_vf_device.c:432:16: warning: cast from 'void (*)(struct octeon_device *, struct octeon_mbox_cmd *, void *)' to 'octeon_mbox_callback_t' (aka 'void (*)(void *, void *, void *)') converts to incompatible function type [-Wcast-function-type-strict]
  432 |         mbox_cmd.fn = (octeon_mbox_callback_t)octeon_pfvf_hs_callback;
      |                       ^~~~~~~~~~~~~~~~~~~~~~~~~~~~~~~~~~~~~~~~~~~~~~~
1 warning generated.
/home/nathan/cbl/src/linux-next/drivers/net/wireless/ath/ath9k/htc_drv_main.c:1258:25: warning: parameter 'changed_flags' set but not used [-Wunused-but-set-parameter]
 1258 |                                        unsigned int changed_flags,
      |                                                     ^
1 warning generated.
/home/nathan/cbl/src/linux-next/drivers/md/dm-integrity.c:4159:12: warning: result of comparison of constant 14316557650 with expression of type 'unsigned int' is always false [-Wtautological-constant-out-of-range-compare]
 4159 |                         if (val >= (uint64_t)UINT_MAX * 1000 / HZ) {
      |                             ~~~ ^  ~~~~~~~~~~~~~~~~~~~~~~~~~~~~~~
/home/nathan/cbl/src/linux-next/drivers/media/usb/pvrusb2/pvrusb2-v4l2.c:1070:30: warning: cast from 'void (*)(struct pvr2_v4l2_fh *)' to 'pvr2_stream_callback' (aka 'void (*)(void *)') converts to incompatible function type [-Wcast-function-type-strict]
 1070 |         pvr2_stream_set_callback(sp,(pvr2_stream_callback)pvr2_v4l2_notify,fh);
      |                                     ^~~~~~~~~~~~~~~~~~~~~~~~~~~~~~~~~~~~~~
1 warning generated.
1 warning generated.
/home/nathan/cbl/src/linux-next/drivers/scsi/csiostor/csio_lnode.c:1098:33: warning: cast from 'void (*)(struct csio_lnode *, enum csio_ln_ev)' to 'csio_sm_state_t' (aka 'void (*)(void *, unsigned int)') converts to incompatible function type [-Wcast-function-type-strict]
 1098 |         return (csio_get_state(ln) == ((csio_sm_state_t)csio_lns_ready));
      |                                        ^~~~~~~~~~~~~~~~~~~~~~~~~~~~~~~
/home/nathan/cbl/src/linux-next/drivers/scsi/csiostor/csio_lnode.c:1369:29: warning: cast from 'void (*)(struct csio_lnode *, enum csio_ln_ev)' to 'csio_sm_state_t' (aka 'void (*)(void *, unsigned int)') converts to incompatible function type [-Wcast-function-type-strict]
 1369 |         if (csio_get_state(ln) == ((csio_sm_state_t)csio_lns_uninit)) {
      |                                    ^~~~~~~~~~~~~~~~~~~~~~~~~~~~~~~~
/home/nathan/cbl/src/linux-next/drivers/scsi/csiostor/csio_lnode.c:1373:29: warning: cast from 'void (*)(struct csio_lnode *, enum csio_ln_ev)' to 'csio_sm_state_t' (aka 'void (*)(void *, unsigned int)') converts to incompatible function type [-Wcast-function-type-strict]
 1373 |         if (csio_get_state(ln) == ((csio_sm_state_t)csio_lns_ready)) {
      |                                    ^~~~~~~~~~~~~~~~~~~~~~~~~~~~~~~
/home/nathan/cbl/src/linux-next/drivers/scsi/csiostor/csio_lnode.c:1377:29: warning: cast from 'void (*)(struct csio_lnode *, enum csio_ln_ev)' to 'csio_sm_state_t' (aka 'void (*)(void *, unsigned int)') converts to incompatible function type [-Wcast-function-type-strict]
 1377 |         if (csio_get_state(ln) == ((csio_sm_state_t)csio_lns_offline)) {
      |                                    ^~~~~~~~~~~~~~~~~~~~~~~~~~~~~~~~~
/home/nathan/cbl/src/linux-next/drivers/media/usb/pvrusb2/pvrusb2-context.c:110:6: warning: cast from 'void (*)(struct pvr2_context *)' to 'void (*)(void *)' converts to incompatible function type [-Wcast-function-type-strict]
  110 |                                         (void (*)(void *))pvr2_context_notify,
      |                                         ^~~~~~~~~~~~~~~~~~~~~~~~~~~~~~~~~~~~~
1 warning generated.
4 warnings generated.
/home/nathan/cbl/src/linux-next/drivers/scsi/bfa/bfad_bsg.c:2138:29: warning: cast from 'void (*)(void *, enum bfa_status)' to 'bfa_cb_cbfn_t' (aka 'void (*)(void *, enum bfa_boolean)') converts to incompatible function type [-Wcast-function-type-strict]
 2138 |         bfa_pending_q_init(&cb_qe, (bfa_cb_cbfn_t)bfad_hcb_comp,
      |                                    ^~~~~~~~~~~~~~~~~~~~~~~~~~~~
/home/nathan/cbl/src/linux-next/drivers/scsi/bfa/bfa.h:453:25: note: expanded from macro 'bfa_pending_q_init'
  453 |         (__qe)->hcb_qe.cbfn = (__cbfn);                         \
      |                                ^~~~~~
/home/nathan/cbl/src/linux-next/drivers/scsi/bfa/bfad_bsg.c:2162:29: warning: cast from 'void (*)(void *, enum bfa_status)' to 'bfa_cb_cbfn_t' (aka 'void (*)(void *, enum bfa_boolean)') converts to incompatible function type [-Wcast-function-type-strict]
 2162 |         bfa_pending_q_init(&cb_qe, (bfa_cb_cbfn_t)bfad_hcb_comp, &fcomp, NULL);
      |                                    ^~~~~~~~~~~~~~~~~~~~~~~~~~~~
/home/nathan/cbl/src/linux-next/drivers/scsi/bfa/bfa.h:453:25: note: expanded from macro 'bfa_pending_q_init'
  453 |         (__qe)->hcb_qe.cbfn = (__cbfn);                         \
      |                                ^~~~~~
/home/nathan/cbl/src/linux-next/drivers/scsi/bfa/bfad_bsg.c:2446:29: warning: cast from 'void (*)(void *, enum bfa_status)' to 'bfa_cb_cbfn_t' (aka 'void (*)(void *, enum bfa_boolean)') converts to incompatible function type [-Wcast-function-type-strict]
 2446 |         bfa_pending_q_init(&cb_qe, (bfa_cb_cbfn_t)bfad_hcb_comp,
      |                                    ^~~~~~~~~~~~~~~~~~~~~~~~~~~~
/home/nathan/cbl/src/linux-next/drivers/scsi/bfa/bfa.h:453:25: note: expanded from macro 'bfa_pending_q_init'
  453 |         (__qe)->hcb_qe.cbfn = (__cbfn);                         \
      |                                ^~~~~~
/home/nathan/cbl/src/linux-next/drivers/scsi/bfa/bfad_bsg.c:2477:29: warning: cast from 'void (*)(void *, enum bfa_status)' to 'bfa_cb_cbfn_t' (aka 'void (*)(void *, enum bfa_boolean)') converts to incompatible function type [-Wcast-function-type-strict]
 2477 |         bfa_pending_q_init(&cb_qe, (bfa_cb_cbfn_t)bfad_hcb_comp,
      |                                    ^~~~~~~~~~~~~~~~~~~~~~~~~~~~
/home/nathan/cbl/src/linux-next/drivers/scsi/bfa/bfa.h:453:25: note: expanded from macro 'bfa_pending_q_init'
  453 |         (__qe)->hcb_qe.cbfn = (__cbfn);                         \
      |                                ^~~~~~
4 warnings generated.
/home/nathan/cbl/src/linux-next/drivers/media/usb/pvrusb2/pvrusb2-dvb.c:152:6: warning: cast from 'void (*)(struct pvr2_dvb_adapter *)' to 'pvr2_stream_callback' (aka 'void (*)(void *)') converts to incompatible function type [-Wcast-function-type-strict]
  152 |                                  (pvr2_stream_callback) pvr2_dvb_notify, adap);
      |                                  ^~~~~~~~~~~~~~~~~~~~~~~~~~~~~~~~~~~~~~
1 warning generated.
/home/nathan/cbl/src/linux-next/drivers/scsi/bfa/bfa_core.c:1917:11: warning: cast from 'bfa_cb_cbfn_t' (aka 'void (*)(void *, enum bfa_boolean)') to 'bfa_cb_cbfn_status_t' (aka 'void (*)(void *, enum bfa_status)') converts to incompatible function type [-Wcast-function-type-strict]
 1917 |                         cbfn = (bfa_cb_cbfn_status_t)(hcb_qe->cbfn);
      |                                ^~~~~~~~~~~~~~~~~~~~~~~~~~~~~~~~~~~~
1 warning generated.
/home/nathan/cbl/src/linux-next/fs/ubifs/find.c:170:9: warning: cast from 'int (*)(struct ubifs_info *, const struct ubifs_lprops *, int, struct scan_data *)' to 'ubifs_lpt_scan_callback' (aka 'int (*)(struct ubifs_info *, const struct ubifs_lprops *, int, void *)') converts to incompatible function type [-Wcast-function-type-strict]
  170 |                                     (ubifs_lpt_scan_callback)scan_for_dirty_cb,
      |                                     ^~~~~~~~~~~~~~~~~~~~~~~~~~~~~~~~~~~~~~~~~~
/home/nathan/cbl/src/linux-next/fs/ubifs/find.c:449:9: warning: cast from 'int (*)(struct ubifs_info *, const struct ubifs_lprops *, int, struct scan_data *)' to 'ubifs_lpt_scan_callback' (aka 'int (*)(struct ubifs_info *, const struct ubifs_lprops *, int, void *)') converts to incompatible function type [-Wcast-function-type-strict]
  449 |                                     (ubifs_lpt_scan_callback)scan_for_free_cb,
      |                                     ^~~~~~~~~~~~~~~~~~~~~~~~~~~~~~~~~~~~~~~~~
/home/nathan/cbl/src/linux-next/fs/ubifs/find.c:629:9: warning: cast from 'int (*)(struct ubifs_info *, const struct ubifs_lprops *, int, struct scan_data *)' to 'ubifs_lpt_scan_callback' (aka 'int (*)(struct ubifs_info *, const struct ubifs_lprops *, int, void *)') converts to incompatible function type [-Wcast-function-type-strict]
  629 |                                     (ubifs_lpt_scan_callback)scan_for_idx_cb,
      |                                     ^~~~~~~~~~~~~~~~~~~~~~~~~~~~~~~~~~~~~~~~
/home/nathan/cbl/src/linux-next/fs/ubifs/find.c:757:7: warning: cast from 'int (*)(const struct ubifs_lprops **, const struct ubifs_lprops **)' to 'int (*)(const void *, const void *)' converts to incompatible function type [-Wcast-function-type-strict]
  757 |              (int (*)(const void *, const void *))cmp_dirty_idx, NULL);
      |              ^~~~~~~~~~~~~~~~~~~~~~~~~~~~~~~~~~~~~~~~~~~~~~~~~~
/home/nathan/cbl/src/linux-next/fs/ubifs/find.c:846:9: warning: cast from 'int (*)(struct ubifs_info *, const struct ubifs_lprops *, int, struct scan_data *)' to 'ubifs_lpt_scan_callback' (aka 'int (*)(struct ubifs_info *, const struct ubifs_lprops *, int, void *)') converts to incompatible function type [-Wcast-function-type-strict]
  846 |                                     (ubifs_lpt_scan_callback)scan_dirty_idx_cb,
      |                                     ^~~~~~~~~~~~~~~~~~~~~~~~~~~~~~~~~~~~~~~~~~
5 warnings generated.
/home/nathan/cbl/src/linux-next/fs/ubifs/lprops.c:1272:9: warning: cast from 'int (*)(struct ubifs_info *, const struct ubifs_lprops *, int, struct ubifs_lp_stats *)' to 'ubifs_lpt_scan_callback' (aka 'int (*)(struct ubifs_info *, const struct ubifs_lprops *, int, void *)') converts to incompatible function type [-Wcast-function-type-strict]
 1272 |                                     (ubifs_lpt_scan_callback)scan_check_cb,
      |                                     ^~~~~~~~~~~~~~~~~~~~~~~~~~~~~~~~~~~~~~
1 warning generated.
/home/nathan/cbl/src/linux-next/net/ceph/osdmap.c:1441:10: warning: result of comparison of constant 4611686018427387891 with expression of type 'u32' (aka 'unsigned int') is always false [-Wtautological-constant-out-of-range-compare]
 1441 |         if (len > (SIZE_MAX - sizeof(*pg)) / sizeof(u32))
      |             ~~~ ^ ~~~~~~~~~~~~~~~~~~~~~~~~~~~~~~~~~~~~~~
/home/nathan/cbl/src/linux-next/net/ceph/osdmap.c:1624:10: warning: result of comparison of constant 2305843009213693945 with expression of type 'u32' (aka 'unsigned int') is always false [-Wtautological-constant-out-of-range-compare]
 1624 |         if (len > (SIZE_MAX - sizeof(*pg)) / (2 * sizeof(u32)))
      |             ~~~ ^ ~~~~~~~~~~~~~~~~~~~~~~~~~~~~~~~~~~~~~~~~~~~~
2 warnings generated.
/home/nathan/cbl/src/linux-next/drivers/gpu/drm/nouveau/nvkm/subdev/bios/shadow.c:161:10: warning: cast from 'void (*)(const struct firmware *)' to 'void (*)(void *)' converts to incompatible function type [-Wcast-function-type-strict]
  161 |         .fini = (void(*)(void *))release_firmware,
      |                 ^~~~~~~~~~~~~~~~~~~~~~~~~~~~~~~~~
1 warning generated.
/home/nathan/cbl/src/linux-next/fs/ceph/snap.c:372:10: warning: result of comparison of constant 2305843009213693948 with expression of type 'u32' (aka 'unsigned int') is always false [-Wtautological-constant-out-of-range-compare]
  372 |         if (num > (SIZE_MAX - sizeof(*snapc)) / sizeof(u64))
      |             ~~~ ^ ~~~~~~~~~~~~~~~~~~~~~~~~~~~~~~~~~~~~~~~~~
1 warning generated.
/home/nathan/cbl/src/linux-next/drivers/net/ethernet/qlogic/qed/qed_vf.c:63:67: warning: parameter 'resp_size' set but not used [-Wunused-but-set-parameter]
   63 | static int qed_send_msg2pf(struct qed_hwfn *p_hwfn, u8 *done, u32 resp_size)
      |                                                                   ^
1 warning generated.
/home/nathan/cbl/src/linux-next/drivers/infiniband/ulp/srpt/ib_srpt.c:1811:5: warning: cast from 'void (*)(struct ib_event *, struct srpt_rdma_ch *)' to 'void (*)(struct ib_event *, void *)' converts to incompatible function type [-Wcast-function-type-strict]
 1811 |                 = (void(*)(struct ib_event *, void*))srpt_qp_event;
      |                   ^~~~~~~~~~~~~~~~~~~~~~~~~~~~~~~~~~~~~~~~~~~~~~~~
1 warning generated.

[01;32mQEMU location: [0m/usr/sbin[0m

[01;32mQEMU version: [0mQEMU emulator version 8.0.3[0m

OpenSBI v1.2
   ____                    _____ ____ _____
  / __ \                  / ____|  _ \_   _|
 | |  | |_ __   ___ _ __ | (___ | |_) || |
 | |  | | '_ \ / _ \ '_ \ \___ \|  _ < | |
 | |__| | |_) |  __/ | | |____) | |_) || |_
  \____/| .__/ \___|_| |_|_____/|____/_____|
        | |
        |_|

Platform Name             : riscv-virtio,qemu
Platform Features         : medeleg
Platform HART Count       : 1
Platform IPI Device       : aclint-mswi
Platform Timer Device     : aclint-mtimer @ 10000000Hz
Platform Console Device   : uart8250
Platform HSM Device       : ---
Platform PMU Device       : ---
Platform Reboot Device    : sifive_test
Platform Shutdown Device  : sifive_test
Firmware Base             : 0x80000000
Firmware Size             : 212 KB
Runtime SBI Version       : 1.0

Domain0 Name              : root
Domain0 Boot HART         : 0
Domain0 HARTs             : 0*
Domain0 Region00          : 0x0000000002000000-0x000000000200ffff (I)
Domain0 Region01          : 0x0000000080000000-0x000000008003ffff ()
Domain0 Region02          : 0x0000000000000000-0xffffffffffffffff (R,W,X)
Domain0 Next Address      : 0x0000000080200000
Domain0 Next Arg1         : 0x000000009fe00000
Domain0 Next Mode         : S-mode
Domain0 SysReset          : yes

Boot HART ID              : 0
Boot HART Domain          : root
Boot HART Priv Version    : v1.12
Boot HART Base ISA        : rv64imafdch
Boot HART ISA Extensions  : time,sstc
Boot HART PMP Count       : 16
Boot HART PMP Granularity : 4
Boot HART PMP Address Bits: 54
Boot HART MHPM Count      : 16
Boot HART MIDELEG         : 0x0000000000001666
Boot HART MEDELEG         : 0x0000000000f0b509
[    0.000000][    T0] Linux version 6.5.0-rc5-next-20230809-default-cbl (nathan@dev-arch.m3-large-x86-01) (ClangBuiltLinux clang version 17.0.0 (https://github.com/llvm/llvm-project edc0ee3ccad416ab186202bf928ea64e3a7987b7), ClangBuiltLinux LLD 17.0.0) #1 SMP Fri Aug 11 19:10:42 UTC 2023
[    0.000000][    T0] random: crng init done
[    0.000000][    T0] Machine model: riscv-virtio,qemu
[    0.000000][    T0] SBI specification v1.0 detected
[    0.000000][    T0] SBI implementation ID=0x1 Version=0x10002
[    0.000000][    T0] SBI TIME extension detected
[    0.000000][    T0] SBI IPI extension detected
[    0.000000][    T0] SBI RFENCE extension detected
[    0.000000][    T0] SBI SRST extension detected
[    0.000000][    T0] efi: UEFI not found.
[    0.000000][    T0] OF: reserved mem: 0x0000000080000000..0x000000008003ffff (256 KiB) map non-reusable mmode_resv0@80000000
[    0.000000][    T0] cma: Reserved 16 MiB at 0x000000009ee00000 on node -1
[    0.000000][    T0] NUMA: No NUMA configuration found
[    0.000000][    T0] NUMA: Faking a node at [mem 0x0000000080000000-0x000000009fffffff]
[    0.000000][    T0] NUMA: NODE_DATA [mem 0x9fff11c0-0x9fff2fff]
[    0.000000][    T0] Zone ranges:
[    0.000000][    T0]   DMA32    [mem 0x0000000080000000-0x000000009fffffff]
[    0.000000][    T0]   Normal   empty
[    0.000000][    T0] Movable zone start for each node
[    0.000000][    T0] Early memory node ranges
[    0.000000][    T0]   node   0: [mem 0x0000000080000000-0x000000009fffffff]
[    0.000000][    T0] Initmem setup node 0 [mem 0x0000000080000000-0x000000009fffffff]
[    0.000000][    T0] SBI HSM extension detected
[    0.000000][    T0] riscv: base ISA extensions acdfhim
[    0.000000][    T0] riscv: ELF capabilities acdfim
[    0.000000][    T0] percpu: cpu 0 has no node -1 or node-local memory
[    0.000000][    T0] percpu: Embedded 30 pages/cpu s84520 r8192 d30168 u122880
[    0.000000][    T0] Kernel command line: earlycon
[    0.000000][    T0] Dentry cache hash table entries: 65536 (order: 7, 524288 bytes, linear)
[    0.000000][    T0] Inode-cache hash table entries: 32768 (order: 6, 262144 bytes, linear)
[    0.000000][    T0] Fallback order for Node 0: 0 
[    0.000000][    T0] Built 1 zonelists, mobility grouping on.  Total pages: 129024
[    0.000000][    T0] Policy zone: DMA32
[    0.000000][    T0] mem auto-init: stack:off, heap alloc:off, heap free:off
[    0.000000][    T0] Memory: 93952K/524288K available (10727K kernel code, 5917K rwdata, 10240K rodata, 7289K init, 753K bss, 85808K reserved, 16384K cma-reserved)
[    0.000000][    T0] SLUB: HWalign=64, Order=0-3, MinObjects=0, CPUs=1, Nodes=1
[    0.000000][    T0] ftrace: allocating 39108 entries in 153 pages
[    0.000000][    T0] ftrace: allocated 153 pages with 4 groups
[    0.000000][    T0] trace event string verifier disabled
[    0.000000][    T0] rcu: Hierarchical RCU implementation.
[    0.000000][    T0] rcu: 	RCU restricting CPUs from NR_CPUS=32 to nr_cpu_ids=1.
[    0.000000][    T0] 	Rude variant of Tasks RCU enabled.
[    0.000000][    T0] 	Tracing variant of Tasks RCU enabled.
[    0.000000][    T0] rcu: RCU calculated value of scheduler-enlistment delay is 30 jiffies.
[    0.000000][    T0] rcu: Adjusting geometry for rcu_fanout_leaf=16, nr_cpu_ids=1
[    0.000000][    T0] NR_IRQS: 64, nr_irqs: 64, preallocated irqs: 0
[    0.000000][    T0] riscv-intc: 64 local interrupts mapped
[    0.000000][    T0] plic: plic@c000000: mapped 95 interrupts with 1 handlers for 2 contexts.
[    0.000000][    T0] riscv: providing IPIs using SBI IPI extension
[    0.000000][    T0] rcu: srcu_init: Setting srcu_struct sizes based on contention.
[    0.000000][    T0] clocksource: riscv_clocksource: mask: 0xffffffffffffffff max_cycles: 0x24e6a1710, max_idle_ns: 440795202120 ns
[    0.000067][    T0] sched_clock: 64 bits at 10MHz, resolution 100ns, wraps every 4398046511100ns
[    0.000188][    T0] riscv-timer: Timer interrupt in S-mode is available via sstc extension
[    0.009374][    T0] Console: colour dummy device 80x25
[    0.009689][    T0] printk: console [tty0] enabled
[    0.014112][    T0] Calibrating delay loop (skipped), value calculated using timer frequency.. 20.83 BogoMIPS (lpj=33333)
[    0.014357][    T0] pid_max: default: 32768 minimum: 301
[    0.016266][    T0] LSM: initializing lsm=lockdown,capability,landlock,yama,apparmor,tomoyo,bpf,integrity
[    0.016778][    T0] landlock: Up and running.
[    0.016825][    T0] Yama: becoming mindful.
[    0.019505][    T0] AppArmor: AppArmor initialized
[    0.019594][    T0] TOMOYO Linux initialized
[    0.020185][    T0] LSM support for eBPF active
[    0.023110][    T0] Mount-cache hash table entries: 1024 (order: 1, 8192 bytes, linear)
[    0.023190][    T0] Mountpoint-cache hash table entries: 1024 (order: 1, 8192 bytes, linear)
[    0.058540][    T1] RCU Tasks Rude: Setting shift to 0 and lim to 1 rcu_task_cb_adjust=1.
[    0.058914][    T1] RCU Tasks Trace: Setting shift to 0 and lim to 1 rcu_task_cb_adjust=1.
[    0.059491][    T1] riscv: ELF compat mode supported
[    0.059843][    T1] ASID allocator using 16 bits (65536 entries)
[    0.060810][    T1] rcu: Hierarchical SRCU implementation.
[    0.060871][    T1] rcu: 	Max phase no-delay instances is 1000.
[    0.064877][    T1] EFI services will not be available.
[    0.068217][    T1] smp: Bringing up secondary CPUs ...
[    0.069215][    T1] smp: Brought up 1 node, 1 CPU
[    0.093586][   T20] node 0 deferred pages initialised in 17ms
[    0.107301][    T1] devtmpfs: initialized
[    0.118482][    T1] clocksource: jiffies: mask: 0xffffffff max_cycles: 0xffffffff, max_idle_ns: 6370867519511994 ns
[    0.118670][    T1] futex hash table entries: 256 (order: 2, 16384 bytes, linear)
[    0.122965][    T1] pinctrl core: initialized pinctrl subsystem
[    0.137448][    T1] NET: Registered PF_NETLINK/PF_ROUTE protocol family
[    0.150488][    T1] DMA: preallocated 128 KiB GFP_KERNEL pool for atomic allocations
[    0.150867][    T1] DMA: preallocated 128 KiB GFP_KERNEL|GFP_DMA32 pool for atomic allocations
[    0.151308][    T1] audit: initializing netlink subsys (disabled)
[    0.153563][   T24] audit: type=2000 audit(0.143:1): state=initialized audit_enabled=0 res=1
[    0.158712][    T1] thermal_sys: Registered thermal governor 'fair_share'
[    0.158754][    T1] thermal_sys: Registered thermal governor 'bang_bang'
[    0.158797][    T1] thermal_sys: Registered thermal governor 'step_wise'
[    0.158828][    T1] thermal_sys: Registered thermal governor 'user_space'
[    0.159148][    T1] cpuidle: using governor ladder
[    0.159303][    T1] cpuidle: using governor menu
[    0.196345][    T1] HugeTLB: registered 1.00 GiB page size, pre-allocated 0 pages
[    0.196403][    T1] HugeTLB: 16380 KiB vmemmap can be freed for a 1.00 GiB page
[    0.196454][    T1] HugeTLB: registered 2.00 MiB page size, pre-allocated 0 pages
[    0.196484][    T1] HugeTLB: 28 KiB vmemmap can be freed for a 2.00 MiB page
[    0.205688][    T1] ACPI: Interpreter disabled.
[    0.207640][    T1] iommu: Default domain type: Passthrough
[    0.209652][    T1] SCSI subsystem initialized
[    0.211327][    T1] EDAC MC: Ver: 3.0.0
[    0.221448][    T1] NetLabel: Initializing
[    0.221493][    T1] NetLabel:  domain hash size = 128
[    0.221523][    T1] NetLabel:  protocols = UNLABELED CIPSOv4 CALIPSO
[    0.222510][    T1] NetLabel:  unlabeled traffic allowed by default
[    0.222608][    T1] mctp: management component transport protocol core
[    0.222646][    T1] NET: Registered PF_MCTP protocol family
[    0.226820][    T1] vgaarb: loaded
[    0.229396][    T1] clocksource: Switched to clocksource riscv_clocksource
[    0.257991][    T1] VFS: Disk quotas dquot_6.6.0
[    0.258208][    T1] VFS: Dquot-cache hash table entries: 512 (order 0, 4096 bytes)
[    0.266220][    T1] AppArmor: AppArmor Filesystem Enabled
[    0.266562][    T1] pnp: PnP ACPI: disabled
[    0.286580][    T1] NET: Registered PF_INET protocol family
[    0.287597][    T1] IP idents hash table entries: 8192 (order: 4, 65536 bytes, linear)
[    0.294197][    T1] tcp_listen_portaddr_hash hash table entries: 256 (order: 0, 4096 bytes, linear)
[    0.294307][    T1] Table-perturb hash table entries: 65536 (order: 6, 262144 bytes, linear)
[    0.294393][    T1] TCP established hash table entries: 4096 (order: 3, 32768 bytes, linear)
[    0.294609][    T1] TCP bind hash table entries: 4096 (order: 5, 131072 bytes, linear)
[    0.294825][    T1] TCP: Hash tables configured (established 4096 bind 4096)
[    0.296653][    T1] MPTCP token hash table entries: 512 (order: 1, 12288 bytes, linear)
[    0.296949][    T1] UDP hash table entries: 256 (order: 1, 8192 bytes, linear)
[    0.297263][    T1] UDP-Lite hash table entries: 256 (order: 1, 8192 bytes, linear)
[    0.298787][    T1] NET: Registered PF_UNIX/PF_LOCAL protocol family
[    0.299349][    T1] NET: Registered PF_XDP protocol family
[    0.299578][    T1] PCI: CLS 0 bytes, default 64
[    0.307772][    T1] Initialise system trusted keyrings
[    0.309825][    T1] Key type blacklist registered
[    0.311060][   T11] Trying to unpack rootfs image as initramfs...
[    0.312755][    T1] workingset: timestamp_bits=44 max_order=17 bucket_order=0
[    0.312972][    T1] zbud: loaded
[    0.320545][    T1] integrity: Platform Keyring initialized
[    0.320703][    T1] integrity: Machine keyring initialized
[    0.431574][   T11] Freeing initrd memory: 4684K
[    0.431863][    T1] Key type asymmetric registered
[    0.431959][    T1] Asymmetric key parser 'x509' registered
[    0.455060][    T1] Block layer SCSI generic (bsg) driver version 0.4 loaded (major 249)
[    0.455801][    T1] io scheduler mq-deadline registered
[    0.455897][    T1] io scheduler kyber registered
[    0.456143][    T1] io scheduler bfq registered
[    0.472138][    T1] shpchp: Standard Hot Plug PCI Controller Driver version: 0.4
[    0.476012][    T1] Serial: 8250/16550 driver, 32 ports, IRQ sharing enabled
[    0.508298][    T1] 10000000.serial: ttyS0 at MMIO 0x10000000 (irq = 12, base_baud = 230400) is a 16550A
[    0.509949][    T1] printk: console [ttyS0] enabled
[    0.533460][    T1] mousedev: PS/2 mouse device common for all mice
[    0.537222][    T1] syscon-poweroff poweroff: pm_power_off already claimed for sbi_srst_power_off
[    0.537719][    T1] syscon-poweroff: probe of poweroff failed with error -16
[    0.539256][    T1] EDAC DEVICE0: Giving out device to module Sifive ECC Manager controller sifive_edac.0: DEV sifive_edac.0 (INTERRUPT)
[    0.541029][    T1] ledtrig-cpu: registered to indicate activity on CPUs
[    0.541562][    T1] hid: raw HID events driver (C) Jiri Kosina
[    0.542292][    T1] riscv-pmu-sbi: SBI PMU extension is available
[    0.543010][    T1] riscv-pmu-sbi: 16 firmware and 18 hardware counters
[    0.543205][    T1] riscv-pmu-sbi: Perf sampling/filtering is not supported as sscof extension is not available
[    0.597015][    T1] NET: Registered PF_INET6 protocol family
[    0.608917][    T1] Segment Routing with IPv6
[    0.609223][    T1] RPL Segment Routing with IPv6
[    0.609581][    T1] In-situ OAM (IOAM) with IPv6
[    0.629316][    T1] registered taskstats version 1
[    0.632079][    T1] Loading compiled-in X.509 certificates
[    0.705805][    T1] Loaded X.509 cert 'Build time autogenerated kernel key: dc45655d712c11f00616ba6977554b0d79464d28'
[    0.724772][    T1] Key type .fscrypt registered
[    0.724918][    T1] Key type fscrypt-provisioning registered
[    0.735257][    T1] Key type encrypted registered
[    0.735475][    T1] AppArmor: AppArmor sha1 policy hashing enabled
[    0.736353][    T1] ima: No TPM chip found, activating TPM-bypass!
[    0.736572][    T1] Loading compiled-in module X.509 certificates
[    0.738540][    T1] Loaded X.509 cert 'Build time autogenerated kernel key: dc45655d712c11f00616ba6977554b0d79464d28'
[    0.738856][    T1] ima: Allocated hash algorithm: sha256
[    0.740749][    T1] ima: No architecture policies found
[    0.741477][    T1] evm: Initialising EVM extended attributes:
[    0.741635][    T1] evm: security.selinux
[    0.741760][    T1] evm: security.SMACK64 (disabled)
[    0.741877][    T1] evm: security.SMACK64EXEC (disabled)
[    0.742001][    T1] evm: security.SMACK64TRANSMUTE (disabled)
[    0.742152][    T1] evm: security.SMACK64MMAP (disabled)
[    0.742298][    T1] evm: security.apparmor
[    0.742498][    T1] evm: security.ima
[    0.742595][    T1] evm: security.capability
[    0.742711][    T1] evm: HMAC attrs: 0x1
[    1.204091][    T1] clk: Disabling unused clocks
[    1.265338][    T1] Freeing unused kernel image (initmem) memory: 7288K
[    1.266336][    T1] Run /init as init process
[    1.369645][    T1] Not activating Mandatory Access Control as /sbin/tomoyo-init does not exist.
Starting syslogd: OK
Starting klogd: OK
Running sysctl: OK
Saving 256 bits of creditable seed for next boot
Starting network: OK
Linux version 6.5.0-rc5-next-20230809-default-cbl (nathan@dev-arch.m3-large-x86-01) (ClangBuiltLinux clang version 17.0.0 (https://github.com/llvm/llvm-project edc0ee3ccad416ab186202bf928ea64e3a7987b7), ClangBuiltLinux LLD 17.0.0) #1 SMP Fri Aug 11 19:10:42 UTC 2023
Stopping network: OK
Seeding 256 bits and crediting
Saving 256 bits of creditable seed for next boot
Stopping klogd: OK
Stopping syslogd: OK
umount: devtmpfs busy - remounted read-only
umount: can't unmount /: Invalid argument

The system is going down NOW!

Sent SIGTERM to all processes

Sent SIGKILL to all processes

Requesting system poweroff
[    5.298484][  T185] reboot: Power down
$ timeout --foreground 3m stdbuf -eL -oL /usr/sbin/qemu-system-riscv64 -display none -nodefaults -bios default -M virt -append earlycon -kernel /home/nathan/tmp/build/cbl_lkt/linux-next/riscv/arch/riscv/boot/Image -initrd /home/nathan/cbl/llvm-kernel-testing/src/boot-utils/images/riscv/rootfs.cpio -m 512m -serial mon:stdio
