/home/nathan/cbl/src/linux-next/lib/radix-tree.c:1136:50: warning: parameter 'slot' set but not used [-Wunused-but-set-parameter]
 1136 | void __rcu **radix_tree_iter_resume(void __rcu **slot,
      |                                                  ^
1 warning generated.
/home/nathan/cbl/src/linux-next/drivers/tty/hvc/hvc_iucv.c:1100:23: warning: cast from 'void (*)(const void *)' to 'void (*)(struct device *)' converts to incompatible function type [-Wcast-function-type-strict]
 1100 |         priv->dev->release = (void (*)(struct device *)) kfree;
      |                              ^~~~~~~~~~~~~~~~~~~~~~~~~~~~~~~~~
1 warning generated.
/home/nathan/cbl/src/linux-next/drivers/block/rbd.c:6149:17: warning: result of comparison of constant 2305843009213693948 with expression of type 'u32' (aka 'unsigned int') is always false [-Wtautological-constant-out-of-range-compare]
 6149 |         if (snap_count > (SIZE_MAX - sizeof (struct ceph_snap_context))
      |             ~~~~~~~~~~ ^ ~~~~~~~~~~~~~~~~~~~~~~~~~~~~~~~~~~~~~~~~~~~~~~
 6150 |                                  / sizeof (u64)) {
      |                                  ~~~~~~~~~~~~~~
1 warning generated.
/home/nathan/cbl/src/linux-next/drivers/block/drbd/drbd_state.c:1632:3: warning: cast from 'int (*)(struct sk_buff *, unsigned int, struct drbd_resource_state_change *, enum drbd_notification_type)' to 'typeof (last_func)' (aka 'int (*)(struct sk_buff *, unsigned int, void *, enum drbd_notification_type)') converts to incompatible function type [-Wcast-function-type-strict]
 1632 |                 REMEMBER_STATE_CHANGE(notify_resource_state_change,
      |                 ^~~~~~~~~~~~~~~~~~~~~~~~~~~~~~~~~~~~~~~~~~~~~~~~~~~
 1633 |                                       resource_state_change, NOTIFY_CHANGE);
      |                                       ~~~~~~~~~~~~~~~~~~~~~~~~~~~~~~~~~~~~~
/home/nathan/cbl/src/linux-next/drivers/block/drbd/drbd_state.c:1619:17: note: expanded from macro 'REMEMBER_STATE_CHANGE'
 1619 |            last_func = (typeof(last_func))func; \
      |                        ^~~~~~~~~~~~~~~~~~~~~~~
/home/nathan/cbl/src/linux-next/drivers/block/drbd/drbd_state.c:1641:4: warning: cast from 'int (*)(struct sk_buff *, unsigned int, struct drbd_connection_state_change *, enum drbd_notification_type)' to 'typeof (last_func)' (aka 'int (*)(struct sk_buff *, unsigned int, void *, enum drbd_notification_type)') converts to incompatible function type [-Wcast-function-type-strict]
 1641 |                         REMEMBER_STATE_CHANGE(notify_connection_state_change,
      |                         ^~~~~~~~~~~~~~~~~~~~~~~~~~~~~~~~~~~~~~~~~~~~~~~~~~~~~
 1642 |                                               connection_state_change, NOTIFY_CHANGE);
      |                                               ~~~~~~~~~~~~~~~~~~~~~~~~~~~~~~~~~~~~~~~
/home/nathan/cbl/src/linux-next/drivers/block/drbd/drbd_state.c:1619:17: note: expanded from macro 'REMEMBER_STATE_CHANGE'
 1619 |            last_func = (typeof(last_func))func; \
      |                        ^~~~~~~~~~~~~~~~~~~~~~~
/home/nathan/cbl/src/linux-next/drivers/block/drbd/drbd_state.c:1650:4: warning: cast from 'int (*)(struct sk_buff *, unsigned int, struct drbd_device_state_change *, enum drbd_notification_type)' to 'typeof (last_func)' (aka 'int (*)(struct sk_buff *, unsigned int, void *, enum drbd_notification_type)') converts to incompatible function type [-Wcast-function-type-strict]
 1650 |                         REMEMBER_STATE_CHANGE(notify_device_state_change,
      |                         ^~~~~~~~~~~~~~~~~~~~~~~~~~~~~~~~~~~~~~~~~~~~~~~~~
 1651 |                                               device_state_change, NOTIFY_CHANGE);
      |                                               ~~~~~~~~~~~~~~~~~~~~~~~~~~~~~~~~~~~
/home/nathan/cbl/src/linux-next/drivers/block/drbd/drbd_state.c:1619:17: note: expanded from macro 'REMEMBER_STATE_CHANGE'
 1619 |            last_func = (typeof(last_func))func; \
      |                        ^~~~~~~~~~~~~~~~~~~~~~~
/home/nathan/cbl/src/linux-next/drivers/block/drbd/drbd_state.c:1664:4: warning: cast from 'int (*)(struct sk_buff *, unsigned int, struct drbd_peer_device_state_change *, enum drbd_notification_type)' to 'typeof (last_func)' (aka 'int (*)(struct sk_buff *, unsigned int, void *, enum drbd_notification_type)') converts to incompatible function type [-Wcast-function-type-strict]
 1664 |                         REMEMBER_STATE_CHANGE(notify_peer_device_state_change,
      |                         ^~~~~~~~~~~~~~~~~~~~~~~~~~~~~~~~~~~~~~~~~~~~~~~~~~~~~~
 1665 |                                               p, NOTIFY_CHANGE);
      |                                               ~~~~~~~~~~~~~~~~~
/home/nathan/cbl/src/linux-next/drivers/block/drbd/drbd_state.c:1619:17: note: expanded from macro 'REMEMBER_STATE_CHANGE'
 1619 |            last_func = (typeof(last_func))func; \
      |                        ^~~~~~~~~~~~~~~~~~~~~~~
4 warnings generated.
/home/nathan/cbl/src/linux-next/lib/kunit/test.c:815:38: warning: cast from 'void (*)(const void *)' to 'kunit_action_t *' (aka 'void (*)(void *)') converts to incompatible function type [-Wcast-function-type-strict]
  815 |         if (kunit_add_action_or_reset(test, (kunit_action_t *)kfree, data) != 0)
      |                                             ^~~~~~~~~~~~~~~~~~~~~~~
/home/nathan/cbl/src/linux-next/lib/kunit/test.c:827:29: warning: cast from 'void (*)(const void *)' to 'kunit_action_t *' (aka 'void (*)(void *)') converts to incompatible function type [-Wcast-function-type-strict]
  827 |         kunit_release_action(test, (kunit_action_t *)kfree, (void *)ptr);
      |                                    ^~~~~~~~~~~~~~~~~~~~~~~
2 warnings generated.
/home/nathan/cbl/src/linux-next/net/ceph/osdmap.c:1441:10: warning: result of comparison of constant 4611686018427387891 with expression of type 'u32' (aka 'unsigned int') is always false [-Wtautological-constant-out-of-range-compare]
 1441 |         if (len > (SIZE_MAX - sizeof(*pg)) / sizeof(u32))
      |             ~~~ ^ ~~~~~~~~~~~~~~~~~~~~~~~~~~~~~~~~~~~~~~
/home/nathan/cbl/src/linux-next/net/ceph/osdmap.c:1624:10: warning: result of comparison of constant 2305843009213693945 with expression of type 'u32' (aka 'unsigned int') is always false [-Wtautological-constant-out-of-range-compare]
 1624 |         if (len > (SIZE_MAX - sizeof(*pg)) / (2 * sizeof(u32)))
      |             ~~~ ^ ~~~~~~~~~~~~~~~~~~~~~~~~~~~~~~~~~~~~~~~~~~~~
2 warnings generated.
/home/nathan/cbl/src/linux-next/drivers/s390/net/smsgiucv_app.c:176:26: warning: cast from 'void (*)(const void *)' to 'void (*)(struct device *)' converts to incompatible function type [-Wcast-function-type-strict]
  176 |         smsg_app_dev->release = (void (*)(struct device *)) kfree;
      |                                 ^~~~~~~~~~~~~~~~~~~~~~~~~~~~~~~~~
1 warning generated.
/home/nathan/cbl/src/linux-next/drivers/s390/char/vmlogrdr.c:748:18: warning: cast from 'void (*)(const void *)' to 'void (*)(struct device *)' converts to incompatible function type [-Wcast-function-type-strict]
  748 |                 dev->release = (void (*)(struct device *))kfree;
      |                                ^~~~~~~~~~~~~~~~~~~~~~~~~~~~~~~~
1 warning generated.
/home/nathan/cbl/src/linux-next/drivers/infiniband/ulp/srpt/ib_srpt.c:1811:5: warning: cast from 'void (*)(struct ib_event *, struct srpt_rdma_ch *)' to 'void (*)(struct ib_event *, void *)' converts to incompatible function type [-Wcast-function-type-strict]
 1811 |                 = (void(*)(struct ib_event *, void*))srpt_qp_event;
      |                   ^~~~~~~~~~~~~~~~~~~~~~~~~~~~~~~~~~~~~~~~~~~~~~~~
1 warning generated.
/home/nathan/cbl/src/linux-next/fs/ceph/snap.c:372:10: warning: result of comparison of constant 2305843009213693948 with expression of type 'u32' (aka 'unsigned int') is always false [-Wtautological-constant-out-of-range-compare]
  372 |         if (num > (SIZE_MAX - sizeof(*snapc)) / sizeof(u64))
      |             ~~~ ^ ~~~~~~~~~~~~~~~~~~~~~~~~~~~~~~~~~~~~~~~~~
1 warning generated.
/home/nathan/cbl/src/linux-next/drivers/md/dm-integrity.c:4159:12: warning: result of comparison of constant 42949672950 with expression of type 'unsigned int' is always false [-Wtautological-constant-out-of-range-compare]
 4159 |                         if (val >= (uint64_t)UINT_MAX * 1000 / HZ) {
      |                             ~~~ ^  ~~~~~~~~~~~~~~~~~~~~~~~~~~~~~~
1 warning generated.

[01;32mQEMU location: [0m/usr/sbin[0m

[01;32mQEMU version: [0mQEMU emulator version 8.0.3[0m
KASLR disabled: CPU has no PRNG
KASLR disabled: CPU has no PRNG
[    0.544031] Linux version 6.5.0-rc5-next-20230809-cbl (nathan@dev-arch.m3-large-x86-01) (ClangBuiltLinux clang version 17.0.0 (https://github.com/llvm/llvm-project edc0ee3ccad416ab186202bf928ea64e3a7987b7), GNU ld (GNU Binutils) 2.41) #1 SMP Fri Aug 11 19:26:33 UTC 2023

[    0.545578] setup: Linux is running under KVM in 64-bit mode

[    0.559008] setup: The maximum memory size is 512MB

[    0.559501] setup: Relocating AMODE31 section of size 0x00003000

[    0.562098] cpu: 1 configured CPUs, 0 standby CPUs

[    1.075514] Write protected kernel read-only data: 26156k

[    1.086387] Zone ranges:

[    1.086403]   DMA      [mem 0x0000000000000000-0x000000007fffffff]

[    1.087119]   Normal   empty

[    1.087147] Movable zone start for each node

[    1.087176] Early memory node ranges

[    1.087202]   node   0: [mem 0x0000000000000000-0x000000001fffffff]

[    1.087589] Initmem setup node 0 [mem 0x0000000000000000-0x000000001fffffff]

[    1.109423] percpu: Embedded 31 pages/cpu s87936 r8192 d30848 u126976

[    1.111441] Kernel command line: 

[    1.112645] random: crng init done

[    1.113080] Dentry cache hash table entries: 65536 (order: 7, 524288 bytes, linear)

[    1.113287] Inode-cache hash table entries: 32768 (order: 6, 262144 bytes, linear)

[    1.114341] Fallback order for Node 0: 0 

[    1.114678] Built 1 zonelists, mobility grouping on.  Total pages: 129024

[    1.114713] Policy zone: DMA

[    1.115831] mem auto-init: stack:all(zero), heap alloc:off, heap free:off

[    1.121063] Memory: 468576K/524288K available (17576K kernel code, 2796K rwdata, 8580K rodata, 5928K init, 840K bss, 55712K reserved, 0K cma-reserved)

[    1.128005] SLUB: HWalign=256, Order=0-3, MinObjects=0, CPUs=1, Nodes=1

[    1.128925] ftrace: allocating 37361 entries in 146 pages

[    1.217946] ftrace: allocated 146 pages with 3 groups

[    1.228066] rcu: Hierarchical RCU implementation.

[    1.228112] rcu: 	RCU restricting CPUs from NR_CPUS=512 to nr_cpu_ids=1.

[    1.228233] 	Rude variant of Tasks RCU enabled.

[    1.228244] 	Tracing variant of Tasks RCU enabled.

[    1.228317] rcu: RCU calculated value of scheduler-enlistment delay is 10 jiffies.

[    1.228342] rcu: Adjusting geometry for rcu_fanout_leaf=16, nr_cpu_ids=1

[    1.266133] NR_IRQS: 3, nr_irqs: 3, preallocated irqs: 3

[    1.268355] rcu: srcu_init: Setting srcu_struct sizes based on contention.

[    1.269564] clocksource: tod: mask: 0xffffffffffffffff max_cycles: 0x3b0a9be803b0a9, max_idle_ns: 1805497147909793 ns

[    1.271974] kfence: initialized - using 2097152 bytes for 255 objects at 0x(____ptrval____)-0x(____ptrval____)

[    1.275380] Console: colour dummy device 80x25

[    1.283744] printk: console [ttysclp0] enabled

[    1.286725] pid_max: default: 32768 minimum: 301

[    1.288455] LSM: initializing lsm=lockdown,capability,yama,selinux,bpf,landlock,integrity

[    1.289009] Yama: becoming mindful.

[    1.289301] SELinux:  Initializing.

[    1.289976] LSM support for eBPF active

[    1.290030] landlock: Up and running.

[    1.291938] Mount-cache hash table entries: 1024 (order: 1, 8192 bytes, linear)

[    1.291983] Mountpoint-cache hash table entries: 1024 (order: 1, 8192 bytes, linear)

[    1.331463] RCU Tasks Rude: Setting shift to 0 and lim to 1 rcu_task_cb_adjust=1.

[    1.331872] RCU Tasks Trace: Setting shift to 0 and lim to 1 rcu_task_cb_adjust=1.

[    1.334082] rcu: Hierarchical SRCU implementation.

[    1.334126] rcu: 	Max phase no-delay instances is 1000.

[    1.338527] smp: Bringing up secondary CPUs ...

[    1.339275] smp: Brought up 1 node, 1 CPU

[    1.354081] devtmpfs: initialized

[    1.361626] clocksource: jiffies: mask: 0xffffffff max_cycles: 0xffffffff, max_idle_ns: 19112604462750000 ns

[    1.361789] futex hash table entries: 256 (order: 4, 65536 bytes, linear)

[    1.377544] NET: Registered PF_NETLINK/PF_ROUTE protocol family

[    1.380585] audit: initializing netlink subsys (disabled)

[    1.388037] audit: type=2000 audit(1691782027.257:1): state=initialized audit_enabled=0 res=1

[    1.450140] raid6: skipped pq benchmark and selected vx128x8

[    1.450266] raid6: using s390xc recovery algorithm

[    1.452325] iommu: Default domain type: Translated

[    1.452372] iommu: DMA domain TLB invalidation policy: lazy mode

[    1.454241] SCSI subsystem initialized

[    1.455834] pps_core: LinuxPPS API ver. 1 registered

[    1.455857] pps_core: Software ver. 5.3.6 - Copyright 2005-2007 Rodolfo Giometti <giometti@linux.it>

[    1.455927] PTP clock support registered

[    1.498613] NetLabel: Initializing

[    1.498643] NetLabel:  domain hash size = 128

[    1.498657] NetLabel:  protocols = UNLABELED CIPSOv4 CALIPSO

[    1.499321] NetLabel:  unlabeled traffic allowed by default

[    1.499406] mctp: management component transport protocol core

[    1.499423] NET: Registered PF_MCTP protocol family

[    1.507374] VFS: Disk quotas dquot_6.6.0

[    1.507533] VFS: Dquot-cache hash table entries: 512 (order 0, 4096 bytes)

[    1.508974] hugetlbfs: disabling because there are no supported hugepage sizes

[    1.557011] NET: Registered PF_INET protocol family

[    1.558010] IP idents hash table entries: 8192 (order: 4, 65536 bytes, linear)

[    1.565715] tcp_listen_portaddr_hash hash table entries: 256 (order: 0, 4096 bytes, linear)

[    1.565793] Table-perturb hash table entries: 65536 (order: 6, 262144 bytes, linear)

[    1.565910] TCP established hash table entries: 4096 (order: 3, 32768 bytes, linear)

[    1.566130] TCP bind hash table entries: 4096 (order: 5, 131072 bytes, linear)

[    1.566341] TCP: Hash tables configured (established 4096 bind 4096)

[    1.567708] MPTCP token hash table entries: 512 (order: 1, 12288 bytes, linear)

[    1.567963] UDP hash table entries: 256 (order: 1, 8192 bytes, linear)

[    1.568370] UDP-Lite hash table entries: 256 (order: 1, 8192 bytes, linear)

[    1.569695] NET: Registered PF_UNIX/PF_LOCAL protocol family

[    1.570089] NET: Registered PF_XDP protocol family

[    1.573462] Trying to unpack rootfs image as initramfs...

[    1.583851] hypfs: The hardware system does not support hypfs

[    1.588340] Initialise system trusted keyrings

[    1.589938] Key type blacklist registered

[    1.600698] workingset: timestamp_bits=45 max_order=17 bucket_order=0

[    1.600896] zbud: loaded

[    1.609067] integrity: Platform Keyring initialized

[    1.718107] Freeing initrd memory: 7004K

[    1.718583] NET: Registered PF_ALG protocol family

[    1.718762] xor: automatically using best checksumming function   xc        

[    1.718796] Key type asymmetric registered

[    1.718862] Asymmetric key parser 'x509' registered

[    1.742775] Block layer SCSI generic (bsg) driver version 0.4 loaded (major 246)

[    1.743659] io scheduler mq-deadline registered

[    1.743739] io scheduler kyber registered

[    1.743930] io scheduler bfq registered

[    1.769331] atomic64_test: passed

[    1.773970] hvc_iucv: The z/VM IUCV HVC device driver cannot be used without z/VM

[    1.779248] device-mapper: core: CONFIG_IMA_DISABLE_HTABLE is disabled. Duplicate IMA measurements will not be recorded in the IMA log.

[    1.779347] device-mapper: uevent: version 1.0.3

[    1.780107] device-mapper: ioctl: 4.48.0-ioctl (2023-03-01) initialised: dm-devel@redhat.com

[    1.782164] cio: Channel measurement facility initialized using format extended (mode autodetected)

[    1.783650] sclp_sd: Store Data request failed (eq=2, di=3, response=0x40f0, flags=0x00, status=0, rc=-5)

[    1.784800] ap: The hardware system does not support AP instructions

[    1.785153] drop_monitor: Initializing network drop monitor service

[    1.839257] Initializing XFRM netlink socket

[    1.839794] NET: Registered PF_INET6 protocol family

[    1.855080] Segment Routing with IPv6

[    1.855145] RPL Segment Routing with IPv6

[    1.855336] In-situ OAM (IOAM) with IPv6

[    1.855785] mip6: Mobile IPv6

[    1.856018] NET: Registered PF_PACKET protocol family

[    1.869890] registered taskstats version 1

[    1.872453] Loading compiled-in X.509 certificates

[    1.931695] Loaded X.509 cert 'Build time autogenerated kernel key: 0024f5293a54d5c989cc2691c2599cf6fd2fd5ab'

[    1.952005] page_owner is disabled

[    1.952773] Key type .fscrypt registered

[    1.952817] Key type fscrypt-provisioning registered

[    1.958469] Btrfs loaded, zoned=yes, fsverity=yes

[    1.959440] Key type big_key registered

[    1.971162] Key type encrypted registered

[    1.971630] ima: No TPM chip found, activating TPM-bypass!

[    1.971698] Loading compiled-in module X.509 certificates

[    1.974298] Loaded X.509 cert 'Build time autogenerated kernel key: 0024f5293a54d5c989cc2691c2599cf6fd2fd5ab'

[    1.974373] ima: Allocated hash algorithm: sha256

[    1.976027] ima: No architecture policies found

[    1.976517] evm: Initialising EVM extended attributes:

[    1.976547] evm: security.selinux

[    1.976583] evm: security.SMACK64 (disabled)

[    1.976592] evm: security.SMACK64EXEC (disabled)

[    1.976602] evm: security.SMACK64TRANSMUTE (disabled)

[    1.976611] evm: security.SMACK64MMAP (disabled)

[    1.976620] evm: security.apparmor (disabled)

[    1.976628] evm: security.ima

[    1.976637] evm: security.capability

[    1.976661] evm: HMAC attrs: 0x1

[    2.139190] alg: No test for 842 (842-scomp)

[    2.139584] alg: No test for 842 (842-generic)

[    2.756315] clk: Disabling unused clocks

[    2.770554] Freeing unused kernel image (initmem) memory: 5928K

[    2.790915] Write protected read-only-after-init data: 184k

[    2.807396] Checked W+X mappings: passed, no unexpected W+X pages found

[    2.807734] Run /init as init process

Starting syslogd: OK
Starting klogd: OK
Running sysctl: OK
Saving 256 bits of creditable seed for next boot
Starting network: OK
Linux version 6.5.0-rc5-next-20230809-cbl (nathan@dev-arch.m3-large-x86-01) (ClangBuiltLinux clang version 17.0.0 (https://github.com/llvm/llvm-project edc0ee3ccad416ab186202bf928ea64e3a7987b7), GNU ld (GNU Binutils) 2.41) #1 SMP Fri Aug 11 19:26:33 UTC 2023
Stopping network: OK
Seeding 256 bits and crediting
Saving 256 bits of creditable seed for next boot
Stopping klogd: OK
Stopping syslogd: OK
umount: devtmpfs busy - remounted read-only
umount: can't unmount /: Invalid argument

The system is going down NOW!

Sent SIGTERM to all processes

Sent SIGKILL to all processes

Requesting system poweroff
$ timeout --foreground 3m stdbuf -eL -oL /usr/sbin/qemu-system-s390x -display none -nodefaults -M s390-ccw-virtio -kernel /home/nathan/tmp/build/cbl_lkt/linux-next/s390/arch/s390/boot/bzImage -initrd /home/nathan/cbl/llvm-kernel-testing/src/boot-utils/images/s390/rootfs.cpio -m 512m -serial mon:stdio
