/home/nathan/cbl/src/linux-next/drivers/bus/mhi/host/main.c:803:13: warning: parameter 'event_quota' set but not used [-Wunused-but-set-parameter]
  803 |                              u32 event_quota)
      |                                  ^
1 warning generated.
/home/nathan/cbl/src/linux-next/lib/radix-tree.c:1136:50: warning: parameter 'slot' set but not used [-Wunused-but-set-parameter]
 1136 | void __rcu **radix_tree_iter_resume(void __rcu **slot,
      |                                                  ^
1 warning generated.
/home/nathan/cbl/src/linux-next/net/ipv4/tcp_output.c:186:3: warning: result of comparison of constant -1 with expression of type 'u8' (aka 'unsigned char') is always false [-Wtautological-constant-out-of-range-compare]
  186 |                 NET_ADD_STATS(sock_net(sk), LINUX_MIB_TCPACKCOMPRESSED,
      |                 ^~~~~~~~~~~~~~~~~~~~~~~~~~~~~~~~~~~~~~~~~~~~~~~~~~~~~~~
  187 |                               tp->compressed_ack);
      |                               ~~~~~~~~~~~~~~~~~~~
/home/nathan/cbl/src/linux-next/include/net/ip.h:301:41: note: expanded from macro 'NET_ADD_STATS'
  301 | #define NET_ADD_STATS(net, field, adnd) SNMP_ADD_STATS((net)->mib.net_statistics, field, adnd)
      |                                         ^~~~~~~~~~~~~~~~~~~~~~~~~~~~~~~~~~~~~~~~~~~~~~~~~~~~~~
/home/nathan/cbl/src/linux-next/include/net/snmp.h:143:4: note: expanded from macro 'SNMP_ADD_STATS'
  143 |                         this_cpu_add(mib->mibs[field], addend)
      |                         ^~~~~~~~~~~~~~~~~~~~~~~~~~~~~~~~~~~~~~
/home/nathan/cbl/src/linux-next/include/linux/percpu-defs.h:491:33: note: expanded from macro 'this_cpu_add'
  491 | #define this_cpu_add(pcp, val)          __pcpu_size_call(this_cpu_add_, pcp, val)
      |                                         ^~~~~~~~~~~~~~~~~~~~~~~~~~~~~~~~~~~~~~~~~
note: (skipping 1 expansions in backtrace; use -fmacro-backtrace-limit=0 to see all)
<scratch space>:45:1: note: expanded from here
   45 | this_cpu_add_8
      | ^
/home/nathan/cbl/src/linux-next/arch/x86/include/asm/percpu.h:370:35: note: expanded from macro 'this_cpu_add_8'
  370 | #define this_cpu_add_8(pcp, val)                percpu_add_op(8, volatile, (pcp), val)
      |                                                 ^~~~~~~~~~~~~~~~~~~~~~~~~~~~~~~~~~~~~~
/home/nathan/cbl/src/linux-next/arch/x86/include/asm/percpu.h:127:31: note: expanded from macro 'percpu_add_op'
  127 |                               ((val) == 1 || (val) == -1)) ?            \
      |                                              ~~~~~ ^  ~~
1 warning generated.
/home/nathan/cbl/src/linux-next/sound/core/seq/seq_midi.c:135:30: warning: cast from 'int (*)(struct snd_rawmidi_substream *, const char *, int)' to 'snd_seq_dump_func_t' (aka 'int (*)(void *, void *, int)') converts to incompatible function type [-Wcast-function-type-strict]
  135 |                 snd_seq_dump_var_event(ev, (snd_seq_dump_func_t)dump_midi, substream);
      |                                            ^~~~~~~~~~~~~~~~~~~~~~~~~~~~~~
1 warning generated.
/home/nathan/cbl/src/linux-next/sound/core/seq/seq_virmidi.c:83:31: warning: cast from 'int (*)(struct snd_rawmidi_substream *, const unsigned char *, int)' to 'snd_seq_dump_func_t' (aka 'int (*)(void *, void *, int)') converts to incompatible function type [-Wcast-function-type-strict]
   83 |                         snd_seq_dump_var_event(ev, (snd_seq_dump_func_t)snd_rawmidi_receive, vmidi->substream);
      |                                                    ^~~~~~~~~~~~~~~~~~~~~~~~~~~~~~~~~~~~~~~~
1 warning generated.
/home/nathan/cbl/src/linux-next/sound/pci/ctxfi/ctatc.c:115:25: warning: cast from 'int (*)(struct hw *, struct src_mgr **)' to 'create_t' (aka 'int (*)(struct hw *, void **)') converts to incompatible function type [-Wcast-function-type-strict]
  115 |         [SRC]           = { .create     = (create_t)src_mgr_create,
      |                                           ^~~~~~~~~~~~~~~~~~~~~~~~
/home/nathan/cbl/src/linux-next/sound/pci/ctxfi/ctatc.c:116:20: warning: cast from 'int (*)(struct src_mgr *)' to 'destroy_t' (aka 'int (*)(void *)') converts to incompatible function type [-Wcast-function-type-strict]
  116 |                             .destroy    = (destroy_t)src_mgr_destroy    },
      |                                           ^~~~~~~~~~~~~~~~~~~~~~~~~~
/home/nathan/cbl/src/linux-next/sound/pci/ctxfi/ctatc.c:117:27: warning: cast from 'int (*)(struct hw *, struct srcimp_mgr **)' to 'create_t' (aka 'int (*)(struct hw *, void **)') converts to incompatible function type [-Wcast-function-type-strict]
  117 |         [SRCIMP]        = { .create     = (create_t)srcimp_mgr_create,
      |                                           ^~~~~~~~~~~~~~~~~~~~~~~~~~~
/home/nathan/cbl/src/linux-next/sound/pci/ctxfi/ctatc.c:118:20: warning: cast from 'int (*)(struct srcimp_mgr *)' to 'destroy_t' (aka 'int (*)(void *)') converts to incompatible function type [-Wcast-function-type-strict]
  118 |                             .destroy    = (destroy_t)srcimp_mgr_destroy },
      |                                           ^~~~~~~~~~~~~~~~~~~~~~~~~~~~~
/home/nathan/cbl/src/linux-next/sound/pci/ctxfi/ctatc.c:119:25: warning: cast from 'int (*)(struct hw *, struct amixer_mgr **)' to 'create_t' (aka 'int (*)(struct hw *, void **)') converts to incompatible function type [-Wcast-function-type-strict]
  119 |         [AMIXER]        = { .create     = (create_t)amixer_mgr_create,
      |                                           ^~~~~~~~~~~~~~~~~~~~~~~~~~~
/home/nathan/cbl/src/linux-next/sound/pci/ctxfi/ctatc.c:120:19: warning: cast from 'int (*)(struct amixer_mgr *)' to 'destroy_t' (aka 'int (*)(void *)') converts to incompatible function type [-Wcast-function-type-strict]
  120 |                             .destroy    = (destroy_t)amixer_mgr_destroy },
      |                                           ^~~~~~~~~~~~~~~~~~~~~~~~~~~~~
/home/nathan/cbl/src/linux-next/sound/pci/ctxfi/ctatc.c:121:23: warning: cast from 'int (*)(struct hw *, struct sum_mgr **)' to 'create_t' (aka 'int (*)(struct hw *, void **)') converts to incompatible function type [-Wcast-function-type-strict]
  121 |         [SUM]           = { .create     = (create_t)sum_mgr_create,
      |                                           ^~~~~~~~~~~~~~~~~~~~~~~~
/home/nathan/cbl/src/linux-next/sound/pci/ctxfi/ctatc.c:122:19: warning: cast from 'int (*)(struct sum_mgr *)' to 'destroy_t' (aka 'int (*)(void *)') converts to incompatible function type [-Wcast-function-type-strict]
  122 |                             .destroy    = (destroy_t)sum_mgr_destroy    },
      |                                           ^~~~~~~~~~~~~~~~~~~~~~~~~~
/home/nathan/cbl/src/linux-next/sound/pci/ctxfi/ctatc.c:123:24: warning: cast from 'int (*)(struct hw *, struct daio_mgr **)' to 'create_t' (aka 'int (*)(struct hw *, void **)') converts to incompatible function type [-Wcast-function-type-strict]
  123 |         [DAIO]          = { .create     = (create_t)daio_mgr_create,
      |                                           ^~~~~~~~~~~~~~~~~~~~~~~~~
/home/nathan/cbl/src/linux-next/sound/pci/ctxfi/ctatc.c:124:19: warning: cast from 'int (*)(struct daio_mgr *)' to 'destroy_t' (aka 'int (*)(void *)') converts to incompatible function type [-Wcast-function-type-strict]
  124 |                             .destroy    = (destroy_t)daio_mgr_destroy   }
      |                                           ^~~~~~~~~~~~~~~~~~~~~~~~~~~
10 warnings generated.
/home/nathan/cbl/src/linux-next/drivers/block/floppy.c:2001:11: warning: cast from 'void (*)(void)' to 'done_f' (aka 'void (*)(int)') converts to incompatible function type [-Wcast-function-type-strict]
 2001 |         .done           = (done_f)empty
      |                           ^~~~~~~~~~~~~
/home/nathan/cbl/src/linux-next/drivers/block/floppy.c:2008:11: warning: cast from 'void (*)(void)' to 'done_f' (aka 'void (*)(int)') converts to incompatible function type [-Wcast-function-type-strict]
 2008 |         .done           = (done_f)empty
      |                           ^~~~~~~~~~~~~
2 warnings generated.
/home/nathan/cbl/src/linux-next/drivers/block/rbd.c:6149:17: warning: result of comparison of constant 2305843009213693948 with expression of type 'u32' (aka 'unsigned int') is always false [-Wtautological-constant-out-of-range-compare]
 6149 |         if (snap_count > (SIZE_MAX - sizeof (struct ceph_snap_context))
      |             ~~~~~~~~~~ ^ ~~~~~~~~~~~~~~~~~~~~~~~~~~~~~~~~~~~~~~~~~~~~~~
 6150 |                                  / sizeof (u64)) {
      |                                  ~~~~~~~~~~~~~~
/home/nathan/cbl/src/linux-next/arch/x86/kernel/paravirt.c:300:4: warning: cast from 'void (*)(struct mmu_gather *, struct page *)' to 'void (*)(struct mmu_gather *, void *)' converts to incompatible function type [-Wcast-function-type-strict]
  300 |                         (void (*)(struct mmu_gather *, void *))tlb_remove_page,
      |                         ^~~~~~~~~~~~~~~~~~~~~~~~~~~~~~~~~~~~~~~~~~~~~~~~~~~~~~
1 warning generated.
1 warning generated.
/home/nathan/cbl/src/linux-next/drivers/block/drbd/drbd_state.c:1632:3: warning: cast from 'int (*)(struct sk_buff *, unsigned int, struct drbd_resource_state_change *, enum drbd_notification_type)' to 'typeof (last_func)' (aka 'int (*)(struct sk_buff *, unsigned int, void *, enum drbd_notification_type)') converts to incompatible function type [-Wcast-function-type-strict]
 1632 |                 REMEMBER_STATE_CHANGE(notify_resource_state_change,
      |                 ^~~~~~~~~~~~~~~~~~~~~~~~~~~~~~~~~~~~~~~~~~~~~~~~~~~
 1633 |                                       resource_state_change, NOTIFY_CHANGE);
      |                                       ~~~~~~~~~~~~~~~~~~~~~~~~~~~~~~~~~~~~~
/home/nathan/cbl/src/linux-next/drivers/block/drbd/drbd_state.c:1619:17: note: expanded from macro 'REMEMBER_STATE_CHANGE'
 1619 |            last_func = (typeof(last_func))func; \
      |                        ^~~~~~~~~~~~~~~~~~~~~~~
/home/nathan/cbl/src/linux-next/drivers/block/drbd/drbd_state.c:1641:4: warning: cast from 'int (*)(struct sk_buff *, unsigned int, struct drbd_connection_state_change *, enum drbd_notification_type)' to 'typeof (last_func)' (aka 'int (*)(struct sk_buff *, unsigned int, void *, enum drbd_notification_type)') converts to incompatible function type [-Wcast-function-type-strict]
 1641 |                         REMEMBER_STATE_CHANGE(notify_connection_state_change,
      |                         ^~~~~~~~~~~~~~~~~~~~~~~~~~~~~~~~~~~~~~~~~~~~~~~~~~~~~
 1642 |                                               connection_state_change, NOTIFY_CHANGE);
      |                                               ~~~~~~~~~~~~~~~~~~~~~~~~~~~~~~~~~~~~~~~
/home/nathan/cbl/src/linux-next/drivers/block/drbd/drbd_state.c:1619:17: note: expanded from macro 'REMEMBER_STATE_CHANGE'
 1619 |            last_func = (typeof(last_func))func; \
      |                        ^~~~~~~~~~~~~~~~~~~~~~~
/home/nathan/cbl/src/linux-next/drivers/block/drbd/drbd_state.c:1650:4: warning: cast from 'int (*)(struct sk_buff *, unsigned int, struct drbd_device_state_change *, enum drbd_notification_type)' to 'typeof (last_func)' (aka 'int (*)(struct sk_buff *, unsigned int, void *, enum drbd_notification_type)') converts to incompatible function type [-Wcast-function-type-strict]
 1650 |                         REMEMBER_STATE_CHANGE(notify_device_state_change,
      |                         ^~~~~~~~~~~~~~~~~~~~~~~~~~~~~~~~~~~~~~~~~~~~~~~~~
 1651 |                                               device_state_change, NOTIFY_CHANGE);
      |                                               ~~~~~~~~~~~~~~~~~~~~~~~~~~~~~~~~~~~
/home/nathan/cbl/src/linux-next/drivers/block/drbd/drbd_state.c:1619:17: note: expanded from macro 'REMEMBER_STATE_CHANGE'
 1619 |            last_func = (typeof(last_func))func; \
      |                        ^~~~~~~~~~~~~~~~~~~~~~~
/home/nathan/cbl/src/linux-next/drivers/block/drbd/drbd_state.c:1664:4: warning: cast from 'int (*)(struct sk_buff *, unsigned int, struct drbd_peer_device_state_change *, enum drbd_notification_type)' to 'typeof (last_func)' (aka 'int (*)(struct sk_buff *, unsigned int, void *, enum drbd_notification_type)') converts to incompatible function type [-Wcast-function-type-strict]
 1664 |                         REMEMBER_STATE_CHANGE(notify_peer_device_state_change,
      |                         ^~~~~~~~~~~~~~~~~~~~~~~~~~~~~~~~~~~~~~~~~~~~~~~~~~~~~~
 1665 |                                               p, NOTIFY_CHANGE);
      |                                               ~~~~~~~~~~~~~~~~~
/home/nathan/cbl/src/linux-next/drivers/block/drbd/drbd_state.c:1619:17: note: expanded from macro 'REMEMBER_STATE_CHANGE'
 1619 |            last_func = (typeof(last_func))func; \
      |                        ^~~~~~~~~~~~~~~~~~~~~~~
4 warnings generated.
/home/nathan/cbl/src/linux-next/net/ceph/osdmap.c:1441:10: warning: result of comparison of constant 4611686018427387891 with expression of type 'u32' (aka 'unsigned int') is always false [-Wtautological-constant-out-of-range-compare]
 1441 |         if (len > (SIZE_MAX - sizeof(*pg)) / sizeof(u32))
      |             ~~~ ^ ~~~~~~~~~~~~~~~~~~~~~~~~~~~~~~~~~~~~~~
/home/nathan/cbl/src/linux-next/net/ceph/osdmap.c:1624:10: warning: result of comparison of constant 2305843009213693945 with expression of type 'u32' (aka 'unsigned int') is always false [-Wtautological-constant-out-of-range-compare]
 1624 |         if (len > (SIZE_MAX - sizeof(*pg)) / (2 * sizeof(u32)))
      |             ~~~ ^ ~~~~~~~~~~~~~~~~~~~~~~~~~~~~~~~~~~~~~~~~~~~~
2 warnings generated.
/home/nathan/cbl/src/linux-next/drivers/net/wireless/ath/ath9k/main.c:1566:21: warning: parameter 'changed_flags' set but not used [-Wunused-but-set-parameter]
 1566 |                                    unsigned int changed_flags,
      |                                                 ^
1 warning generated.
/home/nathan/cbl/src/linux-next/drivers/net/wireless/broadcom/brcm80211/brcmsmac/phy_shim.c:64:34: warning: cast from 'void (*)(struct brcms_phy *)' to 'void (*)(void *)' converts to incompatible function type [-Wcast-function-type-strict]
   64 |                         brcms_init_timer(physhim->wl, (void (*)(void *))fn,
      |                                                       ^~~~~~~~~~~~~~~~~~~~
1 warning generated.
/home/nathan/cbl/src/linux-next/drivers/net/wireless/ath/ath5k/mac80211-ops.c:367:62: warning: parameter 'changed_flags' set but not used [-Wunused-but-set-parameter]
  367 | ath5k_configure_filter(struct ieee80211_hw *hw, unsigned int changed_flags,
      |                                                              ^
1 warning generated.
/home/nathan/cbl/src/linux-next/drivers/net/ethernet/brocade/bna/bnad.c:1995:4: warning: cast from 'void (*)(struct delayed_work *)' to 'work_func_t' (aka 'void (*)(struct work_struct *)') converts to incompatible function type [-Wcast-function-type-strict]
 1995 |                         (work_func_t)bnad_tx_cleanup);
      |                         ^~~~~~~~~~~~~~~~~~~~~~~~~~~~
/home/nathan/cbl/src/linux-next/include/linux/workqueue.h:320:29: note: expanded from macro 'INIT_DELAYED_WORK'
  320 |         __INIT_DELAYED_WORK(_work, _func, 0)
      |                                    ^~~~~
/home/nathan/cbl/src/linux-next/include/linux/workqueue.h:305:30: note: expanded from macro '__INIT_DELAYED_WORK'
  305 |                 INIT_WORK(&(_work)->work, (_func));                     \
      |                                            ^~~~~
/home/nathan/cbl/src/linux-next/include/linux/workqueue.h:298:24: note: expanded from macro 'INIT_WORK'
  298 |         __INIT_WORK((_work), (_func), 0)
      |                               ^~~~~
/home/nathan/cbl/src/linux-next/include/linux/workqueue.h:293:20: note: expanded from macro '__INIT_WORK'
  293 |                 (_work)->func = (_func);                                \
      |                                  ^~~~~
/home/nathan/cbl/src/linux-next/drivers/net/ethernet/brocade/bna/bnad.c:2252:4: warning: cast from 'void (*)(void *)' to 'work_func_t' (aka 'void (*)(struct work_struct *)') converts to incompatible function type [-Wcast-function-type-strict]
 2252 |                         (work_func_t)(bnad_rx_cleanup));
      |                         ^~~~~~~~~~~~~~~~~~~~~~~~~~~~~~
/home/nathan/cbl/src/linux-next/include/linux/workqueue.h:298:24: note: expanded from macro 'INIT_WORK'
  298 |         __INIT_WORK((_work), (_func), 0)
      |                               ^~~~~
/home/nathan/cbl/src/linux-next/include/linux/workqueue.h:293:20: note: expanded from macro '__INIT_WORK'
  293 |                 (_work)->func = (_func);                                \
      |                                  ^~~~~
2 warnings generated.
/home/nathan/cbl/src/linux-next/drivers/net/ethernet/cavium/liquidio/cn23xx_pf_device.c:1493:16: warning: cast from 'void (*)(struct octeon_device *, struct octeon_mbox_cmd *, void *)' to 'octeon_mbox_callback_t' (aka 'void (*)(void *, void *, void *)') converts to incompatible function type [-Wcast-function-type-strict]
 1493 |         mbox_cmd.fn = (octeon_mbox_callback_t)cn23xx_get_vf_stats_callback;
      |                       ^~~~~~~~~~~~~~~~~~~~~~~~~~~~~~~~~~~~~~~~~~~~~~~~~~~~
/home/nathan/cbl/src/linux-next/drivers/net/ethernet/cavium/liquidio/cn23xx_vf_device.c:432:16: warning: cast from 'void (*)(struct octeon_device *, struct octeon_mbox_cmd *, void *)' to 'octeon_mbox_callback_t' (aka 'void (*)(void *, void *, void *)') converts to incompatible function type [-Wcast-function-type-strict]
  432 |         mbox_cmd.fn = (octeon_mbox_callback_t)octeon_pfvf_hs_callback;
      |                       ^~~~~~~~~~~~~~~~~~~~~~~~~~~~~~~~~~~~~~~~~~~~~~~
1 warning generated.
1 warning generated.
/home/nathan/cbl/src/linux-next/drivers/net/wireless/ath/ath9k/htc_drv_main.c:1258:25: warning: parameter 'changed_flags' set but not used [-Wunused-but-set-parameter]
 1258 |                                        unsigned int changed_flags,
      |                                                     ^
1 warning generated.
/home/nathan/cbl/src/linux-next/fs/ubifs/find.c:170:9: warning: cast from 'int (*)(struct ubifs_info *, const struct ubifs_lprops *, int, struct scan_data *)' to 'ubifs_lpt_scan_callback' (aka 'int (*)(struct ubifs_info *, const struct ubifs_lprops *, int, void *)') converts to incompatible function type [-Wcast-function-type-strict]
  170 |                                     (ubifs_lpt_scan_callback)scan_for_dirty_cb,
      |                                     ^~~~~~~~~~~~~~~~~~~~~~~~~~~~~~~~~~~~~~~~~~
/home/nathan/cbl/src/linux-next/fs/ubifs/find.c:449:9: warning: cast from 'int (*)(struct ubifs_info *, const struct ubifs_lprops *, int, struct scan_data *)' to 'ubifs_lpt_scan_callback' (aka 'int (*)(struct ubifs_info *, const struct ubifs_lprops *, int, void *)') converts to incompatible function type [-Wcast-function-type-strict]
  449 |                                     (ubifs_lpt_scan_callback)scan_for_free_cb,
      |                                     ^~~~~~~~~~~~~~~~~~~~~~~~~~~~~~~~~~~~~~~~~
/home/nathan/cbl/src/linux-next/fs/ubifs/find.c:629:9: warning: cast from 'int (*)(struct ubifs_info *, const struct ubifs_lprops *, int, struct scan_data *)' to 'ubifs_lpt_scan_callback' (aka 'int (*)(struct ubifs_info *, const struct ubifs_lprops *, int, void *)') converts to incompatible function type [-Wcast-function-type-strict]
  629 |                                     (ubifs_lpt_scan_callback)scan_for_idx_cb,
      |                                     ^~~~~~~~~~~~~~~~~~~~~~~~~~~~~~~~~~~~~~~~
/home/nathan/cbl/src/linux-next/fs/ubifs/find.c:757:7: warning: cast from 'int (*)(const struct ubifs_lprops **, const struct ubifs_lprops **)' to 'int (*)(const void *, const void *)' converts to incompatible function type [-Wcast-function-type-strict]
  757 |              (int (*)(const void *, const void *))cmp_dirty_idx, NULL);
      |              ^~~~~~~~~~~~~~~~~~~~~~~~~~~~~~~~~~~~~~~~~~~~~~~~~~
/home/nathan/cbl/src/linux-next/fs/ubifs/find.c:846:9: warning: cast from 'int (*)(struct ubifs_info *, const struct ubifs_lprops *, int, struct scan_data *)' to 'ubifs_lpt_scan_callback' (aka 'int (*)(struct ubifs_info *, const struct ubifs_lprops *, int, void *)') converts to incompatible function type [-Wcast-function-type-strict]
  846 |                                     (ubifs_lpt_scan_callback)scan_dirty_idx_cb,
      |                                     ^~~~~~~~~~~~~~~~~~~~~~~~~~~~~~~~~~~~~~~~~~
5 warnings generated.
/home/nathan/cbl/src/linux-next/drivers/scsi/bfa/bfad_bsg.c:2138:29: warning: cast from 'void (*)(void *, enum bfa_status)' to 'bfa_cb_cbfn_t' (aka 'void (*)(void *, enum bfa_boolean)') converts to incompatible function type [-Wcast-function-type-strict]
 2138 |         bfa_pending_q_init(&cb_qe, (bfa_cb_cbfn_t)bfad_hcb_comp,
      |                                    ^~~~~~~~~~~~~~~~~~~~~~~~~~~~
/home/nathan/cbl/src/linux-next/drivers/scsi/bfa/bfa.h:453:25: note: expanded from macro 'bfa_pending_q_init'
  453 |         (__qe)->hcb_qe.cbfn = (__cbfn);                         \
      |                                ^~~~~~
/home/nathan/cbl/src/linux-next/drivers/scsi/bfa/bfad_bsg.c:2162:29: warning: cast from 'void (*)(void *, enum bfa_status)' to 'bfa_cb_cbfn_t' (aka 'void (*)(void *, enum bfa_boolean)') converts to incompatible function type [-Wcast-function-type-strict]
 2162 |         bfa_pending_q_init(&cb_qe, (bfa_cb_cbfn_t)bfad_hcb_comp, &fcomp, NULL);
      |                                    ^~~~~~~~~~~~~~~~~~~~~~~~~~~~
/home/nathan/cbl/src/linux-next/drivers/scsi/bfa/bfa.h:453:25: note: expanded from macro 'bfa_pending_q_init'
  453 |         (__qe)->hcb_qe.cbfn = (__cbfn);                         \
      |                                ^~~~~~
/home/nathan/cbl/src/linux-next/drivers/scsi/bfa/bfad_bsg.c:2446:29: warning: cast from 'void (*)(void *, enum bfa_status)' to 'bfa_cb_cbfn_t' (aka 'void (*)(void *, enum bfa_boolean)') converts to incompatible function type [-Wcast-function-type-strict]
 2446 |         bfa_pending_q_init(&cb_qe, (bfa_cb_cbfn_t)bfad_hcb_comp,
      |                                    ^~~~~~~~~~~~~~~~~~~~~~~~~~~~
/home/nathan/cbl/src/linux-next/drivers/scsi/bfa/bfa.h:453:25: note: expanded from macro 'bfa_pending_q_init'
  453 |         (__qe)->hcb_qe.cbfn = (__cbfn);                         \
      |                                ^~~~~~
/home/nathan/cbl/src/linux-next/drivers/scsi/bfa/bfad_bsg.c:2477:29: warning: cast from 'void (*)(void *, enum bfa_status)' to 'bfa_cb_cbfn_t' (aka 'void (*)(void *, enum bfa_boolean)') converts to incompatible function type [-Wcast-function-type-strict]
 2477 |         bfa_pending_q_init(&cb_qe, (bfa_cb_cbfn_t)bfad_hcb_comp,
      |                                    ^~~~~~~~~~~~~~~~~~~~~~~~~~~~
/home/nathan/cbl/src/linux-next/drivers/scsi/bfa/bfa.h:453:25: note: expanded from macro 'bfa_pending_q_init'
  453 |         (__qe)->hcb_qe.cbfn = (__cbfn);                         \
      |                                ^~~~~~
4 warnings generated.
/home/nathan/cbl/src/linux-next/fs/ubifs/lprops.c:1272:9: warning: cast from 'int (*)(struct ubifs_info *, const struct ubifs_lprops *, int, struct ubifs_lp_stats *)' to 'ubifs_lpt_scan_callback' (aka 'int (*)(struct ubifs_info *, const struct ubifs_lprops *, int, void *)') converts to incompatible function type [-Wcast-function-type-strict]
 1272 |                                     (ubifs_lpt_scan_callback)scan_check_cb,
      |                                     ^~~~~~~~~~~~~~~~~~~~~~~~~~~~~~~~~~~~~~
1 warning generated.
/home/nathan/cbl/src/linux-next/drivers/scsi/csiostor/csio_lnode.c:1098:33: warning: cast from 'void (*)(struct csio_lnode *, enum csio_ln_ev)' to 'csio_sm_state_t' (aka 'void (*)(void *, unsigned int)') converts to incompatible function type [-Wcast-function-type-strict]
 1098 |         return (csio_get_state(ln) == ((csio_sm_state_t)csio_lns_ready));
      |                                        ^~~~~~~~~~~~~~~~~~~~~~~~~~~~~~~
/home/nathan/cbl/src/linux-next/drivers/scsi/csiostor/csio_lnode.c:1369:29: warning: cast from 'void (*)(struct csio_lnode *, enum csio_ln_ev)' to 'csio_sm_state_t' (aka 'void (*)(void *, unsigned int)') converts to incompatible function type [-Wcast-function-type-strict]
 1369 |         if (csio_get_state(ln) == ((csio_sm_state_t)csio_lns_uninit)) {
      |                                    ^~~~~~~~~~~~~~~~~~~~~~~~~~~~~~~~
/home/nathan/cbl/src/linux-next/drivers/scsi/csiostor/csio_lnode.c:1373:29: warning: cast from 'void (*)(struct csio_lnode *, enum csio_ln_ev)' to 'csio_sm_state_t' (aka 'void (*)(void *, unsigned int)') converts to incompatible function type [-Wcast-function-type-strict]
 1373 |         if (csio_get_state(ln) == ((csio_sm_state_t)csio_lns_ready)) {
      |                                    ^~~~~~~~~~~~~~~~~~~~~~~~~~~~~~~
/home/nathan/cbl/src/linux-next/drivers/scsi/csiostor/csio_lnode.c:1377:29: warning: cast from 'void (*)(struct csio_lnode *, enum csio_ln_ev)' to 'csio_sm_state_t' (aka 'void (*)(void *, unsigned int)') converts to incompatible function type [-Wcast-function-type-strict]
 1377 |         if (csio_get_state(ln) == ((csio_sm_state_t)csio_lns_offline)) {
      |                                    ^~~~~~~~~~~~~~~~~~~~~~~~~~~~~~~~~
4 warnings generated.
/home/nathan/cbl/src/linux-next/drivers/media/usb/pvrusb2/pvrusb2-v4l2.c:1070:30: warning: cast from 'void (*)(struct pvr2_v4l2_fh *)' to 'pvr2_stream_callback' (aka 'void (*)(void *)') converts to incompatible function type [-Wcast-function-type-strict]
 1070 |         pvr2_stream_set_callback(sp,(pvr2_stream_callback)pvr2_v4l2_notify,fh);
      |                                     ^~~~~~~~~~~~~~~~~~~~~~~~~~~~~~~~~~~~~~
1 warning generated.
/home/nathan/cbl/src/linux-next/drivers/media/usb/pvrusb2/pvrusb2-context.c:110:6: warning: cast from 'void (*)(struct pvr2_context *)' to 'void (*)(void *)' converts to incompatible function type [-Wcast-function-type-strict]
  110 |                                         (void (*)(void *))pvr2_context_notify,
      |                                         ^~~~~~~~~~~~~~~~~~~~~~~~~~~~~~~~~~~~~
1 warning generated.
/home/nathan/cbl/src/linux-next/drivers/scsi/bfa/bfa_core.c:1917:11: warning: cast from 'bfa_cb_cbfn_t' (aka 'void (*)(void *, enum bfa_boolean)') to 'bfa_cb_cbfn_status_t' (aka 'void (*)(void *, enum bfa_status)') converts to incompatible function type [-Wcast-function-type-strict]
 1917 |                         cbfn = (bfa_cb_cbfn_status_t)(hcb_qe->cbfn);
      |                                ^~~~~~~~~~~~~~~~~~~~~~~~~~~~~~~~~~~~
1 warning generated.
/home/nathan/cbl/src/linux-next/drivers/firmware/dmi-id.c:174:17: warning: cast from 'void (*)(const void *)' to 'void (*)(struct device *)' converts to incompatible function type [-Wcast-function-type-strict]
  174 |         .dev_release = (void(*)(struct device *)) kfree,
      |                        ^~~~~~~~~~~~~~~~~~~~~~~~~~~~~~~~
1 warning generated.
/home/nathan/cbl/src/linux-next/drivers/media/usb/pvrusb2/pvrusb2-dvb.c:152:6: warning: cast from 'void (*)(struct pvr2_dvb_adapter *)' to 'pvr2_stream_callback' (aka 'void (*)(void *)') converts to incompatible function type [-Wcast-function-type-strict]
  152 |                                  (pvr2_stream_callback) pvr2_dvb_notify, adap);
      |                                  ^~~~~~~~~~~~~~~~~~~~~~~~~~~~~~~~~~~~~~
1 warning generated.
/home/nathan/cbl/src/linux-next/drivers/gpu/drm/nouveau/nvkm/subdev/bios/shadow.c:161:10: warning: cast from 'void (*)(const struct firmware *)' to 'void (*)(void *)' converts to incompatible function type [-Wcast-function-type-strict]
  161 |         .fini = (void(*)(void *))release_firmware,
      |                 ^~~~~~~~~~~~~~~~~~~~~~~~~~~~~~~~~
1 warning generated.
/home/nathan/cbl/src/linux-next/drivers/net/ethernet/qlogic/qed/qed_vf.c:63:67: warning: parameter 'resp_size' set but not used [-Wunused-but-set-parameter]
   63 | static int qed_send_msg2pf(struct qed_hwfn *p_hwfn, u8 *done, u32 resp_size)
      |                                                                   ^
1 warning generated.
/home/nathan/cbl/src/linux-next/fs/ceph/snap.c:372:10: warning: result of comparison of constant 2305843009213693948 with expression of type 'u32' (aka 'unsigned int') is always false [-Wtautological-constant-out-of-range-compare]
  372 |         if (num > (SIZE_MAX - sizeof(*snapc)) / sizeof(u64))
      |             ~~~ ^ ~~~~~~~~~~~~~~~~~~~~~~~~~~~~~~~~~~~~~~~~~
1 warning generated.
/home/nathan/cbl/src/linux-next/drivers/md/dm-integrity.c:4159:12: warning: result of comparison of constant 17179869180 with expression of type 'unsigned int' is always false [-Wtautological-constant-out-of-range-compare]
 4159 |                         if (val >= (uint64_t)UINT_MAX * 1000 / HZ) {
      |                             ~~~ ^  ~~~~~~~~~~~~~~~~~~~~~~~~~~~~~~
1 warning generated.
/home/nathan/cbl/src/linux-next/drivers/infiniband/ulp/srpt/ib_srpt.c:1811:5: warning: cast from 'void (*)(struct ib_event *, struct srpt_rdma_ch *)' to 'void (*)(struct ib_event *, void *)' converts to incompatible function type [-Wcast-function-type-strict]
 1811 |                 = (void(*)(struct ib_event *, void*))srpt_qp_event;
      |                   ^~~~~~~~~~~~~~~~~~~~~~~~~~~~~~~~~~~~~~~~~~~~~~~~
1 warning generated.

[01;32mQEMU location: [0m/usr/sbin[0m

[01;32mQEMU version: [0mQEMU emulator version 8.0.3[0m
[    0.000000] Linux version 6.5.0-rc5-next-20230809-cbl (nathan@dev-arch.m3-large-x86-01) (ClangBuiltLinux clang version 17.0.0 (https://github.com/llvm/llvm-project edc0ee3ccad416ab186202bf928ea64e3a7987b7), ClangBuiltLinux LLD 17.0.0) #1 SMP PREEMPT_DYNAMIC Fri Aug 11 20:07:42 UTC 2023
[    0.000000] Command line: console=ttyS0 earlycon=uart8250,io,0x3f8
[    0.000000] BIOS-provided physical RAM map:
[    0.000000] BIOS-e820: [mem 0x0000000000000000-0x000000000009fbff] usable
[    0.000000] BIOS-e820: [mem 0x000000000009fc00-0x000000000009ffff] reserved
[    0.000000] BIOS-e820: [mem 0x00000000000f0000-0x00000000000fffff] reserved
[    0.000000] BIOS-e820: [mem 0x0000000000100000-0x000000001ffdffff] usable
[    0.000000] BIOS-e820: [mem 0x000000001ffe0000-0x000000001fffffff] reserved
[    0.000000] BIOS-e820: [mem 0x00000000feffc000-0x00000000feffffff] reserved
[    0.000000] BIOS-e820: [mem 0x00000000fffc0000-0x00000000ffffffff] reserved
[    0.000000] BIOS-e820: [mem 0x000000fd00000000-0x000000ffffffffff] reserved
[    0.000000] earlycon: uart8250 at I/O port 0x3f8 (options '')
[    0.000000] printk: bootconsole [uart8250] enabled
[    0.000000] NX (Execute Disable) protection: active
[    0.000000] SMBIOS 2.8 present.
[    0.000000] DMI: QEMU Standard PC (i440FX + PIIX, 1996), BIOS Arch Linux 1.16.2-1-1 04/01/2014
[    0.000000] Hypervisor detected: KVM
[    0.000000] kvm-clock: Using msrs 4b564d01 and 4b564d00
[    0.000000] kvm-clock: using sched offset of 1038051130 cycles
[    0.000509] clocksource: kvm-clock: mask: 0xffffffffffffffff max_cycles: 0x1cd42e4dffb, max_idle_ns: 881590591483 ns
[    0.002146] tsc: Detected 2495.312 MHz processor
[    0.002770] last_pfn = 0x1ffe0 max_arch_pfn = 0x400000000
[    0.003329] MTRR map: 4 entries (3 fixed + 1 variable; max 19), built from 8 variable MTRRs
[    0.004185] x86/PAT: Configuration [0-7]: WB  WC  UC- UC  WB  WP  UC- WT  
[    0.007623] found SMP MP-table at [mem 0x000f6e60-0x000f6e6f]
[    0.008233] Using GB pages for direct mapping
[    0.008824] RAMDISK: [mem 0x1fad3000-0x1ffdffff]
[    0.009326] ACPI: Early table checksum verification disabled
[    0.009883] ACPI: RSDP 0x00000000000F6C90 000014 (v00 BOCHS )
[    0.010443] ACPI: RSDT 0x000000001FFE31D1 000034 (v01 BOCHS  BXPC     00000001 BXPC 00000001)
[    0.011316] ACPI: FACP 0x000000001FFE2E8D 000074 (v01 BOCHS  BXPC     00000001 BXPC 00000001)
[    0.012186] ACPI: DSDT 0x000000001FFE0040 002E4D (v01 BOCHS  BXPC     00000001 BXPC 00000001)
[    0.013008] ACPI: FACS 0x000000001FFE0000 000040
[    0.013452] ACPI: APIC 0x000000001FFE2F01 000270 (v01 BOCHS  BXPC     00000001 BXPC 00000001)
[    0.014273] ACPI: HPET 0x000000001FFE3171 000038 (v01 BOCHS  BXPC     00000001 BXPC 00000001)
[    0.015139] ACPI: WAET 0x000000001FFE31A9 000028 (v01 BOCHS  BXPC     00000001 BXPC 00000001)
[    0.016001] ACPI: Reserving FACP table memory at [mem 0x1ffe2e8d-0x1ffe2f00]
[    0.016684] ACPI: Reserving DSDT table memory at [mem 0x1ffe0040-0x1ffe2e8c]
[    0.017363] ACPI: Reserving FACS table memory at [mem 0x1ffe0000-0x1ffe003f]
[    0.018046] ACPI: Reserving APIC table memory at [mem 0x1ffe2f01-0x1ffe3170]
[    0.018732] ACPI: Reserving HPET table memory at [mem 0x1ffe3171-0x1ffe31a8]
[    0.019410] ACPI: Reserving WAET table memory at [mem 0x1ffe31a9-0x1ffe31d0]
[    0.020294] No NUMA configuration found
[    0.020717] Faking a node at [mem 0x0000000000000000-0x000000001ffdffff]
[    0.021369] NODE_DATA(0) allocated [mem 0x1faa8000-0x1fad2fff]
[    0.022151] Zone ranges:
[    0.022395]   DMA      [mem 0x0000000000001000-0x0000000000ffffff]
[    0.023034]   DMA32    [mem 0x0000000001000000-0x000000001ffdffff]
[    0.023628]   Normal   empty
[    0.023911]   Device   empty
[    0.024188] Movable zone start for each node
[    0.024632] Early memory node ranges
[    0.024998]   node   0: [mem 0x0000000000001000-0x000000000009efff]
[    0.025628]   node   0: [mem 0x0000000000100000-0x000000001ffdffff]
[    0.026250] Initmem setup node 0 [mem 0x0000000000001000-0x000000001ffdffff]
[    0.027113] On node 0, zone DMA: 1 pages in unavailable ranges
[    0.027147] On node 0, zone DMA: 97 pages in unavailable ranges
[    0.028604] On node 0, zone DMA32: 32 pages in unavailable ranges
[    0.029404] ACPI: PM-Timer IO Port: 0x608
[    0.030416] ACPI: LAPIC_NMI (acpi_id[0xff] dfl dfl lint[0x1])
[    0.031037] IOAPIC[0]: apic_id 0, version 17, address 0xfec00000, GSI 0-23
[    0.031704] ACPI: INT_SRC_OVR (bus 0 bus_irq 0 global_irq 2 dfl dfl)
[    0.032314] ACPI: INT_SRC_OVR (bus 0 bus_irq 5 global_irq 5 high level)
[    0.032954] ACPI: INT_SRC_OVR (bus 0 bus_irq 9 global_irq 9 high level)
[    0.033585] ACPI: INT_SRC_OVR (bus 0 bus_irq 10 global_irq 10 high level)
[    0.034249] ACPI: INT_SRC_OVR (bus 0 bus_irq 11 global_irq 11 high level)
[    0.034906] ACPI: Using ACPI (MADT) for SMP configuration information
[    0.035531] ACPI: HPET id: 0x8086a201 base: 0xfed00000
[    0.036072] TSC deadline timer available
[    0.036449] smpboot: Allowing 64 CPUs, 0 hotplug CPUs
[    0.037001] kvm-guest: KVM setup pv remote TLB flush
[    0.037478] kvm-guest: setup PV sched yield
[    0.037888] PM: hibernation: Registered nosave memory: [mem 0x00000000-0x00000fff]
[    0.038620] PM: hibernation: Registered nosave memory: [mem 0x0009f000-0x0009ffff]
[    0.039384] PM: hibernation: Registered nosave memory: [mem 0x000a0000-0x000effff]
[    0.040115] PM: hibernation: Registered nosave memory: [mem 0x000f0000-0x000fffff]
[    0.040898] [mem 0x20000000-0xfeffbfff] available for PCI devices
[    0.041480] Booting paravirtualized kernel on KVM
[    0.041987] clocksource: refined-jiffies: mask: 0xffffffff max_cycles: 0xffffffff, max_idle_ns: 7645519600211568 ns
[    0.048330] setup_percpu: NR_CPUS:8192 nr_cpumask_bits:64 nr_cpu_ids:64 nr_node_ids:1
[    0.052009] percpu: Embedded 63 pages/cpu s221184 r8192 d28672 u262144
[    0.052825] kvm-guest: PV spinlocks enabled
[    0.053237] PV qspinlock hash table entries: 256 (order: 0, 4096 bytes, linear)
[    0.053962] Kernel command line: console=ttyS0 earlycon=uart8250,io,0x3f8
[    0.054733] random: crng init done
[    0.055072] printk: log_buf_len individual max cpu contribution: 4096 bytes
[    0.055762] printk: log_buf_len total cpu_extra contributions: 258048 bytes
[    0.056442] printk: log_buf_len min size: 131072 bytes
[    0.057301] printk: log_buf_len: 524288 bytes
[    0.057732] printk: early log buf free: 124632(95%)
[    0.058380] Dentry cache hash table entries: 65536 (order: 7, 524288 bytes, linear)
[    0.059198] Inode-cache hash table entries: 32768 (order: 6, 262144 bytes, linear)
[    0.060353] Fallback order for Node 0: 0 
[    0.060366] Built 1 zonelists, mobility grouping on.  Total pages: 128736
[    0.061438] Policy zone: DMA32
[    0.061793] mem auto-init: stack:all(zero), heap alloc:on, heap free:off
[    0.063616] Memory: 260860K/523768K available (16384K kernel code, 2300K rwdata, 10308K rodata, 3768K init, 4080K bss, 77004K reserved, 0K cma-reserved)
[    0.065306] SLUB: HWalign=64, Order=0-3, MinObjects=0, CPUs=64, Nodes=1
[    0.066037] ftrace: allocating 41732 entries in 164 pages
[    0.066740] ftrace: allocated 164 pages with 3 groups
[    0.068046] Dynamic Preempt: voluntary
[    0.068762] rcu: Preemptible hierarchical RCU implementation.
[    0.069327] rcu: 	RCU restricting CPUs from NR_CPUS=8192 to nr_cpu_ids=64.
[    0.070042] 	Trampoline variant of Tasks RCU enabled.
[    0.070535] 	Rude variant of Tasks RCU enabled.
[    0.070979] 	Tracing variant of Tasks RCU enabled.
[    0.071445] rcu: RCU calculated value of scheduler-enlistment delay is 25 jiffies.
[    0.072233] rcu: Adjusting geometry for rcu_fanout_leaf=16, nr_cpu_ids=64
[    0.075869] NR_IRQS: 524544, nr_irqs: 936, preallocated irqs: 16
[    0.076709] rcu: srcu_init: Setting srcu_struct sizes based on contention.
[    0.077549] Console: colour *CGA 80x25
[    0.077949] printk: console [ttyS0] enabled
[    0.077949] printk: console [ttyS0] enabled
[    0.078816] printk: bootconsole [uart8250] disabled
[    0.078816] printk: bootconsole [uart8250] disabled
[    0.079815] ACPI: Core revision 20230628
[    0.080317] clocksource: hpet: mask: 0xffffffff max_cycles: 0xffffffff, max_idle_ns: 19112604467 ns
[    0.081309] APIC: Switch to symmetric I/O mode setup
[    0.082024] x2apic enabled
[    0.082487] Switched APIC routing to physical x2apic.
[    0.083001] kvm-guest: setup PV IPIs
[    0.084361] ..TIMER: vector=0x30 apic1=0 pin1=2 apic2=-1 pin2=-1
[    0.085484] tsc: Marking TSC unstable due to TSCs unsynchronized
[    0.086551] Calibrating delay loop (skipped) preset value.. 4990.62 BogoMIPS (lpj=9981248)
[    0.088164] x86/cpu: User Mode Instruction Prevention (UMIP) activated
[    0.090637] Last level iTLB entries: 4KB 512, 2MB 255, 4MB 127
[    0.091660] Last level dTLB entries: 4KB 512, 2MB 255, 4MB 127, 1GB 0
[    0.092833] Spectre V1 : Mitigation: usercopy/swapgs barriers and __user pointer sanitization
[    0.094339] Spectre V2 : Mitigation: Retpolines
[    0.094549] Spectre V2 : Spectre v2 / SpectreRSB mitigation: Filling RSB on context switch
[    0.095998] Spectre V2 : Spectre v2 / SpectreRSB : Filling RSB on VMEXIT
[    0.097175] Spectre V2 : Enabling Speculation Barrier for firmware calls
[    0.098549] RETBleed: Mitigation: untrained return thunk
[    0.099496] Spectre V2 : mitigation: Enabling conditional Indirect Branch Prediction Barrier
[    0.100961] Speculative Store Bypass: Mitigation: Speculative Store Bypass disabled via prctl
[    0.102550] Speculative Return Stack Overflow: Mitigation: safe RET
[    0.103698] x86/fpu: Supporting XSAVE feature 0x001: 'x87 floating point registers'
[    0.105029] x86/fpu: Supporting XSAVE feature 0x002: 'SSE registers'
[    0.106549] x86/fpu: Supporting XSAVE feature 0x004: 'AVX registers'
[    0.107652] x86/fpu: xstate_offset[2]:  576, xstate_sizes[2]:  256
[    0.108817] x86/fpu: Enabled xstate features 0x7, context size is 832 bytes, using 'compacted' format.
[    0.116475] Freeing SMP alternatives memory: 40K
[    0.117291] pid_max: default: 65536 minimum: 512
[    0.118190] LSM: initializing lsm=lockdown,capability,landlock,yama,apparmor,tomoyo,bpf,integrity
[    0.118567] landlock: Up and running.
[    0.119213] Yama: becoming mindful.
[    0.119886] AppArmor: AppArmor initialized
[    0.120609] TOMOYO Linux initialized
[    0.121284] LSM support for eBPF active
[    0.122607] Mount-cache hash table entries: 1024 (order: 1, 8192 bytes, linear)
[    0.123908] Mountpoint-cache hash table entries: 1024 (order: 1, 8192 bytes, linear)
[    0.125778] smpboot: CPU0: AMD EPYC 7502P 32-Core Processor (family: 0x17, model: 0x31, stepping: 0x0)
[    0.126548] RCU Tasks: Setting shift to 6 and lim to 1 rcu_task_cb_adjust=1.
[    0.126548] RCU Tasks Rude: Setting shift to 6 and lim to 1 rcu_task_cb_adjust=1.
[    0.126587] RCU Tasks Trace: Setting shift to 6 and lim to 1 rcu_task_cb_adjust=1.
[    0.127977] Performance Events: Fam17h+ core perfctr, AMD PMU driver.
[    0.129195] ... version:                0
[    0.129940] ... bit width:              48
[    0.130552] ... generic registers:      6
[    0.131269] ... value mask:             0000ffffffffffff
[    0.132265] ... max period:             00007fffffffffff
[    0.133249] ... fixed-purpose events:   0
[    0.134005] ... event mask:             000000000000003f
[    0.134738] signal: max sigframe size: 1776
[    0.135575] rcu: Hierarchical SRCU implementation.
[    0.136461] rcu: 	Max phase no-delay instances is 1000.
[    0.138586] smp: Bringing up secondary CPUs ...
[    0.139613] smpboot: x86: Booting SMP configuration:
[    0.140486] .... node  #0, CPUs:        #1  #2  #3  #4  #5  #6  #7  #8  #9 #10 #11 #12 #13 #14 #15 #16 #17 #18 #19 #20 #21 #22 #23 #24 #25 #26 #27 #28 #29 #30 #31 #32 #33 #34 #35 #36 #37 #38 #39 #40 #41 #42 #43 #44 #45 #46 #47 #48 #49 #50 #51 #52 #53 #54 #55 #56 #57 #58 #59 #60 #61 #62 #63
[    0.194825] smp: Brought up 1 node, 64 CPUs
[    0.199302] smpboot: Max logical packages: 1
[    0.200053] smpboot: Total of 64 processors activated (319399.93 BogoMIPS)
[    0.208942] node 0 deferred pages initialised in 4ms
[    0.210936] devtmpfs: initialized
[    0.211265] x86/mm: Memory block size: 128MB
[    0.214625] clocksource: jiffies: mask: 0xffffffff max_cycles: 0xffffffff, max_idle_ns: 7645041785100000 ns
[    0.216432] futex hash table entries: 16384 (order: 8, 1048576 bytes, linear)
[    0.217849] pinctrl core: initialized pinctrl subsystem
[    0.219891] NET: Registered PF_NETLINK/PF_ROUTE protocol family
[    0.221148] DMA: preallocated 128 KiB GFP_KERNEL pool for atomic allocations
[    0.222428] DMA: preallocated 128 KiB GFP_KERNEL|GFP_DMA pool for atomic allocations
[    0.222648] DMA: preallocated 128 KiB GFP_KERNEL|GFP_DMA32 pool for atomic allocations
[    0.224102] audit: initializing netlink subsys (disabled)
[    0.225097] audit: type=2000 audit(1691784520.800:1): state=initialized audit_enabled=0 res=1
[    0.225097] thermal_sys: Registered thermal governor 'fair_share'
[    0.226552] thermal_sys: Registered thermal governor 'bang_bang'
[    0.227625] thermal_sys: Registered thermal governor 'step_wise'
[    0.228670] thermal_sys: Registered thermal governor 'user_space'
[    0.229778] thermal_sys: Registered thermal governor 'power_allocator'
[    0.230621] cpuidle: using governor ladder
[    0.232453] cpuidle: using governor menu
[    0.234831] acpiphp: ACPI Hot Plug PCI Controller Driver version: 0.5
[    0.236183] PCI: Using configuration type 1 for base access
[    0.237179] PCI: Using configuration type 1 for extended access
[    0.242009] kprobes: kprobe jump-optimization is enabled. All kprobes are optimized if possible.
[    0.252484] HugeTLB: registered 1.00 GiB page size, pre-allocated 0 pages
[    0.252484] HugeTLB: 16380 KiB vmemmap can be freed for a 1.00 GiB page
[    0.254555] HugeTLB: registered 2.00 MiB page size, pre-allocated 0 pages
[    0.255726] HugeTLB: 28 KiB vmemmap can be freed for a 2.00 MiB page
[    0.258771] ACPI: Added _OSI(Module Device)
[    0.259530] ACPI: Added _OSI(Processor Device)
[    0.259530] ACPI: Added _OSI(3.0 _SCP Extensions)
[    0.259530] ACPI: Added _OSI(Processor Aggregator Device)
[    0.262878] ACPI: 1 ACPI AML tables successfully acquired and loaded
[    0.266599] ACPI: _OSC evaluation for CPUs failed, trying _PDC
[    0.267107] ACPI: Interpreter enabled
[    0.267772] ACPI: PM: (supports S0 S3 S4 S5)
[    0.268504] ACPI: Using IOAPIC for interrupt routing
[    0.269376] PCI: Using host bridge windows from ACPI; if necessary, use "pci=nocrs" and report a bug
[    0.270553] PCI: Using E820 reservations for host bridge windows
[    0.271923] ACPI: Enabled 2 GPEs in block 00 to 0F
[    0.282829] ACPI: PCI Root Bridge [PCI0] (domain 0000 [bus 00-ff])
[    0.283906] acpi PNP0A03:00: _OSC: OS supports [ExtendedConfig ASPM ClockPM Segments MSI HPX-Type3]
[    0.286254] acpiphp: Slot [2] registered
[    0.286574] acpiphp: Slot [3] registered
[    0.287266] acpiphp: Slot [4] registered
[    0.287965] acpiphp: Slot [5] registered
[    0.288683] acpiphp: Slot [6] registered
[    0.289385] acpiphp: Slot [7] registered
[    0.290082] acpiphp: Slot [8] registered
[    0.290575] acpiphp: Slot [9] registered
[    0.291270] acpiphp: Slot [10] registered
[    0.291981] acpiphp: Slot [11] registered
[    0.292727] acpiphp: Slot [12] registered
[    0.293439] acpiphp: Slot [13] registered
[    0.294149] acpiphp: Slot [14] registered
[    0.294573] acpiphp: Slot [15] registered
[    0.295278] acpiphp: Slot [16] registered
[    0.295990] acpiphp: Slot [17] registered
[    0.296738] acpiphp: Slot [18] registered
[    0.297448] acpiphp: Slot [19] registered
[    0.298153] acpiphp: Slot [20] registered
[    0.298576] acpiphp: Slot [21] registered
[    0.299294] acpiphp: Slot [22] registered
[    0.300038] acpiphp: Slot [23] registered
[    0.300742] acpiphp: Slot [24] registered
[    0.301446] acpiphp: Slot [25] registered
[    0.302151] acpiphp: Slot [26] registered
[    0.302572] acpiphp: Slot [27] registered
[    0.303282] acpiphp: Slot [28] registered
[    0.304030] acpiphp: Slot [29] registered
[    0.304735] acpiphp: Slot [30] registered
[    0.305434] acpiphp: Slot [31] registered
[    0.306126] PCI host bridge to bus 0000:00
[    0.310553] pci_bus 0000:00: root bus resource [io  0x0000-0x0cf7 window]
[    0.311740] pci_bus 0000:00: root bus resource [io  0x0d00-0xffff window]
[    0.312890] pci_bus 0000:00: root bus resource [mem 0x000a0000-0x000bffff window]
[    0.314154] pci_bus 0000:00: root bus resource [mem 0x20000000-0xfebfffff window]
[    0.314552] pci_bus 0000:00: root bus resource [mem 0x100000000-0x17fffffff window]
[    0.315848] pci_bus 0000:00: root bus resource [bus 00-ff]
[    0.316981] pci 0000:00:00.0: [8086:1237] type 00 class 0x060000
[    0.318420] pci 0000:00:01.0: [8086:7000] type 00 class 0x060100
[    0.319071] pci 0000:00:01.1: [8086:7010] type 00 class 0x010180
[    0.321438] pci 0000:00:01.1: reg 0x20: [io  0xc000-0xc00f]
[    0.322942] pci 0000:00:01.1: legacy IDE quirk: reg 0x10: [io  0x01f0-0x01f7]
[    0.324156] pci 0000:00:01.1: legacy IDE quirk: reg 0x14: [io  0x03f6]
[    0.325262] pci 0000:00:01.1: legacy IDE quirk: reg 0x18: [io  0x0170-0x0177]
[    0.326552] pci 0000:00:01.1: legacy IDE quirk: reg 0x1c: [io  0x0376]
[    0.327837] pci 0000:00:01.3: [8086:7113] type 00 class 0x068000
[    0.329210] pci 0000:00:01.3: quirk: [io  0x0600-0x063f] claimed by PIIX4 ACPI
[    0.330466] pci 0000:00:01.3: quirk: [io  0x0700-0x070f] claimed by PIIX4 SMB
[    0.331253] ACPI: PCI: Interrupt link LNKA configured for IRQ 10
[    0.332498] ACPI: PCI: Interrupt link LNKB configured for IRQ 10
[    0.333682] ACPI: PCI: Interrupt link LNKC configured for IRQ 11
[    0.334736] ACPI: PCI: Interrupt link LNKD configured for IRQ 11
[    0.335861] ACPI: PCI: Interrupt link LNKS configured for IRQ 9
[    0.342583] iommu: Default domain type: Translated
[    0.343408] iommu: DMA domain TLB invalidation policy: lazy mode
[    0.346706] pps_core: LinuxPPS API ver. 1 registered
[    0.347604] pps_core: Software ver. 5.3.6 - Copyright 2005-2007 Rodolfo Giometti <giometti@linux.it>
[    0.349162] PTP clock support registered
[    0.349845] EDAC MC: Ver: 3.0.0
[    0.350842] NetLabel: Initializing
[    0.351480] NetLabel:  domain hash size = 128
[    0.352227] NetLabel:  protocols = UNLABELED CIPSOv4 CALIPSO
[    0.353221] NetLabel:  unlabeled traffic allowed by default
[    0.354231] PCI: Using ACPI for IRQ routing
[    0.354636] vgaarb: loaded
[    0.355175] hpet0: at MMIO 0xfed00000, IRQs 2, 8, 0
[    0.356029] hpet0: 3 comparators, 64-bit 100.000000 MHz counter
[    0.360905] clocksource: Switched to clocksource kvm-clock
[    0.364034] VFS: Disk quotas dquot_6.6.0
[    0.364208] VFS: Dquot-cache hash table entries: 512 (order 0, 4096 bytes)
[    0.366228] AppArmor: AppArmor Filesystem Enabled
[    0.367054] pnp: PnP ACPI init
[    0.368047] pnp: PnP ACPI: found 5 devices
[    0.377033] clocksource: acpi_pm: mask: 0xffffff max_cycles: 0xffffff, max_idle_ns: 2085701024 ns
[    0.378702] NET: Registered PF_INET protocol family
[    0.379612] IP idents hash table entries: 8192 (order: 4, 65536 bytes, linear)
[    0.381360] tcp_listen_portaddr_hash hash table entries: 256 (order: 0, 4096 bytes, linear)
[    0.382819] Table-perturb hash table entries: 65536 (order: 6, 262144 bytes, linear)
[    0.384127] TCP established hash table entries: 4096 (order: 3, 32768 bytes, linear)
[    0.385696] TCP bind hash table entries: 4096 (order: 5, 131072 bytes, linear)
[    0.386925] TCP: Hash tables configured (established 4096 bind 4096)
[    0.388241] MPTCP token hash table entries: 512 (order: 1, 12288 bytes, linear)
[    0.389577] UDP hash table entries: 256 (order: 1, 8192 bytes, linear)
[    0.390685] UDP-Lite hash table entries: 256 (order: 1, 8192 bytes, linear)
[    0.392058] NET: Registered PF_UNIX/PF_LOCAL protocol family
[    0.393067] NET: Registered PF_XDP protocol family
[    0.393937] pci_bus 0000:00: resource 4 [io  0x0000-0x0cf7 window]
[    0.394982] pci_bus 0000:00: resource 5 [io  0x0d00-0xffff window]
[    0.396073] pci_bus 0000:00: resource 6 [mem 0x000a0000-0x000bffff window]
[    0.397272] pci_bus 0000:00: resource 7 [mem 0x20000000-0xfebfffff window]
[    0.398476] pci_bus 0000:00: resource 8 [mem 0x100000000-0x17fffffff window]
[    0.399777] pci 0000:00:01.0: PIIX3: Enabling Passive Release
[    0.400795] pci 0000:00:00.0: Limiting direct PCI/PCI transfers
[    0.401871] PCI: CLS 0 bytes, default 64
[    0.402622] Trying to unpack rootfs image as initramfs...
[    0.404482] Initialise system trusted keyrings
[    0.405275] Key type blacklist registered
[    0.406057] workingset: timestamp_bits=36 max_order=17 bucket_order=0
[    0.407194] zbud: loaded
[    0.408321] integrity: Platform Keyring initialized
[    0.409193] integrity: Machine keyring initialized
[    0.410000] Key type asymmetric registered
[    0.410688] Asymmetric key parser 'x509' registered
[    0.412503] Freeing initrd memory: 5172K
[    0.415916] Block layer SCSI generic (bsg) driver version 0.4 loaded (major 247)
[    0.417364] io scheduler mq-deadline registered
[    0.420618] shpchp: Standard Hot Plug PCI Controller Driver version: 0.4
[    0.425940] Serial: 8250/16550 driver, 4 ports, IRQ sharing enabled
[    0.427400] 00:03: ttyS0 at I/O 0x3f8 (irq = 4, base_baud = 115200) is a 16550A
[    0.429534] Linux agpgart interface v0.103
[    0.430412] AMD-Vi: AMD IOMMUv2 functionality not available on this system - This is not a bug.
[    0.445105] i8042: PNP: PS/2 Controller [PNP0303:KBD,PNP0f13:MOU] at 0x60,0x64 irq 1,12
[    0.447345] serio: i8042 KBD port at 0x60,0x64 irq 1
[    0.448252] serio: i8042 AUX port at 0x60,0x64 irq 12
[    0.449361] mousedev: PS/2 mouse device common for all mice
[    0.450376] rtc_cmos 00:04: RTC can wake from S4
[    0.451707] rtc_cmos 00:04: registered as rtc0
[    0.452216] input: AT Translated Set 2 keyboard as /devices/platform/i8042/serio0/input/input0
[    0.452885] rtc_cmos 00:04: setting system clock to 2023-08-11T20:08:40 UTC (1691784520)
[    0.455831] rtc_cmos 00:04: alarms up to one day, y3k, 242 bytes nvram, hpet irqs
[    0.457193] amd_pstate: the _CPC object is not present in SBIOS or ACPI disabled
[    0.460218] ledtrig-cpu: registered to indicate activity on CPUs
[    0.473887] NET: Registered PF_INET6 protocol family
[    0.477625] Segment Routing with IPv6
[    0.478313] In-situ OAM (IOAM) with IPv6
[    0.479049] mip6: Mobile IPv6
[    0.479595] NET: Registered PF_PACKET protocol family
[    0.480562] mpls_gso: MPLS GSO support
[    0.486979] IPI shorthand broadcast: enabled
[    0.490244] sched_clock: Marking stable (484004009, 5150439)->(504044274, -14889826)
[    0.492038] registered taskstats version 1
[    0.493421] Loading compiled-in X.509 certificates
[    0.509707] Loaded X.509 cert 'Build time autogenerated kernel key: cfa8b051d219fe2f73dd706c55c005114c55f7e0'
[    0.515546] Key type .fscrypt registered
[    0.516276] Key type fscrypt-provisioning registered
[    0.520094] Key type encrypted registered
[    0.520841] AppArmor: AppArmor sha1 policy hashing enabled
[    0.521866] ima: No TPM chip found, activating TPM-bypass!
[    0.522861] ima: Allocated hash algorithm: sha256
[    0.523735] ima: No architecture policies found
[    0.524569] evm: Initialising EVM extended attributes:
[    0.525526] evm: security.selinux
[    0.526116] evm: security.SMACK64 (disabled)
[    0.526871] evm: security.SMACK64EXEC (disabled)
[    0.527715] evm: security.SMACK64TRANSMUTE (disabled)
[    0.528625] evm: security.SMACK64MMAP (disabled)
[    0.529494] evm: security.apparmor
[    0.530103] evm: security.ima
[    0.530632] evm: security.capability
[    0.531277] evm: HMAC attrs: 0x1
[    0.625318] clk: Disabling unused clocks
[    0.629115] Freeing unused decrypted memory: 2036K
[    0.631119] Freeing unused kernel image (initmem) memory: 3768K
[    0.645190] Write protecting the kernel read-only data: 28672k
[    0.647384] Freeing unused kernel image (rodata/data gap) memory: 1980K
[    0.725924] x86/mm: Checked W+X mappings: passed, no W+X pages found.
[    0.726892] Run /init as init process
[    0.729339] Not activating Mandatory Access Control as /sbin/tomoyo-init does not exist.
Starting syslogd: OK
Starting klogd: OK
Running sysctl: OK
Saving 256 bits of creditable seed for next boot
Starting network: OK
Linux version 6.5.0-rc5-next-20230809-cbl (nathan@dev-arch.m3-large-x86-01) (ClangBuiltLinux clang version 17.0.0 (https://github.com/llvm/llvm-project edc0ee3ccad416ab186202bf928ea64e3a7987b7), ClangBuiltLinux LLD 17.0.0) #1 SMP PREEMPT_DYNAMIC Fri Aug 11 20:07:42 UTC 2023
Stopping network: OK
Seeding 256 bits and crediting
Saving 256 bits of creditable seed for next boot
Stopping klogd: OK
Stopping syslogd: OK
umount: devtmpfs busy - remounted read-only
umount: can't unmount /: Invalid argument

The system is going down NOW!

Sent SIGTERM to all processes

Sent SIGKILL to all processes

Requesting system poweroff
[    2.806907] ACPI: PM: Preparing to enter system sleep state S5
[    2.807908] reboot: Power down
$ timeout --foreground 3m stdbuf -eL -oL /usr/sbin/qemu-system-x86_64 -display none -nodefaults -d unimp,guest_errors -append 'console=ttyS0 earlycon=uart8250,io,0x3f8' -kernel /home/nathan/tmp/build/cbl_lkt/linux-next/x86_64/arch/x86/boot/bzImage -initrd /home/nathan/cbl/llvm-kernel-testing/src/boot-utils/images/x86_64/rootfs.cpio -cpu host -enable-kvm -m 512m -smp 64 -serial mon:stdio
