/home/nathan/cbl/src/linux-next/drivers/bus/mhi/host/main.c:803:13: warning: parameter 'event_quota' set but not used [-Wunused-but-set-parameter]
  803 |                              u32 event_quota)
      |                                  ^
1 warning generated.
/home/nathan/cbl/src/linux-next/lib/radix-tree.c:1136:50: warning: parameter 'slot' set but not used [-Wunused-but-set-parameter]
 1136 | void __rcu **radix_tree_iter_resume(void __rcu **slot,
      |                                                  ^
1 warning generated.
/home/nathan/cbl/src/linux-next/net/ipv4/tcp_output.c:186:3: warning: result of comparison of constant -1 with expression of type 'u8' (aka 'unsigned char') is always false [-Wtautological-constant-out-of-range-compare]
  186 |                 NET_ADD_STATS(sock_net(sk), LINUX_MIB_TCPACKCOMPRESSED,
      |                 ^~~~~~~~~~~~~~~~~~~~~~~~~~~~~~~~~~~~~~~~~~~~~~~~~~~~~~~
  187 |                               tp->compressed_ack);
      |                               ~~~~~~~~~~~~~~~~~~~
/home/nathan/cbl/src/linux-next/include/net/ip.h:301:41: note: expanded from macro 'NET_ADD_STATS'
  301 | #define NET_ADD_STATS(net, field, adnd) SNMP_ADD_STATS((net)->mib.net_statistics, field, adnd)
      |                                         ^~~~~~~~~~~~~~~~~~~~~~~~~~~~~~~~~~~~~~~~~~~~~~~~~~~~~~
/home/nathan/cbl/src/linux-next/include/net/snmp.h:143:4: note: expanded from macro 'SNMP_ADD_STATS'
  143 |                         this_cpu_add(mib->mibs[field], addend)
      |                         ^~~~~~~~~~~~~~~~~~~~~~~~~~~~~~~~~~~~~~
/home/nathan/cbl/src/linux-next/include/linux/percpu-defs.h:491:33: note: expanded from macro 'this_cpu_add'
  491 | #define this_cpu_add(pcp, val)          __pcpu_size_call(this_cpu_add_, pcp, val)
      |                                         ^~~~~~~~~~~~~~~~~~~~~~~~~~~~~~~~~~~~~~~~~
note: (skipping 1 expansions in backtrace; use -fmacro-backtrace-limit=0 to see all)
<scratch space>:138:1: note: expanded from here
  138 | this_cpu_add_8
      | ^
/home/nathan/cbl/src/linux-next/arch/x86/include/asm/percpu.h:370:35: note: expanded from macro 'this_cpu_add_8'
  370 | #define this_cpu_add_8(pcp, val)                percpu_add_op(8, volatile, (pcp), val)
      |                                                 ^~~~~~~~~~~~~~~~~~~~~~~~~~~~~~~~~~~~~~
/home/nathan/cbl/src/linux-next/arch/x86/include/asm/percpu.h:127:31: note: expanded from macro 'percpu_add_op'
  127 |                               ((val) == 1 || (val) == -1)) ?            \
      |                                              ~~~~~ ^  ~~
/home/nathan/cbl/src/linux-next/sound/core/seq/seq_midi.c:135:30: warning: cast from 'int (*)(struct snd_rawmidi_substream *, const char *, int)' to 'snd_seq_dump_func_t' (aka 'int (*)(void *, void *, int)') converts to incompatible function type [-Wcast-function-type-strict]
  135 |                 snd_seq_dump_var_event(ev, (snd_seq_dump_func_t)dump_midi, substream);
      |                                            ^~~~~~~~~~~~~~~~~~~~~~~~~~~~~~
1 warning generated.
1 warning generated.
/home/nathan/cbl/src/linux-next/sound/core/seq/seq_virmidi.c:83:31: warning: cast from 'int (*)(struct snd_rawmidi_substream *, const unsigned char *, int)' to 'snd_seq_dump_func_t' (aka 'int (*)(void *, void *, int)') converts to incompatible function type [-Wcast-function-type-strict]
   83 |                         snd_seq_dump_var_event(ev, (snd_seq_dump_func_t)snd_rawmidi_receive, vmidi->substream);
      |                                                    ^~~~~~~~~~~~~~~~~~~~~~~~~~~~~~~~~~~~~~~~
1 warning generated.
/home/nathan/cbl/src/linux-next/sound/pci/aw2/aw2-alsa.c:363:11: warning: cast from 'void (*)(struct snd_pcm_substream *)' to 'snd_aw2_saa7146_it_cb' (aka 'void (*)(void *)') converts to incompatible function type [-Wcast-function-type-strict]
  363 |                                                     (snd_aw2_saa7146_it_cb)
      |                                                     ^~~~~~~~~~~~~~~~~~~~~~~
  364 |                                                     snd_pcm_period_elapsed,
      |                                                     ~~~~~~~~~~~~~~~~~~~~~~
/home/nathan/cbl/src/linux-next/sound/pci/aw2/aw2-alsa.c:392:10: warning: cast from 'void (*)(struct snd_pcm_substream *)' to 'snd_aw2_saa7146_it_cb' (aka 'void (*)(void *)') converts to incompatible function type [-Wcast-function-type-strict]
  392 |                                                    (snd_aw2_saa7146_it_cb)
      |                                                    ^~~~~~~~~~~~~~~~~~~~~~~
  393 |                                                    snd_pcm_period_elapsed,
      |                                                    ~~~~~~~~~~~~~~~~~~~~~~
2 warnings generated.
/home/nathan/cbl/src/linux-next/sound/pci/ctxfi/ctatc.c:115:25: warning: cast from 'int (*)(struct hw *, struct src_mgr **)' to 'create_t' (aka 'int (*)(struct hw *, void **)') converts to incompatible function type [-Wcast-function-type-strict]
  115 |         [SRC]           = { .create     = (create_t)src_mgr_create,
      |                                           ^~~~~~~~~~~~~~~~~~~~~~~~
/home/nathan/cbl/src/linux-next/sound/pci/ctxfi/ctatc.c:116:20: warning: cast from 'int (*)(struct src_mgr *)' to 'destroy_t' (aka 'int (*)(void *)') converts to incompatible function type [-Wcast-function-type-strict]
  116 |                             .destroy    = (destroy_t)src_mgr_destroy    },
      |                                           ^~~~~~~~~~~~~~~~~~~~~~~~~~
/home/nathan/cbl/src/linux-next/sound/pci/ctxfi/ctatc.c:117:27: warning: cast from 'int (*)(struct hw *, struct srcimp_mgr **)' to 'create_t' (aka 'int (*)(struct hw *, void **)') converts to incompatible function type [-Wcast-function-type-strict]
  117 |         [SRCIMP]        = { .create     = (create_t)srcimp_mgr_create,
      |                                           ^~~~~~~~~~~~~~~~~~~~~~~~~~~
/home/nathan/cbl/src/linux-next/sound/pci/ctxfi/ctatc.c:118:20: warning: cast from 'int (*)(struct srcimp_mgr *)' to 'destroy_t' (aka 'int (*)(void *)') converts to incompatible function type [-Wcast-function-type-strict]
  118 |                             .destroy    = (destroy_t)srcimp_mgr_destroy },
      |                                           ^~~~~~~~~~~~~~~~~~~~~~~~~~~~~
/home/nathan/cbl/src/linux-next/sound/pci/ctxfi/ctatc.c:119:25: warning: cast from 'int (*)(struct hw *, struct amixer_mgr **)' to 'create_t' (aka 'int (*)(struct hw *, void **)') converts to incompatible function type [-Wcast-function-type-strict]
  119 |         [AMIXER]        = { .create     = (create_t)amixer_mgr_create,
      |                                           ^~~~~~~~~~~~~~~~~~~~~~~~~~~
/home/nathan/cbl/src/linux-next/sound/pci/ctxfi/ctatc.c:120:19: warning: cast from 'int (*)(struct amixer_mgr *)' to 'destroy_t' (aka 'int (*)(void *)') converts to incompatible function type [-Wcast-function-type-strict]
  120 |                             .destroy    = (destroy_t)amixer_mgr_destroy },
      |                                           ^~~~~~~~~~~~~~~~~~~~~~~~~~~~~
/home/nathan/cbl/src/linux-next/sound/pci/ctxfi/ctatc.c:121:23: warning: cast from 'int (*)(struct hw *, struct sum_mgr **)' to 'create_t' (aka 'int (*)(struct hw *, void **)') converts to incompatible function type [-Wcast-function-type-strict]
  121 |         [SUM]           = { .create     = (create_t)sum_mgr_create,
      |                                           ^~~~~~~~~~~~~~~~~~~~~~~~
/home/nathan/cbl/src/linux-next/sound/pci/ctxfi/ctatc.c:122:19: warning: cast from 'int (*)(struct sum_mgr *)' to 'destroy_t' (aka 'int (*)(void *)') converts to incompatible function type [-Wcast-function-type-strict]
  122 |                             .destroy    = (destroy_t)sum_mgr_destroy    },
      |                                           ^~~~~~~~~~~~~~~~~~~~~~~~~~
/home/nathan/cbl/src/linux-next/sound/pci/ctxfi/ctatc.c:123:24: warning: cast from 'int (*)(struct hw *, struct daio_mgr **)' to 'create_t' (aka 'int (*)(struct hw *, void **)') converts to incompatible function type [-Wcast-function-type-strict]
  123 |         [DAIO]          = { .create     = (create_t)daio_mgr_create,
      |                                           ^~~~~~~~~~~~~~~~~~~~~~~~~
/home/nathan/cbl/src/linux-next/sound/pci/ctxfi/ctatc.c:124:19: warning: cast from 'int (*)(struct daio_mgr *)' to 'destroy_t' (aka 'int (*)(void *)') converts to incompatible function type [-Wcast-function-type-strict]
  124 |                             .destroy    = (destroy_t)daio_mgr_destroy   }
      |                                           ^~~~~~~~~~~~~~~~~~~~~~~~~~~
10 warnings generated.
/home/nathan/cbl/src/linux-next/drivers/block/floppy.c:2001:11: warning: cast from 'void (*)(void)' to 'done_f' (aka 'void (*)(int)') converts to incompatible function type [-Wcast-function-type-strict]
 2001 |         .done           = (done_f)empty
      |                           ^~~~~~~~~~~~~
/home/nathan/cbl/src/linux-next/drivers/block/floppy.c:2008:11: warning: cast from 'void (*)(void)' to 'done_f' (aka 'void (*)(int)') converts to incompatible function type [-Wcast-function-type-strict]
 2008 |         .done           = (done_f)empty
      |                           ^~~~~~~~~~~~~
2 warnings generated.
/home/nathan/cbl/src/linux-next/drivers/block/rbd.c:6149:17: warning: result of comparison of constant 2305843009213693948 with expression of type 'u32' (aka 'unsigned int') is always false [-Wtautological-constant-out-of-range-compare]
 6149 |         if (snap_count > (SIZE_MAX - sizeof (struct ceph_snap_context))
      |             ~~~~~~~~~~ ^ ~~~~~~~~~~~~~~~~~~~~~~~~~~~~~~~~~~~~~~~~~~~~~~
 6150 |                                  / sizeof (u64)) {
      |                                  ~~~~~~~~~~~~~~
/home/nathan/cbl/src/linux-next/arch/x86/kernel/paravirt.c:300:4: warning: cast from 'void (*)(struct mmu_gather *, struct page *)' to 'void (*)(struct mmu_gather *, void *)' converts to incompatible function type [-Wcast-function-type-strict]
  300 |                         (void (*)(struct mmu_gather *, void *))tlb_remove_page,
      |                         ^~~~~~~~~~~~~~~~~~~~~~~~~~~~~~~~~~~~~~~~~~~~~~~~~~~~~~
1 warning generated.
1 warning generated.
/home/nathan/cbl/src/linux-next/drivers/block/drbd/drbd_state.c:1632:3: warning: cast from 'int (*)(struct sk_buff *, unsigned int, struct drbd_resource_state_change *, enum drbd_notification_type)' to 'typeof (last_func)' (aka 'int (*)(struct sk_buff *, unsigned int, void *, enum drbd_notification_type)') converts to incompatible function type [-Wcast-function-type-strict]
 1632 |                 REMEMBER_STATE_CHANGE(notify_resource_state_change,
      |                 ^~~~~~~~~~~~~~~~~~~~~~~~~~~~~~~~~~~~~~~~~~~~~~~~~~~
 1633 |                                       resource_state_change, NOTIFY_CHANGE);
      |                                       ~~~~~~~~~~~~~~~~~~~~~~~~~~~~~~~~~~~~~
/home/nathan/cbl/src/linux-next/drivers/block/drbd/drbd_state.c:1619:17: note: expanded from macro 'REMEMBER_STATE_CHANGE'
 1619 |            last_func = (typeof(last_func))func; \
      |                        ^~~~~~~~~~~~~~~~~~~~~~~
/home/nathan/cbl/src/linux-next/drivers/block/drbd/drbd_state.c:1641:4: warning: cast from 'int (*)(struct sk_buff *, unsigned int, struct drbd_connection_state_change *, enum drbd_notification_type)' to 'typeof (last_func)' (aka 'int (*)(struct sk_buff *, unsigned int, void *, enum drbd_notification_type)') converts to incompatible function type [-Wcast-function-type-strict]
 1641 |                         REMEMBER_STATE_CHANGE(notify_connection_state_change,
      |                         ^~~~~~~~~~~~~~~~~~~~~~~~~~~~~~~~~~~~~~~~~~~~~~~~~~~~~
 1642 |                                               connection_state_change, NOTIFY_CHANGE);
      |                                               ~~~~~~~~~~~~~~~~~~~~~~~~~~~~~~~~~~~~~~~
/home/nathan/cbl/src/linux-next/drivers/block/drbd/drbd_state.c:1619:17: note: expanded from macro 'REMEMBER_STATE_CHANGE'
 1619 |            last_func = (typeof(last_func))func; \
      |                        ^~~~~~~~~~~~~~~~~~~~~~~
/home/nathan/cbl/src/linux-next/drivers/block/drbd/drbd_state.c:1650:4: warning: cast from 'int (*)(struct sk_buff *, unsigned int, struct drbd_device_state_change *, enum drbd_notification_type)' to 'typeof (last_func)' (aka 'int (*)(struct sk_buff *, unsigned int, void *, enum drbd_notification_type)') converts to incompatible function type [-Wcast-function-type-strict]
 1650 |                         REMEMBER_STATE_CHANGE(notify_device_state_change,
      |                         ^~~~~~~~~~~~~~~~~~~~~~~~~~~~~~~~~~~~~~~~~~~~~~~~~
 1651 |                                               device_state_change, NOTIFY_CHANGE);
      |                                               ~~~~~~~~~~~~~~~~~~~~~~~~~~~~~~~~~~~
/home/nathan/cbl/src/linux-next/drivers/block/drbd/drbd_state.c:1619:17: note: expanded from macro 'REMEMBER_STATE_CHANGE'
 1619 |            last_func = (typeof(last_func))func; \
      |                        ^~~~~~~~~~~~~~~~~~~~~~~
/home/nathan/cbl/src/linux-next/drivers/block/drbd/drbd_state.c:1664:4: warning: cast from 'int (*)(struct sk_buff *, unsigned int, struct drbd_peer_device_state_change *, enum drbd_notification_type)' to 'typeof (last_func)' (aka 'int (*)(struct sk_buff *, unsigned int, void *, enum drbd_notification_type)') converts to incompatible function type [-Wcast-function-type-strict]
 1664 |                         REMEMBER_STATE_CHANGE(notify_peer_device_state_change,
      |                         ^~~~~~~~~~~~~~~~~~~~~~~~~~~~~~~~~~~~~~~~~~~~~~~~~~~~~~
 1665 |                                               p, NOTIFY_CHANGE);
      |                                               ~~~~~~~~~~~~~~~~~
/home/nathan/cbl/src/linux-next/drivers/block/drbd/drbd_state.c:1619:17: note: expanded from macro 'REMEMBER_STATE_CHANGE'
 1619 |            last_func = (typeof(last_func))func; \
      |                        ^~~~~~~~~~~~~~~~~~~~~~~
4 warnings generated.
/home/nathan/cbl/src/linux-next/drivers/firmware/dmi-id.c:174:17: warning: cast from 'void (*)(const void *)' to 'void (*)(struct device *)' converts to incompatible function type [-Wcast-function-type-strict]
  174 |         .dev_release = (void(*)(struct device *)) kfree,
      |                        ^~~~~~~~~~~~~~~~~~~~~~~~~~~~~~~~
1 warning generated.
/home/nathan/cbl/src/linux-next/drivers/net/ethernet/brocade/bna/bnad.c:1995:4: warning: cast from 'void (*)(struct delayed_work *)' to 'work_func_t' (aka 'void (*)(struct work_struct *)') converts to incompatible function type [-Wcast-function-type-strict]
 1995 |                         (work_func_t)bnad_tx_cleanup);
      |                         ^~~~~~~~~~~~~~~~~~~~~~~~~~~~
/home/nathan/cbl/src/linux-next/include/linux/workqueue.h:320:29: note: expanded from macro 'INIT_DELAYED_WORK'
  320 |         __INIT_DELAYED_WORK(_work, _func, 0)
      |                                    ^~~~~
/home/nathan/cbl/src/linux-next/include/linux/workqueue.h:305:30: note: expanded from macro '__INIT_DELAYED_WORK'
  305 |                 INIT_WORK(&(_work)->work, (_func));                     \
      |                                            ^~~~~
/home/nathan/cbl/src/linux-next/include/linux/workqueue.h:298:24: note: expanded from macro 'INIT_WORK'
  298 |         __INIT_WORK((_work), (_func), 0)
      |                               ^~~~~
/home/nathan/cbl/src/linux-next/include/linux/workqueue.h:293:20: note: expanded from macro '__INIT_WORK'
  293 |                 (_work)->func = (_func);                                \
      |                                  ^~~~~
/home/nathan/cbl/src/linux-next/drivers/net/ethernet/brocade/bna/bnad.c:2252:4: warning: cast from 'void (*)(void *)' to 'work_func_t' (aka 'void (*)(struct work_struct *)') converts to incompatible function type [-Wcast-function-type-strict]
 2252 |                         (work_func_t)(bnad_rx_cleanup));
      |                         ^~~~~~~~~~~~~~~~~~~~~~~~~~~~~~
/home/nathan/cbl/src/linux-next/include/linux/workqueue.h:298:24: note: expanded from macro 'INIT_WORK'
  298 |         __INIT_WORK((_work), (_func), 0)
      |                               ^~~~~
/home/nathan/cbl/src/linux-next/include/linux/workqueue.h:293:20: note: expanded from macro '__INIT_WORK'
  293 |                 (_work)->func = (_func);                                \
      |                                  ^~~~~
2 warnings generated.
/home/nathan/cbl/src/linux-next/drivers/net/ethernet/cavium/liquidio/cn23xx_pf_device.c:1493:16: warning: cast from 'void (*)(struct octeon_device *, struct octeon_mbox_cmd *, void *)' to 'octeon_mbox_callback_t' (aka 'void (*)(void *, void *, void *)') converts to incompatible function type [-Wcast-function-type-strict]
 1493 |         mbox_cmd.fn = (octeon_mbox_callback_t)cn23xx_get_vf_stats_callback;
      |                       ^~~~~~~~~~~~~~~~~~~~~~~~~~~~~~~~~~~~~~~~~~~~~~~~~~~~
1 warning generated.
/home/nathan/cbl/src/linux-next/drivers/net/ethernet/cavium/liquidio/cn23xx_vf_device.c:432:16: warning: cast from 'void (*)(struct octeon_device *, struct octeon_mbox_cmd *, void *)' to 'octeon_mbox_callback_t' (aka 'void (*)(void *, void *, void *)') converts to incompatible function type [-Wcast-function-type-strict]
  432 |         mbox_cmd.fn = (octeon_mbox_callback_t)octeon_pfvf_hs_callback;
      |                       ^~~~~~~~~~~~~~~~~~~~~~~~~~~~~~~~~~~~~~~~~~~~~~~
1 warning generated.
/home/nathan/cbl/src/linux-next/drivers/net/wireless/ath/ath9k/main.c:1566:21: warning: parameter 'changed_flags' set but not used [-Wunused-but-set-parameter]
 1566 |                                    unsigned int changed_flags,
      |                                                 ^
1 warning generated.
/home/nathan/cbl/src/linux-next/drivers/net/wireless/ath/ath5k/mac80211-ops.c:367:62: warning: parameter 'changed_flags' set but not used [-Wunused-but-set-parameter]
  367 | ath5k_configure_filter(struct ieee80211_hw *hw, unsigned int changed_flags,
      |                                                              ^
1 warning generated.
/home/nathan/cbl/src/linux-next/net/ceph/osdmap.c:1441:10: warning: result of comparison of constant 4611686018427387891 with expression of type 'u32' (aka 'unsigned int') is always false [-Wtautological-constant-out-of-range-compare]
 1441 |         if (len > (SIZE_MAX - sizeof(*pg)) / sizeof(u32))
      |             ~~~ ^ ~~~~~~~~~~~~~~~~~~~~~~~~~~~~~~~~~~~~~~
/home/nathan/cbl/src/linux-next/net/ceph/osdmap.c:1624:10: warning: result of comparison of constant 2305843009213693945 with expression of type 'u32' (aka 'unsigned int') is always false [-Wtautological-constant-out-of-range-compare]
 1624 |         if (len > (SIZE_MAX - sizeof(*pg)) / (2 * sizeof(u32)))
      |             ~~~ ^ ~~~~~~~~~~~~~~~~~~~~~~~~~~~~~~~~~~~~~~~~~~~~
2 warnings generated.
/home/nathan/cbl/src/linux-next/drivers/md/dm-integrity.c:4159:12: warning: result of comparison of constant 14316557650 with expression of type 'unsigned int' is always false [-Wtautological-constant-out-of-range-compare]
 4159 |                         if (val >= (uint64_t)UINT_MAX * 1000 / HZ) {
      |                             ~~~ ^  ~~~~~~~~~~~~~~~~~~~~~~~~~~~~~~
1 warning generated.
/home/nathan/cbl/src/linux-next/drivers/net/wireless/ath/ath9k/htc_drv_main.c:1258:25: warning: parameter 'changed_flags' set but not used [-Wunused-but-set-parameter]
 1258 |                                        unsigned int changed_flags,
      |                                                     ^
1 warning generated.
/home/nathan/cbl/src/linux-next/drivers/net/wireless/broadcom/brcm80211/brcmsmac/phy_shim.c:64:34: warning: cast from 'void (*)(struct brcms_phy *)' to 'void (*)(void *)' converts to incompatible function type [-Wcast-function-type-strict]
   64 |                         brcms_init_timer(physhim->wl, (void (*)(void *))fn,
      |                                                       ^~~~~~~~~~~~~~~~~~~~
1 warning generated.
/home/nathan/cbl/src/linux-next/drivers/media/usb/pvrusb2/pvrusb2-v4l2.c:1070:30: warning: cast from 'void (*)(struct pvr2_v4l2_fh *)' to 'pvr2_stream_callback' (aka 'void (*)(void *)') converts to incompatible function type [-Wcast-function-type-strict]
 1070 |         pvr2_stream_set_callback(sp,(pvr2_stream_callback)pvr2_v4l2_notify,fh);
      |                                     ^~~~~~~~~~~~~~~~~~~~~~~~~~~~~~~~~~~~~~
1 warning generated.
/home/nathan/cbl/src/linux-next/drivers/media/usb/pvrusb2/pvrusb2-context.c:110:6: warning: cast from 'void (*)(struct pvr2_context *)' to 'void (*)(void *)' converts to incompatible function type [-Wcast-function-type-strict]
  110 |                                         (void (*)(void *))pvr2_context_notify,
      |                                         ^~~~~~~~~~~~~~~~~~~~~~~~~~~~~~~~~~~~~
1 warning generated.
drivers/net/wireless/realtek/rtlwifi/rtl8192cu/rtl8192cu.o: warning: objtool: rtl92cu_hw_init() falls through to next function rtl92cu_card_disable()
/home/nathan/cbl/src/linux-next/drivers/media/usb/pvrusb2/pvrusb2-dvb.c:152:6: warning: cast from 'void (*)(struct pvr2_dvb_adapter *)' to 'pvr2_stream_callback' (aka 'void (*)(void *)') converts to incompatible function type [-Wcast-function-type-strict]
  152 |                                  (pvr2_stream_callback) pvr2_dvb_notify, adap);
      |                                  ^~~~~~~~~~~~~~~~~~~~~~~~~~~~~~~~~~~~~~
1 warning generated.
/home/nathan/cbl/src/linux-next/fs/ubifs/find.c:170:9: warning: cast from 'int (*)(struct ubifs_info *, const struct ubifs_lprops *, int, struct scan_data *)' to 'ubifs_lpt_scan_callback' (aka 'int (*)(struct ubifs_info *, const struct ubifs_lprops *, int, void *)') converts to incompatible function type [-Wcast-function-type-strict]
  170 |                                     (ubifs_lpt_scan_callback)scan_for_dirty_cb,
      |                                     ^~~~~~~~~~~~~~~~~~~~~~~~~~~~~~~~~~~~~~~~~~
/home/nathan/cbl/src/linux-next/fs/ubifs/find.c:449:9: warning: cast from 'int (*)(struct ubifs_info *, const struct ubifs_lprops *, int, struct scan_data *)' to 'ubifs_lpt_scan_callback' (aka 'int (*)(struct ubifs_info *, const struct ubifs_lprops *, int, void *)') converts to incompatible function type [-Wcast-function-type-strict]
  449 |                                     (ubifs_lpt_scan_callback)scan_for_free_cb,
      |                                     ^~~~~~~~~~~~~~~~~~~~~~~~~~~~~~~~~~~~~~~~~
/home/nathan/cbl/src/linux-next/fs/ubifs/find.c:629:9: warning: cast from 'int (*)(struct ubifs_info *, const struct ubifs_lprops *, int, struct scan_data *)' to 'ubifs_lpt_scan_callback' (aka 'int (*)(struct ubifs_info *, const struct ubifs_lprops *, int, void *)') converts to incompatible function type [-Wcast-function-type-strict]
  629 |                                     (ubifs_lpt_scan_callback)scan_for_idx_cb,
      |                                     ^~~~~~~~~~~~~~~~~~~~~~~~~~~~~~~~~~~~~~~~
/home/nathan/cbl/src/linux-next/fs/ubifs/find.c:757:7: warning: cast from 'int (*)(const struct ubifs_lprops **, const struct ubifs_lprops **)' to 'int (*)(const void *, const void *)' converts to incompatible function type [-Wcast-function-type-strict]
  757 |              (int (*)(const void *, const void *))cmp_dirty_idx, NULL);
      |              ^~~~~~~~~~~~~~~~~~~~~~~~~~~~~~~~~~~~~~~~~~~~~~~~~~
/home/nathan/cbl/src/linux-next/fs/ubifs/find.c:846:9: warning: cast from 'int (*)(struct ubifs_info *, const struct ubifs_lprops *, int, struct scan_data *)' to 'ubifs_lpt_scan_callback' (aka 'int (*)(struct ubifs_info *, const struct ubifs_lprops *, int, void *)') converts to incompatible function type [-Wcast-function-type-strict]
  846 |                                     (ubifs_lpt_scan_callback)scan_dirty_idx_cb,
      |                                     ^~~~~~~~~~~~~~~~~~~~~~~~~~~~~~~~~~~~~~~~~~
5 warnings generated.
fs/jffs2/jffs2.o: warning: objtool: jffs2_erase_pending_blocks() falls through to next function jffs2_free_jeb_node_refs()
/home/nathan/cbl/src/linux-next/fs/ubifs/lprops.c:1272:9: warning: cast from 'int (*)(struct ubifs_info *, const struct ubifs_lprops *, int, struct ubifs_lp_stats *)' to 'ubifs_lpt_scan_callback' (aka 'int (*)(struct ubifs_info *, const struct ubifs_lprops *, int, void *)') converts to incompatible function type [-Wcast-function-type-strict]
 1272 |                                     (ubifs_lpt_scan_callback)scan_check_cb,
      |                                     ^~~~~~~~~~~~~~~~~~~~~~~~~~~~~~~~~~~~~~
1 warning generated.
/home/nathan/cbl/src/linux-next/drivers/scsi/bfa/bfad_bsg.c:2138:29: warning: cast from 'void (*)(void *, enum bfa_status)' to 'bfa_cb_cbfn_t' (aka 'void (*)(void *, enum bfa_boolean)') converts to incompatible function type [-Wcast-function-type-strict]
 2138 |         bfa_pending_q_init(&cb_qe, (bfa_cb_cbfn_t)bfad_hcb_comp,
      |                                    ^~~~~~~~~~~~~~~~~~~~~~~~~~~~
/home/nathan/cbl/src/linux-next/drivers/scsi/bfa/bfa.h:453:25: note: expanded from macro 'bfa_pending_q_init'
  453 |         (__qe)->hcb_qe.cbfn = (__cbfn);                         \
      |                                ^~~~~~
/home/nathan/cbl/src/linux-next/drivers/scsi/bfa/bfad_bsg.c:2162:29: warning: cast from 'void (*)(void *, enum bfa_status)' to 'bfa_cb_cbfn_t' (aka 'void (*)(void *, enum bfa_boolean)') converts to incompatible function type [-Wcast-function-type-strict]
 2162 |         bfa_pending_q_init(&cb_qe, (bfa_cb_cbfn_t)bfad_hcb_comp, &fcomp, NULL);
      |                                    ^~~~~~~~~~~~~~~~~~~~~~~~~~~~
/home/nathan/cbl/src/linux-next/drivers/scsi/bfa/bfa.h:453:25: note: expanded from macro 'bfa_pending_q_init'
  453 |         (__qe)->hcb_qe.cbfn = (__cbfn);                         \
      |                                ^~~~~~
/home/nathan/cbl/src/linux-next/drivers/scsi/bfa/bfad_bsg.c:2446:29: warning: cast from 'void (*)(void *, enum bfa_status)' to 'bfa_cb_cbfn_t' (aka 'void (*)(void *, enum bfa_boolean)') converts to incompatible function type [-Wcast-function-type-strict]
 2446 |         bfa_pending_q_init(&cb_qe, (bfa_cb_cbfn_t)bfad_hcb_comp,
      |                                    ^~~~~~~~~~~~~~~~~~~~~~~~~~~~
/home/nathan/cbl/src/linux-next/drivers/scsi/bfa/bfa.h:453:25: note: expanded from macro 'bfa_pending_q_init'
  453 |         (__qe)->hcb_qe.cbfn = (__cbfn);                         \
      |                                ^~~~~~
/home/nathan/cbl/src/linux-next/drivers/scsi/bfa/bfad_bsg.c:2477:29: warning: cast from 'void (*)(void *, enum bfa_status)' to 'bfa_cb_cbfn_t' (aka 'void (*)(void *, enum bfa_boolean)') converts to incompatible function type [-Wcast-function-type-strict]
 2477 |         bfa_pending_q_init(&cb_qe, (bfa_cb_cbfn_t)bfad_hcb_comp,
      |                                    ^~~~~~~~~~~~~~~~~~~~~~~~~~~~
/home/nathan/cbl/src/linux-next/drivers/scsi/bfa/bfa.h:453:25: note: expanded from macro 'bfa_pending_q_init'
  453 |         (__qe)->hcb_qe.cbfn = (__cbfn);                         \
      |                                ^~~~~~
4 warnings generated.
/home/nathan/cbl/src/linux-next/drivers/scsi/csiostor/csio_lnode.c:1098:33: warning: cast from 'void (*)(struct csio_lnode *, enum csio_ln_ev)' to 'csio_sm_state_t' (aka 'void (*)(void *, unsigned int)') converts to incompatible function type [-Wcast-function-type-strict]
 1098 |         return (csio_get_state(ln) == ((csio_sm_state_t)csio_lns_ready));
      |                                        ^~~~~~~~~~~~~~~~~~~~~~~~~~~~~~~
/home/nathan/cbl/src/linux-next/drivers/scsi/csiostor/csio_lnode.c:1369:29: warning: cast from 'void (*)(struct csio_lnode *, enum csio_ln_ev)' to 'csio_sm_state_t' (aka 'void (*)(void *, unsigned int)') converts to incompatible function type [-Wcast-function-type-strict]
 1369 |         if (csio_get_state(ln) == ((csio_sm_state_t)csio_lns_uninit)) {
      |                                    ^~~~~~~~~~~~~~~~~~~~~~~~~~~~~~~~
/home/nathan/cbl/src/linux-next/drivers/scsi/csiostor/csio_lnode.c:1373:29: warning: cast from 'void (*)(struct csio_lnode *, enum csio_ln_ev)' to 'csio_sm_state_t' (aka 'void (*)(void *, unsigned int)') converts to incompatible function type [-Wcast-function-type-strict]
 1373 |         if (csio_get_state(ln) == ((csio_sm_state_t)csio_lns_ready)) {
      |                                    ^~~~~~~~~~~~~~~~~~~~~~~~~~~~~~~
/home/nathan/cbl/src/linux-next/drivers/scsi/csiostor/csio_lnode.c:1377:29: warning: cast from 'void (*)(struct csio_lnode *, enum csio_ln_ev)' to 'csio_sm_state_t' (aka 'void (*)(void *, unsigned int)') converts to incompatible function type [-Wcast-function-type-strict]
 1377 |         if (csio_get_state(ln) == ((csio_sm_state_t)csio_lns_offline)) {
      |                                    ^~~~~~~~~~~~~~~~~~~~~~~~~~~~~~~~~
4 warnings generated.
/home/nathan/cbl/src/linux-next/drivers/gpu/drm/nouveau/nvkm/subdev/bios/shadow.c:161:10: warning: cast from 'void (*)(const struct firmware *)' to 'void (*)(void *)' converts to incompatible function type [-Wcast-function-type-strict]
  161 |         .fini = (void(*)(void *))release_firmware,
      |                 ^~~~~~~~~~~~~~~~~~~~~~~~~~~~~~~~~
1 warning generated.
net/netfilter/ipvs/ip_vs.o: warning: objtool: .init.text: unexpected end of section
/home/nathan/cbl/src/linux-next/drivers/scsi/bfa/bfa_core.c:1917:11: warning: cast from 'bfa_cb_cbfn_t' (aka 'void (*)(void *, enum bfa_boolean)') to 'bfa_cb_cbfn_status_t' (aka 'void (*)(void *, enum bfa_status)') converts to incompatible function type [-Wcast-function-type-strict]
 1917 |                         cbfn = (bfa_cb_cbfn_status_t)(hcb_qe->cbfn);
      |                                ^~~~~~~~~~~~~~~~~~~~~~~~~~~~~~~~~~~~
1 warning generated.
drivers/bluetooth/hci_vhci.o: warning: objtool: vhci_coredump_hdr() falls through to next function vhci_open_timeout()
/home/nathan/cbl/src/linux-next/drivers/infiniband/ulp/srpt/ib_srpt.c:1811:5: warning: cast from 'void (*)(struct ib_event *, struct srpt_rdma_ch *)' to 'void (*)(struct ib_event *, void *)' converts to incompatible function type [-Wcast-function-type-strict]
 1811 |                 = (void(*)(struct ib_event *, void*))srpt_qp_event;
      |                   ^~~~~~~~~~~~~~~~~~~~~~~~~~~~~~~~~~~~~~~~~~~~~~~~
1 warning generated.
/home/nathan/cbl/src/linux-next/fs/ceph/snap.c:372:10: warning: result of comparison of constant 2305843009213693948 with expression of type 'u32' (aka 'unsigned int') is always false [-Wtautological-constant-out-of-range-compare]
  372 |         if (num > (SIZE_MAX - sizeof(*snapc)) / sizeof(u64))
      |             ~~~ ^ ~~~~~~~~~~~~~~~~~~~~~~~~~~~~~~~~~~~~~~~~~
1 warning generated.
/home/nathan/cbl/src/linux-next/drivers/net/ethernet/qlogic/qed/qed_vf.c:63:67: warning: parameter 'resp_size' set but not used [-Wunused-but-set-parameter]
   63 | static int qed_send_msg2pf(struct qed_hwfn *p_hwfn, u8 *done, u32 resp_size)
      |                                                                   ^
1 warning generated.
drivers/net/ethernet/jme.o: warning: objtool: jme_check_link() falls through to next function jme_powersave_phy()

[01;32mQEMU location: [0m/usr/sbin[0m

[01;32mQEMU version: [0mQEMU emulator version 8.0.3[0m
[    0.000000][    T0] Linux version 6.5.0-rc5-next-20230809-default-cbl (nathan@dev-arch.m3-large-x86-01) (ClangBuiltLinux clang version 17.0.0 (https://github.com/llvm/llvm-project edc0ee3ccad416ab186202bf928ea64e3a7987b7), ClangBuiltLinux LLD 17.0.0) #1 SMP PREEMPT_DYNAMIC Fri Aug 11 20:18:54 UTC 2023
[    0.000000][    T0] Command line: console=ttyS0 earlycon=uart8250,io,0x3f8
[    0.000000][    T0] BIOS-provided physical RAM map:
[    0.000000][    T0] BIOS-e820: [mem 0x0000000000000000-0x000000000009fbff] usable
[    0.000000][    T0] BIOS-e820: [mem 0x000000000009fc00-0x000000000009ffff] reserved
[    0.000000][    T0] BIOS-e820: [mem 0x00000000000f0000-0x00000000000fffff] reserved
[    0.000000][    T0] BIOS-e820: [mem 0x0000000000100000-0x000000001ffdffff] usable
[    0.000000][    T0] BIOS-e820: [mem 0x000000001ffe0000-0x000000001fffffff] reserved
[    0.000000][    T0] BIOS-e820: [mem 0x00000000feffc000-0x00000000feffffff] reserved
[    0.000000][    T0] BIOS-e820: [mem 0x00000000fffc0000-0x00000000ffffffff] reserved
[    0.000000][    T0] BIOS-e820: [mem 0x000000fd00000000-0x000000ffffffffff] reserved
[    0.000000][    T0] earlycon: uart8250 at I/O port 0x3f8 (options '')
[    0.000000][    T0] printk: bootconsole [uart8250] enabled
[    0.000000][    T0] NX (Execute Disable) protection: active
[    0.000000][    T0] SMBIOS 2.8 present.
[    0.000000][    T0] DMI: QEMU Standard PC (i440FX + PIIX, 1996), BIOS Arch Linux 1.16.2-1-1 04/01/2014
[    0.000000][    T0] Hypervisor detected: KVM
[    0.000000][    T0] kvm-clock: Using msrs 4b564d01 and 4b564d00
[    0.000000][    T0] kvm-clock: using sched offset of 270272312 cycles
[    0.000574][    T0] clocksource: kvm-clock: mask: 0xffffffffffffffff max_cycles: 0x1cd42e4dffb, max_idle_ns: 881590591483 ns
[    0.002269][    T0] tsc: Detected 2495.312 MHz processor
[    0.002955][    T0] last_pfn = 0x1ffe0 max_arch_pfn = 0x400000000
[    0.003584][    T0] MTRR map: 4 entries (3 fixed + 1 variable; max 19), built from 8 variable MTRRs
[    0.004455][    T0] x86/PAT: Configuration [0-7]: WB  WC  UC- UC  WB  WP  UC- WT  
[    0.007902][    T0] found SMP MP-table at [mem 0x000f6e60-0x000f6e6f]
[    0.008556][    T0] Using GB pages for direct mapping
[    0.009172][    T0] RAMDISK: [mem 0x1fad3000-0x1ffdffff]
[    0.009783][    T0] ACPI: Early table checksum verification disabled
[    0.010400][    T0] ACPI: RSDP 0x00000000000F6C90 000014 (v00 BOCHS )
[    0.011017][    T0] ACPI: RSDT 0x000000001FFE31D1 000034 (v01 BOCHS  BXPC     00000001 BXPC 00000001)
[    0.011954][    T0] ACPI: FACP 0x000000001FFE2E8D 000074 (v01 BOCHS  BXPC     00000001 BXPC 00000001)
[    0.012884][    T0] ACPI: DSDT 0x000000001FFE0040 002E4D (v01 BOCHS  BXPC     00000001 BXPC 00000001)
[    0.013779][    T0] ACPI: FACS 0x000000001FFE0000 000040
[    0.014291][    T0] ACPI: APIC 0x000000001FFE2F01 000270 (v01 BOCHS  BXPC     00000001 BXPC 00000001)
[    0.015175][    T0] ACPI: HPET 0x000000001FFE3171 000038 (v01 BOCHS  BXPC     00000001 BXPC 00000001)
[    0.016050][    T0] ACPI: WAET 0x000000001FFE31A9 000028 (v01 BOCHS  BXPC     00000001 BXPC 00000001)
[    0.016934][    T0] ACPI: Reserving FACP table memory at [mem 0x1ffe2e8d-0x1ffe2f00]
[    0.017681][    T0] ACPI: Reserving DSDT table memory at [mem 0x1ffe0040-0x1ffe2e8c]
[    0.018427][    T0] ACPI: Reserving FACS table memory at [mem 0x1ffe0000-0x1ffe003f]
[    0.019170][    T0] ACPI: Reserving APIC table memory at [mem 0x1ffe2f01-0x1ffe3170]
[    0.019946][    T0] ACPI: Reserving HPET table memory at [mem 0x1ffe3171-0x1ffe31a8]
[    0.020718][    T0] ACPI: Reserving WAET table memory at [mem 0x1ffe31a9-0x1ffe31d0]
[    0.021663][    T0] No NUMA configuration found
[    0.022093][    T0] Faking a node at [mem 0x0000000000000000-0x000000001ffdffff]
[    0.022839][    T0] NODE_DATA(0) allocated [mem 0x1faa8000-0x1fad2fff]
[    0.023645][    T0] Zone ranges:
[    0.023953][    T0]   DMA      [mem 0x0000000000001000-0x0000000000ffffff]
[    0.024614][    T0]   DMA32    [mem 0x0000000001000000-0x000000001ffdffff]
[    0.025275][    T0]   Normal   empty
[    0.025614][    T0]   Device   empty
[    0.025952][    T0] Movable zone start for each node
[    0.026427][    T0] Early memory node ranges
[    0.026844][    T0]   node   0: [mem 0x0000000000001000-0x000000000009efff]
[    0.027516][    T0]   node   0: [mem 0x0000000000100000-0x000000001ffdffff]
[    0.028189][    T0] Initmem setup node 0 [mem 0x0000000000001000-0x000000001ffdffff]
[    0.029102][    T0] On node 0, zone DMA: 1 pages in unavailable ranges
[    0.029139][    T0] On node 0, zone DMA: 97 pages in unavailable ranges
[    0.030685][    T0] On node 0, zone DMA32: 32 pages in unavailable ranges
[    0.031589][    T0] ACPI: PM-Timer IO Port: 0x608
[    0.032741][    T0] ACPI: LAPIC_NMI (acpi_id[0xff] dfl dfl lint[0x1])
[    0.033377][    T0] IOAPIC[0]: apic_id 0, version 17, address 0xfec00000, GSI 0-23
[    0.034097][    T0] ACPI: INT_SRC_OVR (bus 0 bus_irq 0 global_irq 2 dfl dfl)
[    0.034806][    T0] ACPI: INT_SRC_OVR (bus 0 bus_irq 5 global_irq 5 high level)
[    0.035540][    T0] ACPI: INT_SRC_OVR (bus 0 bus_irq 9 global_irq 9 high level)
[    0.036237][    T0] ACPI: INT_SRC_OVR (bus 0 bus_irq 10 global_irq 10 high level)
[    0.036961][    T0] ACPI: INT_SRC_OVR (bus 0 bus_irq 11 global_irq 11 high level)
[    0.037681][    T0] ACPI: Using ACPI (MADT) for SMP configuration information
[    0.038366][    T0] ACPI: HPET id: 0x8086a201 base: 0xfed00000
[    0.038922][    T0] TSC deadline timer available
[    0.039377][    T0] smpboot: Allowing 64 CPUs, 0 hotplug CPUs
[    0.039969][    T0] kvm-guest: KVM setup pv remote TLB flush
[    0.040517][    T0] kvm-guest: setup PV sched yield
[    0.040987][    T0] PM: hibernation: Registered nosave memory: [mem 0x00000000-0x00000fff]
[    0.041778][    T0] PM: hibernation: Registered nosave memory: [mem 0x0009f000-0x0009ffff]
[    0.042613][    T0] PM: hibernation: Registered nosave memory: [mem 0x000a0000-0x000effff]
[    0.043409][    T0] PM: hibernation: Registered nosave memory: [mem 0x000f0000-0x000fffff]
[    0.044225][    T0] [mem 0x20000000-0xfeffbfff] available for PCI devices
[    0.044874][    T0] Booting paravirtualized kernel on KVM
[    0.045391][    T0] clocksource: refined-jiffies: mask: 0xffffffff max_cycles: 0xffffffff, max_idle_ns: 6370452778343963 ns
[    0.051884][    T0] setup_percpu: NR_CPUS:8192 nr_cpumask_bits:64 nr_cpu_ids:64 nr_node_ids:1
[    0.055418][    T0] percpu: Embedded 64 pages/cpu s225280 r8192 d28672 u262144
[    0.056231][    T0] kvm-guest: PV spinlocks enabled
[    0.056746][    T0] PV qspinlock hash table entries: 256 (order: 0, 4096 bytes, linear)
[    0.057531][    T0] Kernel command line: console=ttyS0 earlycon=uart8250,io,0x3f8
[    0.058328][    T0] random: crng init done
[    0.058725][    T0] printk: log_buf_len individual max cpu contribution: 32768 bytes
[    0.059521][    T0] printk: log_buf_len total cpu_extra contributions: 2064384 bytes
[    0.060271][    T0] printk: log_buf_len min size: 262144 bytes
[    0.063823][    T0] printk: log_buf_len: 4194304 bytes
[    0.064354][    T0] printk: early log buf free: 255696(97%)
[    0.064938][    T0] Dentry cache hash table entries: 65536 (order: 7, 524288 bytes, linear)
[    0.065957][    T0] Inode-cache hash table entries: 32768 (order: 6, 262144 bytes, linear)
[    0.067196][    T0] Fallback order for Node 0: 0 
[    0.067210][    T0] Built 1 zonelists, mobility grouping on.  Total pages: 128736
[    0.068420][    T0] Policy zone: DMA32
[    0.068810][    T0] mem auto-init: stack:off, heap alloc:off, heap free:off
[    0.070248][    T0] Memory: 213688K/523768K available (16384K kernel code, 2921K rwdata, 12524K rodata, 4024K init, 4896K bss, 97508K reserved, 0K cma-reserved)
[    0.071954][    T0] SLUB: HWalign=64, Order=0-3, MinObjects=0, CPUs=64, Nodes=1
[    0.072695][    T0] ftrace: allocating 46470 entries in 182 pages
[    0.073468][    T0] ftrace: allocated 182 pages with 5 groups
[    0.074918][    T0] Dynamic Preempt: voluntary
[    0.075667][    T0] rcu: Preemptible hierarchical RCU implementation.
[    0.076300][    T0] rcu: 	RCU event tracing is enabled.
[    0.076808][    T0] rcu: 	RCU restricting CPUs from NR_CPUS=8192 to nr_cpu_ids=64.
[    0.077552][    T0] 	Trampoline variant of Tasks RCU enabled.
[    0.078112][    T0] 	Rude variant of Tasks RCU enabled.
[    0.078675][    T0] 	Tracing variant of Tasks RCU enabled.
[    0.079208][    T0] rcu: RCU calculated value of scheduler-enlistment delay is 30 jiffies.
[    0.080011][    T0] rcu: Adjusting geometry for rcu_fanout_leaf=16, nr_cpu_ids=64
[    0.083724][    T0] NR_IRQS: 524544, nr_irqs: 936, preallocated irqs: 16
[    0.084622][    T0] rcu: srcu_init: Setting srcu_struct sizes based on contention.
[    0.085577][    T0] Console: colour *CGA 80x25
[    0.086042][    T0] printk: console [ttyS0] enabled
[    0.086042][    T0] printk: console [ttyS0] enabled
[    0.087053][    T0] printk: bootconsole [uart8250] disabled
[    0.087053][    T0] printk: bootconsole [uart8250] disabled
[    0.088205][    T0] ACPI: Core revision 20230628
[    0.088835][    T0] clocksource: hpet: mask: 0xffffffff max_cycles: 0xffffffff, max_idle_ns: 19112604467 ns
[    0.089886][    T0] APIC: Switch to symmetric I/O mode setup
[    0.090663][    T0] x2apic enabled
[    0.091199][    T0] Switched APIC routing to physical x2apic.
[    0.091776][    T0] kvm-guest: setup PV IPIs
[    0.093188][    T0] ..TIMER: vector=0x30 apic1=0 pin1=2 apic2=-1 pin2=-1
[    0.094435][    T0] tsc: Marking TSC unstable due to TSCs unsynchronized
[    0.095600][    T0] Calibrating delay loop (skipped) preset value.. 4992.56 BogoMIPS (lpj=8317706)
[    0.099099][    T0] x86/cpu: User Mode Instruction Prevention (UMIP) activated
[    0.100472][    T0] Last level iTLB entries: 4KB 512, 2MB 255, 4MB 127
[    0.101611][    T0] Last level dTLB entries: 4KB 512, 2MB 255, 4MB 127, 1GB 0
[    0.102269][    T0] Spectre V1 : Mitigation: usercopy/swapgs barriers and __user pointer sanitization
[    0.103866][    T0] Spectre V2 : Mitigation: Retpolines
[    0.105598][    T0] Spectre V2 : Spectre v2 / SpectreRSB mitigation: Filling RSB on context switch
[    0.107146][    T0] Spectre V2 : Spectre v2 / SpectreRSB : Filling RSB on VMEXIT
[    0.108429][    T0] Spectre V2 : Enabling Speculation Barrier for firmware calls
[    0.108933][    T0] RETBleed: Mitigation: untrained return thunk
[    0.109967][    T0] Spectre V2 : mitigation: Enabling conditional Indirect Branch Prediction Barrier
[    0.112266][    T0] Speculative Store Bypass: Mitigation: Speculative Store Bypass disabled via prctl
[    0.113833][    T0] Speculative Return Stack Overflow: Mitigation: safe RET
[    0.115613][    T0] x86/fpu: Supporting XSAVE feature 0x001: 'x87 floating point registers'
[    0.117136][    T0] x86/fpu: Supporting XSAVE feature 0x002: 'SSE registers'
[    0.118333][    T0] x86/fpu: Supporting XSAVE feature 0x004: 'AVX registers'
[    0.118932][    T0] x86/fpu: xstate_offset[2]:  576, xstate_sizes[2]:  256
[    0.120164][    T0] x86/fpu: Enabled xstate features 0x7, context size is 832 bytes, using 'compacted' format.
[    0.129149][    T0] Freeing SMP alternatives memory: 44K
[    0.130088][    T0] pid_max: default: 65536 minimum: 512
[    0.131081][    T0] LSM: initializing lsm=lockdown,capability,landlock,yama,apparmor,tomoyo,bpf,integrity
[    0.132280][    T0] landlock: Up and running.
[    0.133082][    T0] Yama: becoming mindful.
[    0.133815][    T0] AppArmor: AppArmor initialized
[    0.134688][    T0] TOMOYO Linux initialized
[    0.135605][    T0] LSM support for eBPF active
[    0.136477][    T0] Mount-cache hash table entries: 1024 (order: 1, 8192 bytes, linear)
[    0.137872][    T0] Mountpoint-cache hash table entries: 1024 (order: 1, 8192 bytes, linear)
[    0.139368][    T1] smpboot: CPU0: AMD EPYC 7502P 32-Core Processor (family: 0x17, model: 0x31, stepping: 0x0)
[    0.141332][    T1] RCU Tasks: Setting shift to 6 and lim to 1 rcu_task_cb_adjust=1.
[    0.142293][    T1] RCU Tasks Rude: Setting shift to 6 and lim to 1 rcu_task_cb_adjust=1.
[    0.143751][    T1] RCU Tasks Trace: Setting shift to 6 and lim to 1 rcu_task_cb_adjust=1.
[    0.145204][    T1] Performance Events: Fam17h+ core perfctr, AMD PMU driver.
[    0.145602][    T1] ... version:                0
[    0.146431][    T1] ... bit width:              48
[    0.147270][    T1] ... generic registers:      6
[    0.148087][    T1] ... value mask:             0000ffffffffffff
[    0.148934][    T1] ... max period:             00007fffffffffff
[    0.149968][    T1] ... fixed-purpose events:   0
[    0.150824][    T1] ... event mask:             000000000000003f
[    0.152015][    T1] signal: max sigframe size: 1776
[    0.152297][    T1] rcu: Hierarchical SRCU implementation.
[    0.153262][    T1] rcu: 	Max phase no-delay instances is 1000.
[    0.155352][    T1] smp: Bringing up secondary CPUs ...
[    0.155739][    T1] smpboot: x86: Booting SMP configuration:
[    0.156721][    T1] .... node  #0, CPUs:        #1  #2  #3  #4  #5  #6  #7  #8  #9 #10 #11 #12 #13 #14 #15 #16 #17 #18 #19 #20 #21 #22 #23 #24 #25 #26 #27 #28 #29 #30 #31 #32 #33 #34 #35 #36 #37 #38 #39 #40 #41 #42 #43 #44 #45 #46 #47 #48 #49 #50 #51 #52 #53 #54 #55 #56 #57 #58 #59 #60 #61 #62 #63
[    0.209196][    T1] smp: Brought up 1 node, 64 CPUs
[    0.213119][    T1] smpboot: Max logical packages: 1
[    0.213996][    T1] smpboot: Total of 64 processors activated (319527.24 BogoMIPS)
[    0.231295][  T399] node 0 deferred pages initialised in 4ms
[    0.232633][    T1] devtmpfs: initialized
[    0.233076][    T1] x86/mm: Memory block size: 128MB
[    0.235897][    T1] clocksource: jiffies: mask: 0xffffffff max_cycles: 0xffffffff, max_idle_ns: 6370867519511994 ns
[    0.237551][    T1] futex hash table entries: 16384 (order: 8, 1048576 bytes, linear)
[    0.239270][    T1] pinctrl core: initialized pinctrl subsystem
[    0.240484][    T1] PM: RTC time: 20:20:05, date: 2023-08-11
[    0.242445][    T1] NET: Registered PF_NETLINK/PF_ROUTE protocol family
[    0.243802][    T1] DMA: preallocated 128 KiB GFP_KERNEL pool for atomic allocations
[    0.245189][    T1] DMA: preallocated 128 KiB GFP_KERNEL|GFP_DMA pool for atomic allocations
[    0.245604][    T1] DMA: preallocated 128 KiB GFP_KERNEL|GFP_DMA32 pool for atomic allocations
[    0.247118][    T1] audit: initializing netlink subsys (disabled)
[    0.248309][  T403] audit: type=2000 audit(1691785205.828:1): state=initialized audit_enabled=0 res=1
[    0.248309][    T1] thermal_sys: Registered thermal governor 'fair_share'
[    0.248935][    T1] thermal_sys: Registered thermal governor 'bang_bang'
[    0.250158][    T1] thermal_sys: Registered thermal governor 'step_wise'
[    0.251311][    T1] thermal_sys: Registered thermal governor 'user_space'
[    0.252332][    T1] cpuidle: using governor ladder
[    0.254329][    T1] cpuidle: using governor menu
[    0.255882][    T1] acpiphp: ACPI Hot Plug PCI Controller Driver version: 0.5
[    0.257299][    T1] PCI: Using configuration type 1 for base access
[    0.258936][    T1] PCI: Using configuration type 1 for extended access
[    0.262991][    T1] kprobes: kprobe jump-optimization is enabled. All kprobes are optimized if possible.
[    0.269048][    T1] HugeTLB: registered 1.00 GiB page size, pre-allocated 0 pages
[    0.269048][    T1] HugeTLB: 16380 KiB vmemmap can be freed for a 1.00 GiB page
[    0.270153][    T1] HugeTLB: registered 2.00 MiB page size, pre-allocated 0 pages
[    0.271395][    T1] HugeTLB: 28 KiB vmemmap can be freed for a 2.00 MiB page
[    0.275790][    T1] ACPI: Added _OSI(Module Device)
[    0.276603][    T1] ACPI: Added _OSI(Processor Device)
[    0.277463][    T1] ACPI: Added _OSI(3.0 _SCP Extensions)
[    0.278936][    T1] ACPI: Added _OSI(Processor Aggregator Device)
[    0.284362][    T1] ACPI: 1 ACPI AML tables successfully acquired and loaded
[    0.286758][    T1] ACPI: _OSC evaluation for CPUs failed, trying _PDC
[    0.287492][    T1] ACPI: Interpreter enabled
[    0.288956][    T1] ACPI: PM: (supports S0 S3 S4 S5)
[    0.289787][    T1] ACPI: Using IOAPIC for interrupt routing
[    0.291239][    T1] PCI: Using host bridge windows from ACPI; if necessary, use "pci=nocrs" and report a bug
[    0.292268][    T1] PCI: Using E820 reservations for host bridge windows
[    0.293763][    T1] ACPI: Enabled 2 GPEs in block 00 to 0F
[    0.306522][    T1] ACPI: PCI Root Bridge [PCI0] (domain 0000 [bus 00-ff])
[    0.307720][    T1] acpi PNP0A03:00: _OSC: OS supports [ExtendedConfig ASPM ClockPM Segments MSI EDR HPX-Type3]
[    0.309611][    T1] acpiphp: Slot [2] registered
[    0.310428][    T1] acpiphp: Slot [3] registered
[    0.311263][    T1] acpiphp: Slot [4] registered
[    0.312066][    T1] acpiphp: Slot [5] registered
[    0.312289][    T1] acpiphp: Slot [6] registered
[    0.313118][    T1] acpiphp: Slot [7] registered
[    0.313912][    T1] acpiphp: Slot [8] registered
[    0.314714][    T1] acpiphp: Slot [9] registered
[    0.315510][    T1] acpiphp: Slot [10] registered
[    0.315624][    T1] acpiphp: Slot [11] registered
[    0.316434][    T1] acpiphp: Slot [12] registered
[    0.317245][    T1] acpiphp: Slot [13] registered
[    0.318053][    T1] acpiphp: Slot [14] registered
[    0.318883][    T1] acpiphp: Slot [15] registered
[    0.322290][    T1] acpiphp: Slot [16] registered
[    0.323100][    T1] acpiphp: Slot [17] registered
[    0.323904][    T1] acpiphp: Slot [18] registered
[    0.324701][    T1] acpiphp: Slot [19] registered
[    0.325584][    T1] acpiphp: Slot [20] registered
[    0.325622][    T1] acpiphp: Slot [21] registered
[    0.326434][    T1] acpiphp: Slot [22] registered
[    0.327238][    T1] acpiphp: Slot [23] registered
[    0.328084][    T1] acpiphp: Slot [24] registered
[    0.328893][    T1] acpiphp: Slot [25] registered
[    0.328965][    T1] acpiphp: Slot [26] registered
[    0.329783][    T1] acpiphp: Slot [27] registered
[    0.330624][    T1] acpiphp: Slot [28] registered
[    0.331430][    T1] acpiphp: Slot [29] registered
[    0.332238][    T1] acpiphp: Slot [30] registered
[    0.332289][    T1] acpiphp: Slot [31] registered
[    0.333166][    T1] PCI host bridge to bus 0000:00
[    0.333973][    T1] pci_bus 0000:00: root bus resource [io  0x0000-0x0cf7 window]
[    0.335268][    T1] pci_bus 0000:00: root bus resource [io  0x0d00-0xffff window]
[    0.338935][    T1] pci_bus 0000:00: root bus resource [mem 0x000a0000-0x000bffff window]
[    0.340313][    T1] pci_bus 0000:00: root bus resource [mem 0x20000000-0xfebfffff window]
[    0.341710][    T1] pci_bus 0000:00: root bus resource [mem 0x100000000-0x17fffffff window]
[    0.342268][    T1] pci_bus 0000:00: root bus resource [bus 00-ff]
[    0.343443][    T1] pci 0000:00:00.0: [8086:1237] type 00 class 0x060000
[    0.344988][    T1] pci 0000:00:01.0: [8086:7000] type 00 class 0x060100
[    0.346109][    T1] pci 0000:00:01.1: [8086:7010] type 00 class 0x010180
[    0.348628][    T1] pci 0000:00:01.1: reg 0x20: [io  0xc000-0xc00f]
[    0.349506][    T1] pci 0000:00:01.1: legacy IDE quirk: reg 0x10: [io  0x01f0-0x01f7]
[    0.350805][    T1] pci 0000:00:01.1: legacy IDE quirk: reg 0x14: [io  0x03f6]
[    0.351991][    T1] pci 0000:00:01.1: legacy IDE quirk: reg 0x18: [io  0x0170-0x0177]
[    0.355601][    T1] pci 0000:00:01.1: legacy IDE quirk: reg 0x1c: [io  0x0376]
[    0.356947][    T1] pci 0000:00:01.3: [8086:7113] type 00 class 0x068000
[    0.358400][    T1] pci 0000:00:01.3: quirk: [io  0x0600-0x063f] claimed by PIIX4 ACPI
[    0.358942][    T1] pci 0000:00:01.3: quirk: [io  0x0700-0x070f] claimed by PIIX4 SMB
[    0.368857][    T1] ACPI: PCI: Interrupt link LNKA configured for IRQ 10
[    0.369149][    T1] ACPI: PCI: Interrupt link LNKB configured for IRQ 10
[    0.370520][    T1] ACPI: PCI: Interrupt link LNKC configured for IRQ 11
[    0.371826][    T1] ACPI: PCI: Interrupt link LNKD configured for IRQ 11
[    0.372435][    T1] ACPI: PCI: Interrupt link LNKS configured for IRQ 9
[    0.382275][    T1] iommu: Default domain type: Passthrough
[    0.383387][    T1] SCSI subsystem initialized
[    0.384158][    T1] pps_core: LinuxPPS API ver. 1 registered
[    0.384158][    T1] pps_core: Software ver. 5.3.6 - Copyright 2005-2007 Rodolfo Giometti <giometti@linux.it>
[    0.385608][    T1] PTP clock support registered
[    0.386375][    T1] EDAC MC: Ver: 3.0.0
[    0.387090][    T1] NetLabel: Initializing
[    0.387090][    T1] NetLabel:  domain hash size = 128
[    0.388941][    T1] NetLabel:  protocols = UNLABELED CIPSOv4 CALIPSO
[    0.390015][    T1] NetLabel:  unlabeled traffic allowed by default
[    0.391099][    T1] mctp: management component transport protocol core
[    0.392155][    T1] NET: Registered PF_MCTP protocol family
[    0.392273][    T1] PCI: Using ACPI for IRQ routing
[    0.395632][    T1] vgaarb: loaded
[    0.396192][    T1] hpet0: at MMIO 0xfed00000, IRQs 2, 8, 0
[    0.396659][    T1] hpet0: 3 comparators, 64-bit 100.000000 MHz counter
[    0.399115][    T1] clocksource: Switched to clocksource kvm-clock
[    0.400451][    T1] VFS: Disk quotas dquot_6.6.0
[    0.401332][    T1] VFS: Dquot-cache hash table entries: 512 (order 0, 4096 bytes)
[    0.402837][    T1] AppArmor: AppArmor Filesystem Enabled
[    0.403774][    T1] pnp: PnP ACPI init
[    0.404920][    T1] pnp: PnP ACPI: found 5 devices
[    0.413076][    T1] clocksource: acpi_pm: mask: 0xffffff max_cycles: 0xffffff, max_idle_ns: 2085701024 ns
[    0.414821][    T1] NET: Registered PF_INET protocol family
[    0.415805][    T1] IP idents hash table entries: 8192 (order: 4, 65536 bytes, linear)
[    0.417465][    T1] tcp_listen_portaddr_hash hash table entries: 256 (order: 0, 4096 bytes, linear)
[    0.418996][    T1] Table-perturb hash table entries: 65536 (order: 6, 262144 bytes, linear)
[    0.420431][    T1] TCP established hash table entries: 4096 (order: 3, 32768 bytes, linear)
[    0.421851][    T1] TCP bind hash table entries: 4096 (order: 5, 131072 bytes, linear)
[    0.423182][    T1] TCP: Hash tables configured (established 4096 bind 4096)
[    0.424542][    T1] MPTCP token hash table entries: 512 (order: 1, 12288 bytes, linear)
[    0.425907][    T1] UDP hash table entries: 256 (order: 1, 8192 bytes, linear)
[    0.427122][    T1] UDP-Lite hash table entries: 256 (order: 1, 8192 bytes, linear)
[    0.428578][    T1] NET: Registered PF_UNIX/PF_LOCAL protocol family
[    0.429668][    T1] NET: Registered PF_XDP protocol family
[    0.430588][    T1] pci_bus 0000:00: resource 4 [io  0x0000-0x0cf7 window]
[    0.431731][    T1] pci_bus 0000:00: resource 5 [io  0x0d00-0xffff window]
[    0.432873][    T1] pci_bus 0000:00: resource 6 [mem 0x000a0000-0x000bffff window]
[    0.434165][    T1] pci_bus 0000:00: resource 7 [mem 0x20000000-0xfebfffff window]
[    0.435422][    T1] pci_bus 0000:00: resource 8 [mem 0x100000000-0x17fffffff window]
[    0.436753][    T1] pci 0000:00:01.0: PIIX3: Enabling Passive Release
[    0.437841][    T1] pci 0000:00:00.0: Limiting direct PCI/PCI transfers
[    0.438960][    T1] PCI: CLS 0 bytes, default 64
[    0.439843][   T11] Trying to unpack rootfs image as initramfs...
[    0.441561][    T1] Initialise system trusted keyrings
[    0.442439][    T1] Key type blacklist registered
[    0.443291][    T1] workingset: timestamp_bits=36 max_order=17 bucket_order=0
[    0.444472][    T1] zbud: loaded
[    0.445719][    T1] integrity: Platform Keyring initialized
[    0.446669][    T1] integrity: Machine keyring initialized
[    0.447845][   T11] Freeing initrd memory: 5172K
[    0.456000][    T1] Key type asymmetric registered
[    0.456833][    T1] Asymmetric key parser 'x509' registered
[    0.459180][    T1] Block layer SCSI generic (bsg) driver version 0.4 loaded (major 247)
[    0.460665][    T1] io scheduler mq-deadline registered
[    0.461539][    T1] io scheduler kyber registered
[    0.462334][    T1] io scheduler bfq registered
[    0.466611][    T1] shpchp: Standard Hot Plug PCI Controller Driver version: 0.4
[    0.471365][    T1] Serial: 8250/16550 driver, 32 ports, IRQ sharing enabled
[    0.472859][    T1] 00:03: ttyS0 at I/O 0x3f8 (irq = 4, base_baud = 115200) is a 16550A
[    0.477635][    T1] Non-volatile memory driver v1.3
[    0.478475][    T1] Linux agpgart interface v0.103
[    0.479394][    T1] ACPI: bus type drm_connector registered
[    0.490721][    T1] i8042: PNP: PS/2 Controller [PNP0303:KBD,PNP0f13:MOU] at 0x60,0x64 irq 1,12
[    0.492998][    T1] serio: i8042 KBD port at 0x60,0x64 irq 1
[    0.493998][    T1] serio: i8042 AUX port at 0x60,0x64 irq 12
[    0.495104][    T1] mousedev: PS/2 mouse device common for all mice
[    0.496511][  T411] input: AT Translated Set 2 keyboard as /devices/platform/i8042/serio0/input/input0
[    0.498288][    T1] rtc_cmos 00:04: RTC can wake from S4
vmport: unknown command 56
[    0.499861][  T411] input: VirtualPS/2 VMware VMMouse as /devices/platform/i8042/serio1/input/input3
[    0.501787][    T1] rtc_cmos 00:04: registered as rtc0
[    0.501828][  T411] input: VirtualPS/2 VMware VMMouse as /devices/platform/i8042/serio1/input/input2
[    0.502855][    T1] rtc_cmos 00:04: setting system clock to 2023-08-11T20:20:05 UTC (1691785205)
[    0.505966][    T1] rtc_cmos 00:04: alarms up to one day, y3k, 242 bytes nvram, hpet irqs
[    0.507353][    T1] amd_pstate: the _CPC object is not present in SBIOS or ACPI disabled
[    0.510132][    T1] ledtrig-cpu: registered to indicate activity on CPUs
[    0.511294][    T1] hid: raw HID events driver (C) Jiri Kosina
[    0.512409][    T1] drop_monitor: Initializing network drop monitor service
[    0.527605][    T1] NET: Registered PF_INET6 protocol family
[    0.530237][    T1] Segment Routing with IPv6
[    0.530995][    T1] RPL Segment Routing with IPv6
[    0.531781][    T1] In-situ OAM (IOAM) with IPv6
[    0.537884][    T1] IPI shorthand broadcast: enabled
[    0.541196][    T1] sched_clock: Marking stable (533336320, 6866033)->(552699252, -12496899)
[    0.543023][    T1] registered taskstats version 1
[    0.545960][    T1] Loading compiled-in X.509 certificates
[    0.562305][    T1] Loaded X.509 cert 'Build time autogenerated kernel key: 14a9cbce52999292cde63fb11d09337f4e9ac3a7'
[    0.566740][    T1] page_owner is disabled
[    0.567570][    T1] Key type .fscrypt registered
[    0.568379][    T1] Key type fscrypt-provisioning registered
[    0.570451][    T1] Key type encrypted registered
[    0.571242][    T1] AppArmor: AppArmor sha1 policy hashing enabled
[    0.572264][    T1] ima: No TPM chip found, activating TPM-bypass!
[    0.573286][    T1] Loading compiled-in module X.509 certificates
[    0.574752][    T1] Loaded X.509 cert 'Build time autogenerated kernel key: 14a9cbce52999292cde63fb11d09337f4e9ac3a7'
[    0.576519][    T1] ima: Allocated hash algorithm: sha256
[    0.577430][    T1] ima: No architecture policies found
[    0.578305][    T1] evm: Initialising EVM extended attributes:
[    0.579268][    T1] evm: security.selinux
[    0.579935][    T1] evm: security.SMACK64 (disabled)
[    0.580779][    T1] evm: security.SMACK64EXEC (disabled)
[    0.581667][    T1] evm: security.SMACK64TRANSMUTE (disabled)
[    0.582618][    T1] evm: security.SMACK64MMAP (disabled)
[    0.583498][    T1] evm: security.apparmor
[    0.584182][    T1] evm: security.ima
[    0.584784][    T1] evm: security.capability
[    0.585483][    T1] evm: HMAC attrs: 0x1
[    0.694321][    T1] PM:   Magic number: 3:233:346
[    0.695223][    T1] tty tty63: hash matches
[    0.702477][    T1] RAS: Correctable Errors collector initialized.
[    0.703774][    T1] clk: Disabling unused clocks
[    0.706998][    T1] Freeing unused decrypted memory: 2036K
[    0.708603][    T1] Freeing unused kernel image (initmem) memory: 4024K
[    0.730269][    T1] Write protecting the kernel read-only data: 30720k
[    0.732118][    T1] Freeing unused kernel image (rodata/data gap) memory: 1812K
[    0.733133][    T1] Run /init as init process
[    0.735652][    T1] Not activating Mandatory Access Control as /sbin/tomoyo-init does not exist.
Starting syslogd: OK
Starting klogd: OK
Running sysctl: OK
Saving 256 bits of creditable seed for next boot
Starting network: OK
Linux version 6.5.0-rc5-next-20230809-default-cbl (nathan@dev-arch.m3-large-x86-01) (ClangBuiltLinux clang version 17.0.0 (https://github.com/llvm/llvm-project edc0ee3ccad416ab186202bf928ea64e3a7987b7), ClangBuiltLinux LLD 17.0.0) #1 SMP PREEMPT_DYNAMIC Fri Aug 11 20:18:54 UTC 2023
Stopping network: OK
Seeding 256 bits and crediting
Saving 256 bits of creditable seed for next boot
Stopping klogd: OK
Stopping syslogd: OK
umount: devtmpfs busy - remounted read-only
umount: can't unmount /: Invalid argument

The system is going down NOW!

Sent SIGTERM to all processes

Sent SIGKILL to all processes

Requesting system poweroff
[    2.801730][  T611] ACPI: PM: Preparing to enter system sleep state S5
[    2.802757][  T611] reboot: Power down
$ timeout --foreground 3m stdbuf -eL -oL /usr/sbin/qemu-system-x86_64 -display none -nodefaults -d unimp,guest_errors -append 'console=ttyS0 earlycon=uart8250,io,0x3f8' -kernel /home/nathan/tmp/build/cbl_lkt/linux-next/x86_64/arch/x86/boot/bzImage -initrd /home/nathan/cbl/llvm-kernel-testing/src/boot-utils/images/x86_64/rootfs.cpio -cpu host -enable-kvm -m 512m -smp 64 -serial mon:stdio
