/home/nathan/cbl/src/linux-next/drivers/bus/mhi/host/main.c:803:13: warning: parameter 'event_quota' set but not used [-Wunused-but-set-parameter]
  803 |                              u32 event_quota)
      |                                  ^
1 warning generated.
/home/nathan/cbl/src/linux-next/lib/radix-tree.c:1136:50: warning: parameter 'slot' set but not used [-Wunused-but-set-parameter]
 1136 | void __rcu **radix_tree_iter_resume(void __rcu **slot,
      |                                                  ^
1 warning generated.
/home/nathan/cbl/src/linux-next/net/ipv4/tcp_output.c:186:3: warning: result of comparison of constant -1 with expression of type 'u8' (aka 'unsigned char') is always false [-Wtautological-constant-out-of-range-compare]
  186 |                 NET_ADD_STATS(sock_net(sk), LINUX_MIB_TCPACKCOMPRESSED,
      |                 ^~~~~~~~~~~~~~~~~~~~~~~~~~~~~~~~~~~~~~~~~~~~~~~~~~~~~~~
  187 |                               tp->compressed_ack);
      |                               ~~~~~~~~~~~~~~~~~~~
/home/nathan/cbl/src/linux-next/include/net/ip.h:301:41: note: expanded from macro 'NET_ADD_STATS'
  301 | #define NET_ADD_STATS(net, field, adnd) SNMP_ADD_STATS((net)->mib.net_statistics, field, adnd)
      |                                         ^~~~~~~~~~~~~~~~~~~~~~~~~~~~~~~~~~~~~~~~~~~~~~~~~~~~~~
/home/nathan/cbl/src/linux-next/include/net/snmp.h:143:4: note: expanded from macro 'SNMP_ADD_STATS'
  143 |                         this_cpu_add(mib->mibs[field], addend)
      |                         ^~~~~~~~~~~~~~~~~~~~~~~~~~~~~~~~~~~~~~
/home/nathan/cbl/src/linux-next/include/linux/percpu-defs.h:491:33: note: expanded from macro 'this_cpu_add'
  491 | #define this_cpu_add(pcp, val)          __pcpu_size_call(this_cpu_add_, pcp, val)
      |                                         ^~~~~~~~~~~~~~~~~~~~~~~~~~~~~~~~~~~~~~~~~
note: (skipping 1 expansions in backtrace; use -fmacro-backtrace-limit=0 to see all)
<scratch space>:157:1: note: expanded from here
  157 | this_cpu_add_8
      | ^
/home/nathan/cbl/src/linux-next/arch/x86/include/asm/percpu.h:370:35: note: expanded from macro 'this_cpu_add_8'
  370 | #define this_cpu_add_8(pcp, val)                percpu_add_op(8, volatile, (pcp), val)
      |                                                 ^~~~~~~~~~~~~~~~~~~~~~~~~~~~~~~~~~~~~~
/home/nathan/cbl/src/linux-next/arch/x86/include/asm/percpu.h:127:31: note: expanded from macro 'percpu_add_op'
  127 |                               ((val) == 1 || (val) == -1)) ?            \
      |                                              ~~~~~ ^  ~~
1 warning generated.
/home/nathan/cbl/src/linux-next/sound/core/seq/seq_midi.c:135:30: warning: cast from 'int (*)(struct snd_rawmidi_substream *, const char *, int)' to 'snd_seq_dump_func_t' (aka 'int (*)(void *, void *, int)') converts to incompatible function type [-Wcast-function-type-strict]
  135 |                 snd_seq_dump_var_event(ev, (snd_seq_dump_func_t)dump_midi, substream);
      |                                            ^~~~~~~~~~~~~~~~~~~~~~~~~~~~~~
1 warning generated.
/home/nathan/cbl/src/linux-next/sound/core/seq/seq_virmidi.c:83:31: warning: cast from 'int (*)(struct snd_rawmidi_substream *, const unsigned char *, int)' to 'snd_seq_dump_func_t' (aka 'int (*)(void *, void *, int)') converts to incompatible function type [-Wcast-function-type-strict]
   83 |                         snd_seq_dump_var_event(ev, (snd_seq_dump_func_t)snd_rawmidi_receive, vmidi->substream);
      |                                                    ^~~~~~~~~~~~~~~~~~~~~~~~~~~~~~~~~~~~~~~~
1 warning generated.
/home/nathan/cbl/src/linux-next/drivers/block/floppy.c:2001:11: warning: cast from 'void (*)(void)' to 'done_f' (aka 'void (*)(int)') converts to incompatible function type [-Wcast-function-type-strict]
 2001 |         .done           = (done_f)empty
      |                           ^~~~~~~~~~~~~
/home/nathan/cbl/src/linux-next/drivers/block/floppy.c:2008:11: warning: cast from 'void (*)(void)' to 'done_f' (aka 'void (*)(int)') converts to incompatible function type [-Wcast-function-type-strict]
 2008 |         .done           = (done_f)empty
      |                           ^~~~~~~~~~~~~
2 warnings generated.
/home/nathan/cbl/src/linux-next/drivers/block/rbd.c:6149:17: warning: result of comparison of constant 2305843009213693948 with expression of type 'u32' (aka 'unsigned int') is always false [-Wtautological-constant-out-of-range-compare]
 6149 |         if (snap_count > (SIZE_MAX - sizeof (struct ceph_snap_context))
      |             ~~~~~~~~~~ ^ ~~~~~~~~~~~~~~~~~~~~~~~~~~~~~~~~~~~~~~~~~~~~~~
 6150 |                                  / sizeof (u64)) {
      |                                  ~~~~~~~~~~~~~~
/home/nathan/cbl/src/linux-next/sound/pci/aw2/aw2-alsa.c:363:11: warning: cast from 'void (*)(struct snd_pcm_substream *)' to 'snd_aw2_saa7146_it_cb' (aka 'void (*)(void *)') converts to incompatible function type [-Wcast-function-type-strict]
  363 |                                                     (snd_aw2_saa7146_it_cb)
      |                                                     ^~~~~~~~~~~~~~~~~~~~~~~
  364 |                                                     snd_pcm_period_elapsed,
      |                                                     ~~~~~~~~~~~~~~~~~~~~~~
/home/nathan/cbl/src/linux-next/sound/pci/aw2/aw2-alsa.c:392:10: warning: cast from 'void (*)(struct snd_pcm_substream *)' to 'snd_aw2_saa7146_it_cb' (aka 'void (*)(void *)') converts to incompatible function type [-Wcast-function-type-strict]
  392 |                                                    (snd_aw2_saa7146_it_cb)
      |                                                    ^~~~~~~~~~~~~~~~~~~~~~~
  393 |                                                    snd_pcm_period_elapsed,
      |                                                    ~~~~~~~~~~~~~~~~~~~~~~
/home/nathan/cbl/src/linux-next/sound/pci/ctxfi/ctatc.c:115:25: warning: cast from 'int (*)(struct hw *, struct src_mgr **)' to 'create_t' (aka 'int (*)(struct hw *, void **)') converts to incompatible function type [-Wcast-function-type-strict]
  115 |         [SRC]           = { .create     = (create_t)src_mgr_create,
      |                                           ^~~~~~~~~~~~~~~~~~~~~~~~
/home/nathan/cbl/src/linux-next/sound/pci/ctxfi/ctatc.c:116:20: warning: cast from 'int (*)(struct src_mgr *)' to 'destroy_t' (aka 'int (*)(void *)') converts to incompatible function type [-Wcast-function-type-strict]
  116 |                             .destroy    = (destroy_t)src_mgr_destroy    },
      |                                           ^~~~~~~~~~~~~~~~~~~~~~~~~~
/home/nathan/cbl/src/linux-next/sound/pci/ctxfi/ctatc.c:117:27: warning: cast from 'int (*)(struct hw *, struct srcimp_mgr **)' to 'create_t' (aka 'int (*)(struct hw *, void **)') converts to incompatible function type [-Wcast-function-type-strict]
  117 |         [SRCIMP]        = { .create     = (create_t)srcimp_mgr_create,
      |                                           ^~~~~~~~~~~~~~~~~~~~~~~~~~~
/home/nathan/cbl/src/linux-next/sound/pci/ctxfi/ctatc.c:118:20: warning: cast from 'int (*)(struct srcimp_mgr *)' to 'destroy_t' (aka 'int (*)(void *)') converts to incompatible function type [-Wcast-function-type-strict]
  118 |                             .destroy    = (destroy_t)srcimp_mgr_destroy },
      |                                           ^~~~~~~~~~~~~~~~~~~~~~~~~~~~~
/home/nathan/cbl/src/linux-next/sound/pci/ctxfi/ctatc.c:119:25: warning: cast from 'int (*)(struct hw *, struct amixer_mgr **)' to 'create_t' (aka 'int (*)(struct hw *, void **)') converts to incompatible function type [-Wcast-function-type-strict]
  119 |         [AMIXER]        = { .create     = (create_t)amixer_mgr_create,
      |                                           ^~~~~~~~~~~~~~~~~~~~~~~~~~~
/home/nathan/cbl/src/linux-next/sound/pci/ctxfi/ctatc.c:120:19: warning: cast from 'int (*)(struct amixer_mgr *)' to 'destroy_t' (aka 'int (*)(void *)') converts to incompatible function type [-Wcast-function-type-strict]
  120 |                             .destroy    = (destroy_t)amixer_mgr_destroy },
      |                                           ^~~~~~~~~~~~~~~~~~~~~~~~~~~~~
/home/nathan/cbl/src/linux-next/sound/pci/ctxfi/ctatc.c:121:23: warning: cast from 'int (*)(struct hw *, struct sum_mgr **)' to 'create_t' (aka 'int (*)(struct hw *, void **)') converts to incompatible function type [-Wcast-function-type-strict]
  121 |         [SUM]           = { .create     = (create_t)sum_mgr_create,
      |                                           ^~~~~~~~~~~~~~~~~~~~~~~~
/home/nathan/cbl/src/linux-next/sound/pci/ctxfi/ctatc.c:122:19: warning: cast from 'int (*)(struct sum_mgr *)' to 'destroy_t' (aka 'int (*)(void *)') converts to incompatible function type [-Wcast-function-type-strict]
  122 |                             .destroy    = (destroy_t)sum_mgr_destroy    },
      |                                           ^~~~~~~~~~~~~~~~~~~~~~~~~~
/home/nathan/cbl/src/linux-next/sound/pci/ctxfi/ctatc.c:123:24: warning: cast from 'int (*)(struct hw *, struct daio_mgr **)' to 'create_t' (aka 'int (*)(struct hw *, void **)') converts to incompatible function type [-Wcast-function-type-strict]
  123 |         [DAIO]          = { .create     = (create_t)daio_mgr_create,
      |                                           ^~~~~~~~~~~~~~~~~~~~~~~~~
/home/nathan/cbl/src/linux-next/sound/pci/ctxfi/ctatc.c:124:19: warning: cast from 'int (*)(struct daio_mgr *)' to 'destroy_t' (aka 'int (*)(void *)') converts to incompatible function type [-Wcast-function-type-strict]
  124 |                             .destroy    = (destroy_t)daio_mgr_destroy   }
      |                                           ^~~~~~~~~~~~~~~~~~~~~~~~~~~
2 warnings generated.
10 warnings generated.
1 warning generated.
/home/nathan/cbl/src/linux-next/drivers/block/drbd/drbd_state.c:1632:3: warning: cast from 'int (*)(struct sk_buff *, unsigned int, struct drbd_resource_state_change *, enum drbd_notification_type)' to 'typeof (last_func)' (aka 'int (*)(struct sk_buff *, unsigned int, void *, enum drbd_notification_type)') converts to incompatible function type [-Wcast-function-type-strict]
 1632 |                 REMEMBER_STATE_CHANGE(notify_resource_state_change,
      |                 ^~~~~~~~~~~~~~~~~~~~~~~~~~~~~~~~~~~~~~~~~~~~~~~~~~~
 1633 |                                       resource_state_change, NOTIFY_CHANGE);
      |                                       ~~~~~~~~~~~~~~~~~~~~~~~~~~~~~~~~~~~~~
/home/nathan/cbl/src/linux-next/drivers/block/drbd/drbd_state.c:1619:17: note: expanded from macro 'REMEMBER_STATE_CHANGE'
 1619 |            last_func = (typeof(last_func))func; \
      |                        ^~~~~~~~~~~~~~~~~~~~~~~
/home/nathan/cbl/src/linux-next/drivers/block/drbd/drbd_state.c:1641:4: warning: cast from 'int (*)(struct sk_buff *, unsigned int, struct drbd_connection_state_change *, enum drbd_notification_type)' to 'typeof (last_func)' (aka 'int (*)(struct sk_buff *, unsigned int, void *, enum drbd_notification_type)') converts to incompatible function type [-Wcast-function-type-strict]
 1641 |                         REMEMBER_STATE_CHANGE(notify_connection_state_change,
      |                         ^~~~~~~~~~~~~~~~~~~~~~~~~~~~~~~~~~~~~~~~~~~~~~~~~~~~~
 1642 |                                               connection_state_change, NOTIFY_CHANGE);
      |                                               ~~~~~~~~~~~~~~~~~~~~~~~~~~~~~~~~~~~~~~~
/home/nathan/cbl/src/linux-next/drivers/block/drbd/drbd_state.c:1619:17: note: expanded from macro 'REMEMBER_STATE_CHANGE'
 1619 |            last_func = (typeof(last_func))func; \
      |                        ^~~~~~~~~~~~~~~~~~~~~~~
/home/nathan/cbl/src/linux-next/drivers/block/drbd/drbd_state.c:1650:4: warning: cast from 'int (*)(struct sk_buff *, unsigned int, struct drbd_device_state_change *, enum drbd_notification_type)' to 'typeof (last_func)' (aka 'int (*)(struct sk_buff *, unsigned int, void *, enum drbd_notification_type)') converts to incompatible function type [-Wcast-function-type-strict]
 1650 |                         REMEMBER_STATE_CHANGE(notify_device_state_change,
      |                         ^~~~~~~~~~~~~~~~~~~~~~~~~~~~~~~~~~~~~~~~~~~~~~~~~
 1651 |                                               device_state_change, NOTIFY_CHANGE);
      |                                               ~~~~~~~~~~~~~~~~~~~~~~~~~~~~~~~~~~~
/home/nathan/cbl/src/linux-next/drivers/block/drbd/drbd_state.c:1619:17: note: expanded from macro 'REMEMBER_STATE_CHANGE'
 1619 |            last_func = (typeof(last_func))func; \
      |                        ^~~~~~~~~~~~~~~~~~~~~~~
/home/nathan/cbl/src/linux-next/drivers/block/drbd/drbd_state.c:1664:4: warning: cast from 'int (*)(struct sk_buff *, unsigned int, struct drbd_peer_device_state_change *, enum drbd_notification_type)' to 'typeof (last_func)' (aka 'int (*)(struct sk_buff *, unsigned int, void *, enum drbd_notification_type)') converts to incompatible function type [-Wcast-function-type-strict]
 1664 |                         REMEMBER_STATE_CHANGE(notify_peer_device_state_change,
      |                         ^~~~~~~~~~~~~~~~~~~~~~~~~~~~~~~~~~~~~~~~~~~~~~~~~~~~~~
 1665 |                                               p, NOTIFY_CHANGE);
      |                                               ~~~~~~~~~~~~~~~~~
/home/nathan/cbl/src/linux-next/drivers/block/drbd/drbd_state.c:1619:17: note: expanded from macro 'REMEMBER_STATE_CHANGE'
 1619 |            last_func = (typeof(last_func))func; \
      |                        ^~~~~~~~~~~~~~~~~~~~~~~
4 warnings generated.
/home/nathan/cbl/src/linux-next/arch/x86/kernel/paravirt.c:300:4: warning: cast from 'void (*)(struct mmu_gather *, struct page *)' to 'void (*)(struct mmu_gather *, void *)' converts to incompatible function type [-Wcast-function-type-strict]
  300 |                         (void (*)(struct mmu_gather *, void *))tlb_remove_page,
      |                         ^~~~~~~~~~~~~~~~~~~~~~~~~~~~~~~~~~~~~~~~~~~~~~~~~~~~~~
1 warning generated.
/home/nathan/cbl/src/linux-next/drivers/net/ethernet/brocade/bna/bnad.c:1995:4: warning: cast from 'void (*)(struct delayed_work *)' to 'work_func_t' (aka 'void (*)(struct work_struct *)') converts to incompatible function type [-Wcast-function-type-strict]
 1995 |                         (work_func_t)bnad_tx_cleanup);
      |                         ^~~~~~~~~~~~~~~~~~~~~~~~~~~~
/home/nathan/cbl/src/linux-next/include/linux/workqueue.h:320:29: note: expanded from macro 'INIT_DELAYED_WORK'
  320 |         __INIT_DELAYED_WORK(_work, _func, 0)
      |                                    ^~~~~
/home/nathan/cbl/src/linux-next/include/linux/workqueue.h:305:30: note: expanded from macro '__INIT_DELAYED_WORK'
  305 |                 INIT_WORK(&(_work)->work, (_func));                     \
      |                                            ^~~~~
/home/nathan/cbl/src/linux-next/include/linux/workqueue.h:298:24: note: expanded from macro 'INIT_WORK'
  298 |         __INIT_WORK((_work), (_func), 0)
      |                               ^~~~~
/home/nathan/cbl/src/linux-next/include/linux/workqueue.h:293:20: note: expanded from macro '__INIT_WORK'
  293 |                 (_work)->func = (_func);                                \
      |                                  ^~~~~
/home/nathan/cbl/src/linux-next/drivers/net/ethernet/brocade/bna/bnad.c:2252:4: warning: cast from 'void (*)(void *)' to 'work_func_t' (aka 'void (*)(struct work_struct *)') converts to incompatible function type [-Wcast-function-type-strict]
 2252 |                         (work_func_t)(bnad_rx_cleanup));
      |                         ^~~~~~~~~~~~~~~~~~~~~~~~~~~~~~
/home/nathan/cbl/src/linux-next/include/linux/workqueue.h:298:24: note: expanded from macro 'INIT_WORK'
  298 |         __INIT_WORK((_work), (_func), 0)
      |                               ^~~~~
/home/nathan/cbl/src/linux-next/include/linux/workqueue.h:293:20: note: expanded from macro '__INIT_WORK'
  293 |                 (_work)->func = (_func);                                \
      |                                  ^~~~~
2 warnings generated.
/home/nathan/cbl/src/linux-next/drivers/net/wireless/ath/ath9k/main.c:1566:21: warning: parameter 'changed_flags' set but not used [-Wunused-but-set-parameter]
 1566 |                                    unsigned int changed_flags,
      |                                                 ^
1 warning generated.
/home/nathan/cbl/src/linux-next/drivers/net/wireless/broadcom/brcm80211/brcmsmac/phy_shim.c:64:34: warning: cast from 'void (*)(struct brcms_phy *)' to 'void (*)(void *)' converts to incompatible function type [-Wcast-function-type-strict]
   64 |                         brcms_init_timer(physhim->wl, (void (*)(void *))fn,
      |                                                       ^~~~~~~~~~~~~~~~~~~~
1 warning generated.
/home/nathan/cbl/src/linux-next/drivers/net/wireless/ath/ath5k/mac80211-ops.c:367:62: warning: parameter 'changed_flags' set but not used [-Wunused-but-set-parameter]
  367 | ath5k_configure_filter(struct ieee80211_hw *hw, unsigned int changed_flags,
      |                                                              ^
1 warning generated.
/home/nathan/cbl/src/linux-next/drivers/net/wireless/ath/ath9k/htc_drv_main.c:1258:25: warning: parameter 'changed_flags' set but not used [-Wunused-but-set-parameter]
 1258 |                                        unsigned int changed_flags,
      |                                                     ^
1 warning generated.
drivers/net/wireless/realtek/rtlwifi/rtl8192cu/hw.o: warning: objtool: rtl92cu_hw_init() falls through to next function rtl92cu_card_disable()
/home/nathan/cbl/src/linux-next/net/ceph/osdmap.c:1441:10: warning: result of comparison of constant 4611686018427387891 with expression of type 'u32' (aka 'unsigned int') is always false [-Wtautological-constant-out-of-range-compare]
 1441 |         if (len > (SIZE_MAX - sizeof(*pg)) / sizeof(u32))
      |             ~~~ ^ ~~~~~~~~~~~~~~~~~~~~~~~~~~~~~~~~~~~~~~
/home/nathan/cbl/src/linux-next/net/ceph/osdmap.c:1624:10: warning: result of comparison of constant 2305843009213693945 with expression of type 'u32' (aka 'unsigned int') is always false [-Wtautological-constant-out-of-range-compare]
 1624 |         if (len > (SIZE_MAX - sizeof(*pg)) / (2 * sizeof(u32)))
      |             ~~~ ^ ~~~~~~~~~~~~~~~~~~~~~~~~~~~~~~~~~~~~~~~~~~~~
2 warnings generated.
/home/nathan/cbl/src/linux-next/drivers/firmware/dmi-id.c:174:17: warning: cast from 'void (*)(const void *)' to 'void (*)(struct device *)' converts to incompatible function type [-Wcast-function-type-strict]
  174 |         .dev_release = (void(*)(struct device *)) kfree,
      |                        ^~~~~~~~~~~~~~~~~~~~~~~~~~~~~~~~
1 warning generated.
/home/nathan/cbl/src/linux-next/drivers/net/ethernet/qlogic/qed/qed_vf.c:63:67: warning: parameter 'resp_size' set but not used [-Wunused-but-set-parameter]
   63 | static int qed_send_msg2pf(struct qed_hwfn *p_hwfn, u8 *done, u32 resp_size)
      |                                                                   ^
1 warning generated.
fs/jffs2/erase.o: warning: objtool: jffs2_erase_pending_blocks() falls through to next function jffs2_free_jeb_node_refs()
/home/nathan/cbl/src/linux-next/drivers/infiniband/ulp/srpt/ib_srpt.c:1811:5: warning: cast from 'void (*)(struct ib_event *, struct srpt_rdma_ch *)' to 'void (*)(struct ib_event *, void *)' converts to incompatible function type [-Wcast-function-type-strict]
 1811 |                 = (void(*)(struct ib_event *, void*))srpt_qp_event;
      |                   ^~~~~~~~~~~~~~~~~~~~~~~~~~~~~~~~~~~~~~~~~~~~~~~~
1 warning generated.
/home/nathan/cbl/src/linux-next/fs/ubifs/find.c:170:9: warning: cast from 'int (*)(struct ubifs_info *, const struct ubifs_lprops *, int, struct scan_data *)' to 'ubifs_lpt_scan_callback' (aka 'int (*)(struct ubifs_info *, const struct ubifs_lprops *, int, void *)') converts to incompatible function type [-Wcast-function-type-strict]
  170 |                                     (ubifs_lpt_scan_callback)scan_for_dirty_cb,
      |                                     ^~~~~~~~~~~~~~~~~~~~~~~~~~~~~~~~~~~~~~~~~~
/home/nathan/cbl/src/linux-next/fs/ubifs/find.c:449:9: warning: cast from 'int (*)(struct ubifs_info *, const struct ubifs_lprops *, int, struct scan_data *)' to 'ubifs_lpt_scan_callback' (aka 'int (*)(struct ubifs_info *, const struct ubifs_lprops *, int, void *)') converts to incompatible function type [-Wcast-function-type-strict]
  449 |                                     (ubifs_lpt_scan_callback)scan_for_free_cb,
      |                                     ^~~~~~~~~~~~~~~~~~~~~~~~~~~~~~~~~~~~~~~~~
/home/nathan/cbl/src/linux-next/fs/ubifs/find.c:629:9: warning: cast from 'int (*)(struct ubifs_info *, const struct ubifs_lprops *, int, struct scan_data *)' to 'ubifs_lpt_scan_callback' (aka 'int (*)(struct ubifs_info *, const struct ubifs_lprops *, int, void *)') converts to incompatible function type [-Wcast-function-type-strict]
  629 |                                     (ubifs_lpt_scan_callback)scan_for_idx_cb,
      |                                     ^~~~~~~~~~~~~~~~~~~~~~~~~~~~~~~~~~~~~~~~
/home/nathan/cbl/src/linux-next/fs/ubifs/find.c:757:7: warning: cast from 'int (*)(const struct ubifs_lprops **, const struct ubifs_lprops **)' to 'int (*)(const void *, const void *)' converts to incompatible function type [-Wcast-function-type-strict]
  757 |              (int (*)(const void *, const void *))cmp_dirty_idx, NULL);
      |              ^~~~~~~~~~~~~~~~~~~~~~~~~~~~~~~~~~~~~~~~~~~~~~~~~~
/home/nathan/cbl/src/linux-next/fs/ubifs/find.c:846:9: warning: cast from 'int (*)(struct ubifs_info *, const struct ubifs_lprops *, int, struct scan_data *)' to 'ubifs_lpt_scan_callback' (aka 'int (*)(struct ubifs_info *, const struct ubifs_lprops *, int, void *)') converts to incompatible function type [-Wcast-function-type-strict]
  846 |                                     (ubifs_lpt_scan_callback)scan_dirty_idx_cb,
      |                                     ^~~~~~~~~~~~~~~~~~~~~~~~~~~~~~~~~~~~~~~~~~
5 warnings generated.
/home/nathan/cbl/src/linux-next/fs/ubifs/lprops.c:1272:9: warning: cast from 'int (*)(struct ubifs_info *, const struct ubifs_lprops *, int, struct ubifs_lp_stats *)' to 'ubifs_lpt_scan_callback' (aka 'int (*)(struct ubifs_info *, const struct ubifs_lprops *, int, void *)') converts to incompatible function type [-Wcast-function-type-strict]
 1272 |                                     (ubifs_lpt_scan_callback)scan_check_cb,
      |                                     ^~~~~~~~~~~~~~~~~~~~~~~~~~~~~~~~~~~~~~
1 warning generated.
/home/nathan/cbl/src/linux-next/drivers/gpu/drm/nouveau/nvkm/subdev/bios/shadow.c:161:10: warning: cast from 'void (*)(const struct firmware *)' to 'void (*)(void *)' converts to incompatible function type [-Wcast-function-type-strict]
  161 |         .fini = (void(*)(void *))release_firmware,
      |                 ^~~~~~~~~~~~~~~~~~~~~~~~~~~~~~~~~
1 warning generated.
drivers/net/ethernet/jme.o: warning: objtool: jme_check_link() falls through to next function jme_powersave_phy()
net/netfilter/ipvs/ip_vs_proto.o: warning: objtool: .init.text: unexpected end of section
/home/nathan/cbl/src/linux-next/fs/ceph/snap.c:372:10: warning: result of comparison of constant 2305843009213693948 with expression of type 'u32' (aka 'unsigned int') is always false [-Wtautological-constant-out-of-range-compare]
  372 |         if (num > (SIZE_MAX - sizeof(*snapc)) / sizeof(u64))
      |             ~~~ ^ ~~~~~~~~~~~~~~~~~~~~~~~~~~~~~~~~~~~~~~~~~
1 warning generated.

[01;32mQEMU location: [0m/usr/sbin[0m

[01;32mQEMU version: [0mQEMU emulator version 8.0.3[0m
[    0.000000] Linux version 6.5.0-rc5-next-20230809-cbl (nathan@dev-arch.m3-large-x86-01) (ClangBuiltLinux clang version 17.0.0 (https://github.com/llvm/llvm-project edc0ee3ccad416ab186202bf928ea64e3a7987b7), ClangBuiltLinux LLD 17.0.0) #1 SMP PREEMPT_DYNAMIC Fri Aug 11 19:56:59 UTC 2023
[    0.000000] Command line: console=ttyS0 earlycon=uart8250,io,0x3f8
[    0.000000] BIOS-provided physical RAM map:
[    0.000000] BIOS-e820: [mem 0x0000000000000000-0x000000000009fbff] usable
[    0.000000] BIOS-e820: [mem 0x000000000009fc00-0x000000000009ffff] reserved
[    0.000000] BIOS-e820: [mem 0x00000000000f0000-0x00000000000fffff] reserved
[    0.000000] BIOS-e820: [mem 0x0000000000100000-0x000000001ffdffff] usable
[    0.000000] BIOS-e820: [mem 0x000000001ffe0000-0x000000001fffffff] reserved
[    0.000000] BIOS-e820: [mem 0x00000000feffc000-0x00000000feffffff] reserved
[    0.000000] BIOS-e820: [mem 0x00000000fffc0000-0x00000000ffffffff] reserved
[    0.000000] BIOS-e820: [mem 0x000000fd00000000-0x000000ffffffffff] reserved
[    0.000000] earlycon: uart8250 at I/O port 0x3f8 (options '')
[    0.000000] printk: bootconsole [uart8250] enabled
[    0.000000] NX (Execute Disable) protection: active
[    0.000000] SMBIOS 2.8 present.
[    0.000000] DMI: QEMU Standard PC (i440FX + PIIX, 1996), BIOS Arch Linux 1.16.2-1-1 04/01/2014
[    0.000000] Hypervisor detected: KVM
[    0.000000] kvm-clock: Using msrs 4b564d01 and 4b564d00
[    0.000000] kvm-clock: using sched offset of 159668728 cycles
[    0.000498] clocksource: kvm-clock: mask: 0xffffffffffffffff max_cycles: 0x1cd42e4dffb, max_idle_ns: 881590591483 ns
[    0.002064] tsc: Detected 2495.312 MHz processor
[    0.002700] last_pfn = 0x1ffe0 max_arch_pfn = 0x400000000
[    0.003271] MTRR map: 4 entries (3 fixed + 1 variable; max 19), built from 8 variable MTRRs
[    0.004120] x86/PAT: Configuration [0-7]: WB  WC  UC- UC  WB  WP  UC- WT  
[    0.007360] found SMP MP-table at [mem 0x000f6e60-0x000f6e6f]
[    0.007936] Using GB pages for direct mapping
[    0.008514] RAMDISK: [mem 0x1fad3000-0x1ffdffff]
[    0.009062] ACPI: Early table checksum verification disabled
[    0.009605] ACPI: RSDP 0x00000000000F6C90 000014 (v00 BOCHS )
[    0.010166] ACPI: RSDT 0x000000001FFE31D1 000034 (v01 BOCHS  BXPC     00000001 BXPC 00000001)
[    0.010989] ACPI: FACP 0x000000001FFE2E8D 000074 (v01 BOCHS  BXPC     00000001 BXPC 00000001)
[    0.011856] ACPI: DSDT 0x000000001FFE0040 002E4D (v01 BOCHS  BXPC     00000001 BXPC 00000001)
[    0.012679] ACPI: FACS 0x000000001FFE0000 000040
[    0.013153] ACPI: APIC 0x000000001FFE2F01 000270 (v01 BOCHS  BXPC     00000001 BXPC 00000001)
[    0.013975] ACPI: HPET 0x000000001FFE3171 000038 (v01 BOCHS  BXPC     00000001 BXPC 00000001)
[    0.014844] ACPI: WAET 0x000000001FFE31A9 000028 (v01 BOCHS  BXPC     00000001 BXPC 00000001)
[    0.015670] ACPI: Reserving FACP table memory at [mem 0x1ffe2e8d-0x1ffe2f00]
[    0.016375] ACPI: Reserving DSDT table memory at [mem 0x1ffe0040-0x1ffe2e8c]
[    0.017053] ACPI: Reserving FACS table memory at [mem 0x1ffe0000-0x1ffe003f]
[    0.017775] ACPI: Reserving APIC table memory at [mem 0x1ffe2f01-0x1ffe3170]
[    0.018450] ACPI: Reserving HPET table memory at [mem 0x1ffe3171-0x1ffe31a8]
[    0.019170] ACPI: Reserving WAET table memory at [mem 0x1ffe31a9-0x1ffe31d0]
[    0.020043] No NUMA configuration found
[    0.020412] Faking a node at [mem 0x0000000000000000-0x000000001ffdffff]
[    0.021105] NODE_DATA(0) allocated [mem 0x1face000-0x1fad2fff]
[    0.021680] Zone ranges:
[    0.021955]   DMA      [mem 0x0000000000001000-0x0000000000ffffff]
[    0.022549]   DMA32    [mem 0x0000000001000000-0x000000001ffdffff]
[    0.023148]   Normal   empty
[    0.023425] Movable zone start for each node
[    0.023887] Early memory node ranges
[    0.024227]   node   0: [mem 0x0000000000001000-0x000000000009efff]
[    0.024875]   node   0: [mem 0x0000000000100000-0x000000001ffdffff]
[    0.025473] Initmem setup node 0 [mem 0x0000000000001000-0x000000001ffdffff]
[    0.026326] On node 0, zone DMA: 1 pages in unavailable ranges
[    0.026346] On node 0, zone DMA: 97 pages in unavailable ranges
[    0.028025] On node 0, zone DMA32: 32 pages in unavailable ranges
[    0.028814] ACPI: PM-Timer IO Port: 0x608
[    0.029846] ACPI: LAPIC_NMI (acpi_id[0xff] dfl dfl lint[0x1])
[    0.030415] IOAPIC[0]: apic_id 0, version 17, address 0xfec00000, GSI 0-23
[    0.031124] ACPI: INT_SRC_OVR (bus 0 bus_irq 0 global_irq 2 dfl dfl)
[    0.031732] ACPI: INT_SRC_OVR (bus 0 bus_irq 5 global_irq 5 high level)
[    0.032374] ACPI: INT_SRC_OVR (bus 0 bus_irq 9 global_irq 9 high level)
[    0.033058] ACPI: INT_SRC_OVR (bus 0 bus_irq 10 global_irq 10 high level)
[    0.033720] ACPI: INT_SRC_OVR (bus 0 bus_irq 11 global_irq 11 high level)
[    0.034402] ACPI: Using ACPI (MADT) for SMP configuration information
[    0.035023] ACPI: HPET id: 0x8086a201 base: 0xfed00000
[    0.035515] TSC deadline timer available
[    0.035900] smpboot: Allowing 64 CPUs, 0 hotplug CPUs
[    0.036395] kvm-guest: KVM setup pv remote TLB flush
[    0.036918] kvm-guest: setup PV sched yield
[    0.037322] PM: hibernation: Registered nosave memory: [mem 0x00000000-0x00000fff]
[    0.038054] PM: hibernation: Registered nosave memory: [mem 0x0009f000-0x0009ffff]
[    0.038833] PM: hibernation: Registered nosave memory: [mem 0x000a0000-0x000effff]
[    0.039554] PM: hibernation: Registered nosave memory: [mem 0x000f0000-0x000fffff]
[    0.040322] [mem 0x20000000-0xfeffbfff] available for PCI devices
[    0.040908] Booting paravirtualized kernel on KVM
[    0.041359] clocksource: refined-jiffies: mask: 0xffffffff max_cycles: 0xffffffff, max_idle_ns: 1910969940391419 ns
[    0.042410] setup_percpu: NR_CPUS:256 nr_cpumask_bits:64 nr_cpu_ids:64 nr_node_ids:1
[    0.045690] percpu: Embedded 47 pages/cpu s155048 r8192 d29272 u262144
[    0.046443] Kernel command line: console=ttyS0 earlycon=uart8250,io,0x3f8
[    0.047171] random: crng init done
[    0.047506] printk: log_buf_len individual max cpu contribution: 4096 bytes
[    0.048229] printk: log_buf_len total cpu_extra contributions: 258048 bytes
[    0.048938] printk: log_buf_len min size: 262144 bytes
[    0.049789] printk: log_buf_len: 524288 bytes
[    0.050219] printk: early log buf free: 255856(97%)
[    0.050901] Dentry cache hash table entries: 65536 (order: 7, 524288 bytes, linear)
[    0.051686] Inode-cache hash table entries: 32768 (order: 6, 262144 bytes, linear)
[    0.052860] Fallback order for Node 0: 0 
[    0.052872] Built 1 zonelists, mobility grouping on.  Total pages: 128736
[    0.053939] Policy zone: DMA32
[    0.054240] mem auto-init: stack:off, heap alloc:on, heap free:off
[    0.056013] Memory: 473308K/523768K available (12288K kernel code, 1484K rwdata, 2320K rodata, 1428K init, 1044K bss, 50200K reserved, 0K cma-reserved)
[    0.057588] SLUB: HWalign=64, Order=0-3, MinObjects=0, CPUs=64, Nodes=1
[    0.058327] Dynamic Preempt: full
[    0.058980] rcu: Preemptible hierarchical RCU implementation.
[    0.059540] rcu: 	RCU restricting CPUs from NR_CPUS=256 to nr_cpu_ids=64.
[    0.060239] 	Trampoline variant of Tasks RCU enabled.
[    0.060727] 	Tracing variant of Tasks RCU enabled.
[    0.061204] rcu: RCU calculated value of scheduler-enlistment delay is 100 jiffies.
[    0.061954] rcu: Adjusting geometry for rcu_fanout_leaf=16, nr_cpu_ids=64
[    0.062648] NR_IRQS: 16640, nr_irqs: 936, preallocated irqs: 16
[    0.063441] rcu: srcu_init: Setting srcu_struct sizes based on contention.
[    0.064294] Console: colour *CGA 80x25
[    0.064683] printk: console [ttyS0] enabled
[    0.064683] printk: console [ttyS0] enabled
[    0.065507] printk: bootconsole [uart8250] disabled
[    0.065507] printk: bootconsole [uart8250] disabled
[    0.066545] ACPI: Core revision 20230628
[    0.067091] clocksource: hpet: mask: 0xffffffff max_cycles: 0xffffffff, max_idle_ns: 19112604467 ns
[    0.068062] APIC: Switch to symmetric I/O mode setup
[    0.068766] x2apic enabled
[    0.069250] Switched APIC routing to physical x2apic.
[    0.069784] kvm-guest: setup PV IPIs
[    0.071153] ..TIMER: vector=0x30 apic1=0 pin1=2 apic2=-1 pin2=-1
[    0.072251] tsc: Marking TSC unstable due to TSCs unsynchronized
[    0.073334] Calibrating delay loop (skipped) preset value.. 4990.62 BogoMIPS (lpj=2495312)
[    0.074522] x86/cpu: User Mode Instruction Prevention (UMIP) activated
[    0.075417] Last level iTLB entries: 4KB 512, 2MB 255, 4MB 127
[    0.076332] Last level dTLB entries: 4KB 512, 2MB 255, 4MB 127, 1GB 0
[    0.077336] Spectre V1 : Mitigation: usercopy/swapgs barriers and __user pointer sanitization
[    0.078333] Spectre V2 : Mitigation: Retpolines
[    0.079166] Spectre V2 : Spectre v2 / SpectreRSB mitigation: Filling RSB on context switch
[    0.079332] Spectre V2 : Spectre v2 / SpectreRSB : Filling RSB on VMEXIT
[    0.080332] Spectre V2 : Enabling Speculation Barrier for firmware calls
[    0.081332] RETBleed: Mitigation: IBPB
[    0.082334] Spectre V2 : mitigation: Enabling conditional Indirect Branch Prediction Barrier
[    0.083333] Speculative Store Bypass: Mitigation: Speculative Store Bypass disabled via prctl
[    0.084333] Speculative Return Stack Overflow: Retbleed IBPB mitigation enabled, using same for SRSO
[    0.085346] x86/fpu: Supporting XSAVE feature 0x001: 'x87 floating point registers'
[    0.086332] x86/fpu: Supporting XSAVE feature 0x002: 'SSE registers'
[    0.087332] x86/fpu: Supporting XSAVE feature 0x004: 'AVX registers'
[    0.088333] x86/fpu: xstate_offset[2]:  576, xstate_sizes[2]:  256
[    0.089333] x86/fpu: Enabled xstate features 0x7, context size is 832 bytes, using 'compacted' format.
[    0.093673] Freeing SMP alternatives memory: 36K
[    0.094333] pid_max: default: 65536 minimum: 512
[    0.095381] LSM: initializing lsm=capability,lockdown
[    0.096362] Mount-cache hash table entries: 1024 (order: 1, 8192 bytes, linear)
[    0.097333] Mountpoint-cache hash table entries: 1024 (order: 1, 8192 bytes, linear)
[    0.098617] smpboot: CPU0: AMD EPYC 7502P 32-Core Processor (family: 0x17, model: 0x31, stepping: 0x0)
[    0.099434] RCU Tasks: Setting shift to 6 and lim to 1 rcu_task_cb_adjust=1.
[    0.100355] RCU Tasks Trace: Setting shift to 6 and lim to 1 rcu_task_cb_adjust=1.
[    0.101348] Performance Events: Fam17h+ core perfctr, AMD PMU driver.
[    0.102336] ... version:                0
[    0.103063] ... bit width:              48
[    0.103334] ... generic registers:      6
[    0.104021] ... value mask:             0000ffffffffffff
[    0.104334] ... max period:             00007fffffffffff
[    0.105284] ... fixed-purpose events:   0
[    0.105334] ... event mask:             000000000000003f
[    0.106330] signal: max sigframe size: 1776
[    0.107063] rcu: Hierarchical SRCU implementation.
[    0.107334] rcu: 	Max phase no-delay instances is 400.
[    0.108527] smp: Bringing up secondary CPUs ...
[    0.109399] smpboot: x86: Booting SMP configuration:
[    0.110278] .... node  #0, CPUs:        #1  #2  #3  #4  #5  #6  #7  #8  #9 #10 #11 #12 #13 #14 #15 #16 #17 #18 #19 #20 #21 #22 #23 #24 #25 #26 #27 #28 #29 #30 #31 #32 #33 #34 #35 #36 #37 #38 #39 #40 #41 #42 #43 #44 #45 #46 #47 #48 #49 #50 #51 #52 #53 #54 #55 #56 #57 #58 #59 #60 #61 #62 #63
[    0.153593] smp: Brought up 1 node, 64 CPUs
[    0.155048] smpboot: Max logical packages: 1
[    0.155344] smpboot: Total of 64 processors activated (319399.93 BogoMIPS)
[    0.158674] devtmpfs: initialized
[    0.159539] clocksource: jiffies: mask: 0xffffffff max_cycles: 0xffffffff, max_idle_ns: 1911260446275000 ns
[    0.160403] futex hash table entries: 16384 (order: 8, 1048576 bytes, linear)
[    0.161429] pinctrl core: initialized pinctrl subsystem
[    0.163234] NET: Registered PF_NETLINK/PF_ROUTE protocol family
[    0.163416] audit: initializing netlink subsys (disabled)
[    0.164378] audit: type=2000 audit(1691783841.067:1): state=initialized audit_enabled=0 res=1
[    0.164428] thermal_sys: Registered thermal governor 'fair_share'
[    0.165336] thermal_sys: Registered thermal governor 'bang_bang'
[    0.166334] thermal_sys: Registered thermal governor 'step_wise'
[    0.167334] thermal_sys: Registered thermal governor 'user_space'
[    0.168386] cpuidle: using governor ladder
[    0.170093] cpuidle: using governor menu
[    0.171580] acpiphp: ACPI Hot Plug PCI Controller Driver version: 0.5
[    0.172443] PCI: Using configuration type 1 for base access
[    0.173334] PCI: Using configuration type 1 for extended access
[    0.175770] ACPI: Added _OSI(Module Device)
[    0.176335] ACPI: Added _OSI(Processor Device)
[    0.177093] ACPI: Added _OSI(3.0 _SCP Extensions)
[    0.177335] ACPI: Added _OSI(Processor Aggregator Device)
[    0.179025] ACPI: 1 ACPI AML tables successfully acquired and loaded
[    0.179954] ACPI: _OSC evaluation for CPUs failed, trying _PDC
[    0.180532] ACPI: Interpreter enabled
[    0.181207] ACPI: PM: (supports S0 S3 S4 S5)
[    0.181335] ACPI: Using IOAPIC for interrupt routing
[    0.182200] PCI: Using host bridge windows from ACPI; if necessary, use "pci=nocrs" and report a bug
[    0.182334] PCI: Using E820 reservations for host bridge windows
[    0.183447] ACPI: Enabled 2 GPEs in block 00 to 0F
[    0.187428] ACPI: PCI Root Bridge [PCI0] (domain 0000 [bus 00-ff])
[    0.188338] acpi PNP0A03:00: _OSC: OS supports [ExtendedConfig ASPM ClockPM Segments MSI HPX-Type3]
[    0.189576] acpiphp: Slot [2] registered
[    0.190314] acpiphp: Slot [3] registered
[    0.190347] acpiphp: Slot [4] registered
[    0.191052] acpiphp: Slot [5] registered
[    0.191345] acpiphp: Slot [6] registered
[    0.192083] acpiphp: Slot [7] registered
[    0.192346] acpiphp: Slot [8] registered
[    0.193053] acpiphp: Slot [9] registered
[    0.193347] acpiphp: Slot [10] registered
[    0.194103] acpiphp: Slot [11] registered
[    0.194348] acpiphp: Slot [12] registered
[    0.195056] acpiphp: Slot [13] registered
[    0.195345] acpiphp: Slot [14] registered
[    0.196104] acpiphp: Slot [15] registered
[    0.196347] acpiphp: Slot [16] registered
[    0.197055] acpiphp: Slot [17] registered
[    0.197346] acpiphp: Slot [18] registered
[    0.198101] acpiphp: Slot [19] registered
[    0.198346] acpiphp: Slot [20] registered
[    0.199083] acpiphp: Slot [21] registered
[    0.199347] acpiphp: Slot [22] registered
[    0.200079] acpiphp: Slot [23] registered
[    0.200345] acpiphp: Slot [24] registered
[    0.201080] acpiphp: Slot [25] registered
[    0.201348] acpiphp: Slot [26] registered
[    0.202069] acpiphp: Slot [27] registered
[    0.202345] acpiphp: Slot [28] registered
[    0.203065] acpiphp: Slot [29] registered
[    0.203347] acpiphp: Slot [30] registered
[    0.204063] acpiphp: Slot [31] registered
[    0.204341] PCI host bridge to bus 0000:00
[    0.205081] pci_bus 0000:00: root bus resource [io  0x0000-0x0cf7 window]
[    0.205335] pci_bus 0000:00: root bus resource [io  0x0d00-0xffff window]
[    0.206334] pci_bus 0000:00: root bus resource [mem 0x000a0000-0x000bffff window]
[    0.207335] pci_bus 0000:00: root bus resource [mem 0x20000000-0xfebfffff window]
[    0.208334] pci_bus 0000:00: root bus resource [mem 0x100000000-0x17fffffff window]
[    0.209335] pci_bus 0000:00: root bus resource [bus 00-ff]
[    0.210424] pci 0000:00:00.0: [8086:1237] type 00 class 0x060000
[    0.211684] pci 0000:00:01.0: [8086:7000] type 00 class 0x060100
[    0.212767] pci 0000:00:01.1: [8086:7010] type 00 class 0x010180
[    0.214628] pci 0000:00:01.1: reg 0x20: [io  0xc000-0xc00f]
[    0.216073] pci 0000:00:01.1: legacy IDE quirk: reg 0x10: [io  0x01f0-0x01f7]
[    0.216335] pci 0000:00:01.1: legacy IDE quirk: reg 0x14: [io  0x03f6]
[    0.217334] pci 0000:00:01.1: legacy IDE quirk: reg 0x18: [io  0x0170-0x0177]
[    0.218334] pci 0000:00:01.1: legacy IDE quirk: reg 0x1c: [io  0x0376]
[    0.219456] pci 0000:00:01.3: [8086:7113] type 00 class 0x068000
[    0.220684] pci 0000:00:01.3: quirk: [io  0x0600-0x063f] claimed by PIIX4 ACPI
[    0.221341] pci 0000:00:01.3: quirk: [io  0x0700-0x070f] claimed by PIIX4 SMB
[    0.222789] ACPI: PCI: Interrupt link LNKA configured for IRQ 10
[    0.223465] ACPI: PCI: Interrupt link LNKB configured for IRQ 10
[    0.224453] ACPI: PCI: Interrupt link LNKC configured for IRQ 11
[    0.225456] ACPI: PCI: Interrupt link LNKD configured for IRQ 11
[    0.226423] ACPI: PCI: Interrupt link LNKS configured for IRQ 9
[    0.228935] iommu: Default domain type: Translated
[    0.229335] iommu: DMA domain TLB invalidation policy: strict mode
[    0.230410] pps_core: LinuxPPS API ver. 1 registered
[    0.231297] pps_core: Software ver. 5.3.6 - Copyright 2005-2007 Rodolfo Giometti <giometti@linux.it>
[    0.231338] PTP clock support registered
[    0.232061] EDAC MC: Ver: 3.0.0
[    0.232479] PCI: Using ACPI for IRQ routing
[    0.233396] vgaarb: loaded
[    0.233832] hpet0: at MMIO 0xfed00000, IRQs 2, 8, 0
[    0.234335] hpet0: 3 comparators, 64-bit 100.000000 MHz counter
[    0.240280] clocksource: Switched to clocksource kvm-clock
[    0.240739] VFS: Disk quotas dquot_6.6.0
[    0.241513] VFS: Dquot-cache hash table entries: 512 (order 0, 4096 bytes)
[    0.242769] pnp: PnP ACPI init
[    0.243494] pnp: PnP ACPI: found 5 devices
[    0.250862] clocksource: acpi_pm: mask: 0xffffff max_cycles: 0xffffff, max_idle_ns: 2085701024 ns
[    0.252511] NET: Registered PF_INET protocol family
[    0.253420] IP idents hash table entries: 8192 (order: 4, 65536 bytes, linear)
[    0.254953] tcp_listen_portaddr_hash hash table entries: 256 (order: 0, 4096 bytes, linear)
[    0.256449] Table-perturb hash table entries: 65536 (order: 6, 262144 bytes, linear)
[    0.257843] TCP established hash table entries: 4096 (order: 3, 32768 bytes, linear)
[    0.259248] TCP bind hash table entries: 4096 (order: 5, 131072 bytes, linear)
[    0.260542] TCP: Hash tables configured (established 4096 bind 4096)
[    0.261784] MPTCP token hash table entries: 512 (order: 1, 12288 bytes, linear)
[    0.263107] UDP hash table entries: 256 (order: 1, 8192 bytes, linear)
[    0.264274] UDP-Lite hash table entries: 256 (order: 1, 8192 bytes, linear)
[    0.265607] NET: Registered PF_UNIX/PF_LOCAL protocol family
[    0.266650] NET: Registered PF_XDP protocol family
[    0.267517] pci_bus 0000:00: resource 4 [io  0x0000-0x0cf7 window]
[    0.268623] pci_bus 0000:00: resource 5 [io  0x0d00-0xffff window]
[    0.269685] pci_bus 0000:00: resource 6 [mem 0x000a0000-0x000bffff window]
[    0.270868] pci_bus 0000:00: resource 7 [mem 0x20000000-0xfebfffff window]
[    0.272047] pci_bus 0000:00: resource 8 [mem 0x100000000-0x17fffffff window]
[    0.273306] pci 0000:00:01.0: PIIX3: Enabling Passive Release
[    0.274309] pci 0000:00:00.0: Limiting direct PCI/PCI transfers
[    0.275352] PCI: CLS 0 bytes, default 64
[    0.276071] Trying to unpack rootfs image as initramfs...
[    0.277490] Initialise system trusted keyrings
[    0.278509] workingset: timestamp_bits=40 max_order=17 bucket_order=0
[    0.279696] zbud: loaded
[    0.280219] Key type asymmetric registered
[    0.280898] Freeing initrd memory: 5172K
[    0.280975] Asymmetric key parser 'x509' registered
[    0.283391] Block layer SCSI generic (bsg) driver version 0.4 loaded (major 246)
[    0.286689] shpchp: Standard Hot Plug PCI Controller Driver version: 0.4
[    0.290418] ERST DBG: ERST support is disabled.
[    0.291382] Serial: 8250/16550 driver, 4 ports, IRQ sharing enabled
[    0.292685] 00:03: ttyS0 at I/O 0x3f8 (irq = 4, base_baud = 115200) is a 16550A
[    0.300876] i8042: PNP: PS/2 Controller [PNP0303:KBD,PNP0f13:MOU] at 0x60,0x64 irq 1,12
[    0.303138] serio: i8042 KBD port at 0x60,0x64 irq 1
[    0.304053] serio: i8042 AUX port at 0x60,0x64 irq 12
[    0.305052] rtc_cmos 00:04: RTC can wake from S4
[    0.306544] input: AT Translated Set 2 keyboard as /devices/platform/i8042/serio0/input/input0
[    0.308451] rtc_cmos 00:04: registered as rtc0
[    0.309370] rtc_cmos 00:04: setting system clock to 2023-08-11T19:57:20 UTC (1691783840)
[    0.310787] rtc_cmos 00:04: alarms up to one day, y3k, 242 bytes nvram, hpet irqs
[    0.312051] amd_pstate: the _CPC object is not present in SBIOS or ACPI disabled
[    0.313509] gre: GRE over IPv4 demultiplexor driver
[    0.314387] NET: Registered PF_INET6 protocol family
[    0.318198] Segment Routing with IPv6
[    0.318835] In-situ OAM (IOAM) with IPv6
[    0.319618] Key type dns_resolver registered
[    0.324596] IPI shorthand broadcast: enabled
[    0.327087] sched_clock: Marking stable (321002710, 5168192)->(376861370, -50690468)
[    0.328778] registered taskstats version 1
[    0.329852] Loading compiled-in X.509 certificates
[    0.332451] Loaded X.509 cert 'Build time autogenerated kernel key: 350399610cc880365410b08518c113fce29daaa1'
[    0.336334] zswap: loaded using pool lzo/zbud
[    0.338266] Key type .fscrypt registered
[    0.338928] Key type fscrypt-provisioning registered
[    0.339891] clk: Disabling unused clocks
[    0.341674] Freeing unused kernel image (initmem) memory: 1428K
[    0.353193] Write protecting the kernel read-only data: 16384k
[    0.354818] Freeing unused kernel image (rodata/data gap) memory: 1776K
[    0.355751] Run /init as init process
Starting syslogd: OK
Starting klogd: OK
Running sysctl: OK
Saving 256 bits of creditable seed for next boot
Starting network: OK
Linux version 6.5.0-rc5-next-20230809-cbl (nathan@dev-arch.m3-large-x86-01) (ClangBuiltLinux clang version 17.0.0 (https://github.com/llvm/llvm-project edc0ee3ccad416ab186202bf928ea64e3a7987b7), ClangBuiltLinux LLD 17.0.0) #1 SMP PREEMPT_DYNAMIC Fri Aug 11 19:56:59 UTC 2023
Stopping network: OK
Seeding 256 bits and crediting
Saving 256 bits of creditable seed for next boot
Stopping klogd: OK
Stopping syslogd: OK
umount: devtmpfs busy - remounted read-only
umount: can't unmount /: Invalid argument

The system is going down NOW!

Sent SIGTERM to all processes

Sent SIGKILL to all processes

Requesting system poweroff
[    2.425692] ACPI: PM: Preparing to enter system sleep state S5
[    2.426628] reboot: Power down
$ timeout --foreground 3m stdbuf -eL -oL /usr/sbin/qemu-system-x86_64 -display none -nodefaults -d unimp,guest_errors -append 'console=ttyS0 earlycon=uart8250,io,0x3f8' -kernel /home/nathan/tmp/build/cbl_lkt/linux-next/x86_64/arch/x86/boot/bzImage -initrd /home/nathan/cbl/llvm-kernel-testing/src/boot-utils/images/x86_64/rootfs.cpio -cpu host -enable-kvm -m 512m -smp 64 -serial mon:stdio
